I/ActivityManager(   61): Starting: Intent { cmp=cn.wps.moffice_eng/cn.wps.moffice.writer.Writer1 (has extras) } from pid 336
D/dalvikvm(  336): GC_EXTERNAL_ALLOC freed 617K, 50% free 3304K/6535K, external 2131K/2137K, paused 75ms
D/dalvikvm(  336): GC_EXTERNAL_ALLOC freed 41K, 50% free 3316K/6535K, external 2657K/2675K, paused 43ms
D/dalvikvm(  336): GC_EXTERNAL_ALLOC freed 50K, 48% free 3418K/6535K, external 3330K/3332K, paused 47ms
D/dalvikvm(  336): GetFieldID: unable to find field Ljava/util/HashMap;.loadFactor:F
D/dalvikvm(  336): GetFieldID: unable to find field Ljava/util/HashMap;.loadFactor:F
I/dalvikvm(  336): Failed resolving Lcn/wps/moffice/common/beans/k$1; interface 540 'Landroid/nfc/NfcAdapter$OnNdefPushCompleteCallback;'
W/dalvikvm(  336): Link of class 'Lcn/wps/moffice/common/beans/k$1;' failed
E/dalvikvm(  336): Could not find class 'cn.wps.moffice.common.beans.k$1', referenced from method cn.wps.moffice.common.beans.k.<init>
W/dalvikvm(  336): VFY: unable to resolve new-instance 1597 (Lcn/wps/moffice/common/beans/k$1;) in Lcn/wps/moffice/common/beans/k;
D/dalvikvm(  336): VFY: replacing opcode 0x22 at 0x0039
I/dalvikvm(  336): Failed resolving Lcn/wps/moffice/common/beans/k$3; interface 538 'Landroid/nfc/NfcAdapter$CreateBeamUrisCallback;'
W/dalvikvm(  336): Link of class 'Lcn/wps/moffice/common/beans/k$3;' failed
E/dalvikvm(  336): Could not find class 'cn.wps.moffice.common.beans.k$3', referenced from method cn.wps.moffice.common.beans.k.<init>
W/dalvikvm(  336): VFY: unable to resolve new-instance 1599 (Lcn/wps/moffice/common/beans/k$3;) in Lcn/wps/moffice/common/beans/k;
D/dalvikvm(  336): VFY: replacing opcode 0x22 at 0x0070
D/dalvikvm(  336): VFY: dead code 0x003b-005c in Lcn/wps/moffice/common/beans/k;.<init> (Landroid/app/Activity;)V
D/dalvikvm(  336): VFY: dead code 0x0072-0079 in Lcn/wps/moffice/common/beans/k;.<init> (Landroid/app/Activity;)V
D/water   (  336): packageName: cn.wps.moffice_eng
W/ActivityManager(   61): finishReceiver called but no pending broadcasts
D/dalvikvm(  336): GetFieldID: unable to find field Ljava/util/HashMap;.loadFactor:F
D/dalvikvm(  336): GetFieldID: unable to find field Ljava/util/HashMap;.loadFactor:F
D/dalvikvm(  336): GetFieldID: unable to find field Ljava/util/HashMap;.loadFactor:F
D/dalvikvm(  336): GC_CONCURRENT freed 504K, 47% free 3617K/6727K, external 3627K/4173K, paused 5ms+4ms
D/dalvikvm(  336): GetFieldID: unable to find field Ljava/util/HashMap;.loadFactor:F
D/dalvikvm(  336): GetFieldID: unable to find field Ljava/util/HashMap;.loadFactor:F
I/ActivityManager(   61): Displayed cn.wps.moffice_eng/cn.wps.moffice.writer.Writer1: +2s404ms (total +3s338ms)
W/InputManagerService(   61): Starting input on non-focused client com.android.internal.view.IInputMethodClient$Stub$Proxy@40763a90 (uid=10034 pid=311)
D/dalvikvm(   61): GREF has increased to 401
D/dalvikvm(  336): GC_CONCURRENT freed 1156K, 49% free 4047K/7815K, external 3967K/4173K, paused 4ms+4ms
I/dalvikvm(  336): Jit: resizing JitTable from 512 to 1024
E/global  (  311): Deprecated Thread methods are not supported.
E/global  (  311): java.lang.UnsupportedOperationException
E/global  (  311): 	at java.lang.VMThread.stop(VMThread.java:85)
E/global  (  311): 	at java.lang.Thread.stop(Thread.java:1280)
E/global  (  311): 	at java.lang.Thread.stop(Thread.java:1247)
E/global  (  311): 	at cn.wps.moffice.documentmanager.DocumentManager$a.dS(Unknown Source)
E/global  (  311): 	at cn.wps.moffice.documentmanager.DocumentManager$e$a.run(Unknown Source)
D/inject  (  370): [+] The pid of system_server: 311
D/inject  (  370): [+] Injecting process: 311
D/inject  (  370): [+] get_remote_addr: local[afd00000], remote[afd00000]
D/inject  (  370): [+] Remote mmap address: afd170cd
D/inject  (  370): [+] Calling mmap in target process.
D/inject  (  370): [+] Target process returned from mmap, return value=44705000, pc=0 
D/inject  (  370): [+] get_remote_addr: local[b0001000], remote[b0001000]
D/inject  (  370): [+] get_remote_addr: local[b0001000], remote[b0001000]
D/inject  (  370): [+] get_remote_addr: local[b0001000], remote[b0001000]
D/inject  (  370): [+] Get imports: dlopen: b00059bd, dlsym: b0005915, dlclose: b0005849
D/inject  (  370): [+] Inject code start: c008, end: c084
D/inject  (  370): [+] _dlopen_param1_s: 44708c9c
D/inject  (  370): [+] _dlsym_param2_s: 44708d9c
D/inject  (  370): [+] _saved_r0_pc_s: 44708e9c
D/inject  (  370): [+] _inject_function_param_s: 44708f9c
D/inject  (  370): [+] Remote shellcode address: 44708c00
D/inject  (  311): Hello ARM! I'm parameter1324! pid:311
D/inject  (  311): The Handle of libhook_open: b000d2b0
D/inject  (  311): find it pre 0
D/inject  (  311): find it 80601078
D/inject  (  311): [+] aaaaaaa do_hook function is invoked 
D/inject  (  311): [+] open addr: 0xafd17111. New addr 0x80600f60
D/inject  (  311): [+] just for test 
D/inject  (  311): [+] set ok 
D/inject  (  311): [+] Get the persist.sys.test  0
D/inject  (  311): [+] just for test print open address 44708ad8
D/inject  (  311): get old address
D/inject  (  370): [+] Process Detach: 10
D/inject  (  311): get old address
D/inject  (  311): get old address
D/inject  (  311): get old address
D/dalvikvm(  336): GC_EXTERNAL_ALLOC freed 809K, 45% free 4346K/7815K, external 4034K/4173K, paused 76ms
D/inject  (  311): get old address
D/dalvikvm(  336): GetFieldID: unable to find field Ljava/util/HashMap;.loadFactor:F
D/dalvikvm(  311): DexOpt: --- BEGIN 'dex_spreadsheet.jar' (bootstrap=0) ---
D/inject  (  311): get old address
D/inject  (  311): get old address
E/global  (  311): Deprecated Thread methods are not supported.
E/global  (  311): java.lang.UnsupportedOperationException
E/global  (  311): 	at java.lang.VMThread.stop(VMThread.java:85)
E/global  (  311): 	at java.lang.Thread.stop(Thread.java:1280)
E/global  (  311): 	at java.lang.Thread.stop(Thread.java:1247)
E/global  (  311): 	at cn.wps.moffice.documentmanager.DocumentManager$a.dS(Unknown Source)
E/global  (  311): 	at cn.wps.moffice.documentmanager.DocumentManager$d$a.run(Unknown Source)
I/dalvikvm(  336): Jit: resizing JitTable from 1024 to 2048
E/global  (  311): Deprecated Thread methods are not supported.
E/global  (  311): java.lang.UnsupportedOperationException
E/global  (  311): 	at java.lang.VMThread.stop(VMThread.java:85)
E/global  (  311): 	at java.lang.Thread.stop(Thread.java:1280)
E/global  (  311): 	at java.lang.Thread.stop(Thread.java:1247)
E/global  (  311): 	at cn.wps.moffice.documentmanager.DocumentManager$a.dS(Unknown Source)
E/global  (  311): 	at cn.wps.moffice.documentmanager.DocumentManager$e$a.run(Unknown Source)
E/        (  311): IOException
E/        (  311): java.io.IOException: unable to open DEX file
E/        (  311): 	at dalvik.system.DexFile.openDexFile(Native Method)
E/        (  311): 	at dalvik.system.DexFile.<init>(DexFile.java:103)
E/        (  311): 	at dalvik.system.DexFile.loadDex(DexFile.java:142)
E/        (  311): 	at cn.wps.moffice.common.beans.ActivityController.e(Unknown Source)
E/        (  311): 	at dpl.cG(Unknown Source)
E/        (  311): 	at cn.wps.moffice.documentmanager.DocumentManager$f$a.run(Unknown Source)
D/dalvikvm(  336): GC_EXTERNAL_ALLOC freed 718K, 47% free 4378K/8135K, external 5280K/6594K, paused 74ms
D/inject  (  311): get old address
D/inject  (  311): get old address
D/dalvikvm(  311): DexOpt: --- BEGIN 'dex_spreadsheet.jar' (bootstrap=0) ---
