I/dalvikvm(  488): Failed resolving Lcn/wps/moffice/common/beans/k$3; interface 538 'Landroid/nfc/NfcAdapter$CreateBeamUrisCallback;'
W/dalvikvm(  488): Link of class 'Lcn/wps/moffice/common/beans/k$3;' failed
E/dalvikvm(  488): Could not find class 'cn.wps.moffice.common.beans.k$3', referenced from method cn.wps.moffice.common.beans.k.<init>
W/dalvikvm(  488): VFY: unable to resolve new-instance 1599 (Lcn/wps/moffice/common/beans/k$3;) in Lcn/wps/moffice/common/beans/k;
D/dalvikvm(  488): VFY: replacing opcode 0x22 at 0x0070
D/dalvikvm(  488): VFY: dead code 0x003b-005c in Lcn/wps/moffice/common/beans/k;.<init> (Landroid/app/Activity;)V
D/dalvikvm(  488): VFY: dead code 0x0072-0079 in Lcn/wps/moffice/common/beans/k;.<init> (Landroid/app/Activity;)V
D/water   (  488): packageName: cn.wps.moffice_eng
I/dalvikvm(  454): Jit: resizing JitTable from 512 to 1024
D/dalvikvm(  488): GetFieldID: unable to find field Ljava/util/HashMap;.loadFactor:F
D/dalvikvm(  488): GetFieldID: unable to find field Ljava/util/HashMap;.loadFactor:F
D/dalvikvm(  488): GC_CONCURRENT freed 479K, 46% free 3642K/6727K, external 3627K/4173K, paused 5ms+5ms
D/dalvikvm(  488): GetFieldID: unable to find field Ljava/util/HashMap;.loadFactor:F
D/dalvikvm(  488): GetFieldID: unable to find field Ljava/util/HashMap;.loadFactor:F
D/dalvikvm(  488): GC_EXTERNAL_ALLOC freed 767K, 48% free 3791K/7175K, external 3630K/4173K, paused 65ms
D/dalvikvm(  488): GetFieldID: unable to find field Ljava/util/HashMap;.loadFactor:F
I/ActivityManager(   61): Displayed cn.wps.moffice_eng/cn.wps.moffice.writer.Writer1: +2s689ms (total +3s565ms)
D/dalvikvm(  488): GC_EXTERNAL_ALLOC freed 567K, 46% free 3971K/7303K, external 4979K/6132K, paused 69ms
D/dalvikvm(  488): GC_EXTERNAL_ALLOC freed 31K, 46% free 3962K/7303K, external 6604K/8246K, paused 55ms
D/dalvikvm(  488): GetFieldID: unable to find field Ljava/util/HashMap;.loadFactor:F
D/dalvikvm(  488): GetFieldID: unable to find field Ljava/util/HashMap;.loadFactor:F
D/dalvikvm(  488): GC_EXTERNAL_ALLOC freed 207K, 46% free 3999K/7303K, external 10209K/10296K, paused 111ms
D/dalvikvm(  454): GC_EXTERNAL_ALLOC freed 703K, 45% free 4160K/7495K, external 4368K/5455K, paused 160ms
D/dalvikvm(  454): GC_EXTERNAL_ALLOC freed 314K, 48% free 3934K/7495K, external 5536K/5954K, paused 75ms
D/dalvikvm(  127): GC_EXPLICIT freed 60K, 51% free 2945K/5895K, external 6033K/7482K, paused 41ms
D/dalvikvm(  186): GC_EXPLICIT freed 203K, 50% free 3079K/6087K, external 3198K/3361K, paused 101ms
D/dalvikvm(  244): GC_EXPLICIT freed 183K, 57% free 2726K/6215K, external 2156K/2692K, paused 59ms
W/KeyCharacterMap(  488): No keyboard for id 0
W/KeyCharacterMap(  488): Using default keymap: /system/usr/keychars/qwerty.kcm.bin
D/dalvikvm(  488): GC_EXTERNAL_ALLOC freed 232K, 45% free 4045K/7303K, external 10819K/11586K, paused 55ms
D/dalvikvm(  454): GC_EXTERNAL_ALLOC freed 195K, 48% free 3968K/7495K, external 4982K/6222K, paused 190ms
I/ActivityManager(   61): Starting: Intent { cmp=cn.wps.moffice_eng/cn.wps.moffice.documentmanager.DocumentManager } from pid 488
D/dalvikvm(  454): GC_EXTERNAL_ALLOC freed 143K, 48% free 3938K/7495K, external 5536K/5954K, paused 88ms
D/dalvikvm(  454): GetFieldID: unable to find field Ljava/util/HashMap;.loadFactor:F
D/dalvikvm(  454): GetFieldID: unable to find field Ljava/util/HashMap;.loadFactor:F
D/dalvikvm(  454): GetFieldID: unable to find field Ljava/util/HashMap;.loadFactor:F
D/dalvikvm(  454): GetFieldID: unable to find field Ljava/util/HashMap;.loadFactor:F
D/dalvikvm(  454): GetFieldID: unable to find field Ljava/util/HashMap;.loadFactor:F
D/dalvikvm(  454): GetFieldID: unable to find field Ljava/util/HashMap;.loadFactor:F
D/dalvikvm(  454): GetFieldID: unable to find field Ljava/util/HashMap;.loadFactor:F
D/dalvikvm(  454): GetFieldID: unable to find field Ljava/util/HashMap;.loadFactor:F
D/dalvikvm(  454): GetFieldID: unable to find field Ljava/util/HashMap;.loadFactor:F
D/dalvikvm(  454): GC_EXTERNAL_ALLOC freed 262K, 47% free 3990K/7495K, external 4982K/6222K, paused 61ms
D/dalvikvm(  454): GC_EXTERNAL_ALLOC freed 118K, 48% free 3960K/7495K, external 5536K/5954K, paused 49ms
W/IInputConnectionWrapper(  488): showStatusIcon on inactive InputConnection
W/KeyCharacterMap(  454): No keyboard for id 0
W/KeyCharacterMap(  454): Using default keymap: /system/usr/keychars/qwerty.kcm.bin
I/System.out(  454): flushRecord:f88f681f-f3cd-41aa-ae9b-7557bba0320e
D/dalvikvm(  454): GetFieldID: unable to find field Ljava/util/HashMap;.loadFactor:F
I/ActivityManager(   61): Starting: Intent { act=android.intent.action.MAIN cat=[android.intent.category.HOME] cmp=com.android.launcher/com.android.launcher2.Launcher } from pid 454
W/InputManagerService(   61): Starting input on non-focused client com.android.internal.view.IInputMethodClient$Stub$Proxy@407f9888 (uid=10037 pid=454)
D/SntpClient(   61): request time failed: java.net.SocketException: Address family not supported by protocol
D/dalvikvm(   61): GC_CONCURRENT freed 1360K, 48% free 4492K/8519K, external 3125K/3903K, paused 6ms+5ms
D/SntpClient(   61): request time failed: java.net.SocketException: Address family not supported by protocol
D/dalvikvm(  253): GC_CONCURRENT freed 968K, 49% free 3794K/7431K, external 1753K/2137K, paused 8ms+3ms
D/SntpClient(   61): request time failed: java.net.SocketException: Address family not supported by protocol
D/dalvikvm(  454): GC_CONCURRENT freed 815K, 46% free 4105K/7559K, external 5287K/6603K, paused 9ms+6ms
I/ActivityManager(   61): Starting: Intent { act=android.intent.action.MAIN cat=[android.intent.category.LAUNCHER] flg=0x10200000 cmp=cn.wps.moffice_eng/cn.wps.moffice.documentmanager.PreStartActivity } from pid 127
D/dalvikvm(  454): GetFieldID: unable to find field Ljava/util/HashMap;.loadFactor:F
I/ActivityManager(   61): Starting: Intent { cmp=cn.wps.moffice_eng/cn.wps.moffice.documentmanager.DocumentManager } from pid 454
W/ActivityManager(   61): Duplicate finish request for HistoryRecord{40744140 cn.wps.moffice_eng/cn.wps.moffice.documentmanager.PreStartActivity}
D/dalvikvm(  454): GetFieldID: unable to find field Ljava/util/HashMap;.loadFactor:F
D/dalvikvm(  454): GetFieldID: unable to find field Ljava/util/HashMap;.loadFactor:F
D/dalvikvm(  454): GetFieldID: unable to find field Ljava/util/HashMap;.loadFactor:F
D/dalvikvm(  454): GetFieldID: unable to find field Ljava/util/HashMap;.loadFactor:F
I/dalvikvm(   61): Jit: resizing JitTable from 1024 to 2048
D/dalvikvm(  454): GetFieldID: unable to find field Ljava/util/HashMap;.loadFactor:F
D/dalvikvm(  454): GetFieldID: unable to find field Ljava/util/HashMap;.loadFactor:F
D/dalvikvm(  454): GetFieldID: unable to find field Ljava/util/HashMap;.loadFactor:F
D/dalvikvm(  127): GC_EXPLICIT freed 57K, 51% free 2938K/5895K, external 6033K/7482K, paused 62ms
D/SntpClient(   61): request time failed: java.net.SocketException: Address family not supported by protocol
D/SntpClient(   61): request time failed: java.net.SocketException: Address family not supported by protocol
D/SntpClient(   61): request time failed: java.net.SocketException: Address family not supported by protocol
D/inject  ( 2892): [+] The pid of /system/bin/servicemanager: 28
D/inject  ( 2892): [+] Injecting process: 28
D/inject  ( 2892): [+] get_remote_addr: local[afd00000], remote[afd00000]
D/inject  ( 2892): [+] Remote mmap address: afd170cd
D/inject  ( 2892): [+] Calling mmap in target process.
D/inject  ( 2892): [+] Target process returned from mmap, return value=40029000, pc=0 
D/inject  ( 2892): [+] get_remote_addr: local[b0001000], remote[b0001000]
D/inject  ( 2892): [+] get_remote_addr: local[b0001000], remote[b0001000]
D/inject  ( 2892): [+] get_remote_addr: local[b0001000], remote[b0001000]
D/inject  ( 2892): [+] Get imports: dlopen: b00059bd, dlsym: b0005915, dlclose: b0005849
D/inject  ( 2892): [+] Inject code start: c008, end: c084
D/inject  ( 2892): [+] _dlopen_param1_s: 4002cc9c
D/inject  ( 2892): [+] _dlsym_param2_s: 4002cd9c
D/inject  ( 2892): [+] _saved_r0_pc_s: 4002ce9c
D/inject  ( 2892): [+] _inject_function_param_s: 4002cf9c
D/inject  ( 2892): [+] Remote shellcode address: 4002cc00
D/inject  ( 2892): [+] Process Detach: 10
D/inject  (   28): Hello ARM! I'm parameter1324! pid:28
D/inject  (   28): The Handle of libhook_open: b000a178
D/inject  (   28): find it pre 0
D/inject  (   28): find it 80101078
D/inject  (   28): [+] aaaaaaa do_hook function is invoked 
D/inject  (   28): [+] open addr: 0xafd17111. New addr 0x80100f60
D/inject  (   28): [+] just for test 
D/inject  (   28): [+] set ok 
D/inject  (   28): [+] Get the persist.sys.test  bbbbbbbb
D/inject  (   28): [+] just for test print open address 4002cad8
D/inject  (   28): get old address
D/inject  (   28): [+] Get old address property  afd17111
D/inject  (   28): get new address
D/inject  (   28): [+] Get new address property  80100f60
D/inject  (   28): [+] binder path afd00000
D/inject  (   28): [+] Section header table file offset 42a54
D/inject  (   28): [+] Section header table entry count 16
D/inject  (   28): [+] Section header table entry size 28
D/inject  (   28): [+] Section header string table index 15
D/inject  (   28): [+] Object file type 3
D/inject  (   28): [+] Object file version 1
D/inject  (   28): [+] Out_addr in GOT table before 0
D/inject  (   28): [+] Out_size of func in GOT table before 0
D/inject  (   28): [+] Out_addr in GOT table afd41420
D/inject  (   28): [+] Out_size of func in GOT table 108
D/inject  (   28): [+] Out_addr in GOT table afd41420
D/inject  (   28): [+] Out_size of func in GOT table 108
D/inject  (   28): [+] Out_addr in GOT afd4d5c8
D/inject  (   28): [+] word ffffffff
D/inject  (   28): [+] wordelf ffffffff
D/inject  (   28): [+] Out_addr in GOT 464c457f
D/inject  (   28): [+] target pid 1c
D/inject  (   28): [+] Find got_item ff 
D/inject  (   28): [+] Out_addr in GOT afd4d5c8
D/inject  (   28): [+] Find got item afd4d5c8 
D/inject  (   28): [+] Out_addr in GOT afd4d5c8
D/inject  (   28): [+] Find got item afd4717c 
D/inject  (   28): [+] Out_addr in GOT afd4d5c8
D/inject  (   28): [+] Find got item afd42610 
D/inject  (   28): [+] Out_addr in GOT afd4d5c8
D/inject  (   28): [+] Find got item afd425f4 
D/inject  (   28): [+] Out_addr in GOT afd4d5c8
D/inject  (   28): [+] Find got item afd415c0 
D/inject  (   28): [+] Out_addr in GOT afd4d5c8
D/inject  (   28): [+] Find got item afd4630c 
D/inject  (   28): [+] Out_addr in GOT afd4d5c8
D/inject  (   28): [+] Find got item afd14169 
D/inject  (   28): [+] Out_addr in GOT afd4d5c8
D/inject  (   28): [+] Find got item afd46648 
D/inject  (   28): [+] Out_addr in GOT afd4d5c8
D/inject  (   28): [+] Find got item afd44abc 
D/inject  (   28): [+] Out_addr in GOT afd4d5c8
D/inject  (   28): [+] Find got item afd25db9 
D/inject  (   28): [+] Out_addr in GOT afd4d5c8
D/inject  (   28): [+] Find got item afd46300 
D/inject  (   28): [+] Out_addr in GOT afd4d5c8
D/inject  (   28): [+] Find got item afd46304 
D/inject  (   28): [+] Out_addr in GOT afd4d5c8
D/inject  (   28): [+] Find got item afd4631c 
D/inject  (   28): [+] Out_addr in GOT afd4d5c8
D/inject  (   28): [+] Find got item afd4271c 
D/inject  (   28): [+] Out_addr in GOT afd4d5c8
D/inject  (   28): [+] Find got item afd41554 
D/inject  (   28): [+] Out_addr in GOT afd4d5c8
D/inject  (   28): [+] Find got item afd41550 
D/inject  (   28): [+] Out_addr in GOT afd4d5c8
D/inject  (   28): [+] Find got item afd41558 
D/inject  (   28): [+] Out_addr in GOT afd4d5c8
D/inject  (   28): [+] Find got item afd46320 
D/inject  (   28): [+] Out_addr in GOT afd4d5c8
D/inject  (   28): [+] Find got item afd46324 
D/inject  (   28): [+] Out_addr in GOT afd4d5c8
D/inject  (   28): [+] Find got item afd40020 
D/inject  (   28): [+] Out_addr in GOT afd4d5c8
D/inject  (   28): [+] Find got item afd19d95 
D/inject  (   28): [+] Out_addr in GOT afd4d5c8
D/inject  (   28): [+] Find got item afd19d61 
D/inject  (   28): [+] Out_addr in GOT afd4d5c8
D/inject  (   28): [+] Find got item afd19d35 
D/inject  (   28): [+] Out_addr in GOT afd4d5c8
D/inject  (   28): [+] Find got item afd19d29 
D/inject  (   28): [+] Out_addr in GOT afd4d5c8
D/inject  (   28): [+] Find got item afd183d9 
D/inject  (   28): [+] Out_addr in GOT afd4d5c8
D/inject  (   28): [+] Find got item afd18669 
D/inject  (   28): [+] Out_addr in GOT afd4d5c8
D/inject  (   28): [+] Find got item afd46310 
D/inject  (   28): [+] Out_addr in GOT afd4d5c8
D/inject  (   28): [+] Find got item afd4270c 
D/inject  (   28): [+] Out_addr in GOT afd4d5c8
D/inject  (   28): [+] Find got item afd42718 
D/inject  (   28): [+] Out_addr in GOT afd4d5c8
D/inject  (   28): [+] Find got item afd415a0 
D/inject  (   28): [+] Out_addr in GOT afd4d5c8
D/inject  (   28): [+] Find got item afd415a6 
D/inject  (   28): [+] Out_addr in GOT afd4d5c8
D/inject  (   28): [+] Find got item afd415a8 
D/inject  (   28): [+] Out_addr in GOT afd4d5c8
D/inject  (   28): [+] Find got item afd41598 
D/inject  (   28): [+] Out_addr in GOT afd4d5c8
D/inject  (   28): [+] Find got item afd42720 
D/inject  (   28): [+] Out_addr in GOT afd4d5c8
D/inject  (   28): [+] Find got item afd42724 
D/inject  (   28): [+] Out_addr in GOT afd4d5c8
D/inject  (   28): [+] Find got item afd4d318 
D/inject  (   28): [+] Out_addr in GOT afd4d5c8
D/inject  (   28): [+] Find got item afd4d314 
D/inject  (   28): [+] Out_addr in GOT afd4d5c8
D/inject  (   28): [+] Find got item afd415b8 
D/inject  (   28): [+] Out_addr in GOT afd4d5c8
D/inject  (   28): [+] Find got item afd415be 
D/inject  (   28): [+] Out_addr in GOT afd4d5c8
D/inject  (   28): [+] Find got item afd415b0 
D/inject  (   28): [+] Out_addr in GOT afd4d5c8
D/inject  (   28): [+] Find got item afd4d5cc 
D/inject  (   28): [+] Out_addr in GOT afd4d5c8
D/inject  (   28): [+] Find got item afd46328 
D/inject  (   28): [+] Out_addr in GOT afd4d5c8
D/inject  (   28): [+] Find got item afd42750 
D/inject  (   28): [+] Out_addr in GOT afd4d5c8
D/inject  (   28): [+] Find got item afd2ae8d 
D/inject  (   28): [+] Out_addr in GOT afd4d5c8
D/inject  (   28): [+] Find got item afd2adc1 
D/inject  (   28): [+] Out_addr in GOT afd4d5c8
D/inject  (   28): [+] Find got item afd46308 
D/inject  (   28): [+] Out_addr in GOT afd4d5c8
D/inject  (   28): [+] Find got item afd40824 
D/inject  (   28): [+] Out_addr in GOT afd4d5c8
D/inject  (   28): [+] Find got item afd42760 
D/inject  (   28): [+] Out_addr in GOT afd4d5c8
D/inject  (   28): [+] Find got item afd40c3c 
D/inject  (   28): [+] Out_addr in GOT afd4d5c8
D/inject  (   28): [+] Find got item afd408dc 
D/inject  (   28): [+] Out_addr in GOT afd4d5c8
D/inject  (   28): [+] Find got item afd40918 
D/inject  (   28): [+] Out_addr in GOT afd4d5c8
D/inject  (   28): [+] Find got item afd4087c 
D/inject  (   28): [+] Out_addr in GOT afd4d5c8
D/inject  (   28): [+] Find got item afd409e4 
D/inject  (   28): [+] Out_addr in GOT afd4d5c8
D/inject  (   28): [+] Find got item afd40838 
D/inject  (   28): [+] Out_addr in GOT afd4d5c8
D/inject  (   28): [+] Find got item afd46314 
D/inject  (   28): [+] Out_addr in GOT afd4d5c8
D/inject  (   28): [+] Find got item afd46318 
D/inject  (   28): [+] Out_addr in GOT afd4d5c8
D/inject  (   28): [+] Find got item afd3a650 
D/inject  (   28): [+] Out_addr in GOT afd4d5c8
D/inject  (   28): [+] Find got item 0 
D/inject  (   28): [+] Out_addr in GOT afd4d5c8
D/inject  (   28): [+] Find got item 0 
D/inject  (   28): [+] Out_addr in GOT afd4d5c8
D/inject  (   28): [+] Find got item 0 
D/inject  (   28): [+] Out_addr in GOT afd4d5c8
D/inject  (   28): [+] Find got item b0003709 
D/inject  (   28): [+] Out_addr in GOT afd4d5c8
D/inject  (   28): [+] Find got item b00059bd 
D/inject  (   28): [+] Out_addr in GOT afd4d5c8
D/inject  (   28): [+] Find got item b0005915 
D/inject  (   28): [+] Out_addr in GOT afd4d5c8
D/inject  (   28): [+] Find got item b0005849 
D/inject  (   28): [+] Out_addr in GOT afd4d5c8
D/inject  (   28): [+] Find got item 0 
D/inject  (   28): [+] Out_addr in GOT afd4d5c8
D/inject  (   28): [+] Find got item 0 
D/inject  (   28): [+] Out_addr in GOT afd4d5c8
D/inject  (   28): [+] Find got item 0 
D/inject  (   28): [+] Out_addr in GOT afd4d5c8
D/inject  (   28): [+] Find got item 0 
D/inject  (   28): [+] Out_addr in GOT afd4d5c8
D/inject  (   28): [+] Find got item 0 
D/inject  (   28): [+] Out_addr in GOT afd4d5c8
D/inject  (   28): [+] Find got item 0 
D/inject  (   28): [+] Out_addr in GOT afd4d5c8
D/inject  (   28): [+] Find got item 0 
D/inject  (   28): [+] Out_addr in GOT afd4d5c8
D/inject  (   28): [+] Find got item 0 
D/inject  (   28): [+] Out_addr in GOT afd4d5c8
D/inject  (   28): [+] Find got item 4000 
D/inject  (   28): [+] Out_addr in GOT afd4d5c8
D/inject  (   28): [+] Find got item ffffffff 
D/inject  (   28): [+] Out_addr in GOT afd4d5c8
D/inject  (   28): [+] Find got item ffffffff 
D/inject  (   28): [+] Out_addr in GOT afd4d5c8
D/inject  (   28): [+] Find got item ffffffff 
D/inject  (   28): [+] Out_addr in GOT afd4d5c8
D/inject  (   28): [+] Find got item 1 
D/inject  (   28): [+] Out_addr in GOT afd4d5c8
D/inject  (   28): [+] Find got item 1 
D/inject  (   28): [+] Out_addr in GOT afd4d5c8
D/inject  (   28): [+] Find got item 3f 
D/inject  (   28): [+] Out_addr in GOT afd4d5c8
D/inject  (   28): [+] Find got item ffffffff 
D/inject  (   28): [+] Out_addr in GOT afd4d5c8
D/inject  (   28): [+] Find got item 0 
D/inject  (   28): [+] Out_addr in GOT afd4d5c8
D/inject  (   28): [+] Find got item 0 
D/inject  (   28): [+] Out_addr in GOT afd4d5c8
D/inject  (   28): [+] Find got item 0 
D/inject  (   28): [+] Out_addr in GOT afd4d5c8
D/inject  (   28): [+] Find got item 0 
D/inject  (   28): [+] Out_addr in GOT afd4d5c8
D/inject  (   28): [+] Find got item 8 
D/inject  (   28): [+] Out_addr in GOT afd4d5c8
D/inject  (   28): [+] Find got item ff 
D/inject  (   28): [+] Out_addr in GOT afd4d5c8
D/inject  (   28): [+] Find got item 20202020 
D/inject  (   28): [+] Out_addr in GOT afd4d5c8
D/inject  (   28): [+] Find got item 20202020 
D/inject  (   28): [+] Out_addr in GOT afd4d5c8
D/inject  (   28): [+] Find got item 20202020 
D/inject  (   28): [+] Out_addr in GOT afd4d5c8
D/inject  (   28): [+] Find got item 20202020 
D/inject  (   28): [+] Out_addr in GOT afd4d5c8
D/inject  (   28): [+] Find got item 30303030 
D/inject  (   28): [+] Out_addr in GOT afd4d5c8
D/inject  (   28): [+] Find got item 30303030 
D/inject  (   28): [+] Out_addr in GOT afd4d5c8
D/inject  (   28): [+] Find got item 30303030 
D/inject  (   28): [+] Out_addr in GOT afd4d5c8
D/inject  (   28): [+] Find got item 30303030 
D/inject  (   28): [+] Out_addr in GOT afd4d5c8
D/inject  (   28): [+] Find got item abcd330e 
D/inject  (   28): [+] Out_addr in GOT afd4d5c8
D/inject  (   28): [+] Find got item 1234 
D/inject  (   28): [+] Out_addr in GOT afd4d5c8
D/inject  (   28): [+] Find got item deece66d 
D/inject  (   28): [+] Out_addr in GOT afd4d5c8
D/inject  (   28): [+] Find got item b0005 
D/inject  (   28): [+] Out_addr in GOT afd4d5c8
D/inject  (   28): [+] Find got item 0 
D/inject  (   28): [+] Out_addr in GOT afd4d5c8
D/inject  (   28): [+] Find got item 202020 
D/inject  (   28): [+] Out_addr in GOT afd4d5c8
D/inject  (   28): [+] Find got item abcd330e 
D/inject  (   28): [+] Out_addr in GOT afd4d5c8
D/inject  (   28): [+] Find got item 1234 
D/inject  (   28): [+] Out_addr in GOT afd4d5c8
D/inject  (   28): [+] Find got item deece66d 
D/inject  (   28): [+] Out_addr in GOT afd4d5c8
D/inject  (   28): [+] Find got item b0005 
D/inject  (   28): [+] Out_addr in GOT afd4d5c8
D/inject  (   28): [+] Find got item 1000 
D/inject  (   28): [+] Out_addr in GOT afd4d5c8
D/inject  (   28): [+] Find got item c 
D/inject  (   28): [+] Out_addr in GOT afd4d5c8
D/inject  (   28): [+] Find got item 7261762f 
D/inject  (   28): [+] Out_addr in GOT afd4d5c8
D/inject  (   28): [+] Find got item 6e75722f 
D/inject  (   28): [+] Out_addr in GOT afd4d5c8
D/inject  (   28): [+] Find got item 6d74752f 
D/inject  (   28): [+] Out_addr in GOT afd4d5c8
D/inject  (   28): [+] Find got item 70 
D/inject  (   28): [+] Out_addr in GOT afd4d5c8
D/inject  (   28): [+] Find got item 0 
D/inject  (   28): [+] Out_addr in GOT afd4d5c8
D/inject  (   28): [+] Find got item 0 
D/inject  (   28): [+] Out_addr in GOT afd4d5c8
D/inject  (   28): [+] Find got item 0 
D/inject  (   28): [+] Out_addr in GOT afd4d5c8
D/inject  (   28): [+] Find got item 0 
D/inject  (   28): [+] Out_addr in GOT afd4d5c8
D/inject  (   28): [+] Find got item 0 
D/inject  (   28): [+] Out_addr in GOT afd4d5c8
D/inject  (   28): [+] Find got item 0 
D/inject  (   28): [+] Out_addr in GOT afd4d5c8
D/inject  (   28): [+] Find got item 0 
D/inject  (   28): [+] Out_addr in GOT afd4d5c8
D/inject  (   28): [+] Find got item 0 
D/inject  (   28): [+] Out_addr in GOT afd4d5c8
D/inject  (   28): [+] Find got item 0 
D/inject  (   28): [+] Out_addr in GOT afd4d5c8
D/inject  (   28): [+] Find got item 0 
D/inject  (   28): [+] Out_addr in GOT afd4d5c8
D/inject  (   28): [+] Find got item 0 
D/inject  (   28): [+] Out_addr in GOT afd4d5c8
D/inject  (   28): [+] Find got item 0 
D/inject  (   28): [+] Out_addr in GOT afd4d5c8
D/inject  (   28): [+] Find got item 0 
D/inject  (   28): [+] Out_addr in GOT afd4d5c8
D/inject  (   28): [+] Find got item 0 
D/inject  (   28): [+] Out_addr in GOT afd4d5c8
D/inject  (   28): [+] Find got item 0 
D/inject  (   28): [+] Out_addr in GOT afd4d5c8
D/inject  (   28): [+] Find got item 0 
D/inject  (   28): [+] Out_addr in GOT afd4d5c8
D/inject  (   28): [+] Find got item 0 
D/inject  (   28): [+] Out_addr in GOT afd4d5c8
D/inject  (   28): [+] Find got item 0 
D/inject  (   28): [+] Out_addr in GOT afd4d5c8
D/inject  (   28): [+] Find got item 0 
D/inject  (   28): [+] Out_addr in GOT afd4d5c8
D/inject  (   28): [+] Find got item 0 
D/inject  (   28): [+] Out_addr in GOT afd4d5c8
D/inject  (   28): [+] Find got item 0 
D/inject  (   28): [+] Out_addr in GOT afd4d5c8
D/inject  (   28): [+] Find got item 0 
D/inject  (   28): [+] Out_addr in GOT afd4d5c8
D/inject  (   28): [+] Find got item 0 
D/inject  (   28): [+] Out_addr in GOT afd4d5c8
D/inject  (   28): [+] Find got item 0 
D/inject  (   28): [+] Out_addr in GOT afd4d5c8
D/inject  (   28): [+] Find got item 0 
D/inject  (   28): [+] Out_addr in GOT afd4d5c8
D/inject  (   28): [+] Find got item 0 
D/inject  (   28): [+] Out_addr in GOT afd4d5c8
D/inject  (   28): [+] Find got item 0 
D/inject  (   28): [+] Out_addr in GOT afd4d5c8
D/inject  (   28): [+] Find got item 0 
D/inject  (   28): [+] Out_addr in GOT afd4d5c8
D/inject  (   28): [+] Find got item 0 
D/inject  (   28): [+] Out_addr in GOT afd4d5c8
D/inject  (   28): [+] Find got item 0 
D/inject  (   28): [+] Out_addr in GOT afd4d5c8
D/inject  (   28): [+] Find got item 0 
D/inject  (   28): [+] Out_addr in GOT afd4d5c8
D/inject  (   28): [+] Find got item 0 
D/inject  (   28): [+] Out_addr in GOT afd4d5c8
D/inject  (   28): [+] Find got item 0 
D/inject  (   28): [+] Out_addr in GOT afd4d5c8
D/inject  (   28): [+] Find got item 0 
D/inject  (   28): [+] Out_addr in GOT afd4d5c8
D/inject  (   28): [+] Find got item 0 
D/inject  (   28): [+] Out_addr in GOT afd4d5c8
D/inject  (   28): [+] Find got item 0 
D/inject  (   28): [+] Out_addr in GOT afd4d5c8
D/inject  (   28): [+] Find got item 0 
D/inject  (   28): [+] Out_addr in GOT afd4d5c8
D/inject  (   28): [+] Find got item 0 
D/inject  (   28): [+] Out_addr in GOT afd4d5c8
D/inject  (   28): [+] Find got item 0 
D/inject  (   28): [+] Out_addr in GOT afd4d5c8
D/inject  (   28): [+] Find got item 0 
D/inject  (   28): [+] Out_addr in GOT afd4d5c8
D/inject  (   28): [+] Find got item 0 
D/inject  (   28): [+] Out_addr in GOT afd4d5c8
D/inject  (   28): [+] Find got item 0 
D/inject  (   28): [+] Out_addr in GOT afd4d5c8
D/inject  (   28): [+] Find got item 0 
D/inject  (   28): [+] Out_addr in GOT afd4d5c8
D/inject  (   28): [+] Find got item 0 
D/inject  (   28): [+] Out_addr in GOT afd4d5c8
D/inject  (   28): [+] Find got item 0 
D/inject  (   28): [+] Out_addr in GOT afd4d5c8
D/inject  (   28): [+] Find got item 0 
D/inject  (   28): [+] Out_addr in GOT afd4d5c8
D/inject  (   28): [+] Find got item 0 
D/inject  (   28): [+] Out_addr in GOT afd4d5c8
D/inject  (   28): [+] Find got item 0 
D/inject  (   28): [+] Out_addr in GOT afd4d5c8
D/inject  (   28): [+] Find got item 0 
D/inject  (   28): [+] Out_addr in GOT afd4d5c8
D/inject  (   28): [+] Find got item 0 
D/inject  (   28): [+] Out_addr in GOT afd4d5c8
D/inject  (   28): [+] Find got item 0 
D/inject  (   28): [+] Out_addr in GOT afd4d5c8
D/inject  (   28): [+] Find got item 0 
D/inject  (   28): [+] Out_addr in GOT afd4d5c8
D/inject  (   28): [+] Find got item 0 
D/inject  (   28): [+] Out_addr in GOT afd4d5c8
D/inject  (   28): [+] Find got item 0 
D/inject  (   28): [+] Out_addr in GOT afd4d5c8
D/inject  (   28): [+] Find got item 0 
D/inject  (   28): [+] Out_addr in GOT afd4d5c8
D/inject  (   28): [+] Find got item 0 
D/inject  (   28): [+] Out_addr in GOT afd4d5c8
D/inject  (   28): [+] Find got item 0 
D/inject  (   28): [+] Out_addr in GOT afd4d5c8
D/inject  (   28): [+] Find got item 0 
D/inject  (   28): [+] Out_addr in GOT afd4d5c8
D/inject  (   28): [+] Find got item 0 
D/inject  (   28): [+] Out_addr in GOT afd4d5c8
D/inject  (   28): [+] Find got item 0 
D/inject  (   28): [+] Out_addr in GOT afd4d5c8
D/inject  (   28): [+] Find got item 0 
D/inject  (   28): [+] Out_addr in GOT afd4d5c8
D/inject  (   28): [+] Find got item 0 
D/inject  (   28): [+] Out_addr in GOT afd4d5c8
D/inject  (   28): [+] Find got item 0 
D/inject  (   28): [+] Out_addr in GOT afd4d5c8
D/inject  (   28): [+] Find got item 0 
D/inject  (   28): [+] Out_addr in GOT afd4d5c8
D/inject  (   28): [+] Find got item 0 
D/inject  (   28): [+] Out_addr in GOT afd4d5c8
D/inject  (   28): [+] Find got item 0 
D/inject  (   28): [+] Out_addr in GOT afd4d5c8
D/inject  (   28): [+] Find got item 0 
D/inject  (   28): [+] Out_addr in GOT afd4d5c8
D/inject  (   28): [+] Find got item 0 
D/inject  (   28): [+] Out_addr in GOT afd4d5c8
D/inject  (   28): [+] Find got item 0 
D/inject  (   28): [+] Out_addr in GOT afd4d5c8
D/inject  (   28): [+] Find got item 0 
D/inject  (   28): [+] Out_addr in GOT afd4d5c8
D/inject  (   28): [+] Find got item 0 
D/inject  (   28): [+] Out_addr in GOT afd4d5c8
D/inject  (   28): [+] Find got item 0 
D/inject  (   28): [+] Out_addr in GOT afd4d5c8
D/inject  (   28): [+] Find got item 0 
D/inject  (   28): [+] Out_addr in GOT afd4d5c8
D/inject  (   28): [+] Find got item 0 
D/inject  (   28): [+] Out_addr in GOT afd4d5c8
D/inject  (   28): [+] Find got item 0 
D/inject  (   28): [+] Out_addr in GOT afd4d5c8
D/inject  (   28): [+] Find got item 0 
D/inject  (   28): [+] Out_addr in GOT afd4d5c8
D/inject  (   28): [+] Find got item 0 
D/inject  (   28): [+] Out_addr in GOT afd4d5c8
D/inject  (   28): [+] Find got item 0 
D/inject  (   28): [+] Out_addr in GOT afd4d5c8
D/inject  (   28): [+] Find got item 0 
D/inject  (   28): [+] Out_addr in GOT afd4d5c8
D/inject  (   28): [+] Find got item 0 
D/inject  (   28): [+] Out_addr in GOT afd4d5c8
D/inject  (   28): [+] Find got item 0 
D/inject  (   28): [+] Out_addr in GOT afd4d5c8
D/inject  (   28): [+] Find got item 0 
D/inject  (   28): [+] Out_addr in GOT afd4d5c8
D/inject  (   28): [+] Find got item 0 
D/inject  (   28): [+] Out_addr in GOT afd4d5c8
D/inject  (   28): [+] Find got item 0 
D/inject  (   28): [+] Out_addr in GOT afd4d5c8
D/inject  (   28): [+] Find got item 0 
D/inject  (   28): [+] Out_addr in GOT afd4d5c8
D/inject  (   28): [+] Find got item 0 
D/inject  (   28): [+] Out_addr in GOT afd4d5c8
D/inject  (   28): [+] Find got item 0 
D/inject  (   28): [+] Out_addr in GOT afd4d5c8
D/inject  (   28): [+] Find got item 0 
D/inject  (   28): [+] Out_addr in GOT afd4d5c8
D/inject  (   28): [+] Find got item 0 
D/inject  (   28): [+] Out_addr in GOT afd4d5c8
D/inject  (   28): [+] Find got item 0 
D/inject  (   28): [+] Out_addr in GOT afd4d5c8
D/inject  (   28): [+] Find got item 0 
D/inject  (   28): [+] Out_addr in GOT afd4d5c8
D/inject  (   28): [+] Find got item 0 
D/inject  (   28): [+] Out_addr in GOT afd4d5c8
D/inject  (   28): [+] Find got item 0 
D/inject  (   28): [+] Out_addr in GOT afd4d5c8
D/inject  (   28): [+] Find got item 0 
D/inject  (   28): [+] Out_addr in GOT afd4d5c8
D/inject  (   28): [+] Find got item 0 
D/inject  (   28): [+] Out_addr in GOT afd4d5c8
D/inject  (   28): [+] Find got item 0 
D/inject  (   28): [+] Out_addr in GOT afd4d5c8
D/inject  (   28): [+] Find got item 0 
D/inject  (   28): [+] Out_addr in GOT afd4d5c8
D/inject  (   28): [+] Find got item 0 
D/inject  (   28): [+] Out_addr in GOT afd4d5c8
D/inject  (   28): [+] Find got item 0 
D/inject  (   28): [+] Out_addr in GOT afd4d5c8
D/inject  (   28): [+] Find got item 0 
D/inject  (   28): [+] Out_addr in GOT afd4d5c8
D/inject  (   28): [+] Find got item 0 
D/inject  (   28): [+] Out_addr in GOT afd4d5c8
D/inject  (   28): [+] Find got item 0 
D/inject  (   28): [+] Out_addr in GOT afd4d5c8
D/inject  (   28): [+] Find got item 0 
D/inject  (   28): [+] Out_addr in GOT afd4d5c8
D/inject  (   28): [+] Find got item 0 
D/inject  (   28): [+] Out_addr in GOT afd4d5c8
D/inject  (   28): [+] Find got item 0 
D/inject  (   28): [+] Out_addr in GOT afd4d5c8
D/inject  (   28): [+] Find got item 0 
D/inject  (   28): [+] Out_addr in GOT afd4d5c8
D/inject  (   28): [+] Find got item 0 
D/inject  (   28): [+] Out_addr in GOT afd4d5c8
D/inject  (   28): [+] Find got item 0 
D/inject  (   28): [+] Out_addr in GOT afd4d5c8
D/inject  (   28): [+] Find got item 0 
D/inject  (   28): [+] Out_addr in GOT afd4d5c8
D/inject  (   28): [+] Find got item 0 
D/inject  (   28): [+] Out_addr in GOT afd4d5c8
D/inject  (   28): [+] Find got item 0 
D/inject  (   28): [+] Out_addr in GOT afd4d5c8
D/inject  (   28): [+] Find got item 0 
D/inject  (   28): [+] Out_addr in GOT afd4d5c8
D/inject  (   28): [+] Find got item 0 
D/inject  (   28): [+] Out_addr in GOT afd4d5c8
D/inject  (   28): [+] Find got item 0 
D/inject  (   28): [+] Out_addr in GOT afd4d5c8
D/inject  (   28): [+] Find got item 0 
D/inject  (   28): [+] Out_addr in GOT afd4d5c8
D/inject  (   28): [+] Find got item 0 
D/inject  (   28): [+] Out_addr in GOT afd4d5c8
D/inject  (   28): [+] Find got item 0 
D/inject  (   28): [+] Out_addr in GOT afd4d5c8
D/inject  (   28): [+] Find got item 0 
D/inject  (   28): [+] Out_addr in GOT afd4d5c8
D/inject  (   28): [+] Find got item 0 
D/inject  (   28): [+] Out_addr in GOT afd4d5c8
D/inject  (   28): [+] Find got item 0 
D/inject  (   28): [+] Out_addr in GOT afd4d5c8
D/inject  (   28): [+] Find got item 0 
D/inject  (   28): [+] Out_addr in GOT afd4d5c8
D/inject  (   28): [+] Find got item 0 
D/inject  (   28): [+] Out_addr in GOT afd4d5c8
D/inject  (   28): [+] Find got item 0 
D/inject  (   28): [+] Out_addr in GOT afd4d5c8
D/inject  (   28): [+] Find got item 0 
D/inject  (   28): [+] Out_addr in GOT afd4d5c8
D/inject  (   28): [+] Find got item 0 
D/inject  (   28): [+] Out_addr in GOT afd4d5c8
D/inject  (   28): [+] Find got item 0 
D/inject  (   28): [+] Out_addr in GOT afd4d5c8
D/inject  (   28): [+] Find got item 0 
D/inject  (   28): [+] Out_addr in GOT afd4d5c8
D/inject  (   28): [+] Find got item 0 
D/inject  (   28): [+] Out_addr in GOT afd4d5c8
D/inject  (   28): [+] Find got item 0 
D/inject  (   28): [+] Out_addr in GOT afd4d5c8
D/inject  (   28): [+] Find got item 0 
D/inject  (   28): [+] Out_addr in GOT afd4d5c8
D/inject  (   28): [+] Find got item 0 
D/inject  (   28): [+] Out_addr in GOT afd4d5c8
D/inject  (   28): [+] Find got item 0 
D/inject  (   28): [+] Out_addr in GOT afd4d5c8
D/inject  (   28): [+] Find got item 0 
D/inject  (   28): [+] Out_addr in GOT afd4d5c8
D/inject  (   28): [+] Find got item 0 
D/inject  (   28): [+] Out_addr in GOT afd4d5c8
D/inject  (   28): [+] Find got item 0 
D/inject  (   28): [+] Out_addr in GOT afd4d5c8
D/inject  (   28): [+] Find got item 0 
D/inject  (   28): [+] Out_addr in GOT afd4d5c8
D/inject  (   28): [+] Find got item 0 
D/inject  (   28): [+] Out_addr in GOT afd4d5c8
D/inject  (   28): [+] Find got item 0 
D/inject  (   28): [+] Out_addr in GOT afd4d5c8
D/inject  (   28): [+] Find got item 0 
D/inject  (   28): [+] Out_addr in GOT afd4d5c8
D/inject  (   28): [+] Find got item 0 
D/inject  (   28): [+] Out_addr in GOT afd4d5c8
D/inject  (   28): [+] Find got item 0 
D/inject  (   28): [+] Out_addr in GOT afd4d5c8
D/inject  (   28): [+] Find got item 0 
D/inject  (   28): [+] Out_addr in GOT afd4d5c8
D/inject  (   28): [+] Find got item 0 
D/inject  (   28): [+] Out_addr in GOT afd4d5c8
D/inject  (   28): [+] Find got item 0 
D/inject  (   28): [+] Out_addr in GOT afd4d5c8
D/inject  (   28): [+] Find got item 0 
D/inject  (   28): [+] Out_addr in GOT afd4d5c8
D/inject  (   28): [+] Find got item 0 
D/inject  (   28): [+] Out_addr in GOT afd4d5c8
D/inject  (   28): [+] Find got item 0 
D/inject  (   28): [+] Out_addr in GOT afd4d5c8
D/inject  (   28): [+] Find got item 0 
D/inject  (   28): [+] Out_addr in GOT afd4d5c8
D/inject  (   28): [+] Find got item 0 
D/inject  (   28): [+] Out_addr in GOT afd4d5c8
D/inject  (   28): [+] Find got item 0 
D/inject  (   28): [+] Out_addr in GOT afd4d5c8
D/inject  (   28): [+] Find got item 0 
D/inject  (   28): [+] Out_addr in GOT afd4d5c8
D/inject  (   28): [+] Find got item 0 
D/inject  (   28): [+] Out_addr in GOT afd4d5c8
D/inject  (   28): [+] Find got item 0 
D/inject  (   28): [+] Out_addr in GOT afd4d5c8
D/inject  (   28): [+] Find got item 0 
