W/PackageManager(   61): Unknown permission com.fede.launcher.permission.READ_SETTINGS in package com.wandoujia.phoenix2
W/PackageManager(   61): Unknown permission com.fede.launcher.permission.WRITE_SETTINGS in package com.wandoujia.phoenix2
W/PackageManager(   61): Unknown permission com.sec.android.app.twlauncher.settings.READ_SETTINGS in package com.wandoujia.phoenix2
W/PackageManager(   61): Unknown permission com.sec.android.app.twlauncher.settings.WRITE_SETTINGS in package com.wandoujia.phoenix2
W/PackageManager(   61): Not granting permission android.permission.ACCESS_DRM to package com.wandoujia.phoenix2 (protectionLevel=2 flags=0x8be44)
W/PackageManager(   61): Unknown permission com.google.android.googleapps.permission.ACCESS_GOOGLE_PASSWORD in package com.android.development
W/PackageManager(   61): Unknown permission com.google.android.googleapps.permission.GOOGLE_AUTH in package com.android.development
W/PackageManager(   61): Unknown permission com.google.android.googleapps.permission.GOOGLE_AUTH.ALL_SERVICES in package com.android.development
W/PackageManager(   61): Unknown permission com.google.android.googleapps.permission.GOOGLE_AUTH.YouTubeUser in package com.android.development
W/PackageManager(   61): Not granting permission android.permission.SET_PREFERRED_APPLICATIONS to package com.mx.browser (protectionLevel=2 flags=0x8be44)
W/PackageManager(   61): Unknown permission android.permission.READ_OWNER_DATA in package com.android.email
W/PackageManager(   61): Not granting permission android.permission.DEVICE_POWER to package com.android.deskclock (protectionLevel=2 flags=0x8be45)
D/dalvikvm(  143): GC_EXTERNAL_ALLOC freed 226K, 49% free 3028K/5895K, external 6689K/6692K, paused 54ms
W/RecognitionManagerService(   61): no available voice recognition services found
D/dalvikvm(   61): GC_EXPLICIT freed 750K, 44% free 4436K/7815K, external 4373K/5573K, paused 91ms
D/dalvikvm(  281): DexOpt: couldn't find field Landroid/content/pm/PackageStats;.externalCacheSize
W/dalvikvm(  281): VFY: unable to resolve instance field 54
D/dalvikvm(  281): VFY: replacing opcode 0x53 at 0x000e
D/dalvikvm(  281): DexOpt: couldn't find field Landroid/content/pm/PackageStats;.externalCodeSize
W/dalvikvm(  281): VFY: unable to resolve instance field 55
D/dalvikvm(  281): VFY: replacing opcode 0x53 at 0x0020
D/dalvikvm(  281): VFY: dead code 0x0010-0019 in Lcom/wandoujia/phoenix2/appwash/controller/ay;.a (Lcom/wandoujia/phoenix2/appwash/controller/ay;Landroid/content/pm/PackageStats;)J
D/dalvikvm(  281): VFY: dead code 0x0022-0022 in Lcom/wandoujia/phoenix2/appwash/controller/ay;.a (Lcom/wandoujia/phoenix2/appwash/controller/ay;Landroid/content/pm/PackageStats;)J
D/dalvikvm(  281): DexOpt: couldn't find field Landroid/content/pm/PackageStats;.externalDataSize
I/dalvikvm(  281): DexOpt: unable to optimize instance field ref 0x0038 at 0x10 in Lcom/wandoujia/phoenix2/appwash/controller/ay;.a
D/dalvikvm(  281): DexOpt: couldn't find field Landroid/content/pm/PackageStats;.externalMediaSize
I/dalvikvm(  281): DexOpt: unable to optimize instance field ref 0x0039 at 0x13 in Lcom/wandoujia/phoenix2/appwash/controller/ay;.a
D/dalvikvm(  281): DexOpt: couldn't find field Landroid/content/pm/PackageStats;.externalObbSize
I/dalvikvm(  281): DexOpt: unable to optimize instance field ref 0x003a at 0x16 in Lcom/wandoujia/phoenix2/appwash/controller/ay;.a
D/OtaStartupReceiver(  132): Not a CDMA phone, no need to process OTA
I/RecoverySystem(   61): No recovery log file
I/ActivityManager(   61): Start proc com.android.mms for broadcast com.android.mms/.transaction.MmsSystemEventReceiver: pid=335 uid=10015 gids={3003, 1015}
I/ActivityThread(  335): Pub com.android.mms.SuggestionsProvider: com.android.mms.SuggestionsProvider
I/dalvikvm(   61): Jit: resizing JitTable from 512 to 1024
I/ActivityManager(   61): Start proc com.android.email for broadcast com.android.email/.service.EmailBroadcastReceiver: pid=355 uid=10028 gids={3003, 1015}
I/ActivityThread(  355): Pub com.android.email.provider: com.android.email.provider.EmailProvider
I/ActivityThread(  355): Pub com.android.email.attachmentprovider: com.android.email.provider.AttachmentProvider
I/ActivityThread(  355): Pub com.android.exchange.provider: com.android.exchange.provider.ExchangeProvider
D/EAS SyncManager(  355): !!! EAS SyncManager, onCreate
D/Eas Debug(  355): Logging: 
D/EAS SyncManager(  355): !!! EAS SyncManager, onDestroy
D/MediaScannerService(  259): start scanning volume internal
D/Email   (  355): BOOT_COMPLETED
D/EAS SyncManager(  355): !!! EAS SyncManager, onCreate
D/EAS SyncManager(  355): !!! EAS SyncManager, onStartCommand
D/EAS SyncManager(  355): !!! EAS SyncManager, stopping self
D/EAS SyncManager(  355): !!! EAS SyncManager, onDestroy
D/dalvikvm(  194): GC_CONCURRENT freed 266K, 51% free 2855K/5767K, external 1625K/2137K, paused 4ms+3ms
D/dalvikvm(  132): GREF has increased to 201
D/MediaScanner(  259):  prescan time: 408ms
D/MediaScanner(  259):     scan time: 31ms
D/MediaScanner(  259): postscan time: 0ms
D/MediaScanner(  259):    total time: 439ms
D/MediaScannerService(  259): done scanning volume internal
I/Launcher.Model(  143): not binding apps: no Launcher activity
D/dalvikvm(  143): GC_EXPLICIT freed 150K, 50% free 2991K/5895K, external 5040K/5599K, paused 56ms
D/MediaScannerService(  259): start scanning volume external
V/MediaProvider(  259): /mnt/sdcard volume ID: 218050065
V/MediaProvider(  259): Attached volume: external
V/MediaScanner(  259): pruneDeadThumbnailFiles... android.database.sqlite.SQLiteCursor@405be0d8
V/MediaScanner(  259): /pruneDeadThumbnailFiles... android.database.sqlite.SQLiteCursor@405be0d8
D/MediaScanner(  259):  prescan time: 29ms
D/MediaScanner(  259):     scan time: 14ms
D/MediaScanner(  259): postscan time: 8ms
D/MediaScanner(  259):    total time: 51ms
D/MediaScannerService(  259): done scanning volume external
D/dalvikvm(  281): GC_CONCURRENT freed 728K, 50% free 3528K/6919K, external 1753K/2137K, paused 8ms+4ms
D/dalvikvm(  281): GC_CONCURRENT freed 536K, 46% free 3844K/7047K, external 1753K/2137K, paused 7ms+3ms
D/dalvikvm(  143): GC_EXPLICIT freed 184K, 49% free 3036K/5895K, external 4928K/5599K, paused 61ms
I/dalvikvm(  281): Could not find method android.app.ActivityManager.getLauncherLargeIconSize, referenced from method com.wandoujia.phoenix2.utils.ShortcutUtil.a
W/dalvikvm(  281): VFY: unable to resolve virtual method 60: Landroid/app/ActivityManager;.getLauncherLargeIconSize ()I
D/dalvikvm(  281): VFY: replacing opcode 0x6e at 0x0013
D/dalvikvm(  281): VFY: dead code 0x0016-0040 in Lcom/wandoujia/phoenix2/utils/ShortcutUtil;.a (Landroid/graphics/Bitmap;Landroid/content/Context;)Landroid/graphics/Bitmap;
D/inject  (  391): [+] The pid of system_server: 61
D/inject  (  391): [+] Injecting process: 61
D/inject  (  391): [+] get_remote_addr: local[afd00000], remote[afd00000]
D/inject  (  391): [+] Remote mmap address: afd170cd
D/inject  (  391): [+] Calling mmap in target process.
D/inject  (  391): [+] Target process returned from mmap, return value=44c76000, pc=0 
D/inject  (  391): [+] get_remote_addr: local[b0001000], remote[b0001000]
D/inject  (  391): [+] get_remote_addr: local[b0001000], remote[b0001000]
D/inject  (  391): [+] get_remote_addr: local[b0001000], remote[b0001000]
D/inject  (  391): [+] Get imports: dlopen: b00059bd, dlsym: b0005915, dlclose: b0005849
D/inject  (  391): [+] Inject code start: c008, end: c084
D/inject  (  391): [+] _dlopen_param1_s: 44c79c9c
D/inject  (  391): [+] _dlsym_param2_s: 44c79d9c
D/inject  (  391): [+] _saved_r0_pc_s: 44c79e9c
D/inject  (  391): [+] _inject_function_param_s: 44c79f9c
D/inject  (  391): [+] Remote shellcode address: 44c79c00
D/inject  (  391): [+] Process Detach: 10
D/inject  (   61): Hello ARM! I'm parameter1324! pid:61
D/inject  (   61): The Handle of libhook_open: b000dfd0
D/inject  (   61): find it pre 0
D/inject  (   61): find it 809010e4
D/inject  (   61): [+] aaaaaaa do_hook function is invoked 
D/inject  (   61): [+] open addr: 0xafd17111. New addr 0x80900f60
D/inject  (   61): [+] just for test 
D/inject  (   61): [+] set ok 
D/inject  (   61): [+] Get the persist.sys.test  bbbbbbbb
D/inject  (   61): [+] just for test print open address 44c79ad8
D/inject  (   61): get old address
D/inject  (   61): [+] Get old address property  afd17111
D/inject  (   61): get new address
D/inject  (   61): [+] Get new address property  80900f60
D/inject  (   61): [+] binder path a8100000
D/inject  (   61): [+] Section header table file offset 27f0c
D/inject  (   61): [+] Section header table entry count 15
D/inject  (   61): [+] Section header table entry size 28
D/inject  (   61): [+] Section header string table index 14
D/inject  (   61): [+] Object file type 3
D/inject  (   61): [+] Object file version 1
D/inject  (   61): [+] Out_addr in GOT table before 0
D/inject  (   61): [+] Out_size of func in GOT table before 0
D/inject  (   61): [+] Out_addr in GOT table a8127b08
D/inject  (   61): [+] Out_size of func in GOT table 2ec
D/inject  (   61): [+] Out_addr in GOT table a8127b08
D/inject  (   61): [+] Out_size of func in GOT table 2ec
D/inject  (   61): [+] Out_addr in GOT a81271c8
D/inject  (   61): [+] word ffffffff
D/inject  (   61): [+] wordelf ffffffff
D/inject  (   61): [+] Out_addr in GOT 464c457f
D/inject  (   61): [+] target pid 3d
D/inject  (   61): [+] Find got_item ff 
D/inject  (   61): [+] Out_addr in GOT a81271c8
D/inject  (   61): [+] Find got item a81271c8 
D/inject  (   61): [+] Out_addr in GOT a81271c8
D/inject  (   61): [+] Find got item a8127168 
D/inject  (   61): [+] Out_addr in GOT a81271c8
D/inject  (   61): [+] Find got item a8127198 
D/inject  (   61): [+] Out_addr in GOT a81271c8
D/inject  (   61): [+] Find got item afd4d5c8 
D/inject  (   61): [+] Out_addr in GOT a81271c8
D/inject  (   61): [+] Find got item a8127ef0 
D/inject  (   61): [+] Out_addr in GOT a81271c8
D/inject  (   61): [+] Find got item a8127368 
D/inject  (   61): [+] Out_addr in GOT a81271c8
D/inject  (   61): [+] Find got item a81272f8 
D/inject  (   61): [+] Out_addr in GOT a81271c8
D/inject  (   61): [+] Find got item a81271f8 
D/inject  (   61): [+] Out_addr in GOT a81271c8
D/inject  (   61): [+] Find got item a8127268 
D/inject  (   61): [+] Out_addr in GOT a81271c8
D/inject  (   61): [+] Find got item a81272b0 
D/inject  (   61): [+] Out_addr in GOT a81271c8
D/inject  (   61): [+] Find got item a8127378 
D/inject  (   61): [+] Out_addr in GOT a81271c8
D/inject  (   61): [+] Find got item a81273d0 
D/inject  (   61): [+] Out_addr in GOT a81271c8
D/inject  (   61): [+] Find got item a8127e24 
D/inject  (   61): [+] Out_addr in GOT a81271c8
D/inject  (   61): [+] Find got item a81273c0 
D/inject  (   61): [+] Out_addr in GOT a81271c8
D/inject  (   61): [+] Find got item a8127e28 
D/inject  (   61): [+] Out_addr in GOT a81271c8
D/inject  (   61): [+] Find got item a81273f0 
D/inject  (   61): [+] Out_addr in GOT a81271c8
D/inject  (   61): [+] Find got item a8127ebc 
D/inject  (   61): [+] Out_addr in GOT a81271c8
D/inject  (   61): [+] Find got item a8127458 
D/inject  (   61): [+] Out_addr in GOT a81271c8
D/inject  (   61): [+] Find got item a8127410 
D/inject  (   61): [+] Out_addr in GOT a81271c8
D/inject  (   61): [+] Find got item a81133b5 
D/inject  (   61): [+] Out_addr in GOT a81271c8
D/inject  (   61): [+] Find got item a8127e58 
D/inject  (   61): [+] Out_addr in GOT a81271c8
D/inject  (   61): [+] Find got item a8127df8 
D/inject  (   61): [+] Out_addr in GOT a81271c8
D/inject  (   61): [+] Find got item a81274a0 
D/inject  (   61): [+] Out_addr in GOT a81271c8
D/inject  (   61): [+] Find got item a81274c0 
D/inject  (   61): [+] Out_addr in GOT a81271c8
D/inject  (   61): [+] Find got item afd42718 
D/inject  (   61): [+] Out_addr in GOT a81271c8
D/inject  (   61): [+] Find got item a81274e0 
D/inject  (   61): [+] Out_addr in GOT a81271c8
D/inject  (   61): [+] Find got item a8127528 
D/inject  (   61): [+] Out_addr in GOT a81271c8
D/inject  (   61): [+] Find got item a8127570 
D/inject  (   61): [+] Out_addr in GOT a81271c8
D/inject  (   61): [+] Find got item a81275b8 
D/inject  (   61): [+] Out_addr in GOT a81271c8
D/inject  (   61): [+] Find got item a8127600 
D/inject  (   61): [+] Out_addr in GOT a81271c8
D/inject  (   61): [+] Find got item a8127648 
D/inject  (   61): [+] Out_addr in GOT a81271c8
D/inject  (   61): [+] Find got item a811b679 
D/inject  (   61): [+] Out_addr in GOT a81271c8
D/inject  (   61): [+] Find got item a8127700 
D/inject  (   61): [+] Out_addr in GOT a81271c8
D/inject  (   61): [+] Find got item a81276d8 
D/inject  (   61): [+] Out_addr in GOT a81271c8
D/inject  (   61): [+] Find got item a8127690 
D/inject  (   61): [+] Out_addr in GOT a81271c8
D/inject  (   61): [+] Find got item afd42720 
D/inject  (   61): [+] Out_addr in GOT a81271c8
D/inject  (   61): [+] Find got item afd4271c 
D/inject  (   61): [+] Out_addr in GOT a81271c8
D/inject  (   61): [+] Find got item a8127ed8 
D/inject  (   61): [+] Out_addr in GOT a81271c8
D/inject  (   61): [+] Find got item a8127dfc 
D/inject  (   61): [+] Out_addr in GOT a81271c8
D/inject  (   61): [+] Find got item a8127728 
D/inject  (   61): [+] Out_addr in GOT a81271c8
D/inject  (   61): [+] Find got item a8127738 
D/inject  (   61): [+] Out_addr in GOT a81271c8
D/inject  (   61): [+] Find got item a8127758 
D/inject  (   61): [+] Out_addr in GOT a81271c8
D/inject  (   61): [+] Find got item a811c5fd 
D/inject  (   61): [+] Out_addr in GOT a81271c8
D/inject  (   61): [+] Find got item a8127828 
D/inject  (   61): [+] Out_addr in GOT a81271c8
D/inject  (   61): [+] Find got item a81277b8 
D/inject  (   61): [+] Out_addr in GOT a81271c8
D/inject  (   61): [+] Find got item afd42610 
D/inject  (   61): [+] Out_addr in GOT a81271c8
D/inject  (   61): [+] Find got item a8127870 
D/inject  (   61): [+] Out_addr in GOT a81271c8
D/inject  (   61): [+] Find got item a81278e0 
D/inject  (   61): [+] Out_addr in GOT a81271c8
D/inject  (   61): [+] Find got item a8121445 
D/inject  (   61): [+] Out_addr in GOT a81271c8
D/inject  (   61): [+] Find got item a8121511 
D/inject  (   61): [+] Out_addr in GOT a81271c8
D/inject  (   61): [+] Find got item a8127950 
D/inject  (   61): [+] Out_addr in GOT a81271c8
D/inject  (   61): [+] Find got item a8127998 
D/inject  (   61): [+] Out_addr in GOT a81271c8
D/inject  (   61): [+] Find got item a8127a08 
D/inject  (   61): [+] Out_addr in GOT a81271c8
D/inject  (   61): [+] Find got item 0 
D/inject  (   61): [+] Out_addr in GOT a81271c8
D/inject  (   61): [+] Find got item 0 
D/inject  (   61): [+] Out_addr in GOT a81271c8
D/inject  (   61): [+] Find got item 0 
D/inject  (   61): [+] Out_addr in GOT a81271c8
D/inject  (   61): [+] Find got item afd10b98 
D/inject  (   61): [+] Out_addr in GOT a81271c8
D/inject  (   61): [+] Find got item afa01455 
D/inject  (   61): [+] Out_addr in GOT a81271c8
D/inject  (   61): [+] Find got item afc009e1 
D/inject  (   61): [+] Out_addr in GOT a81271c8
D/inject  (   61): [+] Find got item afd0b550 
D/inject  (   61): [+] Out_addr in GOT a81271c8
D/inject  (   61): [+] Find got item afc009c9 
D/inject  (   61): [+] Out_addr in GOT a81271c8
D/inject  (   61): [+] Find got item afc009c1 
D/inject  (   61): [+] Out_addr in GOT a81271c8
D/inject  (   61): [+] Find got item afd0b530 
D/inject  (   61): [+] Out_addr in GOT a81271c8
D/inject  (   61): [+] Find got item afd0ccd0 
D/inject  (   61): [+] Out_addr in GOT a81271c8
D/inject  (   61): [+] Find got item afc009e9 
D/inject  (   61): [+] Out_addr in GOT a81271c8
D/inject  (   61): [+] Find got item afd17111 
D/inject  (   61): [+] Find open and replace 
D/dalvikvm(  143): GC_EXTERNAL_ALLOC freed 96K, 50% free 2994K/5895K, external 4856K/5599K, paused 43ms
I/ActivityManager(   61): Starting: Intent { act=android.intent.action.MAIN cat=[android.intent.category.LAUNCHER] flg=0x10200000 cmp=com.example.readtxt/.MainActivity } from pid 143
D/inject  (   61): [+] The New open count 0
D/inject  (   61): [+]open test txt file
D/inject  (   61): [+] The New open count 1
D/inject  (   61): [+]open test txt file
D/inject  (   61): [+] The New open count 2
W/zipro   (   61): Unable to open zip '/data/app/com.example.readtxt-2.apk': Permission denied
D/asset   (   61): failed to open Zip archive '/data/app/com.example.readtxt-2.apk'
W/ResourceType(   61): Invalid package identifier when getting bag for resource number 0x7f060001
W/ResourceType(   61): Invalid package identifier when getting bag for resource number 0x7f060001
W/ResourceType(   61): No known package when getting value for resource number 0x7f050000
W/WindowManager(   61): HistoryRecord{406908d0 com.example.readtxt/.MainActivity} failed creating starting window
W/WindowManager(   61): java.lang.RuntimeException: Binary XML file line #25: You must supply a layout_height attribute.
W/WindowManager(   61): 	at android.content.res.TypedArray.getLayoutDimension(TypedArray.java:491)
W/WindowManager(   61): 	at android.view.ViewGroup$LayoutParams.setBaseAttributes(ViewGroup.java:3599)
W/WindowManager(   61): 	at android.view.ViewGroup$MarginLayoutParams.<init>(ViewGroup.java:3678)
W/WindowManager(   61): 	at android.widget.LinearLayout$LayoutParams.<init>(LinearLayout.java:1400)
W/WindowManager(   61): 	at android.widget.LinearLayout.generateLayoutParams(LinearLayout.java:1326)
W/WindowManager(   61): 	at android.widget.LinearLayout.generateLayoutParams(LinearLayout.java:47)
W/WindowManager(   61): 	at android.view.LayoutInflater.rInflate(LayoutInflater.java:625)
W/WindowManager(   61): 	at android.view.LayoutInflater.inflate(LayoutInflater.java:408)
W/WindowManager(   61): 	at android.view.LayoutInflater.inflate(LayoutInflater.java:320)
W/WindowManager(   61): 	at android.view.LayoutInflater.inflate(LayoutInflater.java:276)
W/WindowManager(   61): 	at com.android.internal.policy.impl.PhoneWindow.generateLayout(PhoneWindow.java:2206)
W/WindowManager(   61): 	at com.android.internal.policy.impl.PhoneWindow.installDecor(PhoneWindow.java:2261)
W/WindowManager(   61): 	at com.android.internal.policy.impl.PhoneWindow.getDecorView(PhoneWindow.java:1427)
W/WindowManager(   61): 	at com.android.internal.policy.impl.PhoneWindowManager.addStartingWindow(PhoneWindowManager.java:939)
W/WindowManager(   61): 	at com.android.server.WindowManagerService$H.handleMessage(WindowManagerService.java:7877)
W/WindowManager(   61): 	at android.os.Handler.dispatchMessage(Handler.java:99)
W/WindowManager(   61): 	at android.os.Looper.loop(Looper.java:123)
W/WindowManager(   61): 	at com.android.server.WindowManagerService$WMThread.run(WindowManagerService.java:558)
I/ActivityManager(   61): Start proc com.example.readtxt for activity com.example.readtxt/.MainActivity: pid=407 uid=10040 gids={1015}
D/dalvikvm(   61): GREF has increased to 401
I/ARMAssembler(   61): generated scanline__00000177:03515104_00001002_00000000 [ 87 ipp] (110 ins) at [0x44d3a6f0:0x44d3a8a8] in 471505 ns
I/ActivityManager(   61): Displayed com.example.readtxt/.MainActivity: +886ms
W/KeyCharacterMap(  407): No keyboard for id 0
W/KeyCharacterMap(  407): Using default keymap: /system/usr/keychars/qwerty.kcm.bin
