D/dalvikvm(  273): No JNI_OnLoad found in /data/data/com.wandoujia.phoenix2/lib/libcipher.so 0x40515820, skipping init
W/PackageManager(   61): Not granting permission android.permission.SEND_DOWNLOAD_COMPLETED_INTENTS to package com.android.browser (protectionLevel=2 flags=0x9be45)
I/dalvikvm(  273): Total arena pages for JIT: 11
I/dalvikvm(  273): Total arena pages for JIT: 12
D/MediaScanner(  248):  prescan time: 1675ms
D/MediaScanner(  248):     scan time: 118ms
D/MediaScanner(  248): postscan time: 0ms
D/MediaScanner(  248):    total time: 1793ms
W/PackageManager(   61): Unknown permission com.google.android.gm.permission.WRITE_GMAIL in package com.android.settings
W/PackageManager(   61): Unknown permission com.google.android.gm.permission.READ_GMAIL in package com.android.settings
W/PackageManager(   61): Unknown permission com.google.android.googleapps.permission.GOOGLE_AUTH in package com.android.settings
W/PackageManager(   61): Unknown permission com.google.android.googleapps.permission.GOOGLE_AUTH in package com.android.providers.contacts
W/PackageManager(   61): Unknown permission com.google.android.googleapps.permission.GOOGLE_AUTH.cp in package com.android.providers.contacts
W/PackageManager(   61): Unknown permission com.android.launcher.permission.CREATE_SHORTCUT in package com.wandoujia.phoenix2
W/PackageManager(   61): Unknown permission org.adw.launcher.permission.READ_SETTINGS in package com.wandoujia.phoenix2
W/PackageManager(   61): Unknown permission org.adw.launcher.permission.WRITE_SETTINGS in package com.wandoujia.phoenix2
W/PackageManager(   61): Unknown permission com.qihoo360.launcher.permission.READ_SETTINGS in package com.wandoujia.phoenix2
W/PackageManager(   61): Unknown permission com.qihoo360.launcher.permission.WRITE_SETTINGS in package com.wandoujia.phoenix2
W/PackageManager(   61): Unknown permission com.lge.launcher.permission.READ_SETTINGS in package com.wandoujia.phoenix2
W/PackageManager(   61): Unknown permission com.lge.launcher.permission.WRITE_SETTINGS in package com.wandoujia.phoenix2
W/PackageManager(   61): Unknown permission net.qihoo.launcher.permission.READ_SETTINGS in package com.wandoujia.phoenix2
W/PackageManager(   61): Unknown permission net.qihoo.launcher.permission.WRITE_SETTINGS in package com.wandoujia.phoenix2
W/PackageManager(   61): Unknown permission org.adwfreak.launcher.permission.READ_SETTINGS in package com.wandoujia.phoenix2
W/PackageManager(   61): Unknown permission org.adwfreak.launcher.permission.WRITE_SETTINGS in package com.wandoujia.phoenix2
W/PackageManager(   61): Unknown permission com.huawei.launcher3.permission.READ_SETTINGS in package com.wandoujia.phoenix2
W/PackageManager(   61): Unknown permission com.huawei.launcher3.permission.WRITE_SETTINGS in package com.wandoujia.phoenix2
W/PackageManager(   61): Unknown permission com.fede.launcher.permission.READ_SETTINGS in package com.wandoujia.phoenix2
W/PackageManager(   61): Unknown permission com.fede.launcher.permission.WRITE_SETTINGS in package com.wandoujia.phoenix2
W/PackageManager(   61): Unknown permission com.sec.android.app.twlauncher.settings.READ_SETTINGS in package com.wandoujia.phoenix2
W/PackageManager(   61): Unknown permission com.sec.android.app.twlauncher.settings.WRITE_SETTINGS in package com.wandoujia.phoenix2
W/PackageManager(   61): Not granting permission android.permission.ACCESS_DRM to package com.wandoujia.phoenix2 (protectionLevel=2 flags=0x8be44)
W/PackageManager(   61): Unknown permission com.google.android.googleapps.permission.ACCESS_GOOGLE_PASSWORD in package com.android.development
W/PackageManager(   61): Unknown permission com.google.android.googleapps.permission.GOOGLE_AUTH in package com.android.development
W/PackageManager(   61): Unknown permission com.google.android.googleapps.permission.GOOGLE_AUTH.ALL_SERVICES in package com.android.development
W/PackageManager(   61): Unknown permission com.google.android.googleapps.permission.GOOGLE_AUTH.YouTubeUser in package com.android.development
W/PackageManager(   61): Not granting permission android.permission.SET_PREFERRED_APPLICATIONS to package com.mx.browser (protectionLevel=2 flags=0x8be44)
W/PackageManager(   61): Unknown permission android.permission.READ_OWNER_DATA in package com.android.email
W/PackageManager(   61): Not granting permission android.permission.DEVICE_POWER to package com.android.deskclock (protectionLevel=2 flags=0x8be45)
I/dalvikvm(   61): Jit: resizing JitTable from 512 to 1024
D/dalvikvm(  132): GC_EXTERNAL_ALLOC freed 255K, 49% free 3028K/5895K, external 6681K/6692K, paused 56ms
D/MediaScannerService(  248): done scanning volume internal
D/MediaScannerService(  248): start scanning volume external
V/MediaProvider(  248): /mnt/sdcard volume ID: 218050065
D/dalvikvm(  273): GC_CONCURRENT freed 665K, 49% free 3587K/6919K, external 1753K/2137K, paused 4ms+15ms
D/dalvikvm(   61): GC_EXPLICIT freed 629K, 43% free 4530K/7815K, external 4373K/5573K, paused 149ms
W/RecognitionManagerService(   61): no available voice recognition services found
V/MediaProvider(  248): Attached volume: external
V/MediaScanner(  248): pruneDeadThumbnailFiles... android.database.sqlite.SQLiteCursor@405bb068
V/MediaScanner(  248): /pruneDeadThumbnailFiles... android.database.sqlite.SQLiteCursor@405bb068
D/MediaScanner(  248):  prescan time: 90ms
D/MediaScanner(  248):     scan time: 26ms
D/MediaScanner(  248): postscan time: 22ms
D/MediaScanner(  248):    total time: 138ms
D/MediaScannerService(  248): done scanning volume external
I/Launcher.Model(  132): not binding apps: no Launcher activity
D/dalvikvm(  132): GC_EXPLICIT freed 135K, 51% free 2942K/5895K, external 5010K/5563K, paused 46ms
D/dalvikvm(  190): GC_CONCURRENT freed 273K, 51% free 2863K/5767K, external 1625K/2137K, paused 3ms+3ms
D/dalvikvm(  273): GC_CONCURRENT freed 589K, 46% free 3855K/7111K, external 1753K/2137K, paused 3ms+9ms
D/dalvikvm(  132): GC_EXPLICIT freed 178K, 49% free 3041K/5895K, external 4898K/5563K, paused 51ms
I/dalvikvm(  273): Could not find method android.app.ActivityManager.getLauncherLargeIconSize, referenced from method com.wandoujia.phoenix2.utils.ShortcutUtil.a
W/dalvikvm(  273): VFY: unable to resolve virtual method 60: Landroid/app/ActivityManager;.getLauncherLargeIconSize ()I
D/dalvikvm(  273): VFY: replacing opcode 0x6e at 0x0013
D/dalvikvm(  273): VFY: dead code 0x0016-0040 in Lcom/wandoujia/phoenix2/utils/ShortcutUtil;.a (Landroid/graphics/Bitmap;Landroid/content/Context;)Landroid/graphics/Bitmap;
W/ActivityManager(   61): finishReceiver called but no pending broadcasts
D/inject  (  538): [+] The pid of system_server: 61
D/inject  (  538): [+] Injecting process: 61
D/inject  (  538): [+] get_remote_addr: local[afd00000], remote[afd00000]
D/inject  (  538): [+] Remote mmap address: afd170cd
D/inject  (  538): [+] Calling mmap in target process.
D/inject  (  538): [+] Target process returned from mmap, return value=44d2d000, pc=0 
D/inject  (  538): [+] get_remote_addr: local[b0001000], remote[b0001000]
D/inject  (  538): [+] get_remote_addr: local[b0001000], remote[b0001000]
D/inject  (  538): [+] get_remote_addr: local[b0001000], remote[b0001000]
D/inject  (  538): [+] Get imports: dlopen: b00059bd, dlsym: b0005915, dlclose: b0005849
D/inject  (  538): [+] Inject code start: c008, end: c084
D/inject  (  538): [+] _dlopen_param1_s: 44d30c9c
D/inject  (  538): [+] _dlsym_param2_s: 44d30d9c
D/inject  (  538): [+] _saved_r0_pc_s: 44d30e9c
D/inject  (  538): [+] _inject_function_param_s: 44d30f9c
D/inject  (  538): [+] Remote shellcode address: 44d30c00
D/inject  (  538): [+] Process Detach: 10
D/inject  (   61): Hello ARM! I'm parameter1324! pid:61
D/inject  (   61): The Handle of libhook_open: b000dfd0
D/inject  (   61): find it pre 0
D/inject  (   61): find it 80901118
D/inject  (   61): [+] aaaaaaa do_hook function is invoked 
D/inject  (   61): [+] open addr: 0xafd17111. New addr 0x80900f60
D/inject  (   61): [+] just for test 
D/inject  (   61): [+] set ok 
D/inject  (   61): [+] Get the persist.sys.test  bbbbbbbb
D/inject  (   61): [+] just for test print open address 44d30ab8
D/inject  (   61): get old address
D/inject  (   61): [+] Get old address property  afd17111
D/inject  (   61): get new address
D/inject  (   61): [+] Get new address property  80900f60
D/inject  (   61): [+] binder path afd00000
D/inject  (   61): [+] Section header table file offset 42a54
D/inject  (   61): [+] Section header table entry count 16
D/inject  (   61): [+] Section header table entry size 28
D/inject  (   61): [+] Section header string table index 15
D/inject  (   61): [+] Object file type 3
D/inject  (   61): [+] Object file version 1
D/inject  (   61): [+] Out_addr in GOT table before 0
D/inject  (   61): [+] Out_size of func in GOT table before 0
D/inject  (   61): [+] Out_addr in GOT table afd41420
D/inject  (   61): [+] Out_size of func in GOT table 108
D/inject  (   61): [+] Out_addr in GOT table afd41420
D/inject  (   61): [+] Out_size of func in GOT table 108
D/inject  (   61): [+] Out_addr in GOT afd4d5c8
D/inject  (   61): [+] word ffffffff
D/inject  (   61): [+] wordelf ffffffff
D/inject  (   61): [+] Out_addr in GOT 464c457f
D/inject  (   61): [+] target pid 3d
D/inject  (   61): [+] Find got_item ff 
D/inject  (   61): [+] Out_addr in GOT afd4d5c8
D/inject  (   61): [+] Find got item afd4d5c8 
D/inject  (   61): [+] Out_addr in GOT afd4d5c8
D/inject  (   61): [+] Find got item afd4717c 
D/inject  (   61): [+] Out_addr in GOT afd4d5c8
D/inject  (   61): [+] Find got item afd42610 
D/inject  (   61): [+] Out_addr in GOT afd4d5c8
D/inject  (   61): [+] Find got item afd425f4 
D/inject  (   61): [+] Out_addr in GOT afd4d5c8
D/inject  (   61): [+] Find got item afd415c0 
D/inject  (   61): [+] Out_addr in GOT afd4d5c8
D/inject  (   61): [+] Find got item afd4630c 
D/inject  (   61): [+] Out_addr in GOT afd4d5c8
D/inject  (   61): [+] Find got item afd14169 
D/inject  (   61): [+] Out_addr in GOT afd4d5c8
D/inject  (   61): [+] Find got item afd46648 
D/inject  (   61): [+] Out_addr in GOT afd4d5c8
D/inject  (   61): [+] Find got item afd44abc 
D/inject  (   61): [+] Out_addr in GOT afd4d5c8
D/inject  (   61): [+] Find got item afd25db9 
D/inject  (   61): [+] Out_addr in GOT afd4d5c8
D/inject  (   61): [+] Find got item afd46300 
D/inject  (   61): [+] Out_addr in GOT afd4d5c8
D/inject  (   61): [+] Find got item afd46304 
D/inject  (   61): [+] Out_addr in GOT afd4d5c8
D/inject  (   61): [+] Find got item afd4631c 
D/inject  (   61): [+] Out_addr in GOT afd4d5c8
D/inject  (   61): [+] Find got item afd4271c 
D/inject  (   61): [+] Out_addr in GOT afd4d5c8
D/inject  (   61): [+] Find got item afd41554 
D/inject  (   61): [+] Out_addr in GOT afd4d5c8
D/inject  (   61): [+] Find got item afd41550 
D/inject  (   61): [+] Out_addr in GOT afd4d5c8
D/inject  (   61): [+] Find got item afd41558 
D/inject  (   61): [+] Out_addr in GOT afd4d5c8
D/inject  (   61): [+] Find got item afd46320 
D/inject  (   61): [+] Out_addr in GOT afd4d5c8
D/inject  (   61): [+] Find got item afd46324 
D/inject  (   61): [+] Out_addr in GOT afd4d5c8
D/inject  (   61): [+] Find got item afd40020 
D/inject  (   61): [+] Out_addr in GOT afd4d5c8
D/inject  (   61): [+] Find got item afd19d95 
D/inject  (   61): [+] Out_addr in GOT afd4d5c8
D/inject  (   61): [+] Find got item afd19d61 
D/inject  (   61): [+] Out_addr in GOT afd4d5c8
D/inject  (   61): [+] Find got item afd19d35 
D/inject  (   61): [+] Out_addr in GOT afd4d5c8
D/inject  (   61): [+] Find got item afd19d29 
D/inject  (   61): [+] Out_addr in GOT afd4d5c8
D/inject  (   61): [+] Find got item afd183d9 
D/inject  (   61): [+] Out_addr in GOT afd4d5c8
D/inject  (   61): [+] Find got item afd18669 
D/inject  (   61): [+] Out_addr in GOT afd4d5c8
D/inject  (   61): [+] Find got item afd46310 
D/inject  (   61): [+] Out_addr in GOT afd4d5c8
D/inject  (   61): [+] Find got item afd4270c 
D/inject  (   61): [+] Out_addr in GOT afd4d5c8
D/inject  (   61): [+] Find got item afd42718 
D/inject  (   61): [+] Out_addr in GOT afd4d5c8
D/inject  (   61): [+] Find got item afd415a0 
D/inject  (   61): [+] Out_addr in GOT afd4d5c8
D/inject  (   61): [+] Find got item afd415a6 
D/inject  (   61): [+] Out_addr in GOT afd4d5c8
D/inject  (   61): [+] Find got item afd415a8 
D/inject  (   61): [+] Out_addr in GOT afd4d5c8
D/inject  (   61): [+] Find got item afd41598 
D/inject  (   61): [+] Out_addr in GOT afd4d5c8
D/inject  (   61): [+] Find got item afd42720 
D/inject  (   61): [+] Out_addr in GOT afd4d5c8
D/inject  (   61): [+] Find got item afd42724 
D/inject  (   61): [+] Out_addr in GOT afd4d5c8
D/inject  (   61): [+] Find got item afd4d318 
D/inject  (   61): [+] Out_addr in GOT afd4d5c8
D/inject  (   61): [+] Find got item afd4d314 
D/inject  (   61): [+] Out_addr in GOT afd4d5c8
D/inject  (   61): [+] Find got item afd415b8 
D/inject  (   61): [+] Out_addr in GOT afd4d5c8
D/inject  (   61): [+] Find got item afd415be 
D/inject  (   61): [+] Out_addr in GOT afd4d5c8
D/inject  (   61): [+] Find got item afd415b0 
D/inject  (   61): [+] Out_addr in GOT afd4d5c8
D/inject  (   61): [+] Find got item afd4d5cc 
D/inject  (   61): [+] Out_addr in GOT afd4d5c8
D/inject  (   61): [+] Find got item afd46328 
D/inject  (   61): [+] Out_addr in GOT afd4d5c8
D/inject  (   61): [+] Find got item afd42750 
D/inject  (   61): [+] Out_addr in GOT afd4d5c8
D/inject  (   61): [+] Find got item afd2ae8d 
D/inject  (   61): [+] Out_addr in GOT afd4d5c8
D/inject  (   61): [+] Find got item afd2adc1 
D/inject  (   61): [+] Out_addr in GOT afd4d5c8
D/inject  (   61): [+] Find got item afd46308 
D/inject  (   61): [+] Out_addr in GOT afd4d5c8
D/inject  (   61): [+] Find got item afd40824 
D/inject  (   61): [+] Out_addr in GOT afd4d5c8
D/inject  (   61): [+] Find got item afd42760 
D/inject  (   61): [+] Out_addr in GOT afd4d5c8
D/inject  (   61): [+] Find got item afd40c3c 
D/inject  (   61): [+] Out_addr in GOT afd4d5c8
D/inject  (   61): [+] Find got item afd408dc 
D/inject  (   61): [+] Out_addr in GOT afd4d5c8
D/inject  (   61): [+] Find got item afd40918 
D/inject  (   61): [+] Out_addr in GOT afd4d5c8
D/inject  (   61): [+] Find got item afd4087c 
D/inject  (   61): [+] Out_addr in GOT afd4d5c8
D/inject  (   61): [+] Find got item afd409e4 
D/inject  (   61): [+] Out_addr in GOT afd4d5c8
D/inject  (   61): [+] Find got item afd40838 
D/inject  (   61): [+] Out_addr in GOT afd4d5c8
D/inject  (   61): [+] Find got item afd46314 
D/inject  (   61): [+] Out_addr in GOT afd4d5c8
D/inject  (   61): [+] Find got item afd46318 
D/inject  (   61): [+] Out_addr in GOT afd4d5c8
D/inject  (   61): [+] Find got item afd3a650 
D/inject  (   61): [+] Out_addr in GOT afd4d5c8
D/inject  (   61): [+] Find got item 0 
D/inject  (   61): [+] Out_addr in GOT afd4d5c8
D/inject  (   61): [+] Find got item 0 
D/inject  (   61): [+] Out_addr in GOT afd4d5c8
D/inject  (   61): [+] Find got item 0 
D/inject  (   61): [+] Out_addr in GOT afd4d5c8
D/inject  (   61): [+] Find got item b0003709 
D/inject  (   61): [+] Out_addr in GOT afd4d5c8
D/inject  (   61): [+] Find got item b00059bd 
D/inject  (   61): [+] Out_addr in GOT afd4d5c8
D/inject  (   61): [+] Find got item b0005915 
D/inject  (   61): [+] Out_addr in GOT afd4d5c8
D/inject  (   61): [+] Find got item b0005849 
D/inject  (   61): [+] Out_addr in GOT afd4d5c8
D/inject  (   61): [+] Find got item 0 
D/inject  (   61): [+] Out_addr in GOT afd4d5c8
D/inject  (   61): [+] Find got item 0 
D/inject  (   61): [+] Out_addr in GOT afd4d5c8
D/inject  (   61): [+] Find got item 0 
D/inject  (   61): [+] Out_addr in GOT afd4d5c8
D/inject  (   61): [+] Find got item 0 
D/inject  (   61): [+] Out_addr in GOT afd4d5c8
D/inject  (   61): [+] Find got item 0 
D/inject  (   61): [+] Out_addr in GOT afd4d5c8
D/inject  (   61): [+] Find got item 0 
D/inject  (   61): [+] Out_addr in GOT afd4d5c8
D/inject  (   61): [+] Find got item 0 
D/inject  (   61): [+] Out_addr in GOT afd4d5c8
D/inject  (   61): [+] Find got item 0 
D/inject  (   61): [+] Out_addr in GOT afd4d5c8
D/inject  (   61): [+] Find got item 4000 
D/inject  (   61): [+] Out_addr in GOT afd4d5c8
D/inject  (   61): [+] Find got item ffffffff 
D/inject  (   61): [+] Out_addr in GOT afd4d5c8
D/inject  (   61): [+] Find got item ffffffff 
D/inject  (   61): [+] Out_addr in GOT afd4d5c8
D/inject  (   61): [+] Find got item ffffffff 
D/inject  (   61): [+] Out_addr in GOT afd4d5c8
D/inject  (   61): [+] Find got item 1 
D/inject  (   61): [+] Out_addr in GOT afd4d5c8
D/inject  (   61): [+] Find got item 1 
D/inject  (   61): [+] Out_addr in GOT afd4d5c8
D/inject  (   61): [+] Find got item 3f 
D/inject  (   61): [+] Out_addr in GOT afd4d5c8
D/inject  (   61): [+] Find got item ffffffff 
D/inject  (   61): [+] Out_addr in GOT afd4d5c8
D/inject  (   61): [+] Find got item 0 
D/inject  (   61): [+] Out_addr in GOT afd4d5c8
D/inject  (   61): [+] Find got item 0 
D/inject  (   61): [+] Out_addr in GOT afd4d5c8
D/inject  (   61): [+] Find got item 0 
D/inject  (   61): [+] Out_addr in GOT afd4d5c8
D/inject  (   61): [+] Find got item 0 
D/inject  (   61): [+] Out_addr in GOT afd4d5c8
D/inject  (   61): [+] Find got item 8 
D/inject  (   61): [+] Out_addr in GOT afd4d5c8
D/inject  (   61): [+] Find got item ff 
D/inject  (   61): [+] Out_addr in GOT afd4d5c8
D/inject  (   61): [+] Find got item 20202020 
D/inject  (   61): [+] Out_addr in GOT afd4d5c8
D/inject  (   61): [+] Find got item 20202020 
D/inject  (   61): [+] Out_addr in GOT afd4d5c8
D/inject  (   61): [+] Find got item 20202020 
D/inject  (   61): [+] Out_addr in GOT afd4d5c8
D/inject  (   61): [+] Find got item 20202020 
D/inject  (   61): [+] Out_addr in GOT afd4d5c8
D/inject  (   61): [+] Find got item 30303030 
D/inject  (   61): [+] Out_addr in GOT afd4d5c8
D/inject  (   61): [+] Find got item 30303030 
D/inject  (   61): [+] Out_addr in GOT afd4d5c8
D/inject  (   61): [+] Find got item 30303030 
D/inject  (   61): [+] Out_addr in GOT afd4d5c8
D/inject  (   61): [+] Find got item 30303030 
D/inject  (   61): [+] Out_addr in GOT afd4d5c8
D/inject  (   61): [+] Find got item 1dd44557 
D/inject  (   61): [+] Out_addr in GOT afd4d5c8
D/inject  (   61): [+] Find got item 6378 
D/inject  (   61): [+] Out_addr in GOT afd4d5c8
D/inject  (   61): [+] Find got item deece66d 
D/inject  (   61): [+] Out_addr in GOT afd4d5c8
D/inject  (   61): [+] Find got item b0005 
D/inject  (   61): [+] Out_addr in GOT afd4d5c8
D/inject  (   61): [+] Find got item 0 
D/inject  (   61): [+] Out_addr in GOT afd4d5c8
D/inject  (   61): [+] Find got item 202020 
D/inject  (   61): [+] Out_addr in GOT afd4d5c8
D/inject  (   61): [+] Find got item abcd330e 
D/inject  (   61): [+] Out_addr in GOT afd4d5c8
D/inject  (   61): [+] Find got item 1234 
D/inject  (   61): [+] Out_addr in GOT afd4d5c8
D/inject  (   61): [+] Find got item deece66d 
D/inject  (   61): [+] Out_addr in GOT afd4d5c8
D/inject  (   61): [+] Find got item b0005 
D/inject  (   61): [+] Out_addr in GOT afd4d5c8
D/inject  (   61): [+] Find got item 1000 
D/inject  (   61): [+] Out_addr in GOT afd4d5c8
D/inject  (   61): [+] Find got item c 
D/inject  (   61): [+] Out_addr in GOT afd4d5c8
D/inject  (   61): [+] Find got item 7261762f 
D/inject  (   61): [+] Out_addr in GOT afd4d5c8
D/inject  (   61): [+] Find got item 6e75722f 
D/inject  (   61): [+] Out_addr in GOT afd4d5c8
D/inject  (   61): [+] Find got item 6d74752f 
D/inject  (   61): [+] Out_addr in GOT afd4d5c8
D/inject  (   61): [+] Find got item 70 
D/inject  (   61): [+] Out_addr in GOT afd4d5c8
D/inject  (   61): [+] Find got item 0 
D/inject  (   61): [+] Out_addr in GOT afd4d5c8
D/inject  (   61): [+] Find got item 0 
D/inject  (   61): [+] Out_addr in GOT afd4d5c8
D/inject  (   61): [+] Find got item 0 
D/inject  (   61): [+] Out_addr in GOT afd4d5c8
D/inject  (   61): [+] Find got item 0 
D/inject  (   61): [+] Out_addr in GOT afd4d5c8
D/inject  (   61): [+] Find got item 0 
D/inject  (   61): [+] Out_addr in GOT afd4d5c8
D/inject  (   61): [+] Find got item 0 
D/inject  (   61): [+] Out_addr in GOT afd4d5c8
D/inject  (   61): [+] Find got item 0 
D/inject  (   61): [+] Out_addr in GOT afd4d5c8
D/inject  (   61): [+] Find got item 0 
D/inject  (   61): [+] Out_addr in GOT afd4d5c8
D/inject  (   61): [+] Find got item 0 
D/inject  (   61): [+] Out_addr in GOT afd4d5c8
D/inject  (   61): [+] Find got item 0 
D/inject  (   61): [+] Out_addr in GOT afd4d5c8
D/inject  (   61): [+] Find got item 0 
D/inject  (   61): [+] Out_addr in GOT afd4d5c8
D/inject  (   61): [+] Find got item 0 
D/inject  (   61): [+] Out_addr in GOT afd4d5c8
D/inject  (   61): [+] Find got item 0 
D/inject  (   61): [+] Out_addr in GOT afd4d5c8
D/inject  (   61): [+] Find got item 0 
D/inject  (   61): [+] Out_addr in GOT afd4d5c8
D/inject  (   61): [+] Find got item 0 
D/inject  (   61): [+] Out_addr in GOT afd4d5c8
D/inject  (   61): [+] Find got item 0 
D/inject  (   61): [+] Out_addr in GOT afd4d5c8
D/inject  (   61): [+] Find got item 0 
D/inject  (   61): [+] Out_addr in GOT afd4d5c8
D/inject  (   61): [+] Find got item 0 
D/inject  (   61): [+] Out_addr in GOT afd4d5c8
D/inject  (   61): [+] Find got item 0 
D/inject  (   61): [+] Out_addr in GOT afd4d5c8
D/inject  (   61): [+] Find got item 0 
D/inject  (   61): [+] Out_addr in GOT afd4d5c8
D/inject  (   61): [+] Find got item 0 
D/inject  (   61): [+] Out_addr in GOT afd4d5c8
D/inject  (   61): [+] Find got item 0 
D/inject  (   61): [+] Out_addr in GOT afd4d5c8
D/inject  (   61): [+] Find got item 0 
D/inject  (   61): [+] Out_addr in GOT afd4d5c8
D/inject  (   61): [+] Find got item 0 
D/inject  (   61): [+] Out_addr in GOT afd4d5c8
D/inject  (   61): [+] Find got item 0 
D/inject  (   61): [+] Out_addr in GOT afd4d5c8
D/inject  (   61): [+] Find got item 0 
D/inject  (   61): [+] Out_addr in GOT afd4d5c8
D/inject  (   61): [+] Find got item 0 
D/inject  (   61): [+] Out_addr in GOT afd4d5c8
D/inject  (   61): [+] Find got item 0 
D/inject  (   61): [+] Out_addr in GOT afd4d5c8
D/inject  (   61): [+] Find got item 0 
D/inject  (   61): [+] Out_addr in GOT afd4d5c8
D/inject  (   61): [+] Find got item 0 
D/inject  (   61): [+] Out_addr in GOT afd4d5c8
D/inject  (   61): [+] Find got item 0 
D/inject  (   61): [+] Out_addr in GOT afd4d5c8
D/inject  (   61): [+] Find got item 0 
D/inject  (   61): [+] Out_addr in GOT afd4d5c8
D/inject  (   61): [+] Find got item 0 
D/inject  (   61): [+] Out_addr in GOT afd4d5c8
D/inject  (   61): [+] Find got item 0 
D/inject  (   61): [+] Out_addr in GOT afd4d5c8
D/inject  (   61): [+] Find got item 0 
D/inject  (   61): [+] Out_addr in GOT afd4d5c8
D/inject  (   61): [+] Find got item 0 
D/inject  (   61): [+] Out_addr in GOT afd4d5c8
D/inject  (   61): [+] Find got item 0 
D/inject  (   61): [+] Out_addr in GOT afd4d5c8
D/inject  (   61): [+] Find got item 0 
D/inject  (   61): [+] Out_addr in GOT afd4d5c8
D/inject  (   61): [+] Find got item 0 
D/inject  (   61): [+] Out_addr in GOT afd4d5c8
D/inject  (   61): [+] Find got item 0 
D/inject  (   61): [+] Out_addr in GOT afd4d5c8
D/inject  (   61): [+] Find got item 0 
D/inject  (   61): [+] Out_addr in GOT afd4d5c8
D/inject  (   61): [+] Find got item 0 
D/inject  (   61): [+] Out_addr in GOT afd4d5c8
D/inject  (   61): [+] Find got item 0 
D/inject  (   61): [+] Out_addr in GOT afd4d5c8
D/inject  (   61): [+] Find got item 0 
D/inject  (   61): [+] Out_addr in GOT afd4d5c8
D/inject  (   61): [+] Find got item 0 
D/inject  (   61): [+] Out_addr in GOT afd4d5c8
D/inject  (   61): [+] Find got item 0 
D/inject  (   61): [+] Out_addr in GOT afd4d5c8
D/inject  (   61): [+] Find got item 0 
D/inject  (   61): [+] Out_addr in GOT afd4d5c8
D/inject  (   61): [+] Find got item 0 
D/inject  (   61): [+] Out_addr in GOT afd4d5c8
D/inject  (   61): [+] Find got item 0 
D/inject  (   61): [+] Out_addr in GOT afd4d5c8
D/inject  (   61): [+] Find got item 0 
D/inject  (   61): [+] Out_addr in GOT afd4d5c8
D/inject  (   61): [+] Find got item 0 
D/inject  (   61): [+] Out_addr in GOT afd4d5c8
D/inject  (   61): [+] Find got item 0 
D/inject  (   61): [+] Out_addr in GOT afd4d5c8
D/inject  (   61): [+] Find got item 0 
D/inject  (   61): [+] Out_addr in GOT afd4d5c8
D/inject  (   61): [+] Find got item 0 
D/inject  (   61): [+] Out_addr in GOT afd4d5c8
D/inject  (   61): [+] Find got item 0 
D/inject  (   61): [+] Out_addr in GOT afd4d5c8
D/inject  (   61): [+] Find got item 0 
D/inject  (   61): [+] Out_addr in GOT afd4d5c8
D/inject  (   61): [+] Find got item 0 
D/inject  (   61): [+] Out_addr in GOT afd4d5c8
D/inject  (   61): [+] Find got item 0 
D/inject  (   61): [+] Out_addr in GOT afd4d5c8
D/inject  (   61): [+] Find got item 0 
D/inject  (   61): [+] Out_addr in GOT afd4d5c8
D/inject  (   61): [+] Find got item 0 
D/inject  (   61): [+] Out_addr in GOT afd4d5c8
D/inject  (   61): [+] Find got item 0 
D/inject  (   61): [+] Out_addr in GOT afd4d5c8
D/inject  (   61): [+] Find got item 0 
D/inject  (   61): [+] Out_addr in GOT afd4d5c8
D/inject  (   61): [+] Find got item 0 
D/inject  (   61): [+] Out_addr in GOT afd4d5c8
D/inject  (   61): [+] Find got item 0 
D/inject  (   61): [+] Out_addr in GOT afd4d5c8
D/inject  (   61): [+] Find got item 0 
D/inject  (   61): [+] Out_addr in GOT afd4d5c8
D/inject  (   61): [+] Find got item 0 
D/inject  (   61): [+] Out_addr in GOT afd4d5c8
D/inject  (   61): [+] Find got item 0 
D/inject  (   61): [+] Out_addr in GOT afd4d5c8
D/inject  (   61): [+] Find got item 0 
D/inject  (   61): [+] Out_addr in GOT afd4d5c8
D/inject  (   61): [+] Find got item 0 
D/inject  (   61): [+] Out_addr in GOT afd4d5c8
D/inject  (   61): [+] Find got item 0 
D/inject  (   61): [+] Out_addr in GOT afd4d5c8
D/inject  (   61): [+] Find got item 0 
D/inject  (   61): [+] Out_addr in GOT afd4d5c8
D/inject  (   61): [+] Find got item 0 
D/inject  (   61): [+] Out_addr in GOT afd4d5c8
D/inject  (   61): [+] Find got item 0 
D/inject  (   61): [+] Out_addr in GOT afd4d5c8
D/inject  (   61): [+] Find got item 0 
D/inject  (   61): [+] Out_addr in GOT afd4d5c8
D/inject  (   61): [+] Find got item 0 
D/inject  (   61): [+] Out_addr in GOT afd4d5c8
D/inject  (   61): [+] Find got item 0 
D/inject  (   61): [+] Out_addr in GOT afd4d5c8
D/inject  (   61): [+] Find got item 0 
D/inject  (   61): [+] Out_addr in GOT afd4d5c8
D/inject  (   61): [+] Find got item 0 
D/inject  (   61): [+] Out_addr in GOT afd4d5c8
D/inject  (   61): [+] Find got item 0 
D/inject  (   61): [+] Out_addr in GOT afd4d5c8
D/inject  (   61): [+] Find got item 0 
D/inject  (   61): [+] Out_addr in GOT afd4d5c8
D/inject  (   61): [+] Find got item 0 
D/inject  (   61): [+] Out_addr in GOT afd4d5c8
D/inject  (   61): [+] Find got item 0 
D/inject  (   61): [+] Out_addr in GOT afd4d5c8
D/inject  (   61): [+] Find got item 0 
D/inject  (   61): [+] Out_addr in GOT afd4d5c8
D/inject  (   61): [+] Find got item 0 
D/inject  (   61): [+] Out_addr in GOT afd4d5c8
D/inject  (   61): [+] Find got item 0 
D/inject  (   61): [+] Out_addr in GOT afd4d5c8
D/inject  (   61): [+] Find got item 0 
D/inject  (   61): [+] Out_addr in GOT afd4d5c8
D/inject  (   61): [+] Find got item 0 
D/inject  (   61): [+] Out_addr in GOT afd4d5c8
D/inject  (   61): [+] Find got item 0 
D/inject  (   61): [+] Out_addr in GOT afd4d5c8
D/inject  (   61): [+] Find got item 0 
D/inject  (   61): [+] Out_addr in GOT afd4d5c8
D/inject  (   61): [+] Find got item 0 
D/inject  (   61): [+] Out_addr in GOT afd4d5c8
D/inject  (   61): [+] Find got item 0 
D/inject  (   61): [+] Out_addr in GOT afd4d5c8
D/inject  (   61): [+] Find got item 0 
D/inject  (   61): [+] Out_addr in GOT afd4d5c8
D/inject  (   61): [+] Find got item 0 
D/inject  (   61): [+] Out_addr in GOT afd4d5c8
D/inject  (   61): [+] Find got item 0 
D/inject  (   61): [+] Out_addr in GOT afd4d5c8
D/inject  (   61): [+] Find got item 0 
D/inject  (   61): [+] Out_addr in GOT afd4d5c8
D/inject  (   61): [+] Find got item 0 
D/inject  (   61): [+] Out_addr in GOT afd4d5c8
D/inject  (   61): [+] Find got item 0 
D/inject  (   61): [+] Out_addr in GOT afd4d5c8
D/inject  (   61): [+] Find got item 0 
D/inject  (   61): [+] Out_addr in GOT afd4d5c8
D/inject  (   61): [+] Find got item 0 
D/inject  (   61): [+] Out_addr in GOT afd4d5c8
D/inject  (   61): [+] Find got item 0 
D/inject  (   61): [+] Out_addr in GOT afd4d5c8
D/inject  (   61): [+] Find got item 0 
D/inject  (   61): [+] Out_addr in GOT afd4d5c8
D/inject  (   61): [+] Find got item 0 
D/inject  (   61): [+] Out_addr in GOT afd4d5c8
D/inject  (   61): [+] Find got item 0 
D/inject  (   61): [+] Out_addr in GOT afd4d5c8
D/inject  (   61): [+] Find got item 0 
D/inject  (   61): [+] Out_addr in GOT afd4d5c8
D/inject  (   61): [+] Find got item 0 
D/inject  (   61): [+] Out_addr in GOT afd4d5c8
D/inject  (   61): [+] Find got item 0 
D/inject  (   61): [+] Out_addr in GOT afd4d5c8
D/inject  (   61): [+] Find got item 0 
D/inject  (   61): [+] Out_addr in GOT afd4d5c8
D/inject  (   61): [+] Find got item 0 
D/inject  (   61): [+] Out_addr in GOT afd4d5c8
D/inject  (   61): [+] Find got item 0 
D/inject  (   61): [+] Out_addr in GOT afd4d5c8
D/inject  (   61): [+] Find got item 0 
D/inject  (   61): [+] Out_addr in GOT afd4d5c8
D/inject  (   61): [+] Find got item 0 
D/inject  (   61): [+] Out_addr in GOT afd4d5c8
D/inject  (   61): [+] Find got item 0 
D/inject  (   61): [+] Out_addr in GOT afd4d5c8
D/inject  (   61): [+] Find got item 0 
D/inject  (   61): [+] Out_addr in GOT afd4d5c8
D/inject  (   61): [+] Find got item 0 
D/inject  (   61): [+] Out_addr in GOT afd4d5c8
D/inject  (   61): [+] Find got item 0 
D/inject  (   61): [+] Out_addr in GOT afd4d5c8
D/inject  (   61): [+] Find got item 0 
D/inject  (   61): [+] Out_addr in GOT afd4d5c8
D/inject  (   61): [+] Find got item 0 
D/inject  (   61): [+] Out_addr in GOT afd4d5c8
D/inject  (   61): [+] Find got item 0 
D/inject  (   61): [+] Out_addr in GOT afd4d5c8
D/inject  (   61): [+] Find got item 0 
D/inject  (   61): [+] Out_addr in GOT afd4d5c8
D/inject  (   61): [+] Find got item 0 
D/inject  (   61): [+] Out_addr in GOT afd4d5c8
D/inject  (   61): [+] Find got item 0 
D/inject  (   61): [+] Out_addr in GOT afd4d5c8
D/inject  (   61): [+] Find got item 0 
D/inject  (   61): [+] Out_addr in GOT afd4d5c8
D/inject  (   61): [+] Find got item 0 
D/inject  (   61): [+] Out_addr in GOT afd4d5c8
D/inject  (   61): [+] Find got item 0 
D/inject  (   61): [+] Out_addr in GOT afd4d5c8
D/inject  (   61): [+] Find got item 0 
D/inject  (   61): [+] Out_addr in GOT afd4d5c8
D/inject  (   61): [+] Find got item 0 
D/inject  (   61): [+] Out_addr in GOT afd4d5c8
D/inject  (   61): [+] Find got item 0 
D/inject  (   61): [+] Out_addr in GOT afd4d5c8
D/inject  (   61): [+] Find got item 0 
D/inject  (   61): [+] Out_addr in GOT afd4d5c8
D/inject  (   61): [+] Find got item 0 
D/inject  (   61): [+] Out_addr in GOT afd4d5c8
D/inject  (   61): [+] Find got item 0 
D/inject  (   61): [+] Out_addr in GOT afd4d5c8
D/inject  (   61): [+] Find got item 0 
D/inject  (   61): [+] Out_addr in GOT afd4d5c8
D/inject  (   61): [+] Find got item 0 
D/inject  (   61): [+] Out_addr in GOT afd4d5c8
D/inject  (   61): [+] Find got item 0 
D/inject  (   61): [+] Out_addr in GOT afd4d5c8
D/inject  (   61): [+] Find got item 0 
D/inject  (   61): [+] Out_addr in GOT afd4d5c8
D/inject  (   61): [+] Find got item 0 
D/inject  (   61): [+] Out_addr in GOT afd4d5c8
D/inject  (   61): [+] Find got item 0 
D/inject  (   61): [+] Out_addr in GOT afd4d5c8
D/inject  (   61): [+] Find got item 0 
D/inject  (   61): [+] Out_addr in GOT afd4d5c8
D/inject  (   61): [+] Find got item 0 
D/inject  (   61): [+] Out_addr in GOT afd4d5c8
D/inject  (   61): [+] Find got item 0 
D/inject  (   61): [+] Out_addr in GOT afd4d5c8
D/inject  (   61): [+] Find got item 0 
D/inject  (   61): [+] Out_addr in GOT afd4d5c8
D/inject  (   61): [+] Find got item 0 
D/inject  (   61): [+] Out_addr in GOT afd4d5c8
D/inject  (   61): [+] Find got item 0 
D/inject  (   61): [+] Out_addr in GOT afd4d5c8
D/inject  (   61): [+] Find got item 0 
D/inject  (   61): [+] Out_addr in GOT afd4d5c8
D/inject  (   61): [+] Find got item 0 
D/inject  (   61): [+] Out_addr in GOT afd4d5c8
D/inject  (   61): [+] Find got item 0 
D/inject  (   61): [+] Out_addr in GOT afd4d5c8
D/inject  (   61): [+] Find got item 0 
D/inject  (   61): [+] Out_addr in GOT afd4d5c8
D/inject  (   61): [+] Find got item 0 
D/inject  (   61): [+] Out_addr in GOT afd4d5c8
D/inject  (   61): [+] Find got item 0 
D/inject  (   61): [+] Out_addr in GOT afd4d5c8
D/inject  (   61): [+] Find got item 0 
D/inject  (   61): [+] Out_addr in GOT afd4d5c8
D/inject  (   61): [+] Find got item 0 
D/inject  (   61): [+] Out_addr in GOT afd4d5c8
D/inject  (   61): [+] Find got item 0 
D/inject  (   61): [+] Out_addr in GOT afd4d5c8
D/inject  (   61): [+] Find got item 0 
D/inject  (   61): [+] Out_addr in GOT afd4d5c8
D/inject  (   61): [+] Find got item 0 
D/inject  (   61): [+] Out_addr in GOT afd4d5c8
D/inject  (   61): [+] Find got item 0 
D/inject  (   61): [+] Out_addr in REL.PLT table before 0
D/inject  (   61): [+] Out_size of func in REL.PLT table before 0
D/inject  (   61): [+] Out_addr in REL.PLT table afd0a424
D/inject  (   61): [+] Out_size of func in REL.PLT table 30
D/inject  (   61): [+] Out_addr in REL.PLT table afd0a424
D/inject  (   61): [+] Out_size of func in REL.PLT table 30
D/inject  (   61): [+] target pid 3d
D/inject  (   61): [+] Find got_item for REL.PLT ff 
D/inject  (   61): [+] Find got item for Rel 41510 
D/inject  (   61): [+] Find got item for Rel 6c16 
D/inject  (   61): [+] Find got item for Rel 41514 
D/inject  (   61): [+] Find got item for Rel 9516 
D/inject  (   61): [+] Find got item for Rel 41518 
D/inject  (   61): [+] Find got item for Rel 9616 
D/inject  (   61): [+] Find got item for Rel 4151c 
D/inject  (   61): [+] Find got item for Rel 9716 
D/inject  (   61): [+] Find got item for Rel 41520 
D/inject  (   61): [+] Find got item for Rel 45a16 
D/inject  (   61): [+] Find got item for Rel 41524 
D/inject  (   61): [+] Find got item for Rel 45b16 
D/inject  (   61): [+] Find got item for Rel ea30 
D/inject  (   61): [+] Find got item for Rel 45c02 
D/inject  (   61): [+] Find got item for Rel 0 
D/inject  (   61): [+] Find got item for Rel 0 
D/inject  (   61): [+] Find got item for Rel 0 
D/inject  (   61): [+] Find got item for Rel 0 
D/inject  (   61): [+] Find got item for Rel 0 
D/inject  (   61): [+] Find got item for Rel 0 
D/inject  (   61): [+] Find got item for Rel 0 
D/inject  (   61): [+] Find got item for Rel 0 
D/inject  (   61): [+] Find got item for Rel 0 
D/inject  (   61): [+] Find got item for Rel 0 
D/inject  (   61): [+] Find got item for Rel 0 
D/inject  (   61): [+] Find got item for Rel 0 
D/inject  (   61): [+] Find got item for Rel 0 
D/inject  (   61): [+] Find got item for Rel 0 
D/inject  (   61): [+] Find got item for Rel 0 
D/inject  (   61): [+] Find got item for Rel 0 
D/inject  (   61): [+] Find got item for Rel 0 
D/inject  (   61): [+] Find got item for Rel 0 
D/inject  (   61): [+] Find got item for Rel 0 
D/inject  (   61): [+] Find got item for Rel 0 
D/inject  (   61): [+] Find got item for Rel 0 
D/inject  (   61): [+] Find got item for Rel 0 
D/inject  (   61): [+] Find got item for Rel 0 
D/inject  (   61): [+] Find got item for Rel 0 
D/inject  (   61): [+] Find got item for Rel 0 
D/inject  (   61): [+] Find got item for Rel 0 
D/inject  (   61): [+] Find got item for Rel 0 
D/inject  (   61): [+] Find got item for Rel 0 
D/inject  (   61): [+] Find got item for Rel 0 
D/inject  (   61): [+] Find got item for Rel 0 
D/inject  (   61): [+] Find got item for Rel 0 
D/inject  (   61): [+] Find got item for Rel 0 
D/inject  (   61): [+] Find got item for Rel 0 
D/inject  (   61): [+] Find got item for Rel 0 
