D/dalvikvm(   33): GC_EXPLICIT freed 17K, 66% free 356K/1024K, external 0K/0K, paused 5ms
D/dalvikvm(   33): GC_EXPLICIT freed 26K, 63% free 385K/1024K, external 0K/0K, paused 4ms
D/dalvikvm(   33): GC_EXPLICIT freed 20K, 57% free 441K/1024K, external 0K/0K, paused 5ms
W/MediaProfiles(   33): could not find media config xml file
D/dalvikvm(   33): GC_EXPLICIT freed 99K, 47% free 547K/1024K, external 0K/0K, paused 7ms
D/dalvikvm(   33): GC_EXPLICIT freed 272K, 28% free 885K/1219K, external 0K/0K, paused 14ms
D/dalvikvm(   33): GC_EXPLICIT freed 21K, 24% free 932K/1219K, external 0K/0K, paused 10ms
D/RenderScript_jni(   33): RenderScript JNI library not found!
D/dalvikvm(   33): GC_EXPLICIT freed 25K, 19% free 999K/1219K, external 0K/0K, paused 11ms
D/dalvikvm(   33): GC_EXPLICIT freed 47K, 5% free 1281K/1347K, external 0K/0K, paused 17ms
D/dalvikvm(   33): GC_EXPLICIT freed 24K, 3% free 1311K/1347K, external 0K/0K, paused 18ms
D/dalvikvm(   33): GC_EXPLICIT freed 28K, 6% free 1336K/1411K, external 0K/0K, paused 19ms
D/dalvikvm(   33): GC_EXPLICIT freed 14K, 3% free 1377K/1411K, external 0K/0K, paused 19ms
D/dalvikvm(   33): GC_EXPLICIT freed 28K, 5% free 1402K/1475K, external 0K/0K, paused 20ms
D/dalvikvm(   33): GC_EXPLICIT freed 28K, 3% free 1439K/1475K, external 0K/0K, paused 22ms
D/dalvikvm(   33): GC_EXPLICIT freed 38K, 6% free 1457K/1539K, external 0K/0K, paused 20ms
D/dalvikvm(   33): GC_EXPLICIT freed 40K, 5% free 1471K/1539K, external 0K/0K, paused 20ms
D/dalvikvm(   33): GC_EXPLICIT freed 55K, 8% free 1485K/1603K, external 0K/0K, paused 21ms
D/dalvikvm(   33): GC_FOR_MALLOC freed 2954K, 58% free 2168K/5123K, external 0K/0K, paused 68ms
D/dalvikvm(   33): GC_EXPLICIT freed 1403K, 55% free 2310K/5123K, external 0K/0K, paused 47ms
D/dalvikvm(   33): GC_EXPLICIT freed 148K, 54% free 2373K/5123K, external 0K/0K, paused 36ms
D/dalvikvm(   33): GC_EXPLICIT freed 73K, 54% free 2398K/5123K, external 0K/0K, paused 35ms
D/dalvikvm(   33): GC_EXPLICIT freed 36K, 53% free 2416K/5123K, external 0K/0K, paused 35ms
D/dalvikvm(   33): GC_EXPLICIT freed 31K, 53% free 2439K/5123K, external 0K/0K, paused 35ms
D/dalvikvm(   33): GC_EXPLICIT freed 38K, 52% free 2462K/5123K, external 0K/0K, paused 34ms
I/Zygote  (   33): ...preloaded 1830 classes in 6939ms.
E/Zygote  (   33): setreuid() failed. errno: 17
D/dalvikvm(   33): GC_EXPLICIT freed 18K, 52% free 2460K/5123K, external 0K/0K, paused 34ms
I/Zygote  (   33): Preloading resources...
D/dalvikvm(   33): GC_EXTERNAL_ALLOC freed <1K, 52% free 2462K/5123K, external 0K/0K, paused 34ms
W/Zygote  (   33): Preloaded drawable resource #0x1080093 (res/drawable-hdpi/sym_def_app_icon.png) that varies with configuration!!
W/Zygote  (   33): Preloaded drawable resource #0x1080002 (res/drawable-hdpi/arrow_down_float.png) that varies with configuration!!
W/Zygote  (   33): Preloaded drawable resource #0x10800b4 (res/drawable/btn_check.xml) that varies with configuration!!
W/Zygote  (   33): Preloaded drawable resource #0x10800b7 (res/drawable-hdpi/btn_check_label_background.9.png) that varies with configuration!!
W/Zygote  (   33): Preloaded drawable resource #0x10800b8 (res/drawable-hdpi/btn_check_off.png) that varies with configuration!!
W/Zygote  (   33): Preloaded drawable resource #0x10800bd (res/drawable-hdpi/btn_check_on.png) that varies with configuration!!
W/Zygote  (   33): Preloaded drawable resource #0x1080004 (res/drawable/btn_default.xml) that varies with configuration!!
W/Zygote  (   33): Preloaded drawable resource #0x1080005 (res/drawable/btn_default_small.xml) that varies with configuration!!
W/Zygote  (   33): Preloaded drawable resource #0x1080006 (res/drawable/btn_dropdown.xml) that varies with configuration!!
D/dalvikvm(   33): GC_EXTERNAL_ALLOC freed 15K, 52% free 2484K/5123K, external 508K/532K, paused 35ms
W/Zygote  (   33): Preloaded drawable resource #0x1080008 (res/drawable/btn_plus.xml) that varies with configuration!!
W/Zygote  (   33): Preloaded drawable resource #0x1080007 (res/drawable/btn_minus.xml) that varies with configuration!!
W/Zygote  (   33): Preloaded drawable resource #0x1080009 (res/drawable/btn_radio.xml) that varies with configuration!!
W/Zygote  (   33): Preloaded drawable resource #0x108000a (res/drawable/btn_star.xml) that varies with configuration!!
D/dalvikvm(   33): GC_EXPLICIT freed 9K, 52% free 2499K/5123K, external 927K/1049K, paused 34ms
W/Zygote  (   33): Preloaded drawable resource #0x1080132 (res/drawable/btn_toggle.xml) that varies with configuration!!
W/Zygote  (   33): Preloaded drawable resource #0x1080196 (res/drawable-hdpi/ic_emergency.png) that varies with configuration!!
W/Zygote  (   33): Preloaded drawable resource #0x1080012 (res/drawable-hdpi/divider_horizontal_bright.9.png) that varies with configuration!!
W/Zygote  (   33): Preloaded drawable resource #0x1080014 (res/drawable-hdpi/divider_horizontal_dark.9.png) that varies with configuration!!
W/Zygote  (   33): Preloaded drawable resource #0x1080016 (res/drawable/edit_text.xml) that varies with configuration!!
W/Zygote  (   33): Preloaded drawable resource #0x1080170 (res/drawable/expander_group.xml) that varies with configuration!!
D/dalvikvm(   33): GC_EXTERNAL_ALLOC freed 10K, 52% free 2507K/5123K, external 1032K/1049K, paused 35ms
W/Zygote  (   33): Preloaded drawable resource #0x1080062 (res/drawable/list_selector_background.xml) that varies with configuration!!
W/Zygote  (   33): Preloaded drawable resource #0x108022a (res/drawable-hdpi/menu_background.9.png) that varies with configuration!!
W/Zygote  (   33): Preloaded drawable resource #0x108022b (res/drawable-hdpi/menu_background_fill_parent_width.9.png) that varies with configuration!!
W/Zygote  (   33): Preloaded drawable resource #0x108022c (res/drawable/menu_selector.xml) that varies with configuration!!
W/Zygote  (   33): Preloaded drawable resource #0x108023a (res/drawable-hdpi/panel_background.9.png) that varies with configuration!!
W/Zygote  (   33): Preloaded drawable resource #0x1080242 (res/drawable-hdpi/popup_bottom_bright.9.png) that varies with configuration!!
W/Zygote  (   33): Preloaded drawable resource #0x1080243 (res/drawable-hdpi/popup_bottom_dark.9.png) that varies with configuration!!
W/Zygote  (   33): Preloaded drawable resource #0x1080244 (res/drawable-hdpi/popup_bottom_medium.9.png) that varies with configuration!!
W/Zygote  (   33): Preloaded drawable resource #0x1080245 (res/drawable-hdpi/popup_center_bright.9.png) that varies with configuration!!
W/Zygote  (   33): Preloaded drawable resource #0x1080246 (res/drawable-hdpi/popup_center_dark.9.png) that varies with configuration!!
W/Zygote  (   33): Preloaded drawable resource #0x1080249 (res/drawable-hdpi/popup_full_dark.9.png) that varies with configuration!!
W/Zygote  (   33): Preloaded drawable resource #0x108024c (res/drawable-hdpi/popup_top_bright.9.png) that varies with configuration!!
W/Zygote  (   33): Preloaded drawable resource #0x108024d (res/drawable-hdpi/popup_top_dark.9.png) that varies with configuration!!
W/Zygote  (   33): Preloaded drawable resource #0x108006d (res/drawable/progress_indeterminate_horizontal.xml) that varies with configuration!!
W/Zygote  (   33): Preloaded drawable resource #0x1080253 (res/drawable/progress_small.xml) that varies with configuration!!
W/Zygote  (   33): Preloaded drawable resource #0x1080254 (res/drawable/progress_small_titlebar.xml) that varies with configuration!!
W/Zygote  (   33): Preloaded drawable resource #0x1080274 (res/drawable-hdpi/scrollbar_handle_horizontal.9.png) that varies with configuration!!
W/Zygote  (   33): Preloaded drawable resource #0x1080275 (res/drawable-hdpi/scrollbar_handle_vertical.9.png) that varies with configuration!!
D/dalvikvm(   33): GC_EXPLICIT freed 20K, 51% free 2525K/5123K, external 1327K/1566K, paused 35ms
W/Zygote  (   33): Preloaded drawable resource #0x1080071 (res/drawable/spinner_dropdown_background.xml) that varies with configuration!!
W/Zygote  (   33): Preloaded drawable resource #0x1080312 (res/drawable-hdpi/text_select_handle_left.png) that varies with configuration!!
W/Zygote  (   33): Preloaded drawable resource #0x1080313 (res/drawable-hdpi/text_select_handle_middle.png) that varies with configuration!!
W/Zygote  (   33): Preloaded drawable resource #0x1080314 (res/drawable-hdpi/text_select_handle_right.png) that varies with configuration!!
W/Zygote  (   33): Preloaded drawable resource #0x1080335 (res/drawable-hdpi/title_bar_shadow.9.png) that varies with configuration!!
W/Zygote  (   33): Preloaded drawable resource #0x10801d8 (res/drawable-hdpi/indicator_code_lock_drag_direction_green_up.png) that varies with configuration!!
W/Zygote  (   33): Preloaded drawable resource #0x10801d9 (res/drawable-hdpi/indicator_code_lock_drag_direction_red_up.png) that varies with configuration!!
W/Zygote  (   33): Preloaded drawable resource #0x10801da (res/drawable-hdpi/indicator_code_lock_point_area_default.png) that varies with configuration!!
W/Zygote  (   33): Preloaded drawable resource #0x10801db (res/drawable-hdpi/indicator_code_lock_point_area_green.png) that varies with configuration!!
D/dalvikvm(   33): GC_EXTERNAL_ALLOC freed 15K, 51% free 2526K/5123K, external 1561K/1566K, paused 34ms
W/Zygote  (   33): Preloaded drawable resource #0x10801dc (res/drawable-hdpi/indicator_code_lock_point_area_red.png) that varies with configuration!!
I/Zygote  (   33): ...preloaded 51 resources in 713ms.
I/Zygote  (   33): ...preloaded 15 resources in 13ms.
D/dalvikvm(   33): GC_EXPLICIT freed 8K, 51% free 2532K/5123K, external 1625K/2137K, paused 34ms
D/dalvikvm(   33): GC_EXPLICIT freed 5K, 51% free 2527K/5123K, external 1625K/2137K, paused 35ms
D/dalvikvm(   33): GC_EXPLICIT freed <1K, 51% free 2526K/5123K, external 1625K/2137K, paused 35ms
I/dalvikvm(   33): System server process 61 has been created
I/Zygote  (   33): Accepting command socket connections
E/BatteryService(   61): usbOnlinePath not found
E/BatteryService(   61): batteryVoltagePath not found
E/BatteryService(   61): batteryTemperaturePath not found
I/sysproc (   61): Entered system_init()
I/sysproc (   61): ServiceManager: 0xec9a8
I/SurfaceFlinger(   61): SurfaceFlinger is starting
I/SurfaceFlinger(   61): SurfaceFlinger's main thread ready to run. Initializing graphics H/W...
E/SurfaceFlinger(   61): Couldn't open /sys/power/wait_for_fb_sleep or /sys/power/wait_for_fb_wake
I/gralloc (   61): using (fd=26)
I/gralloc (   61): id           = 
I/gralloc (   61): xres         = 480 px
I/gralloc (   61): yres         = 800 px
I/gralloc (   61): xres_virtual = 480 px
I/gralloc (   61): yres_virtual = 1600 px
I/gralloc (   61): bpp          = 16
I/gralloc (   61): r            = 11:5
I/gralloc (   61): g            =  5:6
I/gralloc (   61): b            =  0:5
I/gralloc (   61): width        = 74 mm (164.756760 dpi)
I/gralloc (   61): height       = 123 mm (165.203247 dpi)
I/gralloc (   61): refresh rate = 60.00 Hz
D/libEGL  (   61): egl.cfg not found, using default config
D/libEGL  (   61): loaded /system/lib/egl/libGLES_android.so
I/SurfaceFlinger(   61): EGL informations:
I/SurfaceFlinger(   61): # of configs : 8
I/SurfaceFlinger(   61): vendor    : Android
I/SurfaceFlinger(   61): version   : 1.4 Android META-EGL
I/SurfaceFlinger(   61): extensions: EGL_KHR_image EGL_KHR_image_base EGL_KHR_image_pixmap EGL_ANDROID_image_native_buffer EGL_ANDROID_swap_rectangle 
I/SurfaceFlinger(   61): Client API: OpenGL ES
I/SurfaceFlinger(   61): EGLSurface: 5-6-5-0, config=0x0
I/SurfaceFlinger(   61): OpenGL informations:
I/SurfaceFlinger(   61): vendor    : Android
I/SurfaceFlinger(   61): renderer  : Android PixelFlinger 1.4
I/SurfaceFlinger(   61): version   : OpenGL ES-CM 1.0
I/SurfaceFlinger(   61): extensions: GL_OES_byte_coordinates GL_OES_fixed_point GL_OES_single_precision GL_OES_read_format GL_OES_compressed_paletted_texture GL_OES_draw_texture GL_OES_matrix_get GL_OES_query_matrix GL_OES_EGL_image GL_OES_compressed_ETC1_RGB8_texture GL_ARB_texture_compression GL_ARB_texture_non_power_of_two GL_ANDROID_user_clip_plane GL_ANDROID_vertex_buffer_object GL_ANDROID_generate_mipmap 
I/SurfaceFlinger(   61): GL_MAX_TEXTURE_SIZE = 4096
I/SurfaceFlinger(   61): GL_MAX_VIEWPORT_DIMS = 4096
I/SurfaceFlinger(   61): flags = 000c0000
D/SensorService(   61): nuSensorService starting...
E/SensorService(   61): couldn't open device for module sensors (Invalid argument)
I/sysproc (   61): System server: starting Android runtime.
I/sysproc (   61): System server: starting Android services.
I/SystemServer(   61): Entered the Android system server!
I/sysproc (   61): System server: entering thread pool.
I/SystemServer(   61): Entropy Service
I/SystemServer(   61): Power Manager
I/SystemServer(   61): Activity Manager
I/ActivityManager(   61): Memory class: 32
D/libEGL  (   73): egl.cfg not found, using default config
D/libEGL  (   73): loaded /system/lib/egl/libGLES_android.so
W/zipro   (   73): Unable to open zip '/data/local/bootanimation.zip': No such file or directory
W/zipro   (   73): Unable to open zip '/system/media/bootanimation.zip': No such file or directory
I/ARMAssembler(   61): generated scanline__00000077:03010104_00000004_00000000 [ 22 ipp] (41 ins) at [0x44c7e1e8:0x44c7e28c] in 2998378 ns
I/ARMAssembler(   73): generated scanline__00000077:03545404_00000A01_00000000 [ 30 ipp] (51 ins) at [0x404281e8:0x404282b4] in 2705876 ns
I/SystemServer(   61): Telephony Registry
I/SystemServer(   61): Package Manager
I/Installer(   61): connecting...
I/installd(   35): new connection
D/dalvikvm(   61): GC_CONCURRENT freed 154K, 50% free 2861K/5639K, external 1625K/2137K, paused 7ms+4ms
W/PackageManager(   61): Running ENG build: no pre-dexopt!
D/dalvikvm(   61): GC_CONCURRENT freed 294K, 50% free 3071K/6023K, external 1625K/2137K, paused 4ms+4ms
D/dalvikvm(   61): GC_CONCURRENT freed 244K, 47% free 3375K/6279K, external 1625K/2137K, paused 7ms+8ms
D/PackageManager(   61): No files in app dir /vendor/app
D/szipinf (   61): Initializing inflate state
I/PackageManager(   61): Unpacking native libraries for /data/app/cn.wps.moffice_eng-1.apk
D/dalvikvm(   61): GC_CONCURRENT freed 309K, 44% free 3743K/6663K, external 1625K/2137K, paused 4ms+6ms
I/PackageManager(   61): Unpacking native libraries for /data/app/com.wandoujia.phoenix2-2.apk
D/dalvikvm(   61): GC_CONCURRENT freed 209K, 40% free 4286K/7111K, external 1625K/2137K, paused 4ms+14ms
I/PackageManager(   61): Unpacking native libraries for /data/app/ljr.Watcher-1.apk
I/PackageManager(   61): Unpacking native libraries for /data/app/in.wptraffcianalyzer.filereadwritedemo-1.apk
W/PackageParser(   61): No actions in intent filter at /data/app/com.mx.browser-1.apk Binary XML file line #48
W/ResourceType(   61): getEntry failing because entryIndex 296 is beyond type entryCount 171
W/ResourceType(   61): Failure getting entry for 0x01030128 (t=2 e=296) in package 0 (error -2147483647)
I/PackageManager(   61): Unpacking native libraries for /data/app/com.mx.browser-1.apk
D/dalvikvm(   61): GC_CONCURRENT freed 795K, 46% free 4222K/7687K, external 1625K/2137K, paused 3ms+7ms
I/PackageManager(   61): Unpacking native libraries for /data/app/com.wandoujia.phoenix2.usbproxy-1.apk
I/PackageManager(   61): Unpacking native libraries for /data/app/com.example.testsdcard-1.apk
I/PackageManager(   61): Unpacking native libraries for /data/app/com.example.hellojni-2.apk
I/PackageManager(   61): Unpacking native libraries for /data/app/com.example.readtxt-2.apk
I/PackageManager(   61): Unpacking native libraries for /data/app/GestureBuilder.apk
I/PackageManager(   61): Unpacking native libraries for /data/app/SoftKeyboard.apk
I/PackageManager(   61): Unpacking native libraries for /data/app/CubeLiveWallpapers.apk
D/szipinf (   61): Initializing inflate state
W/PackageParser(   61): No actions in intent filter at /data/app/ApiDemos.apk Binary XML file line #1882
W/PackageParser(   61): No actions in intent filter at /data/app/ApiDemos.apk Binary XML file line #1888
W/PackageManager(   61): Package com.example.android.apis desires unavailable shared library com.example.will.never.exist; ignoring!
I/PackageManager(   61): Unpacking native libraries for /data/app/ApiDemos.apk
I/PackageManager(   61): Time to scan packages: 3.673 seconds
W/PackageManager(   61): Unknown permission com.google.android.googleapps.permission.GOOGLE_AUTH.mail in package com.android.contacts
W/PackageManager(   61): Unknown permission android.permission.ADD_SYSTEM_SERVICE in package com.android.phone
W/PackageManager(   61): Unknown permission com.android.vending.BILLING in package cn.wps.moffice_eng
W/PackageManager(   61): Not granting permission com.android.email.permission.ACCESS_PROVIDER to package cn.wps.moffice_eng (protectionLevel=3 flags=0x8be44)
W/PackageManager(   61): Not granting permission android.permission.SEND_DOWNLOAD_COMPLETED_INTENTS to package com.android.browser (protectionLevel=2 flags=0x9be45)
W/PackageManager(   61): Unknown permission com.google.android.gm.permission.WRITE_GMAIL in package com.android.settings
W/PackageManager(   61): Unknown permission com.google.android.gm.permission.READ_GMAIL in package com.android.settings
W/PackageManager(   61): Unknown permission com.google.android.googleapps.permission.GOOGLE_AUTH in package com.android.settings
W/PackageManager(   61): Unknown permission com.google.android.googleapps.permission.GOOGLE_AUTH in package com.android.providers.contacts
W/PackageManager(   61): Unknown permission com.google.android.googleapps.permission.GOOGLE_AUTH.cp in package com.android.providers.contacts
W/PackageManager(   61): Unknown permission com.android.launcher.permission.CREATE_SHORTCUT in package com.wandoujia.phoenix2
W/PackageManager(   61): Unknown permission org.adw.launcher.permission.READ_SETTINGS in package com.wandoujia.phoenix2
W/PackageManager(   61): Unknown permission org.adw.launcher.permission.WRITE_SETTINGS in package com.wandoujia.phoenix2
W/PackageManager(   61): Unknown permission com.qihoo360.launcher.permission.READ_SETTINGS in package com.wandoujia.phoenix2
W/PackageManager(   61): Unknown permission com.qihoo360.launcher.permission.WRITE_SETTINGS in package com.wandoujia.phoenix2
W/PackageManager(   61): Unknown permission com.lge.launcher.permission.READ_SETTINGS in package com.wandoujia.phoenix2
W/PackageManager(   61): Unknown permission com.lge.launcher.permission.WRITE_SETTINGS in package com.wandoujia.phoenix2
W/PackageManager(   61): Unknown permission net.qihoo.launcher.permission.READ_SETTINGS in package com.wandoujia.phoenix2
W/PackageManager(   61): Unknown permission net.qihoo.launcher.permission.WRITE_SETTINGS in package com.wandoujia.phoenix2
W/PackageManager(   61): Unknown permission org.adwfreak.launcher.permission.READ_SETTINGS in package com.wandoujia.phoenix2
W/PackageManager(   61): Unknown permission org.adwfreak.launcher.permission.WRITE_SETTINGS in package com.wandoujia.phoenix2
W/PackageManager(   61): Unknown permission com.huawei.launcher3.permission.READ_SETTINGS in package com.wandoujia.phoenix2
W/PackageManager(   61): Unknown permission com.huawei.launcher3.permission.WRITE_SETTINGS in package com.wandoujia.phoenix2
W/PackageManager(   61): Unknown permission com.fede.launcher.permission.READ_SETTINGS in package com.wandoujia.phoenix2
W/PackageManager(   61): Unknown permission com.fede.launcher.permission.WRITE_SETTINGS in package com.wandoujia.phoenix2
W/PackageManager(   61): Unknown permission com.sec.android.app.twlauncher.settings.READ_SETTINGS in package com.wandoujia.phoenix2
W/PackageManager(   61): Unknown permission com.sec.android.app.twlauncher.settings.WRITE_SETTINGS in package com.wandoujia.phoenix2
W/PackageManager(   61): Not granting permission android.permission.ACCESS_DRM to package com.wandoujia.phoenix2 (protectionLevel=2 flags=0x8be44)
W/PackageManager(   61): Unknown permission com.google.android.googleapps.permission.ACCESS_GOOGLE_PASSWORD in package com.android.development
W/PackageManager(   61): Unknown permission com.google.android.googleapps.permission.GOOGLE_AUTH in package com.android.development
W/PackageManager(   61): Unknown permission com.google.android.googleapps.permission.GOOGLE_AUTH.ALL_SERVICES in package com.android.development
W/PackageManager(   61): Unknown permission com.google.android.googleapps.permission.GOOGLE_AUTH.YouTubeUser in package com.android.development
W/PackageManager(   61): Not granting permission android.permission.SET_PREFERRED_APPLICATIONS to package com.mx.browser (protectionLevel=2 flags=0x8be44)
W/PackageManager(   61): Unknown permission android.permission.READ_OWNER_DATA in package com.android.email
W/PackageManager(   61): Not granting permission android.permission.DEVICE_POWER to package com.android.deskclock (protectionLevel=2 flags=0x8be45)
D/dalvikvm(   61): GC_CONCURRENT freed 673K, 44% free 4314K/7687K, external 1625K/2137K, paused 3ms+10ms
D/dalvikvm(   61): GC_EXPLICIT freed 591K, 52% free 3723K/7687K, external 1625K/2137K, paused 68ms
I/SystemServer(   61): Account Manager
I/SystemServer(   61): Content Manager
I/SystemServer(   61): System Content Providers
I/ActivityThread(   61): Pub settings: com.android.providers.settings.SettingsProvider
I/SystemServer(   61): Battery Service
I/SystemServer(   61): Lights Service
I/SystemServer(   61): Vibrator Service
D/qemud   (   38): fdhandler_accept_event: accepting on fd 9
D/qemud   (   38): created client 0x12f38 listening on fd 11
D/qemud   (   38): client_fd_receive: attempting registration for service 'hw-control'
D/qemud   (   38): client_fd_receive:    -> received channel id 3
D/qemud   (   38): client_registration: registration succeeded for client 3
D/SettingsProvider(   61): cache for settings table 'secure' rows=27; fullycached=true
D/SettingsProvider(   61): cache for settings table 'system' rows=47; fullycached=true
I/SystemServer(   61): Alarm Manager
I/SystemServer(   61): Init Watchdog
I/SystemServer(   61): Window Manager
I/InputManager(   61): Initializing input manager
I/InputManager(   61): Starting input manager
I/SystemServer(   61): Registering null Bluetooth Service (emulator)
E/System  (   61): Failure starting core service
E/System  (   61): java.lang.SecurityException
E/System  (   61): 	at android.os.BinderProxy.transact(Native Method)
E/System  (   61): 	at android.os.ServiceManagerProxy.addService(ServiceManagerNative.java:146)
E/System  (   61): 	at android.os.ServiceManager.addService(ServiceManager.java:72)
E/System  (   61): 	at com.android.server.ServerThread.run(SystemServer.java:206)
I/SystemServer(   61): Device Policy
I/SystemServer(   61): Status Bar
I/EventHub(   61): New keyboard: device->id=0x10000 devname='qwerty2' propName='hw.keyboards.65536.devname' keylayout='/system/usr/keylayout/qwerty.kl'
I/EventHub(   61): New device: path=/dev/input/event0 name=qwerty2 id=0x10000 (of 0x1) index=1 fd=85 classes=0x87
E/EventHub(   61): could not get driver version for /dev/input/mouse0, Not a typewriter
E/EventHub(   61): could not get driver version for /dev/input/mice, Not a typewriter
I/InputManager-Callbacks(   61): No input device calibration properties found for device qwerty2.
I/InputReader(   61): Device added: id=0x0, name=qwerty2, sources=00001103
I/SystemServer(   61): Clipboard Service
I/SystemServer(   61): Input Method Service
I/InputManagerService(   61): Enabled input methods: jp.co.omronsoft.openwnn/.OpenWnnJAJP:com.android.inputmethod.latin/.LatinIME:com.android.inputmethod.pinyin/.PinyinIME:com.example.android.softkeyboard/.SoftKeyboard
I/SystemServer(   61): NetStat Service
I/SystemServer(   61): NetworkManagement Service
I/SystemServer(   61): Connectivity Service
I/WifiService(   61): WifiService starting up with Wi-Fi disabled
D/NetworkManagmentService(   61): Registering observer
I/SystemServer(   61): Throttle Service
I/SystemServer(   61): Accessibility Manager
I/SystemServer(   61): Mount Service
I/SystemServer(   61): Notification Manager
I/SystemServer(   61): Device Storage Monitor
I/SystemServer(   61): Location Manager
I/SystemServer(   61): Search Service
I/SystemServer(   61): DropBox Service
I/SystemServer(   61): Wallpaper Service
D/VoldCmdListener(   29): volume list
I/PackageManager(   61): Updating external media status from unmounted to unmounted
D/VoldCmdListener(   29): share status ums
I/SystemServer(   61): Audio Service
D/AudioHardwareInterface(   34): setMode(NORMAL)
W/AudioPolicyManagerBase(   34): setPhoneState() setting same state 0
E/SoundPool(   61): error loading /system/media/audio/ui/Effect_Tick.ogg
W/AudioService(   61): Soundpool could not load file: /system/media/audio/ui/Effect_Tick.ogg
E/SoundPool(   61): error loading /system/media/audio/ui/KeypressStandard.ogg
W/AudioService(   61): Soundpool could not load file: /system/media/audio/ui/KeypressStandard.ogg
E/SoundPool(   61): error loading /system/media/audio/ui/KeypressSpacebar.ogg
W/AudioService(   61): Soundpool could not load file: /system/media/audio/ui/KeypressSpacebar.ogg
E/SoundPool(   61): error loading /system/media/audio/ui/KeypressDelete.ogg
W/AudioService(   61): Soundpool could not load file: /system/media/audio/ui/KeypressDelete.ogg
E/SoundPool(   61): error loading /system/media/audio/ui/KeypressReturn.ogg
W/AudioService(   61): Soundpool could not load file: /system/media/audio/ui/KeypressReturn.ogg
I/SystemServer(   61): Headset Observer
W/HeadsetObserver(   61): This kernel does not have wired headset support
I/SystemServer(   61): Dock Observer
W/DockObserver(   61): This kernel does not have dock station support
I/SystemServer(   61): USB Observer
W/UsbObserver(   61): This kernel does not have USB configuration switch support
E/UsbObserver(   61): 
E/UsbObserver(   61): java.lang.NullPointerException
E/UsbObserver(   61): 	at com.android.server.UsbObserver.init(UsbObserver.java:131)
E/UsbObserver(   61): 	at com.android.server.UsbObserver.<init>(UsbObserver.java:65)
E/UsbObserver(   61): 	at com.android.server.ServerThread.run(SystemServer.java:402)
I/SystemServer(   61): UI Mode Manager Service
I/SystemServer(   61): Backup Service
I/BackupManagerService(   61): Backup enabled => true
I/SystemServer(   61): AppWidget Service
I/SystemServer(   61): Recognition Service
I/SystemServer(   61): DiskStats Service
I/WindowManager(   61): SAFE MODE not enabled
D/dalvikvm(   61): JIT started for system_server
D/PowerManagerService(   61): system ready!
I/ActivityManager(   61): System now ready
I/SystemServer(   61): Making services ready
I/StatusBarManagerService(   61): Starting service: ComponentInfo{com.android.systemui/com.android.systemui.statusbar.StatusBarService}
I/Zygote  (   61): Process: zygote socket opened
I/ActivityManager(   61): Start proc com.android.systemui for service com.android.systemui/.statusbar.StatusBarService: pid=114 uid=1000 gids={3002, 3001, 3003}
I/ActivityManager(   61): Config changed: { scale=1.0 imsi=0/0 loc=en_US touch=0 keys=0/0/0 nav=0/0 orien=0 layout=0 uiMode=17 seq=2}
I/ActivityManager(   61): Config changed: { scale=1.0 imsi=0/0 loc=en_US touch=3 keys=2/1/2 nav=1/1 orien=1 layout=34 uiMode=17 seq=3}
W/RecognitionManagerService(   61): no available voice recognition services found
D/dalvikvm(   61): GREF has increased to 201
I/ActivityManager(   61): Start proc jp.co.omronsoft.openwnn for service jp.co.omronsoft.openwnn/.OpenWnnJAJP: pid=118 uid=10004 gids={}
D/dalvikvm(   61): GC_CONCURRENT freed 235K, 46% free 4180K/7687K, external 1982K/2137K, paused 5ms+8ms
W/GpsLocationProvider(   61): Could not open GPS configuration file /etc/gps.conf
D/NetworkManagmentService(   61): Registering observer
E/ThrottleService(   61): Could not open GPS configuration file /etc/gps.conf
D/dalvikvm(   61): GC_EXTERNAL_ALLOC freed 79K, 47% free 4136K/7687K, external 2130K/2137K, paused 133ms
W/ActivityManager(   61): Unable to start service Intent { act=@0 }: not found
W/ActivityManager(   61): Unable to start service Intent { act=@0 }: not found
D/qemud   (   38): fdhandler_accept_event: accepting on fd 9
D/qemud   (   38): created client 0x12f88 listening on fd 12
D/qemud   (   38): client_fd_receive: attempting registration for service 'gps'
D/qemud   (   38): client_fd_receive:    -> received channel id 4
D/qemud   (   38): client_registration: registration succeeded for client 4
E/logwrapper(  135): executing /system/bin/tc failed: No such file or directory
I/logwrapper(   30): /system/bin/tc terminated by exit(1)
E/logwrapper(  136): executing /system/bin/tc failed: No such file or directory
I/logwrapper(   30): /system/bin/tc terminated by exit(1)
E/logwrapper(  137): executing /system/bin/tc failed: No such file or directory
I/logwrapper(   30): /system/bin/tc terminated by exit(1)
I/ActivityManager(   61): Start proc com.android.phone for added application com.android.phone: pid=138 uid=1001 gids={3002, 3001, 3003, 1015}
I/ActivityManager(   61): Starting: Intent { act=android.intent.action.MAIN cat=[android.intent.category.HOME] flg=0x10000000 cmp=com.android.launcher/com.android.launcher2.Launcher } from pid 0
I/ActivityManager(   61): Start proc com.android.launcher for activity com.android.launcher/com.android.launcher2.Launcher: pid=141 uid=10013 gids={}
I/ActivityManager(   61): Start proc com.android.settings for broadcast com.android.settings/.widget.SettingsAppWidgetProvider: pid=143 uid=1000 gids={3002, 3001, 3003}
I/SystemServer(   61): Enabled StrictMode for system server main thread.
D/dalvikvm(  114): GC_CONCURRENT freed 396K, 54% free 2642K/5639K, external 1625K/2137K, paused 4ms+74ms
D/dalvikvm(  118): GC_CONCURRENT freed 404K, 54% free 2641K/5639K, external 1625K/2137K, paused 4ms+62ms
D/dalvikvm(   61): GC_EXTERNAL_ALLOC freed 127K, 46% free 4202K/7687K, external 2726K/2770K, paused 419ms
D/dalvikvm(  118): No JNI_OnLoad found in /system/lib/libwnndict.so 0x40513468, skipping init
D/dalvikvm(  118): GC_CONCURRENT freed 274K, 50% free 2921K/5831K, external 1625K/2137K, paused 5ms+67ms
D/dalvikvm(  141): GC_CONCURRENT freed 402K, 54% free 2642K/5639K, external 1625K/2137K, paused 5ms+10ms
D/dalvikvm(  138): GC_CONCURRENT freed 405K, 54% free 2640K/5639K, external 1625K/2137K, paused 3ms+17ms
D/dalvikvm(   61): GC_EXTERNAL_ALLOC freed 88K, 46% free 4201K/7687K, external 3405K/3458K, paused 391ms
I/ActivityThread(  141): Pub com.android.launcher2.settings: com.android.launcher2.LauncherProvider
D/dalvikvm(  143): GC_CONCURRENT freed 407K, 54% free 2637K/5639K, external 1625K/2137K, paused 4ms+3ms
I/StatusBarManagerService(   61): registerStatusBar bar=com.android.internal.statusbar.IStatusBar$Stub$Proxy@406c1a98
I/ActivityThread(  138): Pub mms: com.android.providers.telephony.MmsProvider
I/ActivityThread(  138): Pub sms: com.android.providers.telephony.SmsProvider
I/ActivityThread(  138): Pub telephony: com.android.providers.telephony.TelephonyProvider
I/ActivityThread(  138): Pub icc: com.android.phone.IccProvider
I/ActivityThread(  138): Pub mms-sms: com.android.providers.telephony.MmsSmsProvider
D/VoldCmdListener(   29): share status ums
D/StorageNotification(  114): Startup with UMS connection false (media state unmounted)
I/StorageNotification(  114): UMS connection changed to false (media state unmounted)
D/dalvikvm(  118): GC_CONCURRENT freed 418K, 50% free 3137K/6215K, external 1625K/2137K, paused 3ms+48ms
D/dalvikvm(   61): GC_EXTERNAL_ALLOC freed 144K, 45% free 4312K/7751K, external 3472K/3498K, paused 83ms
D/dalvikvm(   61): GC_EXTERNAL_ALLOC freed 101K, 45% free 4299K/7751K, external 3410K/4248K, paused 121ms
D/CallManager(  138): registerPhone(GSM Handler{405569a8})
I/ActivityManager(   61): Start proc android.process.acore for content provider com.android.providers.contacts/.CallLogProvider: pid=187 uid=10006 gids={3003, 1015}
W/ActivityManager(   61): Unable to start service Intent { act=com.android.ussd.IExtendedNetworkService }: not found
D/dalvikvm(  141): GC_EXTERNAL_ALLOC freed 51K, 53% free 2696K/5639K, external 2128K/2137K, paused 372ms
I/TelephonyRegistry(   61): notifyServiceState: 3 home null null null  Unknown CSS not supported -1 -1RoamInd: -1DefRoamInd: -1EmergOnly: false
D/AlarmManagerService(   61): Kernel timezone updated to 0 minutes west of GMT
I/ActivityManager(   61): Start proc com.android.deskclock for broadcast com.android.deskclock/.AlarmInitReceiver: pid=190 uid=10019 gids={}
W/SystemClock(  138): Unable to set rtc to 1374152467: Invalid argument
D/dalvikvm(   61): GC_EXTERNAL_ALLOC freed 26K, 45% free 4310K/7751K, external 4073K/5086K, paused 270ms
I/TelephonyRegistry(   61): notifyDataConnection: state=0 isDataConnectivityPossible=false reason=radioTurnedOff interfaceName=null networkType=0
I/TelephonyRegistry(   61): notifyDataConnection: state=0 isDataConnectivityPossible=false reason=gprsDetached interfaceName=null networkType=0
I/ActivityThread(  187): Pub com.android.social: com.android.providers.contacts.SocialProvider
D/SystemClock(  138): Setting time of day to sec=1374152467
I/ActivityThread(  187): Pub applications: com.android.providers.applications.ApplicationsProvider
I/TelephonyRegistry(   61): notifyServiceState: 0 home Android Android 310260  UMTS CSS not supported -1 -1RoamInd: -1DefRoamInd: -1EmergOnly: false
I/TelephonyRegistry(   61): notifyDataConnection: state=0 isDataConnectivityPossible=false reason=null interfaceName=null networkType=3
D/dalvikvm(  141): GC_EXTERNAL_ALLOC freed 26K, 52% free 2719K/5639K, external 2668K/2681K, paused 502ms
D/dalvikvm(  138): GC_CONCURRENT freed 218K, 50% free 2922K/5767K, external 1625K/2137K, paused 3ms+10ms
D/MccTable(  138): updateMccMncConfiguration: mcc=310, mnc=260
D/MccTable(  138): locale set to en_us
D/MccTable(  138): WIFI_NUM_ALLOWED_CHANNELS set to 11
I/WifiService(   61): WifiService trying to setNumAllowed to 11 with persist set to true
I/ActivityManager(   61): Config changed: { scale=1.0 imsi=310/260 loc=en_US touch=3 keys=2/1/2 nav=1/1 orien=1 layout=34 uiMode=17 seq=4}
I/TelephonyRegistry(   61): notifyMessageWaitingChanged: false
I/TelephonyRegistry(   61): notifyCallForwardingChanged: false
D/dalvikvm(  187): GC_CONCURRENT freed 406K, 54% free 2613K/5639K, external 1625K/2137K, paused 3ms+79ms
D/dalvikvm(  190): GC_CONCURRENT freed 367K, 54% free 2607K/5575K, external 1625K/2137K, paused 3ms+22ms
D/dalvikvm(   61): GC_FOR_MALLOC freed 156K, 45% free 4324K/7751K, external 4373K/5573K, paused 214ms
I/ActivityThread(  190): Pub com.android.deskclock: com.android.deskclock.AlarmProvider
I/ActivityThread(  187): Pub contacts;com.android.contacts: com.android.providers.contacts.ContactsProvider2
D/dalvikvm(  141): GC_EXTERNAL_ALLOC freed 7K, 52% free 2732K/5639K, external 3368K/3387K, paused 350ms
D/TelephonyProvider(  138): Setting numeric '310260' to be the current operator
I/ActivityManager(   61): Start proc com.android.protips for broadcast com.android.protips/.ProtipWidget: pid=209 uid=10024 gids={}
I/TelephonyRegistry(   61): notifyDataConnection: state=1 isDataConnectivityPossible=true reason=simLoaded interfaceName=null networkType=3
I/TelephonyRegistry(   61): notifyDataConnection: state=2 isDataConnectivityPossible=true reason=simLoaded interfaceName=/dev/omap_csmi_tty1 networkType=3
D/Tethering(   61): MasterInitialState.processMessage what=3
D/SntpClient(   61): request time failed: java.net.SocketException: Address family not supported by protocol
D/dalvikvm(  141): GC_EXTERNAL_ALLOC freed 55K, 51% free 2778K/5639K, external 4217K/4261K, paused 51ms
I/ActivityThread(  187): Pub call_log: com.android.providers.contacts.CallLogProvider
I/ActivityThread(  187): Pub user_dictionary: com.android.providers.userdictionary.UserDictionaryProvider
I/ActivityManager(   61): Start proc com.android.music for broadcast com.android.music/.MediaAppWidgetProvider: pid=220 uid=10005 gids={3003, 1015}
D/dalvikvm(   33): GC_EXPLICIT freed 10K, 53% free 2538K/5379K, external 1625K/2137K, paused 127ms
D/dalvikvm(  141): GC_EXTERNAL_ALLOC freed 28K, 51% free 2797K/5639K, external 5345K/5346K, paused 244ms
D/dalvikvm(   33): GC_EXPLICIT freed <1K, 53% free 2538K/5379K, external 1625K/2137K, paused 121ms
D/dalvikvm(   33): GC_EXPLICIT freed <1K, 53% free 2538K/5379K, external 1625K/2137K, paused 174ms
D/dalvikvm(  141): GC_EXPLICIT freed 16K, 51% free 2808K/5639K, external 5417K/6692K, paused 140ms
D/dalvikvm(  220): GC_CONCURRENT freed 410K, 54% free 2634K/5639K, external 1625K/2137K, paused 3ms+4ms
D/dalvikvm(   61): GREF has increased to 301
I/ActivityManager(   61): Start proc com.android.quicksearchbox for broadcast com.android.quicksearchbox/.SearchWidgetProvider: pid=229 uid=10002 gids={3003}
I/ActivityThread(  229): Pub com.android.quicksearchbox.google: com.android.quicksearchbox.google.GoogleSuggestionProvider
I/ActivityThread(  229): Pub com.android.quicksearchbox.shortcuts: com.android.quicksearchbox.ShortcutsProvider
I/ActivityManager(   61): Start proc android.process.media for broadcast com.android.providers.downloads/.DownloadReceiver: pid=237 uid=10000 gids={1015, 1006, 2001, 3003}
I/ActivityThread(  237): Pub media: com.android.providers.media.MediaProvider
V/MediaProvider(  237): Attached volume: internal
I/ActivityThread(  237): Pub downloads: com.android.providers.downloads.DownloadProvider
I/ActivityThread(  237): Pub drm: com.android.providers.drm.DrmProvider
I/ActivityManager(   61): Start proc com.wandoujia.phoenix2 for broadcast com.wandoujia.phoenix2/com.wandoujia.phoenix4.receiver.ConnectivityChangedReceiver: pid=246 uid=10035 gids={3003, 1007, 1015, 1006}
I/SurfaceFlinger(   61): Boot is finished (17584 ms)
D/PowerManagerService(   61): bootCompleted
I/ARMAssembler(   61): generated scanline__00000177:03010104_00000002_00000000 [ 44 ipp] (66 ins) at [0x44c7e290:0x44c7e398] in 628171 ns
I/ARMAssembler(   61): generated scanline__00000177:03515104_00000001_00000000 [ 73 ipp] (95 ins) at [0x44c7e3a0:0x44c7e51c] in 552405 ns
D/VoldCmdListener(   29): volume mount /mnt/sdcard
I/Vold    (   29): /dev/block/vold/179:0 being considered for volume sdcard
D/Vold    (   29): Volume sdcard state changing 1 (Idle-Unmounted) -> 3 (Checking)
I/StorageNotification(  114): Media {/mnt/sdcard} state changed from {unmounted} -> {checking}
I//system/bin/fsck_msdos(   29): ** /dev/block/vold/179:0
D/dalvikvm(  114): GC_EXTERNAL_ALLOC freed 156K, 52% free 2722K/5639K, external 2129K/2137K, paused 166ms
I/ActivityThread(  246): Pub com.wandoujia.thumbnail;com.wandoujia.imagecache: com.wandoujia.phoenix2.providers.ThumbProvider
I/ActivityThread(  246): Pub com.wandoujia.phoenix4.download: com.wandoujia.phoenix4.download.lib.rpc.DownloadProvider
I/ActivityThread(  246): Pub com.wandoujia.app;com.wandoujia.image;com.wandoujia.photosync;com.wandoujia.share;com.wandoujia.sync;com.wandoujia.offlinetask: com.wandoujia.phoenix2.providers.PhoenixProvider
D/dalvikvm(   61): GC_EXPLICIT freed 695K, 43% free 4433K/7751K, external 4373K/5573K, paused 171ms
D/dalvikvm(  246): Trying to load lib /data/data/com.wandoujia.phoenix2/lib/libudid.so 0x40514f60
D/dalvikvm(  246): Added shared lib /data/data/com.wandoujia.phoenix2/lib/libudid.so 0x40514f60
I/dalvikvm(  246): Could not find method android.os.Environment.isExternalStorageEmulated, referenced from method com.wandoujia.phoenix2.utils.at.o
W/dalvikvm(  246): VFY: unable to resolve static method 873: Landroid/os/Environment;.isExternalStorageEmulated ()Z
D/dalvikvm(  246): VFY: replacing opcode 0x71 at 0x001d
D/dalvikvm(  246): VFY: dead code 0x0020-0024 in Lcom/wandoujia/phoenix2/utils/at;.o ()Z
I/SearchManagerService(   61): Building list of searchable activities
I//system/bin/fsck_msdos(   29): ** Phase 1 - Read and Compare FATs
I//system/bin/fsck_msdos(   29): Attempting to allocate 2032 KB for FAT
D/dalvikvm(  209): GC_CONCURRENT freed 368K, 54% free 2594K/5575K, external 1625K/2137K, paused 3ms+3ms
E/dalvikvm(  246): Could not find class 'android.app.Notification$Builder', referenced from method com.wandoujia.phoenix2.photosync.b.handleMessage
W/dalvikvm(  246): VFY: unable to resolve new-instance 33 (Landroid/app/Notification$Builder;) in Lcom/wandoujia/phoenix2/photosync/b;
D/dalvikvm(  246): VFY: replacing opcode 0x22 at 0x007d
D/dalvikvm(  246): VFY: dead code 0x007f-00af in Lcom/wandoujia/phoenix2/photosync/b;.handleMessage (Landroid/os/Message;)V
D/dalvikvm(  246): VFY: dead code 0x00b8-00c9 in Lcom/wandoujia/phoenix2/photosync/b;.handleMessage (Landroid/os/Message;)V
E/dalvikvm(  246): Could not find class 'android.app.Notification$Builder', referenced from method com.wandoujia.phoenix2.appwash.controller.AppWashController.a
W/dalvikvm(  246): VFY: unable to resolve new-instance 33 (Landroid/app/Notification$Builder;) in Lcom/wandoujia/phoenix2/appwash/controller/AppWashController;
D/dalvikvm(  246): VFY: replacing opcode 0x22 at 0x00c1
D/dalvikvm(  246): VFY: dead code 0x00c3-010b in Lcom/wandoujia/phoenix2/appwash/controller/AppWashController;.a (Ljava/util/List;Lcom/wandoujia/phoenix2/appwash/controller/AppWashController$WashEntryType;)V
I//system/bin/fsck_msdos(   29): Attempting to allocate 2032 KB for FAT
I//system/bin/fsck_msdos(   29): ** Phase 2 - Check Cluster Chains
I//system/bin/fsck_msdos(   29): ** Phase 3 - Checking Directories
I//system/bin/fsck_msdos(   29): ** Phase 4 - Checking for Lost Files
I//system/bin/fsck_msdos(   29): Next free cluster in FSInfo block (37997) not free
I//system/bin/fsck_msdos(   29): FIXED
I//system/bin/fsck_msdos(   29): 1475 files, 239459 free (478918 clusters)
I/Vold    (   29): Filesystem check completed OK
I/Vold    (   29): Device /dev/block/vold/179:0, target /mnt/sdcard mounted @ /mnt/secure/staging
D/Vold    (   29): Volume sdcard state changing 3 (Checking) -> 4 (Mounted)
I/PackageManager(   61): Updating external media status from unmounted to mounted
I/StorageNotification(  114): Media {/mnt/sdcard} state changed from {checking} -> {mounted}
D/VoldCmdListener(   29): asec list
D/VoldCmdListener(   29): asec path cn.wps.livespace-1
D/VoldCmdListener(   29): asec mount cn.wps.livespace-1 {} 1000
I/InputReader(   61): Device reconfigured: id=0x0, name=qwerty2, display size is now 480x800
I/InputManager-Callbacks(   61): No virtual keys found for device qwerty2.
I/ARMAssembler(   61): generated scanline__00000177:03515104_00001001_00000000 [ 91 ipp] (114 ins) at [0x44c7e520:0x44c7e6e8] in 562970 ns
W/dalvikvm(  246): threadid=3: spin on suspend #1 threadid=11 (pcf=0)
D/dalvikvm(  246): Temporarily moving tid 273 to fg (was 0)
D/dalvikvm(  246): Temporarily raised priority on tid 273 (19 -> 0)
W/dalvikvm(  246): threadid=3: spin on suspend resolved in 1095 msec
D/dalvikvm(  246): Restored policy of 273 to 0
D/dalvikvm(  246): Restored priority on 273 to 19
I/ActivityManager(   61): Displayed com.android.launcher/com.android.launcher2.Launcher: +14s40ms
D/VoldCmdListener(   29): asec path cn.wps.livespace-1
D/dalvikvm(  246): GC_CONCURRENT freed 554K, 48% free 3510K/6663K, external 1625K/2137K, paused 4ms+3ms
D/dalvikvm(  246): DexOpt: couldn't find field Landroid/content/pm/PackageStats;.externalCacheSize
W/dalvikvm(  246): VFY: unable to resolve instance field 54
D/dalvikvm(  246): VFY: replacing opcode 0x53 at 0x000e
D/dalvikvm(  246): DexOpt: couldn't find field Landroid/content/pm/PackageStats;.externalCodeSize
W/dalvikvm(  246): VFY: unable to resolve instance field 55
D/dalvikvm(  246): VFY: replacing opcode 0x53 at 0x0020
D/dalvikvm(  246): VFY: dead code 0x0010-0019 in Lcom/wandoujia/phoenix2/appwash/controller/ay;.a (Lcom/wandoujia/phoenix2/appwash/controller/ay;Landroid/content/pm/PackageStats;)J
D/dalvikvm(  246): VFY: dead code 0x0022-0022 in Lcom/wandoujia/phoenix2/appwash/controller/ay;.a (Lcom/wandoujia/phoenix2/appwash/controller/ay;Landroid/content/pm/PackageStats;)J
D/dalvikvm(  246): DexOpt: couldn't find field Landroid/content/pm/PackageStats;.externalDataSize
I/dalvikvm(  246): DexOpt: unable to optimize instance field ref 0x0038 at 0x10 in Lcom/wandoujia/phoenix2/appwash/controller/ay;.a
D/dalvikvm(  246): DexOpt: couldn't find field Landroid/content/pm/PackageStats;.externalMediaSize
I/dalvikvm(  246): DexOpt: unable to optimize instance field ref 0x0039 at 0x13 in Lcom/wandoujia/phoenix2/appwash/controller/ay;.a
D/dalvikvm(  246): DexOpt: couldn't find field Landroid/content/pm/PackageStats;.externalObbSize
I/dalvikvm(  246): DexOpt: unable to optimize instance field ref 0x003a at 0x16 in Lcom/wandoujia/phoenix2/appwash/controller/ay;.a
D/dalvikvm(  141): GC_EXTERNAL_ALLOC freed 259K, 50% free 2984K/5895K, external 6003K/6692K, paused 55ms
I/ActivityManager(   61): Start proc com.mx.browser for broadcast com.mx.browser/.cloud.CloudReceiver: pid=306 uid=10036 gids={3003, 1015}
I/PackageManager(   61): Linking native library dir for /mnt/asec/cn.wps.livespace-1/pkg.apk
W/PackageManager(   61): Unknown permission com.google.android.googleapps.permission.GOOGLE_AUTH.mail in package com.android.contacts
W/PackageManager(   61): Unknown permission android.permission.ADD_SYSTEM_SERVICE in package com.android.phone
W/PackageManager(   61): Unknown permission com.android.vending.BILLING in package cn.wps.moffice_eng
W/PackageManager(   61): Not granting permission com.android.email.permission.ACCESS_PROVIDER to package cn.wps.moffice_eng (protectionLevel=3 flags=0x8be44)
W/PackageManager(   61): Not granting permission android.permission.SEND_DOWNLOAD_COMPLETED_INTENTS to package com.android.browser (protectionLevel=2 flags=0x9be45)
W/PackageManager(   61): Unknown permission com.google.android.gm.permission.WRITE_GMAIL in package com.android.settings
W/PackageManager(   61): Unknown permission com.google.android.gm.permission.READ_GMAIL in package com.android.settings
W/PackageManager(   61): Unknown permission com.google.android.googleapps.permission.GOOGLE_AUTH in package com.android.settings
W/PackageManager(   61): Unknown permission com.google.android.googleapps.permission.GOOGLE_AUTH in package com.android.providers.contacts
W/PackageManager(   61): Unknown permission com.google.android.googleapps.permission.GOOGLE_AUTH.cp in package com.android.providers.contacts
W/PackageManager(   61): Unknown permission com.android.launcher.permission.CREATE_SHORTCUT in package com.wandoujia.phoenix2
W/PackageManager(   61): Unknown permission org.adw.launcher.permission.READ_SETTINGS in package com.wandoujia.phoenix2
W/PackageManager(   61): Unknown permission org.adw.launcher.permission.WRITE_SETTINGS in package com.wandoujia.phoenix2
W/PackageManager(   61): Unknown permission com.qihoo360.launcher.permission.READ_SETTINGS in package com.wandoujia.phoenix2
W/PackageManager(   61): Unknown permission com.qihoo360.launcher.permission.WRITE_SETTINGS in package com.wandoujia.phoenix2
W/PackageManager(   61): Unknown permission com.lge.launcher.permission.READ_SETTINGS in package com.wandoujia.phoenix2
W/PackageManager(   61): Unknown permission com.lge.launcher.permission.WRITE_SETTINGS in package com.wandoujia.phoenix2
W/PackageManager(   61): Unknown permission net.qihoo.launcher.permission.READ_SETTINGS in package com.wandoujia.phoenix2
W/PackageManager(   61): Unknown permission net.qihoo.launcher.permission.WRITE_SETTINGS in package com.wandoujia.phoenix2
W/PackageManager(   61): Unknown permission org.adwfreak.launcher.permission.READ_SETTINGS in package com.wandoujia.phoenix2
W/PackageManager(   61): Unknown permission org.adwfreak.launcher.permission.WRITE_SETTINGS in package com.wandoujia.phoenix2
W/PackageManager(   61): Unknown permission com.huawei.launcher3.permission.READ_SETTINGS in package com.wandoujia.phoenix2
W/PackageManager(   61): Unknown permission com.huawei.launcher3.permission.WRITE_SETTINGS in package com.wandoujia.phoenix2
W/PackageManager(   61): Unknown permission com.fede.launcher.permission.READ_SETTINGS in package com.wandoujia.phoenix2
W/PackageManager(   61): Unknown permission com.fede.launcher.permission.WRITE_SETTINGS in package com.wandoujia.phoenix2
W/PackageManager(   61): Unknown permission com.sec.android.app.twlauncher.settings.READ_SETTINGS in package com.wandoujia.phoenix2
W/PackageManager(   61): Unknown permission com.sec.android.app.twlauncher.settings.WRITE_SETTINGS in package com.wandoujia.phoenix2
W/PackageManager(   61): Not granting permission android.permission.ACCESS_DRM to package com.wandoujia.phoenix2 (protectionLevel=2 flags=0x8be44)
W/PackageManager(   61): Unknown permission com.google.android.googleapps.permission.ACCESS_GOOGLE_PASSWORD in package com.android.development
W/PackageManager(   61): Unknown permission com.google.android.googleapps.permission.GOOGLE_AUTH in package com.android.development
W/PackageManager(   61): Unknown permission com.google.android.googleapps.permission.GOOGLE_AUTH.ALL_SERVICES in package com.android.development
W/PackageManager(   61): Unknown permission com.google.android.googleapps.permission.GOOGLE_AUTH.YouTubeUser in package com.android.development
W/PackageManager(   61): Not granting permission android.permission.SET_PREFERRED_APPLICATIONS to package com.mx.browser (protectionLevel=2 flags=0x8be44)
W/PackageManager(   61): Unknown permission android.permission.READ_OWNER_DATA in package com.android.email
W/PackageManager(   61): Not granting permission android.permission.DEVICE_POWER to package com.android.deskclock (protectionLevel=2 flags=0x8be45)
