D/dalvikvm(   61): GC_CONCURRENT freed 196K, 47% free 3269K/6087K, external 1625K/2137K, paused 4ms+9ms
D/PackageManager(   61): No files in app dir /vendor/app
D/szipinf (   61): Initializing inflate state
I/PackageManager(   61): Unpacking native libraries for /data/app/cn.wps.moffice_eng-1.apk
D/dalvikvm(   61): GC_CONCURRENT freed 290K, 45% free 3635K/6535K, external 1625K/2137K, paused 5ms+7ms
I/PackageManager(   61): Unpacking native libraries for /data/app/com.wandoujia.phoenix2-2.apk
D/dalvikvm(   61): GC_CONCURRENT freed 248K, 41% free 4120K/6983K, external 1625K/2137K, paused 4ms+11ms
I/PackageManager(   61): Unpacking native libraries for /data/app/ljr.Watcher-1.apk
I/PackageManager(   61): Unpacking native libraries for /data/app/in.wptraffcianalyzer.filereadwritedemo-1.apk
W/PackageParser(   61): No actions in intent filter at /data/app/com.mx.browser-1.apk Binary XML file line #48
W/ResourceType(   61): getEntry failing because entryIndex 296 is beyond type entryCount 171
W/ResourceType(   61): Failure getting entry for 0x01030128 (t=2 e=296) in package 0 (error -2147483647)
I/PackageManager(   61): Unpacking native libraries for /data/app/com.mx.browser-1.apk
D/dalvikvm(   61): GC_CONCURRENT freed 791K, 46% free 4147K/7559K, external 1625K/2137K, paused 4ms+13ms
I/PackageManager(   61): Unpacking native libraries for /data/app/com.wandoujia.phoenix2.usbproxy-1.apk
I/PackageManager(   61): Unpacking native libraries for /data/app/com.example.testsdcard-1.apk
I/PackageManager(   61): Unpacking native libraries for /data/app/com.example.hellojni-2.apk
I/PackageManager(   61): Unpacking native libraries for /data/app/com.example.readtxt-2.apk
I/PackageManager(   61): Unpacking native libraries for /data/app/GestureBuilder.apk
I/PackageManager(   61): Unpacking native libraries for /data/app/SoftKeyboard.apk
I/PackageManager(   61): Unpacking native libraries for /data/app/CubeLiveWallpapers.apk
D/szipinf (   61): Initializing inflate state
W/PackageParser(   61): No actions in intent filter at /data/app/ApiDemos.apk Binary XML file line #1882
W/PackageParser(   61): No actions in intent filter at /data/app/ApiDemos.apk Binary XML file line #1888
W/PackageManager(   61): Package com.example.android.apis desires unavailable shared library com.example.will.never.exist; ignoring!
I/PackageManager(   61): Unpacking native libraries for /data/app/ApiDemos.apk
I/PackageManager(   61): Time to scan packages: 4.178 seconds
W/PackageManager(   61): Unknown permission com.google.android.googleapps.permission.GOOGLE_AUTH.mail in package com.android.contacts
W/PackageManager(   61): Unknown permission android.permission.ADD_SYSTEM_SERVICE in package com.android.phone
W/PackageManager(   61): Unknown permission com.android.vending.BILLING in package cn.wps.moffice_eng
W/PackageManager(   61): Not granting permission com.android.email.permission.ACCESS_PROVIDER to package cn.wps.moffice_eng (protectionLevel=3 flags=0x8be44)
W/PackageManager(   61): Not granting permission android.permission.SEND_DOWNLOAD_COMPLETED_INTENTS to package com.android.browser (protectionLevel=2 flags=0x9be45)
W/PackageManager(   61): Unknown permission com.google.android.gm.permission.WRITE_GMAIL in package com.android.settings
W/PackageManager(   61): Unknown permission com.google.android.gm.permission.READ_GMAIL in package com.android.settings
W/PackageManager(   61): Unknown permission com.google.android.googleapps.permission.GOOGLE_AUTH in package com.android.settings
W/PackageManager(   61): Unknown permission com.google.android.googleapps.permission.GOOGLE_AUTH in package com.android.providers.contacts
W/PackageManager(   61): Unknown permission com.google.android.googleapps.permission.GOOGLE_AUTH.cp in package com.android.providers.contacts
W/PackageManager(   61): Unknown permission com.android.launcher.permission.CREATE_SHORTCUT in package com.wandoujia.phoenix2
W/PackageManager(   61): Unknown permission org.adw.launcher.permission.READ_SETTINGS in package com.wandoujia.phoenix2
W/PackageManager(   61): Unknown permission org.adw.launcher.permission.WRITE_SETTINGS in package com.wandoujia.phoenix2
W/PackageManager(   61): Unknown permission com.qihoo360.launcher.permission.READ_SETTINGS in package com.wandoujia.phoenix2
W/PackageManager(   61): Unknown permission com.qihoo360.launcher.permission.WRITE_SETTINGS in package com.wandoujia.phoenix2
W/PackageManager(   61): Unknown permission com.lge.launcher.permission.READ_SETTINGS in package com.wandoujia.phoenix2
W/PackageManager(   61): Unknown permission com.lge.launcher.permission.WRITE_SETTINGS in package com.wandoujia.phoenix2
W/PackageManager(   61): Unknown permission net.qihoo.launcher.permission.READ_SETTINGS in package com.wandoujia.phoenix2
W/PackageManager(   61): Unknown permission net.qihoo.launcher.permission.WRITE_SETTINGS in package com.wandoujia.phoenix2
W/PackageManager(   61): Unknown permission org.adwfreak.launcher.permission.READ_SETTINGS in package com.wandoujia.phoenix2
W/PackageManager(   61): Unknown permission org.adwfreak.launcher.permission.WRITE_SETTINGS in package com.wandoujia.phoenix2
W/PackageManager(   61): Unknown permission com.huawei.launcher3.permission.READ_SETTINGS in package com.wandoujia.phoenix2
W/PackageManager(   61): Unknown permission com.huawei.launcher3.permission.WRITE_SETTINGS in package com.wandoujia.phoenix2
W/PackageManager(   61): Unknown permission com.fede.launcher.permission.READ_SETTINGS in package com.wandoujia.phoenix2
W/PackageManager(   61): Unknown permission com.fede.launcher.permission.WRITE_SETTINGS in package com.wandoujia.phoenix2
W/PackageManager(   61): Unknown permission com.sec.android.app.twlauncher.settings.READ_SETTINGS in package com.wandoujia.phoenix2
W/PackageManager(   61): Unknown permission com.sec.android.app.twlauncher.settings.WRITE_SETTINGS in package com.wandoujia.phoenix2
W/PackageManager(   61): Not granting permission android.permission.ACCESS_DRM to package com.wandoujia.phoenix2 (protectionLevel=2 flags=0x8be44)
W/PackageManager(   61): Unknown permission com.google.android.googleapps.permission.ACCESS_GOOGLE_PASSWORD in package com.android.development
W/PackageManager(   61): Unknown permission com.google.android.googleapps.permission.GOOGLE_AUTH in package com.android.development
W/PackageManager(   61): Unknown permission com.google.android.googleapps.permission.GOOGLE_AUTH.ALL_SERVICES in package com.android.development
W/PackageManager(   61): Unknown permission com.google.android.googleapps.permission.GOOGLE_AUTH.YouTubeUser in package com.android.development
W/PackageManager(   61): Not granting permission android.permission.SET_PREFERRED_APPLICATIONS to package com.mx.browser (protectionLevel=2 flags=0x8be44)
W/PackageManager(   61): Unknown permission android.permission.READ_OWNER_DATA in package com.android.email
W/PackageManager(   61): Not granting permission android.permission.DEVICE_POWER to package com.android.deskclock (protectionLevel=2 flags=0x8be45)
D/dalvikvm(   61): GC_CONCURRENT freed 678K, 44% free 4303K/7623K, external 1625K/2137K, paused 8ms+19ms
D/dalvikvm(   61): GC_EXPLICIT freed 635K, 52% free 3723K/7623K, external 1625K/2137K, paused 63ms
I/SystemServer(   61): Account Manager
I/SystemServer(   61): Content Manager
I/SystemServer(   61): System Content Providers
I/ActivityThread(   61): Pub settings: com.android.providers.settings.SettingsProvider
I/SystemServer(   61): Battery Service
I/SystemServer(   61): Lights Service
I/SystemServer(   61): Vibrator Service
D/qemud   (   38): fdhandler_accept_event: accepting on fd 9
D/qemud   (   38): created client 0x12f38 listening on fd 11
D/qemud   (   38): client_fd_receive: attempting registration for service 'hw-control'
D/qemud   (   38): client_fd_receive:    -> received channel id 3
D/SettingsProvider(   61): cache for settings table 'secure' rows=27; fullycached=true
D/qemud   (   38): client_registration: registration succeeded for client 3
D/SettingsProvider(   61): cache for settings table 'system' rows=47; fullycached=true
I/SystemServer(   61): Alarm Manager
I/SystemServer(   61): Init Watchdog
I/SystemServer(   61): Window Manager
I/InputManager(   61): Initializing input manager
I/InputManager(   61): Starting input manager
I/SystemServer(   61): Registering null Bluetooth Service (emulator)
E/System  (   61): Failure starting core service
E/System  (   61): java.lang.SecurityException
E/System  (   61): 	at android.os.BinderProxy.transact(Native Method)
E/System  (   61): 	at android.os.ServiceManagerProxy.addService(ServiceManagerNative.java:146)
E/System  (   61): 	at android.os.ServiceManager.addService(ServiceManager.java:72)
E/System  (   61): 	at com.android.server.ServerThread.run(SystemServer.java:206)
I/SystemServer(   61): Device Policy
I/SystemServer(   61): Status Bar
I/SystemServer(   61): Clipboard Service
I/SystemServer(   61): Input Method Service
I/EventHub(   61): New keyboard: device->id=0x10000 devname='qwerty2' propName='hw.keyboards.65536.devname' keylayout='/system/usr/keylayout/qwerty.kl'
I/EventHub(   61): New device: path=/dev/input/event0 name=qwerty2 id=0x10000 (of 0x1) index=1 fd=87 classes=0x87
E/EventHub(   61): could not get driver version for /dev/input/mouse0, Not a typewriter
E/EventHub(   61): could not get driver version for /dev/input/mice, Not a typewriter
I/InputManager-Callbacks(   61): No input device calibration properties found for device qwerty2.
I/InputReader(   61): Device added: id=0x0, name=qwerty2, sources=00001103
I/InputManagerService(   61): Enabled input methods: jp.co.omronsoft.openwnn/.OpenWnnJAJP:com.android.inputmethod.latin/.LatinIME:com.android.inputmethod.pinyin/.PinyinIME:com.example.android.softkeyboard/.SoftKeyboard
I/SystemServer(   61): NetStat Service
I/SystemServer(   61): NetworkManagement Service
I/SystemServer(   61): Connectivity Service
I/WifiService(   61): WifiService starting up with Wi-Fi disabled
D/NetworkManagmentService(   61): Registering observer
I/SystemServer(   61): Throttle Service
I/SystemServer(   61): Accessibility Manager
I/SystemServer(   61): Mount Service
I/SystemServer(   61): Notification Manager
I/SystemServer(   61): Device Storage Monitor
I/SystemServer(   61): Location Manager
I/SystemServer(   61): Search Service
I/SystemServer(   61): DropBox Service
I/SystemServer(   61): Wallpaper Service
I/SystemServer(   61): Audio Service
D/VoldCmdListener(   29): volume list
I/PackageManager(   61): Updating external media status from unmounted to unmounted
D/VoldCmdListener(   29): share status ums
D/AudioHardwareInterface(   34): setMode(NORMAL)
W/AudioPolicyManagerBase(   34): setPhoneState() setting same state 0
E/SoundPool(   61): error loading /system/media/audio/ui/Effect_Tick.ogg
W/AudioService(   61): Soundpool could not load file: /system/media/audio/ui/Effect_Tick.ogg
E/SoundPool(   61): error loading /system/media/audio/ui/KeypressStandard.ogg
W/AudioService(   61): Soundpool could not load file: /system/media/audio/ui/KeypressStandard.ogg
E/SoundPool(   61): error loading /system/media/audio/ui/KeypressSpacebar.ogg
W/AudioService(   61): Soundpool could not load file: /system/media/audio/ui/KeypressSpacebar.ogg
E/SoundPool(   61): error loading /system/media/audio/ui/KeypressDelete.ogg
W/AudioService(   61): Soundpool could not load file: /system/media/audio/ui/KeypressDelete.ogg
E/SoundPool(   61): error loading /system/media/audio/ui/KeypressReturn.ogg
W/AudioService(   61): Soundpool could not load file: /system/media/audio/ui/KeypressReturn.ogg
I/SystemServer(   61): Headset Observer
W/HeadsetObserver(   61): This kernel does not have wired headset support
I/SystemServer(   61): Dock Observer
W/DockObserver(   61): This kernel does not have dock station support
I/SystemServer(   61): USB Observer
W/UsbObserver(   61): This kernel does not have USB configuration switch support
E/UsbObserver(   61): 
E/UsbObserver(   61): java.lang.NullPointerException
E/UsbObserver(   61): 	at com.android.server.UsbObserver.init(UsbObserver.java:131)
E/UsbObserver(   61): 	at com.android.server.UsbObserver.<init>(UsbObserver.java:65)
E/UsbObserver(   61): 	at com.android.server.ServerThread.run(SystemServer.java:402)
I/SystemServer(   61): UI Mode Manager Service
I/SystemServer(   61): Backup Service
I/BackupManagerService(   61): Backup enabled => true
I/SystemServer(   61): AppWidget Service
I/SystemServer(   61): Recognition Service
I/SystemServer(   61): DiskStats Service
I/WindowManager(   61): SAFE MODE not enabled
D/dalvikvm(   61): JIT started for system_server
D/PowerManagerService(   61): system ready!
I/ActivityManager(   61): System now ready
I/SystemServer(   61): Making services ready
I/StatusBarManagerService(   61): Starting service: ComponentInfo{com.android.systemui/com.android.systemui.statusbar.StatusBarService}
I/Zygote  (   61): Process: zygote socket opened
I/ActivityManager(   61): Start proc com.android.systemui for service com.android.systemui/.statusbar.StatusBarService: pid=114 uid=1000 gids={3002, 3001, 3003}
I/ActivityManager(   61): Config changed: { scale=1.0 imsi=0/0 loc=en_US touch=0 keys=0/0/0 nav=0/0 orien=0 layout=0 uiMode=17 seq=2}
I/ActivityManager(   61): Config changed: { scale=1.0 imsi=0/0 loc=en_US touch=3 keys=2/1/2 nav=1/1 orien=1 layout=34 uiMode=17 seq=3}
W/RecognitionManagerService(   61): no available voice recognition services found
D/dalvikvm(   61): GREF has increased to 201
D/dalvikvm(   61): GC_CONCURRENT freed 231K, 46% free 4175K/7623K, external 1802K/2137K, paused 4ms+18ms
I/ActivityManager(   61): Start proc jp.co.omronsoft.openwnn for service jp.co.omronsoft.openwnn/.OpenWnnJAJP: pid=118 uid=10004 gids={}
W/GpsLocationProvider(   61): Could not open GPS configuration file /etc/gps.conf
D/NetworkManagmentService(   61): Registering observer
E/ThrottleService(   61): Could not open GPS configuration file /etc/gps.conf
I/ActivityManager(   61): Start proc com.android.phone for added application com.android.phone: pid=123 uid=1001 gids={3002, 3001, 3003, 1015}
I/ActivityManager(   61): Start proc com.android.systemui for added application com.android.systemui: pid=125 uid=1000 gids={3002, 3001, 3003}
I/ActivityManager(   61): Starting: Intent { act=android.intent.action.MAIN cat=[android.intent.category.HOME] flg=0x10000000 cmp=com.android.launcher/com.android.launcher2.Launcher } from pid 0
I/ActivityManager(   61): Start proc com.android.launcher for activity com.android.launcher/com.android.launcher2.Launcher: pid=136 uid=10013 gids={}
W/ActivityManager(   61): Unable to start service Intent { act=@0 }: not found
W/ActivityManager(   61): Unable to start service Intent { act=@0 }: not found
I/SystemServer(   61): Enabled StrictMode for system server main thread.
E/logwrapper(  138): executing /system/bin/tc failed: No such file or directory
I/logwrapper(   30): /system/bin/tc terminated by exit(1)
E/logwrapper(  140): executing /system/bin/tc failed: No such file or directory
I/logwrapper(   30): /system/bin/tc terminated by exit(1)
E/logwrapper(  142): executing /system/bin/tc failed: No such file or directory
I/logwrapper(   30): /system/bin/tc terminated by exit(1)
D/qemud   (   38): fdhandler_accept_event: accepting on fd 9
D/qemud   (   38): created client 0x12f88 listening on fd 12
D/qemud   (   38): client_fd_receive: attempting registration for service 'gps'
D/qemud   (   38): client_fd_receive:    -> received channel id 4
D/dalvikvm(   61): GC_EXTERNAL_ALLOC freed 133K, 46% free 4153K/7623K, external 2130K/2137K, paused 270ms
I/ActivityManager(   61): Start proc com.android.settings for broadcast com.android.settings/.widget.SettingsAppWidgetProvider: pid=151 uid=1000 gids={3002, 3001, 3003}
W/ActivityManager(   61): No pending application record for pid 114 (IApplicationThread android.app.ApplicationThreadProxy@406b25f8); dropping process
I/Process (   61): Sending signal. PID: 114 SIG: 9
D/qemud   (   38): client_registration: registration succeeded for client 4
D/dalvikvm(  118): GC_CONCURRENT freed 404K, 54% free 2641K/5639K, external 1625K/2137K, paused 3ms+63ms
D/dalvikvm(  123): GC_CONCURRENT freed 405K, 54% free 2640K/5639K, external 1625K/2137K, paused 3ms+44ms
D/dalvikvm(   61): GC_EXTERNAL_ALLOC freed 151K, 46% free 4181K/7623K, external 2742K/2770K, paused 357ms
D/dalvikvm(  125): GC_CONCURRENT freed 407K, 54% free 2638K/5639K, external 1625K/2137K, paused 4ms+73ms
D/dalvikvm(  136): GC_CONCURRENT freed 407K, 54% free 2638K/5639K, external 1625K/2137K, paused 4ms+67ms
I/ActivityThread(  136): Pub com.android.launcher2.settings: com.android.launcher2.LauncherProvider
I/ActivityThread(  123): Pub mms: com.android.providers.telephony.MmsProvider
D/dalvikvm(  118): No JNI_OnLoad found in /system/lib/libwnndict.so 0x40513468, skipping init
I/ActivityThread(  123): Pub sms: com.android.providers.telephony.SmsProvider
I/ActivityThread(  123): Pub telephony: com.android.providers.telephony.TelephonyProvider
I/ActivityThread(  123): Pub icc: com.android.phone.IccProvider
I/ActivityThread(  123): Pub mms-sms: com.android.providers.telephony.MmsSmsProvider
D/dalvikvm(  118): GC_CONCURRENT freed 274K, 50% free 2921K/5831K, external 1625K/2137K, paused 3ms+90ms
D/dalvikvm(  151): GC_CONCURRENT freed 408K, 54% free 2636K/5639K, external 1625K/2137K, paused 4ms+44ms
D/dalvikvm(   61): GC_EXTERNAL_ALLOC freed 32K, 45% free 4205K/7623K, external 3332K/3347K, paused 255ms
I/StatusBarManagerService(   61): registerStatusBar bar=com.android.internal.statusbar.IStatusBar$Stub$Proxy@4050ad48
D/VoldCmdListener(   29): share status ums
D/StorageNotification(  125): Startup with UMS connection false (media state unmounted)
I/StorageNotification(  125): UMS connection changed to false (media state unmounted)
D/dalvikvm(  118): GC_CONCURRENT freed 419K, 49% free 3170K/6215K, external 1625K/2137K, paused 4ms+45ms
D/CallManager(  123): registerPhone(GSM Handler{40560f98})
I/ActivityManager(   61): Start proc android.process.acore for content provider com.android.providers.contacts/.CallLogProvider: pid=196 uid=10006 gids={3003, 1015}
W/ActivityManager(   61): Unable to start service Intent { act=com.android.ussd.IExtendedNetworkService }: not found
I/TelephonyRegistry(   61): notifyServiceState: 3 home null null null  Unknown CSS not supported -1 -1RoamInd: -1DefRoamInd: -1EmergOnly: false
D/AlarmManagerService(   61): Kernel timezone updated to 0 minutes west of GMT
W/SystemClock(  123): Unable to set rtc to 1374153575: Invalid argument
D/dalvikvm(  136): GC_EXTERNAL_ALLOC freed 48K, 53% free 2696K/5639K, external 2128K/2137K, paused 233ms
D/dalvikvm(   61): GC_EXTERNAL_ALLOC freed 217K, 44% free 4333K/7623K, external 3335K/3578K, paused 195ms
I/TelephonyRegistry(   61): notifyDataConnection: state=0 isDataConnectivityPossible=false reason=radioTurnedOff interfaceName=null networkType=0
I/ActivityManager(   61): Start proc com.android.deskclock for broadcast com.android.deskclock/.AlarmInitReceiver: pid=204 uid=10019 gids={}
I/TelephonyRegistry(   61): notifyDataConnection: state=0 isDataConnectivityPossible=false reason=gprsDetached interfaceName=null networkType=0
I/TelephonyRegistry(   61): notifyServiceState: 0 home Android Android 310260  UMTS CSS not supported -1 -1RoamInd: -1DefRoamInd: -1EmergOnly: false
D/SystemClock(  123): Setting time of day to sec=1374153575
I/TelephonyRegistry(   61): notifyDataConnection: state=0 isDataConnectivityPossible=false reason=null interfaceName=null networkType=3
D/dalvikvm(   61): GC_EXTERNAL_ALLOC freed 42K, 44% free 4342K/7623K, external 4073K/5086K, paused 223ms
I/ActivityThread(  196): Pub com.android.social: com.android.providers.contacts.SocialProvider
I/ActivityThread(  196): Pub applications: com.android.providers.applications.ApplicationsProvider
D/MccTable(  123): updateMccMncConfiguration: mcc=310, mnc=260
D/MccTable(  123): locale set to en_us
D/MccTable(  123): WIFI_NUM_ALLOWED_CHANNELS set to 11
I/WifiService(   61): WifiService trying to setNumAllowed to 11 with persist set to true
I/ActivityManager(   61): Config changed: { scale=1.0 imsi=310/260 loc=en_US touch=3 keys=2/1/2 nav=1/1 orien=1 layout=34 uiMode=17 seq=4}
I/TelephonyRegistry(   61): notifyMessageWaitingChanged: false
I/TelephonyRegistry(   61): notifyCallForwardingChanged: false
D/dalvikvm(  123): GC_CONCURRENT freed 230K, 50% free 2926K/5767K, external 1625K/2137K, paused 4ms+32ms
D/dalvikvm(  136): GC_EXTERNAL_ALLOC freed 26K, 52% free 2720K/5639K, external 2668K/2681K, paused 623ms
D/dalvikvm(  196): GC_CONCURRENT freed 408K, 54% free 2613K/5639K, external 1625K/2137K, paused 3ms+65ms
I/ActivityThread(  204): Pub com.android.deskclock: com.android.deskclock.AlarmProvider
D/dalvikvm(  204): GC_CONCURRENT freed 371K, 54% free 2618K/5639K, external 1625K/2137K, paused 4ms+44ms
I/ActivityThread(  196): Pub contacts;com.android.contacts: com.android.providers.contacts.ContactsProvider2
I/ActivityManager(   61): Start proc com.android.protips for broadcast com.android.protips/.ProtipWidget: pid=218 uid=10024 gids={}
D/TelephonyProvider(  123): Setting numeric '310260' to be the current operator
D/dalvikvm(  136): GC_EXTERNAL_ALLOC freed 7K, 52% free 2734K/5639K, external 3368K/3387K, paused 406ms
I/TelephonyRegistry(   61): notifyDataConnection: state=1 isDataConnectivityPossible=true reason=simLoaded interfaceName=null networkType=3
D/dalvikvm(   33): GC_EXPLICIT freed 10K, 53% free 2538K/5379K, external 1625K/2137K, paused 463ms
D/dalvikvm(   33): GC_EXPLICIT freed <1K, 53% free 2538K/5379K, external 1625K/2137K, paused 215ms
D/dalvikvm(   33): GC_EXPLICIT freed <1K, 53% free 2538K/5379K, external 1625K/2137K, paused 316ms
D/dalvikvm(   61): GC_CONCURRENT freed 588K, 42% free 4481K/7687K, external 4373K/5573K, paused 5ms+14ms
I/TelephonyRegistry(   61): notifyDataConnection: state=2 isDataConnectivityPossible=true reason=simLoaded interfaceName=/dev/omap_csmi_tty1 networkType=3
D/Tethering(   61): MasterInitialState.processMessage what=3
D/SntpClient(   61): request time failed: java.net.SocketException: Address family not supported by protocol
I/InputReader(   61): Device reconfigured: id=0x0, name=qwerty2, display size is now 480x800
I/InputManager-Callbacks(   61): No virtual keys found for device qwerty2.
I/ActivityManager(   61): Start proc com.android.music for broadcast com.android.music/.MediaAppWidgetProvider: pid=230 uid=10005 gids={3003, 1015}
I/ActivityThread(  196): Pub call_log: com.android.providers.contacts.CallLogProvider
I/ActivityThread(  196): Pub user_dictionary: com.android.providers.userdictionary.UserDictionaryProvider
D/dalvikvm(  136): GC_EXTERNAL_ALLOC freed 55K, 51% free 2780K/5639K, external 4217K/4261K, paused 147ms
I/ActivityManager(   61): Start proc com.android.quicksearchbox for broadcast com.android.quicksearchbox/.SearchWidgetProvider: pid=239 uid=10002 gids={3003}
D/dalvikvm(  136): GC_EXTERNAL_ALLOC freed 28K, 51% free 2800K/5639K, external 5345K/5346K, paused 160ms
D/dalvikvm(  136): GC_EXPLICIT freed 16K, 51% free 2810K/5639K, external 5437K/6692K, paused 105ms
I/ActivityThread(  239): Pub com.android.quicksearchbox.google: com.android.quicksearchbox.google.GoogleSuggestionProvider
I/ActivityThread(  239): Pub com.android.quicksearchbox.shortcuts: com.android.quicksearchbox.ShortcutsProvider
D/dalvikvm(   61): GREF has increased to 301
I/ActivityManager(   61): Start proc android.process.media for broadcast com.android.providers.downloads/.DownloadReceiver: pid=247 uid=10000 gids={1015, 1006, 2001, 3003}
I/ActivityThread(  247): Pub media: com.android.providers.media.MediaProvider
V/MediaProvider(  247): Attached volume: internal
I/ActivityThread(  247): Pub downloads: com.android.providers.downloads.DownloadProvider
I/ActivityThread(  247): Pub drm: com.android.providers.drm.DrmProvider
I/ActivityManager(   61): Start proc com.wandoujia.phoenix2 for broadcast com.wandoujia.phoenix2/com.wandoujia.phoenix4.receiver.ConnectivityChangedReceiver: pid=256 uid=10035 gids={3003, 1007, 1015, 1006}
I/ActivityThread(  256): Pub com.wandoujia.thumbnail;com.wandoujia.imagecache: com.wandoujia.phoenix2.providers.ThumbProvider
I/ActivityThread(  256): Pub com.wandoujia.phoenix4.download: com.wandoujia.phoenix4.download.lib.rpc.DownloadProvider
I/ActivityThread(  256): Pub com.wandoujia.app;com.wandoujia.image;com.wandoujia.photosync;com.wandoujia.share;com.wandoujia.sync;com.wandoujia.offlinetask: com.wandoujia.phoenix2.providers.PhoenixProvider
D/dalvikvm(  256): Trying to load lib /data/data/com.wandoujia.phoenix2/lib/libudid.so 0x405153c0
D/dalvikvm(  256): Added shared lib /data/data/com.wandoujia.phoenix2/lib/libudid.so 0x405153c0
I/dalvikvm(  256): Could not find method android.os.Environment.isExternalStorageEmulated, referenced from method com.wandoujia.phoenix2.utils.at.o
W/dalvikvm(  256): VFY: unable to resolve static method 873: Landroid/os/Environment;.isExternalStorageEmulated ()Z
D/dalvikvm(  256): VFY: replacing opcode 0x71 at 0x001d
D/dalvikvm(  256): VFY: dead code 0x0020-0024 in Lcom/wandoujia/phoenix2/utils/at;.o ()Z
W/ActivityManager(   61): Activity idle timeout for HistoryRecord{4059bea8 com.android.launcher/com.android.launcher2.Launcher}
D/PowerManagerService(   61): bootCompleted
D/VoldCmdListener(   29): volume mount /mnt/sdcard
I/Vold    (   29): /dev/block/vold/179:0 being considered for volume sdcard
D/Vold    (   29): Volume sdcard state changing 1 (Idle-Unmounted) -> 3 (Checking)
I/StorageNotification(  125): Media {/mnt/sdcard} state changed from {unmounted} -> {checking}
D/dalvikvm(  125): GC_EXTERNAL_ALLOC freed 146K, 52% free 2723K/5639K, external 2129K/2137K, paused 99ms
I/SurfaceFlinger(   61): Boot is finished (18910 ms)
I/ARMAssembler(   61): generated scanline__00000177:03010104_00000002_00000000 [ 44 ipp] (66 ins) at [0x44d3a290:0x44d3a398] in 677677 ns
I/ARMAssembler(   61): generated scanline__00000177:03515104_00000001_00000000 [ 73 ipp] (95 ins) at [0x44d3a3a0:0x44d3a51c] in 645378 ns
W/dalvikvm(  218): threadid=6: spin on suspend #1 threadid=3 (pcf=0)
D/dalvikvm(  218): Temporarily moving tid 220 to fg (was 0)
W/dalvikvm(  218): threadid=6: spin on suspend resolved in 1046 msec
D/dalvikvm(  218): Restored policy of 220 to 0
I/SearchManagerService(   61): Building list of searchable activities
I//system/bin/fsck_msdos(   29): ** /dev/block/vold/179:0
I//system/bin/fsck_msdos(   29): ** Phase 1 - Read and Compare FATs
I//system/bin/fsck_msdos(   29): Attempting to allocate 2032 KB for FAT
D/dalvikvm(  218): GC_CONCURRENT freed 369K, 54% free 2594K/5575K, external 1625K/2137K, paused 3ms+2ms
E/dalvikvm(  256): Could not find class 'android.app.Notification$Builder', referenced from method com.wandoujia.phoenix2.photosync.b.handleMessage
W/dalvikvm(  256): VFY: unable to resolve new-instance 33 (Landroid/app/Notification$Builder;) in Lcom/wandoujia/phoenix2/photosync/b;
D/dalvikvm(  256): VFY: replacing opcode 0x22 at 0x007d
I//system/bin/fsck_msdos(   29): Attempting to allocate 2032 KB for FAT
D/dalvikvm(   61): GC_EXPLICIT freed 716K, 43% free 4476K/7815K, external 4373K/5573K, paused 69ms
I/ARMAssembler(   61): generated scanline__00000177:03515104_00001001_00000000 [ 91 ipp] (114 ins) at [0x44d3a520:0x44d3a6e8] in 541235 ns
I/ActivityManager(   61): Displayed com.android.launcher/com.android.launcher2.Launcher: +13s463ms
D/dalvikvm(  256): VFY: dead code 0x007f-00af in Lcom/wandoujia/phoenix2/photosync/b;.handleMessage (Landroid/os/Message;)V
D/dalvikvm(  256): VFY: dead code 0x00b8-00c9 in Lcom/wandoujia/phoenix2/photosync/b;.handleMessage (Landroid/os/Message;)V
I//system/bin/fsck_msdos(   29): ** Phase 2 - Check Cluster Chains
I//system/bin/fsck_msdos(   29): ** Phase 3 - Checking Directories
I//system/bin/fsck_msdos(   29): ** Phase 4 - Checking for Lost Files
I//system/bin/fsck_msdos(   29): Next free cluster in FSInfo block (36581) not free
I//system/bin/fsck_msdos(   29): FIXED
I//system/bin/fsck_msdos(   29): 1609 files, 239355 free (478710 clusters)
I/Vold    (   29): Filesystem check completed OK
I/Vold    (   29): Device /dev/block/vold/179:0, target /mnt/sdcard mounted @ /mnt/secure/staging
D/Vold    (   29): Volume sdcard state changing 3 (Checking) -> 4 (Mounted)
I/PackageManager(   61): Updating external media status from unmounted to mounted
I/StorageNotification(  125): Media {/mnt/sdcard} state changed from {checking} -> {mounted}
D/VoldCmdListener(   29): asec list
D/VoldCmdListener(   29): asec path cn.wps.livespace-1
D/VoldCmdListener(   29): asec mount cn.wps.livespace-1 {} 1000
D/dalvikvm(  136): GC_EXTERNAL_ALLOC freed 204K, 49% free 3013K/5831K, external 6003K/6692K, paused 110ms
D/VoldCmdListener(   29): asec path cn.wps.livespace-1
I/PackageManager(   61): Linking native library dir for /mnt/asec/cn.wps.livespace-1/pkg.apk
W/PackageManager(   61): Unknown permission com.google.android.googleapps.permission.GOOGLE_AUTH.mail in package com.android.contacts
W/PackageManager(   61): Unknown permission android.permission.ADD_SYSTEM_SERVICE in package com.android.phone
E/dalvikvm(  256): Could not find class 'android.app.Notification$Builder', referenced from method com.wandoujia.phoenix2.appwash.controller.AppWashController.a
W/dalvikvm(  256): VFY: unable to resolve new-instance 33 (Landroid/app/Notification$Builder;) in Lcom/wandoujia/phoenix2/appwash/controller/AppWashController;
D/dalvikvm(  256): VFY: replacing opcode 0x22 at 0x00c1
D/dalvikvm(  256): VFY: dead code 0x00c3-010b in Lcom/wandoujia/phoenix2/appwash/controller/AppWashController;.a (Ljava/util/List;Lcom/wandoujia/phoenix2/appwash/controller/AppWashController$WashEntryType;)V
W/PackageManager(   61): Unknown permission com.android.vending.BILLING in package cn.wps.moffice_eng
W/PackageManager(   61): Not granting permission com.android.email.permission.ACCESS_PROVIDER to package cn.wps.moffice_eng (protectionLevel=3 flags=0x8be44)
W/PackageManager(   61): Not granting permission android.permission.SEND_DOWNLOAD_COMPLETED_INTENTS to package com.android.browser (protectionLevel=2 flags=0x9be45)
W/PackageManager(   61): Unknown permission com.google.android.gm.permission.WRITE_GMAIL in package com.android.settings
W/PackageManager(   61): Unknown permission com.google.android.gm.permission.READ_GMAIL in package com.android.settings
W/PackageManager(   61): Unknown permission com.google.android.googleapps.permission.GOOGLE_AUTH in package com.android.settings
W/PackageManager(   61): Unknown permission com.google.android.googleapps.permission.GOOGLE_AUTH in package com.android.providers.contacts
W/PackageManager(   61): Unknown permission com.google.android.googleapps.permission.GOOGLE_AUTH.cp in package com.android.providers.contacts
W/PackageManager(   61): Unknown permission com.android.launcher.permission.CREATE_SHORTCUT in package com.wandoujia.phoenix2
W/PackageManager(   61): Unknown permission org.adw.launcher.permission.READ_SETTINGS in package com.wandoujia.phoenix2
W/PackageManager(   61): Unknown permission org.adw.launcher.permission.WRITE_SETTINGS in package com.wandoujia.phoenix2
W/PackageManager(   61): Unknown permission com.qihoo360.launcher.permission.READ_SETTINGS in package com.wandoujia.phoenix2
W/PackageManager(   61): Unknown permission com.qihoo360.launcher.permission.WRITE_SETTINGS in package com.wandoujia.phoenix2
W/PackageManager(   61): Unknown permission com.lge.launcher.permission.READ_SETTINGS in package com.wandoujia.phoenix2
W/PackageManager(   61): Unknown permission com.lge.launcher.permission.WRITE_SETTINGS in package com.wandoujia.phoenix2
W/PackageManager(   61): Unknown permission net.qihoo.launcher.permission.READ_SETTINGS in package com.wandoujia.phoenix2
W/PackageManager(   61): Unknown permission net.qihoo.launcher.permission.WRITE_SETTINGS in package com.wandoujia.phoenix2
W/PackageManager(   61): Unknown permission org.adwfreak.launcher.permission.READ_SETTINGS in package com.wandoujia.phoenix2
W/PackageManager(   61): Unknown permission org.adwfreak.launcher.permission.WRITE_SETTINGS in package com.wandoujia.phoenix2
W/PackageManager(   61): Unknown permission com.huawei.launcher3.permission.READ_SETTINGS in package com.wandoujia.phoenix2
W/PackageManager(   61): Unknown permission com.huawei.launcher3.permission.WRITE_SETTINGS in package com.wandoujia.phoenix2
W/PackageManager(   61): Unknown permission com.fede.launcher.permission.READ_SETTINGS in package com.wandoujia.phoenix2
W/PackageManager(   61): Unknown permission com.fede.launcher.permission.WRITE_SETTINGS in package com.wandoujia.phoenix2
W/PackageManager(   61): Unknown permission com.sec.android.app.twlauncher.settings.READ_SETTINGS in package com.wandoujia.phoenix2
W/PackageManager(   61): Unknown permission com.sec.android.app.twlauncher.settings.WRITE_SETTINGS in package com.wandoujia.phoenix2
W/PackageManager(   61): Not granting permission android.permission.ACCESS_DRM to package com.wandoujia.phoenix2 (protectionLevel=2 flags=0x8be44)
W/PackageManager(   61): Unknown permission com.google.android.googleapps.permission.ACCESS_GOOGLE_PASSWORD in package com.android.development
W/PackageManager(   61): Unknown permission com.google.android.googleapps.permission.GOOGLE_AUTH in package com.android.development
W/PackageManager(   61): Unknown permission com.google.android.googleapps.permission.GOOGLE_AUTH.ALL_SERVICES in package com.android.development
W/PackageManager(   61): Unknown permission com.google.android.googleapps.permission.GOOGLE_AUTH.YouTubeUser in package com.android.development
W/PackageManager(   61): Not granting permission android.permission.SET_PREFERRED_APPLICATIONS to package com.mx.browser (protectionLevel=2 flags=0x8be44)
W/PackageManager(   61): Unknown permission android.permission.READ_OWNER_DATA in package com.android.email
W/PackageManager(   61): Not granting permission android.permission.DEVICE_POWER to package com.android.deskclock (protectionLevel=2 flags=0x8be45)
I/dalvikvm(   61): Jit: resizing JitTable from 512 to 1024
W/RecognitionManagerService(   61): no available voice recognition services found
D/dalvikvm(  256): GC_CONCURRENT freed 581K, 48% free 3490K/6663K, external 1625K/2137K, paused 4ms+16ms
D/dalvikvm(   61): GC_EXPLICIT freed 456K, 43% free 4497K/7815K, external 4373K/5573K, paused 145ms
D/dalvikvm(  256): DexOpt: couldn't find field Landroid/content/pm/PackageStats;.externalCacheSize
W/dalvikvm(  256): VFY: unable to resolve instance field 54
D/dalvikvm(  256): VFY: replacing opcode 0x53 at 0x000e
D/dalvikvm(  256): DexOpt: couldn't find field Landroid/content/pm/PackageStats;.externalCodeSize
W/dalvikvm(  256): VFY: unable to resolve instance field 55
D/dalvikvm(  256): VFY: replacing opcode 0x53 at 0x0020
D/dalvikvm(  256): VFY: dead code 0x0010-0019 in Lcom/wandoujia/phoenix2/appwash/controller/ay;.a (Lcom/wandoujia/phoenix2/appwash/controller/ay;Landroid/content/pm/PackageStats;)J
D/dalvikvm(  256): VFY: dead code 0x0022-0022 in Lcom/wandoujia/phoenix2/appwash/controller/ay;.a (Lcom/wandoujia/phoenix2/appwash/controller/ay;Landroid/content/pm/PackageStats;)J
D/dalvikvm(  256): DexOpt: couldn't find field Landroid/content/pm/PackageStats;.externalDataSize
I/dalvikvm(  256): DexOpt: unable to optimize instance field ref 0x0038 at 0x10 in Lcom/wandoujia/phoenix2/appwash/controller/ay;.a
D/dalvikvm(  256): DexOpt: couldn't find field Landroid/content/pm/PackageStats;.externalMediaSize
I/dalvikvm(  256): DexOpt: unable to optimize instance field ref 0x0039 at 0x13 in Lcom/wandoujia/phoenix2/appwash/controller/ay;.a
D/dalvikvm(  256): DexOpt: couldn't find field Landroid/content/pm/PackageStats;.externalObbSize
I/dalvikvm(  256): DexOpt: unable to optimize instance field ref 0x003a at 0x16 in Lcom/wandoujia/phoenix2/appwash/controller/ay;.a
I/ActivityManager(   61): Start proc com.mx.browser for broadcast com.mx.browser/.cloud.CloudReceiver: pid=316 uid=10036 gids={3003, 1015}
I/ActivityThread(  316): Pub com.mx.browser.downloadprovider: com.mx.browser.download.DownloadProvider
I/ActivityThread(  316): Pub com.mx.browser.browserprovider: com.mx.browser.BrowserProvider
D/OtaStartupReceiver(  123): Not a CDMA phone, no need to process OTA
I/ActivityManager(   61): Start proc com.android.mms for broadcast com.android.mms/.transaction.MmsSystemEventReceiver: pid=329 uid=10015 gids={3003, 1015}
I/RecoverySystem(   61): No recovery log file
I/ActivityThread(  329): Pub com.android.mms.SuggestionsProvider: com.android.mms.SuggestionsProvider
I/ActivityManager(   61): Start proc com.android.email for broadcast com.android.email/.service.EmailBroadcastReceiver: pid=350 uid=10028 gids={3003, 1015}
I/ActivityThread(  350): Pub com.android.email.provider: com.android.email.provider.EmailProvider
I/ActivityThread(  350): Pub com.android.email.attachmentprovider: com.android.email.provider.AttachmentProvider
I/ActivityThread(  350): Pub com.android.exchange.provider: com.android.exchange.provider.ExchangeProvider
D/EAS SyncManager(  350): !!! EAS SyncManager, onCreate
D/MediaScannerService(  247): start scanning volume internal
D/Eas Debug(  350): Logging: 
D/EAS SyncManager(  350): !!! EAS SyncManager, onDestroy
D/Email   (  350): BOOT_COMPLETED
D/EAS SyncManager(  350): !!! EAS SyncManager, onCreate
D/EAS SyncManager(  350): !!! EAS SyncManager, onStartCommand
D/EAS SyncManager(  350): !!! EAS SyncManager, stopping self
D/EAS SyncManager(  350): !!! EAS SyncManager, onDestroy
D/dalvikvm(  123): GREF has increased to 201
D/dalvikvm(  196): GC_CONCURRENT freed 273K, 51% free 2862K/5767K, external 1625K/2137K, paused 3ms+4ms
D/dalvikvm(  136): GC_EXTERNAL_ALLOC freed 163K, 49% free 3004K/5831K, external 6572K/6590K, paused 59ms
D/MediaScanner(  247):  prescan time: 919ms
D/MediaScanner(  247):     scan time: 7ms
D/MediaScanner(  247): postscan time: 0ms
D/MediaScanner(  247):    total time: 926ms
I/Launcher.Model(  136): not binding apps: no Launcher activity
D/dalvikvm(  136): GC_EXPLICIT freed 121K, 50% free 2969K/5831K, external 6129K/7579K, paused 53ms
D/MediaScannerService(  247): done scanning volume internal
D/MediaScannerService(  247): start scanning volume external
V/MediaProvider(  247): /mnt/sdcard volume ID: 218050065
V/MediaProvider(  247): Attached volume: external
D/dalvikvm(  256): GC_CONCURRENT freed 711K, 49% free 3557K/6919K, external 1753K/2137K, paused 3ms+4ms
V/MediaScanner(  247): pruneDeadThumbnailFiles... android.database.sqlite.SQLiteCursor@405bd608
V/MediaScanner(  247): /pruneDeadThumbnailFiles... android.database.sqlite.SQLiteCursor@405bd608
D/MediaScanner(  247):  prescan time: 133ms
D/MediaScanner(  247):     scan time: 251ms
D/MediaScanner(  247): postscan time: 59ms
D/MediaScanner(  247):    total time: 443ms
D/MediaScannerService(  247): done scanning volume external
D/dalvikvm(  136): GC_EXPLICIT freed 280K, 50% free 3000K/5895K, external 6221K/7579K, paused 46ms
I/ActivityManager(   61): Starting: Intent { act=android.intent.action.MAIN cat=[android.intent.category.LAUNCHER] flg=0x10200000 cmp=cn.wps.moffice_eng/cn.wps.moffice.documentmanager.PreStartActivity } from pid 136
I/ActivityManager(   61): Start proc cn.wps.moffice_eng for activity cn.wps.moffice_eng/cn.wps.moffice.documentmanager.PreStartActivity: pid=375 uid=10037 gids={3003, 1015}
D/dalvikvm(  375): GetFieldID: unable to find field Ljava/util/HashMap;.loadFactor:F
D/dalvikvm(  375): GetFieldID: unable to find field Ljava/util/HashMap;.loadFactor:F
D/dalvikvm(  375): GetFieldID: unable to find field Ljava/util/HashMap;.loadFactor:F
I/dalvikvm(  375): Could not find method cn.wps.moffice.documentmanager.PreStartActivity.getActionBar, referenced from method cn.wps.moffice.documentmanager.PreStartActivity.setDisplayShowCustomEnabled
W/dalvikvm(  375): VFY: unable to resolve virtual method 11013: Lcn/wps/moffice/documentmanager/PreStartActivity;.getActionBar ()Landroid/app/ActionBar;
D/dalvikvm(  375): VFY: replacing opcode 0x6e at 0x0006
D/dalvikvm(  375): VFY: dead code 0x0009-000e in Lcn/wps/moffice/documentmanager/PreStartActivity;.setDisplayShowCustomEnabled (Z)V
D/dalvikvm(  375): GetFieldID: unable to find field Ljava/util/HashMap;.loadFactor:F
I/ActivityManager(   61): Starting: Intent { cmp=cn.wps.moffice_eng/cn.wps.moffice.documentmanager.DocumentManager } from pid 375
D/dalvikvm(  375): GetFieldID: unable to find field Ljava/util/HashMap;.loadFactor:F
D/dalvikvm(  375): GC_EXTERNAL_ALLOC freed 639K, 50% free 3331K/6599K, external 2129K/2137K, paused 57ms
D/dalvikvm(  375): GC_EXTERNAL_ALLOC freed 46K, 49% free 3382K/6599K, external 2611K/2673K, paused 56ms
D/dalvikvm(  375): GetFieldID: unable to find field Ljava/util/HashMap;.loadFactor:F
D/dalvikvm(  375): GetFieldID: unable to find field Ljava/util/HashMap;.loadFactor:F
I/dalvikvm(  375): Failed resolving Lcn/wps/moffice/common/beans/k$1; interface 540 'Landroid/nfc/NfcAdapter$OnNdefPushCompleteCallback;'
W/dalvikvm(  375): Link of class 'Lcn/wps/moffice/common/beans/k$1;' failed
E/dalvikvm(  375): Could not find class 'cn.wps.moffice.common.beans.k$1', referenced from method cn.wps.moffice.common.beans.k.<init>
W/dalvikvm(  375): VFY: unable to resolve new-instance 1597 (Lcn/wps/moffice/common/beans/k$1;) in Lcn/wps/moffice/common/beans/k;
D/dalvikvm(  375): VFY: replacing opcode 0x22 at 0x0039
I/dalvikvm(  375): Failed resolving Lcn/wps/moffice/common/beans/k$3; interface 538 'Landroid/nfc/NfcAdapter$CreateBeamUrisCallback;'
W/dalvikvm(  375): Link of class 'Lcn/wps/moffice/common/beans/k$3;' failed
E/dalvikvm(  375): Could not find class 'cn.wps.moffice.common.beans.k$3', referenced from method cn.wps.moffice.common.beans.k.<init>
W/dalvikvm(  375): VFY: unable to resolve new-instance 1599 (Lcn/wps/moffice/common/beans/k$3;) in Lcn/wps/moffice/common/beans/k;
D/dalvikvm(  375): VFY: replacing opcode 0x22 at 0x0070
D/dalvikvm(  375): VFY: dead code 0x003b-005c in Lcn/wps/moffice/common/beans/k;.<init> (Landroid/app/Activity;)V
D/dalvikvm(  375): VFY: dead code 0x0072-0079 in Lcn/wps/moffice/common/beans/k;.<init> (Landroid/app/Activity;)V
D/water   (  375): packageName: cn.wps.moffice_eng
D/dalvikvm(  375): GetFieldID: unable to find field Ljava/util/HashMap;.loadFactor:F
D/dalvikvm(  375): GetFieldID: unable to find field Ljava/util/HashMap;.loadFactor:F
D/dalvikvm(  375): GetFieldID: unable to find field Ljava/util/HashMap;.loadFactor:F
D/dalvikvm(  375): GetFieldID: unable to find field Ljava/util/HashMap;.loadFactor:F
D/dalvikvm(  375): GetFieldID: unable to find field Ljava/util/HashMap;.loadFactor:F
D/dalvikvm(  375): GetFieldID: unable to find field Ljava/util/HashMap;.loadFactor:F
D/dalvikvm(   61): GREF has increased to 401
D/dalvikvm(  375): GC_CONCURRENT freed 539K, 47% free 3582K/6727K, external 3121K/3694K, paused 4ms+4ms
D/dalvikvm(  375): GetFieldID: unable to find field Ljava/util/HashMap;.loadFactor:F
D/dalvikvm(  375): GetFieldID: unable to find field Ljava/util/HashMap;.loadFactor:F
D/dalvikvm(  375): GetFieldID: unable to find field Ljava/util/HashMap;.loadFactor:F
D/dalvikvm(  375): GetFieldID: unable to find field Ljava/util/HashMap;.loadFactor:F
D/dalvikvm(  375): GC_EXTERNAL_ALLOC freed 347K, 48% free 3585K/6791K, external 3121K/3694K, paused 60ms
D/dalvikvm(  375): GC_EXTERNAL_ALLOC freed 164K, 48% free 3592K/6855K, external 3545K/4295K, paused 48ms
D/dalvikvm(  375): GC_EXTERNAL_ALLOC freed 77K, 48% free 3599K/6855K, external 4159K/5193K, paused 47ms
W/ResourceType(   61): Skipping entry 0x7f040000 in package table 0 because it is not complex!
W/ResourceType(   61): Skipping entry 0x7f040017 in package table 0 because it is not complex!
I/ARMAssembler(   61): generated scanline__00000177:03515104_00001002_00000000 [ 87 ipp] (110 ins) at [0x44d3a6f0:0x44d3a8a8] in 438302 ns
I/ActivityManager(   61): Displayed cn.wps.moffice_eng/cn.wps.moffice.documentmanager.DocumentManager: +3s417ms (total +4s363ms)
D/dalvikvm(  256): Trying to load lib /data/data/com.wandoujia.phoenix2/lib/libcipher.so 0x405153c0
D/dalvikvm(  256): Added shared lib /data/data/com.wandoujia.phoenix2/lib/libcipher.so 0x405153c0
D/dalvikvm(  256): No JNI_OnLoad found in /data/data/com.wandoujia.phoenix2/lib/libcipher.so 0x405153c0, skipping init
I/dalvikvm(  256): Total arena pages for JIT: 11
I/dalvikvm(  256): Total arena pages for JIT: 12
D/dalvikvm(  375): GetFieldID: unable to find field Ljava/util/HashMap;.loadFactor:F
D/dalvikvm(  375): GetFieldID: unable to find field Ljava/util/HashMap;.loadFactor:F
D/dalvikvm(  375): GetFieldID: unable to find field Ljava/util/HashMap;.loadFactor:F
I/ActivityManager(   61): Starting: Intent { cmp=cn.wps.moffice_eng/cn.wps.moffice.startactivity.writer.StartWriterActivity1 (has extras) } from pid 375
I/ActivityManager(   61): Start proc cn.wps.moffice_eng:writer1 for activity cn.wps.moffice_eng/cn.wps.moffice.startactivity.writer.StartWriterActivity1: pid=400 uid=10037 gids={3003, 1015}
D/dalvikvm(  400): GetFieldID: unable to find field Ljava/util/HashMap;.loadFactor:F
D/dalvikvm(  400): GetFieldID: unable to find field Ljava/util/HashMap;.loadFactor:F
D/dalvikvm(  400): GetFieldID: unable to find field Ljava/util/HashMap;.loadFactor:F
D/dalvikvm(  256): GC_CONCURRENT freed 804K, 50% free 3574K/7047K, external 1753K/2137K, paused 4ms+22ms
I/ActivityManager(   61): Starting: Intent { cmp=cn.wps.moffice_eng/cn.wps.moffice.writer.Writer1 (has extras) } from pid 400
D/dalvikvm(  400): GC_EXTERNAL_ALLOC freed 625K, 50% free 3305K/6535K, external 2131K/2137K, paused 53ms
D/dalvikvm(  400): GC_EXTERNAL_ALLOC freed 41K, 50% free 3316K/6535K, external 2657K/2675K, paused 45ms
D/dalvikvm(  400): GC_EXTERNAL_ALLOC freed 50K, 48% free 3418K/6535K, external 3330K/3332K, paused 63ms
D/dalvikvm(  400): GetFieldID: unable to find field Ljava/util/HashMap;.loadFactor:F
D/dalvikvm(  400): GetFieldID: unable to find field Ljava/util/HashMap;.loadFactor:F
W/ActivityManager(   61): Timeout of broadcast BroadcastRecord{40780dd8 android.intent.action.EXTERNAL_APPLICATIONS_AVAILABLE} - receiver=android.os.BinderProxy@406f6be8, started 10007ms ago
W/ActivityManager(   61): Receiver during timeout: ResolveInfo{406681e8 com.wandoujia.phoenix4.receiver.AppChangedReceiver p=0 o=0 m=0x108000}
I/Process (   61): Sending signal. PID: 256 SIG: 3
I/dalvikvm(  256): threadid=4: reacting to signal 3
W/ActivityManager(   61): finishReceiver called but active receiver is different
I/dalvikvm(  400): Failed resolving Lcn/wps/moffice/common/beans/k$1; interface 540 'Landroid/nfc/NfcAdapter$OnNdefPushCompleteCallback;'
W/dalvikvm(  400): Link of class 'Lcn/wps/moffice/common/beans/k$1;' failed
E/dalvikvm(  400): Could not find class 'cn.wps.moffice.common.beans.k$1', referenced from method cn.wps.moffice.common.beans.k.<init>
W/dalvikvm(  400): VFY: unable to resolve new-instance 1597 (Lcn/wps/moffice/common/beans/k$1;) in Lcn/wps/moffice/common/beans/k;
D/dalvikvm(  400): VFY: replacing opcode 0x22 at 0x0039
I/dalvikvm(  400): Failed resolving Lcn/wps/moffice/common/beans/k$3; interface 538 'Landroid/nfc/NfcAdapter$CreateBeamUrisCallback;'
W/dalvikvm(  400): Link of class 'Lcn/wps/moffice/common/beans/k$3;' failed
E/dalvikvm(  400): Could not find class 'cn.wps.moffice.common.beans.k$3', referenced from method cn.wps.moffice.common.beans.k.<init>
W/dalvikvm(  400): VFY: unable to resolve new-instance 1599 (Lcn/wps/moffice/common/beans/k$3;) in Lcn/wps/moffice/common/beans/k;
D/dalvikvm(  400): VFY: replacing opcode 0x22 at 0x0070
D/dalvikvm(  400): VFY: dead code 0x003b-005c in Lcn/wps/moffice/common/beans/k;.<init> (Landroid/app/Activity;)V
D/dalvikvm(  400): VFY: dead code 0x0072-0079 in Lcn/wps/moffice/common/beans/k;.<init> (Landroid/app/Activity;)V
D/water   (  400): packageName: cn.wps.moffice_eng
I/Process (   61): Sending signal. PID: 61 SIG: 3
I/dalvikvm(   61): threadid=4: reacting to signal 3
I/dalvikvm(   61): Wrote stack traces to '/data/anr/traces.txt'
I/Process (   61): Sending signal. PID: 123 SIG: 3
I/dalvikvm(  123): threadid=4: reacting to signal 3
I/dalvikvm(  123): Wrote stack traces to '/data/anr/traces.txt'
I/Process (   61): Sending signal. PID: 125 SIG: 3
I/dalvikvm(  125): threadid=4: reacting to signal 3
I/dalvikvm(  125): Wrote stack traces to '/data/anr/traces.txt'
D/dalvikvm(  400): GetFieldID: unable to find field Ljava/util/HashMap;.loadFactor:F
D/dalvikvm(  400): GetFieldID: unable to find field Ljava/util/HashMap;.loadFactor:F
D/dalvikvm(  400): GC_CONCURRENT freed 491K, 47% free 3631K/6727K, external 3627K/4173K, paused 4ms+38ms
D/dalvikvm(  400): GetFieldID: unable to find field Ljava/util/HashMap;.loadFactor:F
W/dalvikvm(  256): threadid=4: spin on suspend #1 threadid=11 (pcf=0)
D/dalvikvm(  256): Temporarily moving tid 280 to fg (was 0)
D/dalvikvm(  256): Temporarily raised priority on tid 280 (19 -> 0)
W/dalvikvm(  256): threadid=4: spin on suspend resolved in 1033 msec
D/dalvikvm(  256): Restored policy of 280 to 0
D/dalvikvm(  256): Restored priority on 280 to 19
I/dalvikvm(  256): Wrote stack traces to '/data/anr/traces.txt'
D/dalvikvm(   61): GC_EXPLICIT freed 852K, 43% free 4647K/8135K, external 3125K/3903K, paused 192ms
D/dalvikvm(  400): GetFieldID: unable to find field Ljava/util/HashMap;.loadFactor:F
D/dalvikvm(  400): GC_EXTERNAL_ALLOC freed 765K, 48% free 3798K/7175K, external 3630K/4173K, paused 57ms
I/Process (   61): Sending signal. PID: 400 SIG: 3
I/dalvikvm(  400): threadid=4: reacting to signal 3
