I/ActivityManager(   61): Displayed com.android.launcher/com.android.launcher2.Launcher: +24s904ms
D/dalvikvm(  136): GC_EXTERNAL_ALLOC freed 114K, 49% free 3058K/5895K, external 4927K/5599K, paused 53ms
I/ActivityManager(   61): Starting: Intent { act=android.intent.action.MAIN cat=[android.intent.category.LAUNCHER] flg=0x10200000 cmp=cn.wps.moffice_eng/cn.wps.moffice.documentmanager.PreStartActivity } from pid 136
I/ActivityManager(   61): Start proc cn.wps.moffice_eng for activity cn.wps.moffice_eng/cn.wps.moffice.documentmanager.PreStartActivity: pid=351 uid=10037 gids={3003, 1015}
I/ActivityManager(   61): Starting: Intent { act=android.intent.action.MAIN cat=[android.intent.category.LAUNCHER] flg=0x10200000 cmp=cn.wps.moffice_eng/cn.wps.moffice.documentmanager.PreStartActivity } from pid 136
D/dalvikvm(  351): GetFieldID: unable to find field Ljava/util/HashMap;.loadFactor:F
D/dalvikvm(  351): GetFieldID: unable to find field Ljava/util/HashMap;.loadFactor:F
D/dalvikvm(  351): GetFieldID: unable to find field Ljava/util/HashMap;.loadFactor:F
I/dalvikvm(  351): Could not find method cn.wps.moffice.documentmanager.PreStartActivity.getActionBar, referenced from method cn.wps.moffice.documentmanager.PreStartActivity.setDisplayShowCustomEnabled
W/dalvikvm(  351): VFY: unable to resolve virtual method 11013: Lcn/wps/moffice/documentmanager/PreStartActivity;.getActionBar ()Landroid/app/ActionBar;
D/dalvikvm(  351): VFY: replacing opcode 0x6e at 0x0006
D/dalvikvm(  351): VFY: dead code 0x0009-000e in Lcn/wps/moffice/documentmanager/PreStartActivity;.setDisplayShowCustomEnabled (Z)V
D/dalvikvm(  351): GetFieldID: unable to find field Ljava/util/HashMap;.loadFactor:F
I/ActivityManager(   61): Starting: Intent { cmp=cn.wps.moffice_eng/cn.wps.moffice.documentmanager.DocumentManager } from pid 351
D/dalvikvm(   61): GREF has increased to 401
D/dalvikvm(  351): GetFieldID: unable to find field Ljava/util/HashMap;.loadFactor:F
D/dalvikvm(  351): GC_EXTERNAL_ALLOC freed 636K, 50% free 3332K/6599K, external 2129K/2137K, paused 53ms
D/dalvikvm(  351): GC_EXTERNAL_ALLOC freed 46K, 49% free 3383K/6599K, external 2611K/2673K, paused 45ms
D/dalvikvm(  351): GetFieldID: unable to find field Ljava/util/HashMap;.loadFactor:F
D/dalvikvm(  351): GetFieldID: unable to find field Ljava/util/HashMap;.loadFactor:F
I/dalvikvm(  351): Failed resolving Lcn/wps/moffice/common/beans/k$1; interface 540 'Landroid/nfc/NfcAdapter$OnNdefPushCompleteCallback;'
W/dalvikvm(  351): Link of class 'Lcn/wps/moffice/common/beans/k$1;' failed
E/dalvikvm(  351): Could not find class 'cn.wps.moffice.common.beans.k$1', referenced from method cn.wps.moffice.common.beans.k.<init>
W/dalvikvm(  351): VFY: unable to resolve new-instance 1597 (Lcn/wps/moffice/common/beans/k$1;) in Lcn/wps/moffice/common/beans/k;
D/dalvikvm(  351): VFY: replacing opcode 0x22 at 0x0039
I/dalvikvm(  351): Failed resolving Lcn/wps/moffice/common/beans/k$3; interface 538 'Landroid/nfc/NfcAdapter$CreateBeamUrisCallback;'
W/dalvikvm(  351): Link of class 'Lcn/wps/moffice/common/beans/k$3;' failed
E/dalvikvm(  351): Could not find class 'cn.wps.moffice.common.beans.k$3', referenced from method cn.wps.moffice.common.beans.k.<init>
W/dalvikvm(  351): VFY: unable to resolve new-instance 1599 (Lcn/wps/moffice/common/beans/k$3;) in Lcn/wps/moffice/common/beans/k;
D/dalvikvm(  351): VFY: replacing opcode 0x22 at 0x0070
D/dalvikvm(  351): VFY: dead code 0x003b-005c in Lcn/wps/moffice/common/beans/k;.<init> (Landroid/app/Activity;)V
D/dalvikvm(  351): VFY: dead code 0x0072-0079 in Lcn/wps/moffice/common/beans/k;.<init> (Landroid/app/Activity;)V
D/water   (  351): packageName: cn.wps.moffice_eng
D/dalvikvm(  351): GetFieldID: unable to find field Ljava/util/HashMap;.loadFactor:F
D/dalvikvm(  351): GetFieldID: unable to find field Ljava/util/HashMap;.loadFactor:F
D/dalvikvm(  351): GetFieldID: unable to find field Ljava/util/HashMap;.loadFactor:F
D/dalvikvm(  351): GetFieldID: unable to find field Ljava/util/HashMap;.loadFactor:F
D/dalvikvm(  351): GetFieldID: unable to find field Ljava/util/HashMap;.loadFactor:F
D/dalvikvm(  351): GetFieldID: unable to find field Ljava/util/HashMap;.loadFactor:F
D/dalvikvm(  351): GetFieldID: unable to find field Ljava/util/HashMap;.loadFactor:F
D/dalvikvm(  351): GC_CONCURRENT freed 520K, 47% free 3589K/6727K, external 3171K/3694K, paused 3ms+4ms
D/dalvikvm(  351): GetFieldID: unable to find field Ljava/util/HashMap;.loadFactor:F
D/dalvikvm(  351): GetFieldID: unable to find field Ljava/util/HashMap;.loadFactor:F
D/dalvikvm(  351): GetFieldID: unable to find field Ljava/util/HashMap;.loadFactor:F
D/dalvikvm(  351): GetFieldID: unable to find field Ljava/util/HashMap;.loadFactor:F
D/dalvikvm(  351): GC_EXTERNAL_ALLOC freed 388K, 47% free 3614K/6791K, external 3160K/3694K, paused 406ms
D/dalvikvm(  351): GC_EXTERNAL_ALLOC freed 153K, 47% free 3625K/6791K, external 3583K/4343K, paused 57ms
W/ResourceType(   61): Skipping entry 0x7f040000 in package table 0 because it is not complex!
W/ResourceType(   61): Skipping entry 0x7f040017 in package table 0 because it is not complex!
I/ARMAssembler(   61): generated scanline__00000177:03515104_00001002_00000000 [ 87 ipp] (110 ins) at [0x44d3a6f0:0x44d3a8a8] in 412643 ns
I/ActivityManager(   61): Displayed cn.wps.moffice_eng/cn.wps.moffice.documentmanager.DocumentManager: +4s672ms (total +5s863ms)
D/dalvikvm(  351): GetFieldID: unable to find field Ljava/util/HashMap;.loadFactor:F
D/dalvikvm(  351): GetFieldID: unable to find field Ljava/util/HashMap;.loadFactor:F
D/dalvikvm(  351): GetFieldID: unable to find field Ljava/util/HashMap;.loadFactor:F
I/ActivityManager(   61): Starting: Intent { cmp=cn.wps.moffice_eng/cn.wps.moffice.startactivity.writer.StartWriterActivity1 (has extras) } from pid 351
I/ActivityManager(   61): Start proc cn.wps.moffice_eng:writer1 for activity cn.wps.moffice_eng/cn.wps.moffice.startactivity.writer.StartWriterActivity1: pid=370 uid=10037 gids={3003, 1015}
D/dalvikvm(  370): GetFieldID: unable to find field Ljava/util/HashMap;.loadFactor:F
D/dalvikvm(  370): GetFieldID: unable to find field Ljava/util/HashMap;.loadFactor:F
D/dalvikvm(  370): GetFieldID: unable to find field Ljava/util/HashMap;.loadFactor:F
I/ActivityManager(   61): Starting: Intent { cmp=cn.wps.moffice_eng/cn.wps.moffice.writer.Writer1 (has extras) } from pid 370
D/dalvikvm(  370): GC_EXTERNAL_ALLOC freed 624K, 50% free 3305K/6535K, external 2131K/2137K, paused 67ms
D/dalvikvm(  370): GC_EXTERNAL_ALLOC freed 41K, 50% free 3316K/6535K, external 2657K/2675K, paused 44ms
D/dalvikvm(  370): GC_EXTERNAL_ALLOC freed 50K, 48% free 3418K/6535K, external 3330K/3332K, paused 55ms
D/dalvikvm(  370): GetFieldID: unable to find field Ljava/util/HashMap;.loadFactor:F
D/dalvikvm(  370): GetFieldID: unable to find field Ljava/util/HashMap;.loadFactor:F
I/dalvikvm(  370): Failed resolving Lcn/wps/moffice/common/beans/k$1; interface 540 'Landroid/nfc/NfcAdapter$OnNdefPushCompleteCallback;'
W/dalvikvm(  370): Link of class 'Lcn/wps/moffice/common/beans/k$1;' failed
E/dalvikvm(  370): Could not find class 'cn.wps.moffice.common.beans.k$1', referenced from method cn.wps.moffice.common.beans.k.<init>
W/dalvikvm(  370): VFY: unable to resolve new-instance 1597 (Lcn/wps/moffice/common/beans/k$1;) in Lcn/wps/moffice/common/beans/k;
D/dalvikvm(  370): VFY: replacing opcode 0x22 at 0x0039
I/dalvikvm(  370): Failed resolving Lcn/wps/moffice/common/beans/k$3; interface 538 'Landroid/nfc/NfcAdapter$CreateBeamUrisCallback;'
W/dalvikvm(  370): Link of class 'Lcn/wps/moffice/common/beans/k$3;' failed
E/dalvikvm(  370): Could not find class 'cn.wps.moffice.common.beans.k$3', referenced from method cn.wps.moffice.common.beans.k.<init>
W/dalvikvm(  370): VFY: unable to resolve new-instance 1599 (Lcn/wps/moffice/common/beans/k$3;) in Lcn/wps/moffice/common/beans/k;
D/dalvikvm(  370): VFY: replacing opcode 0x22 at 0x0070
D/dalvikvm(  370): VFY: dead code 0x003b-005c in Lcn/wps/moffice/common/beans/k;.<init> (Landroid/app/Activity;)V
D/dalvikvm(  370): VFY: dead code 0x0072-0079 in Lcn/wps/moffice/common/beans/k;.<init> (Landroid/app/Activity;)V
D/water   (  370): packageName: cn.wps.moffice_eng
D/dalvikvm(  370): GetFieldID: unable to find field Ljava/util/HashMap;.loadFactor:F
D/dalvikvm(  370): GetFieldID: unable to find field Ljava/util/HashMap;.loadFactor:F
D/dalvikvm(  370): GC_CONCURRENT freed 495K, 47% free 3626K/6727K, external 3627K/4173K, paused 4ms+5ms
D/dalvikvm(  370): GetFieldID: unable to find field Ljava/util/HashMap;.loadFactor:F
D/dalvikvm(  370): GetFieldID: unable to find field Ljava/util/HashMap;.loadFactor:F
D/dalvikvm(  370): GC_EXTERNAL_ALLOC freed 720K, 48% free 3796K/7175K, external 3630K/4173K, paused 57ms
D/dalvikvm(  370): GetFieldID: unable to find field Ljava/util/HashMap;.loadFactor:F
I/ActivityManager(   61): Displayed cn.wps.moffice_eng/cn.wps.moffice.writer.Writer1: +2s621ms (total +3s486ms)
D/dalvikvm(  370): GC_EXTERNAL_ALLOC freed 560K, 46% free 3917K/7239K, external 4979K/6132K, paused 66ms
D/dalvikvm(  370): GC_EXTERNAL_ALLOC freed 47K, 46% free 3961K/7239K, external 6604K/8246K, paused 64ms
D/dalvikvm(  370): GetFieldID: unable to find field Ljava/util/HashMap;.loadFactor:F
D/dalvikvm(  370): GetFieldID: unable to find field Ljava/util/HashMap;.loadFactor:F
D/dalvikvm(  370): GC_EXTERNAL_ALLOC freed 233K, 45% free 4007K/7239K, external 10209K/10296K, paused 116ms
D/dalvikvm(  351): GC_CONCURRENT freed 902K, 47% free 4039K/7559K, external 4685K/5144K, paused 5ms+21ms
D/dalvikvm(  351): GC_EXTERNAL_ALLOC freed 76K, 48% free 3963K/7559K, external 4685K/5144K, paused 161ms
D/dalvikvm(  351): GC_EXTERNAL_ALLOC freed 157K, 49% free 3894K/7559K, external 5939K/5939K, paused 50ms
D/inject  (  391): [+] The pid of cn.wps.moffice_eng: 351
D/inject  (  391): [+] Injecting process: 351
D/inject  (  391): [+] get_remote_addr: local[afd00000], remote[afd00000]
D/inject  (  391): [+] Remote mmap address: afd170cd
D/inject  (  391): [+] Calling mmap in target process.
D/inject  (  391): [+] Target process returned from mmap, return value=453f0000, pc=0 
D/inject  (  391): [+] get_remote_addr: local[b0001000], remote[b0001000]
D/inject  (  391): [+] get_remote_addr: local[b0001000], remote[b0001000]
D/inject  (  391): [+] get_remote_addr: local[b0001000], remote[b0001000]
D/inject  (  391): [+] Get imports: dlopen: b00059bd, dlsym: b0005915, dlclose: b0005849
D/inject  (  391): [+] Inject code start: c008, end: c084
D/inject  (  391): [+] _dlopen_param1_s: 453f3c9c
D/inject  (  391): [+] _dlsym_param2_s: 453f3d9c
D/inject  (  391): [+] _saved_r0_pc_s: 453f3e9c
D/inject  (  391): [+] _inject_function_param_s: 453f3f9c
D/inject  (  391): [+] Remote shellcode address: 453f3c00
D/inject  (  391): [+] Process Detach: 10
D/inject  (  351): hello ARM! I'm parameter1324! pid:351
D/inject  (  351): The Handle of libhook_open: b000d2b0
D/inject  (  351): find it pre 0
D/inject  (  351): find it 8060109c
D/inject  (  351): [+] aaaaaaa do_hook function is invoked 
D/inject  (  351): [+] open addr: 0xafd17111. New addr 0x80600f60
D/inject  (  351): [+] just for test info 
D/inject  (  351): [+] set ok 
D/inject  (  351): [+] Get the persist.sys.test  bbbbbbbb
D/inject  (  351): [+] just for test print old_open address 0xafd17111
D/inject  (  351): [+] just for test print new_open address 0x80600f60
D/inject  (  351): [+] Get old address global  afd17111
D/inject  (  351): [+] Get new address global  80600f60
D/inject  (  351): [+] binder path ad100000
D/inject  (  351): [+] Section header table file offset 2e23c
D/inject  (  351): [+] Section header table entry count 15
D/inject  (  351): [+] Section header table entry size 28
D/inject  (  351): [+] Section header string table index 14
D/inject  (  351): [+] Object file type 3
D/inject  (  351): [+] Object file version 1
D/inject  (  351): [+] Out_addr in GOT table before 0
D/inject  (  351): [+] Out_size of func in GOT table before 0
D/inject  (  351): [+] Out_addr in GOT table ad12c138
D/inject  (  351): [+] Out_size of func in GOT table 8c4
D/inject  (  351): [+] Out_addr in GOT table ad12c138
D/inject  (  351): [+] Out_size of func in GOT table 8c4
D/inject  (  351): [+] Out_addr in GOT afd4d5c8
D/inject  (  351): [+] old open address 20000 afd17111
D/inject  (  351): [+] Out_addr in GOT 464c457f
D/inject  (  351): [+] target pid 15f
D/inject  (  351): [+] old open address 22223 afd17111
D/inject  (  351): [+] Find got_item ff 
D/inject  (  351): [+] old open address 3333 afd17111
D/inject  (  351): [+] old open address 3333 afffffff
D/inject  (  351): [+] Find got item afd4d5c8 
D/inject  (  351): [+] Find got item ad12e2a4 
D/inject  (  351): [+] Find got item ad12e28c 
D/inject  (  351): [+] Find got item ad12e268 
D/inject  (  351): [+] Find got item ad12e258 
D/inject  (  351): [+] Find got item afd4631c 
D/inject  (  351): [+] Find got item ad12e298 
D/inject  (  351): [+] Find got item ad12e250 
D/inject  (  351): [+] Find got item ad12e280 
D/inject  (  351): [+] Find got item ad12e294 
D/inject  (  351): [+] Find got item ad12e260 
D/inject  (  351): [+] Find got item ad12e278 
D/inject  (  351): [+] Find got item afd415c0 
D/inject  (  351): [+] Find got item ad12e2a8 
D/inject  (  351): [+] Find got item ad12e274 
D/inject  (  351): [+] Find got item ad12e27c 
D/inject  (  351): [+] Find got item ad12e248 
D/inject  (  351): [+] Find got item ad12e2a0 
D/inject  (  351): [+] Find got item ad12e25c 
D/inject  (  351): [+] Find got item ad12e270 
D/inject  (  351): [+] Find got item ad12e288 
D/inject  (  351): [+] Find got item ad12e264 
D/inject  (  351): [+] Find got item ad12e284 
D/inject  (  351): [+] Find got item ad9bc7f1 
D/inject  (  351): [+] Find got item ad9bc7f9 
D/inject  (  351): [+] Find got item ade45f55 
D/inject  (  351): [+] Find got item ade45f69 
D/inject  (  351): [+] Find got item ad9bb339 
D/inject  (  351): [+] Find got item ad9bb341 
D/inject  (  351): [+] Find got item ad9b481d 
D/inject  (  351): [+] Find got item ad9b4831 
D/inject  (  351): [+] Find got item ad9a5561 
D/inject  (  351): [+] Find got item ad9a5569 
D/inject  (  351): [+] Find got item ade31305 
D/inject  (  351): [+] Find got item ade3130d 
D/inject  (  351): [+] Find got item ad12e240 
D/inject  (  351): [+] Find got item ad12e244 
D/inject  (  351): [+] Find got item ad12e24c 
D/inject  (  351): [+] Find got item ad12e254 
D/inject  (  351): [+] Find got item ad12e26c 
D/inject  (  351): [+] Find got item ad12e290 
D/inject  (  351): [+] Find got item ad12e29c 
D/inject  (  351): [+] Find got item ade5f751 
D/inject  (  351): [+] Find got item ade5f749 
D/inject  (  351): [+] Find got item ade5f74d 
D/inject  (  351): [+] Find got item adec6b68 
D/inject  (  351): [+] Find got item ad12ca00 
D/inject  (  351): [+] Find got item afd42610 
D/inject  (  351): [+] Find got item 0 
D/inject  (  351): [+] Find got item 0 
D/inject  (  351): [+] Find got item 0 
D/inject  (  351): [+] Find got item afd2092d 
D/inject  (  351): [+] Find got item afd19c3d 
D/inject  (  351): [+] Find got item afd20a45 
D/inject  (  351): [+] Find got item af9038e5 
D/inject  (  351): [+] Find got item afd28321 
D/inject  (  351): [+] Find got item af9037b1 
D/inject  (  351): [+] Find got item afd1c87d 
D/inject  (  351): [+] Find got item ade3a295 
D/inject  (  351): [+] Find got item ade394bd 
D/inject  (  351): [+] Find got item ade39c31 
D/inject  (  351): [+] Find got item ad9a4ef5 
D/inject  (  351): [+] Find got item ad96a6b1 
D/inject  (  351): [+] Find got item ade39141 
D/inject  (  351): [+] Find got item ad99e381 
D/inject  (  351): [+] Find got item ad96a3f1 
D/inject  (  351): [+] Find got item ad99d059 
D/inject  (  351): [+] Find got item ade256f1 
D/inject  (  351): [+] Find got item ad9a3e51 
D/inject  (  351): [+] Find got item ad9a3839 
D/inject  (  351): [+] Find got item afd25c95 
D/inject  (  351): [+] Find got item afd11fbd 
D/inject  (  351): [+] Find got item afd17049 
D/inject  (  351): [+] Find got item afd0bba0 
D/inject  (  351): [+] Find got item afd0bad0 
D/inject  (  351): [+] Find got item afd0e3e0 
D/inject  (  351): [+] Find got item afd0e3f4 
D/inject  (  351): [+] Find got item afd29855 
D/inject  (  351): [+] Find got item afd0bc40 
D/inject  (  351): [+] Find got item afc009e1 
D/inject  (  351): [+] Find got item afd0bc00 
D/inject  (  351): [+] Find got item afc009c1 
D/inject  (  351): [+] Find got item afd0bbe0 
D/inject  (  351): [+] Find got item afd14de4 
D/inject  (  351): [+] Find got item afd20859 
D/inject  (  351): [+] Find got item afc009e9 
D/inject  (  351): [+] Find got item afd172fd 
D/inject  (  351): [+] Find got item afd3742d 
D/inject  (  351): [+] Find got item afd17249 
D/inject  (  351): [+] Find got item afd171a1 
D/inject  (  351): [+] Find got item afc009c9 
D/inject  (  351): [+] Find got item afd17ac5 
D/inject  (  351): [+] Find got item afd0bc80 
D/inject  (  351): [+] Find got item afd19a49 
D/inject  (  351): [+] Find got item afd17111 
D/inject  (  351): [+] Find open and replace 
