D/dalvikvm(  133): GC_EXTERNAL_ALLOC freed 229K, 49% free 3029K/5895K, external 6689K/6692K, paused 54ms
I/dalvikvm(   61): Jit: resizing JitTable from 512 to 1024
I/ActivityManager(   61): Start proc com.mx.browser for broadcast com.mx.browser/.cloud.CloudReceiver: pid=292 uid=10036 gids={3003, 1015}
I/ActivityThread(  292): Pub com.mx.browser.downloadprovider: com.mx.browser.download.DownloadProvider
I/ActivityThread(  292): Pub com.mx.browser.browserprovider: com.mx.browser.BrowserProvider
D/OtaStartupReceiver(  127): Not a CDMA phone, no need to process OTA
I/RecoverySystem(   61): No recovery log file
I/ActivityManager(   61): Start proc com.android.mms for broadcast com.android.mms/.transaction.MmsSystemEventReceiver: pid=305 uid=10015 gids={3003, 1015}
I/ActivityThread(  305): Pub com.android.mms.SuggestionsProvider: com.android.mms.SuggestionsProvider
D/dalvikvm(  186): GC_CONCURRENT freed 275K, 51% free 2857K/5767K, external 1625K/2137K, paused 4ms+10ms
I/ActivityManager(   61): Start proc com.android.email for broadcast com.android.email/.service.EmailBroadcastReceiver: pid=326 uid=10028 gids={3003, 1015}
I/ActivityThread(  326): Pub com.android.email.provider: com.android.email.provider.EmailProvider
I/ActivityThread(  326): Pub com.android.email.attachmentprovider: com.android.email.provider.AttachmentProvider
I/ActivityThread(  326): Pub com.android.exchange.provider: com.android.exchange.provider.ExchangeProvider
D/EAS SyncManager(  326): !!! EAS SyncManager, onCreate
D/MediaScannerService(  235): start scanning volume internal
D/Eas Debug(  326): Logging: 
D/EAS SyncManager(  326): !!! EAS SyncManager, onDestroy
D/Email   (  326): BOOT_COMPLETED
D/EAS SyncManager(  326): !!! EAS SyncManager, onCreate
D/EAS SyncManager(  326): !!! EAS SyncManager, onStartCommand
D/EAS SyncManager(  326): !!! EAS SyncManager, stopping self
D/EAS SyncManager(  326): !!! EAS SyncManager, onDestroy
D/dalvikvm(  127): GREF has increased to 201
D/MediaScanner(  235):  prescan time: 849ms
D/MediaScanner(  235):     scan time: 7ms
D/MediaScanner(  235): postscan time: 0ms
D/MediaScanner(  235):    total time: 856ms
D/MediaScannerService(  235): done scanning volume internal
D/MediaScannerService(  235): start scanning volume external
V/MediaProvider(  235): /mnt/sdcard volume ID: 218050065
I/Launcher.Model(  133): not binding apps: no Launcher activity
D/dalvikvm(  133): GC_EXPLICIT freed 170K, 50% free 2989K/5895K, external 5100K/5599K, paused 97ms
D/dalvikvm(  244): GC_CONCURRENT freed 707K, 49% free 3546K/6919K, external 1753K/2137K, paused 4ms+4ms
V/MediaProvider(  235): Attached volume: external
V/MediaScanner(  235): pruneDeadThumbnailFiles... android.database.sqlite.SQLiteCursor@405be8e0
V/MediaScanner(  235): /pruneDeadThumbnailFiles... android.database.sqlite.SQLiteCursor@405be8e0
D/MediaScanner(  235):  prescan time: 520ms
D/MediaScanner(  235):     scan time: 152ms
D/MediaScanner(  235): postscan time: 68ms
D/MediaScanner(  235):    total time: 740ms
D/MediaScannerService(  235): done scanning volume external
D/dalvikvm(  244): Trying to load lib /data/data/com.wandoujia.phoenix2/lib/libcipher.so 0x405153c0
D/dalvikvm(  244): Added shared lib /data/data/com.wandoujia.phoenix2/lib/libcipher.so 0x405153c0
D/dalvikvm(  244): No JNI_OnLoad found in /data/data/com.wandoujia.phoenix2/lib/libcipher.so 0x405153c0, skipping init
I/dalvikvm(  244): Total arena pages for JIT: 11
I/dalvikvm(  244): Total arena pages for JIT: 12
D/dalvikvm(  244): GC_CONCURRENT freed 867K, 50% free 3528K/7047K, external 1753K/2137K, paused 8ms+7ms
D/dalvikvm(  244): GC_CONCURRENT freed 522K, 46% free 3858K/7047K, external 1753K/2137K, paused 8ms+3ms
D/dalvikvm(  133): GC_EXPLICIT freed 156K, 48% free 3101K/5895K, external 4926K/5599K, paused 51ms
I/dalvikvm(  244): Could not find method android.app.ActivityManager.getLauncherLargeIconSize, referenced from method com.wandoujia.phoenix2.utils.ShortcutUtil.a
W/dalvikvm(  244): VFY: unable to resolve virtual method 60: Landroid/app/ActivityManager;.getLauncherLargeIconSize ()I
D/dalvikvm(  244): VFY: replacing opcode 0x6e at 0x0013
D/dalvikvm(  244): VFY: dead code 0x0016-0040 in Lcom/wandoujia/phoenix2/utils/ShortcutUtil;.a (Landroid/graphics/Bitmap;Landroid/content/Context;)Landroid/graphics/Bitmap;
I/ARMAssembler(   61): generated scanline__00000177:03515104_00001001_00000000 [ 91 ipp] (114 ins) at [0x44d70520:0x44d706e8] in 701222 ns
I/ActivityManager(   61): Displayed com.android.launcher/com.android.launcher2.Launcher: +37s798ms
D/dalvikvm(  133): GC_EXTERNAL_ALLOC freed 86K, 48% free 3071K/5895K, external 4854K/5599K, paused 44ms
I/ActivityManager(   61): Starting: Intent { act=android.intent.action.MAIN cat=[android.intent.category.LAUNCHER] flg=0x10200000 cmp=cn.wps.moffice_eng/cn.wps.moffice.documentmanager.PreStartActivity } from pid 133
I/ActivityManager(   61): Start proc cn.wps.moffice_eng for activity cn.wps.moffice_eng/cn.wps.moffice.documentmanager.PreStartActivity: pid=348 uid=10037 gids={3003, 1015}
D/dalvikvm(  348): GetFieldID: unable to find field Ljava/util/HashMap;.loadFactor:F
D/dalvikvm(  348): GetFieldID: unable to find field Ljava/util/HashMap;.loadFactor:F
D/dalvikvm(  348): GetFieldID: unable to find field Ljava/util/HashMap;.loadFactor:F
I/dalvikvm(  348): Could not find method cn.wps.moffice.documentmanager.PreStartActivity.getActionBar, referenced from method cn.wps.moffice.documentmanager.PreStartActivity.setDisplayShowCustomEnabled
W/dalvikvm(  348): VFY: unable to resolve virtual method 11013: Lcn/wps/moffice/documentmanager/PreStartActivity;.getActionBar ()Landroid/app/ActionBar;
D/dalvikvm(  348): VFY: replacing opcode 0x6e at 0x0006
D/dalvikvm(  348): VFY: dead code 0x0009-000e in Lcn/wps/moffice/documentmanager/PreStartActivity;.setDisplayShowCustomEnabled (Z)V
D/dalvikvm(  348): GetFieldID: unable to find field Ljava/util/HashMap;.loadFactor:F
I/ActivityManager(   61): Starting: Intent { cmp=cn.wps.moffice_eng/cn.wps.moffice.documentmanager.DocumentManager } from pid 348
D/dalvikvm(   61): GREF has increased to 401
D/dalvikvm(  348): GetFieldID: unable to find field Ljava/util/HashMap;.loadFactor:F
D/dalvikvm(  348): GC_EXTERNAL_ALLOC freed 636K, 50% free 3331K/6599K, external 2129K/2137K, paused 63ms
D/dalvikvm(  348): GC_EXTERNAL_ALLOC freed 46K, 49% free 3382K/6599K, external 2611K/2673K, paused 46ms
D/dalvikvm(  348): GetFieldID: unable to find field Ljava/util/HashMap;.loadFactor:F
D/dalvikvm(  348): GetFieldID: unable to find field Ljava/util/HashMap;.loadFactor:F
I/dalvikvm(  348): Failed resolving Lcn/wps/moffice/common/beans/k$1; interface 540 'Landroid/nfc/NfcAdapter$OnNdefPushCompleteCallback;'
W/dalvikvm(  348): Link of class 'Lcn/wps/moffice/common/beans/k$1;' failed
E/dalvikvm(  348): Could not find class 'cn.wps.moffice.common.beans.k$1', referenced from method cn.wps.moffice.common.beans.k.<init>
W/dalvikvm(  348): VFY: unable to resolve new-instance 1597 (Lcn/wps/moffice/common/beans/k$1;) in Lcn/wps/moffice/common/beans/k;
D/dalvikvm(  348): VFY: replacing opcode 0x22 at 0x0039
I/dalvikvm(  348): Failed resolving Lcn/wps/moffice/common/beans/k$3; interface 538 'Landroid/nfc/NfcAdapter$CreateBeamUrisCallback;'
W/dalvikvm(  348): Link of class 'Lcn/wps/moffice/common/beans/k$3;' failed
E/dalvikvm(  348): Could not find class 'cn.wps.moffice.common.beans.k$3', referenced from method cn.wps.moffice.common.beans.k.<init>
W/dalvikvm(  348): VFY: unable to resolve new-instance 1599 (Lcn/wps/moffice/common/beans/k$3;) in Lcn/wps/moffice/common/beans/k;
D/dalvikvm(  348): VFY: replacing opcode 0x22 at 0x0070
D/dalvikvm(  348): VFY: dead code 0x003b-005c in Lcn/wps/moffice/common/beans/k;.<init> (Landroid/app/Activity;)V
D/dalvikvm(  348): VFY: dead code 0x0072-0079 in Lcn/wps/moffice/common/beans/k;.<init> (Landroid/app/Activity;)V
D/water   (  348): packageName: cn.wps.moffice_eng
D/dalvikvm(  348): GetFieldID: unable to find field Ljava/util/HashMap;.loadFactor:F
D/dalvikvm(  348): GetFieldID: unable to find field Ljava/util/HashMap;.loadFactor:F
D/dalvikvm(  348): GetFieldID: unable to find field Ljava/util/HashMap;.loadFactor:F
D/dalvikvm(  348): GetFieldID: unable to find field Ljava/util/HashMap;.loadFactor:F
D/dalvikvm(  348): GetFieldID: unable to find field Ljava/util/HashMap;.loadFactor:F
D/dalvikvm(  348): GetFieldID: unable to find field Ljava/util/HashMap;.loadFactor:F
D/dalvikvm(  348): GetFieldID: unable to find field Ljava/util/HashMap;.loadFactor:F
D/dalvikvm(  348): GC_CONCURRENT freed 526K, 47% free 3582K/6727K, external 3171K/3694K, paused 7ms+4ms
D/dalvikvm(  348): GetFieldID: unable to find field Ljava/util/HashMap;.loadFactor:F
D/dalvikvm(  348): GetFieldID: unable to find field Ljava/util/HashMap;.loadFactor:F
D/dalvikvm(  348): GetFieldID: unable to find field Ljava/util/HashMap;.loadFactor:F
D/dalvikvm(  348): GetFieldID: unable to find field Ljava/util/HashMap;.loadFactor:F
D/dalvikvm(  348): GC_EXTERNAL_ALLOC freed 384K, 48% free 3611K/6855K, external 3160K/3694K, paused 526ms
D/dalvikvm(  348): GC_EXTERNAL_ALLOC freed 151K, 48% free 3624K/6855K, external 3583K/4343K, paused 48ms
W/ResourceType(   61): Skipping entry 0x7f040000 in package table 0 because it is not complex!
W/ResourceType(   61): Skipping entry 0x7f040017 in package table 0 because it is not complex!
W/ActivityManager(   61): finishReceiver called but no pending broadcasts
I/ARMAssembler(   61): generated scanline__00000177:03515104_00001002_00000000 [ 87 ipp] (110 ins) at [0x44d706f0:0x44d708a8] in 399663 ns
I/ActivityManager(   61): Displayed cn.wps.moffice_eng/cn.wps.moffice.documentmanager.DocumentManager: +4s529ms (total +5s574ms)
D/inject  (  374): [+] The pid of cn.wps.moffice_eng: 348
D/inject  (  374): [+] Injecting process: 348
D/inject  (  374): [+] get_remote_addr: local[afd00000], remote[afd00000]
D/inject  (  374): [+] Remote mmap address: afd170cd
D/inject  (  374): [+] Calling mmap in target process.
D/inject  (  374): [+] Target process returned from mmap, return value=453f0000, pc=0 
D/inject  (  374): [+] get_remote_addr: local[b0001000], remote[b0001000]
D/inject  (  374): [+] get_remote_addr: local[b0001000], remote[b0001000]
D/inject  (  374): [+] get_remote_addr: local[b0001000], remote[b0001000]
D/inject  (  374): [+] Get imports: dlopen: b00059bd, dlsym: b0005915, dlclose: b0005849
D/inject  (  374): [+] Inject code start: c008, end: c084
D/inject  (  374): [+] _dlopen_param1_s: 453f3c9c
D/inject  (  374): [+] _dlsym_param2_s: 453f3d9c
D/inject  (  374): [+] _saved_r0_pc_s: 453f3e9c
D/inject  (  374): [+] _inject_function_param_s: 453f3f9c
D/inject  (  374): [+] Remote shellcode address: 453f3c00
D/inject  (  374): [+] Process Detach: 10
D/inject  (  348): hello ARM! I'm parameter1324! pid:348
D/inject  (  348): The Handle of libhook_open: b000d2b0
D/inject  (  348): find it pre 0
D/inject  (  348): find it 8060109c
D/inject  (  348): [+] aaaaaaa do_hook function is invoked 
D/inject  (  348): [+] open addr: 0xafd17111. New addr 0x80600f60
D/inject  (  348): [+] just for test info 
D/inject  (  348): [+] set ok 
D/inject  (  348): [+] Get the persist.sys.test  bbbbbbbb
D/inject  (  348): [+] just for test print old_open address 0xafd17111
D/inject  (  348): [+] just for test print new_open address 0x80600f60
D/inject  (  348): [+] Get old address global  afd17111
D/inject  (  348): [+] Get new address global  80600f60
D/inject  (  348): [+] binder path ad100000
D/inject  (  348): [+] Section header table file offset 2e23c
D/inject  (  348): [+] Section header table entry count 15
D/inject  (  348): [+] Section header table entry size 28
D/inject  (  348): [+] Section header string table index 14
D/inject  (  348): [+] Object file type 3
D/inject  (  348): [+] Object file version 1
D/inject  (  348): [+] Out_addr in GOT table before 0
D/inject  (  348): [+] Out_size of func in GOT table before 0
D/inject  (  348): [+] Out_addr in GOT table ad12c138
D/inject  (  348): [+] Out_size of func in GOT table 8c4
D/inject  (  348): [+] Out_addr in GOT table ad12c138
D/inject  (  348): [+] Out_size of func in GOT table 8c4
D/inject  (  348): [+] Out_addr in GOT afd4d5c8
D/inject  (  348): [+] old open address 20000 afd17111
D/inject  (  348): [+] Out_addr in GOT 464c457f
D/inject  (  348): [+] target pid 15c
D/inject  (  348): [+] old open address 22223 afd17111
D/inject  (  348): [+] Find got_item ff 
D/inject  (  348): [+] old open address 3333 afd17111
D/inject  (  348): [+] old open address 3333 afffffff
D/inject  (  348): [+] new open address 3333 80600f60
D/inject  (  348): [+] new open address 3333 80600f60
D/inject  (  348): [+] Find got item afd4d5c8 
D/inject  (  348): [+] Find got item ad12e2a4 
D/inject  (  348): [+] Find got item ad12e28c 
D/inject  (  348): [+] Find got item ad12e268 
D/inject  (  348): [+] Find got item ad12e258 
D/inject  (  348): [+] Find got item afd4631c 
D/inject  (  348): [+] Find got item ad12e298 
D/inject  (  348): [+] Find got item ad12e250 
D/inject  (  348): [+] Find got item ad12e280 
D/inject  (  348): [+] Find got item ad12e294 
D/inject  (  348): [+] Find got item ad12e260 
D/inject  (  348): [+] Find got item ad12e278 
D/inject  (  348): [+] Find got item afd415c0 
D/inject  (  348): [+] Find got item ad12e2a8 
D/inject  (  348): [+] Find got item ad12e274 
D/inject  (  348): [+] Find got item ad12e27c 
D/inject  (  348): [+] Find got item ad12e248 
D/inject  (  348): [+] Find got item ad12e2a0 
D/inject  (  348): [+] Find got item ad12e25c 
D/inject  (  348): [+] Find got item ad12e270 
D/inject  (  348): [+] Find got item ad12e288 
D/inject  (  348): [+] Find got item ad12e264 
D/inject  (  348): [+] Find got item ad12e284 
D/inject  (  348): [+] Find got item ad9bc7f1 
D/inject  (  348): [+] Find got item ad9bc7f9 
D/inject  (  348): [+] Find got item ade45f55 
D/inject  (  348): [+] Find got item ade45f69 
D/inject  (  348): [+] Find got item ad9bb339 
D/inject  (  348): [+] Find got item ad9bb341 
D/inject  (  348): [+] Find got item ad9b481d 
D/inject  (  348): [+] Find got item ad9b4831 
D/inject  (  348): [+] Find got item ad9a5561 
D/inject  (  348): [+] Find got item ad9a5569 
D/inject  (  348): [+] Find got item ade31305 
D/inject  (  348): [+] Find got item ade3130d 
D/inject  (  348): [+] Find got item ad12e240 
D/inject  (  348): [+] Find got item ad12e244 
D/inject  (  348): [+] Find got item ad12e24c 
D/inject  (  348): [+] Find got item ad12e254 
D/inject  (  348): [+] Find got item ad12e26c 
D/inject  (  348): [+] Find got item ad12e290 
D/inject  (  348): [+] Find got item ad12e29c 
D/inject  (  348): [+] Find got item ade5f751 
D/inject  (  348): [+] Find got item ade5f749 
D/inject  (  348): [+] Find got item ade5f74d 
D/inject  (  348): [+] Find got item adec6b68 
D/inject  (  348): [+] Find got item ad12ca00 
D/inject  (  348): [+] Find got item afd42610 
D/inject  (  348): [+] Find got item 0 
D/inject  (  348): [+] Find got item 0 
D/inject  (  348): [+] Find got item 0 
D/inject  (  348): [+] Find got item afd2092d 
D/inject  (  348): [+] Find got item afd19c3d 
D/inject  (  348): [+] Find got item afd20a45 
D/inject  (  348): [+] Find got item af9038e5 
D/inject  (  348): [+] Find got item afd28321 
D/inject  (  348): [+] Find got item af9037b1 
D/inject  (  348): [+] Find got item afd1c87d 
D/inject  (  348): [+] Find got item ade3a295 
D/inject  (  348): [+] Find got item ade394bd 
D/inject  (  348): [+] Find got item ade39c31 
D/inject  (  348): [+] Find got item ad9a4ef5 
D/inject  (  348): [+] Find got item ad96a6b1 
D/inject  (  348): [+] Find got item ade39141 
D/inject  (  348): [+] Find got item ad99e381 
D/inject  (  348): [+] Find got item ad96a3f1 
D/inject  (  348): [+] Find got item ad99d059 
D/inject  (  348): [+] Find got item ade256f1 
D/inject  (  348): [+] Find got item ad9a3e51 
D/inject  (  348): [+] Find got item ad9a3839 
D/inject  (  348): [+] Find got item afd25c95 
D/inject  (  348): [+] Find got item afd11fbd 
D/inject  (  348): [+] Find got item afd17049 
D/inject  (  348): [+] Find got item afd0bba0 
D/inject  (  348): [+] Find got item afd0bad0 
D/inject  (  348): [+] Find got item afd0e3e0 
D/inject  (  348): [+] Find got item afd0e3f4 
D/inject  (  348): [+] Find got item afd29855 
D/inject  (  348): [+] Find got item afd0bc40 
D/inject  (  348): [+] Find got item afc009e1 
D/inject  (  348): [+] Find got item afd0bc00 
D/inject  (  348): [+] Find got item afc009c1 
D/inject  (  348): [+] Find got item afd0bbe0 
D/inject  (  348): [+] Find got item afd14de4 
D/inject  (  348): [+] Find got item afd20859 
D/inject  (  348): [+] Find got item afc009e9 
D/inject  (  348): [+] Find got item afd172fd 
D/inject  (  348): [+] Find got item afd3742d 
D/inject  (  348): [+] Find got item afd17249 
D/inject  (  348): [+] Find got item afd171a1 
D/inject  (  348): [+] Find got item afc009c9 
D/inject  (  348): [+] Find got item afd17ac5 
D/inject  (  348): [+] Find got item afd0bc80 
D/inject  (  348): [+] Find got item afd19a49 
D/inject  (  348): [+] Find got item afd17111 
D/inject  (  348): [+] Find open and replace 
D/inject  (  348): [+]-----------open test txt file-----------
D/inject  (  348): [+] The New open path /data/data/cn.wps.moffice_eng/files/AppPersistence
D/inject  (  348): [+] The New open count 1
D/inject  (  348): [+] The New openfile fd 58
D/dalvikvm(  348): GetFieldID: unable to find field Ljava/util/HashMap;.loadFactor:F
D/inject  (  348): [+]-----------open test txt file-----------
D/inject  (  348): [+] The New open path /data/data/cn.wps.moffice_eng/files/AppPersistence
D/inject  (  348): [+] The New open count 2
D/inject  (  348): [+] The New openfile fd 58
D/inject  (  348): [+]-----------open test txt file-----------
D/inject  (  348): [+] The New open path /data/data/cn.wps.moffice_eng/files/AppPersistence
D/inject  (  348): [+] The New open count 3
D/inject  (  348): [+] The New openfile fd 58
D/dalvikvm(  348): GetFieldID: unable to find field Ljava/util/HashMap;.loadFactor:F
D/inject  (  348): [+]-----------open test txt file-----------
D/inject  (  348): [+] The New open path /data/data/cn.wps.moffice_eng/files/AppPersistence
D/inject  (  348): [+] The New open count 4
D/inject  (  348): [+] The New openfile fd 58
D/inject  (  348): [+]-----------open test txt file-----------
D/inject  (  348): [+] The New open path /data/data/cn.wps.moffice_eng/files/AppPersistence
D/inject  (  348): [+] The New open count 5
D/inject  (  348): [+] The New openfile fd 58
D/dalvikvm(  348): GetFieldID: unable to find field Ljava/util/HashMap;.loadFactor:F
I/ActivityManager(   61): Starting: Intent { cmp=cn.wps.moffice_eng/cn.wps.moffice.startactivity.writer.StartWriterActivity1 (has extras) } from pid 348
I/ActivityManager(   61): Start proc cn.wps.moffice_eng:writer1 for activity cn.wps.moffice_eng/cn.wps.moffice.startactivity.writer.StartWriterActivity1: pid=375 uid=10037 gids={3003, 1015}
D/dalvikvm(  375): GetFieldID: unable to find field Ljava/util/HashMap;.loadFactor:F
D/dalvikvm(  375): GetFieldID: unable to find field Ljava/util/HashMap;.loadFactor:F
D/dalvikvm(  375): GetFieldID: unable to find field Ljava/util/HashMap;.loadFactor:F
I/ActivityManager(   61): Starting: Intent { cmp=cn.wps.moffice_eng/cn.wps.moffice.writer.Writer1 (has extras) } from pid 375
D/dalvikvm(  375): GC_EXTERNAL_ALLOC freed 624K, 50% free 3305K/6535K, external 2131K/2137K, paused 53ms
D/dalvikvm(  375): GC_EXTERNAL_ALLOC freed 41K, 50% free 3316K/6535K, external 2657K/2675K, paused 44ms
D/dalvikvm(  375): GC_EXTERNAL_ALLOC freed 50K, 48% free 3418K/6535K, external 3330K/3332K, paused 46ms
D/dalvikvm(  375): GetFieldID: unable to find field Ljava/util/HashMap;.loadFactor:F
D/dalvikvm(  375): GetFieldID: unable to find field Ljava/util/HashMap;.loadFactor:F
I/dalvikvm(  375): Failed resolving Lcn/wps/moffice/common/beans/k$1; interface 540 'Landroid/nfc/NfcAdapter$OnNdefPushCompleteCallback;'
W/dalvikvm(  375): Link of class 'Lcn/wps/moffice/common/beans/k$1;' failed
E/dalvikvm(  375): Could not find class 'cn.wps.moffice.common.beans.k$1', referenced from method cn.wps.moffice.common.beans.k.<init>
W/dalvikvm(  375): VFY: unable to resolve new-instance 1597 (Lcn/wps/moffice/common/beans/k$1;) in Lcn/wps/moffice/common/beans/k;
D/dalvikvm(  375): VFY: replacing opcode 0x22 at 0x0039
I/dalvikvm(  375): Failed resolving Lcn/wps/moffice/common/beans/k$3; interface 538 'Landroid/nfc/NfcAdapter$CreateBeamUrisCallback;'
W/dalvikvm(  375): Link of class 'Lcn/wps/moffice/common/beans/k$3;' failed
E/dalvikvm(  375): Could not find class 'cn.wps.moffice.common.beans.k$3', referenced from method cn.wps.moffice.common.beans.k.<init>
W/dalvikvm(  375): VFY: unable to resolve new-instance 1599 (Lcn/wps/moffice/common/beans/k$3;) in Lcn/wps/moffice/common/beans/k;
D/dalvikvm(  375): VFY: replacing opcode 0x22 at 0x0070
D/dalvikvm(  375): VFY: dead code 0x003b-005c in Lcn/wps/moffice/common/beans/k;.<init> (Landroid/app/Activity;)V
D/dalvikvm(  375): VFY: dead code 0x0072-0079 in Lcn/wps/moffice/common/beans/k;.<init> (Landroid/app/Activity;)V
D/water   (  375): packageName: cn.wps.moffice_eng
D/inject  (  348): [+]-----------open test txt file-----------
D/inject  (  348): [+] The New open path /mnt/sdcard/KingsoftOffice/.history/HistoryRecordDataSource
D/inject  (  348): [+] The New open count 6
D/inject  (  348): [+] The New openfile fd 58
D/inject  (  348): [+]-----------open test txt file-----------
D/inject  (  348): [+] The New open path /mnt/sdcard/documents/ope11.txt
D/inject  (  348): [+] The New open count 7
D/dalvikvm(  375): GetFieldID: unable to find field Ljava/util/HashMap;.loadFactor:F
D/inject  (  348): [+] The New openfile fd 58
D/dalvikvm(  375): GetFieldID: unable to find field Ljava/util/HashMap;.loadFactor:F
D/inject  (  348): [+]-----------open test txt file-----------
D/inject  (  348): [+] The New open path /data/data/cn.wps.moffice_eng/files/.cloud/.connectionPersistence
D/inject  (  348): [+] The New open count 8
D/inject  (  348): [+] The New openfile fd 58
D/dalvikvm(  375): GC_CONCURRENT freed 504K, 47% free 3617K/6727K, external 3627K/4173K, paused 4ms+4ms
D/dalvikvm(  375): GetFieldID: unable to find field Ljava/util/HashMap;.loadFactor:F
D/dalvikvm(  375): GetFieldID: unable to find field Ljava/util/HashMap;.loadFactor:F
D/dalvikvm(  375): GC_EXTERNAL_ALLOC freed 927K, 49% free 3786K/7367K, external 3630K/4173K, paused 72ms
D/dalvikvm(  375): GetFieldID: unable to find field Ljava/util/HashMap;.loadFactor:F
D/inject  (  348): [+]-----------open test txt file-----------
D/inject  (  348): [+] The New open path /data/data/cn.wps.moffice_eng/files/lable.db
D/inject  (  348): [+] The New open count 9
D/inject  (  348): [+] The New openfile fd 58
D/dalvikvm(  375): GC_EXTERNAL_ALLOC freed 483K, 48% free 3872K/7367K, external 4951K/6132K, paused 83ms
D/dalvikvm(  375): GetFieldID: unable to find field Ljava/util/HashMap;.loadFactor:F
D/dalvikvm(  375): GetFieldID: unable to find field Ljava/util/HashMap;.loadFactor:F
D/dalvikvm(  375): GC_EXTERNAL_ALLOC freed 190K, 46% free 3982K/7367K, external 7897K/8237K, paused 129ms
D/inject  (  348): [+]-----------open test txt file-----------
D/inject  (  348): [+] The New open path /data/data/cn.wps.moffice_eng/files/_localRecord
D/inject  (  348): [+] The New open count 10
D/inject  (  348): [+] The New openfile fd 58
D/inject  (  348): [+]-----------open test txt file-----------
D/inject  (  348): [+] The New open path /data/data/cn.wps.moffice_eng/files/_localRecord
D/inject  (  348): [+] The New open count 11
D/inject  (  348): [+] The New openfile fd 58
D/inject  (  348): [+]-----------open test txt file-----------
D/inject  (  348): [+] The New open path /data/data/cn.wps.moffice_eng/files/lable.db
D/inject  (  348): [+] The New open count 12
D/inject  (  348): [+] The New openfile fd 58
I/ActivityManager(   61): Displayed cn.wps.moffice_eng/cn.wps.moffice.writer.Writer1: +4s310ms (total +5s143ms)
D/inject  (  348): [+]-----------open test txt file-----------
D/inject  (  348): [+] The New open path /mnt/sdcard/KingsoftOffice/.history/.nomedia/c45b3b93dbfb9bc822020040c83d2145.png
D/inject  (  348): [+] The New open count 13
D/inject  (  348): [+] The New openfile fd 58
W/InputMethodManager(  375): Ignoring onBind: cur seq=6, given seq=5
D/inject  (  348): [+]-----------open test txt file-----------
D/inject  (  348): [+] The New open path /mnt/sdcard/KingsoftOffice/.history/.nomedia/c45b3b93dbfb9bc822020040c83d2145.png
D/inject  (  348): [+] The New open count 14
D/inject  (  348): [+] The New openfile fd 58
D/dalvikvm(  348): GC_CONCURRENT freed 974K, 48% free 4039K/7623K, external 4685K/5144K, paused 8ms+17ms
D/dalvikvm(  348): GC_EXTERNAL_ALLOC freed 50K, 48% free 3989K/7623K, external 4685K/5144K, paused 116ms
D/inject  (  348): [+]-----------open test txt file-----------
D/inject  (  348): [+] The New open path /mnt/sdcard/KingsoftOffice/.history/.nomedia/ab189525c7e6b00c55c498d80f7d9fbf.png
D/inject  (  348): [+] The New open count 15
D/inject  (  348): [+] The New openfile fd 40
D/inject  (  348): [+]-----------open test txt file-----------
D/inject  (  348): [+] The New open path /mnt/sdcard/KingsoftOffice/.history/.nomedia/ab189525c7e6b00c55c498d80f7d9fbf.png
D/inject  (  348): [+] The New open count 16
D/inject  (  348): [+] The New openfile fd 40
D/dalvikvm(  348): GC_EXTERNAL_ALLOC freed 191K, 50% free 3885K/7623K, external 5939K/5939K, paused 149ms
I/dalvikvm(  348): Jit: resizing JitTable from 512 to 1024
D/dalvikvm(  375): GC_EXTERNAL_ALLOC freed 412K, 45% free 4117K/7367K, external 9167K/9848K, paused 56ms
D/inject  (  348): [+]-----------open test txt file-----------
D/inject  (  348): [+] The New open path /data/data/cn.wps.moffice_eng/files/_localRecord
D/inject  (  348): [+] The New open count 17
D/inject  (  348): [+] The New openfile fd 40
D/inject  (  348): [+]-----------open test txt file-----------
D/inject  (  348): [+] The New open path /data/data/cn.wps.moffice_eng/files/_localRecord
D/inject  (  348): [+] The New open count 18
D/inject  (  348): [+] The New openfile fd 40
D/inject  (  348): [+]-----------open test txt file-----------
D/inject  (  348): [+] The New open path /mnt/sdcard/KingsoftOffice/.history/.nomedia/c45b3b93dbfb9bc822020040c83d2145.png
D/inject  (  348): [+] The New open count 19
D/inject  (  348): [+] The New openfile fd 40
D/inject  (  348): [+]-----------open test txt file-----------
D/inject  (  348): [+] The New open path /mnt/sdcard/KingsoftOffice/.history/.nomedia/c45b3b93dbfb9bc822020040c83d2145.png
D/inject  (  348): [+] The New open count 20
D/inject  (  348): [+] The New openfile fd 40
D/dalvikvm(  348): GC_EXTERNAL_ALLOC freed 172K, 49% free 3934K/7623K, external 4658K/5817K, paused 176ms
I/ActivityManager(   61): Starting: Intent { cmp=cn.wps.moffice_eng/cn.wps.moffice.documentmanager.DocumentManager } from pid 375
D/inject  (  348): [+]-----------open test txt file-----------
D/inject  (  348): [+] The New open path /data/data/cn.wps.moffice_eng/files/lable.db
D/inject  (  348): [+] The New open count 21
D/inject  (  348): [+] The New openfile fd 40
D/inject  (  348): [+]-----------open test txt file-----------
D/inject  (  348): [+] The New open path /mnt/sdcard/KingsoftOffice/.history/.nomedia/ab189525c7e6b00c55c498d80f7d9fbf.png
D/inject  (  348): [+] The New open count 22
D/inject  (  348): [+] The New openfile fd 40
D/inject  (  348): [+]-----------open test txt file-----------
D/inject  (  348): [+] The New open path /mnt/sdcard/KingsoftOffice/.history/.nomedia/ab189525c7e6b00c55c498d80f7d9fbf.png
D/inject  (  348): [+] The New open count 23
D/inject  (  348): [+] The New openfile fd 40
D/dalvikvm(  348): GC_EXTERNAL_ALLOC freed 141K, 49% free 3906K/7623K, external 5939K/5939K, paused 50ms
D/inject  (  348): [+]-----------open test txt file-----------
D/inject  (  348): [+] The New open path /data/data/cn.wps.moffice_eng/files/AppPersistence
D/inject  (  348): [+] The New open count 24
D/inject  (  348): [+] The New openfile fd 40
D/dalvikvm(  348): GetFieldID: unable to find field Ljava/util/HashMap;.loadFactor:F
D/inject  (  348): [+]-----------open test txt file-----------
D/inject  (  348): [+] The New open path /data/data/cn.wps.moffice_eng/files/AppPersistence
D/inject  (  348): [+] The New open count 25
D/inject  (  348): [+] The New openfile fd 40
D/dalvikvm(  348): GetFieldID: unable to find field Ljava/util/HashMap;.loadFactor:F
D/inject  (  348): [+]-----------open test txt file-----------
D/inject  (  348): [+] The New open path /data/data/cn.wps.moffice_eng/files/AppPersistence
D/inject  (  348): [+] The New open count 26
D/inject  (  348): [+] The New openfile fd 40
D/dalvikvm(  348): GetFieldID: unable to find field Ljava/util/HashMap;.loadFactor:F
D/inject  (  348): [+]-----------open test txt file-----------
D/inject  (  348): [+] The New open path /data/data/cn.wps.moffice_eng/files/AppPersistence
D/inject  (  348): [+] The New open count 27
D/inject  (  348): [+] The New openfile fd 40
D/dalvikvm(  348): GetFieldID: unable to find field Ljava/util/HashMap;.loadFactor:F
D/inject  (  348): [+]-----------open test txt file-----------
D/inject  (  348): [+] The New open path /data/data/cn.wps.moffice_eng/files/AppPersistence
D/inject  (  348): [+] The New open count 28
D/inject  (  348): [+] The New openfile fd 40
D/inject  (  348): [+]-----------open test txt file-----------
D/inject  (  348): [+] The New open path /data/data/cn.wps.moffice_eng/files/AppPersistence
D/inject  (  348): [+] The New open count 29
D/inject  (  348): [+] The New openfile fd 40
D/dalvikvm(  348): GetFieldID: unable to find field Ljava/util/HashMap;.loadFactor:F
D/inject  (  348): [+]-----------open test txt file-----------
D/inject  (  348): [+] The New open path /data/data/cn.wps.moffice_eng/files/AppPersistence
D/inject  (  348): [+] The New open count 30
D/inject  (  348): [+] The New openfile fd 40
D/dalvikvm(  348): GetFieldID: unable to find field Ljava/util/HashMap;.loadFactor:F
D/inject  (  348): [+]-----------open test txt file-----------
D/inject  (  348): [+] The New open path /data/data/cn.wps.moffice_eng/files/AppPersistence
D/inject  (  348): [+] The New open count 31
D/inject  (  348): [+] The New openfile fd 40
D/dalvikvm(  348): GetFieldID: unable to find field Ljava/util/HashMap;.loadFactor:F
D/inject  (  348): [+]-----------open test txt file-----------
D/inject  (  348): [+] The New open path /data/data/cn.wps.moffice_eng/files/AppPersistence
D/inject  (  348): [+] The New open count 32
D/inject  (  348): [+] The New openfile fd 40
D/inject  (  348): [+]-----------open test txt file-----------
D/inject  (  348): [+] The New open path /data/data/cn.wps.moffice_eng/files/_localRecord
D/inject  (  348): [+] The New open count 33
D/inject  (  348): [+] The New openfile fd 40
D/inject  (  348): [+]-----------open test txt file-----------
D/inject  (  348): [+] The New open path /data/data/cn.wps.moffice_eng/files/_localRecord
D/inject  (  348): [+] The New open count 34
D/inject  (  348): [+] The New openfile fd 40
D/inject  (  348): [+]-----------open test txt file-----------
D/inject  (  348): [+] The New open path /data/data/cn.wps.moffice_eng/files/AppPersistence
D/inject  (  348): [+] The New open count 35
D/inject  (  348): [+] The New openfile fd 40
D/dalvikvm(  348): GetFieldID: unable to find field Ljava/util/HashMap;.loadFactor:F
D/inject  (  348): [+]-----------open test txt file-----------
D/inject  (  348): [+] The New open path /data/data/cn.wps.moffice_eng/files/AppPersistence
D/inject  (  348): [+] The New open count 36
D/inject  (  348): [+] The New openfile fd 40
D/dalvikvm(  348): GetFieldID: unable to find field Ljava/util/HashMap;.loadFactor:F
D/inject  (  348): [+]-----------open test txt file-----------
D/inject  (  348): [+] The New open path /data/data/cn.wps.moffice_eng/files/AppPersistence
D/inject  (  348): [+] The New open count 37
D/inject  (  348): [+] The New openfile fd 40
D/inject  (  348): [+]-----------open test txt file-----------
D/inject  (  348): [+] The New open path /mnt/sdcard/KingsoftOffice/.history/.nomedia/c45b3b93dbfb9bc822020040c83d2145.png
D/inject  (  348): [+] The New open count 38
D/inject  (  348): [+] The New openfile fd 40
D/inject  (  348): [+]-----------open test txt file-----------
D/inject  (  348): [+] The New open path /mnt/sdcard/KingsoftOffice/.history/.nomedia/c45b3b93dbfb9bc822020040c83d2145.png
D/inject  (  348): [+] The New open count 39
D/inject  (  348): [+] The New openfile fd 40
D/dalvikvm(  348): GC_EXTERNAL_ALLOC freed 307K, 48% free 3966K/7623K, external 4658K/5817K, paused 56ms
D/inject  (  348): [+]-----------open test txt file-----------
D/inject  (  348): [+] The New open path /mnt/sdcard/KingsoftOffice/.history/.nomedia/ab189525c7e6b00c55c498d80f7d9fbf.png
D/inject  (  348): [+] The New open count 40
D/inject  (  348): [+] The New openfile fd 40
D/inject  (  348): [+]-----------open test txt file-----------
D/inject  (  348): [+] The New open path /mnt/sdcard/KingsoftOffice/.history/.nomedia/ab189525c7e6b00c55c498d80f7d9fbf.png
D/inject  (  348): [+] The New open count 41
D/inject  (  348): [+] The New openfile fd 40
D/dalvikvm(  348): GC_EXTERNAL_ALLOC freed 126K, 49% free 3928K/7623K, external 5927K/5927K, paused 51ms
W/InputManagerService(   61): Starting input on non-focused client com.android.internal.view.IInputMethodClient$Stub$Proxy@40783718 (uid=10037 pid=375)
W/IInputConnectionWrapper(  375): showStatusIcon on inactive InputConnection
D/inject  (  348): [+]-----------open test txt file-----------
D/inject  (  348): [+] The New open path /data/data/cn.wps.moffice_eng/files/.cloud/cloudsetting
D/inject  (  348): [+] The New open count 42
D/inject  (  348): [+] The New openfile fd 40
D/inject  (  348): [+]-----------open test txt file-----------
D/inject  (  348): [+] The New open path /data/data/cn.wps.moffice_eng/files/.cloud/cloudsetting
D/inject  (  348): [+] The New open count 43
D/inject  (  348): [+] The New openfile fd 40
I/System.out(  348): flushRecord:12525019-b757-4845-ad1d-0a537e78bd9c
D/inject  (  348): [+]-----------open test txt file-----------
D/inject  (  348): [+] The New open path /mnt/sdcard/Android/data/cn.wps.moffice_eng/cache/KingsoftOffice/file/.timeBox/HistoryRecord/records/12525019-b757-4845-ad1d-0a537e78bd9c
D/inject  (  348): [+] The New open count 44
D/inject  (  348): [+] The New openfile fd 40
D/inject  (  348): [+]-----------open test txt file-----------
D/inject  (  348): [+] The New open path /mnt/sdcard/Android/data/cn.wps.moffice_eng/cache/KingsoftOffice/file/.timeBox/HistoryRecord/persistence/records_upload_list
D/inject  (  348): [+] The New open count 45
D/inject  (  348): [+] The New openfile fd 40
D/inject  (  348): [+]-----------open test txt file-----------
D/inject  (  348): [+] The New open path /mnt/sdcard/Android/data/cn.wps.moffice_eng/cache/KingsoftOffice/file/.timeBox/HistoryRecord/persistence/records_upload_list
D/inject  (  348): [+] The New open count 46
D/inject  (  348): [+] The New openfile fd 40
D/inject  (  348): [+]-----------open test txt file-----------
D/inject  (  348): [+] The New open path /data/data/cn.wps.moffice_eng/files/.cloud/cloudsetting
D/inject  (  348): [+] The New open count 47
D/inject  (  348): [+] The New openfile fd 40
D/inject  (  348): [+]-----------open test txt file-----------
D/inject  (  348): [+] The New open path /data/data/cn.wps.moffice_eng/files/.cloud/cloudsetting
D/inject  (  348): [+] The New open count 48
D/inject  (  348): [+] The New openfile fd 40
D/inject  (  348): [+]-----------open test txt file-----------
D/inject  (  348): [+] The New open path /mnt/sdcard/KingsoftOffice/.history/.nomedia/255b33a7e966eec4c33af01fa9395c5f.png
D/inject  (  348): [+] The New open count 49
D/inject  (  348): [+] The New openfile fd 40
D/inject  (  348): [+]-----------open test txt file-----------
D/inject  (  348): [+] The New open path /mnt/sdcard/KingsoftOffice/.history/.nomedia/255b33a7e966eec4c33af01fa9395c5f.png
D/inject  (  348): [+] The New open count 50
D/inject  (  348): [+] The New openfile fd 40
D/dalvikvm(  348): GC_EXTERNAL_ALLOC freed 273K, 49% free 3939K/7623K, external 6232K/6232K, paused 51ms
D/inject  (  348): [+]-----------open test txt file-----------
D/inject  (  348): [+] The New open path /mnt/sdcard/KingsoftOffice/.history/.nomedia/2cf17f35fc9362e4f5a745323b2f8903.png
D/inject  (  348): [+] The New open count 51
D/inject  (  348): [+] The New openfile fd 40
D/inject  (  348): [+]-----------open test txt file-----------
D/inject  (  348): [+] The New open path /mnt/sdcard/KingsoftOffice/.history/.nomedia/2cf17f35fc9362e4f5a745323b2f8903.png
D/inject  (  348): [+] The New open count 52
D/inject  (  348): [+] The New openfile fd 40
D/dalvikvm(  348): GC_EXTERNAL_ALLOC freed 81K, 49% free 3947K/7623K, external 6119K/6565K, paused 50ms
D/inject  (  348): [+]-----------open test txt file-----------
D/inject  (  348): [+] The New open path /data/data/cn.wps.moffice_eng/files/AppPersistence
D/inject  (  348): [+] The New open count 53
D/inject  (  348): [+] The New openfile fd 40
D/dalvikvm(  348): GetFieldID: unable to find field Ljava/util/HashMap;.loadFactor:F
D/inject  (  348): [+]-----------open test txt file-----------
D/inject  (  348): [+] The New open path /data/data/cn.wps.moffice_eng/files/AppPersistence
D/inject  (  348): [+] The New open count 54
D/inject  (  348): [+] The New openfile fd 40
D/inject  (  348): [+]-----------open test txt file-----------
D/inject  (  348): [+] The New open path /data/data/cn.wps.moffice_eng/files/AppPersistence
D/inject  (  348): [+] The New open count 55
D/inject  (  348): [+] The New openfile fd 40
D/dalvikvm(  348): GetFieldID: unable to find field Ljava/util/HashMap;.loadFactor:F
D/inject  (  348): [+]-----------open test txt file-----------
D/inject  (  348): [+] The New open path /data/data/cn.wps.moffice_eng/files/AppPersistence
D/inject  (  348): [+] The New open count 56
D/inject  (  348): [+] The New openfile fd 40
D/inject  (  348): [+]-----------open test txt file-----------
D/inject  (  348): [+] The New open path /data/data/cn.wps.moffice_eng/files/AppPersistence
D/inject  (  348): [+] The New open count 57
D/inject  (  348): [+] The New openfile fd 40
D/dalvikvm(  348): GetFieldID: unable to find field Ljava/util/HashMap;.loadFactor:F
I/ActivityManager(   61): Starting: Intent { cmp=cn.wps.moffice_eng/cn.wps.moffice.startactivity.writer.StartWriterActivity1 (has extras) } from pid 348
I/ActivityManager(   61): Starting: Intent { cmp=cn.wps.moffice_eng/cn.wps.moffice.writer.Writer1 (has extras) } from pid 375
D/dalvikvm(  375): GC_EXTERNAL_ALLOC freed 450K, 44% free 4148K/7367K, external 9375K/9393K, paused 59ms
D/dalvikvm(  375): GetFieldID: unable to find field Ljava/util/HashMap;.loadFactor:F
D/dalvikvm(  375): GetFieldID: unable to find field Ljava/util/HashMap;.loadFactor:F
D/water   (  375): packageName: cn.wps.moffice_eng
D/inject  (  348): [+]-----------open test txt file-----------
D/inject  (  348): [+] The New open path /mnt/sdcard/KingsoftOffice/.history/HistoryRecordDataSource
D/inject  (  348): [+] The New open count 58
D/inject  (  348): [+] The New openfile fd 40
D/inject  (  348): [+]-----------open test txt file-----------
D/inject  (  348): [+] The New open path /mnt/sdcard/documents/test.txt
D/inject  (  348): [+] The New open count 59
D/inject  (  348): [+] The New openfile fd 40
D/dalvikvm(  375): GetFieldID: unable to find field Ljava/util/HashMap;.loadFactor:F
D/inject  (  348): [+]-----------open test txt file-----------
D/inject  (  348): [+] The New open path /data/data/cn.wps.moffice_eng/files/.cloud/.connectionPersistence
D/inject  (  348): [+] The New open count 60
D/inject  (  348): [+] The New openfile fd 40
D/dalvikvm(  375): GetFieldID: unable to find field Ljava/util/HashMap;.loadFactor:F
D/dalvikvm(  375): GetFieldID: unable to find field Ljava/util/HashMap;.loadFactor:F
D/dalvikvm(  375): GetFieldID: unable to find field Ljava/util/HashMap;.loadFactor:F
D/dalvikvm(  375): GC_CONCURRENT freed 745K, 44% free 4363K/7751K, external 9334K/9869K, paused 3ms+13ms
D/dalvikvm(  375): GetFieldID: unable to find field Ljava/util/HashMap;.loadFactor:F
D/inject  (  348): [+]-----------open test txt file-----------
D/inject  (  348): [+] The New open path /data/data/cn.wps.moffice_eng/files/lable.db
D/inject  (  348): [+] The New open count 61
D/inject  (  348): [+] The New openfile fd 40
D/dalvikvm(  375): GC_EXTERNAL_ALLOC freed 289K, 45% free 4287K/7751K, external 9365K/9869K, paused 60ms
D/dalvikvm(  375): GetFieldID: unable to find field Ljava/util/HashMap;.loadFactor:F
D/dalvikvm(  375): GetFieldID: unable to find field Ljava/util/HashMap;.loadFactor:F
I/dalvikvm(  375): Jit: resizing JitTable from 512 to 1024
D/inject  (  348): [+]-----------open test txt file-----------
D/inject  (  348): [+] The New open path /data/data/cn.wps.moffice_eng/files/lable.db
D/inject  (  348): [+] The New open count 62
D/inject  (  348): [+] The New openfile fd 40
I/ActivityManager(   61): Displayed cn.wps.moffice_eng/cn.wps.moffice.writer.Writer1: +2s548ms (total +2s657ms)
D/inject  (  348): [+]-----------open test txt file-----------
D/inject  (  348): [+] The New open path /data/data/cn.wps.moffice_eng/files/_localRecord
D/inject  (  348): [+] The New open count 63
D/inject  (  348): [+] The New openfile fd 40
D/inject  (  348): [+]-----------open test txt file-----------
D/inject  (  348): [+] The New open path /data/data/cn.wps.moffice_eng/files/_localRecord
D/inject  (  348): [+] The New open count 64
D/inject  (  348): [+] The New openfile fd 40
D/inject  (  348): [+]-----------open test txt file-----------
D/inject  (  348): [+] The New open path /mnt/sdcard/KingsoftOffice/.history/.nomedia/255b33a7e966eec4c33af01fa9395c5f.png
D/inject  (  348): [+] The New open count 65
D/inject  (  348): [+] The New openfile fd 40
D/inject  (  348): [+]-----------open test txt file-----------
D/inject  (  348): [+] The New open path /mnt/sdcard/KingsoftOffice/.history/.nomedia/255b33a7e966eec4c33af01fa9395c5f.png
D/inject  (  348): [+] The New open count 66
D/inject  (  348): [+] The New openfile fd 40
D/dalvikvm(  348): GC_EXTERNAL_ALLOC freed 410K, 48% free 4001K/7623K, external 4955K/6188K, paused 111ms
D/inject  (  348): [+]-----------open test txt file-----------
D/inject  (  348): [+] The New open path /mnt/sdcard/KingsoftOffice/.history/.nomedia/2cf17f35fc9362e4f5a745323b2f8903.png
D/inject  (  348): [+] The New open count 67
D/inject  (  348): [+] The New openfile fd 40
D/inject  (  348): [+]-----------open test txt file-----------
D/inject  (  348): [+] The New open path /mnt/sdcard/KingsoftOffice/.history/.nomedia/2cf17f35fc9362e4f5a745323b2f8903.png
D/inject  (  348): [+] The New open count 68
D/inject  (  348): [+] The New openfile fd 40
D/dalvikvm(  348): GC_EXTERNAL_ALLOC freed 128K, 49% free 3962K/7623K, external 5509K/5927K, paused 53ms
D/inject  (  348): [+]-----------open test txt file-----------
D/inject  (  348): [+] The New open path /mnt/sdcard/KingsoftOffice/.history/.nomedia/ab189525c7e6b00c55c498d80f7d9fbf.png
D/inject  (  348): [+] The New open count 69
D/inject  (  348): [+] The New openfile fd 40
D/inject  (  348): [+]-----------open test txt file-----------
D/inject  (  348): [+] The New open path /mnt/sdcard/KingsoftOffice/.history/.nomedia/ab189525c7e6b00c55c498d80f7d9fbf.png
D/inject  (  348): [+] The New open count 70
D/inject  (  348): [+] The New openfile fd 40
D/dalvikvm(  348): GC_EXTERNAL_ALLOC freed 87K, 49% free 3958K/7623K, external 6541K/6569K, paused 50ms
D/inject  (  348): [+]-----------open test txt file-----------
D/inject  (  348): [+] The New open path /data/data/cn.wps.moffice_eng/files/_localRecord
D/inject  (  348): [+] The New open count 71
D/inject  (  348): [+] The New openfile fd 40
D/inject  (  348): [+]-----------open test txt file-----------
D/inject  (  348): [+] The New open path /data/data/cn.wps.moffice_eng/files/_localRecord
D/inject  (  348): [+] The New open count 72
D/inject  (  348): [+] The New openfile fd 40
D/inject  (  348): [+]-----------open test txt file-----------
D/inject  (  348): [+] The New open path /data/data/cn.wps.moffice_eng/files/_localRecord
D/inject  (  348): [+] The New open count 73
D/inject  (  348): [+] The New openfile fd 40
D/inject  (  348): [+]-----------open test txt file-----------
D/inject  (  348): [+] The New open path /data/data/cn.wps.moffice_eng/files/_localRecord
D/inject  (  348): [+] The New open count 74
D/inject  (  348): [+] The New openfile fd 40
D/inject  (  348): [+]-----------open test txt file-----------
D/inject  (  348): [+] The New open path /mnt/sdcard/KingsoftOffice/.history/.nomedia/255b33a7e966eec4c33af01fa9395c5f.png
D/inject  (  348): [+] The New open count 75
D/inject  (  348): [+] The New openfile fd 40
D/inject  (  348): [+]-----------open test txt file-----------
D/inject  (  348): [+] The New open path /mnt/sdcard/KingsoftOffice/.history/.nomedia/255b33a7e966eec4c33af01fa9395c5f.png
D/inject  (  348): [+] The New open count 76
D/inject  (  348): [+] The New openfile fd 40
D/dalvikvm(  348): GC_EXTERNAL_ALLOC freed 323K, 48% free 4027K/7623K, external 4646K/5803K, paused 107ms
D/dalvikvm(  375): GC_EXTERNAL_ALLOC freed 457K, 44% free 4381K/7751K, external 12258K/12693K, paused 140ms
D/inject  (  348): [+]-----------open test txt file-----------
D/inject  (  348): [+] The New open path /mnt/sdcard/KingsoftOffice/.history/.nomedia/2cf17f35fc9362e4f5a745323b2f8903.png
D/inject  (  348): [+] The New open count 77
D/inject  (  348): [+] The New openfile fd 40
D/inject  (  348): [+]-----------open test txt file-----------
D/inject  (  348): [+] The New open path /mnt/sdcard/KingsoftOffice/.history/.nomedia/2cf17f35fc9362e4f5a745323b2f8903.png
D/inject  (  348): [+] The New open count 78
D/inject  (  348): [+] The New openfile fd 40
D/dalvikvm(  348): GC_EXTERNAL_ALLOC freed 156K, 49% free 3959K/7623K, external 5509K/5927K, paused 148ms
D/inject  (  348): [+]-----------open test txt file-----------
D/inject  (  348): [+] The New open path /mnt/sdcard/KingsoftOffice/.history/.nomedia/ab189525c7e6b00c55c498d80f7d9fbf.png
D/inject  (  348): [+] The New open count 79
D/inject  (  348): [+] The New openfile fd 40
D/inject  (  348): [+]-----------open test txt file-----------
D/inject  (  348): [+] The New open path /mnt/sdcard/KingsoftOffice/.history/.nomedia/ab189525c7e6b00c55c498d80f7d9fbf.png
D/inject  (  348): [+] The New open count 80
D/inject  (  348): [+] The New openfile fd 40
I/ActivityManager(   61): Starting: Intent { cmp=cn.wps.moffice_eng/cn.wps.moffice.documentmanager.DocumentManager } from pid 375
D/inject  (  348): [+]-----------open test txt file-----------
D/inject  (  348): [+] The New open path /data/data/cn.wps.moffice_eng/files/lable.db
D/inject  (  348): [+] The New open count 81
D/inject  (  348): [+] The New openfile fd 41
D/dalvikvm(  348): GC_EXTERNAL_ALLOC freed 98K, 48% free 3969K/7623K, external 6541K/6569K, paused 51ms
D/inject  (  348): [+]-----------open test txt file-----------
D/inject  (  348): [+] The New open path /data/data/cn.wps.moffice_eng/files/AppPersistence
D/inject  (  348): [+] The New open count 82
D/inject  (  348): [+] The New openfile fd 40
D/dalvikvm(  348): GetFieldID: unable to find field Ljava/util/HashMap;.loadFactor:F
D/inject  (  348): [+]-----------open test txt file-----------
D/inject  (  348): [+] The New open path /data/data/cn.wps.moffice_eng/files/AppPersistence
D/inject  (  348): [+] The New open count 83
D/inject  (  348): [+] The New openfile fd 40
D/dalvikvm(  348): GetFieldID: unable to find field Ljava/util/HashMap;.loadFactor:F
D/inject  (  348): [+]-----------open test txt file-----------
D/inject  (  348): [+] The New open path /data/data/cn.wps.moffice_eng/files/AppPersistence
D/inject  (  348): [+] The New open count 84
D/inject  (  348): [+] The New openfile fd 40
D/dalvikvm(  348): GetFieldID: unable to find field Ljava/util/HashMap;.loadFactor:F
D/inject  (  348): [+]-----------open test txt file-----------
D/inject  (  348): [+] The New open path /data/data/cn.wps.moffice_eng/files/AppPersistence
D/inject  (  348): [+] The New open count 85
D/inject  (  348): [+] The New openfile fd 40
D/dalvikvm(  348): GetFieldID: unable to find field Ljava/util/HashMap;.loadFactor:F
D/inject  (  348): [+]-----------open test txt file-----------
D/inject  (  348): [+] The New open path /data/data/cn.wps.moffice_eng/files/AppPersistence
D/inject  (  348): [+] The New open count 86
D/inject  (  348): [+] The New openfile fd 40
D/inject  (  348): [+]-----------open test txt file-----------
D/inject  (  348): [+] The New open path /data/data/cn.wps.moffice_eng/files/AppPersistence
D/inject  (  348): [+] The New open count 87
D/inject  (  348): [+] The New openfile fd 40
D/dalvikvm(  348): GetFieldID: unable to find field Ljava/util/HashMap;.loadFactor:F
D/inject  (  348): [+]-----------open test txt file-----------
D/inject  (  348): [+] The New open path /data/data/cn.wps.moffice_eng/files/AppPersistence
D/inject  (  348): [+] The New open count 88
D/inject  (  348): [+] The New openfile fd 40
