D/dalvikvm(  370): GC_EXTERNAL_ALLOC freed 290K, 47% free 4166K/7751K, external 5857K/6275K, paused 60ms
D/inject  (  370): [+]-----------open test txt file-----------
D/inject  (  370): [+] The New open path /mnt/sdcard/KingsoftOffice/.history/.nomedia/10ca354419e828a281119d7494f3c81f.png
D/inject  (  370): [+] The New open count 88
D/inject  (  370): [+] The old openfile fd 40
D/inject  (  370): [+]-----------open test txt file-----------
D/inject  (  370): [+] The New open path /mnt/sdcard/KingsoftOffice/.history/.nomedia/10ca354419e828a281119d7494f3c81f.png
D/inject  (  370): [+] The New open count 89
D/inject  (  370): [+] The old openfile fd 40
D/dalvikvm(  370): GC_EXTERNAL_ALLOC freed 108K, 47% free 4160K/7751K, external 6889K/7003K, paused 53ms
D/inject  (  370): [+]-----------open test txt file-----------
D/inject  (  370): [+] The New open path /mnt/sdcard/KingsoftOffice/.history/.nomedia/c45b3b93dbfb9bc822020040c83d2145.png
D/inject  (  370): [+] The New open count 90
D/inject  (  370): [+] The old openfile fd 40
D/inject  (  370): [+]-----------open test txt file-----------
D/inject  (  370): [+] The New open path /mnt/sdcard/KingsoftOffice/.history/.nomedia/c45b3b93dbfb9bc822020040c83d2145.png
D/inject  (  370): [+] The New open count 91
D/inject  (  370): [+] The old openfile fd 40
D/dalvikvm(  370): GC_EXTERNAL_ALLOC freed 85K, 47% free 4169K/7751K, external 7194K/7384K, paused 54ms
D/inject  (  370): [+]-----------open test txt file-----------
D/inject  (  370): [+] The New open path /mnt/sdcard/KingsoftOffice/.history/.nomedia/ab189525c7e6b00c55c498d80f7d9fbf.png
D/inject  (  370): [+] The New open count 92
D/inject  (  370): [+] The old openfile fd 40
D/inject  (  370): [+]-----------open test txt file-----------
D/inject  (  370): [+] The New open path /mnt/sdcard/KingsoftOffice/.history/.nomedia/ab189525c7e6b00c55c498d80f7d9fbf.png
D/inject  (  370): [+] The New open count 93
D/inject  (  370): [+] The old openfile fd 40
D/dalvikvm(  370): GC_EXTERNAL_ALLOC freed 79K, 47% free 4179K/7751K, external 7499K/7765K, paused 84ms
D/inject  (  370): [+]-----------open test txt file-----------
D/inject  (  370): [+] The New open path /data/data/cn.wps.moffice_eng/files/AppPersistence
D/inject  (  370): [+] The New open count 94
D/inject  (  370): [+] The old openfile fd 40
D/dalvikvm(  370): GetFieldID: unable to find field Ljava/util/HashMap;.loadFactor:F
D/inject  (  370): [+]-----------open test txt file-----------
D/inject  (  370): [+] The New open path /data/data/cn.wps.moffice_eng/files/AppPersistence
D/inject  (  370): [+] The New open count 95
D/inject  (  370): [+] The old openfile fd 40
D/dalvikvm(  370): GetFieldID: unable to find field Ljava/util/HashMap;.loadFactor:F
D/inject  (  370): [+]-----------open test txt file-----------
D/inject  (  370): [+] The New open path /data/data/cn.wps.moffice_eng/files/AppPersistence
D/inject  (  370): [+] The New open count 96
D/inject  (  370): [+] The old openfile fd 40
D/inject  (  370): [+]-----------open test txt file-----------
D/inject  (  370): [+] The New open path /data/data/cn.wps.moffice_eng/files/AppPersistence
D/inject  (  370): [+] The New open count 97
D/inject  (  370): [+] The old openfile fd 40
D/dalvikvm(  370): GetFieldID: unable to find field Ljava/util/HashMap;.loadFactor:F
I/ActivityManager(   61): Starting: Intent { cmp=cn.wps.moffice_eng/cn.wps.moffice.startactivity.writer.StartWriterActivity1 (has extras) } from pid 370
D/inject  (  370): [+]-----------open test txt file-----------
D/inject  (  370): [+] The New open path /data/data/cn.wps.moffice_eng/shared_prefs/application_appstate.xml
D/inject  (  370): [+] The New open count 98
D/inject  (  370): [+] The old openfile fd 40
I/ActivityManager(   61): Starting: Intent { cmp=cn.wps.moffice_eng/cn.wps.moffice.writer.Writer1 (has extras) } from pid 428
I/dalvikvm(  428): Jit: resizing JitTable from 512 to 1024
D/dalvikvm(  428): GC_EXTERNAL_ALLOC freed 68K, 44% free 4086K/7239K, external 7526K/7541K, paused 55ms
D/dalvikvm(  428): GetFieldID: unable to find field Ljava/util/HashMap;.loadFactor:F
D/dalvikvm(  428): GetFieldID: unable to find field Ljava/util/HashMap;.loadFactor:F
D/water   (  428): packageName: cn.wps.moffice_eng
D/inject  (  370): [+]-----------open test txt file-----------
D/inject  (  370): [+] The New open path /mnt/sdcard/KingsoftOffice/.history/HistoryRecordDataSource
D/inject  (  370): [+] The New open count 99
D/inject  (  370): [+] The old openfile fd 40
D/inject  (  370): [+]-----------open test txt file-----------
D/inject  (  370): [+] The New open path /mnt/sdcard/documents/testcopy1.txt
D/inject  (  370): [+] The New open count 100
D/inject  (  370): [+] The old openfile fd 40
D/dalvikvm(  428): GetFieldID: unable to find field Ljava/util/HashMap;.loadFactor:F
D/inject  (  370): [+]-----------open test txt file-----------
D/inject  (  370): [+] The New open path /data/data/cn.wps.moffice_eng/files/.cloud/.connectionPersistence
D/inject  (  370): [+] The New open count 101
D/inject  (  370): [+] The old openfile fd 40
D/dalvikvm(  428): GetFieldID: unable to find field Ljava/util/HashMap;.loadFactor:F
D/dalvikvm(  428): GetFieldID: unable to find field Ljava/util/HashMap;.loadFactor:F
D/dalvikvm(  428): GetFieldID: unable to find field Ljava/util/HashMap;.loadFactor:F
D/inject  (  370): [+]-----------open test txt file-----------
D/inject  (  370): [+] The New open path /data/data/cn.wps.moffice_eng/files/lable.db
D/inject  (  370): [+] The New open count 102
D/inject  (  370): [+] The old openfile fd 40
D/dalvikvm(  428): GC_EXTERNAL_ALLOC freed 1034K, 46% free 4332K/8007K, external 8084K/9412K, paused 78ms
I/ActivityManager(   61): Displayed cn.wps.moffice_eng/cn.wps.moffice.writer.Writer1: +1s902ms (total +1m49s131ms)
D/dalvikvm(  428): GC_EXTERNAL_ALLOC freed 47K, 47% free 4300K/8007K, external 11374K/11777K, paused 63ms
D/inject  (  370): [+]-----------open test txt file-----------
D/inject  (  370): [+] The New open path /data/data/cn.wps.moffice_eng/files/lable.db
D/inject  (  370): [+] The New open count 103
D/inject  (  370): [+] The old openfile fd 40
D/dalvikvm(  428): GetFieldID: unable to find field Ljava/util/HashMap;.loadFactor:F
D/dalvikvm(  428): GetFieldID: unable to find field Ljava/util/HashMap;.loadFactor:F
I/ActivityManager(   61): Starting: Intent { cmp=cn.wps.moffice_eng/cn.wps.moffice.documentmanager.DocumentManager } from pid 428
D/inject  (  370): [+]-----------open test txt file-----------
D/inject  (  370): [+] The New open path /data/data/cn.wps.moffice_eng/files/lable.db
D/inject  (  370): [+] The New open count 104
D/inject  (  370): [+] The old openfile fd 40
D/inject  (  370): [+]-----------open test txt file-----------
D/inject  (  370): [+] The New open path /data/data/cn.wps.moffice_eng/files/AppPersistence
D/inject  (  370): [+] The New open count 105
D/inject  (  370): [+] The old openfile fd 40
D/dalvikvm(  370): GetFieldID: unable to find field Ljava/util/HashMap;.loadFactor:F
D/inject  (  370): [+]-----------open test txt file-----------
D/inject  (  370): [+] The New open path /data/data/cn.wps.moffice_eng/files/AppPersistence
D/inject  (  370): [+] The New open count 106
D/inject  (  370): [+] The old openfile fd 40
D/inject  (  370): [+]-----------open test txt file-----------
D/inject  (  370): [+] The New open path /data/data/cn.wps.moffice_eng/files/AppPersistence
D/inject  (  370): [+] The New open count 107
D/inject  (  370): [+] The old openfile fd 40
D/dalvikvm(  370): GetFieldID: unable to find field Ljava/util/HashMap;.loadFactor:F
D/inject  (  370): [+]-----------open test txt file-----------
D/inject  (  370): [+] The New open path /data/data/cn.wps.moffice_eng/files/AppPersistence
D/inject  (  370): [+] The New open count 108
D/inject  (  370): [+] The old openfile fd 40
D/dalvikvm(  370): GetFieldID: unable to find field Ljava/util/HashMap;.loadFactor:F
D/inject  (  370): [+]-----------open test txt file-----------
D/inject  (  370): [+] The New open path /data/data/cn.wps.moffice_eng/files/AppPersistence
D/inject  (  370): [+] The New open count 109
D/inject  (  370): [+] The old openfile fd 40
D/dalvikvm(  370): GetFieldID: unable to find field Ljava/util/HashMap;.loadFactor:F
D/inject  (  370): [+]-----------open test txt file-----------
D/inject  (  370): [+] The New open path /data/data/cn.wps.moffice_eng/files/AppPersistence
D/inject  (  370): [+] The New open count 110
D/inject  (  370): [+] The old openfile fd 40
W/IInputConnectionWrapper(  428): showStatusIcon on inactive InputConnection
D/inject  (  370): [+]-----------open test txt file-----------
D/inject  (  370): [+] The New open path /data/data/cn.wps.moffice_eng/files/.cloud/cloudsetting
D/inject  (  370): [+] The New open count 111
D/inject  (  370): [+] The old openfile fd 40
D/inject  (  370): [+]-----------open test txt file-----------
D/inject  (  370): [+] The New open path /data/data/cn.wps.moffice_eng/files/.cloud/cloudsetting
D/inject  (  370): [+] The New open count 112
D/inject  (  370): [+] The old openfile fd 40
I/System.out(  370): flushRecord:4c1a3b20-5747-49e4-b94b-f7df4c6f6aa3
D/inject  (  370): [+]-----------open test txt file-----------
D/inject  (  370): [+] The New open path /mnt/sdcard/Android/data/cn.wps.moffice_eng/cache/KingsoftOffice/file/.timeBox/HistoryRecord/records/4c1a3b20-5747-49e4-b94b-f7df4c6f6aa3
D/inject  (  370): [+] The New open count 113
D/inject  (  370): [+] The old openfile fd 40
D/inject  (  370): [+]-----------open test txt file-----------
D/inject  (  370): [+] The New open path /mnt/sdcard/Android/data/cn.wps.moffice_eng/cache/KingsoftOffice/file/.timeBox/HistoryRecord/records/4c1a3b20-5747-49e4-b94b-f7df4c6f6aa3
D/inject  (  370): [+] The New open count 114
D/inject  (  370): [+] The old openfile fd 40
D/inject  (  370): [+]-----------open test txt file-----------
D/inject  (  370): [+] The New open path /mnt/sdcard/Android/data/cn.wps.moffice_eng/cache/KingsoftOffice/file/.timeBox/HistoryRecord/persistence/records_upload_list
D/inject  (  370): [+] The New open count 115
D/inject  (  370): [+] The old openfile fd 40
D/inject  (  370): [+]-----------open test txt file-----------
D/inject  (  370): [+] The New open path /mnt/sdcard/Android/data/cn.wps.moffice_eng/cache/KingsoftOffice/file/.timeBox/HistoryRecord/persistence/records_upload_list
D/inject  (  370): [+] The New open count 116
D/inject  (  370): [+] The old openfile fd 40
D/inject  (  370): [+]-----------open test txt file-----------
D/inject  (  370): [+] The New open path /data/data/cn.wps.moffice_eng/files/.cloud/cloudsetting
D/inject  (  370): [+] The New open count 117
D/inject  (  370): [+] The old openfile fd 40
D/inject  (  370): [+]-----------open test txt file-----------
D/inject  (  370): [+] The New open path /data/data/cn.wps.moffice_eng/files/.cloud/cloudsetting
D/inject  (  370): [+] The New open count 118
D/inject  (  370): [+] The old openfile fd 40
D/dalvikvm(  428): GC_EXPLICIT freed 504K, 47% free 4283K/8007K, external 12503K/14551K, paused 146ms
