D/inject  (  362): [+] Out_addr in GOT afd4d5c8
D/inject  (  362): [+] Find got item 0 
D/inject  (  362): [+] Out_addr in GOT afd4d5c8
D/inject  (  362): [+] Find got item 0 
D/inject  (  362): [+] Out_addr in GOT afd4d5c8
D/inject  (  362): [+] Find got item 0 
D/inject  (  362): [+] Out_addr in GOT afd4d5c8
D/inject  (  362): [+] Find got item 0 
D/inject  (  362): [+] Out_addr in GOT afd4d5c8
D/inject  (  362): [+] Find got item 0 
D/inject  (  362): [+] Out_addr in GOT afd4d5c8
D/inject  (  362): [+] Find got item 0 
D/inject  (  362): [+] Out_addr in GOT afd4d5c8
D/inject  (  362): [+] Find got item 0 
D/inject  (  362): [+] Out_addr in GOT afd4d5c8
D/inject  (  362): [+] Find got item 0 
D/inject  (  362): [+] Out_addr in GOT afd4d5c8
D/inject  (  362): [+] Find got item 0 
D/inject  (  362): [+] Out_addr in GOT afd4d5c8
D/inject  (  362): [+] Find got item 0 
D/inject  (  362): [+] Out_addr in GOT afd4d5c8
D/inject  (  362): [+] Find got item 0 
D/inject  (  362): [+] Out_addr in GOT afd4d5c8
D/inject  (  362): [+] Find got item 0 
D/inject  (  362): [+] Out_addr in GOT afd4d5c8
D/inject  (  362): [+] Find got item 0 
D/inject  (  362): [+] Out_addr in GOT afd4d5c8
D/inject  (  362): [+] Find got item 0 
D/inject  (  362): [+] Out_addr in GOT afd4d5c8
D/inject  (  362): [+] Find got item 0 
D/inject  (  362): [+] Out_addr in GOT afd4d5c8
D/inject  (  362): [+] Find got item 0 
D/inject  (  362): [+] Out_addr in GOT afd4d5c8
D/inject  (  362): [+] Find got item 0 
D/inject  (  362): [+] Out_addr in GOT afd4d5c8
D/inject  (  362): [+] Find got item 0 
D/inject  (  362): [+] Out_addr in GOT afd4d5c8
D/inject  (  362): [+] Find got item 0 
D/inject  (  362): [+] Out_addr in GOT afd4d5c8
D/inject  (  362): [+] Find got item 0 
D/inject  (  362): [+] Out_addr in GOT afd4d5c8
D/inject  (  362): [+] Find got item 0 
D/inject  (  362): [+] Out_addr in GOT afd4d5c8
D/inject  (  362): [+] Find got item 0 
D/inject  (  362): [+] Out_addr in GOT afd4d5c8
D/inject  (  362): [+] Find got item 0 
D/inject  (  362): [+] Out_addr in GOT afd4d5c8
D/inject  (  362): [+] Find got item 0 
D/inject  (  362): [+] Out_addr in GOT afd4d5c8
D/inject  (  362): [+] Find got item 0 
D/inject  (  362): [+] Out_addr in GOT afd4d5c8
D/inject  (  362): [+] Find got item 0 
D/inject  (  362): [+] Out_addr in GOT afd4d5c8
D/inject  (  362): [+] Find got item 0 
D/inject  (  362): [+] Out_addr in GOT afd4d5c8
D/inject  (  362): [+] Find got item 0 
D/inject  (  362): [+] Out_addr in GOT afd4d5c8
D/inject  (  362): [+] Find got item 0 
D/inject  (  362): [+] Out_addr in GOT afd4d5c8
D/inject  (  362): [+] Find got item 0 
D/inject  (  362): [+] Out_addr in GOT afd4d5c8
D/inject  (  362): [+] Find got item 0 
D/inject  (  362): [+] Out_addr in GOT afd4d5c8
D/inject  (  362): [+] Find got item 0 
D/inject  (  362): [+] Out_addr in GOT afd4d5c8
D/inject  (  362): [+] Find got item 0 
D/inject  (  362): [+] Out_addr in GOT afd4d5c8
D/inject  (  362): [+] Find got item 0 
D/inject  (  362): [+] Out_addr in GOT afd4d5c8
D/inject  (  362): [+] Find got item 0 
D/inject  (  362): [+] Out_addr in GOT afd4d5c8
D/inject  (  362): [+] Find got item 0 
D/inject  (  362): [+] Out_addr in GOT afd4d5c8
D/inject  (  362): [+] Find got item 0 
D/inject  (  362): [+] Out_addr in GOT afd4d5c8
D/inject  (  362): [+] Find got item 0 
D/inject  (  362): [+] Out_addr in GOT afd4d5c8
D/inject  (  362): [+] Find got item 0 
D/inject  (  362): [+] Out_addr in GOT afd4d5c8
D/inject  (  362): [+] Find got item 0 
D/inject  (  362): [+] Out_addr in GOT afd4d5c8
D/inject  (  362): [+] Find got item 0 
D/inject  (  362): [+] Out_addr in GOT afd4d5c8
D/inject  (  362): [+] Find got item 0 
D/inject  (  362): [+] Out_addr in GOT afd4d5c8
D/inject  (  362): [+] Find got item 0 
D/inject  (  362): [+] Out_addr in GOT afd4d5c8
D/inject  (  362): [+] Find got item 0 
D/inject  (  362): [+] Out_addr in GOT afd4d5c8
D/inject  (  362): [+] Find got item 0 
D/inject  (  362): [+] Out_addr in GOT afd4d5c8
D/inject  (  362): [+] Find got item 0 
D/inject  (  362): [+] Out_addr in GOT afd4d5c8
D/inject  (  362): [+] Find got item 0 
D/inject  (  362): [+] Out_addr in GOT afd4d5c8
D/inject  (  362): [+] Find got item 0 
D/inject  (  362): [+] Out_addr in GOT afd4d5c8
D/inject  (  362): [+] Find got item 0 
D/inject  (  362): [+] Out_addr in GOT afd4d5c8
D/inject  (  362): [+] Find got item 0 
D/inject  (  362): [+] Out_addr in GOT afd4d5c8
D/inject  (  362): [+] Find got item 0 
D/inject  (  362): [+] Out_addr in GOT afd4d5c8
D/inject  (  362): [+] Find got item 0 
D/inject  (  362): [+] Out_addr in GOT afd4d5c8
D/inject  (  362): [+] Find got item 0 
D/inject  (  362): [+] Out_addr in GOT afd4d5c8
D/inject  (  362): [+] Find got item 0 
D/inject  (  362): [+] Out_addr in GOT afd4d5c8
D/inject  (  362): [+] Find got item 0 
D/inject  (  362): [+] Out_addr in GOT afd4d5c8
D/inject  (  362): [+] Find got item 0 
D/inject  (  362): [+] Out_addr in GOT afd4d5c8
D/inject  (  362): [+] Find got item 0 
D/inject  (  362): [+] Out_addr in GOT afd4d5c8
D/inject  (  362): [+] Find got item 0 
D/inject  (  362): [+] Out_addr in GOT afd4d5c8
D/inject  (  362): [+] Find got item 0 
D/inject  (  362): [+] Out_addr in GOT afd4d5c8
D/inject  (  362): [+] Find got item 0 
D/inject  (  362): [+] Out_addr in GOT afd4d5c8
D/inject  (  362): [+] Find got item 0 
D/inject  (  362): [+] Out_addr in GOT afd4d5c8
D/inject  (  362): [+] Find got item 0 
D/inject  (  362): [+] Out_addr in GOT afd4d5c8
D/inject  (  362): [+] Find got item 0 
D/inject  (  362): [+] Out_addr in GOT afd4d5c8
D/inject  (  362): [+] Find got item 0 
D/inject  (  362): [+] Out_addr in GOT afd4d5c8
D/inject  (  362): [+] Find got item 0 
D/inject  (  362): [+] Out_addr in GOT afd4d5c8
D/inject  (  362): [+] Find got item 0 
D/inject  (  362): [+] Out_addr in GOT afd4d5c8
D/inject  (  362): [+] Find got item 0 
D/inject  (  362): [+] Out_addr in GOT afd4d5c8
D/inject  (  362): [+] Find got item 0 
D/inject  (  362): [+] Out_addr in GOT afd4d5c8
D/inject  (  362): [+] Find got item 0 
D/inject  (  362): [+] Out_addr in GOT afd4d5c8
D/inject  (  362): [+] Find got item 0 
D/inject  (  362): [+] Out_addr in GOT afd4d5c8
D/inject  (  362): [+] Find got item 0 
D/inject  (  362): [+] Out_addr in GOT afd4d5c8
D/inject  (  362): [+] Find got item 0 
D/inject  (  362): [+] Out_addr in GOT afd4d5c8
D/inject  (  362): [+] Find got item 0 
D/inject  (  362): [+] Out_addr in GOT afd4d5c8
D/inject  (  362): [+] Find got item 0 
D/dalvikvm(  381): GC_EXTERNAL_ALLOC freed 575K, 47% free 3890K/7303K, external 4979K/6132K, paused 130ms
D/dalvikvm(  381): GC_EXTERNAL_ALLOC freed 30K, 47% free 3894K/7303K, external 6604K/8246K, paused 123ms
D/dalvikvm(  381): GetFieldID: unable to find field Ljava/util/HashMap;.loadFactor:F
D/dalvikvm(  381): GetFieldID: unable to find field Ljava/util/HashMap;.loadFactor:F
D/dalvikvm(  381): GC_EXTERNAL_ALLOC freed 227K, 45% free 4023K/7303K, external 10209K/10296K, paused 125ms
D/dalvikvm(  381): GetFieldID: unable to find field Ljava/util/HashMap;.loadFactor:F
W/ActivityManager(   62): Timeout of broadcast BroadcastRecord{4071e1c0 ACTION_APP_WIDGET_REQUEST_HISTORY_UPDATE} - receiver=android.os.BinderProxy@40774bd0, started 10067ms ago
W/ActivityManager(   62): Receiver during timeout: ResolveInfo{40776e40 cn.wps.widget.MofficeAppWidgetProvider_4x2 p=0 o=0 m=0x108000}
I/Process (   62): Sending signal. PID: 362 SIG: 3
I/dalvikvm(  362): threadid=4: reacting to signal 3
I/dalvikvm(  362): Wrote stack traces to '/data/anr/traces.txt'
I/Process (   62): Sending signal. PID: 62 SIG: 3
I/dalvikvm(   62): threadid=4: reacting to signal 3
I/dalvikvm(   62): Wrote stack traces to '/data/anr/traces.txt'
I/Process (   62): Sending signal. PID: 123 SIG: 3
I/dalvikvm(  123): threadid=4: reacting to signal 3
I/dalvikvm(  123): Wrote stack traces to '/data/anr/traces.txt'
I/Process (   62): Sending signal. PID: 124 SIG: 3
I/dalvikvm(  124): threadid=4: reacting to signal 3
I/dalvikvm(  124): Wrote stack traces to '/data/anr/traces.txt'
D/dalvikvm(   62): GC_EXPLICIT freed 963K, 44% free 4628K/8263K, external 4373K/5573K, paused 101ms
E/ActivityManager(   62): ANR in cn.wps.moffice_eng
E/ActivityManager(   62): Reason: Broadcast of Intent { act=ACTION_APP_WIDGET_REQUEST_HISTORY_UPDATE cmp=cn.wps.moffice_eng/cn.wps.widget.MofficeAppWidgetProvider_4x2 }
E/ActivityManager(   62): Load: 1.68 / 0.88 / 0.33
E/ActivityManager(   62): CPU usage from 4204ms to -1161ms ago:
E/ActivityManager(   62):   13% 62/system_server: 10% user + 3.5% kernel / faults: 356 minor 1 major
E/ActivityManager(   62):   3.3% 381/cn.wps.moffice_eng:writer1: 2.9% user + 0.3% kernel / faults: 105 minor
E/ActivityManager(   62):   0.3% 41/adbd: 0% user + 0.3% kernel
E/ActivityManager(   62):   0% 124/com.android.systemui: 0% user + 0% kernel / faults: 24 minor
E/ActivityManager(   62):   0.3% 362/cn.wps.moffice_eng: 0.1% user + 0.1% kernel / faults: 25 minor
E/ActivityManager(   62):   0.1% 123/com.android.phone: 0% user + 0.1% kernel / faults: 38 minor
E/ActivityManager(   62):   0% 257/com.wandoujia.phoenix2: 0% user + 0% kernel / faults: 1 minor
E/ActivityManager(   62): 34% TOTAL: 26% user + 8.7% kernel
E/ActivityManager(   62): CPU usage from 517ms to 1113ms later:
E/ActivityManager(   62):   9.8% 62/system_server: 8.1% user + 1.6% kernel / faults: 3 minor
E/ActivityManager(   62):     6.5% 75/ActivityManager: 4.9% user + 1.6% kernel
E/ActivityManager(   62):     1.6% 70/SurfaceFlinger: 1.6% user + 0% kernel
E/ActivityManager(   62):     1.6% 157/Binder Thread #: 1.6% user + 0% kernel
E/ActivityManager(   62): 13% TOTAL: 10% user + 3.4% kernel
I/Process (   62): Sending signal. PID: 362 SIG: 9
I/ActivityManager(   62): Process cn.wps.moffice_eng (pid 362) has died.
W/ActivityManager(   62): Scheduling restart of crashed service cn.wps.moffice_eng/cn.wps.moffice.documentmanager.history.service.HistoryRecordService in 5000ms
W/ActivityManager(   62): Scheduling restart of crashed service cn.wps.moffice_eng/cn.wps.moffice.common.multi.MultiDocumentService in 14999ms
I/WindowManager(   62): WIN DEATH: Window{40767f28 cn.wps.moffice_eng/cn.wps.moffice.documentmanager.DocumentManager paused=false}
D/dalvikvm(  381): GetFieldID: unable to find field Ljava/util/HashMap;.loadFactor:F
D/dalvikvm(  129): GC_EXPLICIT freed 9K, 49% free 3061K/5895K, external 6149K/7626K, paused 134ms
I/ActivityManager(   62): Start proc cn.wps.moffice_eng for service cn.wps.moffice_eng/cn.wps.moffice.documentmanager.history.service.HistoryRecordService: pid=403 uid=10037 gids={3003, 1015}
D/dalvikvm(  403): GetFieldID: unable to find field Ljava/util/HashMap;.loadFactor:F
D/dalvikvm(  403): GetFieldID: unable to find field Ljava/util/HashMap;.loadFactor:F
D/dalvikvm(  403): GetFieldID: unable to find field Ljava/util/HashMap;.loadFactor:F
D/dalvikvm(  403): GC_CONCURRENT freed 801K, 51% free 3305K/6727K, external 1625K/2137K, paused 8ms+4ms
D/dalvikvm(  403): GC_FOR_MALLOC freed 38K, 52% free 3267K/6727K, external 1625K/2137K, paused 30ms
I/dalvikvm-heap(  403): Grow heap (frag case) to 7.446MB for 131088-byte allocation
D/dalvikvm(  403): GC_FOR_MALLOC freed <1K, 51% free 3394K/6919K, external 1625K/2137K, paused 27ms
I/System.out(  403): flushRecord:12525019-b757-4845-ad1d-0a537e78bd9c
D/dalvikvm(  381): GC_EXTERNAL_ALLOC freed 365K, 44% free 4124K/7303K, external 10819K/11586K, paused 81ms
I/ActivityManager(   62): Starting: Intent { cmp=cn.wps.moffice_eng/cn.wps.moffice.documentmanager.DocumentManager } from pid 381
D/dalvikvm(  403): GetFieldID: unable to find field Ljava/util/HashMap;.loadFactor:F
D/dalvikvm(  403): GC_EXTERNAL_ALLOC freed 249K, 49% free 3545K/6919K, external 2129K/2137K, paused 49ms
D/dalvikvm(  403): GC_EXTERNAL_ALLOC freed 30K, 48% free 3611K/6919K, external 2611K/2673K, paused 47ms
D/dalvikvm(  403): GetFieldID: unable to find field Ljava/util/HashMap;.loadFactor:F
D/dalvikvm(  403): GetFieldID: unable to find field Ljava/util/HashMap;.loadFactor:F
I/dalvikvm(  403): Failed resolving Lcn/wps/moffice/common/beans/k$1; interface 540 'Landroid/nfc/NfcAdapter$OnNdefPushCompleteCallback;'
W/dalvikvm(  403): Link of class 'Lcn/wps/moffice/common/beans/k$1;' failed
E/dalvikvm(  403): Could not find class 'cn.wps.moffice.common.beans.k$1', referenced from method cn.wps.moffice.common.beans.k.<init>
W/dalvikvm(  403): VFY: unable to resolve new-instance 1597 (Lcn/wps/moffice/common/beans/k$1;) in Lcn/wps/moffice/common/beans/k;
D/dalvikvm(  403): VFY: replacing opcode 0x22 at 0x0039
I/dalvikvm(  403): Failed resolving Lcn/wps/moffice/common/beans/k$3; interface 538 'Landroid/nfc/NfcAdapter$CreateBeamUrisCallback;'
W/dalvikvm(  403): Link of class 'Lcn/wps/moffice/common/beans/k$3;' failed
E/dalvikvm(  403): Could not find class 'cn.wps.moffice.common.beans.k$3', referenced from method cn.wps.moffice.common.beans.k.<init>
W/dalvikvm(  403): VFY: unable to resolve new-instance 1599 (Lcn/wps/moffice/common/beans/k$3;) in Lcn/wps/moffice/common/beans/k;
D/dalvikvm(  403): VFY: replacing opcode 0x22 at 0x0070
D/dalvikvm(  403): VFY: dead code 0x003b-005c in Lcn/wps/moffice/common/beans/k;.<init> (Landroid/app/Activity;)V
D/dalvikvm(  403): VFY: dead code 0x0072-0079 in Lcn/wps/moffice/common/beans/k;.<init> (Landroid/app/Activity;)V
D/water   (  403): packageName: cn.wps.moffice_eng
D/dalvikvm(  403): GetFieldID: unable to find field Ljava/util/HashMap;.loadFactor:F
D/dalvikvm(  403): GetFieldID: unable to find field Ljava/util/HashMap;.loadFactor:F
D/dalvikvm(  403): GetFieldID: unable to find field Ljava/util/HashMap;.loadFactor:F
D/dalvikvm(  403): GetFieldID: unable to find field Ljava/util/HashMap;.loadFactor:F
D/dalvikvm(  403): GetFieldID: unable to find field Ljava/util/HashMap;.loadFactor:F
D/dalvikvm(  403): GetFieldID: unable to find field Ljava/util/HashMap;.loadFactor:F
D/dalvikvm(  403): GetFieldID: unable to find field Ljava/util/HashMap;.loadFactor:F
D/dalvikvm(  403): GetFieldID: unable to find field Ljava/util/HashMap;.loadFactor:F
D/dalvikvm(  403): GetFieldID: unable to find field Ljava/util/HashMap;.loadFactor:F
D/dalvikvm(  403): GetFieldID: unable to find field Ljava/util/HashMap;.loadFactor:F
D/dalvikvm(  403): GC_CONCURRENT freed 438K, 46% free 3766K/6919K, external 3121K/3694K, paused 4ms+5ms
W/IInputConnectionWrapper(  381): showStatusIcon on inactive InputConnection
D/dalvikvm(  403): GC_EXTERNAL_ALLOC freed 101K, 46% free 3742K/6919K, external 3121K/3694K, paused 51ms
D/dalvikvm(  403): GC_EXTERNAL_ALLOC freed 148K, 46% free 3765K/6919K, external 3545K/4295K, paused 52ms
I/ActivityManager(   62): Displayed cn.wps.moffice_eng/cn.wps.moffice.documentmanager.DocumentManager: +2s452ms
