D/dalvikvm(  244): VFY: replacing opcode 0x6e at 0x0013
D/dalvikvm(  244): VFY: dead code 0x0016-0040 in Lcom/wandoujia/phoenix2/utils/ShortcutUtil;.a (Landroid/graphics/Bitmap;Landroid/content/Context;)Landroid/graphics/Bitmap;
I/InputReader(   61): Device reconfigured: id=0x0, name=qwerty2, display size is now 480x800
I/InputManager-Callbacks(   61): No virtual keys found for device qwerty2.
I/ARMAssembler(   61): generated scanline__00000177:03515104_00001001_00000000 [ 91 ipp] (114 ins) at [0x44d3a520:0x44d3a6e8] in 683714 ns
I/ActivityManager(   61): Displayed com.android.launcher/com.android.launcher2.Launcher: +1m49s731ms
D/dalvikvm(  145): GC_EXTERNAL_ALLOC freed 55K, 48% free 3119K/5895K, external 4885K/5599K, paused 44ms
I/ActivityManager(   61): Starting: Intent { act=android.intent.action.MAIN cat=[android.intent.category.LAUNCHER] flg=0x10200000 cmp=cn.wps.moffice_eng/cn.wps.moffice.documentmanager.PreStartActivity } from pid 145
I/ActivityManager(   61): Start proc cn.wps.moffice_eng for activity cn.wps.moffice_eng/cn.wps.moffice.documentmanager.PreStartActivity: pid=347 uid=10037 gids={3003, 1015}
D/dalvikvm(  347): GetFieldID: unable to find field Ljava/util/HashMap;.loadFactor:F
D/dalvikvm(  347): GetFieldID: unable to find field Ljava/util/HashMap;.loadFactor:F
D/dalvikvm(  347): GetFieldID: unable to find field Ljava/util/HashMap;.loadFactor:F
D/dalvikvm(   61): GREF has increased to 401
I/dalvikvm(  347): Could not find method cn.wps.moffice.documentmanager.PreStartActivity.getActionBar, referenced from method cn.wps.moffice.documentmanager.PreStartActivity.setDisplayShowCustomEnabled
W/dalvikvm(  347): VFY: unable to resolve virtual method 11013: Lcn/wps/moffice/documentmanager/PreStartActivity;.getActionBar ()Landroid/app/ActionBar;
D/dalvikvm(  347): VFY: replacing opcode 0x6e at 0x0006
D/dalvikvm(  347): VFY: dead code 0x0009-000e in Lcn/wps/moffice/documentmanager/PreStartActivity;.setDisplayShowCustomEnabled (Z)V
D/dalvikvm(  347): GetFieldID: unable to find field Ljava/util/HashMap;.loadFactor:F
I/ActivityManager(   61): Starting: Intent { cmp=cn.wps.moffice_eng/cn.wps.moffice.documentmanager.DocumentManager } from pid 347
D/dalvikvm(  347): GetFieldID: unable to find field Ljava/util/HashMap;.loadFactor:F
D/dalvikvm(  347): GC_EXTERNAL_ALLOC freed 636K, 50% free 3331K/6599K, external 2129K/2137K, paused 55ms
D/dalvikvm(  347): GC_EXTERNAL_ALLOC freed 46K, 49% free 3382K/6599K, external 2611K/2673K, paused 46ms
D/dalvikvm(  347): GetFieldID: unable to find field Ljava/util/HashMap;.loadFactor:F
D/dalvikvm(  347): GetFieldID: unable to find field Ljava/util/HashMap;.loadFactor:F
I/dalvikvm(  347): Failed resolving Lcn/wps/moffice/common/beans/k$1; interface 540 'Landroid/nfc/NfcAdapter$OnNdefPushCompleteCallback;'
W/dalvikvm(  347): Link of class 'Lcn/wps/moffice/common/beans/k$1;' failed
E/dalvikvm(  347): Could not find class 'cn.wps.moffice.common.beans.k$1', referenced from method cn.wps.moffice.common.beans.k.<init>
W/dalvikvm(  347): VFY: unable to resolve new-instance 1597 (Lcn/wps/moffice/common/beans/k$1;) in Lcn/wps/moffice/common/beans/k;
D/dalvikvm(  347): VFY: replacing opcode 0x22 at 0x0039
I/dalvikvm(  347): Failed resolving Lcn/wps/moffice/common/beans/k$3; interface 538 'Landroid/nfc/NfcAdapter$CreateBeamUrisCallback;'
W/dalvikvm(  347): Link of class 'Lcn/wps/moffice/common/beans/k$3;' failed
E/dalvikvm(  347): Could not find class 'cn.wps.moffice.common.beans.k$3', referenced from method cn.wps.moffice.common.beans.k.<init>
W/dalvikvm(  347): VFY: unable to resolve new-instance 1599 (Lcn/wps/moffice/common/beans/k$3;) in Lcn/wps/moffice/common/beans/k;
D/dalvikvm(  347): VFY: replacing opcode 0x22 at 0x0070
D/dalvikvm(  347): VFY: dead code 0x003b-005c in Lcn/wps/moffice/common/beans/k;.<init> (Landroid/app/Activity;)V
D/dalvikvm(  347): VFY: dead code 0x0072-0079 in Lcn/wps/moffice/common/beans/k;.<init> (Landroid/app/Activity;)V
D/water   (  347): packageName: cn.wps.moffice_eng
D/dalvikvm(  347): GetFieldID: unable to find field Ljava/util/HashMap;.loadFactor:F
D/dalvikvm(  347): GetFieldID: unable to find field Ljava/util/HashMap;.loadFactor:F
D/dalvikvm(  347): GetFieldID: unable to find field Ljava/util/HashMap;.loadFactor:F
D/dalvikvm(  347): GetFieldID: unable to find field Ljava/util/HashMap;.loadFactor:F
D/dalvikvm(  347): GetFieldID: unable to find field Ljava/util/HashMap;.loadFactor:F
D/dalvikvm(  347): GetFieldID: unable to find field Ljava/util/HashMap;.loadFactor:F
D/dalvikvm(  347): GetFieldID: unable to find field Ljava/util/HashMap;.loadFactor:F
D/dalvikvm(  347): GC_CONCURRENT freed 523K, 47% free 3584K/6727K, external 3171K/3694K, paused 4ms+7ms
D/dalvikvm(  347): GetFieldID: unable to find field Ljava/util/HashMap;.loadFactor:F
D/dalvikvm(  347): GetFieldID: unable to find field Ljava/util/HashMap;.loadFactor:F
D/dalvikvm(  347): GetFieldID: unable to find field Ljava/util/HashMap;.loadFactor:F
D/dalvikvm(  347): GetFieldID: unable to find field Ljava/util/HashMap;.loadFactor:F
D/dalvikvm(  347): GC_EXTERNAL_ALLOC freed 386K, 47% free 3612K/6791K, external 3160K/3694K, paused 419ms
D/dalvikvm(  347): GC_EXTERNAL_ALLOC freed 152K, 47% free 3624K/6791K, external 3583K/4343K, paused 59ms
W/ResourceType(   61): Skipping entry 0x7f040000 in package table 0 because it is not complex!
W/ResourceType(   61): Skipping entry 0x7f040017 in package table 0 because it is not complex!
I/ARMAssembler(   61): generated scanline__00000177:03515104_00001002_00000000 [ 87 ipp] (110 ins) at [0x44d3a6f0:0x44d3a8a8] in 377627 ns
I/ActivityManager(   61): Displayed cn.wps.moffice_eng/cn.wps.moffice.documentmanager.DocumentManager: +4s804ms (total +5s738ms)
D/dalvikvm(  347): GetFieldID: unable to find field Ljava/util/HashMap;.loadFactor:F
I/ActivityManager(   61): Starting: Intent { cmp=cn.wps.moffice_eng/cn.wps.moffice.startactivity.writer.StartWriterActivity1 (has extras) } from pid 347
D/dalvikvm(  347): GetFieldID: unable to find field Ljava/util/HashMap;.loadFactor:F
I/ActivityManager(   61): Start proc cn.wps.moffice_eng:writer1 for activity cn.wps.moffice_eng/cn.wps.moffice.startactivity.writer.StartWriterActivity1: pid=364 uid=10037 gids={3003, 1015}
D/dalvikvm(  364): GetFieldID: unable to find field Ljava/util/HashMap;.loadFactor:F
D/dalvikvm(  364): GetFieldID: unable to find field Ljava/util/HashMap;.loadFactor:F
D/dalvikvm(  364): GetFieldID: unable to find field Ljava/util/HashMap;.loadFactor:F
I/ActivityManager(   61): Starting: Intent { cmp=cn.wps.moffice_eng/cn.wps.moffice.writer.Writer1 (has extras) } from pid 364
D/dalvikvm(  364): GC_EXTERNAL_ALLOC freed 624K, 50% free 3305K/6535K, external 2131K/2137K, paused 85ms
D/dalvikvm(  364): GC_EXTERNAL_ALLOC freed 41K, 50% free 3316K/6535K, external 2657K/2675K, paused 44ms
D/dalvikvm(  364): GC_EXTERNAL_ALLOC freed 50K, 48% free 3418K/6535K, external 3330K/3332K, paused 46ms
D/dalvikvm(  364): GetFieldID: unable to find field Ljava/util/HashMap;.loadFactor:F
D/dalvikvm(  364): GetFieldID: unable to find field Ljava/util/HashMap;.loadFactor:F
I/dalvikvm(  364): Failed resolving Lcn/wps/moffice/common/beans/k$1; interface 540 'Landroid/nfc/NfcAdapter$OnNdefPushCompleteCallback;'
W/dalvikvm(  364): Link of class 'Lcn/wps/moffice/common/beans/k$1;' failed
E/dalvikvm(  364): Could not find class 'cn.wps.moffice.common.beans.k$1', referenced from method cn.wps.moffice.common.beans.k.<init>
W/dalvikvm(  364): VFY: unable to resolve new-instance 1597 (Lcn/wps/moffice/common/beans/k$1;) in Lcn/wps/moffice/common/beans/k;
D/dalvikvm(  364): VFY: replacing opcode 0x22 at 0x0039
I/dalvikvm(  364): Failed resolving Lcn/wps/moffice/common/beans/k$3; interface 538 'Landroid/nfc/NfcAdapter$CreateBeamUrisCallback;'
W/dalvikvm(  364): Link of class 'Lcn/wps/moffice/common/beans/k$3;' failed
E/dalvikvm(  364): Could not find class 'cn.wps.moffice.common.beans.k$3', referenced from method cn.wps.moffice.common.beans.k.<init>
W/dalvikvm(  364): VFY: unable to resolve new-instance 1599 (Lcn/wps/moffice/common/beans/k$3;) in Lcn/wps/moffice/common/beans/k;
D/dalvikvm(  364): VFY: replacing opcode 0x22 at 0x0070
D/dalvikvm(  364): VFY: dead code 0x003b-005c in Lcn/wps/moffice/common/beans/k;.<init> (Landroid/app/Activity;)V
D/dalvikvm(  364): VFY: dead code 0x0072-0079 in Lcn/wps/moffice/common/beans/k;.<init> (Landroid/app/Activity;)V
D/water   (  364): packageName: cn.wps.moffice_eng
D/dalvikvm(  364): GetFieldID: unable to find field Ljava/util/HashMap;.loadFactor:F
D/dalvikvm(  364): GetFieldID: unable to find field Ljava/util/HashMap;.loadFactor:F
D/dalvikvm(  364): GC_CONCURRENT freed 495K, 47% free 3626K/6727K, external 3627K/4173K, paused 3ms+4ms
D/dalvikvm(  364): GetFieldID: unable to find field Ljava/util/HashMap;.loadFactor:F
D/dalvikvm(  364): GC_EXTERNAL_ALLOC freed 847K, 49% free 3790K/7303K, external 3630K/4173K, paused 94ms
D/dalvikvm(  364): GetFieldID: unable to find field Ljava/util/HashMap;.loadFactor:F
I/ActivityManager(   61): Displayed cn.wps.moffice_eng/cn.wps.moffice.writer.Writer1: +2s813ms (total +3s990ms)
D/dalvikvm(  364): GC_EXTERNAL_ALLOC freed 553K, 48% free 3869K/7303K, external 4940K/6132K, paused 55ms
D/dalvikvm(  364): GC_EXTERNAL_ALLOC freed 19K, 48% free 3865K/7303K, external 6584K/8223K, paused 52ms
D/dalvikvm(  364): GetFieldID: unable to find field Ljava/util/HashMap;.loadFactor:F
D/dalvikvm(  364): GetFieldID: unable to find field Ljava/util/HashMap;.loadFactor:F
D/dalvikvm(  364): GC_EXTERNAL_ALLOC freed 289K, 46% free 4016K/7303K, external 10229K/10277K, paused 114ms
D/dalvikvm(  347): GC_EXTERNAL_ALLOC freed 876K, 47% free 4011K/7495K, external 4685K/5144K, paused 269ms
D/dalvikvm(  347): GC_EXTERNAL_ALLOC freed 221K, 49% free 3879K/7495K, external 5939K/5939K, paused 79ms
D/dalvikvm(  145): GC_EXPLICIT freed 47K, 48% free 3079K/5895K, external 6149K/7626K, paused 44ms
D/inject  (  389): [+] The pid of cn.wps.moffice_eng: 347
D/inject  (  389): [+] Injecting process: 347
D/inject  (  389): [+] get_remote_addr: local[afd00000], remote[afd00000]
D/inject  (  389): [+] Remote mmap address: afd170cd
D/inject  (  389): [+] Calling mmap in target process.
D/inject  (  389): [+] Target process returned from mmap, return value=45440000, pc=0 
D/inject  (  389): [+] get_remote_addr: local[b0001000], remote[b0001000]
D/inject  (  389): [+] get_remote_addr: local[b0001000], remote[b0001000]
D/inject  (  389): [+] get_remote_addr: local[b0001000], remote[b0001000]
D/inject  (  389): [+] Get imports: dlopen: b00059bd, dlsym: b0005915, dlclose: b0005849
D/inject  (  389): [+] Inject code start: c008, end: c084
D/inject  (  389): [+] _dlopen_param1_s: 45443c9c
D/inject  (  389): [+] _dlsym_param2_s: 45443d9c
D/inject  (  389): [+] _saved_r0_pc_s: 45443e9c
D/inject  (  389): [+] _inject_function_param_s: 45443f9c
D/inject  (  389): [+] Remote shellcode address: 45443c00
D/inject  (  389): [+] Process Detach: 10
D/inject  (  347): hello ARM! I'm parameter1324! pid:347
D/inject  (  347): The Handle of libhook_open: b000d2b0
D/inject  (  347): find it pre 0
D/inject  (  347): find it 8060109c
D/inject  (  347): [+] aaaaaaa do_hook function is invoked 
D/inject  (  347): [+] open addr: 0xafd17111. New addr 0x80600f60
D/inject  (  347): [+] just for test info 
D/inject  (  347): [+] set ok 
D/inject  (  347): [+] Get the persist.sys.test  bbbbbbbb
D/inject  (  347): [+] just for test print old_open address 0xafd17111
D/inject  (  347): [+] just for test print new_open address 0x80600f60
D/inject  (  347): [+] Get old address global  afd17111
D/inject  (  347): [+] Get new address global  80600f60
D/inject  (  347): [+] binder path ad100000
D/inject  (  347): [+] Section header table file offset 2e23c
D/inject  (  347): [+] Section header table entry count 15
D/inject  (  347): [+] Section header table entry size 28
D/inject  (  347): [+] Section header string table index 14
D/inject  (  347): [+] Object file type 3
D/inject  (  347): [+] Object file version 1
D/inject  (  347): [+] Out_addr in GOT table before 0
D/inject  (  347): [+] Out_size of func in GOT table before 0
D/inject  (  347): [+] Out_addr in GOT table ad12c138
D/inject  (  347): [+] Out_size of func in GOT table 8c4
D/inject  (  347): [+] Out_addr in GOT table ad12c138
D/inject  (  347): [+] Out_size of func in GOT table 8c4
D/inject  (  347): [+] Out_addr in GOT afd4d5c8
D/inject  (  347): [+] old open address 20000 afd17111
D/inject  (  347): [+] Out_addr in GOT 464c457f
D/inject  (  347): [+] target pid 15b
D/inject  (  347): [+] old open address 22223 afd17111
D/inject  (  347): [+] Find got_item ff 
D/inject  (  347): [+] old open address 3333 afd17111
D/inject  (  347): [+] old open address 3333 afffffff
D/inject  (  347): [+] Find got item afd4d5c8 
D/inject  (  347): [+] Find got item ad12e2a4 
D/inject  (  347): [+] Find got item ad12e28c 
D/inject  (  347): [+] Find got item ad12e268 
D/inject  (  347): [+] Find got item ad12e258 
D/inject  (  347): [+] Find got item afd4631c 
D/inject  (  347): [+] Find got item ad12e298 
D/inject  (  347): [+] Find got item ad12e250 
D/inject  (  347): [+] Find got item ad12e280 
D/inject  (  347): [+] Find got item ad12e294 
D/inject  (  347): [+] Find got item ad12e260 
D/inject  (  347): [+] Find got item ad12e278 
D/inject  (  347): [+] Find got item afd415c0 
D/inject  (  347): [+] Find got item ad12e2a8 
D/inject  (  347): [+] Find got item ad12e274 
D/inject  (  347): [+] Find got item ad12e27c 
D/inject  (  347): [+] Find got item ad12e248 
D/inject  (  347): [+] Find got item ad12e2a0 
D/inject  (  347): [+] Find got item ad12e25c 
D/inject  (  347): [+] Find got item ad12e270 
D/inject  (  347): [+] Find got item ad12e288 
D/inject  (  347): [+] Find got item ad12e264 
D/inject  (  347): [+] Find got item ad12e284 
D/inject  (  347): [+] Find got item ad9bc7f1 
D/inject  (  347): [+] Find got item ad9bc7f9 
D/inject  (  347): [+] Find got item ade45f55 
D/inject  (  347): [+] Find got item ade45f69 
D/inject  (  347): [+] Find got item ad9bb339 
D/inject  (  347): [+] Find got item ad9bb341 
D/inject  (  347): [+] Find got item ad9b481d 
D/inject  (  347): [+] Find got item ad9b4831 
D/inject  (  347): [+] Find got item ad9a5561 
D/inject  (  347): [+] Find got item ad9a5569 
D/inject  (  347): [+] Find got item ade31305 
D/inject  (  347): [+] Find got item ade3130d 
D/inject  (  347): [+] Find got item ad12e240 
D/inject  (  347): [+] Find got item ad12e244 
D/inject  (  347): [+] Find got item ad12e24c 
D/inject  (  347): [+] Find got item ad12e254 
D/inject  (  347): [+] Find got item ad12e26c 
D/inject  (  347): [+] Find got item ad12e290 
D/inject  (  347): [+] Find got item ad12e29c 
D/inject  (  347): [+] Find got item ade5f751 
D/inject  (  347): [+] Find got item ade5f749 
D/inject  (  347): [+] Find got item ade5f74d 
D/inject  (  347): [+] Find got item adec6b68 
D/inject  (  347): [+] Find got item ad12ca00 
D/inject  (  347): [+] Find got item afd42610 
D/inject  (  347): [+] Find got item 0 
D/inject  (  347): [+] Find got item 0 
D/inject  (  347): [+] Find got item 0 
D/inject  (  347): [+] Find got item afd2092d 
D/inject  (  347): [+] Find got item afd19c3d 
D/inject  (  347): [+] Find got item afd20a45 
D/inject  (  347): [+] Find got item af9038e5 
D/inject  (  347): [+] Find got item afd28321 
D/inject  (  347): [+] Find got item af9037b1 
D/inject  (  347): [+] Find got item afd1c87d 
D/inject  (  347): [+] Find got item ade3a295 
D/inject  (  347): [+] Find got item ade394bd 
D/inject  (  347): [+] Find got item ade39c31 
D/inject  (  347): [+] Find got item ad9a4ef5 
D/inject  (  347): [+] Find got item ad96a6b1 
D/inject  (  347): [+] Find got item ade39141 
D/inject  (  347): [+] Find got item ad99e381 
D/inject  (  347): [+] Find got item ad96a3f1 
D/inject  (  347): [+] Find got item ad99d059 
D/inject  (  347): [+] Find got item ade256f1 
D/inject  (  347): [+] Find got item ad9a3e51 
D/inject  (  347): [+] Find got item ad9a3839 
D/inject  (  347): [+] Find got item afd25c95 
D/inject  (  347): [+] Find got item afd11fbd 
D/inject  (  347): [+] Find got item afd17049 
D/inject  (  347): [+] Find got item afd0bba0 
D/inject  (  347): [+] Find got item afd0bad0 
D/inject  (  347): [+] Find got item afd0e3e0 
D/inject  (  347): [+] Find got item afd0e3f4 
D/inject  (  347): [+] Find got item afd29855 
D/inject  (  347): [+] Find got item afd0bc40 
D/inject  (  347): [+] Find got item afc009e1 
D/inject  (  347): [+] Find got item afd0bc00 
D/inject  (  347): [+] Find got item afc009c1 
D/inject  (  347): [+] Find got item afd0bbe0 
D/inject  (  347): [+] Find got item afd14de4 
D/inject  (  347): [+] Find got item afd20859 
D/inject  (  347): [+] Find got item afc009e9 
D/inject  (  347): [+] Find got item afd172fd 
D/inject  (  347): [+] Find got item afd3742d 
D/inject  (  347): [+] Find got item afd17249 
D/inject  (  347): [+] Find got item afd171a1 
D/inject  (  347): [+] Find got item afc009c9 
D/inject  (  347): [+] Find got item afd17ac5 
D/inject  (  347): [+] Find got item afd0bc80 
D/inject  (  347): [+] Find got item afd19a49 
D/inject  (  347): [+] Find got item afd17111 
D/inject  (  347): [+] Find got item afd0b530 
D/inject  (  347): [+] Find got item afd0b8a0 
D/inject  (  347): [+] Find got item ade55315 
D/inject  (  347): [+] Find got item ade55329 
D/inject  (  347): [+] Find got item ade55301 
D/inject  (  347): [+] Find got item ade57501 
D/inject  (  347): [+] Find got item ade568e5 
D/inject  (  347): [+] Find got item ade56229 
D/inject  (  347): [+] Find got item ade56d55 
D/inject  (  347): [+] Find got item ade56eb1 
D/inject  (  347): [+] Find got item ade562b9 
D/inject  (  347): [+] Find got item ade56851 
D/inject  (  347): [+] Find got item ade5353d 
D/inject  (  347): [+] Find got item ade56199 
D/inject  (  347): [+] Find got item ade5652d 
D/inject  (  347): [+] Find got item ade56499 
D/inject  (  347): [+] Find got item ade56ded 
D/inject  (  347): [+] Find got item ade56349 
D/inject  (  347): [+] Find got item ade565c5 
D/inject  (  347): [+] Find got item ade560f5 
D/inject  (  347): [+] Find got item ade57131 
D/inject  (  347): [+] Find got item afd0dc6c 
D/inject  (  347): [+] Find got item afd0dc80 
D/inject  (  347): [+] Find got item afd0d388 
D/inject  (  347): [+] Find got item afb1899c 
D/inject  (  347): [+] Find got item afd0dd08 
D/inject  (  347): [+] Find got item ade53519 
D/inject  (  347): [+] Find got item ade27fd1 
D/inject  (  347): [+] Find got item ade572a9 
D/inject  (  347): [+] Find got item afd0dcd0 
D/inject  (  347): [+] Find got item afd0e34c 
D/inject  (  347): [+] Find got item afb1c7dc 
D/inject  (  347): [+] Find got item afb1c18c 
D/inject  (  347): [+] Find got item afb12390 
D/inject  (  347): [+] Find got item afb11f5c 
D/inject  (  347): [+] Find got item afb1baf4 
D/inject  (  347): [+] Find got item afb1b554 
D/inject  (  347): [+] Find got item afb0f8f0 
D/inject  (  347): [+] Find got item afb1ab80 
D/inject  (  347): [+] Find got item afb1a9b0 
D/inject  (  347): [+] Find got item afb19c04 
D/inject  (  347): [+] Find got item afb0f2d8 
D/inject  (  347): [+] Find got item afb0ed14 
D/inject  (  347): [+] Find got item afb07584 
D/inject  (  347): [+] Find got item afb17ce8 
D/inject  (  347): [+] Find got item afb06890 
D/inject  (  347): [+] Find got item afb06524 
D/inject  (  347): [+] Find got item afb151c8 
D/inject  (  347): [+] Find got item afb14cc0 
D/inject  (  347): [+] Find got item afb148f0 
D/inject  (  347): [+] Find got item afb05dd0 
D/inject  (  347): [+] Find got item afb14140 
D/inject  (  347): [+] Find got item afb05490 
D/inject  (  347): [+] Find got item afb047f4 
D/inject  (  347): [+] Find got item afb11910 
D/inject  (  347): [+] Find got item afd0b2c0 
D/inject  (  347): [+] Find got item afd0b7d0 
D/inject  (  347): [+] Find got item afd24efd 
D/inject  (  347): [+] Find got item afd0b810 
D/inject  (  347): [+] Find got item afd16405 
D/inject  (  347): [+] Find got item afd0ba90 
D/inject  (  347): [+] Find got item afd16091 
D/inject  (  347): [+] Find got item afd0b470 
D/inject  (  347): [+] Find got item afd1ccf1 
D/inject  (  347): [+] Find got item afd0b450 
D/inject  (  347): [+] Find got item afd181e9 
D/inject  (  347): [+] Find got item afd208ad 
D/inject  (  347): [+] Find got item afd1cd81 
D/inject  (  347): [+] Find got item afd1ca81 
D/inject  (  347): [+] Find got item afd0c820 
D/inject  (  347): [+] Find got item afd0d008 
D/inject  (  347): [+] Find got item afd0d658 
D/inject  (  347): [+] Find got item afd0d734 
D/inject  (  347): [+] Find got item afd0d384 
D/inject  (  347): [+] Find got item afd0ccd0 
D/inject  (  347): [+] Find got item afc0097d 
D/inject  (  347): [+] Find got item afc00959 
D/inject  (  347): [+] Find got item afd2083d 
D/inject  (  347): [+] Find got item afd14f28 
D/inject  (  347): [+] Find got item afd2fc4d 
D/inject  (  347): [+] Find got item afd211a5 
D/inject  (  347): [+] Find got item afd2f8d5 
D/inject  (  347): [+] Find got item afd2f449 
D/inject  (  347): [+] Find got item afd30f21 
D/inject  (  347): [+] Find got item afd16779 
D/inject  (  347): [+] Find got item afd0c020 
D/inject  (  347): [+] Find got item afd17901 
D/inject  (  347): [+] Find got item afd25c09 
D/inject  (  347): [+] Find got item afd17895 
D/inject  (  347): [+] Find got item afd25b95 
D/inject  (  347): [+] Find got item ade3fd1d 
D/inject  (  347): [+] Find got item ade40c25 
D/inject  (  347): [+] Find got item ade861f5 
D/inject  (  347): [+] Find got item ad999985 
D/inject  (  347): [+] Find got item af7012ac 
D/inject  (  347): [+] Find got item af701860 
D/inject  (  347): [+] Find got item af70ac74 
D/inject  (  347): [+] Find got item af708074 
D/inject  (  347): [+] Find got item af7055b8 
D/inject  (  347): [+] Find got item af704e60 
D/inject  (  347): [+] Find got item af70732c 
D/inject  (  347): [+] Find got item af705710 
D/inject  (  347): [+] Find got item af7051c4 
D/inject  (  347): [+] Find got item afd0b550 
D/inject  (  347): [+] Find got item af70aca8 
D/inject  (  347): [+] Find got item af70b464 
D/inject  (  347): [+] Find got item af70af48 
D/inject  (  347): [+] Find got item af70addc 
D/inject  (  347): [+] Find got item af70d108 
D/inject  (  347): [+] Find got item afd0b730 
D/inject  (  347): [+] Find got item afd0b860 
D/inject  (  347): [+] Find got item afd0b960 
D/inject  (  347): [+] Find got item afd0b710 
D/inject  (  347): [+] Find got item afd0bb80 
D/inject  (  347): [+] Find got item afd0b5f0 
D/inject  (  347): [+] Find got item afd170cd 
D/inject  (  347): [+] Find got item afd1473d 
D/inject  (  347): [+] Find got item afd0b690 
D/inject  (  347): [+] Find got item afd0b6b0 
D/inject  (  347): [+] Find got item afd0d360 
D/inject  (  347): [+] Find got item afd0b6d0 
D/inject  (  347): [+] Find got item afd14759 
D/inject  (  347): [+] Find got item afd0b630 
D/inject  (  347): [+] Find got item afd0c0e0 
D/inject  (  347): [+] Find got item afd0c1a0 
D/inject  (  347): [+] Find got item afd0c180 
D/inject  (  347): [+] Find got item afd0c120 
D/inject  (  347): [+] Find got item afd0d284 
D/inject  (  347): [+] Find got item afd0b830 
D/inject  (  347): [+] Find got item afd0c150 
D/inject  (  347): [+] Find got item afd0c0a0 
D/inject  (  347): [+] Find got item afd0c1d0 
D/inject  (  347): [+] Find got item afd0c080 
D/inject  (  347): [+] Find got item afd0bd40 
D/inject  (  347): [+] Find got item afd0c060 
D/inject  (  347): [+] Find got item afd0c0c0 
D/inject  (  347): [+] Find got item afd0d9a0 
D/inject  (  347): [+] Find got item afd0dfa8 
D/inject  (  347): [+] Find got item afd0e054 
D/inject  (  347): [+] Find got item afd0e1ec 
D/inject  (  347): [+] Find got item afd0dd64 
D/inject  (  347): [+] Find got item afb022d8 
D/inject  (  347): [+] Find got item afd20889 
D/inject  (  347): [+] Find got item afd20b95 
D/inject  (  347): [+] Find got item afd20ae5 
D/inject  (  347): [+] Find got item afd37449 
D/inject  (  347): [+] Find got item a8a02a0d 
D/inject  (  347): [+] Find got item a8a02285 
D/inject  (  347): [+] Find got item a8a0472d 
D/inject  (  347): [+] Find got item a8a04741 
D/inject  (  347): [+] Find got item a8a02029 
D/inject  (  347): [+] Find got item a8a01f89 
D/inject  (  347): [+] Find got item a8a01fe9 
D/inject  (  347): [+] Find got item a8a01fdd 
D/inject  (  347): [+] Find got item a8a01fe5 
D/inject  (  347): [+] Find got item a8a02011 
D/inject  (  347): [+] Find got item a8a01fcd 
D/inject  (  347): [+] Find got item a8a0203d 
D/inject  (  347): [+] Find got item a8a02025 
D/inject  (  347): [+] Find got item a8a01fe1 
D/inject  (  347): [+] Find got item a8a02021 
D/inject  (  347): [+] Find got item a8a01fa1 
D/inject  (  347): [+] Find got item af905d35 
D/inject  (  347): [+] Find got item a8a043fd 
D/inject  (  347): [+] Find got item a8a022b9 
D/inject  (  347): [+] Find got item a8a02da1 
D/inject  (  347): [+] Find got item a8a02221 
D/inject  (  347): [+] Find got item a8a02319 
D/inject  (  347): [+] Find got item ad1263c3 
D/inject  (  347): [+] Find got item ad1263d1 
D/inject  (  347): [+] Find got item ad10ecc9 
D/inject  (  347): [+] Find got item ad1263d7 
D/inject  (  347): [+] Find got item ad1263dc 
D/inject  (  347): [+] Find got item ad10ecbd 
D/inject  (  347): [+] Find got item ad1263e1 
D/inject  (  347): [+] Find got item ad1263dc 
D/inject  (  347): [+] Find got item ad10ecb1 
D/inject  (  347): [+] Find got item ad1263e6 
D/inject  (  347): [+] Find got item ad1263dc 
D/inject  (  347): [+] Find got item ad10eca5 
D/inject  (  347): [+] Find got item ad1263eb 
D/inject  (  347): [+] Find got item ad1263d1 
D/inject  (  347): [+] Find got item ad10ec95 
D/inject  (  347): [+] Find got item ad1263f1 
D/inject  (  347): [+] Find got item ad1263dc 
D/inject  (  347): [+] Find got item ad10ec89 
D/inject  (  347): [+] Find got item ad1263f6 
D/inject  (  347): [+] Find got item ad1263dc 
D/inject  (  347): [+] Find got item ad10ec7d 
D/inject  (  347): [+] Find got item ad1263fb 
D/inject  (  347): [+] Find got item ad1263dc 
D/inject  (  347): [+] Find got item ad10ec71 
D/inject  (  347): [+] Find got item ad1263ff 
D/inject  (  347): [+] Find got item ad1263dc 
D/inject  (  347): [+] Find got item ad10ec65 
D/inject  (  347): [+] Find got item ad126404 
D/inject  (  347): [+] Find got item ad1263dc 
D/inject  (  347): [+] Find got item ad10ec59 
D/inject  (  347): [+] Find got item ad126408 
D/inject  (  347): [+] Find got item ad1263dc 
D/inject  (  347): [+] Find got item ad10ec4d 
D/inject  (  347): [+] Find got item ad12640e 
D/inject  (  347): [+] Find got item ad1263dc 
D/inject  (  347): [+] Find got item ad10ec41 
D/inject  (  347): [+] Find got item ad126414 
D/inject  (  347): [+] Find got item ad1263d1 
D/inject  (  347): [+] Find got item ad10ec31 
D/inject  (  347): [+] Find got item ad12641a 
D/inject  (  347): [+] Find got item ad1263dc 
D/inject  (  347): [+] Find got item ad10ec25 
D/inject  (  347): [+] Find got item ad12641e 
D/inject  (  347): [+] Find got item ad1263dc 
D/inject  (  347): [+] Find got item ad10ec19 
D/inject  (  347): [+] Find got item ad126424 
D/inject  (  347): [+] Find got item ad1263dc 
D/inject  (  347): [+] Find got item ad10ec0d 
D/inject  (  347): [+] Find got item ad12642a 
D/inject  (  347): [+] Find got item ad1263d1 
D/inject  (  347): [+] Find got item ad10ebfd 
D/inject  (  347): [+] Find got item ad126434 
D/inject  (  347): [+] Find got item ad12643f 
D/inject  (  347): [+] Find got item ad10ebb1 
D/inject  (  347): [+] Find got item ad126445 
D/inject  (  347): [+] Find got item ad1263d1 
D/inject  (  347): [+] Find got item ad10eba1 
D/inject  (  347): [+] Find got item ad126449 
D/inject  (  347): [+] Find got item ad1263dc 
D/inject  (  347): [+] Find got item ad10eb95 
D/inject  (  347): [+] Find got item ad12644e 
D/inject  (  347): [+] Find got item ad1263dc 
D/inject  (  347): [+] Find got item ad10eb89 
D/inject  (  347): [+] Find got item ad126452 
D/inject  (  347): [+] Find got item ad1263dc 
D/inject  (  347): [+] Find got item ad10eb7d 
D/inject  (  347): [+] Find got item ad126457 
D/inject  (  347): [+] Find got item ad1263dc 
D/inject  (  347): [+] Find got item ad10eb71 
D/inject  (  347): [+] Find got item ad12645c 
D/inject  (  347): [+] Find got item ad1263dc 
D/inject  (  347): [+] Find got item ad10eb65 
D/inject  (  347): [+] Find got item ad126460 
D/inject  (  347): [+] Find got item ad1263dc 
D/inject  (  347): [+] Find got item ad10eb59 
D/inject  (  347): [+] Find got item ad126659 
D/inject  (  347): [+] Find got item ad126667 
D/inject  (  347): [+] Find got item ad10ecf5 
D/inject  (  347): [+] Find got item ad12667d 
D/inject  (  347): [+] Find got item ad125993 
D/inject  (  347): [+] Find got item ad10ed81 
D/inject  (  347): [+] Find got item ad12668a 
D/inject  (  347): [+] Find got item ad126697 
D/inject  (  347): [+] Find got item ad10ed19 
D/inject  (  347): [+] Find got item ad1267e4 
D/inject  (  347): [+] Find got item ad1267f8 
D/inject  (  347): [+] Find got item ad10f265 
D/inject  (  347): [+] Find got item ad12680f 
D/inject  (  347): [+] Find got item ad12681b 
D/inject  (  347): [+] Find got item ad10f0ad 
D/inject  (  347): [+] Find got item ad126833 
D/inject  (  347): [+] Find got item ad125570 
D/inject  (  347): [+] Find got item ad10f05d 
D/inject  (  347): [+] Find got item ad12683f 
D/inject  (  347): [+] Find got item ad1267f8 
D/inject  (  347): [+] Find got item ad10f471 
D/inject  (  347): [+] Find got item ad126940 
D/inject  (  347): [+] Find got item ad12589d 
D/inject  (  347): [+] Find got item ad10f431 
D/inject  (  347): [+] Find got item ad126953 
D/inject  (  347): [+] Find got item ad12589d 
D/inject  (  347): [+] Find got item ad10f3f1 
D/inject  (  347): [+] Find got item ad12695c 
D/inject  (  347): [+] Find got item ad12589d 
D/inject  (  347): [+] Find got item ad10f3b1 
D/inject  (  347): [+] Find got item ad126985 
D/inject  (  347): [+] Find got item ad126994 
D/inject  (  347): [+] Find got item ad10f9ed 
D/inject  (  347): [+] Find got item ad1269b2 
D/inject  (  347): [+] Find got item ad1269c4 
D/inject  (  347): [+] Find got item ad126c37 
D/inject  (  347): [+] Find got item ad126c44 
D/inject  (  347): [+] Find got item ad110709 
D/inject  (  347): [+] Find got item ad126c4b 
D/inject  (  347): [+] Find got item ad126c57 
D/inject  (  347): [+] Find got item ad110631 
D/inject  (  347): [+] Find got item ad126c61 
D/inject  (  347): [+] Find got item ad126c69 
D/inject  (  347): [+] Find got item ad1105fd 
D/inject  (  347): [+] Find got item ad126c6e 
D/inject  (  347): [+] Find got item ad126c7b 
D/inject  (  347): [+] Find got item ad1104cd 
D/inject  (  347): [+] Find got item ad126c80 
D/inject  (  347): [+] Find got item ad126c8f 
D/inject  (  347): [+] Find got item ad1104bd 
D/inject  (  347): [+] Find got item ad126c94 
D/inject  (  347): [+] Find got item ad126c8f 
D/inject  (  347): [+] Find got item ad1104c5 
D/inject  (  347): [+] Find got item ad126ca4 
D/inject  (  347): [+] Find got item ad126c69 
D/inject  (  347): [+] Find got item ad1105dd 
D/inject  (  347): [+] Find got item ad126cae 
D/inject  (  347): [+] Find got item ad126cc0 
D/inject  (  347): [+] Find got item ad11086d 
D/inject  (  347): [+] Find got item ad126ace 
D/inject  (  347): [+] Find got item ad126cc0 
D/inject  (  347): [+] Find got item ad1105b1 
D/inject  (  347): [+] Find got item ad126cc9 
D/inject  (  347): [+] Find got item ad126cd7 
D/inject  (  347): [+] Find got item ad1104f5 
D/inject  (  347): [+] Find got item ad126c37 
D/inject  (  347): [+] Find got item ad126d27 
D/inject  (  347): [+] Find got item ad110a7d 
D/inject  (  347): [+] Find got item ad126c61 
D/inject  (  347): [+] Find got item ad126c69 
D/inject  (  347): [+] Find got item ad110a5d 
D/inject  (  347): [+] Find got item ad126c6e 
D/inject  (  347): [+] Find got item ad126c7b 
D/inject  (  347): [+] Find got item ad110881 
D/inject  (  347): [+] Find got item ad126c80 
D/inject  (  347): [+] Find got item ad126c8f 
D/inject  (  347): [+] Find got item ad11088d 
D/inject  (  347): [+] Find got item ad126c94 
D/inject  (  347): [+] Find got item ad126c8f 
D/inject  (  347): [+] Find got item ad110885 
D/inject  (  347): [+] Find got item ad126d2c 
D/inject  (  347): [+] Find got item ad126d38 
D/inject  (  347): [+] Find got item ad11097d 
D/inject  (  347): [+] Find got item ad126ca4 
D/inject  (  347): [+] Find got item ad126c69 
D/inject  (  347): [+] Find got item ad11095d 
D/inject  (  347): [+] Find got item ad126cae 
D/inject  (  347): [+] Find got item ad126cc0 
D/inject  (  347): [+] Find got item ad110bf1 
D/inject  (  347): [+] Find got item ad126d41 
D/inject  (  347): [+] Find got item ad126d52 
D/inject  (  347): [+] Find got item ad1108a9 
D/inject  (  347): [+] Find got item ad126ace 
D/inject  (  347): [+] Find got item ad126cc0 
D/inject  (  347): [+] Find got item ad110895 
D/inject  (  347): [+] Find got item ad126d84 
D/inject  (  347): [+] Find got item ad126d8a 
D/inject  (  347): [+] Find got item ad110ca5 
D/inject  (  347): [+] Find got item ad126da6 
D/inject  (  347): [+] Find got item ad126dac 
D/inject  (  347): [+] Find got item ad110c05 
D/inject  (  347): [+] Find got item ad126dc8 
D/inject  (  347): [+] Find got item ad126dcd 
D/inject  (  347): [+] Find got item ad110c49 
D/inject  (  347): [+] Find got item ad126dd3 
D/inject  (  347): [+] Find got item ad126dd9 
D/inject  (  347): [+] Find got item ad110c3d 
D/inject  (  347): [+] Find got item ad126df6 
D/inject  (  347): [+] Find got item ad126e02 
D/inject  (  347): [+] Find got item ad110c11 
D/inject  (  347): [+] Find got item ad126ec3 
D/inject  (  347): [+] Find got item ad126b0b 
D/inject  (  347): [+] Find got item ad1114a5 
D/inject  (  347): [+] Find got item ad126ec9 
D/inject  (  347): [+] Find got item ad126edd 
D/inject  (  347): [+] Find got item ad111465 
D/inject  (  347): [+] Find got item ad126ee1 
D/inject  (  347): [+] Find got item ad126dac 
D/inject  (  347): [+] Find got item ad111415 
D/inject  (  347): [+] Find got item ad126ef0 
D/inject  (  347): [+] Find got item ad126ef7 
D/inject  (  347): [+] Find got item ad1113dd 
D/inject  (  347): [+] Find got item ad126efc 
D/inject  (  347): [+] Find got item ad126f05 
D/inject  (  347): [+] Find got item ad110fa9 
D/inject  (  347): [+] Find got item ad126f0e 
D/inject  (  347): [+] Find got item ad126b77 
D/inject  (  347): [+] Find got item ad11126d 
D/inject  (  347): [+] Find got item ad126f13 
D/inject  (  347): [+] Find got item ad126f18 
D/inject  (  347): [+] Find got item ad111219 
D/inject  (  347): [+] Find got item ad126f21 
D/inject  (  347): [+] Find got item ad126f2c 
D/inject  (  347): [+] Find got item ad1111ad 
D/inject  (  347): [+] Find got item ad126f34 
D/inject  (  347): [+] Find got item ad126f3a 
D/inject  (  347): [+] Find got item ad111151 
D/inject  (  347): [+] Find got item ad126f46 
D/inject  (  347): [+] Find got item ad126f4b 
D/inject  (  347): [+] Find got item ad1110e1 
D/inject  (  347): [+] Find got item ad126f52 
D/inject  (  347): [+] Find got item ad126f5b 
D/inject  (  347): [+] Find got item ad111099 
D/inject  (  347): [+] Find got item ad126f7a 
D/inject  (  347): [+] Find got item ad126f83 
D/inject  (  347): [+] Find got item ad111051 
D/inject  (  347): [+] Find got item ad126f89 
D/inject  (  347): [+] Find got item ad126f94 
D/inject  (  347): [+] Find got item ad110f11 
D/inject  (  347): [+] Find got item ad126f9b 
D/inject  (  347): [+] Find got item ad126f18 
D/inject  (  347): [+] Find got item ad110eb9 
D/inject  (  347): [+] Find got item ad126fa1 
D/inject  (  347): [+] Find got item ad126f2c 
D/inject  (  347): [+] Find got item ad110e61 
D/inject  (  347): [+] Find got item ad126fad 
D/inject  (  347): [+] Find got item ad126f3a 
D/inject  (  347): [+] Find got item ad110e11 
D/inject  (  347): [+] Find got item ad1270c1 
D/inject  (  347): [+] Find got item ad126f83 
D/inject  (  347): [+] Find got item ad1119a5 
D/inject  (  347): [+] Find got item ad1270c7 
D/inject  (  347): [+] Find got item ad126535 
D/inject  (  347): [+] Find got item ad111979 
D/inject  (  347): [+] Find got item ad1270cc 
D/inject  (  347): [+] Find got item ad1261e3 
D/inject  (  347): [+] Find got item ad111689 
D/inject  (  347): [+] Find got item ad1270d7 
D/inject  (  347): [+] Find got item ad1261ca 
D/inject  (  347): [+] Find got item ad1114f9 
D/inject  (  347): [+] Find got item ad1270df 
D/inject  (  347): [+] Find got item ad1270ec 
D/inject  (  347): [+] Find got item ad111501 
D/inject  (  347): [+] Find got item ad1270f5 
D/inject  (  347): [+] Find got item ad1270ff 
D/inject  (  347): [+] Find got item ad11173d 
D/inject  (  347): [+] Find got item ad127104 
D/inject  (  347): [+] Find got item ad1263af 
D/inject  (  347): [+] Find got item ad111721 
D/inject  (  347): [+] Find got item ad12710d 
D/inject  (  347): [+] Find got item ad1261e3 
D/inject  (  347): [+] Find got item ad111641 
D/inject  (  347): [+] Find got item ad127114 
D/inject  (  347): [+] Find got item ad126ef7 
D/inject  (  347): [+] Find got item ad111701 
D/inject  (  347): [+] Find got item ad12711c 
D/inject  (  347): [+] Find got item ad127125 
D/inject  (  347): [+] Find got item ad111601 
D/inject  (  347): [+] Find got item ad12712a 
D/inject  (  347): [+] Find got item ad127133 
D/inject  (  347): [+] Find got item ad1118bd 
D/inject  (  347): [+] Find got item ad127139 
D/inject  (  347): [+] Find got item ad126f83 
D/inject  (  347): [+] Find got item ad1118a1 
D/inject  (  347): [+] Find got item ad12713e 
D/inject  (  347): [+] Find got item ad1261e3 
D/inject  (  347): [+] Find got item ad111831 
D/inject  (  347): [+] Find got item ad127145 
D/inject  (  347): [+] Find got item ad126cd7 
D/inject  (  347): [+] Find got item ad1117e1 
D/inject  (  347): [+] Find got item ad12714d 
D/inject  (  347): [+] Find got item ad127154 
D/inject  (  347): [+] Find got item ad1117d1 
D/inject  (  347): [+] Find got item ad12715b 
D/inject  (  347): [+] Find got item ad127164 
D/inject  (  347): [+] Find got item ad11175d 
D/inject  (  347): [+] Find got item ad12716c 
D/inject  (  347): [+] Find got item ad126511 
D/inject  (  347): [+] Find got item ad11168d 
D/inject  (  347): [+] Find got item ad127177 
D/inject  (  347): [+] Find got item ad12717f 
D/inject  (  347): [+] Find got item ad11151d 
D/inject  (  347): [+] Find got item ad127185 
D/inject  (  347): [+] Find got item ad1270ec 
D/inject  (  347): [+] Find got item ad111521 
D/inject  (  347): [+] Find got item ad127192 
D/inject  (  347): [+] Find got item ad12719c 
D/inject  (  347): [+] Find got item ad1116dd 
D/inject  (  347): [+] Find got item ad1271a2 
D/inject  (  347): [+] Find got item ad1271ab 
D/inject  (  347): [+] Find got item ad1116c1 
D/inject  (  347): [+] Find got item ad1271b1 
D/inject  (  347): [+] Find got item ad1271bf 
D/inject  (  347): [+] Find got item ad11153d 
D/inject  (  347): [+] Find got item ad1271c9 
D/inject  (  347): [+] Find got item ad126511 
D/inject  (  347): [+] Find got item ad111665 
D/inject  (  347): [+] Find got item ad1271d0 
D/inject  (  347): [+] Find got item ad1271dc 
D/inject  (  347): [+] Find got item ad111581 
D/inject  (  347): [+] Find got item ad1271e6 
D/inject  (  347): [+] Find got item ad126f83 
D/inject  (  347): [+] Find got item ad11169d 
D/inject  (  347): [+] Find got item ad1271ee 
D/inject  (  347): [+] Find got item ad1271f7 
D/inject  (  347): [+] Find got item ad111621 
D/inject  (  347): [+] Find got item ad1271fd 
D/inject  (  347): [+] Find got item ad12720b 
D/inject  (  347): [+] Find got item ad1115c5 
D/inject  (  347): [+] Find got item ad127215 
D/inject  (  347): [+] Find got item ad126f83 
D/inject  (  347): [+] Find got item ad111691 
D/inject  (  347): [+] Find got item ad1273fd 
D/inject  (  347): [+] Find got item ad127404 
D/inject  (  347): [+] Find got item ad112e21 
D/inject  (  347): [+] Find got item ad12744d 
D/inject  (  347): [+] Find got item ad127452 
D/inject  (  347): [+] Find got item ad112d8d 
D/inject  (  347): [+] Find got item ad126d84 
D/inject  (  347): [+] Find got item ad126d8a 
D/inject  (  347): [+] Find got item ad112d51 
D/inject  (  347): [+] Find got item ad127485 
D/inject  (  347): [+] Find got item ad127498 
D/inject  (  347): [+] Find got item ad112c49 
D/inject  (  347): [+] Find got item ad1274cb 
D/inject  (  347): [+] Find got item ad1274d3 
D/inject  (  347): [+] Find got item ad112ca9 
D/inject  (  347): [+] Find got item ad127507 
D/inject  (  347): [+] Find got item ad126d8a 
D/inject  (  347): [+] Find got item ad112a79 
D/inject  (  347): [+] Find got item ad12751a 
D/inject  (  347): [+] Find got item ad127530 
D/inject  (  347): [+] Find got item ad1129d9 
D/inject  (  347): [+] Find got item ad127561 
D/inject  (  347): [+] Find got item ad126dac 
D/inject  (  347): [+] Find got item ad111fc5 
D/inject  (  347): [+] Find got item ad127574 
D/inject  (  347): [+] Find got item ad127584 
D/inject  (  347): [+] Find got item ad11326d 
D/inject  (  347): [+] Find got item ad1275b2 
D/inject  (  347): [+] Find got item ad1275be 
D/inject  (  347): [+] Find got item ad112935 
D/inject  (  347): [+] Find got item ad1275db 
D/inject  (  347): [+] Find got item ad126dd9 
D/inject  (  347): [+] Find got item ad112741 
D/inject  (  347): [+] Find got item ad126f13 
D/inject  (  347): [+] Find got item ad1275e2 
D/inject  (  347): [+] Find got item ad112701 
D/inject  (  347): [+] Find got item ad126f21 
D/inject  (  347): [+] Find got item ad127602 
D/inject  (  347): [+] Find got item ad112669 
D/inject  (  347): [+] Find got item ad127620 
D/inject  (  347): [+] Find got item ad127625 
D/inject  (  347): [+] Find got item ad112615 
D/inject  (  347): [+] Find got item ad127660 
D/inject  (  347): [+] Find got item ad12766b 
D/inject  (  347): [+] Find got item ad112459 
D/inject  (  347): [+] Find got item ad1276a5 
D/inject  (  347): [+] Find got item ad1276b0 
D/inject  (  347): [+] Find got item ad112329 
D/inject  (  347): [+] Find got item ad1276eb 
D/inject  (  347): [+] Find got item ad1276f0 
D/inject  (  347): [+] Find got item ad1122cd 
D/inject  (  347): [+] Find got item ad127727 
D/inject  (  347): [+] Find got item ad127732 
D/inject  (  347): [+] Find got item ad1121cd 
D/inject  (  347): [+] Find got item ad127768 
D/inject  (  347): [+] Find got item ad127777 
D/inject  (  347): [+] Find got item ad112189 
D/inject  (  347): [+] Find got item ad127794 
D/inject  (  347): [+] Find got item ad1277a3 
D/inject  (  347): [+] Find got item ad111ad1 
D/inject  (  347): [+] Find got item ad1277bf 
D/inject  (  347): [+] Find got item ad1277cf 
D/inject  (  347): [+] Find got item ad1135a9 
D/inject  (  347): [+] Find got item ad1277fe 
D/inject  (  347): [+] Find got item ad126d8a 
D/inject  (  347): [+] Find got item ad111d89 
D/inject  (  347): [+] Find got item ad12780c 
D/inject  (  347): [+] Find got item ad126d8a 
D/inject  (  347): [+] Find got item ad111d7d 
D/inject  (  347): [+] Find got item ad12781b 
D/inject  (  347): [+] Find got item ad126e02 
D/inject  (  347): [+] Find got item ad111cb5 
D/inject  (  347): [+] Find got item ad126f9b 
D/inject  (  347): [+] Find got item ad1275e2 
D/inject  (  347): [+] Find got item ad111c31 
D/inject  (  347): [+] Find got item ad126fa1 
D/inject  (  347): [+] Find got item ad127822 
D/inject  (  347): [+] Find got item ad111b91 
D/inject  (  347): [+] Find got item ad127892 
D/inject  (  347): [+] Find got item ad12789f 
D/inject  (  347): [+] Find got item ad11483d 
D/inject  (  347): [+] Find got item ad1278b6 
D/inject  (  347): [+] Find got item ad1278c3 
D/inject  (  347): [+] Find got item ad1140b9 
D/inject  (  347): [+] Find got item ad127b1f 
D/inject  (  347): [+] Find got item ad127b2c 
D/inject  (  347): [+] Find got item ad115631 
D/inject  (  347): [+] Find got item ad127b44 
D/inject  (  347): [+] Find got item ad1270ec 
D/inject  (  347): [+] Find got item ad1155e5 
D/inject  (  347): [+] Find got item ad127b50 
D/inject  (  347): [+] Find got item ad127b5c 
D/inject  (  347): [+] Find got item ad115595 
D/inject  (  347): [+] Find got item ad127b65 
D/inject  (  347): [+] Find got item ad12618c 
D/inject  (  347): [+] Find got item ad115479 
D/inject  (  347): [+] Find got item ad127b75 
D/inject  (  347): [+] Find got item ad1261e3 
D/inject  (  347): [+] Find got item ad11546d 
D/inject  (  347): [+] Find got item ad127b7c 
D/inject  (  347): [+] Find got item ad127b8f 
D/inject  (  347): [+] Find got item ad115431 
D/inject  (  347): [+] Find got item ad127ba6 
D/inject  (  347): [+] Find got item ad127bb1 
D/inject  (  347): [+] Find got item ad115209 
D/inject  (  347): [+] Find got item ad127bc8 
D/inject  (  347): [+] Find got item ad1261e3 
D/inject  (  347): [+] Find got item ad1151fd 
D/inject  (  347): [+] Find got item ad127bcd 
D/inject  (  347): [+] Find got item ad126535 
D/inject  (  347): [+] Find got item ad1151e1 
D/inject  (  347): [+] Find got item ad127bd5 
D/inject  (  347): [+] Find got item ad126535 
D/inject  (  347): [+] Find got item ad1151d5 
D/inject  (  347): [+] Find got item ad12653a 
D/inject  (  347): [+] Find got item ad1279e4 
D/inject  (  347): [+] Find got item ad114949 
D/inject  (  347): [+] Find got item ad127be3 
D/inject  (  347): [+] Find got item ad126535 
D/inject  (  347): [+] Find got item ad114f7d 
D/inject  (  347): [+] Find got item ad127bf2 
D/inject  (  347): [+] Find got item ad127b8f 
D/inject  (  347): [+] Find got item ad115159 
D/inject  (  347): [+] Find got item ad127c03 
D/inject  (  347): [+] Find got item ad127c0c 
D/inject  (  347): [+] Find got item ad115061 
D/inject  (  347): [+] Find got item ad127c35 
D/inject  (  347): [+] Find got item ad127c42 
D/inject  (  347): [+] Find got item ad1159e9 
D/inject  (  347): [+] Find got item ad127c5a 
D/inject  (  347): [+] Find got item ad127c42 
D/inject  (  347): [+] Find got item ad115add 
D/inject  (  347): [+] Find got item ad127c63 
D/inject  (  347): [+] Find got item ad127c42 
D/inject  (  347): [+] Find got item ad1159bd 
D/inject  (  347): [+] Find got item ad127c6a 
D/inject  (  347): [+] Find got item ad127c7a 
D/inject  (  347): [+] Find got item ad114939 
D/inject  (  347): [+] Find got item ad127c91 
D/inject  (  347): [+] Find got item ad127ca2 
D/inject  (  347): [+] Find got item ad1151b5 
D/inject  (  347): [+] Find got item ad127cca 
D/inject  (  347): [+] Find got item ad127cd3 
D/inject  (  347): [+] Find got item ad1150dd 
D/inject  (  347): [+] Find got item ad127f67 
D/inject  (  347): [+] Find got item ad127f34 
D/inject  (  347): [+] Find got item ad127f3f 
D/inject  (  347): [+] Find got item ad115ee1 
D/inject  (  347): [+] Find got item ad127fff 
D/inject  (  347): [+] Find got item ad12554e 
D/inject  (  347): [+] Find got item ad116255 
D/inject  (  347): [+] Find got item ad128015 
D/inject  (  347): [+] Find got item ad12802b 
D/inject  (  347): [+] Find got item ad116259 
D/inject  (  347): [+] Find got item ad128035 
D/inject  (  347): [+] Find got item ad12804c 
D/inject  (  347): [+] Find got item ad11625d 
D/inject  (  347): [+] Find got item ad1285b7 
D/inject  (  347): [+] Find got item ad1285de 
D/inject  (  347): [+] Find got item ad11668d 
D/inject  (  347): [+] Find got item ad1285f4 
D/inject  (  347): [+] Find got item ad1285de 
D/inject  (  347): [+] Find got item ad11666d 
D/inject  (  347): [+] Find got item ad128616 
D/inject  (  347): [+] Find got item ad1285de 
D/inject  (  347): [+] Find got item ad11664d 
D/inject  (  347): [+] Find got item ad128638 
D/inject  (  347): [+] Find got item ad1285de 
D/inject  (  347): [+] Find got item ad11662d 
D/inject  (  347): [+] Find got item ad12865c 
D/inject  (  347): [+] Find got item ad1285de 
D/inject  (  347): [+] Find got item ad11660d 
D/inject  (  347): [+] Find got item ad128676 
D/inject  (  347): [+] Find got item ad1285de 
D/inject  (  347): [+] Find got item ad1165ed 
D/inject  (  347): [+] Find got item ad12869c 
D/inject  (  347): [+] Find got item ad125993 
D/inject  (  347): [+] Find got item ad116f09 
D/inject  (  347): [+] Find got item ad1286b2 
D/inject  (  347): [+] Find got item ad12619e 
D/inject  (  347): [+] Find got item ad116e95 
D/inject  (  347): [+] Find got item ad1286d2 
D/inject  (  347): [+] Find got item ad1286ea 
D/inject  (  347): [+] Find got item ad116b29 
D/inject  (  347): [+] Find got item ad128723 
D/inject  (  347): [+] Find got item ad1286ea 
D/inject  (  347): [+] Find got item ad116ded 
D/inject  (  347): [+] Find got item ad12873b 
D/inject  (  347): [+] Find got item ad1286ea 
D/inject  (  347): [+] Find got item ad116d45 
D/inject  (  347): [+] Find got item ad128754 
D/inject  (  347): [+] Find got item ad1286ea 
D/inject  (  347): [+] Find got item ad116c9d 
