W/PackageManager(   61): Unknown permission com.google.android.googleapps.permission.GOOGLE_AUTH.YouTubeUser in package com.android.development
W/PackageManager(   61): Not granting permission android.permission.SET_PREFERRED_APPLICATIONS to package com.mx.browser (protectionLevel=2 flags=0x8be44)
W/PackageManager(   61): Unknown permission android.permission.READ_OWNER_DATA in package com.android.email
W/PackageManager(   61): Not granting permission android.permission.DEVICE_POWER to package com.android.deskclock (protectionLevel=2 flags=0x8be45)
I/dalvikvm(   61): Jit: resizing JitTable from 512 to 1024
D/dalvikvm(  253): GC_CONCURRENT freed 729K, 49% free 3542K/6919K, external 1753K/2137K, paused 5ms+5ms
D/dalvikvm(  128): GC_EXTERNAL_ALLOC freed 255K, 49% free 3029K/5895K, external 6670K/6692K, paused 58ms
D/dalvikvm(  253): Trying to load lib /data/data/com.wandoujia.phoenix2/lib/libcipher.so 0x405153c0
D/dalvikvm(  253): Added shared lib /data/data/com.wandoujia.phoenix2/lib/libcipher.so 0x405153c0
D/dalvikvm(  253): No JNI_OnLoad found in /data/data/com.wandoujia.phoenix2/lib/libcipher.so 0x405153c0, skipping init
D/MediaScannerService(  244): done scanning volume internal
D/MediaScannerService(  244): start scanning volume external
V/MediaProvider(  244): /mnt/sdcard volume ID: 218050065
W/RecognitionManagerService(   61): no available voice recognition services found
D/dalvikvm(   61): GC_EXPLICIT freed 643K, 42% free 4590K/7879K, external 4373K/5573K, paused 80ms
I/dalvikvm(  253): Total arena pages for JIT: 11
I/dalvikvm(  253): Total arena pages for JIT: 12
V/MediaProvider(  244): Attached volume: external
V/MediaScanner(  244): pruneDeadThumbnailFiles... android.database.sqlite.SQLiteCursor@405bb0d0
V/MediaScanner(  244): /pruneDeadThumbnailFiles... android.database.sqlite.SQLiteCursor@405bb0d0
D/MediaScanner(  244):  prescan time: 117ms
D/MediaScanner(  244):     scan time: 32ms
D/MediaScanner(  244): postscan time: 6ms
D/MediaScanner(  244):    total time: 155ms
D/MediaScannerService(  244): done scanning volume external
I/Launcher.Model(  128): not binding apps: no Launcher activity
D/dalvikvm(  128): GC_EXPLICIT freed 138K, 51% free 2943K/5895K, external 5048K/5563K, paused 45ms
D/dalvikvm(  253): GC_CONCURRENT freed 865K, 50% free 3534K/7047K, external 1753K/2137K, paused 3ms+3ms
D/dalvikvm(  193): GC_CONCURRENT freed 275K, 51% free 2863K/5767K, external 1625K/2137K, paused 3ms+4ms
D/dalvikvm(  253): GC_CONCURRENT freed 523K, 46% free 3859K/7047K, external 1753K/2137K, paused 4ms+8ms
I/dalvikvm(  253): Could not find method android.app.ActivityManager.getLauncherLargeIconSize, referenced from method com.wandoujia.phoenix2.utils.ShortcutUtil.a
W/dalvikvm(  253): VFY: unable to resolve virtual method 60: Landroid/app/ActivityManager;.getLauncherLargeIconSize ()I
D/dalvikvm(  253): VFY: replacing opcode 0x6e at 0x0013
D/dalvikvm(  253): VFY: dead code 0x0016-0040 in Lcom/wandoujia/phoenix2/utils/ShortcutUtil;.a (Landroid/graphics/Bitmap;Landroid/content/Context;)Landroid/graphics/Bitmap;
D/dalvikvm(  128): GC_EXPLICIT freed 252K, 50% free 2969K/5895K, external 4915K/5563K, paused 55ms
I/InputReader(   61): Device reconfigured: id=0x0, name=qwerty2, display size is now 480x800
I/InputManager-Callbacks(   61): No virtual keys found for device qwerty2.
I/ARMAssembler(   61): generated scanline__00000177:03515104_00001001_00000000 [ 91 ipp] (114 ins) at [0x44c7e520:0x44c7e6e8] in 739860 ns
I/ActivityManager(   61): Displayed com.android.launcher/com.android.launcher2.Launcher: +47s537ms
D/dalvikvm(  128): GC_EXTERNAL_ALLOC freed 24K, 50% free 3000K/5895K, external 4843K/5563K, paused 43ms
I/ActivityManager(   61): Starting: Intent { act=android.intent.action.MAIN cat=[android.intent.category.LAUNCHER] flg=0x10200000 cmp=cn.wps.moffice_eng/cn.wps.moffice.documentmanager.PreStartActivity } from pid 128
I/ActivityManager(   61): Start proc cn.wps.moffice_eng for activity cn.wps.moffice_eng/cn.wps.moffice.documentmanager.PreStartActivity: pid=404 uid=10037 gids={3003, 1015}
I/ActivityManager(   61): Starting: Intent { act=android.intent.action.MAIN cat=[android.intent.category.LAUNCHER] flg=0x10200000 cmp=cn.wps.moffice_eng/cn.wps.moffice.documentmanager.PreStartActivity } from pid 128
D/dalvikvm(  404): GetFieldID: unable to find field Ljava/util/HashMap;.loadFactor:F
D/dalvikvm(  404): GetFieldID: unable to find field Ljava/util/HashMap;.loadFactor:F
D/dalvikvm(  404): GetFieldID: unable to find field Ljava/util/HashMap;.loadFactor:F
I/dalvikvm(  404): Could not find method cn.wps.moffice.documentmanager.PreStartActivity.getActionBar, referenced from method cn.wps.moffice.documentmanager.PreStartActivity.setDisplayShowCustomEnabled
W/dalvikvm(  404): VFY: unable to resolve virtual method 11013: Lcn/wps/moffice/documentmanager/PreStartActivity;.getActionBar ()Landroid/app/ActionBar;
D/dalvikvm(  404): VFY: replacing opcode 0x6e at 0x0006
D/dalvikvm(  404): VFY: dead code 0x0009-000e in Lcn/wps/moffice/documentmanager/PreStartActivity;.setDisplayShowCustomEnabled (Z)V
D/dalvikvm(  404): GetFieldID: unable to find field Ljava/util/HashMap;.loadFactor:F
I/ActivityManager(   61): Starting: Intent { cmp=cn.wps.moffice_eng/cn.wps.moffice.documentmanager.DocumentManager } from pid 404
D/dalvikvm(  404): GetFieldID: unable to find field Ljava/util/HashMap;.loadFactor:F
D/dalvikvm(  404): GC_EXTERNAL_ALLOC freed 639K, 50% free 3332K/6599K, external 2129K/2137K, paused 56ms
D/dalvikvm(  404): GC_EXTERNAL_ALLOC freed 46K, 49% free 3383K/6599K, external 2611K/2673K, paused 47ms
D/dalvikvm(  404): GetFieldID: unable to find field Ljava/util/HashMap;.loadFactor:F
D/dalvikvm(  404): GetFieldID: unable to find field Ljava/util/HashMap;.loadFactor:F
I/dalvikvm(  404): Failed resolving Lcn/wps/moffice/common/beans/k$1; interface 540 'Landroid/nfc/NfcAdapter$OnNdefPushCompleteCallback;'
W/dalvikvm(  404): Link of class 'Lcn/wps/moffice/common/beans/k$1;' failed
E/dalvikvm(  404): Could not find class 'cn.wps.moffice.common.beans.k$1', referenced from method cn.wps.moffice.common.beans.k.<init>
W/dalvikvm(  404): VFY: unable to resolve new-instance 1597 (Lcn/wps/moffice/common/beans/k$1;) in Lcn/wps/moffice/common/beans/k;
D/dalvikvm(  404): VFY: replacing opcode 0x22 at 0x0039
I/dalvikvm(  404): Failed resolving Lcn/wps/moffice/common/beans/k$3; interface 538 'Landroid/nfc/NfcAdapter$CreateBeamUrisCallback;'
W/dalvikvm(  404): Link of class 'Lcn/wps/moffice/common/beans/k$3;' failed
E/dalvikvm(  404): Could not find class 'cn.wps.moffice.common.beans.k$3', referenced from method cn.wps.moffice.common.beans.k.<init>
W/dalvikvm(  404): VFY: unable to resolve new-instance 1599 (Lcn/wps/moffice/common/beans/k$3;) in Lcn/wps/moffice/common/beans/k;
D/dalvikvm(  404): VFY: replacing opcode 0x22 at 0x0070
D/dalvikvm(  404): VFY: dead code 0x003b-005c in Lcn/wps/moffice/common/beans/k;.<init> (Landroid/app/Activity;)V
D/dalvikvm(  404): VFY: dead code 0x0072-0079 in Lcn/wps/moffice/common/beans/k;.<init> (Landroid/app/Activity;)V
D/water   (  404): packageName: cn.wps.moffice_eng
D/dalvikvm(  404): GetFieldID: unable to find field Ljava/util/HashMap;.loadFactor:F
D/dalvikvm(  404): GetFieldID: unable to find field Ljava/util/HashMap;.loadFactor:F
D/dalvikvm(  404): GetFieldID: unable to find field Ljava/util/HashMap;.loadFactor:F
D/dalvikvm(  404): GetFieldID: unable to find field Ljava/util/HashMap;.loadFactor:F
D/dalvikvm(  404): GetFieldID: unable to find field Ljava/util/HashMap;.loadFactor:F
D/dalvikvm(  404): GetFieldID: unable to find field Ljava/util/HashMap;.loadFactor:F
D/dalvikvm(  404): GC_CONCURRENT freed 531K, 47% free 3591K/6727K, external 3121K/3694K, paused 3ms+4ms
D/dalvikvm(  404): GetFieldID: unable to find field Ljava/util/HashMap;.loadFactor:F
D/dalvikvm(  404): GetFieldID: unable to find field Ljava/util/HashMap;.loadFactor:F
D/dalvikvm(  404): GetFieldID: unable to find field Ljava/util/HashMap;.loadFactor:F
D/dalvikvm(  404): GetFieldID: unable to find field Ljava/util/HashMap;.loadFactor:F
D/dalvikvm(  404): GC_EXTERNAL_ALLOC freed 346K, 48% free 3594K/6791K, external 3121K/3694K, paused 52ms
D/dalvikvm(  404): GC_EXTERNAL_ALLOC freed 170K, 48% free 3595K/6855K, external 3545K/4295K, paused 49ms
D/dalvikvm(  404): GC_EXTERNAL_ALLOC freed 108K, 48% free 3570K/6855K, external 5130K/5130K, paused 51ms
E/        (  404): IOException
E/        (  404): java.io.FileNotFoundException: /data/data/cn.wps.moffice_eng/app_dex/dex_spreadsheet.jar (Permission denied)
E/        (  404): 	at org.apache.harmony.luni.platform.OSFileSystem.open(Native Method)
E/        (  404): 	at dalvik.system.BlockGuard$WrappedFileSystem.open(BlockGuard.java:232)
E/        (  404): 	at java.io.FileInputStream.<init>(FileInputStream.java:80)
E/        (  404): 	at cn.wps.moffice.common.beans.ActivityController.c(Unknown Source)
E/        (  404): 	at cn.wps.moffice.common.beans.ActivityController.e(Unknown Source)
E/        (  404): 	at dpl.cG(Unknown Source)
E/        (  404): 	at cn.wps.moffice.documentmanager.DocumentManager$f$a.run(Unknown Source)
E/        (  404): IOException
E/        (  404): java.io.FileNotFoundException: /data/data/cn.wps.moffice_eng/app_dex/dex_presentation.jar (Permission denied)
E/        (  404): 	at org.apache.harmony.luni.platform.OSFileSystem.open(Native Method)
E/        (  404): 	at dalvik.system.BlockGuard$WrappedFileSystem.open(BlockGuard.java:232)
E/        (  404): 	at java.io.FileInputStream.<init>(FileInputStream.java:80)
E/        (  404): 	at cn.wps.moffice.common.beans.ActivityController.c(Unknown Source)
E/        (  404): 	at cn.wps.moffice.common.beans.ActivityController.e(Unknown Source)
E/        (  404): 	at dpl.cH(Unknown Source)
E/        (  404): 	at cn.wps.moffice.documentmanager.DocumentManager$e$a.run(Unknown Source)
W/ResourceType(   61): Skipping entry 0x7f040000 in package table 0 because it is not complex!
W/ResourceType(   61): Skipping entry 0x7f040017 in package table 0 because it is not complex!
I/ARMAssembler(   61): generated scanline__00000177:03515104_00001002_00000000 [ 87 ipp] (110 ins) at [0x44c7e6f0:0x44c7e8a8] in 1257248 ns
I/ActivityManager(   61): Displayed cn.wps.moffice_eng/cn.wps.moffice.documentmanager.DocumentManager: +3s471ms (total +4s467ms)
D/inject  (  454): [+] The pid of cn.wps.moffice_eng: 404
D/inject  (  454): [+] Injecting process: 404
D/inject  (  454): [+] get_remote_addr: local[afd00000], remote[afd00000]
D/inject  (  454): [+] Remote mmap address: afd170cd
D/inject  (  454): [+] Calling mmap in target process.
D/inject  (  454): [+] Target process returned from mmap, return value=4521b000, pc=0 
D/inject  (  454): [+] get_remote_addr: local[b0001000], remote[b0001000]
D/inject  (  454): [+] get_remote_addr: local[b0001000], remote[b0001000]
D/inject  (  454): [+] get_remote_addr: local[b0001000], remote[b0001000]
D/inject  (  454): [+] Get imports: dlopen: b00059bd, dlsym: b0005915, dlclose: b0005849
D/inject  (  454): [+] Inject code start: c008, end: c084
D/inject  (  454): [+] _dlopen_param1_s: 4521ec9c
D/inject  (  454): [+] _dlsym_param2_s: 4521ed9c
D/inject  (  454): [+] _saved_r0_pc_s: 4521ee9c
D/inject  (  454): [+] _inject_function_param_s: 4521ef9c
D/inject  (  454): [+] Remote shellcode address: 4521ec00
D/inject  (  454): [+] Process Detach: 10
D/inject  (  404): hello ARM! I'm parameter1324! pid:404
D/inject  (  404): The Handle of libhook_open: b000d2b0
D/inject  (  404): find it pre 0
D/inject  (  404): find it 80601350
D/inject  (  404): [+] aaaaaaa do_hook function is invoked 
D/inject  (  404): [+] open addr: 0xafd17111. New addr 0x80601258
D/inject  (  404): [+] just for test info 
D/inject  (  404): [+] set ok 
D/inject  (  404): [+] Get the persist.sys.test  bbbbbbbb
D/inject  (  404): [+] just for test print old_open address 0xafd17111
D/inject  (  404): [+] just for test print new_open address 0x80601258
D/inject  (  404): [+] Get old address global  afd17111
D/inject  (  404): [+] Get new address global  80601258
D/inject  (  404): [+] binder path ad100000
D/inject  (  404): [+] Section header table file offset 2e23c
D/inject  (  404): [+] Section header table entry count 15
D/inject  (  404): [+] Section header table entry size 28
D/inject  (  404): [+] Section header string table index 14
D/inject  (  404): [+] Object file type 3
D/inject  (  404): [+] Object file version 1
D/inject  (  404): [+] Out_addr in GOT table before 0
D/inject  (  404): [+] Out_size of func in GOT table before 0
D/inject  (  404): [+] Out_addr in GOT table ad12c138
D/inject  (  404): [+] Out_size of func in GOT table 8c4
D/inject  (  404): [+] Out_addr in GOT table ad12c138
D/inject  (  404): [+] Out_size of func in GOT table 8c4
D/inject  (  404): [+] Out_addr in GOT afd4d5c8
D/inject  (  404): [+] old open address 20000 afd17111
D/inject  (  404): [+] Out_addr in GOT 464c457f
D/inject  (  404): [+] target pid 194
D/inject  (  404): [+] old open address 22223 afd17111
D/inject  (  404): [+] Find got_item ff 
D/inject  (  404): [+] old open address 3333 afd17111
D/inject  (  404): [+] old open address 3333 afffffff
D/inject  (  404): [+] new open address 3333 80601258
D/inject  (  404): [+] new open address 3333 80601258
D/inject  (  404): [+] Find got item afd4d5c8 
D/inject  (  404): [+] Find got item ad12e2a4 
D/inject  (  404): [+] Find got item ad12e28c 
D/inject  (  404): [+] Find got item ad12e268 
D/inject  (  404): [+] Find got item ad12e258 
D/inject  (  404): [+] Find got item afd4631c 
D/inject  (  404): [+] Find got item ad12e298 
D/inject  (  404): [+] Find got item ad12e250 
D/inject  (  404): [+] Find got item ad12e280 
D/inject  (  404): [+] Find got item ad12e294 
D/inject  (  404): [+] Find got item ad12e260 
D/inject  (  404): [+] Find got item ad12e278 
D/inject  (  404): [+] Find got item afd415c0 
D/inject  (  404): [+] Find got item ad12e2a8 
D/inject  (  404): [+] Find got item ad12e274 
D/inject  (  404): [+] Find got item ad12e27c 
D/inject  (  404): [+] Find got item ad12e248 
D/inject  (  404): [+] Find got item ad12e2a0 
D/inject  (  404): [+] Find got item ad12e25c 
D/inject  (  404): [+] Find got item ad12e270 
D/inject  (  404): [+] Find got item ad12e288 
D/inject  (  404): [+] Find got item ad12e264 
D/inject  (  404): [+] Find got item ad12e284 
D/inject  (  404): [+] Find got item ad9bc7f1 
D/inject  (  404): [+] Find got item ad9bc7f9 
D/inject  (  404): [+] Find got item ade45f55 
D/inject  (  404): [+] Find got item ade45f69 
D/inject  (  404): [+] Find got item ad9bb339 
D/inject  (  404): [+] Find got item ad9bb341 
D/inject  (  404): [+] Find got item ad9b481d 
D/inject  (  404): [+] Find got item ad9b4831 
D/inject  (  404): [+] Find got item ad9a5561 
D/inject  (  404): [+] Find got item ad9a5569 
D/inject  (  404): [+] Find got item ade31305 
D/inject  (  404): [+] Find got item ade3130d 
D/inject  (  404): [+] Find got item ad12e240 
D/inject  (  404): [+] Find got item ad12e244 
D/inject  (  404): [+] Find got item ad12e24c 
D/inject  (  404): [+] Find got item ad12e254 
D/inject  (  404): [+] Find got item ad12e26c 
D/inject  (  404): [+] Find got item ad12e290 
D/inject  (  404): [+] Find got item ad12e29c 
D/inject  (  404): [+] Find got item ade5f751 
D/inject  (  404): [+] Find got item ade5f749 
D/inject  (  404): [+] Find got item ade5f74d 
D/inject  (  404): [+] Find got item adec6b68 
D/inject  (  404): [+] Find got item ad12ca00 
D/inject  (  404): [+] Find got item afd42610 
D/inject  (  404): [+] Find got item 0 
D/inject  (  404): [+] Find got item 0 
D/inject  (  404): [+] Find got item 0 
D/inject  (  404): [+] Find got item afd2092d 
D/inject  (  404): [+] Find got item afd19c3d 
D/inject  (  404): [+] Find got item afd20a45 
D/inject  (  404): [+] Find got item af9038e5 
D/inject  (  404): [+] Find got item afd28321 
D/inject  (  404): [+] Find got item af9037b1 
D/inject  (  404): [+] Find got item afd1c87d 
D/inject  (  404): [+] Find got item ade3a295 
D/inject  (  404): [+] Find got item ade394bd 
D/inject  (  404): [+] Find got item ade39c31 
D/inject  (  404): [+] Find got item ad9a4ef5 
D/inject  (  404): [+] Find got item ad96a6b1 
D/inject  (  404): [+] Find got item ade39141 
D/inject  (  404): [+] Find got item ad99e381 
D/inject  (  404): [+] Find got item ad96a3f1 
D/inject  (  404): [+] Find got item ad99d059 
D/inject  (  404): [+] Find got item ade256f1 
D/inject  (  404): [+] Find got item ad9a3e51 
D/inject  (  404): [+] Find got item ad9a3839 
D/inject  (  404): [+] Find got item afd25c95 
D/inject  (  404): [+] Find got item afd11fbd 
D/inject  (  404): [+] Find got item afd17049 
D/inject  (  404): [+] Find got item afd0bba0 
D/inject  (  404): [+] Find got item afd0bad0 
D/inject  (  404): [+] Find got item afd0e3e0 
D/inject  (  404): [+] Find got item afd0e3f4 
D/inject  (  404): [+] Find got item afd29855 
D/inject  (  404): [+] Find got item afd0bc40 
D/inject  (  404): [+] Find got item afc009e1 
D/inject  (  404): [+] Find got item afd0bc00 
D/inject  (  404): [+] Find got item afc009c1 
D/inject  (  404): [+] Find got item afd0bbe0 
D/inject  (  404): [+] Find got item afd14de4 
D/inject  (  404): [+] Find got item afd20859 
D/inject  (  404): [+] Find got item afc009e9 
D/inject  (  404): [+] Find got item afd172fd 
D/inject  (  404): [+] Find got item afd3742d 
D/inject  (  404): [+] Find got item afd17249 
D/inject  (  404): [+] Find got item afd171a1 
D/inject  (  404): [+] Find got item afc009c9 
D/inject  (  404): [+] Find got item afd17ac5 
D/inject  (  404): [+] Find got item afd0bc80 
D/inject  (  404): [+] Find got item afd19a49 
D/inject  (  404): [+] Find got item afd17111 
D/inject  (  404): [+] Find open and replace 
D/inject  (  404): [+]-----------open test txt file-----------
D/inject  (  404): [+] The New open path /mnt/sdcard/KingsoftOffice/.history/.nomedia/10ca354419e828a281119d7494f3c81f.png
D/inject  (  404): [+] The New open count 1
D/inject  (  404): [+] The old openfile fd 53
D/inject  (  404): [+]-----------open test txt file-----------
D/inject  (  404): [+] The New open path /mnt/sdcard/KingsoftOffice/.history/.nomedia/10ca354419e828a281119d7494f3c81f.png
D/inject  (  404): [+] The New open count 2
D/inject  (  404): [+] The old openfile fd 53
D/dalvikvm(  404): GC_EXTERNAL_ALLOC freed 668K, 45% free 4019K/7303K, external 4959K/5366K, paused 58ms
D/inject  (  404): [+]-----------open test txt file-----------
D/inject  (  404): [+] The New open path /mnt/sdcard/KingsoftOffice/.history/.nomedia/c45b3b93dbfb9bc822020040c83d2145.png
D/inject  (  404): [+] The New open count 3
D/inject  (  404): [+] The old openfile fd 45
D/inject  (  404): [+]-----------open test txt file-----------
D/inject  (  404): [+] The New open path /mnt/sdcard/KingsoftOffice/.history/.nomedia/c45b3b93dbfb9bc822020040c83d2145.png
D/inject  (  404): [+] The New open count 4
D/inject  (  404): [+] The old openfile fd 45
D/dalvikvm(  404): GC_EXTERNAL_ALLOC freed 255K, 48% free 3857K/7303K, external 6545K/6574K, paused 51ms
D/inject  (  404): [+]-----------open test txt file-----------
D/inject  (  404): [+] The New open path /mnt/sdcard/KingsoftOffice/.history/.nomedia/ab189525c7e6b00c55c498d80f7d9fbf.png
D/inject  (  404): [+] The New open count 5
D/inject  (  404): [+] The old openfile fd 45
D/inject  (  404): [+]-----------open test txt file-----------
D/inject  (  404): [+] The New open path /mnt/sdcard/KingsoftOffice/.history/.nomedia/ab189525c7e6b00c55c498d80f7d9fbf.png
D/inject  (  404): [+] The New open count 6
D/inject  (  404): [+] The old openfile fd 45
D/dalvikvm(  404): GC_EXTERNAL_ALLOC freed 80K, 48% free 3867K/7303K, external 6850K/6955K, paused 49ms
D/inject  (  404): [+]-----------open test txt file-----------
D/inject  (  404): [+] The New open path /mnt/sdcard/KingsoftOffice/.history/.nomedia/255b33a7e966eec4c33af01fa9395c5f.png
D/inject  (  404): [+] The New open count 7
D/inject  (  404): [+] The old openfile fd 45
D/inject  (  404): [+]-----------open test txt file-----------
D/inject  (  404): [+] The New open path /mnt/sdcard/KingsoftOffice/.history/.nomedia/255b33a7e966eec4c33af01fa9395c5f.png
D/inject  (  404): [+] The New open count 8
D/inject  (  404): [+] The old openfile fd 45
D/dalvikvm(  404): GC_EXTERNAL_ALLOC freed 80K, 47% free 3878K/7303K, external 7155K/7336K, paused 49ms
D/inject  (  404): [+]-----------open test txt file-----------
D/inject  (  404): [+] The New open path /mnt/sdcard/KingsoftOffice/.history/.nomedia/2cf17f35fc9362e4f5a745323b2f8903.png
D/inject  (  404): [+] The New open count 9
D/inject  (  404): [+] The old openfile fd 45
D/inject  (  404): [+]-----------open test txt file-----------
D/inject  (  404): [+] The New open path /mnt/sdcard/KingsoftOffice/.history/.nomedia/2cf17f35fc9362e4f5a745323b2f8903.png
D/inject  (  404): [+] The New open count 10
D/inject  (  404): [+] The old openfile fd 45
I/dalvikvm(  404): Jit: resizing JitTable from 512 to 1024
D/inject  (  404): [+]-----------open test txt file-----------
D/inject  (  404): [+] The New open path /data/data/cn.wps.moffice_eng/files/AppPersistence
D/inject  (  404): [+] The New open count 11
D/inject  (  404): [+] The old openfile fd 45
D/dalvikvm(  404): GetFieldID: unable to find field Ljava/util/HashMap;.loadFactor:F
D/inject  (  404): [+]-----------open test txt file-----------
D/inject  (  404): [+] The New open path /data/data/cn.wps.moffice_eng/files/AppPersistence
D/inject  (  404): [+] The New open count 12
D/inject  (  404): [+] The old openfile fd 45
D/inject  (  404): [+]-----------open test txt file-----------
D/inject  (  404): [+] The New open path /data/data/cn.wps.moffice_eng/files/AppPersistence
D/inject  (  404): [+] The New open count 13
D/inject  (  404): [+] The old openfile fd 45
D/dalvikvm(  404): GetFieldID: unable to find field Ljava/util/HashMap;.loadFactor:F
D/inject  (  404): [+]-----------open test txt file-----------
D/inject  (  404): [+] The New open path /data/data/cn.wps.moffice_eng/files/AppPersistence
D/inject  (  404): [+] The New open count 14
D/inject  (  404): [+] The old openfile fd 45
D/inject  (  404): [+]-----------open test txt file-----------
D/inject  (  404): [+] The New open path /data/data/cn.wps.moffice_eng/files/AppPersistence
D/inject  (  404): [+] The New open count 15
D/inject  (  404): [+] The old openfile fd 45
D/dalvikvm(  404): GetFieldID: unable to find field Ljava/util/HashMap;.loadFactor:F
I/ActivityManager(   61): Starting: Intent { cmp=cn.wps.moffice_eng/cn.wps.moffice.startactivity.writer.StartWriterActivity1 (has extras) } from pid 404
I/ActivityManager(   61): Start proc cn.wps.moffice_eng:writer1 for activity cn.wps.moffice_eng/cn.wps.moffice.startactivity.writer.StartWriterActivity1: pid=464 uid=10037 gids={3003, 1015}
D/dalvikvm(  464): GetFieldID: unable to find field Ljava/util/HashMap;.loadFactor:F
D/dalvikvm(  464): GetFieldID: unable to find field Ljava/util/HashMap;.loadFactor:F
D/dalvikvm(  464): GetFieldID: unable to find field Ljava/util/HashMap;.loadFactor:F
I/ActivityManager(   61): Starting: Intent { cmp=cn.wps.moffice_eng/cn.wps.moffice.writer.Writer1 (has extras) } from pid 464
D/dalvikvm(  464): GC_EXTERNAL_ALLOC freed 625K, 50% free 3305K/6535K, external 2131K/2137K, paused 60ms
D/dalvikvm(  464): GC_EXTERNAL_ALLOC freed 41K, 50% free 3316K/6535K, external 2657K/2675K, paused 46ms
D/dalvikvm(  464): GC_EXTERNAL_ALLOC freed 50K, 48% free 3418K/6535K, external 3330K/3332K, paused 60ms
D/dalvikvm(  464): GetFieldID: unable to find field Ljava/util/HashMap;.loadFactor:F
D/dalvikvm(  464): GetFieldID: unable to find field Ljava/util/HashMap;.loadFactor:F
D/dalvikvm(   61): GREF has increased to 401
I/dalvikvm(  464): Failed resolving Lcn/wps/moffice/common/beans/k$1; interface 540 'Landroid/nfc/NfcAdapter$OnNdefPushCompleteCallback;'
W/dalvikvm(  464): Link of class 'Lcn/wps/moffice/common/beans/k$1;' failed
E/dalvikvm(  464): Could not find class 'cn.wps.moffice.common.beans.k$1', referenced from method cn.wps.moffice.common.beans.k.<init>
W/dalvikvm(  464): VFY: unable to resolve new-instance 1597 (Lcn/wps/moffice/common/beans/k$1;) in Lcn/wps/moffice/common/beans/k;
D/dalvikvm(  464): VFY: replacing opcode 0x22 at 0x0039
I/dalvikvm(  464): Failed resolving Lcn/wps/moffice/common/beans/k$3; interface 538 'Landroid/nfc/NfcAdapter$CreateBeamUrisCallback;'
W/dalvikvm(  464): Link of class 'Lcn/wps/moffice/common/beans/k$3;' failed
E/dalvikvm(  464): Could not find class 'cn.wps.moffice.common.beans.k$3', referenced from method cn.wps.moffice.common.beans.k.<init>
W/dalvikvm(  464): VFY: unable to resolve new-instance 1599 (Lcn/wps/moffice/common/beans/k$3;) in Lcn/wps/moffice/common/beans/k;
D/dalvikvm(  464): VFY: replacing opcode 0x22 at 0x0070
D/dalvikvm(  464): VFY: dead code 0x003b-005c in Lcn/wps/moffice/common/beans/k;.<init> (Landroid/app/Activity;)V
D/dalvikvm(  464): VFY: dead code 0x0072-0079 in Lcn/wps/moffice/common/beans/k;.<init> (Landroid/app/Activity;)V
D/water   (  464): packageName: cn.wps.moffice_eng
D/inject  (  404): [+]-----------open test txt file-----------
D/inject  (  404): [+] The New open path /mnt/sdcard/KingsoftOffice/.history/HistoryRecordDataSource
D/inject  (  404): [+] The New open count 16
D/inject  (  404): [+] The old openfile fd 45
D/inject  (  404): [+]-----------open test txt file-----------
D/inject  (  404): [+] The New open path /mnt/sdcard/documents/test.txt
D/inject  (  404): [+] The New open count 17
D/inject  (  404): [+] test copy file
D/inject  (  404): [+] The old file fd 45
D/inject  (  404): [+] The copy file fd 53
D/inject  (  404): [+] The New open file fd 45
D/dalvikvm(  464): GetFieldID: unable to find field Ljava/util/HashMap;.loadFactor:F
D/inject  (  404): [+]-----------open test txt file-----------
D/inject  (  404): [+] The New open path /data/data/cn.wps.moffice_eng/files/.cloud/.connectionPersistence
D/dalvikvm(  464): GetFieldID: unable to find field Ljava/util/HashMap;.loadFactor:F
D/inject  (  404): [+] The New open count 18
D/inject  (  404): [+] The old openfile fd 45
D/dalvikvm(  464): GC_CONCURRENT freed 491K, 47% free 3631K/6727K, external 3627K/4173K, paused 4ms+4ms
D/dalvikvm(  464): GetFieldID: unable to find field Ljava/util/HashMap;.loadFactor:F
D/dalvikvm(  464): GetFieldID: unable to find field Ljava/util/HashMap;.loadFactor:F
D/dalvikvm(  464): GC_EXTERNAL_ALLOC freed 758K, 48% free 3792K/7175K, external 3630K/4173K, paused 67ms
D/dalvikvm(  464): GetFieldID: unable to find field Ljava/util/HashMap;.loadFactor:F
D/inject  (  404): [+]-----------open test txt file-----------
D/inject  (  404): [+] The New open path /data/data/cn.wps.moffice_eng/files/lable.db
D/inject  (  404): [+] The New open count 19
D/inject  (  404): [+] The old openfile fd 45
D/dalvikvm(  464): GC_EXTERNAL_ALLOC freed 483K, 46% free 3922K/7175K, external 4951K/6132K, paused 69ms
D/dalvikvm(  464): GetFieldID: unable to find field Ljava/util/HashMap;.loadFactor:F
D/dalvikvm(  464): GetFieldID: unable to find field Ljava/util/HashMap;.loadFactor:F
D/dalvikvm(  464): GC_EXTERNAL_ALLOC freed 137K, 45% free 4008K/7175K, external 6739K/7782K, paused 127ms
D/inject  (  404): [+]-----------open test txt file-----------
D/inject  (  404): [+] The New open path /data/data/cn.wps.moffice_eng/files/lable.db
D/inject  (  404): [+] The New open count 20
D/inject  (  404): [+] The old openfile fd 45
I/ActivityManager(   61): Displayed cn.wps.moffice_eng/cn.wps.moffice.writer.Writer1: +4s108ms (total +5s57ms)
W/InputManagerService(   61): Starting input on non-focused client com.android.internal.view.IInputMethodClient$Stub$Proxy@40752340 (uid=10037 pid=404)
D/inject  (  404): [+]-----------open test txt file-----------
D/inject  (  404): [+] The New open path /data/data/cn.wps.moffice_eng/files/_localRecord
D/inject  (  404): [+] The New open count 21
D/inject  (  404): [+] The old openfile fd 45
D/inject  (  404): [+]-----------open test txt file-----------
D/inject  (  404): [+] The New open path /data/data/cn.wps.moffice_eng/files/_localRecord
D/inject  (  404): [+] The New open count 22
D/inject  (  404): [+] The old openfile fd 45
D/inject  (  404): [+]-----------open test txt file-----------
D/inject  (  404): [+] The New open path /mnt/sdcard/KingsoftOffice/.history/.nomedia/255b33a7e966eec4c33af01fa9395c5f.png
D/inject  (  404): [+] The New open count 23
D/inject  (  404): [+] The old openfile fd 45
D/inject  (  404): [+]-----------open test txt file-----------
D/inject  (  404): [+] The New open path /mnt/sdcard/KingsoftOffice/.history/.nomedia/255b33a7e966eec4c33af01fa9395c5f.png
D/inject  (  404): [+] The New open count 24
D/inject  (  404): [+] The old openfile fd 45
D/dalvikvm(  404): GC_EXTERNAL_ALLOC freed 543K, 47% free 3948K/7367K, external 4963K/6198K, paused 210ms
D/inject  (  404): [+]-----------open test txt file-----------
D/inject  (  404): [+] The New open path /mnt/sdcard/KingsoftOffice/.history/.nomedia/2cf17f35fc9362e4f5a745323b2f8903.png
D/inject  (  404): [+] The New open count 25
D/inject  (  404): [+] The old openfile fd 45
D/inject  (  404): [+]-----------open test txt file-----------
D/inject  (  404): [+] The New open path /mnt/sdcard/KingsoftOffice/.history/.nomedia/2cf17f35fc9362e4f5a745323b2f8903.png
D/inject  (  404): [+] The New open count 26
D/inject  (  404): [+] The old openfile fd 45
D/dalvikvm(  404): GC_EXTERNAL_ALLOC freed 129K, 47% free 3908K/7367K, external 5211K/5629K, paused 165ms
D/inject  (  404): [+]-----------open test txt file-----------
D/inject  (  404): [+] The New open path /mnt/sdcard/KingsoftOffice/.history/.nomedia/ab189525c7e6b00c55c498d80f7d9fbf.png
D/inject  (  404): [+] The New open count 27
D/inject  (  404): [+] The old openfile fd 45
D/inject  (  404): [+]-----------open test txt file-----------
D/inject  (  404): [+] The New open path /mnt/sdcard/KingsoftOffice/.history/.nomedia/ab189525c7e6b00c55c498d80f7d9fbf.png
D/inject  (  404): [+] The New open count 28
D/inject  (  404): [+] The old openfile fd 45
D/dalvikvm(  404): GC_EXTERNAL_ALLOC freed 45K, 47% free 3947K/7367K, external 4963K/6198K, paused 156ms
D/inject  (  404): [+]-----------open test txt file-----------
D/inject  (  404): [+] The New open path /data/data/cn.wps.moffice_eng/files/_localRecord
D/inject  (  404): [+] The New open count 29
D/inject  (  404): [+] The old openfile fd 45
D/inject  (  404): [+]-----------open test txt file-----------
D/inject  (  404): [+] The New open path /data/data/cn.wps.moffice_eng/files/_localRecord
D/inject  (  404): [+] The New open count 30
D/inject  (  404): [+] The old openfile fd 45
D/inject  (  404): [+]-----------open test txt file-----------
D/inject  (  404): [+] The New open path /mnt/sdcard/KingsoftOffice/.history/.nomedia/255b33a7e966eec4c33af01fa9395c5f.png
D/inject  (  404): [+] The New open count 31
D/inject  (  404): [+] The old openfile fd 45
D/inject  (  404): [+]-----------open test txt file-----------
D/inject  (  404): [+] The New open path /mnt/sdcard/KingsoftOffice/.history/.nomedia/255b33a7e966eec4c33af01fa9395c5f.png
D/inject  (  404): [+] The New open count 32
D/inject  (  404): [+] The old openfile fd 45
D/dalvikvm(  464): GC_EXTERNAL_ALLOC freed 536K, 44% free 4131K/7303K, external 8922K/9153K, paused 138ms
D/dalvikvm(  404): GC_EXTERNAL_ALLOC freed 238K, 47% free 3947K/7367K, external 4349K/5431K, paused 118ms
D/inject  (  404): [+]-----------open test txt file-----------
D/inject  (  404): [+] The New open path /mnt/sdcard/KingsoftOffice/.history/.nomedia/2cf17f35fc9362e4f5a745323b2f8903.png
D/inject  (  404): [+] The New open count 33
D/inject  (  404): [+] The old openfile fd 45
D/inject  (  404): [+]-----------open test txt file-----------
D/inject  (  404): [+] The New open path /mnt/sdcard/KingsoftOffice/.history/.nomedia/2cf17f35fc9362e4f5a745323b2f8903.png
D/inject  (  404): [+] The New open count 34
D/inject  (  404): [+] The old openfile fd 45
D/dalvikvm(  404): GC_EXTERNAL_ALLOC freed 119K, 47% free 3916K/7367K, external 5211K/5629K, paused 205ms
I/ActivityManager(   61): Starting: Intent { cmp=cn.wps.moffice_eng/cn.wps.moffice.documentmanager.DocumentManager } from pid 464
D/inject  (  404): [+]-----------open test txt file-----------
D/inject  (  404): [+] The New open path /data/data/cn.wps.moffice_eng/files/lable.db
D/inject  (  404): [+] The New open count 35
D/inject  (  404): [+] The old openfile fd 45
D/inject  (  404): [+]-----------open test txt file-----------
D/inject  (  404): [+] The New open path /mnt/sdcard/KingsoftOffice/.history/.nomedia/ab189525c7e6b00c55c498d80f7d9fbf.png
D/inject  (  404): [+] The New open count 36
D/inject  (  404): [+] The old openfile fd 45
D/inject  (  404): [+]-----------open test txt file-----------
D/inject  (  404): [+] The New open path /mnt/sdcard/KingsoftOffice/.history/.nomedia/ab189525c7e6b00c55c498d80f7d9fbf.png
D/inject  (  404): [+] The New open count 37
D/inject  (  404): [+] The old openfile fd 45
D/dalvikvm(  404): GC_EXTERNAL_ALLOC freed 66K, 47% free 3958K/7367K, external 4963K/6198K, paused 56ms
W/ActivityManager(   61): Activity pause timeout for HistoryRecord{40781a50 cn.wps.moffice_eng/cn.wps.moffice.writer.Writer1}
D/inject  (  404): [+]-----------open test txt file-----------
D/inject  (  404): [+] The New open path /data/data/cn.wps.moffice_eng/files/AppPersistence
D/inject  (  404): [+] The New open count 38
D/inject  (  404): [+] The old openfile fd 45
D/dalvikvm(  404): GetFieldID: unable to find field Ljava/util/HashMap;.loadFactor:F
D/inject  (  404): [+]-----------open test txt file-----------
D/inject  (  404): [+] The New open path /data/data/cn.wps.moffice_eng/files/AppPersistence
D/inject  (  404): [+] The New open count 39
D/inject  (  404): [+] The old openfile fd 45
D/dalvikvm(  404): GetFieldID: unable to find field Ljava/util/HashMap;.loadFactor:F
D/inject  (  404): [+]-----------open test txt file-----------
D/inject  (  404): [+] The New open path /data/data/cn.wps.moffice_eng/files/AppPersistence
D/inject  (  404): [+] The New open count 40
D/inject  (  404): [+] The old openfile fd 45
D/dalvikvm(  404): GetFieldID: unable to find field Ljava/util/HashMap;.loadFactor:F
D/inject  (  404): [+]-----------open test txt file-----------
D/inject  (  404): [+] The New open path /data/data/cn.wps.moffice_eng/files/AppPersistence
D/inject  (  404): [+] The New open count 41
D/inject  (  404): [+] The old openfile fd 45
D/dalvikvm(  404): GetFieldID: unable to find field Ljava/util/HashMap;.loadFactor:F
D/inject  (  404): [+]-----------open test txt file-----------
D/inject  (  404): [+] The New open path /data/data/cn.wps.moffice_eng/files/AppPersistence
D/inject  (  404): [+] The New open count 42
D/inject  (  404): [+] The old openfile fd 45
D/inject  (  404): [+]-----------open test txt file-----------
D/inject  (  404): [+] The New open path /data/data/cn.wps.moffice_eng/files/AppPersistence
D/inject  (  404): [+] The New open count 43
D/inject  (  404): [+] The old openfile fd 45
D/dalvikvm(  404): GetFieldID: unable to find field Ljava/util/HashMap;.loadFactor:F
D/inject  (  404): [+]-----------open test txt file-----------
D/inject  (  404): [+] The New open path /data/data/cn.wps.moffice_eng/files/AppPersistence
D/inject  (  404): [+] The New open count 44
D/inject  (  404): [+] The old openfile fd 45
D/dalvikvm(  404): GetFieldID: unable to find field Ljava/util/HashMap;.loadFactor:F
D/inject  (  404): [+]-----------open test txt file-----------
D/inject  (  404): [+] The New open path /data/data/cn.wps.moffice_eng/files/AppPersistence
D/inject  (  404): [+] The New open count 45
D/inject  (  404): [+] The old openfile fd 45
D/dalvikvm(  404): GetFieldID: unable to find field Ljava/util/HashMap;.loadFactor:F
D/inject  (  404): [+]-----------open test txt file-----------
D/inject  (  404): [+] The New open path /data/data/cn.wps.moffice_eng/files/AppPersistence
D/inject  (  404): [+] The New open count 46
D/inject  (  404): [+] The old openfile fd 45
D/inject  (  404): [+]-----------open test txt file-----------
D/inject  (  404): [+] The New open path /data/data/cn.wps.moffice_eng/files/_localRecord
D/inject  (  404): [+] The New open count 47
D/inject  (  404): [+] The old openfile fd 45
D/inject  (  404): [+]-----------open test txt file-----------
D/inject  (  404): [+] The New open path /data/data/cn.wps.moffice_eng/files/_localRecord
D/inject  (  404): [+] The New open count 48
D/inject  (  404): [+] The old openfile fd 45
D/inject  (  404): [+]-----------open test txt file-----------
D/inject  (  404): [+] The New open path /data/data/cn.wps.moffice_eng/files/AppPersistence
D/inject  (  404): [+] The New open count 49
D/inject  (  404): [+] The old openfile fd 45
D/dalvikvm(  404): GetFieldID: unable to find field Ljava/util/HashMap;.loadFactor:F
D/inject  (  404): [+]-----------open test txt file-----------
D/inject  (  404): [+] The New open path /data/data/cn.wps.moffice_eng/files/AppPersistence
D/inject  (  404): [+] The New open count 50
D/inject  (  404): [+] The old openfile fd 45
D/dalvikvm(  404): GetFieldID: unable to find field Ljava/util/HashMap;.loadFactor:F
D/inject  (  404): [+]-----------open test txt file-----------
D/inject  (  404): [+] The New open path /data/data/cn.wps.moffice_eng/files/AppPersistence
D/inject  (  404): [+] The New open count 51
D/inject  (  404): [+] The old openfile fd 45
D/inject  (  404): [+]-----------open test txt file-----------
D/inject  (  404): [+] The New open path /mnt/sdcard/KingsoftOffice/.history/.nomedia/255b33a7e966eec4c33af01fa9395c5f.png
D/inject  (  404): [+] The New open count 52
D/inject  (  404): [+] The old openfile fd 45
D/inject  (  404): [+]-----------open test txt file-----------
D/inject  (  404): [+] The New open path /mnt/sdcard/KingsoftOffice/.history/.nomedia/255b33a7e966eec4c33af01fa9395c5f.png
D/inject  (  404): [+] The New open count 53
D/inject  (  404): [+] The old openfile fd 45
D/dalvikvm(  404): GC_EXTERNAL_ALLOC freed 324K, 46% free 3979K/7367K, external 4349K/5431K, paused 57ms
D/inject  (  404): [+]-----------open test txt file-----------
D/inject  (  404): [+] The New open path /mnt/sdcard/KingsoftOffice/.history/.nomedia/2cf17f35fc9362e4f5a745323b2f8903.png
D/inject  (  404): [+] The New open count 54
D/inject  (  404): [+] The old openfile fd 45
D/inject  (  404): [+]-----------open test txt file-----------
D/inject  (  404): [+] The New open path /mnt/sdcard/KingsoftOffice/.history/.nomedia/2cf17f35fc9362e4f5a745323b2f8903.png
D/inject  (  404): [+] The New open count 55
D/inject  (  404): [+] The old openfile fd 45
D/dalvikvm(  404): GC_EXTERNAL_ALLOC freed 119K, 47% free 3949K/7367K, external 5211K/5629K, paused 50ms
D/inject  (  404): [+]-----------open test txt file-----------
D/inject  (  404): [+] The New open path /mnt/sdcard/KingsoftOffice/.history/.nomedia/ab189525c7e6b00c55c498d80f7d9fbf.png
D/inject  (  404): [+] The New open count 56
D/inject  (  404): [+] The old openfile fd 45
D/inject  (  404): [+]-----------open test txt file-----------
D/inject  (  404): [+] The New open path /mnt/sdcard/KingsoftOffice/.history/.nomedia/ab189525c7e6b00c55c498d80f7d9fbf.png
D/inject  (  404): [+] The New open count 57
D/inject  (  404): [+] The old openfile fd 45
D/dalvikvm(  404): GC_EXTERNAL_ALLOC freed 42K, 46% free 3991K/7367K, external 4963K/6198K, paused 53ms
W/InputManagerService(   61): Starting input on non-focused client com.android.internal.view.IInputMethodClient$Stub$Proxy@40773700 (uid=10037 pid=464)
W/IInputConnectionWrapper(  464): showStatusIcon on inactive InputConnection
D/inject  (  404): [+]-----------open test txt file-----------
D/inject  (  404): [+] The New open path /data/data/cn.wps.moffice_eng/files/.cloud/cloudsetting
D/inject  (  404): [+] The New open count 58
D/inject  (  404): [+] The old openfile fd 45
I/System.out(  404): flushRecord:f88f681f-f3cd-41aa-ae9b-7557bba0320e
D/inject  (  404): [+]-----------open test txt file-----------
D/inject  (  404): [+] The New open path /mnt/sdcard/Android/data/cn.wps.moffice_eng/cache/KingsoftOffice/file/.timeBox/HistoryRecord/records/f88f681f-f3cd-41aa-ae9b-7557bba0320e
D/inject  (  404): [+] The New open count 59
D/inject  (  404): [+]-----------open test txt file-----------
D/inject  (  404): [+] The old openfile fd 45
D/inject  (  404): [+] The New open path /data/data/cn.wps.moffice_eng/files/.cloud/cloudsetting
D/inject  (  404): [+] The New open count 60
D/inject  (  404): [+] The old openfile fd 53
D/inject  (  404): [+]-----------open test txt file-----------
D/inject  (  404): [+] The New open path /mnt/sdcard/Android/data/cn.wps.moffice_eng/cache/KingsoftOffice/file/.timeBox/HistoryRecord/persistence/records_upload_list
D/inject  (  404): [+] The New open count 61
D/inject  (  404): [+] The old openfile fd 45
D/inject  (  404): [+]-----------open test txt file-----------
D/inject  (  404): [+] The New open path /mnt/sdcard/Android/data/cn.wps.moffice_eng/cache/KingsoftOffice/file/.timeBox/HistoryRecord/persistence/records_upload_list
D/inject  (  404): [+] The New open count 62
D/inject  (  404): [+] The old openfile fd 45
D/inject  (  404): [+]-----------open test txt file-----------
D/inject  (  404): [+] The New open path /data/data/cn.wps.moffice_eng/files/.cloud/cloudsetting
D/inject  (  404): [+] The New open count 63
D/inject  (  404): [+] The old openfile fd 45
D/inject  (  404): [+]-----------open test txt file-----------
D/inject  (  404): [+] The New open path /data/data/cn.wps.moffice_eng/files/.cloud/cloudsetting
D/inject  (  404): [+] The New open count 64
D/inject  (  404): [+] The old openfile fd 45
D/inject  (  404): [+]-----------open test txt file-----------
D/inject  (  404): [+] The New open path /mnt/sdcard/KingsoftOffice/.history/.nomedia/c45b3b93dbfb9bc822020040c83d2145.png
D/inject  (  404): [+] The New open count 65
D/inject  (  404): [+] The old openfile fd 45
D/inject  (  404): [+]-----------open test txt file-----------
D/inject  (  404): [+] The New open path /mnt/sdcard/KingsoftOffice/.history/.nomedia/c45b3b93dbfb9bc822020040c83d2145.png
D/inject  (  404): [+] The New open count 66
D/inject  (  404): [+] The old openfile fd 45
D/dalvikvm(  404): GC_EXTERNAL_ALLOC freed 315K, 46% free 4014K/7367K, external 5317K/6579K, paused 54ms
D/inject  (  404): [+]-----------open test txt file-----------
D/inject  (  404): [+] The New open path /mnt/sdcard/KingsoftOffice/.history/.nomedia/10ca354419e828a281119d7494f3c81f.png
D/inject  (  404): [+] The New open count 67
D/inject  (  404): [+] The old openfile fd 45
D/inject  (  404): [+]-----------open test txt file-----------
D/inject  (  404): [+] The New open path /mnt/sdcard/KingsoftOffice/.history/.nomedia/10ca354419e828a281119d7494f3c81f.png
D/inject  (  404): [+] The New open count 68
D/inject  (  404): [+] The old openfile fd 45
D/dalvikvm(  404): GC_EXTERNAL_ALLOC freed 118K, 46% free 3987K/7367K, external 6894K/7010K, paused 50ms
D/inject  (  404): [+]-----------open test txt file-----------
D/inject  (  404): [+] The New open path /mnt/sdcard/KingsoftOffice/.history/.nomedia/cf57d42528c896f5dc110829a29eb37e.png
D/inject  (  404): [+] The New open count 69
D/inject  (  404): [+] The old openfile fd 45
D/inject  (  404): [+]-----------open test txt file-----------
D/inject  (  404): [+] The New open path /mnt/sdcard/KingsoftOffice/.history/.nomedia/cf57d42528c896f5dc110829a29eb37e.png
D/inject  (  404): [+] The New open count 70
D/inject  (  404): [+] The old openfile fd 45
D/dalvikvm(  404): GC_EXTERNAL_ALLOC freed 80K, 46% free 3998K/7367K, external 7200K/7392K, paused 62ms
D/inject  (  404): [+]-----------open test txt file-----------
D/inject  (  404): [+] The New open path /mnt/sdcard/KingsoftOffice/.history/.nomedia/1057468cb4bfa3919810008c752e146a.png
D/inject  (  404): [+] The New open count 71
D/inject  (  404): [+] The old openfile fd 45
D/inject  (  404): [+]-----------open test txt file-----------
D/inject  (  404): [+] The New open path /mnt/sdcard/KingsoftOffice/.history/.nomedia/1057468cb4bfa3919810008c752e146a.png
D/inject  (  404): [+] The New open count 72
D/inject  (  404): [+] The old openfile fd 45
D/dalvikvm(  404): GC_EXTERNAL_ALLOC freed 100K, 46% free 4009K/7367K, external 7505K/7773K, paused 52ms
D/inject  (  404): [+]-----------open test txt file-----------
D/inject  (  404): [+] The New open path /mnt/sdcard/KingsoftOffice/.history/.nomedia/0f30b1213c967b8722cfb62a03b8ff61.png
D/inject  (  404): [+] The New open count 73
D/inject  (  404): [+] The old openfile fd 45
D/inject  (  404): [+]-----------open test txt file-----------
D/inject  (  404): [+] The New open path /mnt/sdcard/KingsoftOffice/.history/.nomedia/0f30b1213c967b8722cfb62a03b8ff61.png
D/inject  (  404): [+] The New open count 74
D/inject  (  404): [+] The old openfile fd 45
D/inject  (  404): [+]-----------open test txt file-----------
D/inject  (  404): [+] The New open path /data/data/cn.wps.moffice_eng/files/AppPersistence
D/inject  (  404): [+] The New open count 75
D/inject  (  404): [+] The old openfile fd 45
D/dalvikvm(  404): GetFieldID: unable to find field Ljava/util/HashMap;.loadFactor:F
D/inject  (  404): [+]-----------open test txt file-----------
D/inject  (  404): [+] The New open path /data/data/cn.wps.moffice_eng/files/AppPersistence
D/inject  (  404): [+] The New open count 76
D/inject  (  404): [+] The old openfile fd 45
D/inject  (  404): [+]-----------open test txt file-----------
D/inject  (  404): [+] The New open path /data/data/cn.wps.moffice_eng/files/AppPersistence
D/inject  (  404): [+] The New open count 77
D/inject  (  404): [+] The old openfile fd 45
D/dalvikvm(  404): GetFieldID: unable to find field Ljava/util/HashMap;.loadFactor:F
D/inject  (  404): [+]-----------open test txt file-----------
D/inject  (  404): [+] The New open path /data/data/cn.wps.moffice_eng/files/AppPersistence
D/inject  (  404): [+] The New open count 78
D/inject  (  404): [+] The old openfile fd 45
D/inject  (  404): [+]-----------open test txt file-----------
D/inject  (  404): [+] The New open path /data/data/cn.wps.moffice_eng/files/AppPersistence
D/inject  (  404): [+] The New open count 79
D/inject  (  404): [+] The old openfile fd 45
D/dalvikvm(  404): GetFieldID: unable to find field Ljava/util/HashMap;.loadFactor:F
I/ActivityManager(   61): Starting: Intent { cmp=cn.wps.moffice_eng/cn.wps.moffice.startactivity.writer.StartWriterActivity1 (has extras) } from pid 404
I/ActivityManager(   61): Starting: Intent { cmp=cn.wps.moffice_eng/cn.wps.moffice.writer.Writer1 (has extras) } from pid 464
D/dalvikvm(  464): GC_EXTERNAL_ALLOC freed 445K, 44% free 4149K/7303K, external 9375K/9393K, paused 71ms
D/dalvikvm(  464): GetFieldID: unable to find field Ljava/util/HashMap;.loadFactor:F
D/dalvikvm(  464): GetFieldID: unable to find field Ljava/util/HashMap;.loadFactor:F
D/water   (  464): packageName: cn.wps.moffice_eng
D/inject  (  404): [+]-----------open test txt file-----------
D/inject  (  404): [+] The New open path /mnt/sdcard/KingsoftOffice/.history/HistoryRecordDataSource
D/inject  (  404): [+] The New open count 80
D/inject  (  404): [+] The old openfile fd 45
D/inject  (  404): [+]-----------open test txt file-----------
D/inject  (  404): [+] The New open path /mnt/sdcard/documents/testcopy1.txt
D/inject  (  404): [+] The New open count 81
D/inject  (  404): [+] The old openfile fd 45
D/dalvikvm(  464): GetFieldID: unable to find field Ljava/util/HashMap;.loadFactor:F
D/inject  (  404): [+]-----------open test txt file-----------
D/inject  (  404): [+] The New open path /data/data/cn.wps.moffice_eng/files/.cloud/.connectionPersistence
D/inject  (  404): [+] The New open count 82
D/inject  (  404): [+] The old openfile fd 45
D/dalvikvm(  464): GetFieldID: unable to find field Ljava/util/HashMap;.loadFactor:F
D/dalvikvm(  464): GetFieldID: unable to find field Ljava/util/HashMap;.loadFactor:F
D/dalvikvm(  464): GetFieldID: unable to find field Ljava/util/HashMap;.loadFactor:F
D/dalvikvm(  464): GetFieldID: unable to find field Ljava/util/HashMap;.loadFactor:F
D/dalvikvm(  464): GC_CONCURRENT freed 802K, 44% free 4387K/7815K, external 9329K/9872K, paused 9ms+5ms
I/dalvikvm(  464): Jit: resizing JitTable from 512 to 1024
D/inject  (  404): [+]-----------open test txt file-----------
D/inject  (  404): [+] The New open path /data/data/cn.wps.moffice_eng/files/lable.db
D/inject  (  404): [+] The New open count 83
D/inject  (  404): [+] The old openfile fd 45
D/dalvikvm(  464): GC_EXTERNAL_ALLOC freed 267K, 45% free 4315K/7815K, external 9365K/9872K, paused 106ms
D/dalvikvm(  464): GetFieldID: unable to find field Ljava/util/HashMap;.loadFactor:F
D/dalvikvm(  464): GetFieldID: unable to find field Ljava/util/HashMap;.loadFactor:F
D/inject  (  404): [+]-----------open test txt file-----------
D/inject  (  404): [+] The New open path /data/data/cn.wps.moffice_eng/files/lable.db
D/inject  (  404): [+] The New open count 84
D/inject  (  404): [+] The old openfile fd 45
I/ActivityManager(   61): Displayed cn.wps.moffice_eng/cn.wps.moffice.writer.Writer1: +3s37ms (total +3s74ms)
W/InputManagerService(   61): Starting input on non-focused client com.android.internal.view.IInputMethodClient$Stub$Proxy@40752340 (uid=10037 pid=404)
