D/inject  (  404): [+]-----------open test txt file-----------
D/inject  (  404): [+] The New open path /data/data/cn.wps.moffice_eng/files/_localRecord
D/inject  (  404): [+] The New open count 85
D/inject  (  404): [+] The old openfile fd 45
D/inject  (  404): [+]-----------open test txt file-----------
D/inject  (  404): [+] The New open path /data/data/cn.wps.moffice_eng/files/_localRecord
D/inject  (  404): [+] The New open count 86
D/inject  (  404): [+] The old openfile fd 45
D/inject  (  404): [+]-----------open test txt file-----------
D/inject  (  404): [+] The New open path /mnt/sdcard/KingsoftOffice/.history/.nomedia/1057468cb4bfa3919810008c752e146a.png
D/inject  (  404): [+] The New open count 87
D/inject  (  404): [+] The old openfile fd 45
D/inject  (  404): [+]-----------open test txt file-----------
D/inject  (  404): [+] The New open path /mnt/sdcard/KingsoftOffice/.history/.nomedia/1057468cb4bfa3919810008c752e146a.png
D/inject  (  404): [+] The New open count 88
D/inject  (  404): [+] The old openfile fd 45
D/dalvikvm(  404): GC_EXTERNAL_ALLOC freed 557K, 45% free 4061K/7367K, external 4695K/5863K, paused 113ms
D/inject  (  404): [+]-----------open test txt file-----------
D/inject  (  404): [+] The New open path /mnt/sdcard/KingsoftOffice/.history/.nomedia/cf57d42528c896f5dc110829a29eb37e.png
D/inject  (  404): [+] The New open count 89
D/inject  (  404): [+] The old openfile fd 45
D/inject  (  404): [+]-----------open test txt file-----------
D/inject  (  404): [+] The New open path /mnt/sdcard/KingsoftOffice/.history/.nomedia/cf57d42528c896f5dc110829a29eb37e.png
D/inject  (  404): [+] The New open count 90
D/inject  (  404): [+] The old openfile fd 45
D/dalvikvm(  404): GC_EXTERNAL_ALLOC freed 126K, 46% free 4023K/7367K, external 5670K/5670K, paused 70ms
D/inject  (  404): [+]-----------open test txt file-----------
D/inject  (  404): [+] The New open path /mnt/sdcard/KingsoftOffice/.history/.nomedia/0f30b1213c967b8722cfb62a03b8ff61.png
D/inject  (  404): [+] The New open count 91
D/inject  (  404): [+] The old openfile fd 45
D/inject  (  404): [+]-----------open test txt file-----------
D/inject  (  404): [+] The New open path /mnt/sdcard/KingsoftOffice/.history/.nomedia/0f30b1213c967b8722cfb62a03b8ff61.png
D/inject  (  404): [+] The New open count 92
D/inject  (  404): [+] The old openfile fd 45
D/dalvikvm(  404): GC_EXTERNAL_ALLOC freed 74K, 46% free 4034K/7367K, external 5975K/5975K, paused 51ms
D/dalvikvm(  464): GC_EXTERNAL_ALLOC freed 499K, 44% free 4439K/7815K, external 12258K/12693K, paused 66ms
D/inject  (  404): [+]-----------open test txt file-----------
D/inject  (  404): [+] The New open path /data/data/cn.wps.moffice_eng/files/_localRecord
D/inject  (  404): [+] The New open count 93
D/inject  (  404): [+] The old openfile fd 45
D/inject  (  404): [+]-----------open test txt file-----------
D/inject  (  404): [+] The New open path /data/data/cn.wps.moffice_eng/files/_localRecord
D/inject  (  404): [+] The New open count 94
D/inject  (  404): [+] The old openfile fd 45
D/inject  (  404): [+]-----------open test txt file-----------
D/inject  (  404): [+] The New open path /mnt/sdcard/KingsoftOffice/.history/.nomedia/1057468cb4bfa3919810008c752e146a.png
D/inject  (  404): [+] The New open count 95
D/inject  (  404): [+] The old openfile fd 45
D/inject  (  404): [+]-----------open test txt file-----------
D/inject  (  404): [+] The New open path /mnt/sdcard/KingsoftOffice/.history/.nomedia/1057468cb4bfa3919810008c752e146a.png
D/inject  (  404): [+] The New open count 96
D/inject  (  404): [+] The old openfile fd 45
D/dalvikvm(  404): GC_EXTERNAL_ALLOC freed 198K, 45% free 4074K/7367K, external 4390K/5482K, paused 110ms
D/inject  (  404): [+]-----------open test txt file-----------
D/inject  (  404): [+] The New open path /mnt/sdcard/KingsoftOffice/.history/.nomedia/cf57d42528c896f5dc110829a29eb37e.png
D/inject  (  404): [+] The New open count 97
D/inject  (  404): [+] The old openfile fd 45
D/inject  (  404): [+]-----------open test txt file-----------
D/inject  (  404): [+] The New open path /mnt/sdcard/KingsoftOffice/.history/.nomedia/cf57d42528c896f5dc110829a29eb37e.png
D/inject  (  404): [+] The New open count 98
D/inject  (  404): [+] The old openfile fd 45
I/ActivityManager(   61): Starting: Intent { cmp=cn.wps.moffice_eng/cn.wps.moffice.documentmanager.DocumentManager } from pid 464
D/inject  (  404): [+]-----------open test txt file-----------
D/inject  (  404): [+] The New open path /data/data/cn.wps.moffice_eng/files/lable.db
D/inject  (  404): [+] The New open count 99
D/inject  (  404): [+] The old openfile fd 51
D/dalvikvm(  404): GC_EXTERNAL_ALLOC freed 143K, 46% free 4044K/7367K, external 5670K/5670K, paused 52ms
D/inject  (  404): [+]-----------open test txt file-----------
D/inject  (  404): [+] The New open path /mnt/sdcard/KingsoftOffice/.history/.nomedia/0f30b1213c967b8722cfb62a03b8ff61.png
D/inject  (  404): [+] The New open count 100
D/inject  (  404): [+] The old openfile fd 45
D/inject  (  404): [+]-----------open test txt file-----------
D/inject  (  404): [+] The New open path /mnt/sdcard/KingsoftOffice/.history/.nomedia/0f30b1213c967b8722cfb62a03b8ff61.png
D/inject  (  404): [+] The New open count 101
D/inject  (  404): [+] The old openfile fd 45
D/dalvikvm(  404): GC_EXTERNAL_ALLOC freed 74K, 45% free 4054K/7367K, external 5975K/5975K, paused 180ms
D/inject  (  404): [+]-----------open test txt file-----------
D/inject  (  404): [+] The New open path /data/data/cn.wps.moffice_eng/files/AppPersistence
D/inject  (  404): [+] The New open count 102
D/inject  (  404): [+] The old openfile fd 45
D/dalvikvm(  404): GetFieldID: unable to find field Ljava/util/HashMap;.loadFactor:F
D/inject  (  404): [+]-----------open test txt file-----------
D/inject  (  404): [+] The New open path /data/data/cn.wps.moffice_eng/files/AppPersistence
D/inject  (  404): [+] The New open count 103
D/inject  (  404): [+] The old openfile fd 45
D/dalvikvm(  404): GetFieldID: unable to find field Ljava/util/HashMap;.loadFactor:F
D/inject  (  404): [+]-----------open test txt file-----------
D/inject  (  404): [+] The New open path /data/data/cn.wps.moffice_eng/files/AppPersistence
D/inject  (  404): [+] The New open count 104
D/inject  (  404): [+] The old openfile fd 45
D/dalvikvm(  404): GetFieldID: unable to find field Ljava/util/HashMap;.loadFactor:F
D/inject  (  404): [+]-----------open test txt file-----------
D/inject  (  404): [+] The New open path /data/data/cn.wps.moffice_eng/files/AppPersistence
D/inject  (  404): [+] The New open count 105
D/inject  (  404): [+] The old openfile fd 45
D/dalvikvm(  404): GetFieldID: unable to find field Ljava/util/HashMap;.loadFactor:F
D/inject  (  404): [+]-----------open test txt file-----------
D/inject  (  404): [+] The New open path /data/data/cn.wps.moffice_eng/files/AppPersistence
D/inject  (  404): [+] The New open count 106
D/inject  (  404): [+] The old openfile fd 45
D/inject  (  404): [+]-----------open test txt file-----------
D/inject  (  404): [+] The New open path /data/data/cn.wps.moffice_eng/files/AppPersistence
D/inject  (  404): [+] The New open count 107
D/inject  (  404): [+] The old openfile fd 45
D/dalvikvm(  404): GetFieldID: unable to find field Ljava/util/HashMap;.loadFactor:F
D/inject  (  404): [+]-----------open test txt file-----------
D/inject  (  404): [+] The New open path /data/data/cn.wps.moffice_eng/files/AppPersistence
D/inject  (  404): [+] The New open count 108
D/inject  (  404): [+] The old openfile fd 45
D/dalvikvm(  404): GetFieldID: unable to find field Ljava/util/HashMap;.loadFactor:F
D/inject  (  404): [+]-----------open test txt file-----------
D/inject  (  404): [+] The New open path /data/data/cn.wps.moffice_eng/files/AppPersistence
D/inject  (  404): [+] The New open count 109
D/inject  (  404): [+] The old openfile fd 45
D/dalvikvm(  404): GetFieldID: unable to find field Ljava/util/HashMap;.loadFactor:F
D/inject  (  404): [+]-----------open test txt file-----------
D/inject  (  404): [+] The New open path /data/data/cn.wps.moffice_eng/files/AppPersistence
D/inject  (  404): [+] The New open count 110
D/inject  (  404): [+] The old openfile fd 45
D/inject  (  404): [+]-----------open test txt file-----------
D/inject  (  404): [+] The New open path /data/data/cn.wps.moffice_eng/files/_localRecord
D/inject  (  404): [+] The New open count 111
D/inject  (  404): [+] The old openfile fd 45
D/inject  (  404): [+]-----------open test txt file-----------
D/inject  (  404): [+] The New open path /data/data/cn.wps.moffice_eng/files/_localRecord
D/inject  (  404): [+] The New open count 112
D/inject  (  404): [+] The old openfile fd 45
D/inject  (  404): [+]-----------open test txt file-----------
D/inject  (  404): [+] The New open path /data/data/cn.wps.moffice_eng/files/AppPersistence
D/inject  (  404): [+] The New open count 113
D/inject  (  404): [+] The old openfile fd 45
D/dalvikvm(  404): GetFieldID: unable to find field Ljava/util/HashMap;.loadFactor:F
D/inject  (  404): [+]-----------open test txt file-----------
D/inject  (  404): [+] The New open path /data/data/cn.wps.moffice_eng/files/AppPersistence
D/inject  (  404): [+] The New open count 114
D/inject  (  404): [+] The old openfile fd 45
D/dalvikvm(  404): GetFieldID: unable to find field Ljava/util/HashMap;.loadFactor:F
D/inject  (  404): [+]-----------open test txt file-----------
D/inject  (  404): [+] The New open path /data/data/cn.wps.moffice_eng/files/AppPersistence
D/inject  (  404): [+] The New open count 115
D/inject  (  404): [+] The old openfile fd 45
D/inject  (  404): [+]-----------open test txt file-----------
D/inject  (  404): [+] The New open path /mnt/sdcard/KingsoftOffice/.history/.nomedia/1057468cb4bfa3919810008c752e146a.png
D/inject  (  404): [+] The New open count 116
D/inject  (  404): [+] The old openfile fd 45
D/inject  (  404): [+]-----------open test txt file-----------
D/inject  (  404): [+] The New open path /mnt/sdcard/KingsoftOffice/.history/.nomedia/1057468cb4bfa3919810008c752e146a.png
D/inject  (  404): [+] The New open count 117
D/inject  (  404): [+] The old openfile fd 45
D/dalvikvm(  404): GC_EXTERNAL_ALLOC freed 293K, 45% free 4108K/7367K, external 4390K/5482K, paused 57ms
D/inject  (  404): [+]-----------open test txt file-----------
D/inject  (  404): [+] The New open path /mnt/sdcard/KingsoftOffice/.history/.nomedia/cf57d42528c896f5dc110829a29eb37e.png
D/inject  (  404): [+] The New open count 118
D/inject  (  404): [+] The old openfile fd 45
D/inject  (  404): [+]-----------open test txt file-----------
D/inject  (  404): [+] The New open path /mnt/sdcard/KingsoftOffice/.history/.nomedia/cf57d42528c896f5dc110829a29eb37e.png
D/inject  (  404): [+] The New open count 119
D/inject  (  404): [+] The old openfile fd 45
D/dalvikvm(  404): GC_EXTERNAL_ALLOC freed 119K, 45% free 4078K/7367K, external 5670K/5670K, paused 50ms
D/inject  (  404): [+]-----------open test txt file-----------
D/inject  (  404): [+] The New open path /mnt/sdcard/KingsoftOffice/.history/.nomedia/0f30b1213c967b8722cfb62a03b8ff61.png
D/inject  (  404): [+] The New open count 120
D/inject  (  404): [+] The old openfile fd 45
D/inject  (  404): [+]-----------open test txt file-----------
D/inject  (  404): [+] The New open path /mnt/sdcard/KingsoftOffice/.history/.nomedia/0f30b1213c967b8722cfb62a03b8ff61.png
D/inject  (  404): [+] The New open count 121
D/inject  (  404): [+] The old openfile fd 45
D/dalvikvm(  404): GC_EXTERNAL_ALLOC freed 74K, 45% free 4088K/7367K, external 5975K/5975K, paused 51ms
W/InputManagerService(   61): Starting input on non-focused client com.android.internal.view.IInputMethodClient$Stub$Proxy@40773700 (uid=10037 pid=464)
W/IInputConnectionWrapper(  464): showStatusIcon on inactive InputConnection
D/inject  (  404): [+]-----------open test txt file-----------
D/inject  (  404): [+] The New open path /data/data/cn.wps.moffice_eng/files/.cloud/cloudsetting
D/inject  (  404): [+] The New open count 122
D/inject  (  404): [+] The old openfile fd 45
I/System.out(  404): flushRecord:4c1a3b20-5747-49e4-b94b-f7df4c6f6aa3
D/inject  (  404): [+]-----------open test txt file-----------
D/inject  (  404): [+] The New open path /mnt/sdcard/Android/data/cn.wps.moffice_eng/cache/KingsoftOffice/file/.timeBox/HistoryRecord/records/4c1a3b20-5747-49e4-b94b-f7df4c6f6aa3
D/inject  (  404): [+] The New open count 123
D/inject  (  404): [+]-----------open test txt file-----------
D/inject  (  404): [+] The New open path /data/data/cn.wps.moffice_eng/files/.cloud/cloudsetting
D/inject  (  404): [+] The New open count 124
D/inject  (  404): [+] The old openfile fd 53
D/inject  (  404): [+] The old openfile fd 45
D/inject  (  404): [+]-----------open test txt file-----------
D/inject  (  404): [+] The New open path /mnt/sdcard/Android/data/cn.wps.moffice_eng/cache/KingsoftOffice/file/.timeBox/HistoryRecord/persistence/records_upload_list
D/inject  (  404): [+] The New open count 125
D/inject  (  404): [+] The old openfile fd 45
D/inject  (  404): [+]-----------open test txt file-----------
D/inject  (  404): [+] The New open path /mnt/sdcard/Android/data/cn.wps.moffice_eng/cache/KingsoftOffice/file/.timeBox/HistoryRecord/persistence/records_upload_list
D/inject  (  404): [+] The New open count 126
D/inject  (  404): [+] The old openfile fd 45
D/inject  (  404): [+]-----------open test txt file-----------
D/inject  (  404): [+] The New open path /data/data/cn.wps.moffice_eng/files/.cloud/cloudsetting
D/inject  (  404): [+] The New open count 127
D/inject  (  404): [+] The old openfile fd 45
D/inject  (  404): [+]-----------open test txt file-----------
D/inject  (  404): [+] The New open path /data/data/cn.wps.moffice_eng/files/.cloud/cloudsetting
D/inject  (  404): [+] The New open count 128
D/inject  (  404): [+] The old openfile fd 45
D/inject  (  404): [+]-----------open test txt file-----------
D/inject  (  404): [+] The New open path /mnt/sdcard/KingsoftOffice/.history/.nomedia/10ca354419e828a281119d7494f3c81f.png
D/inject  (  404): [+] The New open count 129
D/inject  (  404): [+] The old openfile fd 45
D/inject  (  404): [+]-----------open test txt file-----------
D/inject  (  404): [+] The New open path /mnt/sdcard/KingsoftOffice/.history/.nomedia/10ca354419e828a281119d7494f3c81f.png
D/inject  (  404): [+] The New open count 130
D/inject  (  404): [+] The old openfile fd 45
D/dalvikvm(  404): GC_EXTERNAL_ALLOC freed 288K, 45% free 4098K/7367K, external 6280K/6280K, paused 53ms
D/inject  (  404): [+]-----------open test txt file-----------
D/inject  (  404): [+] The New open path /data/data/cn.wps.moffice_eng/files/_localRecord
D/inject  (  404): [+] The New open count 131
D/inject  (  404): [+] The old openfile fd 45
D/inject  (  404): [+]-----------open test txt file-----------
D/inject  (  404): [+] The New open path /data/data/cn.wps.moffice_eng/files/_localRecord
D/inject  (  404): [+] The New open count 132
D/inject  (  404): [+] The old openfile fd 45
D/SntpClient(   61): request time failed: java.net.SocketException: Address family not supported by protocol
D/inject  (  404): [+]-----------open test txt file-----------
D/inject  (  404): [+] The New open path /data/data/cn.wps.moffice_eng/files/_localRecord
D/inject  (  404): [+] The New open count 133
D/inject  (  404): [+] The old openfile fd 45
D/inject  (  404): [+]-----------open test txt file-----------
D/inject  (  404): [+] The New open path /data/data/cn.wps.moffice_eng/files/_localRecord
D/inject  (  404): [+] The New open count 134
D/inject  (  404): [+] The old openfile fd 45
D/inject  (  404): [+]-----------open test txt file-----------
D/inject  (  404): [+] The New open path /data/data/cn.wps.moffice_eng/files/_localRecord
D/inject  (  404): [+] The New open count 135
D/inject  (  404): [+] The old openfile fd 45
D/inject  (  404): [+]-----------open test txt file-----------
D/inject  (  404): [+] The New open path /data/data/cn.wps.moffice_eng/files/_localRecord
D/inject  (  404): [+] The New open count 136
D/inject  (  404): [+] The old openfile fd 45
D/dalvikvm(  404): GC_CONCURRENT freed 577K, 43% free 4339K/7559K, external 5305K/6625K, paused 8ms+10ms
D/SntpClient(   61): request time failed: java.net.SocketException: Address family not supported by protocol
D/inject  (  404): [+]-----------open test txt file-----------
D/inject  (  404): [+] The New open path /data/data/cn.wps.moffice_eng/files/_localRecord
D/inject  (  404): [+] The New open count 137
D/inject  (  404): [+] The old openfile fd 45
D/inject  (  404): [+]-----------open test txt file-----------
D/inject  (  404): [+] The New open path /data/data/cn.wps.moffice_eng/files/_localRecord
D/inject  (  404): [+] The New open count 138
D/inject  (  404): [+] The old openfile fd 45
D/SntpClient(   61): request time failed: java.net.SocketException: Address family not supported by protocol
D/inject  (  404): [+]-----------open test txt file-----------
D/inject  (  404): [+] The New open path /data/data/cn.wps.moffice_eng/files/_localRecord
D/inject  (  404): [+] The New open count 139
D/inject  (  404): [+] The old openfile fd 45
D/inject  (  404): [+]-----------open test txt file-----------
D/inject  (  404): [+] The New open path /data/data/cn.wps.moffice_eng/files/_localRecord
D/inject  (  404): [+] The New open count 140
D/inject  (  404): [+] The old openfile fd 45
D/inject  (  404): [+]-----------open test txt file-----------
D/inject  (  404): [+] The New open path /data/data/cn.wps.moffice_eng/files/_localRecord
D/inject  (  404): [+] The New open count 141
D/inject  (  404): [+] The old openfile fd 45
D/inject  (  404): [+]-----------open test txt file-----------
D/inject  (  404): [+] The New open path /data/data/cn.wps.moffice_eng/files/_localRecord
D/inject  (  404): [+] The New open count 142
D/inject  (  404): [+] The old openfile fd 45
D/SntpClient(   61): request time failed: java.net.SocketException: Address family not supported by protocol
D/inject  (  404): [+]-----------open test txt file-----------
D/inject  (  404): [+] The New open path /data/data/cn.wps.moffice_eng/files/_localRecord
D/inject  (  404): [+] The New open count 143
D/inject  (  404): [+] The old openfile fd 45
D/inject  (  404): [+]-----------open test txt file-----------
D/inject  (  404): [+] The New open path /data/data/cn.wps.moffice_eng/files/_localRecord
D/inject  (  404): [+] The New open count 144
D/inject  (  404): [+] The old openfile fd 45
D/inject  (  404): [+]-----------open test txt file-----------
D/inject  (  404): [+] The New open path /data/data/cn.wps.moffice_eng/files/_localRecord
D/inject  (  404): [+] The New open count 145
D/inject  (  404): [+] The old openfile fd 45
D/inject  (  404): [+]-----------open test txt file-----------
D/inject  (  404): [+] The New open path /data/data/cn.wps.moffice_eng/files/_localRecord
D/inject  (  404): [+] The New open count 146
D/inject  (  404): [+] The old openfile fd 45
D/SntpClient(   61): request time failed: java.net.SocketException: Address family not supported by protocol
D/dalvikvm(  121): GC_CONCURRENT freed 554K, 53% free 2929K/6151K, external 1625K/2137K, paused 8ms+3ms
D/inject  (  404): [+]-----------open test txt file-----------
D/inject  (  404): [+] The New open path /data/data/cn.wps.moffice_eng/files/_localRecord
D/inject  (  404): [+] The New open count 147
D/inject  (  404): [+] The old openfile fd 45
D/inject  (  404): [+]-----------open test txt file-----------
D/inject  (  404): [+] The New open path /data/data/cn.wps.moffice_eng/files/_localRecord
D/inject  (  404): [+] The New open count 148
D/inject  (  404): [+] The old openfile fd 45
I/dalvikvm(  404): Jit: resizing JitTable from 1024 to 2048
D/dalvikvm(  404): GC_CONCURRENT freed 1567K, 47% free 4770K/8967K, external 5305K/6625K, paused 8ms+11ms
I/dalvikvm(   61): Jit: resizing JitTable from 1024 to 2048
D/SntpClient(   61): request time failed: java.net.SocketException: Address family not supported by protocol
D/inject  (  404): [+]-----------open test txt file-----------
D/inject  (  404): [+] The New open path /data/data/cn.wps.moffice_eng/files/_localRecord
D/inject  (  404): [+] The New open count 149
D/inject  (  404): [+] The old openfile fd 45
D/inject  (  404): [+]-----------open test txt file-----------
D/inject  (  404): [+] The New open path /data/data/cn.wps.moffice_eng/files/_localRecord
D/inject  (  404): [+] The New open count 150
D/inject  (  404): [+] The old openfile fd 45
D/inject  (  404): [+]-----------open test txt file-----------
D/inject  (  404): [+] The New open path /data/data/cn.wps.moffice_eng/files/_localRecord
D/inject  (  404): [+] The New open count 151
D/inject  (  404): [+] The old openfile fd 45
D/inject  (  404): [+]-----------open test txt file-----------
D/inject  (  404): [+] The New open path /data/data/cn.wps.moffice_eng/files/_localRecord
D/inject  (  404): [+] The New open count 152
D/inject  (  404): [+] The old openfile fd 45
D/SntpClient(   61): request time failed: java.net.SocketException: Address family not supported by protocol
D/inject  (  404): [+]-----------open test txt file-----------
D/inject  (  404): [+] The New open path /data/data/cn.wps.moffice_eng/files/_localRecord
D/inject  (  404): [+] The New open count 153
D/inject  (  404): [+] The old openfile fd 45
D/inject  (  404): [+]-----------open test txt file-----------
D/inject  (  404): [+] The New open path /data/data/cn.wps.moffice_eng/files/_localRecord
D/inject  (  404): [+] The New open count 154
D/inject  (  404): [+] The old openfile fd 45
D/SntpClient(   61): request time failed: java.net.SocketException: Address family not supported by protocol
D/inject  (  404): [+]-----------open test txt file-----------
D/inject  (  404): [+] The New open path /data/data/cn.wps.moffice_eng/files/_localRecord
D/inject  (  404): [+] The New open count 155
D/inject  (  404): [+] The old openfile fd 45
D/inject  (  404): [+]-----------open test txt file-----------
D/inject  (  404): [+] The New open path /data/data/cn.wps.moffice_eng/files/_localRecord
D/inject  (  404): [+] The New open count 156
D/inject  (  404): [+] The old openfile fd 45
D/inject  (  404): [+]-----------open test txt file-----------
D/inject  (  404): [+] The New open path /data/data/cn.wps.moffice_eng/files/_localRecord
D/inject  (  404): [+] The New open count 157
D/inject  (  404): [+] The old openfile fd 45
D/inject  (  404): [+]-----------open test txt file-----------
D/inject  (  404): [+] The New open path /data/data/cn.wps.moffice_eng/files/_localRecord
D/inject  (  404): [+] The New open count 158
D/inject  (  404): [+] The old openfile fd 45
D/SntpClient(   61): request time failed: java.net.SocketException: Address family not supported by protocol
D/inject  (  404): [+]-----------open test txt file-----------
D/inject  (  404): [+] The New open path /data/data/cn.wps.moffice_eng/files/_localRecord
D/inject  (  404): [+] The New open count 159
D/inject  (  404): [+] The old openfile fd 45
D/inject  (  404): [+]-----------open test txt file-----------
D/inject  (  404): [+] The New open path /data/data/cn.wps.moffice_eng/files/_localRecord
D/inject  (  404): [+] The New open count 160
D/inject  (  404): [+] The old openfile fd 45
D/dalvikvm(  404): GC_CONCURRENT freed 1976K, 50% free 4769K/9415K, external 5305K/6625K, paused 5ms+11ms
D/inject  (  404): [+]-----------open test txt file-----------
D/inject  (  404): [+] The New open path /data/data/cn.wps.moffice_eng/files/_localRecord
D/inject  (  404): [+] The New open count 161
D/inject  (  404): [+] The old openfile fd 45
D/inject  (  404): [+]-----------open test txt file-----------
D/inject  (  404): [+] The New open path /data/data/cn.wps.moffice_eng/files/_localRecord
D/inject  (  404): [+] The New open count 162
D/inject  (  404): [+] The old openfile fd 45
D/SntpClient(   61): request time failed: java.net.SocketException: Address family not supported by protocol
D/inject  (  404): [+]-----------open test txt file-----------
D/inject  (  404): [+] The New open path /data/data/cn.wps.moffice_eng/files/_localRecord
D/inject  (  404): [+] The New open count 163
D/inject  (  404): [+] The old openfile fd 45
D/inject  (  404): [+]-----------open test txt file-----------
D/inject  (  404): [+] The New open path /data/data/cn.wps.moffice_eng/files/_localRecord
D/inject  (  404): [+] The New open count 164
D/inject  (  404): [+] The old openfile fd 45
D/SntpClient(   61): request time failed: java.net.SocketException: Address family not supported by protocol
D/inject  (  404): [+]-----------open test txt file-----------
D/inject  (  404): [+] The New open path /data/data/cn.wps.moffice_eng/files/_localRecord
D/inject  (  404): [+] The New open count 165
D/inject  (  404): [+] The old openfile fd 45
D/inject  (  404): [+]-----------open test txt file-----------
D/inject  (  404): [+] The New open path /data/data/cn.wps.moffice_eng/files/_localRecord
D/inject  (  404): [+] The New open count 166
D/inject  (  404): [+] The old openfile fd 45
D/dalvikvm(  253): GC_CONCURRENT freed 954K, 49% free 3808K/7431K, external 1753K/2137K, paused 9ms+3ms
D/inject  (  404): [+]-----------open test txt file-----------
D/inject  (  404): [+] The New open path /data/data/cn.wps.moffice_eng/files/_localRecord
D/inject  (  404): [+] The New open count 167
D/inject  (  404): [+] The old openfile fd 45
D/inject  (  404): [+]-----------open test txt file-----------
D/inject  (  404): [+] The New open path /data/data/cn.wps.moffice_eng/files/_localRecord
D/inject  (  404): [+] The New open count 168
D/inject  (  404): [+] The old openfile fd 45
D/SntpClient(   61): request time failed: java.net.SocketException: Address family not supported by protocol
D/inject  (  404): [+]-----------open test txt file-----------
D/inject  (  404): [+] The New open path /data/data/cn.wps.moffice_eng/files/_localRecord
D/inject  (  404): [+] The New open count 169
D/inject  (  404): [+] The old openfile fd 45
D/inject  (  404): [+]-----------open test txt file-----------
D/inject  (  404): [+] The New open path /data/data/cn.wps.moffice_eng/files/_localRecord
D/inject  (  404): [+] The New open count 170
D/inject  (  404): [+] The old openfile fd 45
V/BackupManagerService(   61): Backup requested but nothing pending
D/inject  (  404): [+]-----------open test txt file-----------
D/inject  (  404): [+] The New open path /data/data/cn.wps.moffice_eng/files/_localRecord
D/inject  (  404): [+] The New open count 171
D/inject  (  404): [+] The old openfile fd 45
D/inject  (  404): [+]-----------open test txt file-----------
D/inject  (  404): [+] The New open path /data/data/cn.wps.moffice_eng/files/_localRecord
D/inject  (  404): [+] The New open count 172
D/inject  (  404): [+] The old openfile fd 45
D/SntpClient(   61): request time failed: java.net.SocketException: Address family not supported by protocol
D/inject  (  404): [+]-----------open test txt file-----------
D/inject  (  404): [+] The New open path /data/data/cn.wps.moffice_eng/files/_localRecord
D/inject  (  404): [+] The New open count 173
D/inject  (  404): [+] The old openfile fd 45
D/inject  (  404): [+]-----------open test txt file-----------
D/inject  (  404): [+] The New open path /data/data/cn.wps.moffice_eng/files/_localRecord
D/inject  (  404): [+] The New open count 174
D/inject  (  404): [+] The old openfile fd 45
D/dalvikvm(  404): GC_CONCURRENT freed 2053K, 50% free 4775K/9479K, external 5305K/6625K, paused 8ms+13ms
D/SntpClient(   61): request time failed: java.net.SocketException: Address family not supported by protocol
D/inject  (  404): [+]-----------open test txt file-----------
D/inject  (  404): [+] The New open path /data/data/cn.wps.moffice_eng/files/_localRecord
D/inject  (  404): [+] The New open count 175
D/inject  (  404): [+] The old openfile fd 45
D/inject  (  404): [+]-----------open test txt file-----------
D/inject  (  404): [+] The New open path /data/data/cn.wps.moffice_eng/files/_localRecord
D/inject  (  404): [+] The New open count 176
D/inject  (  404): [+] The old openfile fd 45
D/dalvikvm(  122): GC_CONCURRENT freed 307K, 52% free 2790K/5767K, external 2158K/2674K, paused 3ms+4ms
D/inject  (  404): [+]-----------open test txt file-----------
D/inject  (  404): [+] The New open path /data/data/cn.wps.moffice_eng/files/_localRecord
D/inject  (  404): [+] The New open count 177
D/inject  (  404): [+] The old openfile fd 45
D/inject  (  404): [+]-----------open test txt file-----------
D/inject  (  404): [+] The New open path /data/data/cn.wps.moffice_eng/files/_localRecord
D/inject  (  404): [+] The New open count 178
D/inject  (  404): [+] The old openfile fd 45
D/SntpClient(   61): request time failed: java.net.SocketException: Address family not supported by protocol
D/inject  (  404): [+]-----------open test txt file-----------
D/inject  (  404): [+] The New open path /data/data/cn.wps.moffice_eng/files/_localRecord
D/inject  (  404): [+] The New open count 179
D/inject  (  404): [+] The old openfile fd 45
D/inject  (  404): [+]-----------open test txt file-----------
D/inject  (  404): [+] The New open path /data/data/cn.wps.moffice_eng/files/_localRecord
D/inject  (  404): [+] The New open count 180
D/inject  (  404): [+] The old openfile fd 45
D/dalvikvm(   61): GC_CONCURRENT freed 1502K, 48% free 4601K/8775K, external 4373K/5573K, paused 9ms+6ms
D/inject  (  404): [+]-----------open test txt file-----------
D/inject  (  404): [+] The New open path /data/data/cn.wps.moffice_eng/files/_localRecord
D/inject  (  404): [+] The New open count 181
D/inject  (  404): [+] The old openfile fd 45
D/inject  (  404): [+]-----------open test txt file-----------
D/inject  (  404): [+] The New open path /data/data/cn.wps.moffice_eng/files/_localRecord
D/inject  (  404): [+] The New open count 182
D/inject  (  404): [+] The old openfile fd 45
D/SntpClient(   61): request time failed: java.net.SocketException: Address family not supported by protocol
D/inject  (  404): [+]-----------open test txt file-----------
D/inject  (  404): [+] The New open path /data/data/cn.wps.moffice_eng/files/_localRecord
D/inject  (  404): [+] The New open count 183
D/inject  (  404): [+] The old openfile fd 45
D/inject  (  404): [+]-----------open test txt file-----------
D/inject  (  404): [+] The New open path /data/data/cn.wps.moffice_eng/files/_localRecord
D/inject  (  404): [+] The New open count 184
D/inject  (  404): [+] The old openfile fd 45
D/SntpClient(   61): request time failed: java.net.SocketException: Address family not supported by protocol
D/inject  (  404): [+]-----------open test txt file-----------
D/inject  (  404): [+] The New open path /data/data/cn.wps.moffice_eng/files/_localRecord
D/inject  (  404): [+] The New open count 185
D/inject  (  404): [+] The old openfile fd 45
D/inject  (  404): [+]-----------open test txt file-----------
D/inject  (  404): [+] The New open path /data/data/cn.wps.moffice_eng/files/_localRecord
D/inject  (  404): [+] The New open count 186
D/inject  (  404): [+] The old openfile fd 45
D/dalvikvm(  404): GC_CONCURRENT freed 1932K, 50% free 4797K/9479K, external 5305K/6625K, paused 4ms+12ms
D/inject  (  404): [+]-----------open test txt file-----------
D/inject  (  404): [+] The New open path /data/data/cn.wps.moffice_eng/files/_localRecord
D/inject  (  404): [+] The New open count 187
D/inject  (  404): [+] The old openfile fd 45
D/inject  (  404): [+]-----------open test txt file-----------
D/inject  (  404): [+] The New open path /data/data/cn.wps.moffice_eng/files/_localRecord
D/inject  (  404): [+] The New open count 188
D/inject  (  404): [+] The old openfile fd 45
D/SntpClient(   61): request time failed: java.net.SocketException: Address family not supported by protocol
D/inject  (  404): [+]-----------open test txt file-----------
D/inject  (  404): [+] The New open path /data/data/cn.wps.moffice_eng/files/_localRecord
D/inject  (  404): [+] The New open count 189
D/inject  (  404): [+] The old openfile fd 45
D/inject  (  404): [+]-----------open test txt file-----------
D/inject  (  404): [+] The New open path /data/data/cn.wps.moffice_eng/files/_localRecord
D/inject  (  404): [+] The New open count 190
D/inject  (  404): [+] The old openfile fd 45
D/inject  (  404): [+]-----------open test txt file-----------
D/inject  (  404): [+] The New open path /data/data/cn.wps.moffice_eng/files/_localRecord
D/inject  (  404): [+] The New open count 191
D/inject  (  404): [+] The old openfile fd 45
D/inject  (  404): [+]-----------open test txt file-----------
D/inject  (  404): [+] The New open path /data/data/cn.wps.moffice_eng/files/_localRecord
D/inject  (  404): [+] The New open count 192
D/inject  (  404): [+] The old openfile fd 45
D/SntpClient(   61): request time failed: java.net.SocketException: Address family not supported by protocol
D/inject  (  404): [+]-----------open test txt file-----------
D/inject  (  404): [+] The New open path /data/data/cn.wps.moffice_eng/files/_localRecord
D/inject  (  404): [+] The New open count 193
D/inject  (  404): [+] The old openfile fd 45
D/inject  (  404): [+]-----------open test txt file-----------
D/inject  (  404): [+] The New open path /data/data/cn.wps.moffice_eng/files/_localRecord
D/inject  (  404): [+] The New open count 194
D/inject  (  404): [+] The old openfile fd 45
D/SntpClient(   61): request time failed: java.net.SocketException: Address family not supported by protocol
D/inject  (  404): [+]-----------open test txt file-----------
D/inject  (  404): [+] The New open path /data/data/cn.wps.moffice_eng/files/_localRecord
D/inject  (  404): [+] The New open count 195
D/inject  (  404): [+] The old openfile fd 45
D/inject  (  404): [+]-----------open test txt file-----------
D/inject  (  404): [+] The New open path /data/data/cn.wps.moffice_eng/files/_localRecord
D/inject  (  404): [+] The New open count 196
D/inject  (  404): [+] The old openfile fd 45
D/inject  (  404): [+]-----------open test txt file-----------
D/inject  (  404): [+] The New open path /data/data/cn.wps.moffice_eng/files/_localRecord
D/inject  (  404): [+] The New open count 197
D/inject  (  404): [+] The old openfile fd 45
D/inject  (  404): [+]-----------open test txt file-----------
D/inject  (  404): [+] The New open path /data/data/cn.wps.moffice_eng/files/_localRecord
D/inject  (  404): [+] The New open count 198
D/inject  (  404): [+] The old openfile fd 45
D/dalvikvm(  404): GC_CONCURRENT freed 1940K, 50% free 4825K/9479K, external 5305K/6625K, paused 8ms+15ms
D/SntpClient(   61): request time failed: java.net.SocketException: Address family not supported by protocol
D/inject  (  404): [+]-----------open test txt file-----------
D/inject  (  404): [+] The New open path /data/data/cn.wps.moffice_eng/files/_localRecord
D/inject  (  404): [+] The New open count 199
D/inject  (  404): [+] The old openfile fd 45
D/inject  (  404): [+]-----------open test txt file-----------
D/inject  (  404): [+] The New open path /data/data/cn.wps.moffice_eng/files/_localRecord
D/inject  (  404): [+] The New open count 200
D/inject  (  404): [+] The old openfile fd 45
D/inject  (  404): [+]-----------open test txt file-----------
D/inject  (  404): [+] The New open path /data/data/cn.wps.moffice_eng/files/_localRecord
D/inject  (  404): [+] The New open count 201
D/inject  (  404): [+] The old openfile fd 45
D/inject  (  404): [+]-----------open test txt file-----------
D/inject  (  404): [+] The New open path /data/data/cn.wps.moffice_eng/files/_localRecord
D/inject  (  404): [+] The New open count 202
D/inject  (  404): [+] The old openfile fd 45
D/SntpClient(   61): request time failed: java.net.SocketException: Address family not supported by protocol
D/inject  (  404): [+]-----------open test txt file-----------
D/inject  (  404): [+] The New open path /data/data/cn.wps.moffice_eng/files/_localRecord
D/inject  (  404): [+] The New open count 203
D/inject  (  404): [+] The old openfile fd 45
D/inject  (  404): [+]-----------open test txt file-----------
D/inject  (  404): [+] The New open path /data/data/cn.wps.moffice_eng/files/_localRecord
D/inject  (  404): [+] The New open count 204
D/inject  (  404): [+] The old openfile fd 45
D/SntpClient(   61): request time failed: java.net.SocketException: Address family not supported by protocol
D/inject  (  404): [+]-----------open test txt file-----------
D/inject  (  404): [+] The New open path /data/data/cn.wps.moffice_eng/files/_localRecord
D/inject  (  404): [+] The New open count 205
D/inject  (  404): [+] The old openfile fd 45
D/inject  (  404): [+]-----------open test txt file-----------
D/inject  (  404): [+] The New open path /data/data/cn.wps.moffice_eng/files/_localRecord
D/inject  (  404): [+] The New open count 206
D/inject  (  404): [+] The old openfile fd 45
D/inject  (  404): [+]-----------open test txt file-----------
D/inject  (  404): [+] The New open path /data/data/cn.wps.moffice_eng/files/_localRecord
D/inject  (  404): [+] The New open count 207
D/inject  (  404): [+] The old openfile fd 45
D/inject  (  404): [+]-----------open test txt file-----------
D/inject  (  404): [+] The New open path /data/data/cn.wps.moffice_eng/files/_localRecord
D/inject  (  404): [+] The New open count 208
D/inject  (  404): [+] The old openfile fd 45
D/SntpClient(   61): request time failed: java.net.SocketException: Address family not supported by protocol
D/inject  (  404): [+]-----------open test txt file-----------
D/inject  (  404): [+] The New open path /data/data/cn.wps.moffice_eng/files/_localRecord
D/inject  (  404): [+] The New open count 209
D/inject  (  404): [+] The old openfile fd 45
D/inject  (  404): [+]-----------open test txt file-----------
D/inject  (  404): [+] The New open path /data/data/cn.wps.moffice_eng/files/_localRecord
D/inject  (  404): [+] The New open count 210
D/inject  (  404): [+] The old openfile fd 45
D/dalvikvm(  404): GC_CONCURRENT freed 1954K, 50% free 4827K/9479K, external 5305K/6625K, paused 9ms+12ms
V/BackupManagerService(   61): Backup requested but nothing pending
D/inject  (  404): [+]-----------open test txt file-----------
D/inject  (  404): [+] The New open path /data/data/cn.wps.moffice_eng/files/_localRecord
D/inject  (  404): [+] The New open count 211
D/inject  (  404): [+] The old openfile fd 45
D/inject  (  404): [+]-----------open test txt file-----------
D/inject  (  404): [+] The New open path /data/data/cn.wps.moffice_eng/files/_localRecord
D/inject  (  404): [+] The New open count 212
D/inject  (  404): [+] The old openfile fd 45
D/SntpClient(   61): request time failed: java.net.SocketException: Address family not supported by protocol
D/inject  (  404): [+]-----------open test txt file-----------
D/inject  (  404): [+] The New open path /data/data/cn.wps.moffice_eng/files/_localRecord
D/inject  (  404): [+] The New open count 213
D/inject  (  404): [+] The old openfile fd 45
D/inject  (  404): [+]-----------open test txt file-----------
D/inject  (  404): [+] The New open path /data/data/cn.wps.moffice_eng/files/_localRecord
D/inject  (  404): [+] The New open count 214
D/inject  (  404): [+] The old openfile fd 45
D/SntpClient(   61): request time failed: java.net.SocketException: Address family not supported by protocol
D/inject  (  404): [+]-----------open test txt file-----------
D/inject  (  404): [+] The New open path /data/data/cn.wps.moffice_eng/files/_localRecord
D/inject  (  404): [+] The New open count 215
D/inject  (  404): [+] The old openfile fd 45
D/inject  (  404): [+]-----------open test txt file-----------
D/inject  (  404): [+] The New open path /data/data/cn.wps.moffice_eng/files/_localRecord
D/inject  (  404): [+] The New open count 216
D/inject  (  404): [+] The old openfile fd 45
D/inject  (  404): [+]-----------open test txt file-----------
D/inject  (  404): [+] The New open path /data/data/cn.wps.moffice_eng/files/_localRecord
D/inject  (  404): [+] The New open count 217
D/inject  (  404): [+] The old openfile fd 45
D/inject  (  404): [+]-----------open test txt file-----------
D/inject  (  404): [+] The New open path /data/data/cn.wps.moffice_eng/files/_localRecord
D/inject  (  404): [+] The New open count 218
D/inject  (  404): [+] The old openfile fd 45
D/SntpClient(   61): request time failed: java.net.SocketException: Address family not supported by protocol
D/dalvikvm(  253): GC_CONCURRENT freed 895K, 49% free 3799K/7431K, external 1753K/2137K, paused 8ms+3ms
D/inject  (  404): [+]-----------open test txt file-----------
D/inject  (  404): [+] The New open path /data/data/cn.wps.moffice_eng/files/_localRecord
D/inject  (  404): [+] The New open count 219
D/inject  (  404): [+] The old openfile fd 45
D/inject  (  404): [+]-----------open test txt file-----------
D/inject  (  404): [+] The New open path /data/data/cn.wps.moffice_eng/files/_localRecord
D/inject  (  404): [+] The New open count 220
D/inject  (  404): [+] The old openfile fd 45
D/inject  (  404): [+]-----------open test txt file-----------
D/inject  (  404): [+] The New open path /data/data/cn.wps.moffice_eng/files/_localRecord
D/inject  (  404): [+] The New open count 221
D/inject  (  404): [+] The old openfile fd 45
D/inject  (  404): [+]-----------open test txt file-----------
D/inject  (  404): [+] The New open path /data/data/cn.wps.moffice_eng/files/_localRecord
D/inject  (  404): [+] The New open count 222
D/inject  (  404): [+] The old openfile fd 45
D/SntpClient(   61): request time failed: java.net.SocketException: Address family not supported by protocol
D/inject  (  404): [+]-----------open test txt file-----------
D/inject  (  404): [+] The New open path /data/data/cn.wps.moffice_eng/files/_localRecord
D/inject  (  404): [+] The New open count 223
D/inject  (  404): [+] The old openfile fd 45
D/inject  (  404): [+]-----------open test txt file-----------
D/inject  (  404): [+] The New open path /data/data/cn.wps.moffice_eng/files/_localRecord
D/inject  (  404): [+] The New open count 224
D/inject  (  404): [+] The old openfile fd 45
D/dalvikvm(  404): GC_CONCURRENT freed 2010K, 49% free 4929K/9543K, external 5305K/6625K, paused 8ms+12ms
D/SntpClient(   61): request time failed: java.net.SocketException: Address family not supported by protocol
D/inject  (  404): [+]-----------open test txt file-----------
D/inject  (  404): [+] The New open path /data/data/cn.wps.moffice_eng/files/_localRecord
D/inject  (  404): [+] The New open count 225
D/inject  (  404): [+] The old openfile fd 45
D/inject  (  404): [+]-----------open test txt file-----------
D/inject  (  404): [+] The New open path /data/data/cn.wps.moffice_eng/files/_localRecord
D/inject  (  404): [+] The New open count 226
D/inject  (  404): [+] The old openfile fd 45
D/inject  (  404): [+]-----------open test txt file-----------
D/inject  (  404): [+] The New open path /data/data/cn.wps.moffice_eng/files/_localRecord
D/inject  (  404): [+] The New open count 227
D/inject  (  404): [+] The old openfile fd 45
D/inject  (  404): [+]-----------open test txt file-----------
D/inject  (  404): [+] The New open path /data/data/cn.wps.moffice_eng/files/_localRecord
D/inject  (  404): [+] The New open count 228
D/inject  (  404): [+] The old openfile fd 45
D/SntpClient(   61): request time failed: java.net.SocketException: Address family not supported by protocol
D/inject  (  404): [+]-----------open test txt file-----------
D/inject  (  404): [+] The New open path /data/data/cn.wps.moffice_eng/files/_localRecord
D/inject  (  404): [+] The New open count 229
D/inject  (  404): [+] The old openfile fd 45
D/inject  (  404): [+]-----------open test txt file-----------
D/inject  (  404): [+] The New open path /data/data/cn.wps.moffice_eng/files/_localRecord
D/inject  (  404): [+] The New open count 230
D/inject  (  404): [+] The old openfile fd 45
D/inject  (  404): [+]-----------open test txt file-----------
D/inject  (  404): [+] The New open path /data/data/cn.wps.moffice_eng/files/_localRecord
D/inject  (  404): [+] The New open count 231
D/inject  (  404): [+] The old openfile fd 45
D/inject  (  404): [+]-----------open test txt file-----------
D/inject  (  404): [+] The New open path /data/data/cn.wps.moffice_eng/files/_localRecord
D/inject  (  404): [+] The New open count 232
D/inject  (  404): [+] The old openfile fd 45
D/SntpClient(   61): request time failed: java.net.SocketException: Address family not supported by protocol
I/dalvikvm(  122): Jit: resizing JitTable from 512 to 1024
D/inject  (  404): [+]-----------open test txt file-----------
D/inject  (  404): [+] The New open path /data/data/cn.wps.moffice_eng/files/_localRecord
D/inject  (  404): [+] The New open count 233
D/inject  (  404): [+] The old openfile fd 45
D/inject  (  404): [+]-----------open test txt file-----------
D/inject  (  404): [+] The New open path /data/data/cn.wps.moffice_eng/files/_localRecord
D/inject  (  404): [+] The New open count 234
D/inject  (  404): [+] The old openfile fd 45
D/SntpClient(   61): request time failed: java.net.SocketException: Address family not supported by protocol
D/inject  (  404): [+]-----------open test txt file-----------
D/inject  (  404): [+] The New open path /data/data/cn.wps.moffice_eng/files/_localRecord
D/inject  (  404): [+] The New open count 235
D/inject  (  404): [+] The old openfile fd 45
D/inject  (  404): [+]-----------open test txt file-----------
D/inject  (  404): [+] The New open path /data/data/cn.wps.moffice_eng/files/_localRecord
D/inject  (  404): [+] The New open count 236
D/inject  (  404): [+] The old openfile fd 45
D/dalvikvm(  404): GC_CONCURRENT freed 2037K, 50% free 4866K/9543K, external 5305K/6625K, paused 8ms+13ms
I/dalvikvm(   61): Total arena pages for JIT: 11
I/dalvikvm(   61): Total arena pages for JIT: 12
D/inject  (  404): [+]-----------open test txt file-----------
D/inject  (  404): [+] The New open path /data/data/cn.wps.moffice_eng/files/_localRecord
D/inject  (  404): [+] The New open count 237
D/inject  (  404): [+] The old openfile fd 45
D/inject  (  404): [+]-----------open test txt file-----------
D/inject  (  404): [+] The New open path /data/data/cn.wps.moffice_eng/files/_localRecord
D/inject  (  404): [+] The New open count 238
D/inject  (  404): [+] The old openfile fd 45
D/SntpClient(   61): request time failed: java.net.SocketException: Address family not supported by protocol
D/inject  (  404): [+]-----------open test txt file-----------
D/inject  (  404): [+] The New open path /data/data/cn.wps.moffice_eng/files/_localRecord
D/inject  (  404): [+] The New open count 239
D/inject  (  404): [+] The old openfile fd 45
D/inject  (  404): [+]-----------open test txt file-----------
D/inject  (  404): [+] The New open path /data/data/cn.wps.moffice_eng/files/_localRecord
D/inject  (  404): [+] The New open count 240
D/inject  (  404): [+] The old openfile fd 45
D/inject  (  404): [+]-----------open test txt file-----------
D/inject  (  404): [+] The New open path /data/data/cn.wps.moffice_eng/files/_localRecord
D/inject  (  404): [+] The New open count 241
D/inject  (  404): [+] The old openfile fd 45
D/inject  (  404): [+]-----------open test txt file-----------
D/inject  (  404): [+] The New open path /data/data/cn.wps.moffice_eng/files/_localRecord
D/inject  (  404): [+] The New open count 242
D/inject  (  404): [+] The old openfile fd 45
D/SntpClient(   61): request time failed: java.net.SocketException: Address family not supported by protocol
D/inject  (  404): [+]-----------open test txt file-----------
D/inject  (  404): [+] The New open path /data/data/cn.wps.moffice_eng/files/_localRecord
D/inject  (  404): [+] The New open count 243
D/inject  (  404): [+] The old openfile fd 45
D/inject  (  404): [+]-----------open test txt file-----------
D/inject  (  404): [+] The New open path /data/data/cn.wps.moffice_eng/files/_localRecord
D/inject  (  404): [+] The New open count 244
D/inject  (  404): [+] The old openfile fd 45
D/SntpClient(   61): request time failed: java.net.SocketException: Address family not supported by protocol
D/inject  (  404): [+]-----------open test txt file-----------
D/inject  (  404): [+] The New open path /data/data/cn.wps.moffice_eng/files/_localRecord
D/inject  (  404): [+] The New open count 245
D/inject  (  404): [+] The old openfile fd 45
D/inject  (  404): [+]-----------open test txt file-----------
D/inject  (  404): [+] The New open path /data/data/cn.wps.moffice_eng/files/_localRecord
D/inject  (  404): [+] The New open count 246
D/inject  (  404): [+] The old openfile fd 45
W/ProcessStats(   61): Skipping unknown process pid 13237
D/inject  (  404): [+]-----------open test txt file-----------
D/inject  (  404): [+] The New open path /data/data/cn.wps.moffice_eng/files/_localRecord
D/inject  (  404): [+] The New open count 247
D/inject  (  404): [+] The old openfile fd 45
D/inject  (  404): [+]-----------open test txt file-----------
D/inject  (  404): [+] The New open path /data/data/cn.wps.moffice_eng/files/_localRecord
D/inject  (  404): [+] The New open count 248
D/inject  (  404): [+] The old openfile fd 45
