W/PackageManager(   62): Unknown permission com.google.android.googleapps.permission.ACCESS_GOOGLE_PASSWORD in package com.android.development
W/PackageManager(   62): Unknown permission com.google.android.googleapps.permission.GOOGLE_AUTH in package com.android.development
W/PackageManager(   62): Unknown permission com.google.android.googleapps.permission.GOOGLE_AUTH.ALL_SERVICES in package com.android.development
W/PackageManager(   62): Unknown permission com.google.android.googleapps.permission.GOOGLE_AUTH.YouTubeUser in package com.android.development
W/PackageManager(   62): Not granting permission android.permission.SET_PREFERRED_APPLICATIONS to package com.mx.browser (protectionLevel=2 flags=0x8be44)
W/PackageManager(   62): Unknown permission android.permission.READ_OWNER_DATA in package com.android.email
W/PackageManager(   62): Not granting permission android.permission.DEVICE_POWER to package com.android.deskclock (protectionLevel=2 flags=0x8be45)
D/dalvikvm(  129): GC_EXTERNAL_ALLOC freed 262K, 50% free 2978K/5895K, external 4421K/4423K, paused 97ms
D/dalvikvm(  129): GC_EXPLICIT freed 95K, 51% free 2946K/5895K, external 5189K/5310K, paused 47ms
D/dalvikvm(  257): GC_CONCURRENT freed 596K, 49% free 3472K/6727K, external 1625K/2137K, paused 3ms+5ms
W/RecognitionManagerService(   62): no available voice recognition services found
D/dalvikvm(   62): GC_EXPLICIT freed 622K, 44% free 4506K/7943K, external 4373K/5573K, paused 113ms
D/dalvikvm(  257): DexOpt: couldn't find field Landroid/content/pm/PackageStats;.externalCacheSize
W/dalvikvm(  257): VFY: unable to resolve instance field 54
D/dalvikvm(  257): VFY: replacing opcode 0x53 at 0x000e
D/dalvikvm(  257): DexOpt: couldn't find field Landroid/content/pm/PackageStats;.externalCodeSize
W/dalvikvm(  257): VFY: unable to resolve instance field 55
D/dalvikvm(  257): VFY: replacing opcode 0x53 at 0x0020
D/dalvikvm(  257): VFY: dead code 0x0010-0019 in Lcom/wandoujia/phoenix2/appwash/controller/ay;.a (Lcom/wandoujia/phoenix2/appwash/controller/ay;Landroid/content/pm/PackageStats;)J
D/dalvikvm(  257): VFY: dead code 0x0022-0022 in Lcom/wandoujia/phoenix2/appwash/controller/ay;.a (Lcom/wandoujia/phoenix2/appwash/controller/ay;Landroid/content/pm/PackageStats;)J
D/dalvikvm(  257): DexOpt: couldn't find field Landroid/content/pm/PackageStats;.externalDataSize
I/dalvikvm(  257): DexOpt: unable to optimize instance field ref 0x0038 at 0x10 in Lcom/wandoujia/phoenix2/appwash/controller/ay;.a
D/dalvikvm(  257): DexOpt: couldn't find field Landroid/content/pm/PackageStats;.externalMediaSize
I/dalvikvm(  257): DexOpt: unable to optimize instance field ref 0x0039 at 0x13 in Lcom/wandoujia/phoenix2/appwash/controller/ay;.a
D/dalvikvm(  257): DexOpt: couldn't find field Landroid/content/pm/PackageStats;.externalObbSize
I/dalvikvm(  257): DexOpt: unable to optimize instance field ref 0x003a at 0x16 in Lcom/wandoujia/phoenix2/appwash/controller/ay;.a
D/OtaStartupReceiver(  123): Not a CDMA phone, no need to process OTA
I/ActivityManager(   62): Start proc com.android.mms for broadcast com.android.mms/.transaction.MmsSystemEventReceiver: pid=304 uid=10015 gids={3003, 1015}
I/RecoverySystem(   62): No recovery log file
I/ActivityThread(  304): Pub com.android.mms.SuggestionsProvider: com.android.mms.SuggestionsProvider
W/Mms/cache(  304): RecipientId 1 not in cache!
I/dalvikvm(   62): Jit: resizing JitTable from 512 to 1024
I/ActivityManager(   62): Start proc com.android.email for broadcast com.android.email/.service.EmailBroadcastReceiver: pid=326 uid=10028 gids={3003, 1015}
I/ActivityThread(  326): Pub com.android.email.provider: com.android.email.provider.EmailProvider
I/ActivityThread(  326): Pub com.android.email.attachmentprovider: com.android.email.provider.AttachmentProvider
I/ActivityThread(  326): Pub com.android.exchange.provider: com.android.exchange.provider.ExchangeProvider
D/EAS SyncManager(  326): !!! EAS SyncManager, onCreate
D/MediaScannerService(  234): start scanning volume internal
D/Eas Debug(  326): Logging: 
D/EAS SyncManager(  326): !!! EAS SyncManager, onDestroy
D/Email   (  326): BOOT_COMPLETED
D/EAS SyncManager(  326): !!! EAS SyncManager, onCreate
D/EAS SyncManager(  326): !!! EAS SyncManager, onStartCommand
D/EAS SyncManager(  326): !!! EAS SyncManager, stopping self
D/EAS SyncManager(  326): !!! EAS SyncManager, onDestroy
D/dalvikvm(  123): GREF has increased to 201
D/dalvikvm(  185): GC_CONCURRENT freed 277K, 52% free 2824K/5767K, external 1625K/2137K, paused 3ms+3ms
D/dalvikvm(  129): GC_EXPLICIT freed 183K, 49% free 3015K/5895K, external 4968K/5310K, paused 46ms
D/MediaScanner(  234):  prescan time: 1162ms
D/MediaScanner(  234):     scan time: 116ms
D/MediaScanner(  234): postscan time: 0ms
D/MediaScanner(  234):    total time: 1278ms
D/MediaScannerService(  234): done scanning volume internal
D/MediaScannerService(  234): start scanning volume external
V/MediaProvider(  234): /mnt/sdcard volume ID: 218050065
D/dalvikvm(  257): GC_CONCURRENT freed 715K, 49% free 3540K/6919K, external 1753K/2137K, paused 4ms+5ms
V/MediaProvider(  234): Attached volume: external
V/MediaScanner(  234): pruneDeadThumbnailFiles... android.database.sqlite.SQLiteCursor@405bd510
V/MediaScanner(  234): /pruneDeadThumbnailFiles... android.database.sqlite.SQLiteCursor@405bd510
D/MediaScanner(  234):  prescan time: 230ms
D/MediaScanner(  234):     scan time: 141ms
D/MediaScanner(  234): postscan time: 50ms
D/MediaScanner(  234):    total time: 421ms
D/MediaScannerService(  234): done scanning volume external
D/dalvikvm(  257): Trying to load lib /data/data/com.wandoujia.phoenix2/lib/libcipher.so 0x40515820
D/dalvikvm(  257): Added shared lib /data/data/com.wandoujia.phoenix2/lib/libcipher.so 0x40515820
D/dalvikvm(  257): No JNI_OnLoad found in /data/data/com.wandoujia.phoenix2/lib/libcipher.so 0x40515820, skipping init
I/dalvikvm(  257): Total arena pages for JIT: 11
I/dalvikvm(  257): Total arena pages for JIT: 12
D/dalvikvm(  257): GC_CONCURRENT freed 865K, 51% free 3519K/7047K, external 1753K/2137K, paused 8ms+3ms
D/dalvikvm(  257): GC_CONCURRENT freed 464K, 46% free 3851K/7047K, external 1753K/2137K, paused 9ms+9ms
I/dalvikvm(  257): Could not find method android.app.ActivityManager.getLauncherLargeIconSize, referenced from method com.wandoujia.phoenix2.utils.ShortcutUtil.a
W/dalvikvm(  257): VFY: unable to resolve virtual method 60: Landroid/app/ActivityManager;.getLauncherLargeIconSize ()I
D/dalvikvm(  257): VFY: replacing opcode 0x6e at 0x0013
D/dalvikvm(  257): VFY: dead code 0x0016-0040 in Lcom/wandoujia/phoenix2/utils/ShortcutUtil;.a (Landroid/graphics/Bitmap;Landroid/content/Context;)Landroid/graphics/Bitmap;
D/inject  (  361): [+] The pid of cn.wps.moffice_eng: -1
D/inject  (  361): [+] Injecting process: -1
I/InputReader(   62): Device reconfigured: id=0x0, name=qwerty2, display size is now 480x800
I/InputManager-Callbacks(   62): No virtual keys found for device qwerty2.
I/ARMAssembler(   62): generated scanline__00000177:03515104_00001001_00000000 [ 91 ipp] (114 ins) at [0x44d81520:0x44d816e8] in 725371 ns
I/ActivityManager(   62): Displayed com.android.launcher/com.android.launcher2.Launcher: +1m17s280ms
D/dalvikvm(  129): GC_EXTERNAL_ALLOC freed 56K, 49% free 3065K/5895K, external 4885K/5310K, paused 44ms
I/ActivityManager(   62): Starting: Intent { act=android.intent.action.MAIN cat=[android.intent.category.LAUNCHER] flg=0x10200000 cmp=cn.wps.moffice_eng/cn.wps.moffice.documentmanager.PreStartActivity } from pid 129
I/ActivityManager(   62): Start proc cn.wps.moffice_eng for activity cn.wps.moffice_eng/cn.wps.moffice.documentmanager.PreStartActivity: pid=362 uid=10037 gids={3003, 1015}
D/dalvikvm(  362): GetFieldID: unable to find field Ljava/util/HashMap;.loadFactor:F
D/dalvikvm(  362): GetFieldID: unable to find field Ljava/util/HashMap;.loadFactor:F
D/dalvikvm(  362): GetFieldID: unable to find field Ljava/util/HashMap;.loadFactor:F
I/dalvikvm(  362): Could not find method cn.wps.moffice.documentmanager.PreStartActivity.getActionBar, referenced from method cn.wps.moffice.documentmanager.PreStartActivity.setDisplayShowCustomEnabled
W/dalvikvm(  362): VFY: unable to resolve virtual method 11013: Lcn/wps/moffice/documentmanager/PreStartActivity;.getActionBar ()Landroid/app/ActionBar;
D/dalvikvm(  362): VFY: replacing opcode 0x6e at 0x0006
D/dalvikvm(  362): VFY: dead code 0x0009-000e in Lcn/wps/moffice/documentmanager/PreStartActivity;.setDisplayShowCustomEnabled (Z)V
D/dalvikvm(  362): GetFieldID: unable to find field Ljava/util/HashMap;.loadFactor:F
I/ActivityManager(   62): Starting: Intent { cmp=cn.wps.moffice_eng/cn.wps.moffice.documentmanager.DocumentManager } from pid 362
D/dalvikvm(  362): GetFieldID: unable to find field Ljava/util/HashMap;.loadFactor:F
D/dalvikvm(  362): GC_EXTERNAL_ALLOC freed 636K, 50% free 3331K/6599K, external 2129K/2137K, paused 53ms
D/dalvikvm(  362): GC_EXTERNAL_ALLOC freed 46K, 49% free 3382K/6599K, external 2611K/2673K, paused 45ms
D/dalvikvm(  362): GetFieldID: unable to find field Ljava/util/HashMap;.loadFactor:F
D/dalvikvm(  362): GetFieldID: unable to find field Ljava/util/HashMap;.loadFactor:F
I/dalvikvm(  362): Failed resolving Lcn/wps/moffice/common/beans/k$1; interface 540 'Landroid/nfc/NfcAdapter$OnNdefPushCompleteCallback;'
W/dalvikvm(  362): Link of class 'Lcn/wps/moffice/common/beans/k$1;' failed
E/dalvikvm(  362): Could not find class 'cn.wps.moffice.common.beans.k$1', referenced from method cn.wps.moffice.common.beans.k.<init>
W/dalvikvm(  362): VFY: unable to resolve new-instance 1597 (Lcn/wps/moffice/common/beans/k$1;) in Lcn/wps/moffice/common/beans/k;
D/dalvikvm(  362): VFY: replacing opcode 0x22 at 0x0039
I/dalvikvm(  362): Failed resolving Lcn/wps/moffice/common/beans/k$3; interface 538 'Landroid/nfc/NfcAdapter$CreateBeamUrisCallback;'
W/dalvikvm(  362): Link of class 'Lcn/wps/moffice/common/beans/k$3;' failed
E/dalvikvm(  362): Could not find class 'cn.wps.moffice.common.beans.k$3', referenced from method cn.wps.moffice.common.beans.k.<init>
W/dalvikvm(  362): VFY: unable to resolve new-instance 1599 (Lcn/wps/moffice/common/beans/k$3;) in Lcn/wps/moffice/common/beans/k;
D/dalvikvm(  362): VFY: replacing opcode 0x22 at 0x0070
D/dalvikvm(  362): VFY: dead code 0x003b-005c in Lcn/wps/moffice/common/beans/k;.<init> (Landroid/app/Activity;)V
D/dalvikvm(  362): VFY: dead code 0x0072-0079 in Lcn/wps/moffice/common/beans/k;.<init> (Landroid/app/Activity;)V
D/water   (  362): packageName: cn.wps.moffice_eng
D/dalvikvm(  362): GetFieldID: unable to find field Ljava/util/HashMap;.loadFactor:F
D/dalvikvm(  362): GetFieldID: unable to find field Ljava/util/HashMap;.loadFactor:F
D/dalvikvm(  362): GetFieldID: unable to find field Ljava/util/HashMap;.loadFactor:F
D/dalvikvm(  362): GetFieldID: unable to find field Ljava/util/HashMap;.loadFactor:F
D/dalvikvm(  362): GetFieldID: unable to find field Ljava/util/HashMap;.loadFactor:F
D/dalvikvm(   62): GREF has increased to 401
D/dalvikvm(  362): GetFieldID: unable to find field Ljava/util/HashMap;.loadFactor:F
D/dalvikvm(  362): GC_CONCURRENT freed 524K, 47% free 3621K/6727K, external 3121K/3694K, paused 7ms+7ms
D/dalvikvm(  362): GetFieldID: unable to find field Ljava/util/HashMap;.loadFactor:F
D/dalvikvm(  362): GetFieldID: unable to find field Ljava/util/HashMap;.loadFactor:F
D/dalvikvm(  362): GetFieldID: unable to find field Ljava/util/HashMap;.loadFactor:F
D/dalvikvm(  362): GetFieldID: unable to find field Ljava/util/HashMap;.loadFactor:F
D/dalvikvm(  362): GC_EXTERNAL_ALLOC freed 327K, 48% free 3590K/6791K, external 3121K/3694K, paused 53ms
D/dalvikvm(  362): GC_EXTERNAL_ALLOC freed 169K, 48% free 3591K/6791K, external 3545K/4295K, paused 48ms
W/ResourceType(   62): Skipping entry 0x7f040000 in package table 0 because it is not complex!
W/ResourceType(   62): Skipping entry 0x7f040017 in package table 0 because it is not complex!
I/ARMAssembler(   62): generated scanline__00000177:03515104_00001002_00000000 [ 87 ipp] (110 ins) at [0x44d816f0:0x44d818a8] in 427435 ns
I/ActivityManager(   62): Displayed cn.wps.moffice_eng/cn.wps.moffice.documentmanager.DocumentManager: +3s268ms (total +4s352ms)
D/dalvikvm(  362): GetFieldID: unable to find field Ljava/util/HashMap;.loadFactor:F
D/dalvikvm(  362): GetFieldID: unable to find field Ljava/util/HashMap;.loadFactor:F
D/dalvikvm(  362): GetFieldID: unable to find field Ljava/util/HashMap;.loadFactor:F
I/ActivityManager(   62): Starting: Intent { cmp=cn.wps.moffice_eng/cn.wps.moffice.startactivity.writer.StartWriterActivity1 (has extras) } from pid 362
I/ActivityManager(   62): Start proc cn.wps.moffice_eng:writer1 for activity cn.wps.moffice_eng/cn.wps.moffice.startactivity.writer.StartWriterActivity1: pid=381 uid=10037 gids={3003, 1015}
D/dalvikvm(  381): GetFieldID: unable to find field Ljava/util/HashMap;.loadFactor:F
D/dalvikvm(  381): GetFieldID: unable to find field Ljava/util/HashMap;.loadFactor:F
D/dalvikvm(  381): GetFieldID: unable to find field Ljava/util/HashMap;.loadFactor:F
I/ActivityManager(   62): Starting: Intent { cmp=cn.wps.moffice_eng/cn.wps.moffice.writer.Writer1 (has extras) } from pid 381
D/dalvikvm(  381): GC_EXTERNAL_ALLOC freed 624K, 50% free 3305K/6535K, external 2131K/2137K, paused 76ms
D/dalvikvm(  381): GC_EXTERNAL_ALLOC freed 41K, 50% free 3316K/6535K, external 2657K/2675K, paused 46ms
D/dalvikvm(  381): GC_EXTERNAL_ALLOC freed 50K, 48% free 3418K/6535K, external 3330K/3332K, paused 46ms
D/dalvikvm(  381): GetFieldID: unable to find field Ljava/util/HashMap;.loadFactor:F
D/dalvikvm(  381): GetFieldID: unable to find field Ljava/util/HashMap;.loadFactor:F
I/dalvikvm(  381): Failed resolving Lcn/wps/moffice/common/beans/k$1; interface 540 'Landroid/nfc/NfcAdapter$OnNdefPushCompleteCallback;'
W/dalvikvm(  381): Link of class 'Lcn/wps/moffice/common/beans/k$1;' failed
E/dalvikvm(  381): Could not find class 'cn.wps.moffice.common.beans.k$1', referenced from method cn.wps.moffice.common.beans.k.<init>
W/dalvikvm(  381): VFY: unable to resolve new-instance 1597 (Lcn/wps/moffice/common/beans/k$1;) in Lcn/wps/moffice/common/beans/k;
D/dalvikvm(  381): VFY: replacing opcode 0x22 at 0x0039
I/dalvikvm(  381): Failed resolving Lcn/wps/moffice/common/beans/k$3; interface 538 'Landroid/nfc/NfcAdapter$CreateBeamUrisCallback;'
W/dalvikvm(  381): Link of class 'Lcn/wps/moffice/common/beans/k$3;' failed
E/dalvikvm(  381): Could not find class 'cn.wps.moffice.common.beans.k$3', referenced from method cn.wps.moffice.common.beans.k.<init>
W/dalvikvm(  381): VFY: unable to resolve new-instance 1599 (Lcn/wps/moffice/common/beans/k$3;) in Lcn/wps/moffice/common/beans/k;
D/dalvikvm(  381): VFY: replacing opcode 0x22 at 0x0070
D/dalvikvm(  381): VFY: dead code 0x003b-005c in Lcn/wps/moffice/common/beans/k;.<init> (Landroid/app/Activity;)V
D/dalvikvm(  381): VFY: dead code 0x0072-0079 in Lcn/wps/moffice/common/beans/k;.<init> (Landroid/app/Activity;)V
D/water   (  381): packageName: cn.wps.moffice_eng
D/dalvikvm(  381): GetFieldID: unable to find field Ljava/util/HashMap;.loadFactor:F
D/dalvikvm(  381): GetFieldID: unable to find field Ljava/util/HashMap;.loadFactor:F
D/dalvikvm(  381): GC_CONCURRENT freed 490K, 47% free 3631K/6727K, external 3627K/4173K, paused 4ms+4ms
D/dalvikvm(  381): GetFieldID: unable to find field Ljava/util/HashMap;.loadFactor:F
D/dalvikvm(  381): GetFieldID: unable to find field Ljava/util/HashMap;.loadFactor:F
D/dalvikvm(  381): GC_EXTERNAL_ALLOC freed 762K, 48% free 3788K/7175K, external 3630K/4173K, paused 119ms
D/dalvikvm(  381): GetFieldID: unable to find field Ljava/util/HashMap;.loadFactor:F
D/inject  (  401): [+] The pid of cn.wps.moffice_eng: 362
I/ActivityManager(   62): Displayed cn.wps.moffice_eng/cn.wps.moffice.writer.Writer1: +2s719ms (total +3s618ms)
W/InputManagerService(   62): Starting input on non-focused client com.android.internal.view.IInputMethodClient$Stub$Proxy@405cbd58 (uid=10037 pid=362)
D/inject  (  401): [+] Injecting process: 362
D/inject  (  401): [+] get_remote_addr: local[afd00000], remote[afd00000]
D/inject  (  401): [+] Remote mmap address: afd170cd
D/inject  (  401): [+] Calling mmap in target process.
D/inject  (  401): [+] Target process returned from mmap, return value=453ce000, pc=0 
D/inject  (  401): [+] get_remote_addr: local[b0001000], remote[b0001000]
D/inject  (  401): [+] get_remote_addr: local[b0001000], remote[b0001000]
D/inject  (  401): [+] get_remote_addr: local[b0001000], remote[b0001000]
D/inject  (  401): [+] Get imports: dlopen: b00059bd, dlsym: b0005915, dlclose: b0005849
D/inject  (  401): [+] Inject code start: c008, end: c084
D/inject  (  401): [+] _dlopen_param1_s: 453d1c9c
D/inject  (  401): [+] _dlsym_param2_s: 453d1d9c
D/inject  (  401): [+] _saved_r0_pc_s: 453d1e9c
D/inject  (  401): [+] _inject_function_param_s: 453d1f9c
D/inject  (  401): [+] Remote shellcode address: 453d1c00
D/inject  (  401): [+] Process Detach: 10
D/inject  (  362): HELLO ARM! I'm parameter1324! pid:362
D/inject  (  362): The Handle of libhook_open: b000d2b0
D/inject  (  362): find it pre 0
D/inject  (  362): find it 8060109c
D/inject  (  362): [+] aaaaaaa do_hook function is invoked 
D/inject  (  362): [+] open addr: 0xafd17111. New addr 0x80600f60
D/inject  (  362): [+] just for test 
D/inject  (  362): [+] set ok 
D/inject  (  362): [+] Get the persist.sys.test  bbbbbbbb
D/inject  (  362): [+] just for test print old_open address 0xafd17111
D/inject  (  362): [+] just for test print new_open address 0x80600f60
D/inject  (  362): [+] Get old address global  afd17111
D/inject  (  362): [+] Get new address global  80600f60
D/inject  (  362): [+] binder path ad100000
D/inject  (  362): [+] Section header table file offset 2e23c
D/inject  (  362): [+] Section header table entry count 15
D/inject  (  362): [+] Section header table entry size 28
D/inject  (  362): [+] Section header string table index 14
D/inject  (  362): [+] Object file type 3
D/inject  (  362): [+] Object file version 1
D/inject  (  362): [+] Out_addr in GOT table before 0
D/inject  (  362): [+] Out_size of func in GOT table before 0
D/inject  (  362): [+] Out_addr in GOT table ad12c138
D/inject  (  362): [+] Out_size of func in GOT table 8c4
D/inject  (  362): [+] Out_addr in GOT table ad12c138
D/inject  (  362): [+] Out_size of func in GOT table 8c4
D/inject  (  362): [+] Out_addr in GOT afd4d5c8
D/inject  (  362): [+] word ffffffff
D/inject  (  362): [+] wordelf ffffffff
D/inject  (  362): [+] Out_addr in GOT 464c457f
D/inject  (  362): [+] target pid 16a
D/inject  (  362): [+] Find got_item ff 
D/inject  (  362): [+] Out_addr in GOT afd4d5c8
D/inject  (  362): [+] Find got item afd4d5c8 
D/inject  (  362): [+] Out_addr in GOT afd4d5c8
D/inject  (  362): [+] Find got item ad12e2a4 
D/inject  (  362): [+] Out_addr in GOT afd4d5c8
D/inject  (  362): [+] Find got item ad12e28c 
D/inject  (  362): [+] Out_addr in GOT afd4d5c8
D/inject  (  362): [+] Find got item ad12e268 
D/inject  (  362): [+] Out_addr in GOT afd4d5c8
D/inject  (  362): [+] Find got item ad12e258 
D/inject  (  362): [+] Out_addr in GOT afd4d5c8
D/inject  (  362): [+] Find got item afd4631c 
D/inject  (  362): [+] Out_addr in GOT afd4d5c8
D/inject  (  362): [+] Find got item ad12e298 
D/inject  (  362): [+] Out_addr in GOT afd4d5c8
D/inject  (  362): [+] Find got item ad12e250 
D/inject  (  362): [+] Out_addr in GOT afd4d5c8
D/inject  (  362): [+] Find got item ad12e280 
D/inject  (  362): [+] Out_addr in GOT afd4d5c8
D/inject  (  362): [+] Find got item ad12e294 
D/inject  (  362): [+] Out_addr in GOT afd4d5c8
D/inject  (  362): [+] Find got item ad12e260 
D/inject  (  362): [+] Out_addr in GOT afd4d5c8
D/inject  (  362): [+] Find got item ad12e278 
D/inject  (  362): [+] Out_addr in GOT afd4d5c8
D/inject  (  362): [+] Find got item afd415c0 
D/inject  (  362): [+] Out_addr in GOT afd4d5c8
D/inject  (  362): [+] Find got item ad12e2a8 
D/inject  (  362): [+] Out_addr in GOT afd4d5c8
D/inject  (  362): [+] Find got item ad12e274 
D/inject  (  362): [+] Out_addr in GOT afd4d5c8
D/inject  (  362): [+] Find got item ad12e27c 
D/inject  (  362): [+] Out_addr in GOT afd4d5c8
D/inject  (  362): [+] Find got item ad12e248 
D/inject  (  362): [+] Out_addr in GOT afd4d5c8
D/inject  (  362): [+] Find got item ad12e2a0 
D/inject  (  362): [+] Out_addr in GOT afd4d5c8
D/inject  (  362): [+] Find got item ad12e25c 
D/inject  (  362): [+] Out_addr in GOT afd4d5c8
D/inject  (  362): [+] Find got item ad12e270 
D/inject  (  362): [+] Out_addr in GOT afd4d5c8
D/inject  (  362): [+] Find got item ad12e288 
D/inject  (  362): [+] Out_addr in GOT afd4d5c8
D/inject  (  362): [+] Find got item ad12e264 
D/inject  (  362): [+] Out_addr in GOT afd4d5c8
D/inject  (  362): [+] Find got item ad12e284 
D/inject  (  362): [+] Out_addr in GOT afd4d5c8
D/inject  (  362): [+] Find got item ad9bc7f1 
D/inject  (  362): [+] Out_addr in GOT afd4d5c8
D/inject  (  362): [+] Find got item ad9bc7f9 
D/inject  (  362): [+] Out_addr in GOT afd4d5c8
D/inject  (  362): [+] Find got item ade45f55 
D/inject  (  362): [+] Out_addr in GOT afd4d5c8
D/inject  (  362): [+] Find got item ade45f69 
D/inject  (  362): [+] Out_addr in GOT afd4d5c8
D/inject  (  362): [+] Find got item ad9bb339 
D/inject  (  362): [+] Out_addr in GOT afd4d5c8
D/inject  (  362): [+] Find got item ad9bb341 
D/inject  (  362): [+] Out_addr in GOT afd4d5c8
D/inject  (  362): [+] Find got item ad9b481d 
D/inject  (  362): [+] Out_addr in GOT afd4d5c8
D/inject  (  362): [+] Find got item ad9b4831 
D/inject  (  362): [+] Out_addr in GOT afd4d5c8
D/inject  (  362): [+] Find got item ad9a5561 
D/inject  (  362): [+] Out_addr in GOT afd4d5c8
D/inject  (  362): [+] Find got item ad9a5569 
D/inject  (  362): [+] Out_addr in GOT afd4d5c8
D/inject  (  362): [+] Find got item ade31305 
D/inject  (  362): [+] Out_addr in GOT afd4d5c8
D/inject  (  362): [+] Find got item ade3130d 
D/inject  (  362): [+] Out_addr in GOT afd4d5c8
D/inject  (  362): [+] Find got item ad12e240 
D/inject  (  362): [+] Out_addr in GOT afd4d5c8
D/inject  (  362): [+] Find got item ad12e244 
D/inject  (  362): [+] Out_addr in GOT afd4d5c8
D/inject  (  362): [+] Find got item ad12e24c 
D/inject  (  362): [+] Out_addr in GOT afd4d5c8
D/inject  (  362): [+] Find got item ad12e254 
D/inject  (  362): [+] Out_addr in GOT afd4d5c8
D/inject  (  362): [+] Find got item ad12e26c 
D/inject  (  362): [+] Out_addr in GOT afd4d5c8
D/inject  (  362): [+] Find got item ad12e290 
D/inject  (  362): [+] Out_addr in GOT afd4d5c8
D/inject  (  362): [+] Find got item ad12e29c 
D/inject  (  362): [+] Out_addr in GOT afd4d5c8
D/inject  (  362): [+] Find got item ade5f751 
D/inject  (  362): [+] Out_addr in GOT afd4d5c8
D/inject  (  362): [+] Find got item ade5f749 
D/inject  (  362): [+] Out_addr in GOT afd4d5c8
D/inject  (  362): [+] Find got item ade5f74d 
D/inject  (  362): [+] Out_addr in GOT afd4d5c8
D/inject  (  362): [+] Find got item adec6b68 
D/inject  (  362): [+] Out_addr in GOT afd4d5c8
D/inject  (  362): [+] Find got item ad12ca00 
D/inject  (  362): [+] Out_addr in GOT afd4d5c8
D/inject  (  362): [+] Find got item afd42610 
D/inject  (  362): [+] Out_addr in GOT afd4d5c8
D/inject  (  362): [+] Find got item 0 
D/inject  (  362): [+] Out_addr in GOT afd4d5c8
D/inject  (  362): [+] Find got item 0 
D/inject  (  362): [+] Out_addr in GOT afd4d5c8
D/inject  (  362): [+] Find got item 0 
D/inject  (  362): [+] Out_addr in GOT afd4d5c8
D/inject  (  362): [+] Find got item afd2092d 
D/inject  (  362): [+] Out_addr in GOT afd4d5c8
D/inject  (  362): [+] Find got item afd19c3d 
D/inject  (  362): [+] Out_addr in GOT afd4d5c8
D/inject  (  362): [+] Find got item afd20a45 
D/inject  (  362): [+] Out_addr in GOT afd4d5c8
D/inject  (  362): [+] Find got item af9038e5 
D/inject  (  362): [+] Out_addr in GOT afd4d5c8
D/inject  (  362): [+] Find got item afd28321 
D/inject  (  362): [+] Out_addr in GOT afd4d5c8
D/inject  (  362): [+] Find got item af9037b1 
D/inject  (  362): [+] Out_addr in GOT afd4d5c8
D/inject  (  362): [+] Find got item afd1c87d 
D/inject  (  362): [+] Out_addr in GOT afd4d5c8
D/inject  (  362): [+] Find got item ade3a295 
D/inject  (  362): [+] Out_addr in GOT afd4d5c8
D/inject  (  362): [+] Find got item ade394bd 
D/inject  (  362): [+] Out_addr in GOT afd4d5c8
D/inject  (  362): [+] Find got item ade39c31 
D/inject  (  362): [+] Out_addr in GOT afd4d5c8
D/inject  (  362): [+] Find got item ad9a4ef5 
D/inject  (  362): [+] Out_addr in GOT afd4d5c8
D/inject  (  362): [+] Find got item ad96a6b1 
D/inject  (  362): [+] Out_addr in GOT afd4d5c8
D/inject  (  362): [+] Find got item ade39141 
D/inject  (  362): [+] Out_addr in GOT afd4d5c8
D/inject  (  362): [+] Find got item ad99e381 
D/inject  (  362): [+] Out_addr in GOT afd4d5c8
D/inject  (  362): [+] Find got item ad96a3f1 
D/inject  (  362): [+] Out_addr in GOT afd4d5c8
D/inject  (  362): [+] Find got item ad99d059 
D/inject  (  362): [+] Out_addr in GOT afd4d5c8
D/inject  (  362): [+] Find got item ade256f1 
D/inject  (  362): [+] Out_addr in GOT afd4d5c8
D/inject  (  362): [+] Find got item ad9a3e51 
D/inject  (  362): [+] Out_addr in GOT afd4d5c8
D/inject  (  362): [+] Find got item ad9a3839 
D/inject  (  362): [+] Out_addr in GOT afd4d5c8
D/inject  (  362): [+] Find got item afd25c95 
D/inject  (  362): [+] Out_addr in GOT afd4d5c8
D/inject  (  362): [+] Find got item afd11fbd 
D/inject  (  362): [+] Out_addr in GOT afd4d5c8
D/inject  (  362): [+] Find got item afd17049 
D/inject  (  362): [+] Out_addr in GOT afd4d5c8
D/inject  (  362): [+] Find got item afd0bba0 
D/inject  (  362): [+] Out_addr in GOT afd4d5c8
D/inject  (  362): [+] Find got item afd0bad0 
D/inject  (  362): [+] Out_addr in GOT afd4d5c8
D/inject  (  362): [+] Find got item afd0e3e0 
D/inject  (  362): [+] Out_addr in GOT afd4d5c8
D/inject  (  362): [+] Find got item afd0e3f4 
D/inject  (  362): [+] Out_addr in GOT afd4d5c8
D/inject  (  362): [+] Find got item afd29855 
D/inject  (  362): [+] Out_addr in GOT afd4d5c8
D/inject  (  362): [+] Find got item afd0bc40 
D/inject  (  362): [+] Out_addr in GOT afd4d5c8
D/inject  (  362): [+] Find got item afc009e1 
D/inject  (  362): [+] Out_addr in GOT afd4d5c8
D/inject  (  362): [+] Find got item afd0bc00 
D/inject  (  362): [+] Out_addr in GOT afd4d5c8
D/inject  (  362): [+] Find got item afc009c1 
D/inject  (  362): [+] Out_addr in GOT afd4d5c8
D/inject  (  362): [+] Find got item afd0bbe0 
D/inject  (  362): [+] Out_addr in GOT afd4d5c8
D/inject  (  362): [+] Find got item afd14de4 
D/inject  (  362): [+] Out_addr in GOT afd4d5c8
D/inject  (  362): [+] Find got item afd20859 
D/inject  (  362): [+] Out_addr in GOT afd4d5c8
D/inject  (  362): [+] Find got item afc009e9 
D/inject  (  362): [+] Out_addr in GOT afd4d5c8
D/inject  (  362): [+] Find got item afd172fd 
D/inject  (  362): [+] Out_addr in GOT afd4d5c8
D/inject  (  362): [+] Find got item afd3742d 
D/inject  (  362): [+] Out_addr in GOT afd4d5c8
D/inject  (  362): [+] Find got item afd17249 
D/inject  (  362): [+] Out_addr in GOT afd4d5c8
D/inject  (  362): [+] Find got item afd171a1 
D/inject  (  362): [+] Out_addr in GOT afd4d5c8
D/inject  (  362): [+] Find got item afc009c9 
D/inject  (  362): [+] Out_addr in GOT afd4d5c8
D/inject  (  362): [+] Find got item afd17ac5 
D/inject  (  362): [+] Out_addr in GOT afd4d5c8
D/inject  (  362): [+] Find got item afd0bc80 
D/inject  (  362): [+] Out_addr in GOT afd4d5c8
D/inject  (  362): [+] Find got item afd19a49 
D/inject  (  362): [+] Out_addr in GOT afd4d5c8
D/inject  (  362): [+] Find got item afd17111 
D/inject  (  362): [+] Out_addr in GOT afd4d5c8
D/inject  (  362): [+] Find got item afd0b530 
D/inject  (  362): [+] Out_addr in GOT afd4d5c8
D/inject  (  362): [+] Find got item afd0b8a0 
D/inject  (  362): [+] Out_addr in GOT afd4d5c8
D/inject  (  362): [+] Find got item ade55315 
D/inject  (  362): [+] Out_addr in GOT afd4d5c8
D/inject  (  362): [+] Find got item ade55329 
D/inject  (  362): [+] Out_addr in GOT afd4d5c8
D/inject  (  362): [+] Find got item ade55301 
D/inject  (  362): [+] Out_addr in GOT afd4d5c8
D/inject  (  362): [+] Find got item ade57501 
D/inject  (  362): [+] Find got item af70ac74 
D/inject  (  362): [+] Out_addr in GOT afd4d5c8
D/inject  (  362): [+] Find got item af708074 
D/inject  (  362): [+] Out_addr in GOT afd4d5c8
D/inject  (  362): [+] Find got item af7055b8 
D/inject  (  362): [+] Out_addr in GOT afd4d5c8
D/inject  (  362): [+] Find got item af704e60 
D/inject  (  362): [+] Out_addr in GOT afd4d5c8
D/inject  (  362): [+] Find got item af70732c 
D/inject  (  362): [+] Out_addr in GOT afd4d5c8
D/inject  (  362): [+] Find got item af705710 
D/inject  (  362): [+] Out_addr in GOT afd4d5c8
D/inject  (  362): [+] Find got item af7051c4 
D/inject  (  362): [+] Out_addr in GOT afd4d5c8
D/inject  (  362): [+] Find got item afd0b550 
D/inject  (  362): [+] Out_addr in GOT afd4d5c8
D/inject  (  362): [+] Find got item af70aca8 
D/inject  (  362): [+] Out_addr in GOT afd4d5c8
D/inject  (  362): [+] Find got item af70b464 
D/inject  (  362): [+] Out_addr in GOT afd4d5c8
D/inject  (  362): [+] Find got item af70af48 
D/inject  (  362): [+] Out_addr in GOT afd4d5c8
D/inject  (  362): [+] Find got item af70addc 
D/inject  (  362): [+] Out_addr in GOT afd4d5c8
D/inject  (  362): [+] Find got item af70d108 
D/inject  (  362): [+] Out_addr in GOT afd4d5c8
D/inject  (  362): [+] Find got item afd0b730 
D/inject  (  362): [+] Out_addr in GOT afd4d5c8
D/inject  (  362): [+] Find got item afd0b860 
D/inject  (  362): [+] Out_addr in GOT afd4d5c8
D/inject  (  362): [+] Find got item afd0b960 
D/inject  (  362): [+] Out_addr in GOT afd4d5c8
D/inject  (  362): [+] Find got item afd0b710 
D/inject  (  362): [+] Out_addr in GOT afd4d5c8
D/inject  (  362): [+] Find got item afd0bb80 
D/inject  (  362): [+] Out_addr in GOT afd4d5c8
D/inject  (  362): [+] Find got item afd0b5f0 
D/inject  (  362): [+] Out_addr in GOT afd4d5c8
D/inject  (  362): [+] Find got item afd170cd 
D/inject  (  362): [+] Out_addr in GOT afd4d5c8
D/inject  (  362): [+] Find got item afd1473d 
D/inject  (  362): [+] Out_addr in GOT afd4d5c8
D/inject  (  362): [+] Find got item afd0b690 
D/inject  (  362): [+] Out_addr in GOT afd4d5c8
D/inject  (  362): [+] Find got item afd0b6b0 
D/inject  (  362): [+] Out_addr in GOT afd4d5c8
D/inject  (  362): [+] Find got item afd0d360 
D/inject  (  362): [+] Out_addr in GOT afd4d5c8
D/inject  (  362): [+] Find got item afd0b6d0 
D/inject  (  362): [+] Out_addr in GOT afd4d5c8
D/inject  (  362): [+] Find got item afd14759 
D/inject  (  362): [+] Out_addr in GOT afd4d5c8
D/inject  (  362): [+] Find got item afd0b630 
D/inject  (  362): [+] Out_addr in GOT afd4d5c8
D/inject  (  362): [+] Find got item afd0c0e0 
D/inject  (  362): [+] Out_addr in GOT afd4d5c8
D/inject  (  362): [+] Find got item afd0c1a0 
D/inject  (  362): [+] Out_addr in GOT afd4d5c8
D/inject  (  362): [+] Find got item afd0c180 
D/inject  (  362): [+] Out_addr in GOT afd4d5c8
D/inject  (  362): [+] Find got item afd0c120 
D/inject  (  362): [+] Find got item af41a2c1 
D/inject  (  362): [+] Out_addr in GOT afd4d5c8
D/inject  (  362): [+] Find got item af41abe1 
D/inject  (  362): [+] Out_addr in GOT afd4d5c8
D/inject  (  362): [+] Find got item af07baf5 
D/inject  (  362): [+] Out_addr in GOT afd4d5c8
D/inject  (  362): [+] Find got item af07b931 
D/inject  (  362): [+] Out_addr in GOT afd4d5c8
D/inject  (  362): [+] Find got item af07ba89 
D/inject  (  362): [+] Out_addr in GOT afd4d5c8
D/inject  (  362): [+] Find got item af41a4c1 
D/inject  (  362): [+] Out_addr in GOT afd4d5c8
D/inject  (  362): [+] Find got item af07bae9 
D/inject  (  362): [+] Out_addr in GOT afd4d5c8
D/inject  (  362): [+] Find got item af420c15 
D/inject  (  362): [+] Out_addr in GOT afd4d5c8
D/inject  (  362): [+] Find got item af41a2e9 
D/inject  (  362): [+] Out_addr in GOT afd4d5c8
D/inject  (  362): [+] Find got item af41a865 
D/inject  (  362): [+] Out_addr in GOT afd4d5c8
D/inject  (  362): [+] Find got item afd10820 
D/inject  (  362): [+] Out_addr in GOT afd4d5c8
D/inject  (  362): [+] Find got item af41c12d 
D/inject  (  362): [+] Out_addr in GOT afd4d5c8
D/inject  (  362): [+] Find got item af41ad29 
D/inject  (  362): [+] Out_addr in GOT afd4d5c8
D/inject  (  362): [+] Find got item af41ad71 
D/inject  (  362): [+] Out_addr in GOT afd4d5c8
D/inject  (  362): [+] Find got item af41d529 
D/inject  (  362): [+] Out_addr in GOT afd4d5c8
D/inject  (  362): [+] Find got item af41a3a1 
D/inject  (  362): [+] Out_addr in GOT afd4d5c8
D/inject  (  362): [+] Find got item af41a535 
D/inject  (  362): [+] Out_addr in GOT afd4d5c8
D/inject  (  362): [+] Find got item ad125a80 
D/inject  (  362): [+] Out_addr in GOT afd4d5c8
D/inject  (  362): [+] Find got item ad12554e 
D/inject  (  362): [+] Out_addr in GOT afd4d5c8
D/inject  (  362): [+] Find got item ad10d2b9 
D/inject  (  362): [+] Out_addr in GOT afd4d5c8
D/inject  (  362): [+] Find got item ad125ab1 
D/inject  (  362): [+] Out_addr in GOT afd4d5c8
D/inject  (  362): [+] Find got item ad125abd 
D/inject  (  362): [+] Out_addr in GOT afd4d5c8
D/inject  (  362): [+] Find got item ad10d699 
D/inject  (  362): [+] Out_addr in GOT afd4d5c8
D/inject  (  362): [+] Find got item ad125af4 
D/inject  (  362): [+] Out_addr in GOT afd4d5c8
D/inject  (  362): [+] Find got item ad125b03 
D/inject  (  362): [+] Out_addr in GOT afd4d5c8
D/inject  (  362): [+] Find got item ad10d619 
D/inject  (  362): [+] Out_addr in GOT afd4d5c8
D/inject  (  362): [+] Find got item ad125b60 
D/inject  (  362): [+] Out_addr in GOT afd4d5c8
D/inject  (  362): [+] Find got item ad125b6d 
D/inject  (  362): [+] Out_addr in GOT afd4d5c8
D/inject  (  362): [+] Find got item ad10d5bd 
D/inject  (  362): [+] Out_addr in GOT afd4d5c8
D/inject  (  362): [+] Find got item ad125ba7 
D/inject  (  362): [+] Out_addr in GOT afd4d5c8
D/inject  (  362): [+] Find got item ad125bb4 
D/inject  (  362): [+] Out_addr in GOT afd4d5c8
D/inject  (  362): [+] Find got item ad10d565 
D/inject  (  362): [+] Out_addr in GOT afd4d5c8
D/inject  (  362): [+] Find got item ad125bee 
D/inject  (  362): [+] Out_addr in GOT afd4d5c8
D/inject  (  362): [+] Find got item ad125bfd 
D/inject  (  362): [+] Out_addr in GOT afd4d5c8
D/inject  (  362): [+] Find got item ad10d50d 
D/inject  (  362): [+] Out_addr in GOT afd4d5c8
D/inject  (  362): [+] Find got item ad125c37 
D/inject  (  362): [+] Out_addr in GOT afd4d5c8
D/inject  (  362): [+] Find got item ad125c45 
D/inject  (  362): [+] Out_addr in GOT afd4d5c8
D/inject  (  362): [+] Find got item ad10d4bd 
D/inject  (  362): [+] Out_addr in GOT afd4d5c8
D/inject  (  362): [+] Find got item ad125c7f 
D/inject  (  362): [+] Out_addr in GOT afd4d5c8
D/inject  (  362): [+] Find got item ad125c8b 
D/inject  (  362): [+] Out_addr in GOT afd4d5c8
D/inject  (  362): [+] Find got item ad10d46d 
D/inject  (  362): [+] Out_addr in GOT afd4d5c8
D/inject  (  362): [+] Find got item ad125cc5 
D/inject  (  362): [+] Out_addr in GOT afd4d5c8
D/inject  (  362): [+] Find got item ad125cd2 
D/inject  (  362): [+] Out_addr in GOT afd4d5c8
D/inject  (  362): [+] Find got item ad10d415 
D/inject  (  362): [+] Out_addr in GOT afd4d5c8
D/inject  (  362): [+] Find got item ad125d0c 
D/inject  (  362): [+] Out_addr in GOT afd4d5c8
D/inject  (  362): [+] Find got item ad125d1a 
D/inject  (  362): [+] Out_addr in GOT afd4d5c8
D/inject  (  362): [+] Find got item ad10d3b9 
D/inject  (  362): [+] Out_addr in GOT afd4d5c8
D/inject  (  362): [+] Find got item ad125d54 
D/inject  (  362): [+] Out_addr in GOT afd4d5c8
D/inject  (  362): [+] Find got item ad125d61 
D/inject  (  362): [+] Out_addr in GOT afd4d5c8
D/inject  (  362): [+] Find got item ad10d361 
D/inject  (  362): [+] Out_addr in GOT afd4d5c8
D/inject  (  362): [+] Find got item ad125db6 
D/inject  (  362): [+] Out_addr in GOT afd4d5c8
D/inject  (  362): [+] Find got item ad125dc3 
D/inject  (  362): [+] Out_addr in GOT afd4d5c8
D/inject  (  362): [+] Find got item ad10d9dd 
D/inject  (  362): [+] Out_addr in GOT afd4d5c8
D/inject  (  362): [+] Find got item ad125dfc 
D/inject  (  362): [+] Out_addr in GOT afd4d5c8
D/inject  (  362): [+] Find got item ad125e09 
D/inject  (  362): [+] Out_addr in GOT afd4d5c8
D/inject  (  362): [+] Find got item ad10d981 
D/inject  (  362): [+] Out_addr in GOT afd4d5c8
D/inject  (  362): [+] Find got item ad125e42 
D/inject  (  362): [+] Out_addr in GOT afd4d5c8
D/inject  (  362): [+] Find got item ad125e4f 
D/inject  (  362): [+] Out_addr in GOT afd4d5c8
D/inject  (  362): [+] Find got item ad10e401 
D/inject  (  362): [+] Out_addr in GOT afd4d5c8
D/inject  (  362): [+] Find got item ad12654b 
D/inject  (  362): [+] Out_addr in GOT afd4d5c8
D/inject  (  362): [+] Find got item ad12554e 
D/inject  (  362): [+] Out_addr in GOT afd4d5c8
D/inject  (  362): [+] Find got item ad10e331 
D/inject  (  362): [+] Out_addr in GOT afd4d5c8
D/inject  (  362): [+] Find got item ad126559 
D/inject  (  362): [+] Out_addr in GOT afd4d5c8
D/inject  (  362): [+] Find got item ad12655e 
D/inject  (  362): [+] Out_addr in GOT afd4d5c8
D/inject  (  362): [+] Find got item ad10e249 
D/inject  (  362): [+] Out_addr in GOT afd4d5c8
D/inject  (  362): [+] Find got item ad126616 
D/inject  (  362): [+] Out_addr in GOT afd4d5c8
D/inject  (  362): [+] Find got item ad12662b 
D/inject  (  362): [+] Out_addr in GOT afd4d5c8
D/inject  (  362): [+] Find got item ad10e4d9 
D/inject  (  362): [+] Out_addr in GOT afd4d5c8
D/inject  (  362): [+] Find got item ad1263c3 
D/inject  (  362): [+] Out_addr in GOT afd4d5c8
D/inject  (  362): [+] Find got item ad1263d1 
D/inject  (  362): [+] Out_addr in GOT afd4d5c8
D/inject  (  362): [+] Find got item ad10ecc9 
D/inject  (  362): [+] Out_addr in GOT afd4d5c8
D/inject  (  362): [+] Find got item ad1263d7 
D/inject  (  362): [+] Out_addr in GOT afd4d5c8
D/inject  (  362): [+] Find got item ad1263dc 
D/inject  (  362): [+] Out_addr in GOT afd4d5c8
D/inject  (  362): [+] Find got item ad10ecbd 
D/inject  (  362): [+] Out_addr in GOT afd4d5c8
D/inject  (  362): [+] Find got item ad1263e1 
D/inject  (  362): [+] Out_addr in GOT afd4d5c8
D/inject  (  362): [+] Find got item ad1263dc 
D/inject  (  362): [+] Out_addr in GOT afd4d5c8
D/inject  (  362): [+] Find got item ad10ecb1 
D/inject  (  362): [+] Out_addr in GOT afd4d5c8
D/inject  (  362): [+] Find got item ad1263e6 
D/inject  (  362): [+] Out_addr in GOT afd4d5c8
D/inject  (  362): [+] Find got item ad1263dc 
D/inject  (  362): [+] Out_addr in GOT afd4d5c8
D/inject  (  362): [+] Find got item ad10eca5 
D/inject  (  362): [+] Out_addr in GOT afd4d5c8
D/inject  (  362): [+] Find got item ad1263eb 
D/inject  (  362): [+] Out_addr in GOT afd4d5c8
D/inject  (  362): [+] Find got item ad1263d1 
D/inject  (  362): [+] Out_addr in GOT afd4d5c8
D/inject  (  362): [+] Find got item ad10ec95 
D/inject  (  362): [+] Out_addr in GOT afd4d5c8
D/inject  (  362): [+] Find got item ad1263f1 
D/inject  (  362): [+] Out_addr in GOT afd4d5c8
D/inject  (  362): [+] Find got item ad1263dc 
D/inject  (  362): [+] Out_addr in GOT afd4d5c8
D/inject  (  362): [+] Find got item ad10ec89 
D/inject  (  362): [+] Out_addr in GOT afd4d5c8
D/inject  (  362): [+] Find got item ad1263f6 
D/inject  (  362): [+] Out_addr in GOT afd4d5c8
D/inject  (  362): [+] Find got item ad1263dc 
D/inject  (  362): [+] Out_addr in GOT afd4d5c8
D/inject  (  362): [+] Find got item ad10ec7d 
D/inject  (  362): [+] Out_addr in GOT afd4d5c8
D/inject  (  362): [+] Find got item ad1263fb 
D/inject  (  362): [+] Out_addr in GOT afd4d5c8
D/inject  (  362): [+] Find got item ad1263dc 
D/inject  (  362): [+] Out_addr in GOT afd4d5c8
D/inject  (  362): [+] Find got item ad10ec71 
D/inject  (  362): [+] Out_addr in GOT afd4d5c8
D/inject  (  362): [+] Find got item ad1263ff 
D/inject  (  362): [+] Out_addr in GOT afd4d5c8
D/inject  (  362): [+] Find got item ad1263dc 
D/inject  (  362): [+] Out_addr in GOT afd4d5c8
D/inject  (  362): [+] Find got item ad10ec65 
D/inject  (  362): [+] Out_addr in GOT afd4d5c8
D/inject  (  362): [+] Find got item ad126404 
D/inject  (  362): [+] Out_addr in GOT afd4d5c8
D/inject  (  362): [+] Find got item ad1263dc 
D/inject  (  362): [+] Out_addr in GOT afd4d5c8
D/inject  (  362): [+] Find got item ad10ec59 
D/inject  (  362): [+] Out_addr in GOT afd4d5c8
D/inject  (  362): [+] Find got item ad126408 
D/inject  (  362): [+] Out_addr in GOT afd4d5c8
D/inject  (  362): [+] Find got item ad126f05 
D/inject  (  362): [+] Out_addr in GOT afd4d5c8
D/inject  (  362): [+] Find got item ad110fa9 
D/inject  (  362): [+] Out_addr in GOT afd4d5c8
D/inject  (  362): [+] Find got item ad126f0e 
D/inject  (  362): [+] Out_addr in GOT afd4d5c8
D/inject  (  362): [+] Find got item ad126b77 
D/inject  (  362): [+] Out_addr in GOT afd4d5c8
D/inject  (  362): [+] Find got item ad11126d 
D/inject  (  362): [+] Out_addr in GOT afd4d5c8
D/inject  (  362): [+] Find got item ad126f13 
D/inject  (  362): [+] Out_addr in GOT afd4d5c8
D/inject  (  362): [+] Find got item ad126f18 
D/inject  (  362): [+] Out_addr in GOT afd4d5c8
D/inject  (  362): [+] Find got item ad111219 
D/inject  (  362): [+] Out_addr in GOT afd4d5c8
D/inject  (  362): [+] Find got item ad126f21 
D/inject  (  362): [+] Out_addr in GOT afd4d5c8
D/inject  (  362): [+] Find got item ad126f2c 
D/inject  (  362): [+] Out_addr in GOT afd4d5c8
D/inject  (  362): [+] Find got item ad1111ad 
D/inject  (  362): [+] Out_addr in GOT afd4d5c8
D/inject  (  362): [+] Find got item ad126f34 
D/inject  (  362): [+] Out_addr in GOT afd4d5c8
D/inject  (  362): [+] Find got item ad126f3a 
D/inject  (  362): [+] Out_addr in GOT afd4d5c8
D/inject  (  362): [+] Find got item ad111151 
D/inject  (  362): [+] Out_addr in GOT afd4d5c8
D/inject  (  362): [+] Find got item ad126f46 
D/inject  (  362): [+] Out_addr in GOT afd4d5c8
D/inject  (  362): [+] Find got item ad126f4b 
D/inject  (  362): [+] Out_addr in GOT afd4d5c8
D/inject  (  362): [+] Find got item ad1110e1 
D/inject  (  362): [+] Out_addr in GOT afd4d5c8
D/inject  (  362): [+] Find got item ad126f52 
D/inject  (  362): [+] Out_addr in GOT afd4d5c8
D/inject  (  362): [+] Find got item ad126f5b 
D/inject  (  362): [+] Out_addr in GOT afd4d5c8
D/inject  (  362): [+] Find got item ad111099 
D/inject  (  362): [+] Out_addr in GOT afd4d5c8
D/inject  (  362): [+] Find got item ad126f7a 
D/inject  (  362): [+] Out_addr in GOT afd4d5c8
D/inject  (  362): [+] Find got item ad126f83 
D/inject  (  362): [+] Out_addr in GOT afd4d5c8
D/inject  (  362): [+] Find got item ad111051 
D/inject  (  362): [+] Out_addr in GOT afd4d5c8
D/inject  (  362): [+] Find got item ad126f89 
D/inject  (  362): [+] Out_addr in GOT afd4d5c8
D/inject  (  362): [+] Find got item ad126f94 
D/inject  (  362): [+] Out_addr in GOT afd4d5c8
D/inject  (  362): [+] Find got item ad110f11 
D/inject  (  362): [+] Out_addr in GOT afd4d5c8
D/inject  (  362): [+] Find got item ad126f9b 
D/inject  (  362): [+] Out_addr in GOT afd4d5c8
D/inject  (  362): [+] Find got item ad126f18 
D/inject  (  362): [+] Out_addr in GOT afd4d5c8
D/inject  (  362): [+] Find got item ad110eb9 
D/inject  (  362): [+] Out_addr in GOT afd4d5c8
D/inject  (  362): [+] Find got item ad126fa1 
D/inject  (  362): [+] Out_addr in GOT afd4d5c8
D/inject  (  362): [+] Find got item ad126f2c 
D/inject  (  362): [+] Out_addr in GOT afd4d5c8
D/inject  (  362): [+] Find got item ad110e61 
D/inject  (  362): [+] Out_addr in GOT afd4d5c8
D/inject  (  362): [+] Find got item ad126fad 
D/inject  (  362): [+] Out_addr in GOT afd4d5c8
D/inject  (  362): [+] Find got item ad126f3a 
D/inject  (  362): [+] Out_addr in GOT afd4d5c8
D/inject  (  362): [+] Find got item ad110e11 
D/inject  (  362): [+] Out_addr in GOT afd4d5c8
D/inject  (  362): [+] Find got item ad1270c1 
D/inject  (  362): [+] Out_addr in GOT afd4d5c8
D/inject  (  362): [+] Find got item ad126f83 
D/inject  (  362): [+] Out_addr in GOT afd4d5c8
D/inject  (  362): [+] Find got item ad1119a5 
D/inject  (  362): [+] Out_addr in GOT afd4d5c8
D/inject  (  362): [+] Find got item ad1270c7 
D/inject  (  362): [+] Out_addr in GOT afd4d5c8
D/inject  (  362): [+] Find got item ad126535 
D/inject  (  362): [+] Out_addr in GOT afd4d5c8
D/inject  (  362): [+] Find got item ad111979 
D/inject  (  362): [+] Out_addr in GOT afd4d5c8
D/inject  (  362): [+] Find got item ad1270cc 
D/inject  (  362): [+] Out_addr in GOT afd4d5c8
D/inject  (  362): [+] Find got item ad12653a 
D/inject  (  362): [+] Out_addr in GOT afd4d5c8
D/inject  (  362): [+] Find got item ad1279e4 
D/inject  (  362): [+] Out_addr in GOT afd4d5c8
D/inject  (  362): [+] Find got item ad114949 
D/inject  (  362): [+] Out_addr in GOT afd4d5c8
D/inject  (  362): [+] Find got item ad127be3 
D/inject  (  362): [+] Out_addr in GOT afd4d5c8
D/inject  (  362): [+] Find got item ad126535 
D/inject  (  362): [+] Out_addr in GOT afd4d5c8
D/inject  (  362): [+] Find got item ad114f7d 
D/inject  (  362): [+] Out_addr in GOT afd4d5c8
D/inject  (  362): [+] Find got item ad127bf2 
D/inject  (  362): [+] Out_addr in GOT afd4d5c8
D/inject  (  362): [+] Find got item ad127b8f 
D/inject  (  362): [+] Out_addr in GOT afd4d5c8
D/inject  (  362): [+] Find got item ad115159 
D/inject  (  362): [+] Out_addr in GOT afd4d5c8
D/inject  (  362): [+] Find got item ad127c03 
D/inject  (  362): [+] Out_addr in GOT afd4d5c8
D/inject  (  362): [+] Find got item ad127c0c 
D/inject  (  362): [+] Out_addr in GOT afd4d5c8
D/inject  (  362): [+] Find got item ad115061 
D/inject  (  362): [+] Out_addr in GOT afd4d5c8
D/inject  (  362): [+] Find got item ad127c35 
D/inject  (  362): [+] Out_addr in GOT afd4d5c8
D/inject  (  362): [+] Find got item ad127c42 
D/inject  (  362): [+] Out_addr in GOT afd4d5c8
D/inject  (  362): [+] Find got item ad1159e9 
D/inject  (  362): [+] Out_addr in GOT afd4d5c8
D/inject  (  362): [+] Find got item ad127c5a 
D/inject  (  362): [+] Out_addr in GOT afd4d5c8
D/inject  (  362): [+] Find got item ad127c42 
D/inject  (  362): [+] Out_addr in GOT afd4d5c8
D/inject  (  362): [+] Find got item ad115add 
D/inject  (  362): [+] Out_addr in GOT afd4d5c8
D/inject  (  362): [+] Find got item ad127c63 
D/inject  (  362): [+] Out_addr in GOT afd4d5c8
D/inject  (  362): [+] Find got item ad127c42 
D/inject  (  362): [+] Out_addr in GOT afd4d5c8
D/inject  (  362): [+] Find got item ad1159bd 
D/inject  (  362): [+] Out_addr in GOT afd4d5c8
D/inject  (  362): [+] Find got item ad127c6a 
D/inject  (  362): [+] Out_addr in GOT afd4d5c8
D/inject  (  362): [+] Find got item ad127c7a 
D/inject  (  362): [+] Out_addr in GOT afd4d5c8
D/inject  (  362): [+] Find got item ad114939 
D/inject  (  362): [+] Out_addr in GOT afd4d5c8
D/inject  (  362): [+] Find got item ad127c91 
D/inject  (  362): [+] Out_addr in GOT afd4d5c8
D/inject  (  362): [+] Find got item ad127ca2 
D/inject  (  362): [+] Out_addr in GOT afd4d5c8
D/inject  (  362): [+] Find got item ad1151b5 
D/inject  (  362): [+] Out_addr in GOT afd4d5c8
D/inject  (  362): [+] Find got item ad127cca 
D/inject  (  362): [+] Out_addr in GOT afd4d5c8
D/inject  (  362): [+] Find got item ad127cd3 
D/inject  (  362): [+] Out_addr in GOT afd4d5c8
D/inject  (  362): [+] Find got item ad1150dd 
D/inject  (  362): [+] Out_addr in GOT afd4d5c8
D/inject  (  362): [+] Find got item ad128cb3 
D/inject  (  362): [+] Out_addr in GOT afd4d5c8
D/inject  (  362): [+] Find got item ad128b71 
D/inject  (  362): [+] Out_addr in GOT afd4d5c8
D/inject  (  362): [+] Find got item ad1181dd 
D/inject  (  362): [+] Out_addr in GOT afd4d5c8
D/inject  (  362): [+] Find got item ad128cba 
D/inject  (  362): [+] Out_addr in GOT afd4d5c8
D/inject  (  362): [+] Find got item ad128b84 
D/inject  (  362): [+] Out_addr in GOT afd4d5c8
D/inject  (  362): [+] Find got item ad1181b9 
D/inject  (  362): [+] Out_addr in GOT afd4d5c8
D/inject  (  362): [+] Find got item ad128cc6 
D/inject  (  362): [+] Out_addr in GOT afd4d5c8
D/inject  (  362): [+] Find got item ad126667 
D/inject  (  362): [+] Out_addr in GOT afd4d5c8
D/inject  (  362): [+] Find got item ad11819d 
D/inject  (  362): [+] Out_addr in GOT afd4d5c8
D/inject  (  362): [+] Find got item ad128cd7 
D/inject  (  362): [+] Out_addr in GOT afd4d5c8
D/inject  (  362): [+] Find got item ad126edd 
D/inject  (  362): [+] Out_addr in GOT afd4d5c8
D/inject  (  362): [+] Find got item ad118195 
D/inject  (  362): [+] Out_addr in GOT afd4d5c8
D/inject  (  362): [+] Find got item ad128ce5 
D/inject  (  362): [+] Out_addr in GOT afd4d5c8
D/inject  (  362): [+] Find got item ad1261e3 
D/inject  (  362): [+] Out_addr in GOT afd4d5c8
D/inject  (  362): [+] Find got item ad11814d 
D/inject  (  362): [+] Out_addr in GOT afd4d5c8
D/inject  (  362): [+] Find got item ad128cef 
D/inject  (  362): [+] Out_addr in GOT afd4d5c8
D/inject  (  362): [+] Find got item ad128cfd 
D/inject  (  362): [+] Out_addr in GOT afd4d5c8
D/inject  (  362): [+] Find got item ad117db5 
D/inject  (  362): [+] Out_addr in GOT afd4d5c8
D/inject  (  362): [+] Find got item ad128d03 
D/inject  (  362): [+] Out_addr in GOT afd4d5c8
