E/dalvikvm(  349): Could not find class 'cn.wps.moffice.common.beans.k$1', referenced from method cn.wps.moffice.common.beans.k.<init>
W/dalvikvm(  349): VFY: unable to resolve new-instance 1597 (Lcn/wps/moffice/common/beans/k$1;) in Lcn/wps/moffice/common/beans/k;
D/dalvikvm(  349): VFY: replacing opcode 0x22 at 0x0039
I/dalvikvm(  349): Failed resolving Lcn/wps/moffice/common/beans/k$3; interface 538 'Landroid/nfc/NfcAdapter$CreateBeamUrisCallback;'
W/dalvikvm(  349): Link of class 'Lcn/wps/moffice/common/beans/k$3;' failed
E/dalvikvm(  349): Could not find class 'cn.wps.moffice.common.beans.k$3', referenced from method cn.wps.moffice.common.beans.k.<init>
W/dalvikvm(  349): VFY: unable to resolve new-instance 1599 (Lcn/wps/moffice/common/beans/k$3;) in Lcn/wps/moffice/common/beans/k;
D/dalvikvm(  349): VFY: replacing opcode 0x22 at 0x0070
D/dalvikvm(  349): VFY: dead code 0x003b-005c in Lcn/wps/moffice/common/beans/k;.<init> (Landroid/app/Activity;)V
D/dalvikvm(  349): VFY: dead code 0x0072-0079 in Lcn/wps/moffice/common/beans/k;.<init> (Landroid/app/Activity;)V
D/water   (  349): packageName: cn.wps.moffice_eng
D/dalvikvm(  349): GetFieldID: unable to find field Ljava/util/HashMap;.loadFactor:F
D/dalvikvm(  349): GetFieldID: unable to find field Ljava/util/HashMap;.loadFactor:F
D/dalvikvm(  349): GetFieldID: unable to find field Ljava/util/HashMap;.loadFactor:F
D/dalvikvm(  349): GetFieldID: unable to find field Ljava/util/HashMap;.loadFactor:F
D/dalvikvm(  349): GetFieldID: unable to find field Ljava/util/HashMap;.loadFactor:F
D/dalvikvm(  349): GetFieldID: unable to find field Ljava/util/HashMap;.loadFactor:F
D/dalvikvm(  349): GetFieldID: unable to find field Ljava/util/HashMap;.loadFactor:F
D/dalvikvm(  349): GC_CONCURRENT freed 525K, 47% free 3584K/6727K, external 3171K/3694K, paused 4ms+4ms
D/dalvikvm(  349): GetFieldID: unable to find field Ljava/util/HashMap;.loadFactor:F
D/dalvikvm(  349): GetFieldID: unable to find field Ljava/util/HashMap;.loadFactor:F
D/dalvikvm(  349): GetFieldID: unable to find field Ljava/util/HashMap;.loadFactor:F
D/dalvikvm(  349): GetFieldID: unable to find field Ljava/util/HashMap;.loadFactor:F
D/dalvikvm(  349): GC_EXTERNAL_ALLOC freed 392K, 48% free 3608K/6855K, external 3160K/3694K, paused 460ms
D/dalvikvm(  349): GC_EXTERNAL_ALLOC freed 153K, 48% free 3620K/6855K, external 3583K/4343K, paused 49ms
D/dalvikvm(  349): GC_EXTERNAL_ALLOC freed 109K, 48% free 3595K/6855K, external 5169K/5169K, paused 48ms
W/ResourceType(   61): Skipping entry 0x7f040000 in package table 0 because it is not complex!
W/ResourceType(   61): Skipping entry 0x7f040017 in package table 0 because it is not complex!
I/ARMAssembler(   61): generated scanline__00000177:03515104_00001002_00000000 [ 87 ipp] (110 ins) at [0x44c7e6f0:0x44c7e8a8] in 438905 ns
I/ActivityManager(   61): Displayed cn.wps.moffice_eng/cn.wps.moffice.documentmanager.DocumentManager: +4s801ms (total +5s867ms)
D/dalvikvm(  349): GC_EXTERNAL_ALLOC freed 433K, 44% free 3913K/6983K, external 4998K/5414K, paused 56ms
D/dalvikvm(  349): GC_EXTERNAL_ALLOC freed 157K, 45% free 3846K/6983K, external 6138K/6588K, paused 49ms
D/dalvikvm(  349): GetFieldID: unable to find field Ljava/util/HashMap;.loadFactor:F
D/dalvikvm(  349): GetFieldID: unable to find field Ljava/util/HashMap;.loadFactor:F
D/dalvikvm(  349): GetFieldID: unable to find field Ljava/util/HashMap;.loadFactor:F
I/ActivityManager(   61): Starting: Intent { cmp=cn.wps.moffice_eng/cn.wps.moffice.startactivity.writer.StartWriterActivity1 (has extras) } from pid 349
I/ActivityManager(   61): Start proc cn.wps.moffice_eng:writer1 for activity cn.wps.moffice_eng/cn.wps.moffice.startactivity.writer.StartWriterActivity1: pid=368 uid=10037 gids={3003, 1015}
D/dalvikvm(  368): GetFieldID: unable to find field Ljava/util/HashMap;.loadFactor:F
D/dalvikvm(  368): GetFieldID: unable to find field Ljava/util/HashMap;.loadFactor:F
D/dalvikvm(  368): GetFieldID: unable to find field Ljava/util/HashMap;.loadFactor:F
I/ActivityManager(   61): Starting: Intent { cmp=cn.wps.moffice_eng/cn.wps.moffice.writer.Writer1 (has extras) } from pid 368
D/dalvikvm(  368): GC_EXTERNAL_ALLOC freed 624K, 50% free 3305K/6535K, external 2131K/2137K, paused 54ms
D/dalvikvm(  368): GC_EXTERNAL_ALLOC freed 41K, 50% free 3316K/6535K, external 2657K/2675K, paused 45ms
D/dalvikvm(  368): GC_EXTERNAL_ALLOC freed 50K, 48% free 3418K/6535K, external 3330K/3332K, paused 47ms
D/dalvikvm(  368): GetFieldID: unable to find field Ljava/util/HashMap;.loadFactor:F
D/dalvikvm(  368): GetFieldID: unable to find field Ljava/util/HashMap;.loadFactor:F
I/dalvikvm(  368): Failed resolving Lcn/wps/moffice/common/beans/k$1; interface 540 'Landroid/nfc/NfcAdapter$OnNdefPushCompleteCallback;'
W/dalvikvm(  368): Link of class 'Lcn/wps/moffice/common/beans/k$1;' failed
E/dalvikvm(  368): Could not find class 'cn.wps.moffice.common.beans.k$1', referenced from method cn.wps.moffice.common.beans.k.<init>
W/dalvikvm(  368): VFY: unable to resolve new-instance 1597 (Lcn/wps/moffice/common/beans/k$1;) in Lcn/wps/moffice/common/beans/k;
D/dalvikvm(  368): VFY: replacing opcode 0x22 at 0x0039
I/dalvikvm(  368): Failed resolving Lcn/wps/moffice/common/beans/k$3; interface 538 'Landroid/nfc/NfcAdapter$CreateBeamUrisCallback;'
W/dalvikvm(  368): Link of class 'Lcn/wps/moffice/common/beans/k$3;' failed
E/dalvikvm(  368): Could not find class 'cn.wps.moffice.common.beans.k$3', referenced from method cn.wps.moffice.common.beans.k.<init>
W/dalvikvm(  368): VFY: unable to resolve new-instance 1599 (Lcn/wps/moffice/common/beans/k$3;) in Lcn/wps/moffice/common/beans/k;
D/dalvikvm(  368): VFY: replacing opcode 0x22 at 0x0070
D/dalvikvm(  368): VFY: dead code 0x003b-005c in Lcn/wps/moffice/common/beans/k;.<init> (Landroid/app/Activity;)V
D/dalvikvm(  368): VFY: dead code 0x0072-0079 in Lcn/wps/moffice/common/beans/k;.<init> (Landroid/app/Activity;)V
D/water   (  368): packageName: cn.wps.moffice_eng
D/dalvikvm(  368): GetFieldID: unable to find field Ljava/util/HashMap;.loadFactor:F
D/dalvikvm(  368): GetFieldID: unable to find field Ljava/util/HashMap;.loadFactor:F
D/dalvikvm(  368): GC_CONCURRENT freed 486K, 46% free 3635K/6727K, external 3627K/4173K, paused 3ms+3ms
D/dalvikvm(  368): GetFieldID: unable to find field Ljava/util/HashMap;.loadFactor:F
D/dalvikvm(  368): GetFieldID: unable to find field Ljava/util/HashMap;.loadFactor:F
D/dalvikvm(  368): GC_EXTERNAL_ALLOC freed 771K, 48% free 3788K/7175K, external 3630K/4173K, paused 57ms
D/dalvikvm(  368): GetFieldID: unable to find field Ljava/util/HashMap;.loadFactor:F
D/dalvikvm(  368): GC_EXTERNAL_ALLOC freed 467K, 47% free 3868K/7239K, external 4951K/6132K, paused 83ms
D/dalvikvm(  368): GC_EXTERNAL_ALLOC freed 20K, 47% free 3864K/7239K, external 6596K/8237K, paused 70ms
I/ActivityManager(   61): Displayed cn.wps.moffice_eng/cn.wps.moffice.writer.Writer1: +2s747ms (total +3s580ms)
I/dalvikvm(  349): Jit: resizing JitTable from 512 to 1024
D/dalvikvm(  368): GetFieldID: unable to find field Ljava/util/HashMap;.loadFactor:F
D/dalvikvm(  368): GetFieldID: unable to find field Ljava/util/HashMap;.loadFactor:F
D/dalvikvm(  368): GC_EXTERNAL_ALLOC freed 233K, 45% free 4005K/7239K, external 10221K/10289K, paused 103ms
W/InputMethodManager(  368): Ignoring onBind: cur seq=6, given seq=5
D/dalvikvm(  349): GC_EXTERNAL_ALLOC freed 585K, 45% free 3995K/7239K, external 4669K/5831K, paused 172ms
D/dalvikvm(  349): GC_EXTERNAL_ALLOC freed 192K, 47% free 3890K/7239K, external 5641K/5641K, paused 53ms
D/dalvikvm(  349): GC_EXTERNAL_ALLOC freed 74K, 47% free 3899K/7239K, external 5946K/5946K, paused 49ms
W/KeyCharacterMap(  368): No keyboard for id 0
W/KeyCharacterMap(  368): Using default keymap: /system/usr/keychars/qwerty.kcm.bin
D/dalvikvm(  368): GC_EXTERNAL_ALLOC freed 255K, 45% free 4048K/7239K, external 10811K/11579K, paused 118ms
D/dalvikvm(  349): GC_EXTERNAL_ALLOC freed 180K, 46% free 3940K/7239K, external 4360K/5445K, paused 120ms
D/dalvikvm(  349): GC_EXTERNAL_ALLOC freed 117K, 46% free 3910K/7239K, external 5641K/5641K, paused 125ms
I/ActivityManager(   61): Starting: Intent { cmp=cn.wps.moffice_eng/cn.wps.moffice.documentmanager.DocumentManager } from pid 368
D/dalvikvm(  349): GC_EXTERNAL_ALLOC freed 98K, 46% free 3920K/7239K, external 5946K/5946K, paused 50ms
D/dalvikvm(  349): GetFieldID: unable to find field Ljava/util/HashMap;.loadFactor:F
D/dalvikvm(  349): GetFieldID: unable to find field Ljava/util/HashMap;.loadFactor:F
D/dalvikvm(  349): GetFieldID: unable to find field Ljava/util/HashMap;.loadFactor:F
D/dalvikvm(  349): GetFieldID: unable to find field Ljava/util/HashMap;.loadFactor:F
D/dalvikvm(  349): GetFieldID: unable to find field Ljava/util/HashMap;.loadFactor:F
D/dalvikvm(  349): GetFieldID: unable to find field Ljava/util/HashMap;.loadFactor:F
D/dalvikvm(  349): GetFieldID: unable to find field Ljava/util/HashMap;.loadFactor:F
D/dalvikvm(  349): GetFieldID: unable to find field Ljava/util/HashMap;.loadFactor:F
D/dalvikvm(  349): GetFieldID: unable to find field Ljava/util/HashMap;.loadFactor:F
D/dalvikvm(  349): GC_EXTERNAL_ALLOC freed 275K, 46% free 3971K/7239K, external 4360K/5445K, paused 54ms
D/dalvikvm(  349): GC_EXTERNAL_ALLOC freed 119K, 46% free 3940K/7239K, external 5629K/5629K, paused 50ms
D/dalvikvm(  349): GC_EXTERNAL_ALLOC freed 74K, 46% free 3950K/7239K, external 5935K/5935K, paused 50ms
W/InputManagerService(   61): Starting input on non-focused client com.android.internal.view.IInputMethodClient$Stub$Proxy@40777930 (uid=10037 pid=368)
W/IInputConnectionWrapper(  368): showStatusIcon on inactive InputConnection
I/System.out(  349): flushRecord:12525019-b757-4845-ad1d-0a537e78bd9c
D/inject  (  393): [+] The pid of cn.wps.moffice_eng: 349
D/inject  (  393): [+] Injecting process: 349
D/inject  (  393): [+] get_remote_addr: local[afd00000], remote[afd00000]
D/inject  (  393): [+] Remote mmap address: afd170cd
D/inject  (  393): [+] Calling mmap in target process.
D/inject  (  393): [+] Target process returned from mmap, return value=4543d000, pc=0 
D/inject  (  393): [+] get_remote_addr: local[b0001000], remote[b0001000]
D/inject  (  393): [+] get_remote_addr: local[b0001000], remote[b0001000]
D/inject  (  393): [+] get_remote_addr: local[b0001000], remote[b0001000]
D/inject  (  393): [+] Get imports: dlopen: b00059bd, dlsym: b0005915, dlclose: b0005849
D/inject  (  393): [+] Inject code start: c008, end: c084
D/inject  (  393): [+] _dlopen_param1_s: 45440c9c
D/inject  (  393): [+] _dlsym_param2_s: 45440d9c
D/inject  (  393): [+] _saved_r0_pc_s: 45440e9c
D/inject  (  393): [+] _inject_function_param_s: 45440f9c
D/inject  (  393): [+] Remote shellcode address: 45440c00
D/inject  (  393): [+] Process Detach: 10
D/inject  (  349): hello ARM! I'm parameter1324! pid:349
D/inject  (  349): The Handle of libhook_open: b000d2b0
D/inject  (  349): find it pre 0
D/inject  (  349): find it 806010e8
D/inject  (  349): [+] aaaaaaa do_hook function is invoked 
D/inject  (  349): [+] open addr: 0xafd17111. New addr 0x80600f90
D/inject  (  349): [+] just for test info 
D/inject  (  349): [+] set ok 
D/inject  (  349): [+] Get the persist.sys.test  bbbbbbbb
D/inject  (  349): [+] just for test print old_open address 0xafd17111
D/inject  (  349): [+] just for test print new_open address 0x80600f90
D/inject  (  349): [+] Get old address global  afd17111
D/inject  (  349): [+] Get new address global  80600f90
D/inject  (  349): [+] binder path ad100000
D/inject  (  349): [+] Section header table file offset 2e23c
D/inject  (  349): [+] Section header table entry count 15
D/inject  (  349): [+] Section header table entry size 28
D/inject  (  349): [+] Section header string table index 14
D/inject  (  349): [+] Object file type 3
D/inject  (  349): [+] Object file version 1
D/inject  (  349): [+] Out_addr in GOT table before 0
D/inject  (  349): [+] Out_size of func in GOT table before 0
D/inject  (  349): [+] Out_addr in GOT table ad12c138
D/inject  (  349): [+] Out_size of func in GOT table 8c4
D/inject  (  349): [+] Out_addr in GOT table ad12c138
D/inject  (  349): [+] Out_size of func in GOT table 8c4
D/inject  (  349): [+] Out_addr in GOT afd4d5c8
D/inject  (  349): [+] old open address 20000 afd17111
D/inject  (  349): [+] Out_addr in GOT 464c457f
D/inject  (  349): [+] target pid 15d
D/inject  (  349): [+] old open address 22223 afd17111
D/inject  (  349): [+] Find got_item ff 
D/inject  (  349): [+] old open address 3333 afd17111
D/inject  (  349): [+] old open address 3333 afffffff
D/inject  (  349): [+] new open address 3333 80600f90
D/inject  (  349): [+] new open address 3333 80600f90
D/inject  (  349): [+] Find got item afd4d5c8 
D/inject  (  349): [+] Find got item ad12e2a4 
D/inject  (  349): [+] Find got item ad12e28c 
D/inject  (  349): [+] Find got item ad12e268 
D/inject  (  349): [+] Find got item ad12e258 
D/inject  (  349): [+] Find got item afd4631c 
D/inject  (  349): [+] Find got item ad12e298 
D/inject  (  349): [+] Find got item ad12e250 
D/inject  (  349): [+] Find got item ad12e280 
D/inject  (  349): [+] Find got item ad12e294 
D/inject  (  349): [+] Find got item ad12e260 
D/inject  (  349): [+] Find got item ad12e278 
D/inject  (  349): [+] Find got item afd415c0 
D/inject  (  349): [+] Find got item ad12e2a8 
D/inject  (  349): [+] Find got item ad12e274 
D/inject  (  349): [+] Find got item ad12e27c 
D/inject  (  349): [+] Find got item ad12e248 
D/inject  (  349): [+] Find got item ad12e2a0 
D/inject  (  349): [+] Find got item ad12e25c 
D/inject  (  349): [+] Find got item ad12e270 
D/inject  (  349): [+] Find got item ad12e288 
D/inject  (  349): [+] Find got item ad12e264 
D/inject  (  349): [+] Find got item ad12e284 
D/inject  (  349): [+] Find got item ad9bc7f1 
D/inject  (  349): [+] Find got item ad9bc7f9 
D/inject  (  349): [+] Find got item ade45f55 
D/inject  (  349): [+] Find got item ade45f69 
D/inject  (  349): [+] Find got item ad9bb339 
D/inject  (  349): [+] Find got item ad9bb341 
D/inject  (  349): [+] Find got item ad9b481d 
D/inject  (  349): [+] Find got item ad9b4831 
D/inject  (  349): [+] Find got item ad9a5561 
D/inject  (  349): [+] Find got item ad9a5569 
D/inject  (  349): [+] Find got item ade31305 
D/inject  (  349): [+] Find got item ade3130d 
D/inject  (  349): [+] Find got item ad12e240 
D/inject  (  349): [+] Find got item ad12e244 
D/inject  (  349): [+] Find got item ad12e24c 
D/inject  (  349): [+] Find got item ad12e254 
D/inject  (  349): [+] Find got item ad12e26c 
D/inject  (  349): [+] Find got item ad12e290 
D/inject  (  349): [+] Find got item ad12e29c 
D/inject  (  349): [+] Find got item ade5f751 
D/inject  (  349): [+] Find got item ade5f749 
D/inject  (  349): [+] Find got item ade5f74d 
D/inject  (  349): [+] Find got item adec6b68 
D/inject  (  349): [+] Find got item ad12ca00 
D/inject  (  349): [+] Find got item afd42610 
D/inject  (  349): [+] Find got item 0 
D/inject  (  349): [+] Find got item 0 
D/inject  (  349): [+] Find got item 0 
D/inject  (  349): [+] Find got item afd2092d 
D/inject  (  349): [+] Find got item afd19c3d 
D/inject  (  349): [+] Find got item afd20a45 
D/inject  (  349): [+] Find got item af9038e5 
D/inject  (  349): [+] Find got item afd28321 
D/inject  (  349): [+] Find got item af9037b1 
D/inject  (  349): [+] Find got item afd1c87d 
D/inject  (  349): [+] Find got item ade3a295 
D/inject  (  349): [+] Find got item ade394bd 
D/inject  (  349): [+] Find got item ade39c31 
D/inject  (  349): [+] Find got item ad9a4ef5 
D/inject  (  349): [+] Find got item ad96a6b1 
D/inject  (  349): [+] Find got item ade39141 
D/inject  (  349): [+] Find got item ad99e381 
D/inject  (  349): [+] Find got item ad96a3f1 
D/inject  (  349): [+] Find got item ad99d059 
D/inject  (  349): [+] Find got item ade256f1 
D/inject  (  349): [+] Find got item ad9a3e51 
D/inject  (  349): [+] Find got item ad9a3839 
D/inject  (  349): [+] Find got item afd25c95 
D/inject  (  349): [+] Find got item afd11fbd 
D/inject  (  349): [+] Find got item afd17049 
D/inject  (  349): [+] Find got item afd0bba0 
D/inject  (  349): [+] Find got item afd0bad0 
D/inject  (  349): [+] Find got item afd0e3e0 
D/inject  (  349): [+] Find got item afd0e3f4 
D/inject  (  349): [+] Find got item afd29855 
D/inject  (  349): [+] Find got item afd0bc40 
D/inject  (  349): [+] Find got item afc009e1 
D/inject  (  349): [+] Find got item afd0bc00 
D/inject  (  349): [+] Find got item afc009c1 
D/inject  (  349): [+] Find got item afd0bbe0 
D/inject  (  349): [+] Find got item afd14de4 
D/inject  (  349): [+] Find got item afd20859 
D/inject  (  349): [+] Find got item afc009e9 
D/inject  (  349): [+] Find got item afd172fd 
D/inject  (  349): [+] Find got item afd3742d 
D/inject  (  349): [+] Find got item afd17249 
D/inject  (  349): [+] Find got item afd171a1 
D/inject  (  349): [+] Find got item afc009c9 
D/inject  (  349): [+] Find got item afd17ac5 
D/inject  (  349): [+] Find got item afd0bc80 
D/inject  (  349): [+] Find got item afd19a49 
D/inject  (  349): [+] Find got item afd17111 
D/inject  (  349): [+] Find open and replace 
D/inject  (  349): [+]-----------open test txt file-----------
D/inject  (  349): [+] The New open path /mnt/sdcard/KingsoftOffice/.history/.nomedia/255b33a7e966eec4c33af01fa9395c5f.png
D/inject  (  349): [+] The New open count 1
D/inject  (  349): [+] The old openfile fd 42
D/inject  (  349): [+]-----------open test txt file-----------
D/inject  (  349): [+] The New open path /mnt/sdcard/KingsoftOffice/.history/.nomedia/255b33a7e966eec4c33af01fa9395c5f.png
D/inject  (  349): [+] The New open count 2
D/inject  (  349): [+] The old openfile fd 42
D/dalvikvm(  349): GC_EXTERNAL_ALLOC freed 278K, 46% free 3964K/7239K, external 6240K/6240K, paused 51ms
D/inject  (  349): [+]-----------open test txt file-----------
D/inject  (  349): [+] The New open path /data/data/cn.wps.moffice_eng/files/AppPersistence
D/inject  (  349): [+] The New open count 3
D/inject  (  349): [+] The old openfile fd 42
D/dalvikvm(  349): GetFieldID: unable to find field Ljava/util/HashMap;.loadFactor:F
D/inject  (  349): [+]-----------open test txt file-----------
D/inject  (  349): [+] The New open path /data/data/cn.wps.moffice_eng/files/AppPersistence
D/inject  (  349): [+] The New open count 4
D/inject  (  349): [+] The old openfile fd 42
D/inject  (  349): [+]-----------open test txt file-----------
D/inject  (  349): [+] The New open path /data/data/cn.wps.moffice_eng/files/AppPersistence
D/inject  (  349): [+] The New open count 5
D/inject  (  349): [+] The old openfile fd 42
D/dalvikvm(  349): GetFieldID: unable to find field Ljava/util/HashMap;.loadFactor:F
D/inject  (  349): [+]-----------open test txt file-----------
D/inject  (  349): [+] The New open path /data/data/cn.wps.moffice_eng/files/AppPersistence
D/inject  (  349): [+] The New open count 6
D/inject  (  349): [+] The old openfile fd 42
D/inject  (  349): [+]-----------open test txt file-----------
D/inject  (  349): [+] The New open path /data/data/cn.wps.moffice_eng/files/AppPersistence
D/inject  (  349): [+] The New open count 7
D/inject  (  349): [+] The old openfile fd 42
D/dalvikvm(  349): GetFieldID: unable to find field Ljava/util/HashMap;.loadFactor:F
I/ActivityManager(   61): Starting: Intent { cmp=cn.wps.moffice_eng/cn.wps.moffice.startactivity.writer.StartWriterActivity1 (has extras) } from pid 349
I/ActivityManager(   61): Starting: Intent { cmp=cn.wps.moffice_eng/cn.wps.moffice.writer.Writer1 (has extras) } from pid 368
D/dalvikvm(  368): GC_EXTERNAL_ALLOC freed 401K, 43% free 4126K/7239K, external 9375K/9393K, paused 70ms
D/dalvikvm(  368): GetFieldID: unable to find field Ljava/util/HashMap;.loadFactor:F
D/dalvikvm(  368): GetFieldID: unable to find field Ljava/util/HashMap;.loadFactor:F
D/water   (  368): packageName: cn.wps.moffice_eng
D/inject  (  349): [+]-----------open test txt file-----------
D/inject  (  349): [+] The New open path /mnt/sdcard/KingsoftOffice/.history/HistoryRecordDataSource
D/inject  (  349): [+] The New open count 8
D/inject  (  349): [+] The old openfile fd 42
D/inject  (  349): [+]-----------open test txt file-----------
D/inject  (  349): [+] The New open path /mnt/sdcard/documents/open.txt
D/inject  (  349): [+] The New open count 9
D/inject  (  349): [+] The old openfile fd 42
D/dalvikvm(  368): GetFieldID: unable to find field Ljava/util/HashMap;.loadFactor:F
D/inject  (  349): [+]-----------open test txt file-----------
D/inject  (  349): [+] The New open path /data/data/cn.wps.moffice_eng/files/.cloud/.connectionPersistence
D/inject  (  349): [+] The New open count 10
D/inject  (  349): [+] The old openfile fd 42
D/dalvikvm(  368): GetFieldID: unable to find field Ljava/util/HashMap;.loadFactor:F
D/dalvikvm(  368): GetFieldID: unable to find field Ljava/util/HashMap;.loadFactor:F
D/dalvikvm(  368): GetFieldID: unable to find field Ljava/util/HashMap;.loadFactor:F
D/dalvikvm(  368): GetFieldID: unable to find field Ljava/util/HashMap;.loadFactor:F
D/inject  (  349): [+]-----------open test txt file-----------
D/inject  (  349): [+] The New open path /data/data/cn.wps.moffice_eng/files/lable.db
D/inject  (  349): [+] The New open count 11
D/inject  (  349): [+] The old openfile fd 42
D/dalvikvm(  368): GC_CONCURRENT freed 960K, 46% free 4313K/7879K, external 9355K/9869K, paused 12ms+5ms
I/ActivityManager(   61): Displayed cn.wps.moffice_eng/cn.wps.moffice.writer.Writer1: +2s134ms (total +2s170ms)
I/dalvikvm(  368): Jit: resizing JitTable from 512 to 1024
D/dalvikvm(  368): GC_EXTERNAL_ALLOC freed 185K, 46% free 4324K/7879K, external 9385K/9869K, paused 74ms
D/inject  (  349): [+]-----------open test txt file-----------
D/inject  (  349): [+] The New open path /data/data/cn.wps.moffice_eng/files/lable.db
D/inject  (  349): [+] The New open count 12
D/inject  (  349): [+] The old openfile fd 41
D/dalvikvm(  368): GetFieldID: unable to find field Ljava/util/HashMap;.loadFactor:F
D/dalvikvm(  368): GetFieldID: unable to find field Ljava/util/HashMap;.loadFactor:F
D/dalvikvm(  368): GC_EXTERNAL_ALLOC freed 200K, 45% free 4339K/7879K, external 12483K/13058K, paused 76ms
D/inject  (  349): [+]-----------open test txt file-----------
D/inject  (  349): [+] The New open path /data/data/cn.wps.moffice_eng/files/_localRecord
D/inject  (  349): [+] The New open count 13
D/inject  (  349): [+] The old openfile fd 41
D/inject  (  349): [+]-----------open test txt file-----------
D/inject  (  349): [+] The New open path /data/data/cn.wps.moffice_eng/files/_localRecord
D/inject  (  349): [+] The New open count 14
D/inject  (  349): [+] The old openfile fd 41
D/dalvikvm(  349): GC_EXTERNAL_ALLOC freed 340K, 46% free 3979K/7239K, external 4836K/5431K, paused 103ms
D/inject  (  349): [+]-----------open test txt file-----------
D/inject  (  349): [+] The New open path /mnt/sdcard/KingsoftOffice/.history/.nomedia/255b33a7e966eec4c33af01fa9395c5f.png
D/inject  (  349): [+] The New open count 15
D/inject  (  349): [+] The old openfile fd 41
D/inject  (  349): [+]-----------open test txt file-----------
D/inject  (  349): [+] The New open path /mnt/sdcard/KingsoftOffice/.history/.nomedia/255b33a7e966eec4c33af01fa9395c5f.png
D/inject  (  349): [+] The New open count 16
D/inject  (  349): [+] The old openfile fd 41
D/dalvikvm(  349): GC_EXTERNAL_ALLOC freed 61K, 45% free 4008K/7239K, external 5141K/6420K, paused 105ms
D/inject  (  349): [+]-----------open test txt file-----------
D/inject  (  349): [+] The New open path /mnt/sdcard/KingsoftOffice/.history/.nomedia/c45b3b93dbfb9bc822020040c83d2145.png
D/inject  (  349): [+] The New open count 17
D/inject  (  349): [+] The old openfile fd 41
D/inject  (  349): [+]-----------open test txt file-----------
D/inject  (  349): [+] The New open path /mnt/sdcard/KingsoftOffice/.history/.nomedia/c45b3b93dbfb9bc822020040c83d2145.png
D/inject  (  349): [+] The New open count 18
D/inject  (  349): [+] The old openfile fd 41
D/dalvikvm(  349): GC_EXTERNAL_ALLOC freed 107K, 45% free 3986K/7239K, external 6727K/6801K, paused 94ms
D/inject  (  349): [+]-----------open test txt file-----------
D/inject  (  349): [+] The New open path /data/data/cn.wps.moffice_eng/files/_localRecord
D/inject  (  349): [+] The New open count 19
D/inject  (  349): [+] The old openfile fd 41
D/inject  (  349): [+]-----------open test txt file-----------
D/inject  (  349): [+] The New open path /data/data/cn.wps.moffice_eng/files/_localRecord
D/inject  (  349): [+] The New open count 20
D/inject  (  349): [+] The old openfile fd 41
D/inject  (  349): [+]-----------open test txt file-----------
D/inject  (  349): [+] The New open path /mnt/sdcard/KingsoftOffice/.history/.nomedia/ab189525c7e6b00c55c498d80f7d9fbf.png
D/inject  (  349): [+] The New open count 21
D/inject  (  349): [+] The old openfile fd 41
D/inject  (  349): [+]-----------open test txt file-----------
D/inject  (  349): [+] The New open path /mnt/sdcard/KingsoftOffice/.history/.nomedia/ab189525c7e6b00c55c498d80f7d9fbf.png
D/inject  (  349): [+] The New open count 22
D/inject  (  349): [+] The old openfile fd 41
I/ActivityManager(   61): Starting: Intent { cmp=cn.wps.moffice_eng/cn.wps.moffice.documentmanager.DocumentManager } from pid 368
D/inject  (  349): [+]-----------open test txt file-----------
D/inject  (  349): [+] The New open path /data/data/cn.wps.moffice_eng/files/lable.db
D/inject  (  349): [+] The New open count 23
D/inject  (  349): [+] The old openfile fd 42
D/dalvikvm(  349): GC_EXTERNAL_ALLOC freed 239K, 45% free 3994K/7239K, external 6727K/6801K, paused 88ms
D/inject  (  349): [+]-----------open test txt file-----------
D/inject  (  349): [+] The New open path /mnt/sdcard/KingsoftOffice/.history/.nomedia/255b33a7e966eec4c33af01fa9395c5f.png
D/inject  (  349): [+] The New open count 24
D/inject  (  349): [+] The old openfile fd 41
D/inject  (  349): [+]-----------open test txt file-----------
D/inject  (  349): [+] The New open path /mnt/sdcard/KingsoftOffice/.history/.nomedia/255b33a7e966eec4c33af01fa9395c5f.png
D/inject  (  349): [+] The New open count 25
D/inject  (  349): [+] The old openfile fd 41
D/dalvikvm(  349): GC_EXTERNAL_ALLOC freed 86K, 45% free 3996K/7239K, external 6727K/6801K, paused 104ms
D/inject  (  349): [+]-----------open test txt file-----------
D/inject  (  349): [+] The New open path /mnt/sdcard/KingsoftOffice/.history/.nomedia/c45b3b93dbfb9bc822020040c83d2145.png
D/inject  (  349): [+] The New open count 26
D/inject  (  349): [+] The old openfile fd 41
D/inject  (  349): [+]-----------open test txt file-----------
D/inject  (  349): [+] The New open path /mnt/sdcard/KingsoftOffice/.history/.nomedia/c45b3b93dbfb9bc822020040c83d2145.png
D/inject  (  349): [+] The New open count 27
D/inject  (  349): [+] The old openfile fd 41
D/dalvikvm(  349): GC_EXTERNAL_ALLOC freed 74K, 45% free 4009K/7239K, external 7032K/7182K, paused 51ms
D/inject  (  349): [+]-----------open test txt file-----------
D/inject  (  349): [+] The New open path /data/data/cn.wps.moffice_eng/files/AppPersistence
D/inject  (  349): [+] The New open count 28
D/inject  (  349): [+] The old openfile fd 41
D/dalvikvm(  349): GetFieldID: unable to find field Ljava/util/HashMap;.loadFactor:F
D/inject  (  349): [+]-----------open test txt file-----------
D/inject  (  349): [+] The New open path /data/data/cn.wps.moffice_eng/files/AppPersistence
D/inject  (  349): [+] The New open count 29
D/inject  (  349): [+] The old openfile fd 41
D/dalvikvm(  349): GetFieldID: unable to find field Ljava/util/HashMap;.loadFactor:F
D/inject  (  349): [+]-----------open test txt file-----------
D/inject  (  349): [+] The New open path /data/data/cn.wps.moffice_eng/files/AppPersistence
D/inject  (  349): [+] The New open count 30
D/inject  (  349): [+] The old openfile fd 41
D/dalvikvm(  349): GetFieldID: unable to find field Ljava/util/HashMap;.loadFactor:F
D/inject  (  349): [+]-----------open test txt file-----------
D/inject  (  349): [+] The New open path /data/data/cn.wps.moffice_eng/files/AppPersistence
D/inject  (  349): [+] The New open count 31
D/inject  (  349): [+] The old openfile fd 41
D/dalvikvm(  349): GetFieldID: unable to find field Ljava/util/HashMap;.loadFactor:F
D/inject  (  349): [+]-----------open test txt file-----------
D/inject  (  349): [+] The New open path /data/data/cn.wps.moffice_eng/files/AppPersistence
D/inject  (  349): [+] The New open count 32
D/inject  (  349): [+] The old openfile fd 41
D/inject  (  349): [+]-----------open test txt file-----------
D/inject  (  349): [+] The New open path /data/data/cn.wps.moffice_eng/files/AppPersistence
D/inject  (  349): [+] The New open count 33
D/inject  (  349): [+] The old openfile fd 41
D/dalvikvm(  349): GetFieldID: unable to find field Ljava/util/HashMap;.loadFactor:F
D/inject  (  349): [+]-----------open test txt file-----------
D/inject  (  349): [+] The New open path /data/data/cn.wps.moffice_eng/files/AppPersistence
D/inject  (  349): [+] The New open count 34
D/inject  (  349): [+] The old openfile fd 41
D/dalvikvm(  349): GetFieldID: unable to find field Ljava/util/HashMap;.loadFactor:F
D/inject  (  349): [+]-----------open test txt file-----------
D/inject  (  349): [+] The New open path /data/data/cn.wps.moffice_eng/files/AppPersistence
D/inject  (  349): [+] The New open count 35
D/inject  (  349): [+] The old openfile fd 41
D/dalvikvm(  349): GetFieldID: unable to find field Ljava/util/HashMap;.loadFactor:F
D/inject  (  349): [+]-----------open test txt file-----------
D/inject  (  349): [+] The New open path /data/data/cn.wps.moffice_eng/files/AppPersistence
D/inject  (  349): [+] The New open count 36
D/inject  (  349): [+] The old openfile fd 41
D/inject  (  349): [+]-----------open test txt file-----------
D/inject  (  349): [+] The New open path /data/data/cn.wps.moffice_eng/files/_localRecord
D/inject  (  349): [+] The New open count 37
D/inject  (  349): [+] The old openfile fd 41
D/inject  (  349): [+]-----------open test txt file-----------
D/inject  (  349): [+] The New open path /data/data/cn.wps.moffice_eng/files/_localRecord
D/inject  (  349): [+] The New open count 38
D/inject  (  349): [+] The old openfile fd 41
D/inject  (  349): [+]-----------open test txt file-----------
D/inject  (  349): [+] The New open path /data/data/cn.wps.moffice_eng/files/AppPersistence
D/inject  (  349): [+] The New open count 39
D/inject  (  349): [+] The old openfile fd 41
D/dalvikvm(  349): GetFieldID: unable to find field Ljava/util/HashMap;.loadFactor:F
D/inject  (  349): [+]-----------open test txt file-----------
D/inject  (  349): [+] The New open path /data/data/cn.wps.moffice_eng/files/AppPersistence
D/inject  (  349): [+] The New open count 40
D/inject  (  349): [+] The old openfile fd 41
D/dalvikvm(  349): GetFieldID: unable to find field Ljava/util/HashMap;.loadFactor:F
D/inject  (  349): [+]-----------open test txt file-----------
D/inject  (  349): [+] The New open path /data/data/cn.wps.moffice_eng/files/AppPersistence
D/inject  (  349): [+] The New open count 41
D/inject  (  349): [+] The old openfile fd 41
D/inject  (  349): [+]-----------open test txt file-----------
D/inject  (  349): [+] The New open path /mnt/sdcard/KingsoftOffice/.history/.nomedia/ab189525c7e6b00c55c498d80f7d9fbf.png
D/inject  (  349): [+] The New open count 42
D/inject  (  349): [+] The old openfile fd 41
D/inject  (  349): [+]-----------open test txt file-----------
D/inject  (  349): [+] The New open path /mnt/sdcard/KingsoftOffice/.history/.nomedia/ab189525c7e6b00c55c498d80f7d9fbf.png
D/inject  (  349): [+] The New open count 43
D/inject  (  349): [+] The old openfile fd 41
D/dalvikvm(  349): GC_EXTERNAL_ALLOC freed 302K, 45% free 4027K/7239K, external 6727K/6801K, paused 52ms
D/inject  (  349): [+]-----------open test txt file-----------
D/inject  (  349): [+] The New open path /mnt/sdcard/KingsoftOffice/.history/.nomedia/255b33a7e966eec4c33af01fa9395c5f.png
D/inject  (  349): [+] The New open count 44
D/inject  (  349): [+] The old openfile fd 41
D/inject  (  349): [+]-----------open test txt file-----------
D/inject  (  349): [+] The New open path /mnt/sdcard/KingsoftOffice/.history/.nomedia/255b33a7e966eec4c33af01fa9395c5f.png
D/inject  (  349): [+] The New open count 45
D/inject  (  349): [+] The old openfile fd 41
D/dalvikvm(  349): GC_EXTERNAL_ALLOC freed 86K, 45% free 4030K/7239K, external 6727K/6801K, paused 56ms
D/inject  (  349): [+]-----------open test txt file-----------
D/inject  (  349): [+] The New open path /mnt/sdcard/KingsoftOffice/.history/.nomedia/c45b3b93dbfb9bc822020040c83d2145.png
D/inject  (  349): [+] The New open count 46
D/inject  (  349): [+] The old openfile fd 41
D/inject  (  349): [+]-----------open test txt file-----------
D/inject  (  349): [+] The New open path /mnt/sdcard/KingsoftOffice/.history/.nomedia/c45b3b93dbfb9bc822020040c83d2145.png
D/inject  (  349): [+] The New open count 47
D/inject  (  349): [+] The old openfile fd 41
D/dalvikvm(  349): GC_EXTERNAL_ALLOC freed 74K, 45% free 4040K/7239K, external 7032K/7182K, paused 50ms
D/inject  (  349): [+]-----------open test txt file-----------
D/inject  (  349): [+] The New open path /data/data/cn.wps.moffice_eng/files/.cloud/cloudsetting
D/inject  (  349): [+] The New open count 48
D/inject  (  349): [+] The old openfile fd 41
D/inject  (  349): [+]-----------open test txt file-----------
D/inject  (  349): [+] The New open path /data/data/cn.wps.moffice_eng/files/.cloud/cloudsetting
D/inject  (  349): [+] The New open count 49
D/inject  (  349): [+] The old openfile fd 41
W/IInputConnectionWrapper(  368): showStatusIcon on inactive InputConnection
I/System.out(  349): flushRecord:d952642f-643e-4f0b-93a6-572e7bd95fd4
D/inject  (  349): [+]-----------open test txt file-----------
D/inject  (  349): [+] The New open path /mnt/sdcard/Android/data/cn.wps.moffice_eng/cache/KingsoftOffice/file/.timeBox/HistoryRecord/records/d952642f-643e-4f0b-93a6-572e7bd95fd4
D/inject  (  349): [+] The New open count 50
D/inject  (  349): [+] The old openfile fd 41
D/inject  (  349): [+]-----------open test txt file-----------
D/inject  (  349): [+] The New open path /mnt/sdcard/Android/data/cn.wps.moffice_eng/cache/KingsoftOffice/file/.timeBox/HistoryRecord/persistence/records_upload_list
D/inject  (  349): [+] The New open count 51
D/inject  (  349): [+] The old openfile fd 41
D/inject  (  349): [+]-----------open test txt file-----------
D/inject  (  349): [+] The New open path /mnt/sdcard/Android/data/cn.wps.moffice_eng/cache/KingsoftOffice/file/.timeBox/HistoryRecord/persistence/records_upload_list
D/inject  (  349): [+] The New open count 52
D/inject  (  349): [+] The old openfile fd 41
D/inject  (  349): [+]-----------open test txt file-----------
D/inject  (  349): [+] The New open path /data/data/cn.wps.moffice_eng/files/.cloud/cloudsetting
D/inject  (  349): [+] The New open count 53
D/inject  (  349): [+] The old openfile fd 41
D/inject  (  349): [+]-----------open test txt file-----------
D/inject  (  349): [+] The New open path /data/data/cn.wps.moffice_eng/files/.cloud/cloudsetting
D/inject  (  349): [+] The New open count 54
D/inject  (  349): [+] The old openfile fd 41
D/inject  (  349): [+]-----------open test txt file-----------
D/inject  (  349): [+] The New open path /mnt/sdcard/KingsoftOffice/.history/.nomedia/2cf17f35fc9362e4f5a745323b2f8903.png
D/inject  (  349): [+] The New open count 55
D/inject  (  349): [+] The old openfile fd 41
D/inject  (  349): [+]-----------open test txt file-----------
D/inject  (  349): [+] The New open path /mnt/sdcard/KingsoftOffice/.history/.nomedia/2cf17f35fc9362e4f5a745323b2f8903.png
D/inject  (  349): [+] The New open count 56
D/inject  (  349): [+] The old openfile fd 41
D/inject  (  349): [+]-----------open test txt file-----------
D/inject  (  349): [+] The New open path /data/data/cn.wps.moffice_eng/files/AppPersistence
D/inject  (  349): [+] The New open count 57
D/inject  (  349): [+] The old openfile fd 41
D/dalvikvm(  349): GetFieldID: unable to find field Ljava/util/HashMap;.loadFactor:F
D/inject  (  349): [+]-----------open test txt file-----------
D/inject  (  349): [+] The New open path /data/data/cn.wps.moffice_eng/files/AppPersistence
D/inject  (  349): [+] The New open count 58
D/inject  (  349): [+] The old openfile fd 41
D/inject  (  349): [+]-----------open test txt file-----------
D/inject  (  349): [+] The New open path /data/data/cn.wps.moffice_eng/files/AppPersistence
D/inject  (  349): [+] The New open count 59
D/inject  (  349): [+] The old openfile fd 41
D/dalvikvm(  349): GetFieldID: unable to find field Ljava/util/HashMap;.loadFactor:F
D/inject  (  349): [+]-----------open test txt file-----------
D/inject  (  349): [+] The New open path /data/data/cn.wps.moffice_eng/files/AppPersistence
D/inject  (  349): [+] The New open count 60
D/inject  (  349): [+] The old openfile fd 41
D/inject  (  349): [+]-----------open test txt file-----------
D/inject  (  349): [+] The New open path /data/data/cn.wps.moffice_eng/files/AppPersistence
D/inject  (  349): [+] The New open count 61
D/inject  (  349): [+] The old openfile fd 41
D/dalvikvm(  349): GetFieldID: unable to find field Ljava/util/HashMap;.loadFactor:F
I/ActivityManager(   61): Starting: Intent { cmp=cn.wps.moffice_eng/cn.wps.moffice.startactivity.writer.StartWriterActivity1 (has extras) } from pid 349
I/ActivityManager(   61): Starting: Intent { cmp=cn.wps.moffice_eng/cn.wps.moffice.writer.Writer1 (has extras) } from pid 368
D/dalvikvm(  368): GC_EXTERNAL_ALLOC freed 724K, 44% free 4445K/7879K, external 16166K/16175K, paused 65ms
D/dalvikvm(  368): GetFieldID: unable to find field Ljava/util/HashMap;.loadFactor:F
D/dalvikvm(  368): GetFieldID: unable to find field Ljava/util/HashMap;.loadFactor:F
D/water   (  368): packageName: cn.wps.moffice_eng
D/inject  (  349): [+]-----------open test txt file-----------
D/inject  (  349): [+] The New open path /mnt/sdcard/KingsoftOffice/.history/HistoryRecordDataSource
D/inject  (  349): [+] The New open count 62
D/inject  (  349): [+] The old openfile fd 41
D/dalvikvm(  368): GetFieldID: unable to find field Ljava/util/HashMap;.loadFactor:F
D/inject  (  349): [+]-----------open test txt file-----------
D/inject  (  349): [+] The New open path /mnt/sdcard/documents/test.txt
D/inject  (  349): [+] The New open count 63
D/inject  (  349): [+] The New open path /mnt/sdcard/documents/ope11.txt
D/inject  (  349): [+] The New openfile fd 41
D/inject  (  349): [+]-----------open test txt file-----------
D/inject  (  349): [+] The New open path /data/data/cn.wps.moffice_eng/files/.cloud/.connectionPersistence
D/inject  (  349): [+] The New open count 64
D/inject  (  349): [+] The old openfile fd 41
D/dalvikvm(  368): GetFieldID: unable to find field Ljava/util/HashMap;.loadFactor:F
D/dalvikvm(  368): GetFieldID: unable to find field Ljava/util/HashMap;.loadFactor:F
D/dalvikvm(  368): GetFieldID: unable to find field Ljava/util/HashMap;.loadFactor:F
D/dalvikvm(  368): GetFieldID: unable to find field Ljava/util/HashMap;.loadFactor:F
D/inject  (  349): [+]-----------open test txt file-----------
D/inject  (  349): [+] The New open path /data/data/cn.wps.moffice_eng/files/lable.db
D/inject  (  349): [+] The New open count 65
D/inject  (  349): [+] The old openfile fd 41
D/dalvikvm(  368): GREF has increased to 201
D/dalvikvm(  368): GC_EXTERNAL_ALLOC freed 1095K, 45% free 4601K/8327K, external 11415K/12172K, paused 69ms
D/dalvikvm(  368): GetFieldID: unable to find field Ljava/util/HashMap;.loadFactor:F
D/dalvikvm(  368): GetFieldID: unable to find field Ljava/util/HashMap;.loadFactor:F
I/dalvikvm(  368): Jit: resizing JitTable from 1024 to 2048
D/inject  (  349): [+]-----------open test txt file-----------
D/inject  (  349): [+] The New open path /data/data/cn.wps.moffice_eng/files/lable.db
D/inject  (  349): [+] The New open count 66
D/inject  (  349): [+] The old openfile fd 41
I/ActivityManager(   61): Displayed cn.wps.moffice_eng/cn.wps.moffice.writer.Writer1: +2s382ms (total +2s415ms)
D/inject  (  349): [+]-----------open test txt file-----------
D/inject  (  349): [+] The New open path /data/data/cn.wps.moffice_eng/files/_localRecord
D/inject  (  349): [+] The New open count 67
D/inject  (  349): [+] The old openfile fd 41
D/inject  (  349): [+]-----------open test txt file-----------
D/inject  (  349): [+] The New open path /data/data/cn.wps.moffice_eng/files/_localRecord
D/inject  (  349): [+] The New open count 68
D/inject  (  349): [+] The old openfile fd 41
D/inject  (  349): [+]-----------open test txt file-----------
D/inject  (  349): [+] The New open path /mnt/sdcard/KingsoftOffice/.history/.nomedia/255b33a7e966eec4c33af01fa9395c5f.png
D/inject  (  349): [+] The New open count 69
D/inject  (  349): [+] The old openfile fd 41
D/inject  (  349): [+]-----------open test txt file-----------
D/inject  (  349): [+] The New open path /mnt/sdcard/KingsoftOffice/.history/.nomedia/255b33a7e966eec4c33af01fa9395c5f.png
D/inject  (  349): [+] The New open count 70
D/inject  (  349): [+] The old openfile fd 41
D/dalvikvm(  349): GC_EXTERNAL_ALLOC freed 674K, 45% free 4069K/7367K, external 7341K/7564K, paused 172ms
D/inject  (  349): [+]-----------open test txt file-----------
D/inject  (  349): [+] The New open path /mnt/sdcard/KingsoftOffice/.history/.nomedia/2cf17f35fc9362e4f5a745323b2f8903.png
D/inject  (  349): [+] The New open count 71
D/inject  (  349): [+] The old openfile fd 41
D/inject  (  349): [+]-----------open test txt file-----------
D/inject  (  349): [+] The New open path /mnt/sdcard/KingsoftOffice/.history/.nomedia/2cf17f35fc9362e4f5a745323b2f8903.png
D/inject  (  349): [+] The New open count 72
D/inject  (  349): [+] The old openfile fd 41
D/dalvikvm(  349): GC_EXTERNAL_ALLOC freed 95K, 45% free 4061K/7367K, external 6309K/6801K, paused 52ms
D/inject  (  349): [+]-----------open test txt file-----------
D/inject  (  349): [+] The New open path /mnt/sdcard/KingsoftOffice/.history/.nomedia/ab189525c7e6b00c55c498d80f7d9fbf.png
D/inject  (  349): [+] The New open count 73
D/inject  (  349): [+] The old openfile fd 41
D/inject  (  349): [+]-----------open test txt file-----------
D/inject  (  349): [+] The New open path /mnt/sdcard/KingsoftOffice/.history/.nomedia/ab189525c7e6b00c55c498d80f7d9fbf.png
D/inject  (  349): [+] The New open count 74
D/inject  (  349): [+] The old openfile fd 41
D/dalvikvm(  349): GC_EXTERNAL_ALLOC freed 74K, 45% free 4072K/7367K, external 7341K/7568K, paused 110ms
D/dalvikvm(  368): GC_EXTERNAL_ALLOC freed 433K, 45% free 4621K/8327K, external 14553K/15108K, paused 67ms
D/inject  (  349): [+]-----------open test txt file-----------
D/inject  (  349): [+] The New open path /data/data/cn.wps.moffice_eng/files/_localRecord
D/inject  (  349): [+] The New open count 75
D/inject  (  349): [+] The old openfile fd 41
D/inject  (  349): [+]-----------open test txt file-----------
D/inject  (  349): [+] The New open path /data/data/cn.wps.moffice_eng/files/_localRecord
D/inject  (  349): [+] The New open count 76
D/inject  (  349): [+] The old openfile fd 41
D/inject  (  349): [+]-----------open test txt file-----------
D/inject  (  349): [+] The New open path /mnt/sdcard/KingsoftOffice/.history/.nomedia/255b33a7e966eec4c33af01fa9395c5f.png
D/inject  (  349): [+] The New open count 77
D/inject  (  349): [+] The old openfile fd 41
D/inject  (  349): [+]-----------open test txt file-----------
D/inject  (  349): [+] The New open path /mnt/sdcard/KingsoftOffice/.history/.nomedia/255b33a7e966eec4c33af01fa9395c5f.png
D/inject  (  349): [+] The New open count 78
D/inject  (  349): [+] The old openfile fd 41
I/ActivityManager(   61): Starting: Intent { cmp=cn.wps.moffice_eng/cn.wps.moffice.documentmanager.DocumentManager } from pid 368
D/dalvikvm(  349): GC_EXTERNAL_ALLOC freed 225K, 45% free 4071K/7367K, external 6727K/6801K, paused 54ms
D/inject  (  349): [+]-----------open test txt file-----------
D/inject  (  349): [+] The New open path /data/data/cn.wps.moffice_eng/files/lable.db
D/inject  (  349): [+] The New open count 79
D/inject  (  349): [+] The old openfile fd 41
D/inject  (  349): [+]-----------open test txt file-----------
D/inject  (  349): [+] The New open path /mnt/sdcard/KingsoftOffice/.history/.nomedia/2cf17f35fc9362e4f5a745323b2f8903.png
D/inject  (  349): [+] The New open count 80
D/inject  (  349): [+] The old openfile fd 41
D/inject  (  349): [+]-----------open test txt file-----------
D/inject  (  349): [+] The New open path /mnt/sdcard/KingsoftOffice/.history/.nomedia/2cf17f35fc9362e4f5a745323b2f8903.png
D/inject  (  349): [+] The New open count 81
D/inject  (  349): [+] The old openfile fd 41
D/dalvikvm(  349): GC_EXTERNAL_ALLOC freed 112K, 45% free 4072K/7367K, external 6309K/6801K, paused 50ms
D/inject  (  349): [+]-----------open test txt file-----------
D/inject  (  349): [+] The New open path /mnt/sdcard/KingsoftOffice/.history/.nomedia/ab189525c7e6b00c55c498d80f7d9fbf.png
D/inject  (  349): [+] The New open count 82
D/inject  (  349): [+] The old openfile fd 41
D/inject  (  349): [+]-----------open test txt file-----------
D/inject  (  349): [+] The New open path /mnt/sdcard/KingsoftOffice/.history/.nomedia/ab189525c7e6b00c55c498d80f7d9fbf.png
D/inject  (  349): [+] The New open count 83
D/inject  (  349): [+] The old openfile fd 41
D/dalvikvm(  349): GC_EXTERNAL_ALLOC freed 74K, 45% free 4085K/7367K, external 7341K/7568K, paused 51ms
D/inject  (  349): [+]-----------open test txt file-----------
D/inject  (  349): [+] The New open path /data/data/cn.wps.moffice_eng/files/AppPersistence
D/inject  (  349): [+] The New open count 84
D/inject  (  349): [+] The old openfile fd 41
D/dalvikvm(  349): GetFieldID: unable to find field Ljava/util/HashMap;.loadFactor:F
D/inject  (  349): [+]-----------open test txt file-----------
D/inject  (  349): [+] The New open path /data/data/cn.wps.moffice_eng/files/AppPersistence
D/inject  (  349): [+] The New open count 85
D/inject  (  349): [+] The old openfile fd 41
D/dalvikvm(  349): GetFieldID: unable to find field Ljava/util/HashMap;.loadFactor:F
D/inject  (  349): [+]-----------open test txt file-----------
D/inject  (  349): [+] The New open path /data/data/cn.wps.moffice_eng/files/AppPersistence
D/inject  (  349): [+] The New open count 86
D/inject  (  349): [+] The old openfile fd 41
D/dalvikvm(  349): GetFieldID: unable to find field Ljava/util/HashMap;.loadFactor:F
D/inject  (  349): [+]-----------open test txt file-----------
D/inject  (  349): [+] The New open path /data/data/cn.wps.moffice_eng/files/AppPersistence
D/inject  (  349): [+] The New open count 87
D/inject  (  349): [+] The old openfile fd 41
D/dalvikvm(  349): GetFieldID: unable to find field Ljava/util/HashMap;.loadFactor:F
D/inject  (  349): [+]-----------open test txt file-----------
D/inject  (  349): [+] The New open path /data/data/cn.wps.moffice_eng/files/AppPersistence
D/inject  (  349): [+] The New open count 88
D/inject  (  349): [+] The old openfile fd 41
D/inject  (  349): [+]-----------open test txt file-----------
D/inject  (  349): [+] The New open path /data/data/cn.wps.moffice_eng/files/AppPersistence
D/inject  (  349): [+] The New open count 89
D/inject  (  349): [+] The old openfile fd 41
D/dalvikvm(  349): GetFieldID: unable to find field Ljava/util/HashMap;.loadFactor:F
D/inject  (  349): [+]-----------open test txt file-----------
D/inject  (  349): [+] The New open path /data/data/cn.wps.moffice_eng/files/AppPersistence
D/inject  (  349): [+] The New open count 90
D/inject  (  349): [+] The old openfile fd 41
D/dalvikvm(  349): GetFieldID: unable to find field Ljava/util/HashMap;.loadFactor:F
D/inject  (  349): [+]-----------open test txt file-----------
D/inject  (  349): [+] The New open path /data/data/cn.wps.moffice_eng/files/AppPersistence
D/inject  (  349): [+] The New open count 91
D/inject  (  349): [+] The old openfile fd 41
D/dalvikvm(  349): GetFieldID: unable to find field Ljava/util/HashMap;.loadFactor:F
D/inject  (  349): [+]-----------open test txt file-----------
D/inject  (  349): [+] The New open path /data/data/cn.wps.moffice_eng/files/AppPersistence
D/inject  (  349): [+] The New open count 92
D/inject  (  349): [+] The old openfile fd 41
D/inject  (  349): [+]-----------open test txt file-----------
D/inject  (  349): [+] The New open path /data/data/cn.wps.moffice_eng/files/_localRecord
D/inject  (  349): [+] The New open count 93
D/inject  (  349): [+] The old openfile fd 41
D/inject  (  349): [+]-----------open test txt file-----------
D/inject  (  349): [+] The New open path /data/data/cn.wps.moffice_eng/files/_localRecord
D/inject  (  349): [+] The New open count 94
D/inject  (  349): [+] The old openfile fd 41
D/inject  (  349): [+]-----------open test txt file-----------
D/inject  (  349): [+] The New open path /data/data/cn.wps.moffice_eng/files/AppPersistence
D/inject  (  349): [+] The New open count 95
D/inject  (  349): [+] The old openfile fd 41
D/dalvikvm(  349): GetFieldID: unable to find field Ljava/util/HashMap;.loadFactor:F
D/inject  (  349): [+]-----------open test txt file-----------
D/inject  (  349): [+] The New open path /data/data/cn.wps.moffice_eng/files/AppPersistence
