D/inject  (  404): [+] The New open count 413
D/inject  (  404): [+] The old openfile fd 45
D/inject  (  404): [+]-----------open test txt file-----------
D/inject  (  404): [+] The New open path /data/data/cn.wps.moffice_eng/files/_localRecord
D/inject  (  404): [+] The New open count 414
D/inject  (  404): [+] The old openfile fd 45
D/SntpClient(   61): request time failed: java.net.SocketException: Address family not supported by protocol
D/inject  (  404): [+]-----------open test txt file-----------
D/inject  (  404): [+] The New open path /data/data/cn.wps.moffice_eng/files/_localRecord
D/inject  (  404): [+] The New open count 415
D/inject  (  404): [+] The old openfile fd 45
D/inject  (  404): [+]-----------open test txt file-----------
D/inject  (  404): [+] The New open path /data/data/cn.wps.moffice_eng/files/_localRecord
D/inject  (  404): [+] The New open count 416
D/inject  (  404): [+] The old openfile fd 45
I/dalvikvm(   61): Jit: resizing JitTable from 2048 to 4096
D/inject  (  404): [+]-----------open test txt file-----------
D/inject  (  404): [+] The New open path /data/data/cn.wps.moffice_eng/files/_localRecord
D/inject  (  404): [+] The New open count 417
D/inject  (  404): [+] The old openfile fd 45
D/inject  (  404): [+]-----------open test txt file-----------
D/inject  (  404): [+] The New open path /data/data/cn.wps.moffice_eng/files/_localRecord
D/inject  (  404): [+] The New open count 418
D/inject  (  404): [+] The old openfile fd 45
D/SntpClient(   61): request time failed: java.net.SocketException: Address family not supported by protocol
D/inject  (  404): [+]-----------open test txt file-----------
D/inject  (  404): [+] The New open path /data/data/cn.wps.moffice_eng/files/_localRecord
D/inject  (  404): [+] The New open count 419
D/inject  (  404): [+] The old openfile fd 45
D/inject  (  404): [+]-----------open test txt file-----------
D/inject  (  404): [+] The New open path /data/data/cn.wps.moffice_eng/files/_localRecord
D/inject  (  404): [+] The New open count 420
D/inject  (  404): [+] The old openfile fd 45
D/SntpClient(   61): request time failed: java.net.SocketException: Address family not supported by protocol
D/inject  (  404): [+]-----------open test txt file-----------
D/inject  (  404): [+] The New open path /data/data/cn.wps.moffice_eng/files/_localRecord
D/inject  (  404): [+] The New open count 421
D/inject  (  404): [+] The old openfile fd 45
D/inject  (  404): [+]-----------open test txt file-----------
D/inject  (  404): [+] The New open path /data/data/cn.wps.moffice_eng/files/_localRecord
D/inject  (  404): [+] The New open count 422
D/inject  (  404): [+] The old openfile fd 45
D/dalvikvm(  404): GC_CONCURRENT freed 2026K, 49% free 5057K/9735K, external 5305K/6625K, paused 11ms+11ms
D/inject  (  404): [+]-----------open test txt file-----------
D/inject  (  404): [+] The New open path /data/data/cn.wps.moffice_eng/files/_localRecord
D/inject  (  404): [+] The New open count 423
D/inject  (  404): [+] The old openfile fd 45
D/inject  (  404): [+]-----------open test txt file-----------
D/inject  (  404): [+] The New open path /data/data/cn.wps.moffice_eng/files/_localRecord
D/inject  (  404): [+] The New open count 424
D/inject  (  404): [+] The old openfile fd 45
D/SntpClient(   61): request time failed: java.net.SocketException: Address family not supported by protocol
D/inject  (  404): [+]-----------open test txt file-----------
D/inject  (  404): [+] The New open path /data/data/cn.wps.moffice_eng/files/_localRecord
D/inject  (  404): [+] The New open count 425
D/inject  (  404): [+] The old openfile fd 45
D/inject  (  404): [+]-----------open test txt file-----------
D/inject  (  404): [+] The New open path /data/data/cn.wps.moffice_eng/files/_localRecord
D/inject  (  404): [+] The New open count 426
D/inject  (  404): [+] The old openfile fd 45
D/dalvikvm(  253): GC_CONCURRENT freed 882K, 49% free 3799K/7431K, external 1753K/2137K, paused 8ms+3ms
D/inject  (  404): [+]-----------open test txt file-----------
D/inject  (  404): [+] The New open path /data/data/cn.wps.moffice_eng/files/_localRecord
D/inject  (  404): [+] The New open count 427
D/inject  (  404): [+] The old openfile fd 45
D/inject  (  404): [+]-----------open test txt file-----------
D/inject  (  404): [+] The New open path /data/data/cn.wps.moffice_eng/files/_localRecord
D/inject  (  404): [+] The New open count 428
D/inject  (  404): [+] The old openfile fd 45
D/SntpClient(   61): request time failed: java.net.SocketException: Address family not supported by protocol
D/inject  (  404): [+]-----------open test txt file-----------
D/inject  (  404): [+] The New open path /data/data/cn.wps.moffice_eng/files/_localRecord
D/inject  (  404): [+] The New open count 429
D/inject  (  404): [+] The old openfile fd 45
D/inject  (  404): [+]-----------open test txt file-----------
D/inject  (  404): [+] The New open path /data/data/cn.wps.moffice_eng/files/_localRecord
D/inject  (  404): [+] The New open count 430
D/inject  (  404): [+] The old openfile fd 45
D/SntpClient(   61): request time failed: java.net.SocketException: Address family not supported by protocol
D/inject  (  404): [+]-----------open test txt file-----------
D/inject  (  404): [+] The New open path /data/data/cn.wps.moffice_eng/files/_localRecord
D/inject  (  404): [+] The New open count 431
D/inject  (  404): [+] The old openfile fd 45
D/inject  (  404): [+]-----------open test txt file-----------
D/inject  (  404): [+] The New open path /data/data/cn.wps.moffice_eng/files/_localRecord
D/inject  (  404): [+] The New open count 432
D/inject  (  404): [+] The old openfile fd 45
D/inject  (  404): [+]-----------open test txt file-----------
D/inject  (  404): [+] The New open path /data/data/cn.wps.moffice_eng/files/_localRecord
D/inject  (  404): [+] The New open count 433
D/inject  (  404): [+] The old openfile fd 45
D/inject  (  404): [+]-----------open test txt file-----------
D/inject  (  404): [+] The New open path /data/data/cn.wps.moffice_eng/files/_localRecord
D/inject  (  404): [+] The New open count 434
D/inject  (  404): [+] The old openfile fd 45
D/dalvikvm(  404): GC_CONCURRENT freed 1934K, 48% free 5076K/9735K, external 5305K/6625K, paused 5ms+11ms
D/SntpClient(   61): request time failed: java.net.SocketException: Address family not supported by protocol
D/inject  (  404): [+]-----------open test txt file-----------
D/inject  (  404): [+] The New open path /data/data/cn.wps.moffice_eng/files/_localRecord
D/inject  (  404): [+] The New open count 435
D/inject  (  404): [+] The old openfile fd 45
D/inject  (  404): [+]-----------open test txt file-----------
D/inject  (  404): [+] The New open path /data/data/cn.wps.moffice_eng/files/_localRecord
D/inject  (  404): [+] The New open count 436
D/inject  (  404): [+] The old openfile fd 45
D/inject  (  404): [+]-----------open test txt file-----------
D/inject  (  404): [+] The New open path /data/data/cn.wps.moffice_eng/files/_localRecord
D/inject  (  404): [+] The New open count 437
D/inject  (  404): [+] The old openfile fd 45
D/inject  (  404): [+]-----------open test txt file-----------
D/inject  (  404): [+] The New open path /data/data/cn.wps.moffice_eng/files/_localRecord
D/inject  (  404): [+] The New open count 438
D/inject  (  404): [+] The old openfile fd 45
D/SntpClient(   61): request time failed: java.net.SocketException: Address family not supported by protocol
D/inject  (  404): [+]-----------open test txt file-----------
D/inject  (  404): [+] The New open path /data/data/cn.wps.moffice_eng/files/_localRecord
D/inject  (  404): [+] The New open count 439
D/inject  (  404): [+] The old openfile fd 45
D/inject  (  404): [+]-----------open test txt file-----------
D/inject  (  404): [+] The New open path /data/data/cn.wps.moffice_eng/files/_localRecord
D/inject  (  404): [+] The New open count 440
D/inject  (  404): [+] The old openfile fd 45
D/SntpClient(   61): request time failed: java.net.SocketException: Address family not supported by protocol
D/inject  (  404): [+]-----------open test txt file-----------
D/inject  (  404): [+] The New open path /data/data/cn.wps.moffice_eng/files/_localRecord
D/inject  (  404): [+] The New open count 441
D/inject  (  404): [+] The old openfile fd 45
D/inject  (  404): [+]-----------open test txt file-----------
D/inject  (  404): [+] The New open path /data/data/cn.wps.moffice_eng/files/_localRecord
D/inject  (  404): [+] The New open count 442
D/inject  (  404): [+] The old openfile fd 45
D/inject  (  404): [+]-----------open test txt file-----------
D/inject  (  404): [+] The New open path /data/data/cn.wps.moffice_eng/files/_localRecord
D/inject  (  404): [+] The New open count 443
D/inject  (  404): [+] The old openfile fd 45
D/inject  (  404): [+]-----------open test txt file-----------
D/inject  (  404): [+] The New open path /data/data/cn.wps.moffice_eng/files/_localRecord
D/inject  (  404): [+] The New open count 444
D/inject  (  404): [+] The old openfile fd 45
D/SntpClient(   61): request time failed: java.net.SocketException: Address family not supported by protocol
D/inject  (  404): [+]-----------open test txt file-----------
D/inject  (  404): [+] The New open path /data/data/cn.wps.moffice_eng/files/_localRecord
D/inject  (  404): [+] The New open count 445
D/inject  (  404): [+] The old openfile fd 45
D/inject  (  404): [+]-----------open test txt file-----------
D/inject  (  404): [+] The New open path /data/data/cn.wps.moffice_eng/files/_localRecord
D/inject  (  404): [+] The New open count 446
D/inject  (  404): [+] The old openfile fd 45
D/dalvikvm(  404): GC_CONCURRENT freed 1937K, 48% free 5086K/9735K, external 5305K/6625K, paused 5ms+11ms
D/inject  (  404): [+]-----------open test txt file-----------
D/inject  (  404): [+] The New open path /data/data/cn.wps.moffice_eng/files/_localRecord
D/inject  (  404): [+] The New open count 447
D/inject  (  404): [+] The old openfile fd 45
D/inject  (  404): [+]-----------open test txt file-----------
D/inject  (  404): [+] The New open path /data/data/cn.wps.moffice_eng/files/_localRecord
D/inject  (  404): [+] The New open count 448
D/inject  (  404): [+] The old openfile fd 45
D/SntpClient(   61): request time failed: java.net.SocketException: Address family not supported by protocol
D/inject  (  404): [+]-----------open test txt file-----------
D/inject  (  404): [+] The New open path /data/data/cn.wps.moffice_eng/files/_localRecord
D/inject  (  404): [+] The New open count 449
D/inject  (  404): [+] The old openfile fd 45
D/inject  (  404): [+]-----------open test txt file-----------
D/inject  (  404): [+] The New open path /data/data/cn.wps.moffice_eng/files/_localRecord
D/inject  (  404): [+] The New open count 450
D/inject  (  404): [+] The old openfile fd 45
D/SntpClient(   61): request time failed: java.net.SocketException: Address family not supported by protocol
V/BackupManagerService(   61): Backup requested but nothing pending
D/inject  (  404): [+]-----------open test txt file-----------
D/inject  (  404): [+] The New open path /data/data/cn.wps.moffice_eng/files/_localRecord
D/inject  (  404): [+] The New open count 451
D/inject  (  404): [+] The old openfile fd 45
D/inject  (  404): [+]-----------open test txt file-----------
D/inject  (  404): [+] The New open path /data/data/cn.wps.moffice_eng/files/_localRecord
D/inject  (  404): [+] The New open count 452
D/inject  (  404): [+] The old openfile fd 45
D/inject  (  404): [+]-----------open test txt file-----------
D/inject  (  404): [+] The New open path /data/data/cn.wps.moffice_eng/files/_localRecord
D/inject  (  404): [+] The New open count 453
D/inject  (  404): [+] The old openfile fd 45
D/inject  (  404): [+]-----------open test txt file-----------
D/inject  (  404): [+] The New open path /data/data/cn.wps.moffice_eng/files/_localRecord
D/inject  (  404): [+] The New open count 454
D/inject  (  404): [+] The old openfile fd 45
D/SntpClient(   61): request time failed: java.net.SocketException: Address family not supported by protocol
D/dalvikvm(   61): GC_CONCURRENT freed 1166K, 49% free 4596K/8839K, external 3125K/3903K, paused 11ms+6ms
D/inject  (  404): [+]-----------open test txt file-----------
D/inject  (  404): [+] The New open path /data/data/cn.wps.moffice_eng/files/_localRecord
D/inject  (  404): [+] The New open count 455
D/inject  (  404): [+] The old openfile fd 45
D/inject  (  404): [+]-----------open test txt file-----------
D/inject  (  404): [+] The New open path /data/data/cn.wps.moffice_eng/files/_localRecord
D/inject  (  404): [+] The New open count 456
D/inject  (  404): [+] The old openfile fd 45
D/inject  (  404): [+]-----------open test txt file-----------
D/inject  (  404): [+] The New open path /data/data/cn.wps.moffice_eng/files/_localRecord
D/inject  (  404): [+] The New open count 457
D/inject  (  404): [+] The old openfile fd 45
D/inject  (  404): [+]-----------open test txt file-----------
D/inject  (  404): [+] The New open path /data/data/cn.wps.moffice_eng/files/_localRecord
D/inject  (  404): [+] The New open count 458
D/inject  (  404): [+] The old openfile fd 45
D/dalvikvm(  404): GC_CONCURRENT freed 1972K, 48% free 5132K/9735K, external 5305K/6625K, paused 4ms+18ms
D/SntpClient(   61): request time failed: java.net.SocketException: Address family not supported by protocol
D/inject  (  404): [+]-----------open test txt file-----------
D/inject  (  404): [+] The New open path /data/data/cn.wps.moffice_eng/files/_localRecord
D/inject  (  404): [+] The New open count 459
D/inject  (  404): [+] The old openfile fd 45
D/inject  (  404): [+]-----------open test txt file-----------
D/inject  (  404): [+] The New open path /data/data/cn.wps.moffice_eng/files/_localRecord
D/inject  (  404): [+] The New open count 460
D/inject  (  404): [+] The old openfile fd 45
D/SntpClient(   61): request time failed: java.net.SocketException: Address family not supported by protocol
D/inject  (  404): [+]-----------open test txt file-----------
D/inject  (  404): [+] The New open path /data/data/cn.wps.moffice_eng/files/_localRecord
D/inject  (  404): [+] The New open count 461
D/inject  (  404): [+] The old openfile fd 45
D/inject  (  404): [+]-----------open test txt file-----------
D/inject  (  404): [+] The New open path /data/data/cn.wps.moffice_eng/files/_localRecord
D/inject  (  404): [+] The New open count 462
D/inject  (  404): [+] The old openfile fd 45
D/inject  (  404): [+]-----------open test txt file-----------
D/inject  (  404): [+] The New open path /data/data/cn.wps.moffice_eng/files/_localRecord
D/inject  (  404): [+] The New open count 463
D/inject  (  404): [+] The old openfile fd 45
D/inject  (  404): [+]-----------open test txt file-----------
D/inject  (  404): [+] The New open path /data/data/cn.wps.moffice_eng/files/_localRecord
D/inject  (  404): [+] The New open count 464
D/inject  (  404): [+] The old openfile fd 45
D/SntpClient(   61): request time failed: java.net.SocketException: Address family not supported by protocol
D/inject  (  404): [+]-----------open test txt file-----------
D/inject  (  404): [+] The New open path /data/data/cn.wps.moffice_eng/files/_localRecord
D/inject  (  404): [+] The New open count 465
D/inject  (  404): [+] The old openfile fd 45
D/inject  (  404): [+]-----------open test txt file-----------
D/inject  (  404): [+] The New open path /data/data/cn.wps.moffice_eng/files/_localRecord
D/inject  (  404): [+] The New open count 466
D/inject  (  404): [+] The old openfile fd 45
D/inject  (  404): [+]-----------open test txt file-----------
D/inject  (  404): [+] The New open path /data/data/cn.wps.moffice_eng/files/_localRecord
D/inject  (  404): [+] The New open count 467
D/inject  (  404): [+] The old openfile fd 45
D/inject  (  404): [+]-----------open test txt file-----------
D/inject  (  404): [+] The New open path /data/data/cn.wps.moffice_eng/files/_localRecord
D/inject  (  404): [+] The New open count 468
D/inject  (  404): [+] The old openfile fd 45
D/SntpClient(   61): request time failed: java.net.SocketException: Address family not supported by protocol
D/inject  (  404): [+]-----------open test txt file-----------
D/inject  (  404): [+] The New open path /data/data/cn.wps.moffice_eng/files/_localRecord
D/inject  (  404): [+] The New open count 469
D/inject  (  404): [+] The old openfile fd 45
D/inject  (  404): [+]-----------open test txt file-----------
D/inject  (  404): [+] The New open path /data/data/cn.wps.moffice_eng/files/_localRecord
D/inject  (  404): [+] The New open count 470
D/inject  (  404): [+] The old openfile fd 45
D/dalvikvm(  404): GC_CONCURRENT freed 1972K, 48% free 5094K/9735K, external 5305K/6625K, paused 8ms+11ms
D/SntpClient(   61): request time failed: java.net.SocketException: Address family not supported by protocol
D/inject  (  404): [+]-----------open test txt file-----------
D/inject  (  404): [+] The New open path /data/data/cn.wps.moffice_eng/files/_localRecord
D/inject  (  404): [+] The New open count 471
D/inject  (  404): [+] The old openfile fd 45
D/inject  (  404): [+]-----------open test txt file-----------
D/inject  (  404): [+] The New open path /data/data/cn.wps.moffice_eng/files/_localRecord
D/inject  (  404): [+] The New open count 472
D/inject  (  404): [+] The old openfile fd 45
D/dalvikvm(  121): GC_CONCURRENT freed 570K, 53% free 2912K/6151K, external 1625K/2137K, paused 8ms+3ms
D/inject  (  404): [+]-----------open test txt file-----------
D/inject  (  404): [+] The New open path /data/data/cn.wps.moffice_eng/files/_localRecord
D/inject  (  404): [+] The New open count 473
D/inject  (  404): [+] The old openfile fd 45
D/inject  (  404): [+]-----------open test txt file-----------
D/inject  (  404): [+] The New open path /data/data/cn.wps.moffice_eng/files/_localRecord
D/inject  (  404): [+] The New open count 474
D/inject  (  404): [+] The old openfile fd 45
D/SntpClient(   61): request time failed: java.net.SocketException: Address family not supported by protocol
D/dalvikvm(  122): GC_CONCURRENT freed 710K, 55% free 2773K/6151K, external 2106K/2630K, paused 7ms+4ms
D/inject  (  404): [+]-----------open test txt file-----------
D/inject  (  404): [+] The New open path /data/data/cn.wps.moffice_eng/files/_localRecord
D/inject  (  404): [+] The New open count 475
D/inject  (  404): [+] The old openfile fd 45
D/inject  (  404): [+]-----------open test txt file-----------
D/inject  (  404): [+] The New open path /data/data/cn.wps.moffice_eng/files/_localRecord
D/inject  (  404): [+] The New open count 476
D/inject  (  404): [+] The old openfile fd 45
D/inject  (  404): [+]-----------open test txt file-----------
D/inject  (  404): [+] The New open path /data/data/cn.wps.moffice_eng/files/_localRecord
D/inject  (  404): [+] The New open count 477
D/inject  (  404): [+] The old openfile fd 45
D/inject  (  404): [+]-----------open test txt file-----------
D/inject  (  404): [+] The New open path /data/data/cn.wps.moffice_eng/files/_localRecord
D/inject  (  404): [+] The New open count 478
D/inject  (  404): [+] The old openfile fd 45
D/SntpClient(   61): request time failed: java.net.SocketException: Address family not supported by protocol
D/dalvikvm(  253): GC_CONCURRENT freed 882K, 49% free 3799K/7431K, external 1753K/2137K, paused 9ms+3ms
D/inject  (  404): [+]-----------open test txt file-----------
D/inject  (  404): [+] The New open path /data/data/cn.wps.moffice_eng/files/_localRecord
D/inject  (  404): [+] The New open count 479
D/inject  (  404): [+] The old openfile fd 45
D/inject  (  404): [+]-----------open test txt file-----------
D/inject  (  404): [+] The New open path /data/data/cn.wps.moffice_eng/files/_localRecord
D/inject  (  404): [+] The New open count 480
D/inject  (  404): [+] The old openfile fd 45
D/SntpClient(   61): request time failed: java.net.SocketException: Address family not supported by protocol
D/inject  (  404): [+]-----------open test txt file-----------
D/inject  (  404): [+] The New open path /data/data/cn.wps.moffice_eng/files/_localRecord
D/inject  (  404): [+] The New open count 481
D/inject  (  404): [+] The old openfile fd 45
D/inject  (  404): [+]-----------open test txt file-----------
D/inject  (  404): [+] The New open path /data/data/cn.wps.moffice_eng/files/_localRecord
D/inject  (  404): [+] The New open count 482
D/inject  (  404): [+] The old openfile fd 45
D/inject  (  404): [+]-----------open test txt file-----------
D/inject  (  404): [+] The New open path /data/data/cn.wps.moffice_eng/files/_localRecord
D/inject  (  404): [+] The New open count 483
D/inject  (  404): [+] The old openfile fd 45
D/inject  (  404): [+]-----------open test txt file-----------
D/inject  (  404): [+] The New open path /data/data/cn.wps.moffice_eng/files/_localRecord
D/inject  (  404): [+] The New open count 484
D/inject  (  404): [+] The old openfile fd 45
D/dalvikvm(  404): GC_CONCURRENT freed 2023K, 48% free 5118K/9799K, external 5305K/6625K, paused 5ms+12ms
D/SntpClient(   61): request time failed: java.net.SocketException: Address family not supported by protocol
D/inject  (  404): [+]-----------open test txt file-----------
D/inject  (  404): [+] The New open path /data/data/cn.wps.moffice_eng/files/_localRecord
D/inject  (  404): [+] The New open count 485
D/inject  (  404): [+] The old openfile fd 45
D/inject  (  404): [+]-----------open test txt file-----------
D/inject  (  404): [+] The New open path /data/data/cn.wps.moffice_eng/files/_localRecord
D/inject  (  404): [+] The New open count 486
D/inject  (  404): [+] The old openfile fd 45
D/inject  (  404): [+]-----------open test txt file-----------
D/inject  (  404): [+] The New open path /data/data/cn.wps.moffice_eng/files/_localRecord
D/inject  (  404): [+] The New open count 487
D/inject  (  404): [+] The old openfile fd 45
D/inject  (  404): [+]-----------open test txt file-----------
D/inject  (  404): [+] The New open path /data/data/cn.wps.moffice_eng/files/_localRecord
D/inject  (  404): [+] The New open count 488
D/inject  (  404): [+] The old openfile fd 45
D/SntpClient(   61): request time failed: java.net.SocketException: Address family not supported by protocol
D/inject  (  404): [+]-----------open test txt file-----------
D/inject  (  404): [+] The New open path /data/data/cn.wps.moffice_eng/files/_localRecord
D/inject  (  404): [+] The New open count 489
D/inject  (  404): [+] The old openfile fd 45
D/inject  (  404): [+]-----------open test txt file-----------
D/inject  (  404): [+] The New open path /data/data/cn.wps.moffice_eng/files/_localRecord
D/inject  (  404): [+] The New open count 490
D/inject  (  404): [+] The old openfile fd 45
D/SntpClient(   61): request time failed: java.net.SocketException: Address family not supported by protocol
D/inject  (  404): [+]-----------open test txt file-----------
D/inject  (  404): [+] The New open path /data/data/cn.wps.moffice_eng/files/_localRecord
D/inject  (  404): [+] The New open count 491
D/inject  (  404): [+] The old openfile fd 45
D/inject  (  404): [+]-----------open test txt file-----------
D/inject  (  404): [+] The New open path /data/data/cn.wps.moffice_eng/files/_localRecord
D/inject  (  404): [+] The New open count 492
D/inject  (  404): [+] The old openfile fd 45
V/BackupManagerService(   61): Backup requested but nothing pending
I/dalvikvm(  122): Jit: resizing JitTable from 1024 to 2048
D/inject  (  404): [+]-----------open test txt file-----------
D/inject  (  404): [+] The New open path /data/data/cn.wps.moffice_eng/files/_localRecord
D/inject  (  404): [+] The New open count 493
D/inject  (  404): [+] The old openfile fd 45
D/inject  (  404): [+]-----------open test txt file-----------
D/inject  (  404): [+] The New open path /data/data/cn.wps.moffice_eng/files/_localRecord
D/inject  (  404): [+] The New open count 494
D/inject  (  404): [+] The old openfile fd 45
D/SntpClient(   61): request time failed: java.net.SocketException: Address family not supported by protocol
D/inject  (  404): [+]-----------open test txt file-----------
D/inject  (  404): [+] The New open path /data/data/cn.wps.moffice_eng/files/_localRecord
D/inject  (  404): [+] The New open count 495
D/inject  (  404): [+] The old openfile fd 45
D/inject  (  404): [+]-----------open test txt file-----------
D/inject  (  404): [+] The New open path /data/data/cn.wps.moffice_eng/files/_localRecord
D/inject  (  404): [+] The New open count 496
D/inject  (  404): [+] The old openfile fd 45
D/dalvikvm(  404): GC_CONCURRENT freed 1934K, 48% free 5140K/9799K, external 5305K/6625K, paused 4ms+15ms
D/inject  (  404): [+]-----------open test txt file-----------
D/inject  (  404): [+] The New open path /data/data/cn.wps.moffice_eng/files/_localRecord
D/inject  (  404): [+] The New open count 497
D/inject  (  404): [+] The old openfile fd 45
D/inject  (  404): [+]-----------open test txt file-----------
D/inject  (  404): [+] The New open path /data/data/cn.wps.moffice_eng/files/_localRecord
D/inject  (  404): [+] The New open count 498
D/inject  (  404): [+] The old openfile fd 45
D/SntpClient(   61): request time failed: java.net.SocketException: Address family not supported by protocol
D/inject  (  404): [+]-----------open test txt file-----------
D/inject  (  404): [+] The New open path /data/data/cn.wps.moffice_eng/files/_localRecord
D/inject  (  404): [+] The New open count 499
D/inject  (  404): [+] The old openfile fd 45
D/inject  (  404): [+]-----------open test txt file-----------
D/inject  (  404): [+] The New open path /data/data/cn.wps.moffice_eng/files/_localRecord
D/inject  (  404): [+] The New open count 500
D/inject  (  404): [+] The old openfile fd 45
D/SntpClient(   61): request time failed: java.net.SocketException: Address family not supported by protocol
D/inject  (  404): [+]-----------open test txt file-----------
D/inject  (  404): [+] The New open path /data/data/cn.wps.moffice_eng/files/_localRecord
D/inject  (  404): [+] The New open count 501
D/inject  (  404): [+] The old openfile fd 45
D/inject  (  404): [+]-----------open test txt file-----------
D/inject  (  404): [+] The New open path /data/data/cn.wps.moffice_eng/files/_localRecord
D/inject  (  404): [+] The New open count 502
D/inject  (  404): [+] The old openfile fd 45
D/inject  (  404): [+]-----------open test txt file-----------
D/inject  (  404): [+] The New open path /data/data/cn.wps.moffice_eng/files/_localRecord
D/inject  (  404): [+] The New open count 503
D/inject  (  404): [+] The old openfile fd 45
D/inject  (  404): [+]-----------open test txt file-----------
D/inject  (  404): [+] The New open path /data/data/cn.wps.moffice_eng/files/_localRecord
D/inject  (  404): [+] The New open count 504
D/inject  (  404): [+] The old openfile fd 45
D/dalvikvm(   61): GC_CONCURRENT freed 1185K, 49% free 4590K/8839K, external 3125K/3903K, paused 10ms+6ms
D/SntpClient(   61): request time failed: java.net.SocketException: Address family not supported by protocol
D/inject  (  404): [+]-----------open test txt file-----------
D/inject  (  404): [+] The New open path /data/data/cn.wps.moffice_eng/files/_localRecord
D/inject  (  404): [+] The New open count 505
D/inject  (  404): [+] The old openfile fd 45
D/inject  (  404): [+]-----------open test txt file-----------
D/inject  (  404): [+] The New open path /data/data/cn.wps.moffice_eng/files/_localRecord
D/inject  (  404): [+] The New open count 506
D/inject  (  404): [+] The old openfile fd 45
D/inject  (  404): [+]-----------open test txt file-----------
D/inject  (  404): [+] The New open path /data/data/cn.wps.moffice_eng/files/_localRecord
D/inject  (  404): [+] The New open count 507
D/inject  (  404): [+] The old openfile fd 45
D/inject  (  404): [+]-----------open test txt file-----------
D/inject  (  404): [+] The New open path /data/data/cn.wps.moffice_eng/files/_localRecord
D/inject  (  404): [+] The New open count 508
D/inject  (  404): [+] The old openfile fd 45
D/dalvikvm(  404): GC_CONCURRENT freed 1941K, 48% free 5162K/9799K, external 5305K/6625K, paused 9ms+12ms
D/SntpClient(   61): request time failed: java.net.SocketException: Address family not supported by protocol
D/inject  (  404): [+]-----------open test txt file-----------
D/inject  (  404): [+] The New open path /data/data/cn.wps.moffice_eng/files/_localRecord
D/inject  (  404): [+] The New open count 509
D/inject  (  404): [+] The old openfile fd 45
D/inject  (  404): [+]-----------open test txt file-----------
D/inject  (  404): [+] The New open path /data/data/cn.wps.moffice_eng/files/_localRecord
D/inject  (  404): [+] The New open count 510
D/inject  (  404): [+] The old openfile fd 45
D/SntpClient(   61): request time failed: java.net.SocketException: Address family not supported by protocol
D/inject  (  404): [+]-----------open test txt file-----------
D/inject  (  404): [+] The New open path /data/data/cn.wps.moffice_eng/files/_localRecord
D/inject  (  404): [+] The New open count 511
D/inject  (  404): [+] The old openfile fd 45
D/inject  (  404): [+]-----------open test txt file-----------
D/inject  (  404): [+] The New open path /data/data/cn.wps.moffice_eng/files/_localRecord
D/inject  (  404): [+] The New open count 512
D/inject  (  404): [+] The old openfile fd 45
D/inject  (  404): [+]-----------open test txt file-----------
D/inject  (  404): [+] The New open path /data/data/cn.wps.moffice_eng/files/_localRecord
D/inject  (  404): [+] The New open count 513
D/inject  (  404): [+] The old openfile fd 45
D/inject  (  404): [+]-----------open test txt file-----------
D/inject  (  404): [+] The New open path /data/data/cn.wps.moffice_eng/files/_localRecord
D/inject  (  404): [+] The New open count 514
D/inject  (  404): [+] The old openfile fd 45
D/SntpClient(   61): request time failed: java.net.SocketException: Address family not supported by protocol
D/inject  (  404): [+]-----------open test txt file-----------
D/inject  (  404): [+] The New open path /data/data/cn.wps.moffice_eng/files/_localRecord
D/inject  (  404): [+] The New open count 515
D/inject  (  404): [+] The old openfile fd 45
D/inject  (  404): [+]-----------open test txt file-----------
D/inject  (  404): [+] The New open path /data/data/cn.wps.moffice_eng/files/_localRecord
D/inject  (  404): [+] The New open count 516
D/inject  (  404): [+] The old openfile fd 45
D/inject  (  404): [+]-----------open test txt file-----------
D/inject  (  404): [+] The New open path /data/data/cn.wps.moffice_eng/files/_localRecord
D/inject  (  404): [+] The New open count 517
D/inject  (  404): [+] The old openfile fd 45
D/inject  (  404): [+]-----------open test txt file-----------
D/inject  (  404): [+] The New open path /data/data/cn.wps.moffice_eng/files/_localRecord
D/inject  (  404): [+] The New open count 518
D/inject  (  404): [+] The old openfile fd 45
D/SntpClient(   61): request time failed: java.net.SocketException: Address family not supported by protocol
D/inject  (  404): [+]-----------open test txt file-----------
D/inject  (  404): [+] The New open path /data/data/cn.wps.moffice_eng/files/_localRecord
D/inject  (  404): [+] The New open count 519
D/inject  (  404): [+] The old openfile fd 45
D/inject  (  404): [+]-----------open test txt file-----------
D/inject  (  404): [+] The New open path /data/data/cn.wps.moffice_eng/files/_localRecord
D/inject  (  404): [+] The New open count 520
D/inject  (  404): [+] The old openfile fd 45
D/dalvikvm(  404): GC_CONCURRENT freed 1982K, 47% free 5195K/9799K, external 5305K/6625K, paused 3ms+11ms
D/SntpClient(   61): request time failed: java.net.SocketException: Address family not supported by protocol
D/inject  (  404): [+]-----------open test txt file-----------
D/inject  (  404): [+] The New open path /data/data/cn.wps.moffice_eng/files/_localRecord
D/inject  (  404): [+] The New open count 521
D/inject  (  404): [+] The old openfile fd 45
D/inject  (  404): [+]-----------open test txt file-----------
D/inject  (  404): [+] The New open path /data/data/cn.wps.moffice_eng/files/_localRecord
D/inject  (  404): [+] The New open count 522
D/inject  (  404): [+] The old openfile fd 45
D/inject  (  404): [+]-----------open test txt file-----------
D/inject  (  404): [+] The New open path /data/data/cn.wps.moffice_eng/files/_localRecord
D/inject  (  404): [+] The New open count 523
D/inject  (  404): [+] The old openfile fd 45
D/inject  (  404): [+]-----------open test txt file-----------
D/inject  (  404): [+] The New open path /data/data/cn.wps.moffice_eng/files/_localRecord
D/inject  (  404): [+] The New open count 524
D/inject  (  404): [+] The old openfile fd 45
D/SntpClient(   61): request time failed: java.net.SocketException: Address family not supported by protocol
D/inject  (  404): [+]-----------open test txt file-----------
D/inject  (  404): [+] The New open path /data/data/cn.wps.moffice_eng/files/_localRecord
D/inject  (  404): [+] The New open count 525
D/inject  (  404): [+] The old openfile fd 45
D/inject  (  404): [+]-----------open test txt file-----------
D/inject  (  404): [+] The New open path /data/data/cn.wps.moffice_eng/files/_localRecord
D/inject  (  404): [+] The New open count 526
D/inject  (  404): [+] The old openfile fd 45
D/inject  (  404): [+]-----------open test txt file-----------
D/inject  (  404): [+] The New open path /data/data/cn.wps.moffice_eng/files/_localRecord
D/inject  (  404): [+] The New open count 527
D/inject  (  404): [+] The old openfile fd 45
D/inject  (  404): [+]-----------open test txt file-----------
D/inject  (  404): [+] The New open path /data/data/cn.wps.moffice_eng/files/_localRecord
D/inject  (  404): [+] The New open count 528
D/inject  (  404): [+] The old openfile fd 45
D/SntpClient(   61): request time failed: java.net.SocketException: Address family not supported by protocol
D/inject  (  404): [+]-----------open test txt file-----------
D/inject  (  404): [+] The New open path /data/data/cn.wps.moffice_eng/files/_localRecord
D/inject  (  404): [+] The New open count 529
D/inject  (  404): [+] The old openfile fd 45
D/inject  (  404): [+]-----------open test txt file-----------
D/inject  (  404): [+] The New open path /data/data/cn.wps.moffice_eng/files/_localRecord
D/inject  (  404): [+] The New open count 530
D/inject  (  404): [+] The old openfile fd 45
D/SntpClient(   61): request time failed: java.net.SocketException: Address family not supported by protocol
D/dalvikvm(  253): GC_CONCURRENT freed 883K, 49% free 3799K/7431K, external 1753K/2137K, paused 10ms+3ms
D/inject  (  404): [+]-----------open test txt file-----------
D/inject  (  404): [+] The New open path /data/data/cn.wps.moffice_eng/files/_localRecord
D/inject  (  404): [+] The New open count 531
D/inject  (  404): [+] The old openfile fd 45
D/inject  (  404): [+]-----------open test txt file-----------
D/inject  (  404): [+] The New open path /data/data/cn.wps.moffice_eng/files/_localRecord
D/inject  (  404): [+] The New open count 532
D/inject  (  404): [+] The old openfile fd 45
D/dalvikvm(  404): GC_CONCURRENT freed 1944K, 47% free 5223K/9799K, external 5305K/6625K, paused 4ms+13ms
V/BackupManagerService(   61): Backup requested but nothing pending
D/inject  (  404): [+]-----------open test txt file-----------
D/inject  (  404): [+] The New open path /data/data/cn.wps.moffice_eng/files/_localRecord
D/inject  (  404): [+] The New open count 533
D/inject  (  404): [+] The old openfile fd 45
D/inject  (  404): [+]-----------open test txt file-----------
D/inject  (  404): [+] The New open path /data/data/cn.wps.moffice_eng/files/_localRecord
D/inject  (  404): [+] The New open count 534
D/inject  (  404): [+] The old openfile fd 45
D/SntpClient(   61): request time failed: java.net.SocketException: Address family not supported by protocol
D/inject  (  404): [+]-----------open test txt file-----------
D/inject  (  404): [+] The New open path /data/data/cn.wps.moffice_eng/files/_localRecord
D/inject  (  404): [+] The New open count 535
D/inject  (  404): [+] The old openfile fd 45
D/inject  (  404): [+]-----------open test txt file-----------
D/inject  (  404): [+] The New open path /data/data/cn.wps.moffice_eng/files/_localRecord
D/inject  (  404): [+] The New open count 536
D/inject  (  404): [+] The old openfile fd 45
D/inject  (  404): [+]-----------open test txt file-----------
D/inject  (  404): [+] The New open path /data/data/cn.wps.moffice_eng/files/_localRecord
D/inject  (  404): [+] The New open count 537
D/inject  (  404): [+] The old openfile fd 45
D/inject  (  404): [+]-----------open test txt file-----------
D/inject  (  404): [+] The New open path /data/data/cn.wps.moffice_eng/files/_localRecord
D/inject  (  404): [+] The New open count 538
D/inject  (  404): [+] The old openfile fd 45
D/SntpClient(   61): request time failed: java.net.SocketException: Address family not supported by protocol
D/inject  (  404): [+]-----------open test txt file-----------
D/inject  (  404): [+] The New open path /data/data/cn.wps.moffice_eng/files/_localRecord
D/inject  (  404): [+] The New open count 539
D/inject  (  404): [+] The old openfile fd 45
D/inject  (  404): [+]-----------open test txt file-----------
D/inject  (  404): [+] The New open path /data/data/cn.wps.moffice_eng/files/_localRecord
D/inject  (  404): [+] The New open count 540
D/inject  (  404): [+] The old openfile fd 45
D/SntpClient(   61): request time failed: java.net.SocketException: Address family not supported by protocol
D/inject  (  404): [+]-----------open test txt file-----------
D/inject  (  404): [+] The New open path /data/data/cn.wps.moffice_eng/files/_localRecord
D/inject  (  404): [+] The New open count 541
D/inject  (  404): [+] The old openfile fd 45
D/inject  (  404): [+]-----------open test txt file-----------
D/inject  (  404): [+] The New open path /data/data/cn.wps.moffice_eng/files/_localRecord
D/inject  (  404): [+] The New open count 542
D/inject  (  404): [+] The old openfile fd 45
D/inject  (  404): [+]-----------open test txt file-----------
D/inject  (  404): [+] The New open path /data/data/cn.wps.moffice_eng/files/_localRecord
D/inject  (  404): [+] The New open count 543
D/inject  (  404): [+] The old openfile fd 45
D/inject  (  404): [+]-----------open test txt file-----------
D/inject  (  404): [+] The New open path /data/data/cn.wps.moffice_eng/files/_localRecord
D/inject  (  404): [+] The New open count 544
D/inject  (  404): [+] The old openfile fd 45
D/SntpClient(   61): request time failed: java.net.SocketException: Address family not supported by protocol
D/inject  (  404): [+]-----------open test txt file-----------
D/inject  (  404): [+] The New open path /data/data/cn.wps.moffice_eng/files/_localRecord
D/inject  (  404): [+] The New open count 545
D/inject  (  404): [+] The old openfile fd 45
D/inject  (  404): [+]-----------open test txt file-----------
D/inject  (  404): [+] The New open path /data/data/cn.wps.moffice_eng/files/_localRecord
D/inject  (  404): [+] The New open count 546
D/inject  (  404): [+] The old openfile fd 45
D/dalvikvm(  404): GC_CONCURRENT freed 2064K, 48% free 5228K/9927K, external 5305K/6625K, paused 9ms+13ms
D/inject  (  404): [+]-----------open test txt file-----------
D/inject  (  404): [+] The New open path /data/data/cn.wps.moffice_eng/files/_localRecord
D/inject  (  404): [+] The New open count 547
D/inject  (  404): [+] The old openfile fd 45
D/inject  (  404): [+]-----------open test txt file-----------
D/inject  (  404): [+] The New open path /data/data/cn.wps.moffice_eng/files/_localRecord
D/inject  (  404): [+] The New open count 548
D/inject  (  404): [+] The old openfile fd 45
D/SntpClient(   61): request time failed: java.net.SocketException: Address family not supported by protocol
D/dalvikvm(  253): GC_CONCURRENT freed 849K, 49% free 3834K/7431K, external 1753K/2137K, paused 8ms+3ms
D/dalvikvm(  253): GC_CONCURRENT freed 953K, 49% free 3815K/7431K, external 1753K/2137K, paused 8ms+3ms
D/inject  (  404): [+]-----------open test txt file-----------
D/inject  (  404): [+] The New open path /data/data/cn.wps.moffice_eng/files/_localRecord
D/inject  (  404): [+] The New open count 549
D/inject  (  404): [+] The old openfile fd 45
D/inject  (  404): [+]-----------open test txt file-----------
D/inject  (  404): [+] The New open path /data/data/cn.wps.moffice_eng/files/_localRecord
D/inject  (  404): [+] The New open count 550
D/inject  (  404): [+] The old openfile fd 45
D/SntpClient(   61): request time failed: java.net.SocketException: Address family not supported by protocol
D/inject  (  404): [+]-----------open test txt file-----------
D/inject  (  404): [+] The New open path /data/data/cn.wps.moffice_eng/files/_localRecord
D/inject  (  404): [+] The New open count 551
D/inject  (  404): [+] The old openfile fd 45
D/inject  (  404): [+]-----------open test txt file-----------
D/inject  (  404): [+] The New open path /data/data/cn.wps.moffice_eng/files/_localRecord
D/inject  (  404): [+] The New open count 552
D/inject  (  404): [+] The old openfile fd 45
D/inject  (  404): [+]-----------open test txt file-----------
D/inject  (  404): [+] The New open path /data/data/cn.wps.moffice_eng/files/_localRecord
D/inject  (  404): [+] The New open count 553
D/inject  (  404): [+] The old openfile fd 45
D/inject  (  404): [+]-----------open test txt file-----------
D/inject  (  404): [+] The New open path /data/data/cn.wps.moffice_eng/files/_localRecord
D/inject  (  404): [+] The New open count 554
D/inject  (  404): [+] The old openfile fd 45
D/SntpClient(   61): request time failed: java.net.SocketException: Address family not supported by protocol
D/inject  (  404): [+]-----------open test txt file-----------
D/inject  (  404): [+] The New open path /data/data/cn.wps.moffice_eng/files/_localRecord
D/inject  (  404): [+] The New open count 555
D/inject  (  404): [+] The old openfile fd 45
D/inject  (  404): [+]-----------open test txt file-----------
D/inject  (  404): [+] The New open path /data/data/cn.wps.moffice_eng/files/_localRecord
D/inject  (  404): [+] The New open count 556
D/inject  (  404): [+] The old openfile fd 45
D/inject  (  404): [+]-----------open test txt file-----------
D/inject  (  404): [+] The New open path /data/data/cn.wps.moffice_eng/files/_localRecord
D/inject  (  404): [+] The New open count 557
D/inject  (  404): [+] The old openfile fd 45
D/inject  (  404): [+]-----------open test txt file-----------
D/inject  (  404): [+] The New open path /data/data/cn.wps.moffice_eng/files/_localRecord
D/inject  (  404): [+] The New open count 558
D/inject  (  404): [+] The old openfile fd 45
D/dalvikvm(  404): GC_CONCURRENT freed 1948K, 48% free 5237K/9927K, external 5305K/6625K, paused 8ms+11ms
D/SntpClient(   61): request time failed: java.net.SocketException: Address family not supported by protocol
D/dalvikvm(   61): GC_CONCURRENT freed 1168K, 48% free 4598K/8839K, external 3125K/3903K, paused 9ms+7ms
D/inject  (  404): [+]-----------open test txt file-----------
D/inject  (  404): [+] The New open path /data/data/cn.wps.moffice_eng/files/_localRecord
D/inject  (  404): [+] The New open count 559
D/inject  (  404): [+] The old openfile fd 45
D/inject  (  404): [+]-----------open test txt file-----------
D/inject  (  404): [+] The New open path /data/data/cn.wps.moffice_eng/files/_localRecord
D/inject  (  404): [+] The New open count 560
D/inject  (  404): [+] The old openfile fd 45
D/SntpClient(   61): request time failed: java.net.SocketException: Address family not supported by protocol
D/inject  (  404): [+]-----------open test txt file-----------
D/inject  (  404): [+] The New open path /data/data/cn.wps.moffice_eng/files/_localRecord
D/inject  (  404): [+] The New open count 561
D/inject  (  404): [+] The old openfile fd 45
D/inject  (  404): [+]-----------open test txt file-----------
D/inject  (  404): [+] The New open path /data/data/cn.wps.moffice_eng/files/_localRecord
D/inject  (  404): [+] The New open count 562
D/inject  (  404): [+] The old openfile fd 45
D/inject  (  404): [+]-----------open test txt file-----------
D/inject  (  404): [+] The New open path /data/data/cn.wps.moffice_eng/files/_localRecord
D/inject  (  404): [+] The New open count 563
D/inject  (  404): [+] The old openfile fd 45
D/inject  (  404): [+]-----------open test txt file-----------
D/inject  (  404): [+] The New open path /data/data/cn.wps.moffice_eng/files/_localRecord
D/inject  (  404): [+] The New open count 564
D/inject  (  404): [+] The old openfile fd 45
D/SntpClient(   61): request time failed: java.net.SocketException: Address family not supported by protocol
D/inject  (  404): [+]-----------open test txt file-----------
D/inject  (  404): [+] The New open path /data/data/cn.wps.moffice_eng/files/_localRecord
D/inject  (  404): [+] The New open count 565
D/inject  (  404): [+] The old openfile fd 45
D/inject  (  404): [+]-----------open test txt file-----------
D/inject  (  404): [+] The New open path /data/data/cn.wps.moffice_eng/files/_localRecord
D/inject  (  404): [+] The New open count 566
D/inject  (  404): [+] The old openfile fd 45
D/inject  (  404): [+]-----------open test txt file-----------
D/inject  (  404): [+] The New open path /data/data/cn.wps.moffice_eng/files/_localRecord
D/inject  (  404): [+] The New open count 567
D/inject  (  404): [+] The old openfile fd 45
D/inject  (  404): [+]-----------open test txt file-----------
D/inject  (  404): [+] The New open path /data/data/cn.wps.moffice_eng/files/_localRecord
D/inject  (  404): [+] The New open count 568
D/inject  (  404): [+] The old openfile fd 45
D/SntpClient(   61): request time failed: java.net.SocketException: Address family not supported by protocol
D/inject  (  404): [+]-----------open test txt file-----------
D/inject  (  404): [+] The New open path /data/data/cn.wps.moffice_eng/files/_localRecord
D/inject  (  404): [+] The New open count 569
D/inject  (  404): [+] The old openfile fd 45
D/inject  (  404): [+]-----------open test txt file-----------
D/inject  (  404): [+] The New open path /data/data/cn.wps.moffice_eng/files/_localRecord
D/inject  (  404): [+] The New open count 570
D/inject  (  404): [+] The old openfile fd 45
D/dalvikvm(  404): GC_CONCURRENT freed 1945K, 47% free 5261K/9927K, external 5305K/6625K, paused 8ms+12ms
D/SntpClient(   61): request time failed: java.net.SocketException: Address family not supported by protocol
D/inject  (  404): [+]-----------open test txt file-----------
D/inject  (  404): [+] The New open path /data/data/cn.wps.moffice_eng/files/_localRecord
D/inject  (  404): [+] The New open count 571
D/inject  (  404): [+] The old openfile fd 45
D/inject  (  404): [+]-----------open test txt file-----------
D/inject  (  404): [+] The New open path /data/data/cn.wps.moffice_eng/files/_localRecord
D/inject  (  404): [+] The New open count 572
D/inject  (  404): [+] The old openfile fd 45
V/BackupManagerService(   61): Backup requested but nothing pending
D/inject  (  404): [+]-----------open test txt file-----------
D/inject  (  404): [+] The New open path /data/data/cn.wps.moffice_eng/files/_localRecord
D/inject  (  404): [+] The New open count 573
D/inject  (  404): [+] The old openfile fd 45
D/inject  (  404): [+]-----------open test txt file-----------
D/inject  (  404): [+] The New open path /data/data/cn.wps.moffice_eng/files/_localRecord
D/inject  (  404): [+] The New open count 574
D/inject  (  404): [+] The old openfile fd 45
D/SntpClient(   61): request time failed: java.net.SocketException: Address family not supported by protocol
W/KeyCharacterMap(  404): No keyboard for id 0
W/KeyCharacterMap(  404): Using default keymap: /system/usr/keychars/qwerty.kcm.bin
D/inject  (  404): [+]-----------open test txt file-----------
D/inject  (  404): [+] The New open path /data/data/cn.wps.moffice_eng/files/AppPersistence
D/inject  (  404): [+] The New open count 575
D/inject  (  404): [+] The old openfile fd 45
D/dalvikvm(  404): GetFieldID: unable to find field Ljava/util/HashMap;.loadFactor:F
D/inject  (  404): [+]-----------open test txt file-----------
D/inject  (  404): [+] The New open path /data/data/cn.wps.moffice_eng/files/AppPersistence
D/inject  (  404): [+] The New open count 576
D/inject  (  404): [+] The old openfile fd 45
D/inject  (  404): [+]-----------open test txt file-----------
D/inject  (  404): [+] The New open path /data/data/cn.wps.moffice_eng/files/AppPersistence
D/inject  (  404): [+] The New open count 577
D/inject  (  404): [+] The old openfile fd 45
D/dalvikvm(  404): GetFieldID: unable to find field Ljava/util/HashMap;.loadFactor:F
D/inject  (  404): [+]-----------open test txt file-----------
D/inject  (  404): [+] The New open path /data/data/cn.wps.moffice_eng/files/AppPersistence
D/inject  (  404): [+] The New open count 578
D/inject  (  404): [+] The old openfile fd 45
D/inject  (  404): [+]-----------open test txt file-----------
D/inject  (  404): [+] The New open path /data/data/cn.wps.moffice_eng/files/AppPersistence
D/inject  (  404): [+] The New open count 579
D/inject  (  404): [+] The old openfile fd 45
