D/inject  (  375): [+]-----------open test txt file-----------
D/inject  (  375): [+] The New open path /mnt/sdcard/KingsoftOffice/.history/HistoryRecordDataSource
D/inject  (  375): [+] The New open count 72
D/inject  (  375): [+] The old openfile fd 49
D/inject  (  375): [+]-----------open test txt file-----------
D/inject  (  375): [+] The New open path /mnt/sdcard/documents/testcopy.txt
D/inject  (  375): [+] The New open count 73
D/inject  (  375): [+] The old openfile fd 49
D/dalvikvm(  400): GetFieldID: unable to find field Ljava/util/HashMap;.loadFactor:F
D/inject  (  375): [+]-----------open test txt file-----------
D/inject  (  375): [+] The New open path /data/data/cn.wps.moffice_eng/files/.cloud/.connectionPersistence
D/inject  (  375): [+] The New open count 74
D/inject  (  375): [+] The old openfile fd 49
D/dalvikvm(  400): GetFieldID: unable to find field Ljava/util/HashMap;.loadFactor:F
D/dalvikvm(  400): GetFieldID: unable to find field Ljava/util/HashMap;.loadFactor:F
D/dalvikvm(  400): GetFieldID: unable to find field Ljava/util/HashMap;.loadFactor:F
D/dalvikvm(  400): GC_EXTERNAL_ALLOC freed 749K, 43% free 4553K/7943K, external 10113K/11391K, paused 66ms
D/dalvikvm(  400): GetFieldID: unable to find field Ljava/util/HashMap;.loadFactor:F
D/inject  (  375): [+]-----------open test txt file-----------
D/inject  (  375): [+] The New open path /data/data/cn.wps.moffice_eng/files/lable.db
D/inject  (  375): [+] The New open count 75
D/inject  (  375): [+] The old openfile fd 49
D/dalvikvm(  400): GREF has increased to 201
D/dalvikvm(  400): GetFieldID: unable to find field Ljava/util/HashMap;.loadFactor:F
D/dalvikvm(  400): GetFieldID: unable to find field Ljava/util/HashMap;.loadFactor:F
D/dalvikvm(  400): GC_EXTERNAL_ALLOC freed 445K, 43% free 4572K/7943K, external 12704K/13442K, paused 159ms
D/inject  (  375): [+]-----------open test txt file-----------
D/inject  (  375): [+] The New open path /data/data/cn.wps.moffice_eng/files/lable.db
D/inject  (  375): [+] The New open count 76
D/inject  (  375): [+] The old openfile fd 49
I/ActivityManager(   61): Displayed cn.wps.moffice_eng/cn.wps.moffice.writer.Writer1: +2s305ms (total +2s342ms)
W/InputManagerService(   61): Starting input on non-focused client com.android.internal.view.IInputMethodClient$Stub$Proxy@40734fb0 (uid=10037 pid=375)
I/dalvikvm(   61): Jit: resizing JitTable from 1024 to 2048
D/inject  (  375): [+]-----------open test txt file-----------
D/inject  (  375): [+] The New open path /data/data/cn.wps.moffice_eng/files/_localRecord
D/inject  (  375): [+] The New open count 77
D/inject  (  375): [+] The old openfile fd 49
D/inject  (  375): [+]-----------open test txt file-----------
D/inject  (  375): [+] The New open path /data/data/cn.wps.moffice_eng/files/_localRecord
D/inject  (  375): [+] The New open count 78
D/inject  (  375): [+] The old openfile fd 49
D/inject  (  375): [+]-----------open test txt file-----------
D/inject  (  375): [+] The New open path /mnt/sdcard/KingsoftOffice/.history/.nomedia/cf57d42528c896f5dc110829a29eb37e.png
D/inject  (  375): [+] The New open count 79
D/inject  (  375): [+] The old openfile fd 49
D/inject  (  375): [+]-----------open test txt file-----------
D/inject  (  375): [+] The New open path /mnt/sdcard/KingsoftOffice/.history/.nomedia/cf57d42528c896f5dc110829a29eb37e.png
D/inject  (  375): [+] The New open count 80
D/inject  (  375): [+] The old openfile fd 49
D/dalvikvm(  375): GC_EXTERNAL_ALLOC freed 392K, 47% free 4108K/7751K, external 4349K/5431K, paused 123ms
D/inject  (  375): [+]-----------open test txt file-----------
D/inject  (  375): [+] The New open path /mnt/sdcard/KingsoftOffice/.history/.nomedia/10ca354419e828a281119d7494f3c81f.png
D/inject  (  375): [+] The New open count 81
D/inject  (  375): [+] The old openfile fd 49
D/inject  (  375): [+]-----------open test txt file-----------
D/inject  (  375): [+] The New open path /mnt/sdcard/KingsoftOffice/.history/.nomedia/10ca354419e828a281119d7494f3c81f.png
D/inject  (  375): [+] The New open count 82
D/inject  (  375): [+] The old openfile fd 49
D/dalvikvm(  375): GC_EXTERNAL_ALLOC freed 126K, 48% free 4071K/7751K, external 5629K/5629K, paused 80ms
D/inject  (  375): [+]-----------open test txt file-----------
D/inject  (  375): [+] The New open path /mnt/sdcard/KingsoftOffice/.history/.nomedia/1057468cb4bfa3919810008c752e146a.png
D/inject  (  375): [+] The New open count 83
D/inject  (  375): [+] The old openfile fd 49
W/KeyCharacterMap(  400): No keyboard for id 0
W/KeyCharacterMap(  400): Using default keymap: /system/usr/keychars/qwerty.kcm.bin
D/inject  (  375): [+]-----------open test txt file-----------
D/inject  (  375): [+] The New open path /mnt/sdcard/KingsoftOffice/.history/.nomedia/1057468cb4bfa3919810008c752e146a.png
D/inject  (  375): [+] The New open count 84
D/inject  (  375): [+] The old openfile fd 49
D/dalvikvm(  375): GC_EXTERNAL_ALLOC freed 74K, 48% free 4081K/7751K, external 5935K/5935K, paused 98ms
D/dalvikvm(  400): GC_EXTERNAL_ALLOC freed 402K, 43% free 4606K/7943K, external 14277K/15044K, paused 66ms
D/inject  (  375): [+]-----------open test txt file-----------
D/inject  (  375): [+] The New open path /data/data/cn.wps.moffice_eng/files/_localRecord
D/inject  (  375): [+] The New open count 85
D/inject  (  375): [+] The old openfile fd 49
D/inject  (  375): [+]-----------open test txt file-----------
D/inject  (  375): [+] The New open path /data/data/cn.wps.moffice_eng/files/_localRecord
D/inject  (  375): [+] The New open count 86
D/inject  (  375): [+] The old openfile fd 49
D/inject  (  375): [+]-----------open test txt file-----------
D/inject  (  375): [+] The New open path /mnt/sdcard/KingsoftOffice/.history/.nomedia/cf57d42528c896f5dc110829a29eb37e.png
D/inject  (  375): [+] The New open count 87
D/inject  (  375): [+] The old openfile fd 49
D/inject  (  375): [+]-----------open test txt file-----------
D/inject  (  375): [+] The New open path /mnt/sdcard/KingsoftOffice/.history/.nomedia/cf57d42528c896f5dc110829a29eb37e.png
D/inject  (  375): [+] The New open count 88
D/inject  (  375): [+] The old openfile fd 49
D/dalvikvm(  375): GC_EXTERNAL_ALLOC freed 197K, 47% free 4122K/7751K, external 4349K/5431K, paused 153ms
I/ActivityManager(   61): Starting: Intent { cmp=cn.wps.moffice_eng/cn.wps.moffice.documentmanager.DocumentManager } from pid 400
D/inject  (  375): [+]-----------open test txt file-----------
D/inject  (  375): [+] The New open path /data/data/cn.wps.moffice_eng/files/lable.db
D/inject  (  375): [+] The New open count 89
D/inject  (  375): [+] The old openfile fd 51
D/inject  (  375): [+]-----------open test txt file-----------
D/inject  (  375): [+] The New open path /mnt/sdcard/KingsoftOffice/.history/.nomedia/10ca354419e828a281119d7494f3c81f.png
D/inject  (  375): [+] The New open count 90
D/inject  (  375): [+] The old openfile fd 49
D/inject  (  375): [+]-----------open test txt file-----------
D/inject  (  375): [+] The New open path /mnt/sdcard/KingsoftOffice/.history/.nomedia/10ca354419e828a281119d7494f3c81f.png
D/inject  (  375): [+] The New open count 91
D/inject  (  375): [+] The old openfile fd 49
D/dalvikvm(  375): GC_EXTERNAL_ALLOC freed 143K, 48% free 4092K/7751K, external 5629K/5629K, paused 93ms
D/inject  (  375): [+]-----------open test txt file-----------
D/inject  (  375): [+] The New open path /mnt/sdcard/KingsoftOffice/.history/.nomedia/1057468cb4bfa3919810008c752e146a.png
D/inject  (  375): [+] The New open count 92
D/inject  (  375): [+] The old openfile fd 49
D/inject  (  375): [+]-----------open test txt file-----------
D/inject  (  375): [+] The New open path /mnt/sdcard/KingsoftOffice/.history/.nomedia/1057468cb4bfa3919810008c752e146a.png
D/inject  (  375): [+] The New open count 93
D/inject  (  375): [+] The old openfile fd 49
D/dalvikvm(  375): GC_EXTERNAL_ALLOC freed 74K, 48% free 4104K/7751K, external 5935K/5935K, paused 53ms
D/inject  (  375): [+]-----------open test txt file-----------
D/inject  (  375): [+] The New open path /data/data/cn.wps.moffice_eng/files/AppPersistence
D/inject  (  375): [+] The New open count 94
D/inject  (  375): [+] The old openfile fd 49
D/dalvikvm(  375): GetFieldID: unable to find field Ljava/util/HashMap;.loadFactor:F
D/inject  (  375): [+]-----------open test txt file-----------
D/inject  (  375): [+] The New open path /data/data/cn.wps.moffice_eng/files/AppPersistence
D/inject  (  375): [+] The New open count 95
D/inject  (  375): [+] The old openfile fd 49
D/dalvikvm(  375): GetFieldID: unable to find field Ljava/util/HashMap;.loadFactor:F
D/inject  (  375): [+]-----------open test txt file-----------
D/inject  (  375): [+] The New open path /data/data/cn.wps.moffice_eng/files/AppPersistence
D/inject  (  375): [+] The New open count 96
D/inject  (  375): [+] The old openfile fd 49
D/dalvikvm(  375): GetFieldID: unable to find field Ljava/util/HashMap;.loadFactor:F
D/inject  (  375): [+]-----------open test txt file-----------
D/inject  (  375): [+] The New open path /data/data/cn.wps.moffice_eng/files/AppPersistence
D/inject  (  375): [+] The New open count 97
D/inject  (  375): [+] The old openfile fd 49
D/dalvikvm(  375): GetFieldID: unable to find field Ljava/util/HashMap;.loadFactor:F
D/inject  (  375): [+]-----------open test txt file-----------
D/inject  (  375): [+] The New open path /data/data/cn.wps.moffice_eng/files/AppPersistence
D/inject  (  375): [+] The New open count 98
D/inject  (  375): [+] The old openfile fd 49
D/inject  (  375): [+]-----------open test txt file-----------
D/inject  (  375): [+] The New open path /data/data/cn.wps.moffice_eng/files/AppPersistence
D/inject  (  375): [+] The New open count 99
D/inject  (  375): [+] The old openfile fd 49
D/dalvikvm(  375): GetFieldID: unable to find field Ljava/util/HashMap;.loadFactor:F
D/inject  (  375): [+]-----------open test txt file-----------
D/inject  (  375): [+] The New open path /data/data/cn.wps.moffice_eng/files/AppPersistence
D/inject  (  375): [+] The New open count 100
D/inject  (  375): [+] The old openfile fd 49
D/dalvikvm(  375): GetFieldID: unable to find field Ljava/util/HashMap;.loadFactor:F
D/inject  (  375): [+]-----------open test txt file-----------
D/inject  (  375): [+] The New open path /data/data/cn.wps.moffice_eng/files/AppPersistence
D/inject  (  375): [+] The New open count 101
D/inject  (  375): [+] The old openfile fd 49
D/dalvikvm(  375): GetFieldID: unable to find field Ljava/util/HashMap;.loadFactor:F
D/inject  (  375): [+]-----------open test txt file-----------
D/inject  (  375): [+] The New open path /data/data/cn.wps.moffice_eng/files/AppPersistence
D/inject  (  375): [+] The New open count 102
D/inject  (  375): [+] The old openfile fd 49
D/inject  (  375): [+]-----------open test txt file-----------
D/inject  (  375): [+] The New open path /data/data/cn.wps.moffice_eng/files/_localRecord
D/inject  (  375): [+] The New open count 103
D/inject  (  375): [+] The old openfile fd 49
D/inject  (  375): [+]-----------open test txt file-----------
D/inject  (  375): [+] The New open path /data/data/cn.wps.moffice_eng/files/_localRecord
D/inject  (  375): [+] The New open count 104
D/inject  (  375): [+] The old openfile fd 49
D/inject  (  375): [+]-----------open test txt file-----------
D/inject  (  375): [+] The New open path /data/data/cn.wps.moffice_eng/files/AppPersistence
D/inject  (  375): [+] The New open count 105
D/inject  (  375): [+] The old openfile fd 49
D/dalvikvm(  375): GetFieldID: unable to find field Ljava/util/HashMap;.loadFactor:F
D/inject  (  375): [+]-----------open test txt file-----------
D/inject  (  375): [+] The New open path /data/data/cn.wps.moffice_eng/files/AppPersistence
D/inject  (  375): [+] The New open count 106
D/inject  (  375): [+] The old openfile fd 49
D/dalvikvm(  375): GetFieldID: unable to find field Ljava/util/HashMap;.loadFactor:F
D/inject  (  375): [+]-----------open test txt file-----------
D/inject  (  375): [+] The New open path /data/data/cn.wps.moffice_eng/files/AppPersistence
D/inject  (  375): [+] The New open count 107
D/inject  (  375): [+] The old openfile fd 49
D/inject  (  375): [+]-----------open test txt file-----------
D/inject  (  375): [+] The New open path /mnt/sdcard/KingsoftOffice/.history/.nomedia/1057468cb4bfa3919810008c752e146a.png
D/inject  (  375): [+] The New open count 108
D/inject  (  375): [+] The old openfile fd 49
D/inject  (  375): [+]-----------open test txt file-----------
D/inject  (  375): [+] The New open path /mnt/sdcard/KingsoftOffice/.history/.nomedia/1057468cb4bfa3919810008c752e146a.png
D/inject  (  375): [+] The New open count 109
D/inject  (  375): [+] The old openfile fd 49
D/dalvikvm(  375): GC_EXTERNAL_ALLOC freed 308K, 47% free 4142K/7751K, external 4349K/5431K, paused 58ms
D/inject  (  375): [+]-----------open test txt file-----------
D/inject  (  375): [+] The New open path /mnt/sdcard/KingsoftOffice/.history/.nomedia/cf57d42528c896f5dc110829a29eb37e.png
D/inject  (  375): [+] The New open count 110
D/inject  (  375): [+] The old openfile fd 49
D/inject  (  375): [+]-----------open test txt file-----------
D/inject  (  375): [+] The New open path /mnt/sdcard/KingsoftOffice/.history/.nomedia/cf57d42528c896f5dc110829a29eb37e.png
D/inject  (  375): [+] The New open count 111
D/inject  (  375): [+] The old openfile fd 49
D/dalvikvm(  375): GC_EXTERNAL_ALLOC freed 120K, 47% free 4110K/7751K, external 5629K/5629K, paused 53ms
D/inject  (  375): [+]-----------open test txt file-----------
D/inject  (  375): [+] The New open path /mnt/sdcard/KingsoftOffice/.history/.nomedia/0f30b1213c967b8722cfb62a03b8ff61.png
D/inject  (  375): [+] The New open count 112
D/inject  (  375): [+] The old openfile fd 49
D/inject  (  375): [+]-----------open test txt file-----------
D/inject  (  375): [+] The New open path /mnt/sdcard/KingsoftOffice/.history/.nomedia/0f30b1213c967b8722cfb62a03b8ff61.png
D/inject  (  375): [+] The New open count 113
D/inject  (  375): [+] The old openfile fd 49
D/dalvikvm(  375): GC_EXTERNAL_ALLOC freed 74K, 47% free 4120K/7751K, external 5935K/5935K, paused 52ms
W/IInputConnectionWrapper(  400): showStatusIcon on inactive InputConnection
D/inject  (  375): [+]-----------open test txt file-----------
D/inject  (  375): [+] The New open path /data/data/cn.wps.moffice_eng/files/.cloud/cloudsetting
D/inject  (  375): [+] The New open count 114
D/inject  (  375): [+] The old openfile fd 49
D/inject  (  375): [+]-----------open test txt file-----------
D/inject  (  375): [+] The New open path /data/data/cn.wps.moffice_eng/files/.cloud/cloudsetting
D/inject  (  375): [+] The New open count 115
D/inject  (  375): [+] The old openfile fd 49
I/System.out(  375): flushRecord:4bfc5a7a-b603-40bd-b50c-b68375aee7aa
D/inject  (  375): [+]-----------open test txt file-----------
D/inject  (  375): [+] The New open path /mnt/sdcard/Android/data/cn.wps.moffice_eng/cache/KingsoftOffice/file/.timeBox/HistoryRecord/records/4bfc5a7a-b603-40bd-b50c-b68375aee7aa
D/inject  (  375): [+] The New open count 116
D/inject  (  375): [+] The old openfile fd 49
D/inject  (  375): [+]-----------open test txt file-----------
D/inject  (  375): [+] The New open path /mnt/sdcard/Android/data/cn.wps.moffice_eng/cache/KingsoftOffice/file/.timeBox/HistoryRecord/persistence/records_upload_list
D/inject  (  375): [+] The New open count 117
D/inject  (  375): [+] The old openfile fd 49
D/inject  (  375): [+]-----------open test txt file-----------
D/inject  (  375): [+] The New open path /mnt/sdcard/Android/data/cn.wps.moffice_eng/cache/KingsoftOffice/file/.timeBox/HistoryRecord/persistence/records_upload_list
D/inject  (  375): [+] The New open count 118
D/inject  (  375): [+] The old openfile fd 49
D/inject  (  375): [+]-----------open test txt file-----------
D/inject  (  375): [+] The New open path /data/data/cn.wps.moffice_eng/files/.cloud/cloudsetting
D/inject  (  375): [+] The New open count 119
D/inject  (  375): [+] The old openfile fd 49
D/inject  (  375): [+]-----------open test txt file-----------
D/inject  (  375): [+] The New open path /data/data/cn.wps.moffice_eng/files/.cloud/cloudsetting
D/inject  (  375): [+] The New open count 120
D/inject  (  375): [+] The old openfile fd 49
D/inject  (  375): [+]-----------open test txt file-----------
D/inject  (  375): [+] The New open path /data/data/cn.wps.moffice_eng/files/AppPersistence
D/inject  (  375): [+] The New open count 121
D/inject  (  375): [+] The old openfile fd 49
D/dalvikvm(  375): GetFieldID: unable to find field Ljava/util/HashMap;.loadFactor:F
D/inject  (  375): [+]-----------open test txt file-----------
D/inject  (  375): [+] The New open path /data/data/cn.wps.moffice_eng/files/AppPersistence
D/inject  (  375): [+] The New open count 122
D/inject  (  375): [+] The old openfile fd 49
D/inject  (  375): [+]-----------open test txt file-----------
D/inject  (  375): [+] The New open path /data/data/cn.wps.moffice_eng/files/AppPersistence
D/inject  (  375): [+] The New open count 123
D/inject  (  375): [+] The old openfile fd 49
D/dalvikvm(  375): GetFieldID: unable to find field Ljava/util/HashMap;.loadFactor:F
D/inject  (  375): [+]-----------open test txt file-----------
D/inject  (  375): [+] The New open path /data/data/cn.wps.moffice_eng/files/AppPersistence
D/inject  (  375): [+] The New open count 124
D/inject  (  375): [+] The old openfile fd 49
D/inject  (  375): [+]-----------open test txt file-----------
D/inject  (  375): [+] The New open path /data/data/cn.wps.moffice_eng/files/AppPersistence
D/inject  (  375): [+] The New open count 125
D/inject  (  375): [+] The old openfile fd 49
D/dalvikvm(  375): GetFieldID: unable to find field Ljava/util/HashMap;.loadFactor:F
I/ActivityManager(   61): Starting: Intent { cmp=cn.wps.moffice_eng/cn.wps.moffice.startactivity.writer.StartWriterActivity1 (has extras) } from pid 375
I/ActivityManager(   61): Starting: Intent { cmp=cn.wps.moffice_eng/cn.wps.moffice.writer.Writer1 (has extras) } from pid 400
D/dalvikvm(  400): GetFieldID: unable to find field Ljava/util/HashMap;.loadFactor:F
D/dalvikvm(  400): GetFieldID: unable to find field Ljava/util/HashMap;.loadFactor:F
D/water   (  400): packageName: cn.wps.moffice_eng
D/inject  (  375): [+]-----------open test txt file-----------
D/inject  (  375): [+] The New open path /mnt/sdcard/KingsoftOffice/.history/HistoryRecordDataSource
D/inject  (  375): [+] The New open count 126
D/inject  (  375): [+] The old openfile fd 49
D/inject  (  375): [+]-----------open test txt file-----------
D/inject  (  375): [+] The New open path /mnt/sdcard/documents/testcopy1.txt
D/inject  (  375): [+] The New open count 127
D/inject  (  375): [+] The old openfile fd 49
D/inject  (  375): [+]-----------open test txt file-----------
D/inject  (  375): [+] The New open path /data/data/cn.wps.moffice_eng/files/.cloud/.connectionPersistence
D/inject  (  375): [+] The New open count 128
D/inject  (  375): [+] The old openfile fd 49
D/dalvikvm(  400): GetFieldID: unable to find field Ljava/util/HashMap;.loadFactor:F
D/dalvikvm(  400): GetFieldID: unable to find field Ljava/util/HashMap;.loadFactor:F
D/dalvikvm(  400): GetFieldID: unable to find field Ljava/util/HashMap;.loadFactor:F
D/dalvikvm(  400): GetFieldID: unable to find field Ljava/util/HashMap;.loadFactor:F
D/dalvikvm(  400): GC_EXTERNAL_ALLOC freed 1024K, 44% free 4797K/8455K, external 13646K/14924K, paused 91ms
D/dalvikvm(  400): GetFieldID: unable to find field Ljava/util/HashMap;.loadFactor:F
D/inject  (  375): [+]-----------open test txt file-----------
D/inject  (  375): [+] The New open path /data/data/cn.wps.moffice_eng/files/lable.db
D/inject  (  375): [+] The New open count 129
D/inject  (  375): [+] The old openfile fd 49
I/ActivityManager(   61): Displayed cn.wps.moffice_eng/cn.wps.moffice.writer.Writer1: +1s837ms (total +1s873ms)
D/dalvikvm(  400): GC_EXTERNAL_ALLOC freed 473K, 43% free 4920K/8519K, external 15098K/15492K, paused 66ms
W/InputManagerService(   61): Starting input on non-focused client com.android.internal.view.IInputMethodClient$Stub$Proxy@40734fb0 (uid=10037 pid=375)
D/inject  (  375): [+]-----------open test txt file-----------
D/inject  (  375): [+] The New open path /data/data/cn.wps.moffice_eng/files/lable.db
D/inject  (  375): [+] The New open count 130
D/inject  (  375): [+] The old openfile fd 49
D/dalvikvm(  400): GetFieldID: unable to find field Ljava/util/HashMap;.loadFactor:F
D/dalvikvm(  400): GetFieldID: unable to find field Ljava/util/HashMap;.loadFactor:F
D/inject  (  375): [+]-----------open test txt file-----------
D/inject  (  375): [+] The New open path /data/data/cn.wps.moffice_eng/files/_localRecord
D/inject  (  375): [+] The New open count 131
D/inject  (  375): [+] The old openfile fd 49
D/inject  (  375): [+]-----------open test txt file-----------
D/inject  (  375): [+] The New open path /data/data/cn.wps.moffice_eng/files/_localRecord
D/inject  (  375): [+] The New open count 132
D/inject  (  375): [+] The old openfile fd 49
D/inject  (  375): [+]-----------open test txt file-----------
D/inject  (  375): [+] The New open path /mnt/sdcard/KingsoftOffice/.history/.nomedia/1057468cb4bfa3919810008c752e146a.png
D/inject  (  375): [+] The New open count 133
D/inject  (  375): [+] The old openfile fd 49
D/inject  (  375): [+]-----------open test txt file-----------
D/inject  (  375): [+] The New open path /mnt/sdcard/KingsoftOffice/.history/.nomedia/1057468cb4bfa3919810008c752e146a.png
D/inject  (  375): [+] The New open count 134
D/inject  (  375): [+] The old openfile fd 49
D/dalvikvm(  375): GC_EXTERNAL_ALLOC freed 609K, 47% free 4183K/7751K, external 4349K/5431K, paused 77ms
D/inject  (  375): [+]-----------open test txt file-----------
D/inject  (  375): [+] The New open path /mnt/sdcard/KingsoftOffice/.history/.nomedia/cf57d42528c896f5dc110829a29eb37e.png
D/inject  (  375): [+] The New open count 135
D/inject  (  375): [+] The old openfile fd 49
D/inject  (  375): [+]-----------open test txt file-----------
D/inject  (  375): [+] The New open path /mnt/sdcard/KingsoftOffice/.history/.nomedia/cf57d42528c896f5dc110829a29eb37e.png
D/inject  (  375): [+] The New open count 136
D/inject  (  375): [+] The old openfile fd 49
D/dalvikvm(  375): GC_EXTERNAL_ALLOC freed 125K, 47% free 4146K/7751K, external 5629K/5629K, paused 52ms
D/inject  (  375): [+]-----------open test txt file-----------
D/inject  (  375): [+] The New open path /mnt/sdcard/KingsoftOffice/.history/.nomedia/0f30b1213c967b8722cfb62a03b8ff61.png
D/inject  (  375): [+] The New open count 137
D/inject  (  375): [+] The old openfile fd 49
D/inject  (  375): [+]-----------open test txt file-----------
D/inject  (  375): [+] The New open path /mnt/sdcard/KingsoftOffice/.history/.nomedia/0f30b1213c967b8722cfb62a03b8ff61.png
D/inject  (  375): [+] The New open count 138
D/inject  (  375): [+] The old openfile fd 49
D/dalvikvm(  375): GC_EXTERNAL_ALLOC freed 74K, 47% free 4157K/7751K, external 5935K/5935K, paused 57ms
