W/PackageManager(   61): Unknown permission com.google.android.googleapps.permission.GOOGLE_AUTH in package com.android.providers.contacts
W/PackageManager(   61): Unknown permission com.google.android.googleapps.permission.GOOGLE_AUTH.cp in package com.android.providers.contacts
W/PackageManager(   61): Unknown permission com.android.launcher.permission.CREATE_SHORTCUT in package com.wandoujia.phoenix2
W/PackageManager(   61): Unknown permission org.adw.launcher.permission.READ_SETTINGS in package com.wandoujia.phoenix2
W/PackageManager(   61): Unknown permission org.adw.launcher.permission.WRITE_SETTINGS in package com.wandoujia.phoenix2
W/PackageManager(   61): Unknown permission com.qihoo360.launcher.permission.READ_SETTINGS in package com.wandoujia.phoenix2
W/PackageManager(   61): Unknown permission com.qihoo360.launcher.permission.WRITE_SETTINGS in package com.wandoujia.phoenix2
W/PackageManager(   61): Unknown permission com.lge.launcher.permission.READ_SETTINGS in package com.wandoujia.phoenix2
W/PackageManager(   61): Unknown permission com.lge.launcher.permission.WRITE_SETTINGS in package com.wandoujia.phoenix2
W/PackageManager(   61): Unknown permission net.qihoo.launcher.permission.READ_SETTINGS in package com.wandoujia.phoenix2
W/PackageManager(   61): Unknown permission net.qihoo.launcher.permission.WRITE_SETTINGS in package com.wandoujia.phoenix2
W/PackageManager(   61): Unknown permission org.adwfreak.launcher.permission.READ_SETTINGS in package com.wandoujia.phoenix2
W/PackageManager(   61): Unknown permission org.adwfreak.launcher.permission.WRITE_SETTINGS in package com.wandoujia.phoenix2
W/PackageManager(   61): Unknown permission com.huawei.launcher3.permission.READ_SETTINGS in package com.wandoujia.phoenix2
W/PackageManager(   61): Unknown permission com.huawei.launcher3.permission.WRITE_SETTINGS in package com.wandoujia.phoenix2
W/PackageManager(   61): Unknown permission com.fede.launcher.permission.READ_SETTINGS in package com.wandoujia.phoenix2
W/PackageManager(   61): Unknown permission com.fede.launcher.permission.WRITE_SETTINGS in package com.wandoujia.phoenix2
W/PackageManager(   61): Unknown permission com.sec.android.app.twlauncher.settings.READ_SETTINGS in package com.wandoujia.phoenix2
W/PackageManager(   61): Unknown permission com.sec.android.app.twlauncher.settings.WRITE_SETTINGS in package com.wandoujia.phoenix2
W/PackageManager(   61): Not granting permission android.permission.ACCESS_DRM to package com.wandoujia.phoenix2 (protectionLevel=2 flags=0x8be44)
W/PackageManager(   61): Unknown permission com.google.android.googleapps.permission.ACCESS_GOOGLE_PASSWORD in package com.android.development
W/PackageManager(   61): Unknown permission com.google.android.googleapps.permission.GOOGLE_AUTH in package com.android.development
W/PackageManager(   61): Unknown permission com.google.android.googleapps.permission.GOOGLE_AUTH.ALL_SERVICES in package com.android.development
W/PackageManager(   61): Unknown permission com.google.android.googleapps.permission.GOOGLE_AUTH.YouTubeUser in package com.android.development
W/PackageManager(   61): Not granting permission android.permission.SET_PREFERRED_APPLICATIONS to package com.mx.browser (protectionLevel=2 flags=0x8be44)
W/PackageManager(   61): Unknown permission android.permission.READ_OWNER_DATA in package com.android.email
W/PackageManager(   61): Not granting permission android.permission.DEVICE_POWER to package com.android.deskclock (protectionLevel=2 flags=0x8be45)
D/dalvikvm(  143): GC_EXTERNAL_ALLOC freed 325K, 51% free 2945K/5895K, external 4402K/4423K, paused 80ms
D/dalvikvm(  269): GC_CONCURRENT freed 744K, 50% free 3512K/6919K, external 1753K/2137K, paused 4ms+4ms
D/dalvikvm(  269): Trying to load lib /data/data/com.wandoujia.phoenix2/lib/libcipher.so 0x405153c0
D/dalvikvm(  269): Added shared lib /data/data/com.wandoujia.phoenix2/lib/libcipher.so 0x405153c0
D/dalvikvm(  269): No JNI_OnLoad found in /data/data/com.wandoujia.phoenix2/lib/libcipher.so 0x405153c0, skipping init
D/dalvikvm(  269): GC_CONCURRENT freed 798K, 50% free 3524K/6983K, external 1753K/2137K, paused 8ms+7ms
D/EAS SyncManager(  350): !!! EAS SyncManager, onCreate
D/MediaScannerService(  248): done scanning volume internal
D/EAS SyncManager(  350): !!! EAS SyncManager, onStartCommand
D/MediaScannerService(  248): start scanning volume external
D/EAS SyncManager(  350): !!! EAS SyncManager, stopping self
D/EAS SyncManager(  350): !!! EAS SyncManager, onDestroy
D/dalvikvm(  143): GC_EXPLICIT freed 172K, 50% free 2952K/5895K, external 5210K/5274K, paused 47ms
W/RecognitionManagerService(   61): no available voice recognition services found
V/MediaProvider(  248): /mnt/sdcard volume ID: 218050065
D/dalvikvm(   61): GC_EXPLICIT freed 1017K, 45% free 4563K/8199K, external 4373K/5573K, paused 82ms
D/dalvikvm(  125): GREF has increased to 201
V/MediaProvider(  248): Attached volume: external
V/MediaScanner(  248): pruneDeadThumbnailFiles... android.database.sqlite.SQLiteCursor@405bae40
V/MediaScanner(  248): /pruneDeadThumbnailFiles... android.database.sqlite.SQLiteCursor@405bae40
D/MediaScanner(  248):  prescan time: 83ms
D/MediaScanner(  248):     scan time: 12ms
D/MediaScanner(  248): postscan time: 8ms
D/MediaScanner(  248):    total time: 103ms
D/MediaScannerService(  248): done scanning volume external
D/dalvikvm(  269): GC_CONCURRENT freed 528K, 46% free 3859K/7047K, external 1753K/2137K, paused 4ms+7ms
D/dalvikvm(  196): GC_CONCURRENT freed 278K, 51% free 2869K/5767K, external 1625K/2137K, paused 4ms+4ms
D/dalvikvm(  143): GC_EXPLICIT freed 132K, 49% free 3029K/5895K, external 4915K/5274K, paused 53ms
I/dalvikvm(  269): Could not find method android.app.ActivityManager.getLauncherLargeIconSize, referenced from method com.wandoujia.phoenix2.utils.ShortcutUtil.a
W/dalvikvm(  269): VFY: unable to resolve virtual method 60: Landroid/app/ActivityManager;.getLauncherLargeIconSize ()I
D/dalvikvm(  269): VFY: replacing opcode 0x6e at 0x0013
D/dalvikvm(  269): VFY: dead code 0x0016-0040 in Lcom/wandoujia/phoenix2/utils/ShortcutUtil;.a (Landroid/graphics/Bitmap;Landroid/content/Context;)Landroid/graphics/Bitmap;
I/InputReader(   61): Device reconfigured: id=0x0, name=qwerty2, display size is now 480x800
I/InputManager-Callbacks(   61): No virtual keys found for device qwerty2.
I/ARMAssembler(   61): generated scanline__00000177:03515104_00001001_00000000 [ 91 ipp] (114 ins) at [0x44c7e520:0x44c7e6e8] in 632096 ns
I/ActivityManager(   61): Displayed com.android.launcher/com.android.launcher2.Launcher: +32s46ms
D/dalvikvm(  143): GC_EXTERNAL_ALLOC freed 28K, 49% free 3056K/5895K, external 4843K/5274K, paused 43ms
D/inject  (  429): [+] The pid of cn.wps.moffice_eng: -1
D/inject  (  429): [+] Injecting process: -1
I/ActivityManager(   61): Starting: Intent { act=android.intent.action.MAIN cat=[android.intent.category.LAUNCHER] flg=0x10200000 cmp=cn.wps.moffice_eng/cn.wps.moffice.documentmanager.PreStartActivity } from pid 143
I/ActivityManager(   61): Start proc cn.wps.moffice_eng for activity cn.wps.moffice_eng/cn.wps.moffice.documentmanager.PreStartActivity: pid=438 uid=10037 gids={3003, 1015}
D/dalvikvm(  438): GetFieldID: unable to find field Ljava/util/HashMap;.loadFactor:F
D/dalvikvm(  438): GetFieldID: unable to find field Ljava/util/HashMap;.loadFactor:F
D/dalvikvm(  438): GetFieldID: unable to find field Ljava/util/HashMap;.loadFactor:F
I/dalvikvm(  438): Could not find method cn.wps.moffice.documentmanager.PreStartActivity.getActionBar, referenced from method cn.wps.moffice.documentmanager.PreStartActivity.setDisplayShowCustomEnabled
W/dalvikvm(  438): VFY: unable to resolve virtual method 11013: Lcn/wps/moffice/documentmanager/PreStartActivity;.getActionBar ()Landroid/app/ActionBar;
D/dalvikvm(  438): VFY: replacing opcode 0x6e at 0x0006
D/dalvikvm(  438): VFY: dead code 0x0009-000e in Lcn/wps/moffice/documentmanager/PreStartActivity;.setDisplayShowCustomEnabled (Z)V
D/dalvikvm(  438): GetFieldID: unable to find field Ljava/util/HashMap;.loadFactor:F
I/ActivityManager(   61): Starting: Intent { cmp=cn.wps.moffice_eng/cn.wps.moffice.documentmanager.DocumentManager } from pid 438
D/dalvikvm(  438): GetFieldID: unable to find field Ljava/util/HashMap;.loadFactor:F
D/dalvikvm(  438): GC_EXTERNAL_ALLOC freed 639K, 50% free 3331K/6599K, external 2129K/2137K, paused 55ms
D/dalvikvm(  438): GC_EXTERNAL_ALLOC freed 46K, 49% free 3382K/6599K, external 2611K/2673K, paused 47ms
D/dalvikvm(  438): GetFieldID: unable to find field Ljava/util/HashMap;.loadFactor:F
D/dalvikvm(  438): GetFieldID: unable to find field Ljava/util/HashMap;.loadFactor:F
I/dalvikvm(  438): Failed resolving Lcn/wps/moffice/common/beans/k$1; interface 540 'Landroid/nfc/NfcAdapter$OnNdefPushCompleteCallback;'
W/dalvikvm(  438): Link of class 'Lcn/wps/moffice/common/beans/k$1;' failed
E/dalvikvm(  438): Could not find class 'cn.wps.moffice.common.beans.k$1', referenced from method cn.wps.moffice.common.beans.k.<init>
W/dalvikvm(  438): VFY: unable to resolve new-instance 1597 (Lcn/wps/moffice/common/beans/k$1;) in Lcn/wps/moffice/common/beans/k;
D/dalvikvm(  438): VFY: replacing opcode 0x22 at 0x0039
I/dalvikvm(  438): Failed resolving Lcn/wps/moffice/common/beans/k$3; interface 538 'Landroid/nfc/NfcAdapter$CreateBeamUrisCallback;'
W/dalvikvm(  438): Link of class 'Lcn/wps/moffice/common/beans/k$3;' failed
E/dalvikvm(  438): Could not find class 'cn.wps.moffice.common.beans.k$3', referenced from method cn.wps.moffice.common.beans.k.<init>
W/dalvikvm(  438): VFY: unable to resolve new-instance 1599 (Lcn/wps/moffice/common/beans/k$3;) in Lcn/wps/moffice/common/beans/k;
D/dalvikvm(  438): VFY: replacing opcode 0x22 at 0x0070
D/dalvikvm(  438): VFY: dead code 0x003b-005c in Lcn/wps/moffice/common/beans/k;.<init> (Landroid/app/Activity;)V
D/dalvikvm(  438): VFY: dead code 0x0072-0079 in Lcn/wps/moffice/common/beans/k;.<init> (Landroid/app/Activity;)V
D/water   (  438): packageName: cn.wps.moffice_eng
D/dalvikvm(  438): GetFieldID: unable to find field Ljava/util/HashMap;.loadFactor:F
D/dalvikvm(  438): GetFieldID: unable to find field Ljava/util/HashMap;.loadFactor:F
D/dalvikvm(  438): GetFieldID: unable to find field Ljava/util/HashMap;.loadFactor:F
D/dalvikvm(  438): GetFieldID: unable to find field Ljava/util/HashMap;.loadFactor:F
D/dalvikvm(  438): GetFieldID: unable to find field Ljava/util/HashMap;.loadFactor:F
D/dalvikvm(  438): GetFieldID: unable to find field Ljava/util/HashMap;.loadFactor:F
D/dalvikvm(  438): GetFieldID: unable to find field Ljava/util/HashMap;.loadFactor:F
D/dalvikvm(  438): GC_CONCURRENT freed 530K, 47% free 3585K/6727K, external 3171K/3694K, paused 7ms+13ms
D/dalvikvm(  438): GetFieldID: unable to find field Ljava/util/HashMap;.loadFactor:F
D/dalvikvm(  438): GetFieldID: unable to find field Ljava/util/HashMap;.loadFactor:F
D/dalvikvm(  438): GetFieldID: unable to find field Ljava/util/HashMap;.loadFactor:F
D/dalvikvm(  438): GetFieldID: unable to find field Ljava/util/HashMap;.loadFactor:F
D/dalvikvm(  438): GC_EXTERNAL_ALLOC freed 406K, 47% free 3609K/6791K, external 3160K/3694K, paused 436ms
D/dalvikvm(  438): GC_EXTERNAL_ALLOC freed 153K, 47% free 3621K/6791K, external 3583K/4343K, paused 50ms
D/dalvikvm(  438): GC_EXTERNAL_ALLOC freed 77K, 47% free 3628K/6791K, external 4197K/5241K, paused 49ms
W/ResourceType(   61): Skipping entry 0x7f040000 in package table 0 because it is not complex!
W/ResourceType(   61): Skipping entry 0x7f040017 in package table 0 because it is not complex!
I/ARMAssembler(   61): generated scanline__00000177:03515104_00001002_00000000 [ 87 ipp] (110 ins) at [0x44c7e6f0:0x44c7e8a8] in 390305 ns
I/ActivityManager(   61): Displayed cn.wps.moffice_eng/cn.wps.moffice.documentmanager.DocumentManager: +4s953ms (total +6s13ms)
D/inject  (  475): [+] The pid of cn.wps.moffice_eng: 438
D/inject  (  475): [+] Injecting process: 438
D/inject  (  475): [+] get_remote_addr: local[afd00000], remote[afd00000]
D/inject  (  475): [+] Remote mmap address: afd170cd
D/inject  (  475): [+] Calling mmap in target process.
D/inject  (  475): [+] Target process returned from mmap, return value=45429000, pc=0 
D/inject  (  475): [+] get_remote_addr: local[b0001000], remote[b0001000]
D/inject  (  475): [+] get_remote_addr: local[b0001000], remote[b0001000]
D/inject  (  475): [+] get_remote_addr: local[b0001000], remote[b0001000]
D/inject  (  475): [+] Get imports: dlopen: b00059bd, dlsym: b0005915, dlclose: b0005849
D/inject  (  475): [+] Inject code start: c008, end: c084
D/inject  (  475): [+] _dlopen_param1_s: 4542cc9c
D/inject  (  475): [+] _dlsym_param2_s: 4542cd9c
D/inject  (  475): [+] _saved_r0_pc_s: 4542ce9c
D/inject  (  475): [+] _inject_function_param_s: 4542cf9c
D/inject  (  475): [+] Remote shellcode address: 4542cc00
D/inject  (  475): [+] Process Detach: 10
D/inject  (  438): hello ARM! I'm parameter1324! pid:438
D/inject  (  438): The Handle of libhook_open: b000d2b0
D/inject  (  438): find it pre 0
D/inject  (  438): find it 806012f0
D/inject  (  438): [+] aaaaaaa do_hook function is invoked 
D/inject  (  438): [+] open addr: 0xafd17111. New addr 0x80601048
D/inject  (  438): [+] just for test info 
D/inject  (  438): [+] set ok 
D/inject  (  438): [+] Get the persist.sys.test  bbbbbbbb
D/inject  (  438): [+] just for test print old_open address 0xafd17111
D/inject  (  438): [+] just for test print new_open address 0x80601048
D/inject  (  438): [+] Get old address global  afd17111
D/inject  (  438): [+] Get new address global  80601048
D/inject  (  438): [+] binder path ad100000
D/inject  (  438): [+] Section header table file offset 2e23c
D/inject  (  438): [+] Section header table entry count 15
D/inject  (  438): [+] Section header table entry size 28
D/inject  (  438): [+] Section header string table index 14
D/inject  (  438): [+] Object file type 3
D/inject  (  438): [+] Object file version 1
D/inject  (  438): [+] Out_addr in GOT table before 0
D/inject  (  438): [+] Out_size of func in GOT table before 0
D/inject  (  438): [+] Out_addr in GOT table ad12c138
D/inject  (  438): [+] Out_size of func in GOT table 8c4
D/inject  (  438): [+] Out_addr in GOT table ad12c138
D/inject  (  438): [+] Out_size of func in GOT table 8c4
D/inject  (  438): [+] Out_addr in GOT afd4d5c8
D/inject  (  438): [+] old open address 20000 afd17111
D/inject  (  438): [+] Out_addr in GOT 464c457f
D/inject  (  438): [+] target pid 1b6
D/inject  (  438): [+] old open address 22223 afd17111
D/inject  (  438): [+] Find got_item ff 
D/inject  (  438): [+] old open address 3333 afd17111
D/inject  (  438): [+] old open address 3333 afffffff
D/inject  (  438): [+] new open address 3333 80601048
D/inject  (  438): [+] new open address 3333 80601048
D/inject  (  438): [+] Find got item afd4d5c8 
D/inject  (  438): [+] Find got item ad12e2a4 
D/inject  (  438): [+] Find got item ad12e28c 
D/inject  (  438): [+] Find got item ad12e268 
D/inject  (  438): [+] Find got item ad12e258 
D/inject  (  438): [+] Find got item afd4631c 
D/inject  (  438): [+] Find got item ad12e298 
D/inject  (  438): [+] Find got item ad12e250 
D/inject  (  438): [+] Find got item ad12e280 
D/inject  (  438): [+] Find got item ad12e294 
D/inject  (  438): [+] Find got item ad12e260 
D/inject  (  438): [+] Find got item ad12e278 
D/inject  (  438): [+] Find got item afd415c0 
D/inject  (  438): [+] Find got item ad12e2a8 
D/inject  (  438): [+] Find got item ad12e274 
D/inject  (  438): [+] Find got item ad12e27c 
D/inject  (  438): [+] Find got item ad12e248 
D/inject  (  438): [+] Find got item ad12e2a0 
D/inject  (  438): [+] Find got item ad12e25c 
D/inject  (  438): [+] Find got item ad12e270 
D/inject  (  438): [+] Find got item ad12e288 
D/inject  (  438): [+] Find got item ad12e264 
D/inject  (  438): [+] Find got item ad12e284 
D/inject  (  438): [+] Find got item ad9bc7f1 
D/inject  (  438): [+] Find got item ad9bc7f9 
D/inject  (  438): [+] Find got item ade45f55 
D/inject  (  438): [+] Find got item ade45f69 
D/inject  (  438): [+] Find got item ad9bb339 
D/inject  (  438): [+] Find got item ad9bb341 
D/inject  (  438): [+] Find got item ad9b481d 
D/inject  (  438): [+] Find got item ad9b4831 
D/inject  (  438): [+] Find got item ad9a5561 
D/inject  (  438): [+] Find got item ad9a5569 
D/inject  (  438): [+] Find got item ade31305 
D/inject  (  438): [+] Find got item ade3130d 
D/inject  (  438): [+] Find got item ad12e240 
D/inject  (  438): [+] Find got item ad12e244 
D/inject  (  438): [+] Find got item ad12e24c 
D/inject  (  438): [+] Find got item ad12e254 
D/inject  (  438): [+] Find got item ad12e26c 
D/inject  (  438): [+] Find got item ad12e290 
D/inject  (  438): [+] Find got item ad12e29c 
D/inject  (  438): [+] Find got item ade5f751 
D/inject  (  438): [+] Find got item ade5f749 
D/inject  (  438): [+] Find got item ade5f74d 
D/inject  (  438): [+] Find got item adec6b68 
D/inject  (  438): [+] Find got item ad12ca00 
D/inject  (  438): [+] Find got item afd42610 
D/inject  (  438): [+] Find got item 0 
D/inject  (  438): [+] Find got item 0 
D/inject  (  438): [+] Find got item 0 
D/inject  (  438): [+] Find got item afd2092d 
D/inject  (  438): [+] Find got item afd19c3d 
D/inject  (  438): [+] Find got item afd20a45 
D/inject  (  438): [+] Find got item af9038e5 
D/inject  (  438): [+] Find got item afd28321 
D/inject  (  438): [+] Find got item af9037b1 
D/inject  (  438): [+] Find got item afd1c87d 
D/inject  (  438): [+] Find got item ade3a295 
D/inject  (  438): [+] Find got item ade394bd 
D/inject  (  438): [+] Find got item ade39c31 
D/inject  (  438): [+] Find got item ad9a4ef5 
D/inject  (  438): [+] Find got item ad96a6b1 
D/inject  (  438): [+] Find got item ade39141 
D/inject  (  438): [+] Find got item ad99e381 
D/inject  (  438): [+] Find got item ad96a3f1 
D/inject  (  438): [+] Find got item ad99d059 
D/inject  (  438): [+] Find got item ade256f1 
D/inject  (  438): [+] Find got item ad9a3e51 
D/inject  (  438): [+] Find got item ad9a3839 
D/inject  (  438): [+] Find got item afd25c95 
D/inject  (  438): [+] Find got item afd11fbd 
D/inject  (  438): [+] Find got item afd17049 
D/inject  (  438): [+] Find got item afd0bba0 
D/inject  (  438): [+] Find got item afd0bad0 
D/inject  (  438): [+] Find got item afd0e3e0 
D/inject  (  438): [+] Find got item afd0e3f4 
D/inject  (  438): [+] Find got item afd29855 
D/inject  (  438): [+] Find got item afd0bc40 
D/inject  (  438): [+] Find got item afc009e1 
D/inject  (  438): [+] Find got item afd0bc00 
D/inject  (  438): [+] Find got item afc009c1 
D/inject  (  438): [+] Find got item afd0bbe0 
D/inject  (  438): [+] Find got item afd14de4 
D/inject  (  438): [+] Find got item afd20859 
D/inject  (  438): [+] Find got item afc009e9 
D/inject  (  438): [+] Find got item afd172fd 
D/inject  (  438): [+] Find got item afd3742d 
D/inject  (  438): [+] Find got item afd17249 
D/inject  (  438): [+] Find got item afd171a1 
D/inject  (  438): [+] Find got item afc009c9 
D/inject  (  438): [+] Find got item afd17ac5 
D/inject  (  438): [+] Find got item afd0bc80 
D/inject  (  438): [+] Find got item afd19a49 
D/inject  (  438): [+] Find got item afd17111 
D/inject  (  438): [+] Find open and replace 
D/inject  (  438): [+]-----------open test txt file-----------
D/inject  (  438): [+] The New open path /data/data/cn.wps.moffice_eng/files/_localRecord
D/inject  (  438): [+] The New open count 1
D/inject  (  438): [+] The old openfile fd 52
D/inject  (  438): [+]-----------open test txt file-----------
D/inject  (  438): [+] The New open path /data/data/cn.wps.moffice_eng/files/_localRecord
D/inject  (  438): [+] The New open count 2
D/inject  (  438): [+] The old openfile fd 52
D/inject  (  438): [+]-----------open test txt file-----------
D/inject  (  438): [+] The New open path /data/data/cn.wps.moffice_eng/app_dex/dex_pdf.jar
D/inject  (  438): [+] The New open count 3
D/inject  (  438): [+] The old openfile fd 52
D/inject  (  438): [+]-----------open test txt file-----------
D/inject  (  438): [+] The New open path /data/data/cn.wps.moffice_eng/files/AppPersistence
D/inject  (  438): [+] The New open count 4
D/inject  (  438): [+] The old openfile fd 57
D/dalvikvm(  438): GetFieldID: unable to find field Ljava/util/HashMap;.loadFactor:F
D/inject  (  438): [+]-----------open test txt file-----------
D/inject  (  438): [+] The New open path /data/data/cn.wps.moffice_eng/files/AppPersistence
D/inject  (  438): [+] The New open count 5
D/inject  (  438): [+] The old openfile fd 57
D/inject  (  438): [+]-----------open test txt file-----------
D/inject  (  438): [+] The New open path /data/data/cn.wps.moffice_eng/files/AppPersistence
D/inject  (  438): [+] The New open count 6
D/inject  (  438): [+] The old openfile fd 57
D/dalvikvm(  438): GetFieldID: unable to find field Ljava/util/HashMap;.loadFactor:F
D/inject  (  438): [+]-----------open test txt file-----------
D/inject  (  438): [+] The New open path /data/data/cn.wps.moffice_eng/files/AppPersistence
D/inject  (  438): [+] The New open count 7
D/inject  (  438): [+] The old openfile fd 57
D/inject  (  438): [+]-----------open test txt file-----------
D/inject  (  438): [+] The New open path /data/data/cn.wps.moffice_eng/files/AppPersistence
D/inject  (  438): [+] The New open count 8
D/inject  (  438): [+] The old openfile fd 57
D/dalvikvm(  438): GetFieldID: unable to find field Ljava/util/HashMap;.loadFactor:F
I/ActivityManager(   61): Starting: Intent { cmp=cn.wps.moffice_eng/cn.wps.moffice.startactivity.writer.StartWriterActivity1 (has extras) } from pid 438
I/ActivityManager(   61): Start proc cn.wps.moffice_eng:writer1 for activity cn.wps.moffice_eng/cn.wps.moffice.startactivity.writer.StartWriterActivity1: pid=482 uid=10037 gids={3003, 1015}
D/dalvikvm(  482): GetFieldID: unable to find field Ljava/util/HashMap;.loadFactor:F
D/dalvikvm(  482): GetFieldID: unable to find field Ljava/util/HashMap;.loadFactor:F
D/dalvikvm(  482): GetFieldID: unable to find field Ljava/util/HashMap;.loadFactor:F
D/dalvikvm(   61): GREF has increased to 401
I/ActivityManager(   61): Starting: Intent { cmp=cn.wps.moffice_eng/cn.wps.moffice.writer.Writer1 (has extras) } from pid 482
I/dalvikvm(  438): Jit: resizing JitTable from 512 to 1024
D/dalvikvm(  482): GC_EXTERNAL_ALLOC freed 625K, 50% free 3305K/6535K, external 2131K/2137K, paused 71ms
D/dalvikvm(  482): GC_EXTERNAL_ALLOC freed 41K, 50% free 3316K/6535K, external 2657K/2675K, paused 49ms
D/dalvikvm(  482): GC_EXTERNAL_ALLOC freed 50K, 48% free 3418K/6535K, external 3330K/3332K, paused 45ms
D/dalvikvm(  482): GetFieldID: unable to find field Ljava/util/HashMap;.loadFactor:F
D/dalvikvm(  482): GetFieldID: unable to find field Ljava/util/HashMap;.loadFactor:F
I/dalvikvm(  482): Failed resolving Lcn/wps/moffice/common/beans/k$1; interface 540 'Landroid/nfc/NfcAdapter$OnNdefPushCompleteCallback;'
W/dalvikvm(  482): Link of class 'Lcn/wps/moffice/common/beans/k$1;' failed
E/dalvikvm(  482): Could not find class 'cn.wps.moffice.common.beans.k$1', referenced from method cn.wps.moffice.common.beans.k.<init>
W/dalvikvm(  482): VFY: unable to resolve new-instance 1597 (Lcn/wps/moffice/common/beans/k$1;) in Lcn/wps/moffice/common/beans/k;
D/dalvikvm(  482): VFY: replacing opcode 0x22 at 0x0039
I/dalvikvm(  482): Failed resolving Lcn/wps/moffice/common/beans/k$3; interface 538 'Landroid/nfc/NfcAdapter$CreateBeamUrisCallback;'
W/dalvikvm(  482): Link of class 'Lcn/wps/moffice/common/beans/k$3;' failed
E/dalvikvm(  482): Could not find class 'cn.wps.moffice.common.beans.k$3', referenced from method cn.wps.moffice.common.beans.k.<init>
W/dalvikvm(  482): VFY: unable to resolve new-instance 1599 (Lcn/wps/moffice/common/beans/k$3;) in Lcn/wps/moffice/common/beans/k;
D/dalvikvm(  482): VFY: replacing opcode 0x22 at 0x0070
D/dalvikvm(  482): VFY: dead code 0x003b-005c in Lcn/wps/moffice/common/beans/k;.<init> (Landroid/app/Activity;)V
D/dalvikvm(  482): VFY: dead code 0x0072-0079 in Lcn/wps/moffice/common/beans/k;.<init> (Landroid/app/Activity;)V
D/water   (  482): packageName: cn.wps.moffice_eng
D/inject  (  438): [+]-----------open test txt file-----------
D/inject  (  438): [+] The New open path /mnt/sdcard/KingsoftOffice/.history/HistoryRecordDataSource
D/inject  (  438): [+] The New open count 9
D/inject  (  438): [+] The old openfile fd 57
D/inject  (  438): [+]-----------open test txt file-----------
D/dalvikvm(  482): GetFieldID: unable to find field Ljava/util/HashMap;.loadFactor:F
D/inject  (  438): [+] The New open path /mnt/sdcard/documents/test.txt
D/inject  (  438): [+] The New open count 10
D/inject  (  438): [+] test copy file
D/inject  (  438): [+] The old file fd 57
D/inject  (  438): [+] The copy file fd 61
E/dqn     (  438): IOException
E/dqn     (  438): java.io.IOException: Bad file number
E/dqn     (  438): 	at org.apache.harmony.luni.platform.OSFileSystem.read(Native Method)
E/dqn     (  438): 	at dalvik.system.BlockGuard$WrappedFileSystem.read(BlockGuard.java:165)
E/dqn     (  438): 	at java.io.FileInputStream.read(FileInputStream.java:290)
E/dqn     (  438): 	at java.io.FileInputStream.read(FileInputStream.java:245)
E/dqn     (  438): 	at dqn.pV(Unknown Source)
E/dqn     (  438): 	at gpl.a(Unknown Source)
E/dqn     (  438): 	at cn.wps.moffice.documentmanager.history.starrecord.b.b(Unknown Source)
E/dqn     (  438): 	at cn.wps.moffice.documentmanager.history.service.HistoryRecordService$1$1.run(Unknown Source)
E/dqn     (  438): 	at java.lang.Thread.run(Thread.java:1019)
D/inject  (  438): [+]-----------open test txt file-----------
D/inject  (  438): [+] The New open path /data/data/cn.wps.moffice_eng/files/.cloud/.connectionPersistence
D/inject  (  438): [+] The New open count 11
D/inject  (  438): [+] The old openfile fd 57
D/dalvikvm(  482): GetFieldID: unable to find field Ljava/util/HashMap;.loadFactor:F
D/dalvikvm(  482): GC_CONCURRENT freed 498K, 47% free 3624K/6727K, external 3627K/4173K, paused 3ms+4ms
D/dalvikvm(  482): GetFieldID: unable to find field Ljava/util/HashMap;.loadFactor:F
D/dalvikvm(  482): GetFieldID: unable to find field Ljava/util/HashMap;.loadFactor:F
D/dalvikvm(  482): GC_EXTERNAL_ALLOC freed 731K, 48% free 3798K/7175K, external 3630K/4173K, paused 56ms
D/dalvikvm(  482): GetFieldID: unable to find field Ljava/util/HashMap;.loadFactor:F
D/inject  (  438): [+]-----------open test txt file-----------
D/inject  (  438): [+] The New open path /data/data/cn.wps.moffice_eng/files/lable.db
D/inject  (  438): [+] The New open count 12
D/inject  (  438): [+] The old openfile fd 57
D/dalvikvm(  438): GC_CONCURRENT freed 857K, 47% free 4037K/7559K, external 5306K/5783K, paused 13ms+4ms
D/dalvikvm(  482): GC_EXTERNAL_ALLOC freed 463K, 46% free 3889K/7175K, external 4951K/6132K, paused 73ms
D/dalvikvm(  482): GetFieldID: unable to find field Ljava/util/HashMap;.loadFactor:F
D/dalvikvm(  482): GetFieldID: unable to find field Ljava/util/HashMap;.loadFactor:F
D/dalvikvm(  482): GC_EXTERNAL_ALLOC freed 108K, 45% free 3982K/7175K, external 6739K/7782K, paused 123ms
D/inject  (  438): [+]-----------open test txt file-----------
D/inject  (  438): [+] The New open path /data/data/cn.wps.moffice_eng/files/lable.db
D/inject  (  438): [+] The New open count 13
D/inject  (  438): [+] The old openfile fd 40
I/ActivityManager(   61): Displayed cn.wps.moffice_eng/cn.wps.moffice.writer.Writer1: +4s232ms (total +5s109ms)
D/inject  (  438): [+]-----------open test txt file-----------
D/inject  (  438): [+] The New open path /data/data/cn.wps.moffice_eng/files/_localRecord
D/inject  (  438): [+] The New open count 14
D/inject  (  438): [+] The old openfile fd 40
D/inject  (  438): [+]-----------open test txt file-----------
D/inject  (  438): [+] The New open path /data/data/cn.wps.moffice_eng/files/_localRecord
D/inject  (  438): [+] The New open count 15
D/inject  (  438): [+] The old openfile fd 40
D/inject  (  438): [+]-----------open test txt file-----------
D/inject  (  438): [+] The New open path /mnt/sdcard/KingsoftOffice/.history/.nomedia/255b33a7e966eec4c33af01fa9395c5f.png
D/inject  (  438): [+] The New open count 16
D/inject  (  438): [+] The old openfile fd 40
D/inject  (  438): [+]-----------open test txt file-----------
D/inject  (  438): [+] The New open path /mnt/sdcard/KingsoftOffice/.history/.nomedia/255b33a7e966eec4c33af01fa9395c5f.png
D/inject  (  438): [+] The New open count 17
D/inject  (  438): [+] The old openfile fd 40
D/dalvikvm(  438): GC_EXTERNAL_ALLOC freed 347K, 49% free 3923K/7559K, external 4055K/5064K, paused 189ms
D/inject  (  438): [+]-----------open test txt file-----------
D/inject  (  438): [+] The New open path /mnt/sdcard/KingsoftOffice/.history/.nomedia/2cf17f35fc9362e4f5a745323b2f8903.png
D/inject  (  438): [+] The New open count 18
D/inject  (  438): [+] The old openfile fd 40
D/inject  (  438): [+]-----------open test txt file-----------
D/inject  (  438): [+] The New open path /mnt/sdcard/KingsoftOffice/.history/.nomedia/2cf17f35fc9362e4f5a745323b2f8903.png
D/inject  (  438): [+] The New open count 19
D/inject  (  438): [+] The old openfile fd 40
D/dalvikvm(  438): GC_EXTERNAL_ALLOC freed 116K, 49% free 3895K/7559K, external 5223K/5641K, paused 203ms
D/inject  (  438): [+]-----------open test txt file-----------
D/inject  (  438): [+] The New open path /mnt/sdcard/KingsoftOffice/.history/.nomedia/ab189525c7e6b00c55c498d80f7d9fbf.png
D/inject  (  438): [+] The New open count 20
D/inject  (  438): [+] The old openfile fd 40
D/inject  (  438): [+]-----------open test txt file-----------
D/inject  (  438): [+] The New open path /mnt/sdcard/KingsoftOffice/.history/.nomedia/ab189525c7e6b00c55c498d80f7d9fbf.png
D/inject  (  438): [+] The New open count 21
D/inject  (  438): [+] The old openfile fd 40
D/dalvikvm(  438): GC_EXTERNAL_ALLOC freed 42K, 48% free 3937K/7559K, external 4974K/6212K, paused 115ms
D/dalvikvm(  482): GC_EXTERNAL_ALLOC freed 533K, 44% free 4090K/7239K, external 8922K/9153K, paused 60ms
D/inject  (  438): [+]-----------open test txt file-----------
D/inject  (  438): [+] The New open path /data/data/cn.wps.moffice_eng/files/_localRecord
D/inject  (  438): [+] The New open count 22
D/inject  (  438): [+] The old openfile fd 40
D/inject  (  438): [+]-----------open test txt file-----------
D/inject  (  438): [+] The New open path /data/data/cn.wps.moffice_eng/files/_localRecord
D/inject  (  438): [+] The New open count 23
D/inject  (  438): [+] The old openfile fd 40
D/inject  (  438): [+]-----------open test txt file-----------
D/inject  (  438): [+] The New open path /mnt/sdcard/KingsoftOffice/.history/.nomedia/255b33a7e966eec4c33af01fa9395c5f.png
D/inject  (  438): [+] The New open count 24
D/inject  (  438): [+] The old openfile fd 40
D/inject  (  438): [+]-----------open test txt file-----------
D/inject  (  438): [+] The New open path /mnt/sdcard/KingsoftOffice/.history/.nomedia/255b33a7e966eec4c33af01fa9395c5f.png
D/inject  (  438): [+] The New open count 25
D/inject  (  438): [+] The old openfile fd 40
D/dalvikvm(  438): GC_EXTERNAL_ALLOC freed 223K, 48% free 3946K/7559K, external 4360K/5445K, paused 156ms
I/ActivityManager(   61): Starting: Intent { cmp=cn.wps.moffice_eng/cn.wps.moffice.documentmanager.DocumentManager } from pid 482
D/inject  (  438): [+]-----------open test txt file-----------
D/inject  (  438): [+] The New open path /data/data/cn.wps.moffice_eng/files/lable.db
D/inject  (  438): [+] The New open count 26
D/inject  (  438): [+] The old openfile fd 41
D/inject  (  438): [+]-----------open test txt file-----------
D/inject  (  438): [+] The New open path /mnt/sdcard/KingsoftOffice/.history/.nomedia/2cf17f35fc9362e4f5a745323b2f8903.png
D/inject  (  438): [+] The New open count 27
D/inject  (  438): [+] The old openfile fd 40
D/inject  (  438): [+]-----------open test txt file-----------
D/inject  (  438): [+] The New open path /mnt/sdcard/KingsoftOffice/.history/.nomedia/2cf17f35fc9362e4f5a745323b2f8903.png
D/inject  (  438): [+] The New open count 28
D/inject  (  438): [+] The old openfile fd 40
D/dalvikvm(  438): GC_EXTERNAL_ALLOC freed 143K, 49% free 3916K/7559K, external 5223K/5641K, paused 51ms
D/inject  (  438): [+]-----------open test txt file-----------
D/inject  (  438): [+] The New open path /mnt/sdcard/KingsoftOffice/.history/.nomedia/ab189525c7e6b00c55c498d80f7d9fbf.png
D/inject  (  438): [+] The New open count 29
D/inject  (  438): [+] The old openfile fd 40
D/inject  (  438): [+]-----------open test txt file-----------
D/inject  (  438): [+] The New open path /mnt/sdcard/KingsoftOffice/.history/.nomedia/ab189525c7e6b00c55c498d80f7d9fbf.png
D/inject  (  438): [+] The New open count 30
D/inject  (  438): [+] The old openfile fd 40
W/ActivityManager(   61): Activity pause timeout for HistoryRecord{406f68a0 cn.wps.moffice_eng/cn.wps.moffice.writer.Writer1}
D/dalvikvm(  438): GC_EXTERNAL_ALLOC freed 42K, 48% free 3958K/7559K, external 4974K/6212K, paused 162ms
D/inject  (  438): [+]-----------open test txt file-----------
D/inject  (  438): [+] The New open path /data/data/cn.wps.moffice_eng/files/AppPersistence
D/inject  (  438): [+] The New open count 31
D/inject  (  438): [+] The old openfile fd 40
D/dalvikvm(  438): GetFieldID: unable to find field Ljava/util/HashMap;.loadFactor:F
D/inject  (  438): [+]-----------open test txt file-----------
D/inject  (  438): [+] The New open path /data/data/cn.wps.moffice_eng/files/AppPersistence
D/inject  (  438): [+] The New open count 32
D/inject  (  438): [+] The old openfile fd 40
D/dalvikvm(  438): GetFieldID: unable to find field Ljava/util/HashMap;.loadFactor:F
D/inject  (  438): [+]-----------open test txt file-----------
D/inject  (  438): [+] The New open path /data/data/cn.wps.moffice_eng/files/AppPersistence
D/inject  (  438): [+] The New open count 33
D/inject  (  438): [+] The old openfile fd 40
D/dalvikvm(  438): GetFieldID: unable to find field Ljava/util/HashMap;.loadFactor:F
D/inject  (  438): [+]-----------open test txt file-----------
D/inject  (  438): [+] The New open path /data/data/cn.wps.moffice_eng/files/AppPersistence
D/inject  (  438): [+] The New open count 34
D/inject  (  438): [+] The old openfile fd 40
D/dalvikvm(  438): GetFieldID: unable to find field Ljava/util/HashMap;.loadFactor:F
D/inject  (  438): [+]-----------open test txt file-----------
D/inject  (  438): [+] The New open path /data/data/cn.wps.moffice_eng/files/AppPersistence
D/inject  (  438): [+] The New open count 35
D/inject  (  438): [+] The old openfile fd 40
D/inject  (  438): [+]-----------open test txt file-----------
D/inject  (  438): [+] The New open path /data/data/cn.wps.moffice_eng/files/AppPersistence
D/inject  (  438): [+] The New open count 36
D/inject  (  438): [+] The old openfile fd 40
D/dalvikvm(  438): GetFieldID: unable to find field Ljava/util/HashMap;.loadFactor:F
D/inject  (  438): [+]-----------open test txt file-----------
D/inject  (  438): [+] The New open path /data/data/cn.wps.moffice_eng/files/AppPersistence
D/inject  (  438): [+] The New open count 37
D/inject  (  438): [+] The old openfile fd 40
D/dalvikvm(  438): GetFieldID: unable to find field Ljava/util/HashMap;.loadFactor:F
D/inject  (  438): [+]-----------open test txt file-----------
D/inject  (  438): [+] The New open path /data/data/cn.wps.moffice_eng/files/AppPersistence
D/inject  (  438): [+] The New open count 38
D/inject  (  438): [+] The old openfile fd 40
D/dalvikvm(  438): GetFieldID: unable to find field Ljava/util/HashMap;.loadFactor:F
D/inject  (  438): [+]-----------open test txt file-----------
D/inject  (  438): [+] The New open path /data/data/cn.wps.moffice_eng/files/AppPersistence
D/inject  (  438): [+] The New open count 39
D/inject  (  438): [+] The old openfile fd 40
D/inject  (  438): [+]-----------open test txt file-----------
D/inject  (  438): [+] The New open path /data/data/cn.wps.moffice_eng/files/_localRecord
D/inject  (  438): [+] The New open count 40
D/inject  (  438): [+] The old openfile fd 40
D/inject  (  438): [+]-----------open test txt file-----------
D/inject  (  438): [+] The New open path /data/data/cn.wps.moffice_eng/files/_localRecord
D/inject  (  438): [+] The New open count 41
D/inject  (  438): [+] The old openfile fd 40
D/inject  (  438): [+]-----------open test txt file-----------
D/inject  (  438): [+] The New open path /data/data/cn.wps.moffice_eng/files/AppPersistence
D/inject  (  438): [+] The New open count 42
D/inject  (  438): [+] The old openfile fd 40
D/dalvikvm(  438): GetFieldID: unable to find field Ljava/util/HashMap;.loadFactor:F
D/inject  (  438): [+]-----------open test txt file-----------
D/inject  (  438): [+] The New open path /data/data/cn.wps.moffice_eng/files/AppPersistence
D/inject  (  438): [+] The New open count 43
D/inject  (  438): [+] The old openfile fd 40
D/dalvikvm(  438): GetFieldID: unable to find field Ljava/util/HashMap;.loadFactor:F
D/inject  (  438): [+]-----------open test txt file-----------
D/inject  (  438): [+] The New open path /data/data/cn.wps.moffice_eng/files/AppPersistence
D/inject  (  438): [+] The New open count 44
D/inject  (  438): [+] The old openfile fd 40
D/inject  (  438): [+]-----------open test txt file-----------
D/inject  (  438): [+] The New open path /mnt/sdcard/KingsoftOffice/.history/.nomedia/255b33a7e966eec4c33af01fa9395c5f.png
D/inject  (  438): [+] The New open count 45
D/inject  (  438): [+] The old openfile fd 40
D/inject  (  438): [+]-----------open test txt file-----------
D/inject  (  438): [+] The New open path /mnt/sdcard/KingsoftOffice/.history/.nomedia/255b33a7e966eec4c33af01fa9395c5f.png
D/inject  (  438): [+] The New open count 46
D/inject  (  438): [+] The old openfile fd 40
D/dalvikvm(  438): GC_EXTERNAL_ALLOC freed 322K, 48% free 3978K/7559K, external 4360K/5445K, paused 56ms
D/inject  (  438): [+]-----------open test txt file-----------
D/inject  (  438): [+] The New open path /mnt/sdcard/KingsoftOffice/.history/.nomedia/2cf17f35fc9362e4f5a745323b2f8903.png
D/inject  (  438): [+] The New open count 47
D/inject  (  438): [+] The old openfile fd 40
D/inject  (  438): [+]-----------open test txt file-----------
D/inject  (  438): [+] The New open path /mnt/sdcard/KingsoftOffice/.history/.nomedia/2cf17f35fc9362e4f5a745323b2f8903.png
D/inject  (  438): [+] The New open count 48
D/inject  (  438): [+] The old openfile fd 40
D/dalvikvm(  438): GC_EXTERNAL_ALLOC freed 119K, 48% free 3947K/7559K, external 5211K/5629K, paused 51ms
D/inject  (  438): [+]-----------open test txt file-----------
D/inject  (  438): [+] The New open path /mnt/sdcard/KingsoftOffice/.history/.nomedia/ab189525c7e6b00c55c498d80f7d9fbf.png
D/inject  (  438): [+] The New open count 49
D/inject  (  438): [+] The old openfile fd 40
D/inject  (  438): [+]-----------open test txt file-----------
D/inject  (  438): [+] The New open path /mnt/sdcard/KingsoftOffice/.history/.nomedia/ab189525c7e6b00c55c498d80f7d9fbf.png
D/inject  (  438): [+] The New open count 50
D/inject  (  438): [+] The old openfile fd 40
D/dalvikvm(  438): GC_EXTERNAL_ALLOC freed 41K, 48% free 3989K/7559K, external 4963K/6198K, paused 54ms
D/inject  (  438): [+]-----------open test txt file-----------
D/inject  (  438): [+] The New open path /data/data/cn.wps.moffice_eng/files/.cloud/cloudsetting
D/inject  (  438): [+] The New open count 51
D/inject  (  438): [+] The old openfile fd 40
D/inject  (  438): [+]-----------open test txt file-----------
D/inject  (  438): [+] The New open path /data/data/cn.wps.moffice_eng/files/.cloud/cloudsetting
D/inject  (  438): [+] The New open count 52
D/inject  (  438): [+] The old openfile fd 40
I/System.out(  438): flushRecord:f88f681f-f3cd-41aa-ae9b-7557bba0320e
D/inject  (  438): [+]-----------open test txt file-----------
D/inject  (  438): [+] The New open path /mnt/sdcard/Android/data/cn.wps.moffice_eng/cache/KingsoftOffice/file/.timeBox/HistoryRecord/records/f88f681f-f3cd-41aa-ae9b-7557bba0320e
D/inject  (  438): [+] The New open count 53
D/inject  (  438): [+] The old openfile fd 40
W/InputManagerService(   61): Starting input on non-focused client com.android.internal.view.IInputMethodClient$Stub$Proxy@4075ec60 (uid=10037 pid=482)
W/IInputConnectionWrapper(  482): showStatusIcon on inactive InputConnection
D/inject  (  438): [+]-----------open test txt file-----------
D/inject  (  438): [+] The New open path /mnt/sdcard/Android/data/cn.wps.moffice_eng/cache/KingsoftOffice/file/.timeBox/HistoryRecord/persistence/records_upload_list
D/inject  (  438): [+] The New open count 54
D/inject  (  438): [+] The old openfile fd 40
D/inject  (  438): [+]-----------open test txt file-----------
D/inject  (  438): [+] The New open path /mnt/sdcard/Android/data/cn.wps.moffice_eng/cache/KingsoftOffice/file/.timeBox/HistoryRecord/persistence/records_upload_list
D/inject  (  438): [+] The New open count 55
D/inject  (  438): [+] The old openfile fd 40
D/inject  (  438): [+]-----------open test txt file-----------
D/inject  (  438): [+] The New open path /data/data/cn.wps.moffice_eng/files/.cloud/cloudsetting
D/inject  (  438): [+] The New open count 56
D/inject  (  438): [+] The old openfile fd 40
D/inject  (  438): [+]-----------open test txt file-----------
D/inject  (  438): [+] The New open path /data/data/cn.wps.moffice_eng/files/.cloud/cloudsetting
D/inject  (  438): [+] The New open count 57
D/inject  (  438): [+] The old openfile fd 40
D/inject  (  438): [+]-----------open test txt file-----------
D/inject  (  438): [+] The New open path /data/data/cn.wps.moffice_eng/files/AppPersistence
D/inject  (  438): [+] The New open count 58
D/inject  (  438): [+] The old openfile fd 40
D/dalvikvm(  438): GetFieldID: unable to find field Ljava/util/HashMap;.loadFactor:F
D/inject  (  438): [+]-----------open test txt file-----------
D/inject  (  438): [+] The New open path /data/data/cn.wps.moffice_eng/files/AppPersistence
D/inject  (  438): [+] The New open count 59
D/inject  (  438): [+] The old openfile fd 40
D/dalvikvm(  438): GetFieldID: unable to find field Ljava/util/HashMap;.loadFactor:F
D/inject  (  438): [+]-----------open test txt file-----------
D/inject  (  438): [+] The New open path /data/data/cn.wps.moffice_eng/files/AppPersistence
D/inject  (  438): [+] The New open count 60
D/inject  (  438): [+] The old openfile fd 40
D/inject  (  438): [+]-----------open test txt file-----------
D/inject  (  438): [+] The New open path /data/data/cn.wps.moffice_eng/files/AppPersistence
D/inject  (  438): [+] The New open count 61
D/inject  (  438): [+] The old openfile fd 40
D/dalvikvm(  438): GetFieldID: unable to find field Ljava/util/HashMap;.loadFactor:F
I/ActivityManager(   61): Starting: Intent { cmp=cn.wps.moffice_eng/cn.wps.moffice.startactivity.writer.StartWriterActivity1 (has extras) } from pid 438
I/ActivityManager(   61): Starting: Intent { cmp=cn.wps.moffice_eng/cn.wps.moffice.writer.Writer1 (has extras) } from pid 482
D/dalvikvm(  482): GC_EXTERNAL_ALLOC freed 411K, 43% free 4159K/7239K, external 9375K/9393K, paused 61ms
D/dalvikvm(  482): GetFieldID: unable to find field Ljava/util/HashMap;.loadFactor:F
D/dalvikvm(  482): GetFieldID: unable to find field Ljava/util/HashMap;.loadFactor:F
D/water   (  482): packageName: cn.wps.moffice_eng
D/inject  (  438): [+]-----------open test txt file-----------
D/inject  (  438): [+] The New open path /mnt/sdcard/KingsoftOffice/.history/HistoryRecordDataSource
D/inject  (  438): [+] The New open count 62
D/inject  (  438): [+] The old openfile fd 40
D/inject  (  438): [+]-----------open test txt file-----------
D/inject  (  438): [+] The New open path /mnt/sdcard/documents/testcopy2.txt
D/inject  (  438): [+] The New open count 63
D/inject  (  438): [+] The old openfile fd 40
D/dalvikvm(  482): GetFieldID: unable to find field Ljava/util/HashMap;.loadFactor:F
D/inject  (  438): [+]-----------open test txt file-----------
D/inject  (  438): [+] The New open path /data/data/cn.wps.moffice_eng/files/.cloud/.connectionPersistence
D/inject  (  438): [+] The New open count 64
D/inject  (  438): [+] The old openfile fd 40
D/dalvikvm(  482): GetFieldID: unable to find field Ljava/util/HashMap;.loadFactor:F
D/dalvikvm(  482): GetFieldID: unable to find field Ljava/util/HashMap;.loadFactor:F
D/dalvikvm(  482): GetFieldID: unable to find field Ljava/util/HashMap;.loadFactor:F
D/dalvikvm(  482): GC_CONCURRENT freed 847K, 45% free 4362K/7815K, external 8063K/9870K, paused 4ms+4ms
I/dalvikvm(  482): Jit: resizing JitTable from 512 to 1024
I/ActivityManager(   61): Displayed cn.wps.moffice_eng/cn.wps.moffice.writer.Writer1: +2s209ms (total +2s246ms)
D/inject  (  438): [+]-----------open test txt file-----------
D/inject  (  438): [+] The New open path /data/data/cn.wps.moffice_eng/files/lable.db
D/inject  (  438): [+] The New open count 65
D/inject  (  438): [+] The old openfile fd 40
D/dalvikvm(  482): GC_EXTERNAL_ALLOC freed 404K, 43% free 4505K/7879K, external 9865K/9870K, paused 87ms
D/inject  (  438): [+]-----------open test txt file-----------
D/inject  (  438): [+] The New open path /data/data/cn.wps.moffice_eng/files/lable.db
D/inject  (  438): [+] The New open count 66
D/inject  (  438): [+] The old openfile fd 40
D/dalvikvm(  482): GetFieldID: unable to find field Ljava/util/HashMap;.loadFactor:F
D/dalvikvm(  482): GetFieldID: unable to find field Ljava/util/HashMap;.loadFactor:F
D/dalvikvm(  482): GC_EXTERNAL_ALLOC freed 99K, 43% free 4493K/7879K, external 11202K/11963K, paused 82ms
I/dalvikvm(  482): Jit: resizing JitTable from 1024 to 2048
I/ActivityManager(   61): Starting: Intent { cmp=cn.wps.moffice_eng/cn.wps.moffice.documentmanager.DocumentManager } from pid 482
D/inject  (  438): [+]-----------open test txt file-----------
D/inject  (  438): [+] The New open path /data/data/cn.wps.moffice_eng/files/lable.db
D/inject  (  438): [+] The New open count 67
D/inject  (  438): [+] The old openfile fd 40
D/inject  (  438): [+]-----------open test txt file-----------
D/inject  (  438): [+] The New open path /data/data/cn.wps.moffice_eng/files/AppPersistence
D/inject  (  438): [+] The New open count 68
D/inject  (  438): [+] The old openfile fd 40
D/dalvikvm(  438): GetFieldID: unable to find field Ljava/util/HashMap;.loadFactor:F
D/inject  (  438): [+]-----------open test txt file-----------
D/inject  (  438): [+] The New open path /data/data/cn.wps.moffice_eng/files/AppPersistence
D/inject  (  438): [+] The New open count 69
D/inject  (  438): [+] The old openfile fd 40
D/inject  (  438): [+]-----------open test txt file-----------
D/inject  (  438): [+] The New open path /data/data/cn.wps.moffice_eng/files/AppPersistence
D/inject  (  438): [+] The New open count 70
D/inject  (  438): [+] The old openfile fd 40
D/dalvikvm(  438): GetFieldID: unable to find field Ljava/util/HashMap;.loadFactor:F
D/inject  (  438): [+]-----------open test txt file-----------
D/inject  (  438): [+] The New open path /data/data/cn.wps.moffice_eng/files/AppPersistence
D/inject  (  438): [+] The New open count 71
D/inject  (  438): [+] The old openfile fd 40
D/dalvikvm(  438): GetFieldID: unable to find field Ljava/util/HashMap;.loadFactor:F
D/inject  (  438): [+]-----------open test txt file-----------
D/inject  (  438): [+] The New open path /data/data/cn.wps.moffice_eng/files/AppPersistence
D/inject  (  438): [+] The New open count 72
D/inject  (  438): [+] The old openfile fd 40
D/dalvikvm(  438): GetFieldID: unable to find field Ljava/util/HashMap;.loadFactor:F
D/inject  (  438): [+]-----------open test txt file-----------
D/inject  (  438): [+] The New open path /data/data/cn.wps.moffice_eng/files/AppPersistence
D/inject  (  438): [+] The New open count 73
D/inject  (  438): [+] The old openfile fd 40
W/IInputConnectionWrapper(  482): showStatusIcon on inactive InputConnection
D/inject  (  438): [+]-----------open test txt file-----------
D/inject  (  438): [+] The New open path /data/data/cn.wps.moffice_eng/files/.cloud/cloudsetting
D/inject  (  438): [+] The New open count 74
D/inject  (  438): [+] The old openfile fd 40
D/inject  (  438): [+]-----------open test txt file-----------
D/inject  (  438): [+] The New open path /data/data/cn.wps.moffice_eng/files/.cloud/cloudsetting
D/inject  (  438): [+] The New open count 75
D/inject  (  438): [+] The old openfile fd 40
I/System.out(  438): flushRecord:57e9f7e6-6dd5-4e76-a1ea-217fad051d2e
D/inject  (  438): [+]-----------open test txt file-----------
D/inject  (  438): [+] The New open path /mnt/sdcard/Android/data/cn.wps.moffice_eng/cache/KingsoftOffice/file/.timeBox/HistoryRecord/records/57e9f7e6-6dd5-4e76-a1ea-217fad051d2e
D/inject  (  438): [+] The New open count 76
D/inject  (  438): [+] The old openfile fd 40
D/inject  (  438): [+]-----------open test txt file-----------
D/inject  (  438): [+] The New open path /mnt/sdcard/Android/data/cn.wps.moffice_eng/cache/KingsoftOffice/file/.timeBox/HistoryRecord/records/57e9f7e6-6dd5-4e76-a1ea-217fad051d2e
D/inject  (  438): [+] The New open count 77
D/inject  (  438): [+] The old openfile fd 40
D/inject  (  438): [+]-----------open test txt file-----------
D/inject  (  438): [+] The New open path /mnt/sdcard/Android/data/cn.wps.moffice_eng/cache/KingsoftOffice/file/.timeBox/HistoryRecord/persistence/records_upload_list
