D/inject  (  404): [+] The old openfile fd 58
D/inject  (  404): [+]-----------open test txt file-----------
D/inject  (  404): [+] The New open path /data/data/cn.wps.moffice_eng/files/_localRecord
D/inject  (  404): [+] The New open count 737
D/inject  (  404): [+] The old openfile fd 58
D/inject  (  404): [+]-----------open test txt file-----------
D/inject  (  404): [+] The New open path /data/data/cn.wps.moffice_eng/files/_localRecord
D/inject  (  404): [+] The New open count 738
D/inject  (  404): [+] The old openfile fd 58
D/SntpClient(   61): request time failed: java.net.SocketException: Address family not supported by protocol
D/inject  (  404): [+]-----------open test txt file-----------
D/inject  (  404): [+] The New open path /data/data/cn.wps.moffice_eng/files/_localRecord
D/inject  (  404): [+] The New open count 739
D/inject  (  404): [+] The old openfile fd 58
D/inject  (  404): [+]-----------open test txt file-----------
D/inject  (  404): [+] The New open path /data/data/cn.wps.moffice_eng/files/_localRecord
D/inject  (  404): [+] The New open count 740
D/inject  (  404): [+] The old openfile fd 58
D/SntpClient(   61): request time failed: java.net.SocketException: Address family not supported by protocol
D/inject  (  404): [+]-----------open test txt file-----------
D/inject  (  404): [+] The New open path /data/data/cn.wps.moffice_eng/files/_localRecord
D/inject  (  404): [+] The New open count 741
D/inject  (  404): [+] The old openfile fd 58
D/inject  (  404): [+]-----------open test txt file-----------
D/inject  (  404): [+] The New open path /data/data/cn.wps.moffice_eng/files/_localRecord
D/inject  (  404): [+] The New open count 742
D/inject  (  404): [+] The old openfile fd 58
D/dalvikvm(  404): GC_CONCURRENT freed 1910K, 47% free 5471K/10183K, external 5027K/6263K, paused 4ms+12ms
D/inject  (  404): [+]-----------open test txt file-----------
D/inject  (  404): [+] The New open path /data/data/cn.wps.moffice_eng/files/_localRecord
D/inject  (  404): [+] The New open count 743
D/inject  (  404): [+] The old openfile fd 58
D/inject  (  404): [+]-----------open test txt file-----------
D/inject  (  404): [+] The New open path /data/data/cn.wps.moffice_eng/files/_localRecord
D/inject  (  404): [+] The New open count 744
D/inject  (  404): [+] The old openfile fd 58
D/SntpClient(   61): request time failed: java.net.SocketException: Address family not supported by protocol
D/inject  (  404): [+]-----------open test txt file-----------
D/inject  (  404): [+] The New open path /data/data/cn.wps.moffice_eng/files/_localRecord
D/inject  (  404): [+] The New open count 745
D/inject  (  404): [+] The old openfile fd 58
D/inject  (  404): [+]-----------open test txt file-----------
D/inject  (  404): [+] The New open path /data/data/cn.wps.moffice_eng/files/_localRecord
D/inject  (  404): [+] The New open count 746
D/inject  (  404): [+] The old openfile fd 58
V/BackupManagerService(   61): Backup requested but nothing pending
D/dalvikvm(  121): GC_CONCURRENT freed 570K, 53% free 2912K/6151K, external 1625K/2137K, paused 7ms+2ms
D/inject  (  404): [+]-----------open test txt file-----------
D/inject  (  404): [+] The New open path /data/data/cn.wps.moffice_eng/files/_localRecord
D/inject  (  404): [+] The New open count 747
D/inject  (  404): [+] The old openfile fd 58
D/inject  (  404): [+]-----------open test txt file-----------
D/inject  (  404): [+] The New open path /data/data/cn.wps.moffice_eng/files/_localRecord
D/inject  (  404): [+] The New open count 748
D/inject  (  404): [+] The old openfile fd 58
D/SntpClient(   61): request time failed: java.net.SocketException: Address family not supported by protocol
D/inject  (  404): [+]-----------open test txt file-----------
D/inject  (  404): [+] The New open path /data/data/cn.wps.moffice_eng/files/_localRecord
D/inject  (  404): [+] The New open count 749
D/inject  (  404): [+] The old openfile fd 58
D/inject  (  404): [+]-----------open test txt file-----------
D/inject  (  404): [+] The New open path /data/data/cn.wps.moffice_eng/files/_localRecord
D/inject  (  404): [+] The New open count 750
D/inject  (  404): [+] The old openfile fd 58
D/SntpClient(   61): request time failed: java.net.SocketException: Address family not supported by protocol
D/inject  (  404): [+]-----------open test txt file-----------
D/inject  (  404): [+] The New open path /data/data/cn.wps.moffice_eng/files/_localRecord
D/inject  (  404): [+] The New open count 751
D/inject  (  404): [+] The old openfile fd 58
D/inject  (  404): [+]-----------open test txt file-----------
D/inject  (  404): [+] The New open path /data/data/cn.wps.moffice_eng/files/_localRecord
D/inject  (  404): [+] The New open count 752
D/inject  (  404): [+] The old openfile fd 58
D/inject  (  404): [+]-----------open test txt file-----------
D/inject  (  404): [+] The New open path /data/data/cn.wps.moffice_eng/files/_localRecord
D/inject  (  404): [+] The New open count 753
D/inject  (  404): [+] The old openfile fd 58
D/inject  (  404): [+]-----------open test txt file-----------
D/inject  (  404): [+] The New open path /data/data/cn.wps.moffice_eng/files/_localRecord
D/inject  (  404): [+] The New open count 754
D/inject  (  404): [+] The old openfile fd 58
D/dalvikvm(  404): GC_CONCURRENT freed 1911K, 47% free 5484K/10183K, external 5027K/6263K, paused 8ms+11ms
D/SntpClient(   61): request time failed: java.net.SocketException: Address family not supported by protocol
D/inject  (  404): [+]-----------open test txt file-----------
D/inject  (  404): [+] The New open path /data/data/cn.wps.moffice_eng/files/_localRecord
D/inject  (  404): [+] The New open count 755
D/inject  (  404): [+] The old openfile fd 58
D/inject  (  404): [+]-----------open test txt file-----------
D/inject  (  404): [+] The New open path /data/data/cn.wps.moffice_eng/files/_localRecord
D/inject  (  404): [+] The New open count 756
D/inject  (  404): [+] The old openfile fd 58
D/dalvikvm(  253): GC_CONCURRENT freed 883K, 49% free 3801K/7431K, external 1753K/2137K, paused 9ms+3ms
D/inject  (  404): [+]-----------open test txt file-----------
D/inject  (  404): [+] The New open path /data/data/cn.wps.moffice_eng/files/_localRecord
D/inject  (  404): [+] The New open count 757
D/inject  (  404): [+] The old openfile fd 58
D/inject  (  404): [+]-----------open test txt file-----------
D/inject  (  404): [+] The New open path /data/data/cn.wps.moffice_eng/files/_localRecord
D/inject  (  404): [+] The New open count 758
D/inject  (  404): [+] The old openfile fd 58
D/SntpClient(   61): request time failed: java.net.SocketException: Address family not supported by protocol
D/inject  (  404): [+]-----------open test txt file-----------
D/inject  (  404): [+] The New open path /data/data/cn.wps.moffice_eng/files/_localRecord
D/inject  (  404): [+] The New open count 759
D/inject  (  404): [+] The old openfile fd 58
D/inject  (  404): [+]-----------open test txt file-----------
D/inject  (  404): [+] The New open path /data/data/cn.wps.moffice_eng/files/_localRecord
D/inject  (  404): [+] The New open count 760
D/inject  (  404): [+] The old openfile fd 58
D/SntpClient(   61): request time failed: java.net.SocketException: Address family not supported by protocol
D/inject  (  404): [+]-----------open test txt file-----------
D/inject  (  404): [+] The New open path /data/data/cn.wps.moffice_eng/files/_localRecord
D/inject  (  404): [+] The New open count 761
D/inject  (  404): [+] The old openfile fd 58
D/inject  (  404): [+]-----------open test txt file-----------
D/inject  (  404): [+] The New open path /data/data/cn.wps.moffice_eng/files/_localRecord
D/inject  (  404): [+] The New open count 762
D/inject  (  404): [+] The old openfile fd 58
D/inject  (  404): [+]-----------open test txt file-----------
D/inject  (  404): [+] The New open path /data/data/cn.wps.moffice_eng/files/_localRecord
D/inject  (  404): [+] The New open count 763
D/inject  (  404): [+] The old openfile fd 58
D/inject  (  404): [+]-----------open test txt file-----------
D/inject  (  404): [+] The New open path /data/data/cn.wps.moffice_eng/files/_localRecord
D/inject  (  404): [+] The New open count 764
D/inject  (  404): [+] The old openfile fd 58
D/SntpClient(   61): request time failed: java.net.SocketException: Address family not supported by protocol
D/inject  (  404): [+]-----------open test txt file-----------
D/inject  (  404): [+] The New open path /data/data/cn.wps.moffice_eng/files/_localRecord
D/inject  (  404): [+] The New open count 765
D/inject  (  404): [+] The old openfile fd 58
D/inject  (  404): [+]-----------open test txt file-----------
D/inject  (  404): [+] The New open path /data/data/cn.wps.moffice_eng/files/_localRecord
D/inject  (  404): [+] The New open count 766
D/inject  (  404): [+] The old openfile fd 58
D/dalvikvm(  404): GC_CONCURRENT freed 1911K, 47% free 5496K/10183K, external 5027K/6263K, paused 4ms+11ms
D/inject  (  404): [+]-----------open test txt file-----------
D/inject  (  404): [+] The New open path /data/data/cn.wps.moffice_eng/files/_localRecord
D/inject  (  404): [+] The New open count 767
D/inject  (  404): [+] The old openfile fd 58
D/inject  (  404): [+]-----------open test txt file-----------
D/inject  (  404): [+] The New open path /data/data/cn.wps.moffice_eng/files/_localRecord
D/inject  (  404): [+] The New open count 768
D/inject  (  404): [+] The old openfile fd 58
D/SntpClient(   61): request time failed: java.net.SocketException: Address family not supported by protocol
D/inject  (  404): [+]-----------open test txt file-----------
D/inject  (  404): [+] The New open path /data/data/cn.wps.moffice_eng/files/_localRecord
D/inject  (  404): [+] The New open count 769
D/inject  (  404): [+] The old openfile fd 58
D/inject  (  404): [+]-----------open test txt file-----------
D/inject  (  404): [+] The New open path /data/data/cn.wps.moffice_eng/files/_localRecord
D/inject  (  404): [+] The New open count 770
D/inject  (  404): [+] The old openfile fd 58
D/dalvikvm(   61): GC_CONCURRENT freed 1183K, 48% free 4599K/8839K, external 3125K/3903K, paused 6ms+7ms
D/SntpClient(   61): request time failed: java.net.SocketException: Address family not supported by protocol
D/inject  (  404): [+]-----------open test txt file-----------
D/inject  (  404): [+] The New open path /data/data/cn.wps.moffice_eng/files/_localRecord
D/inject  (  404): [+] The New open count 771
D/inject  (  404): [+] The old openfile fd 58
D/inject  (  404): [+]-----------open test txt file-----------
D/inject  (  404): [+] The New open path /data/data/cn.wps.moffice_eng/files/_localRecord
D/inject  (  404): [+] The New open count 772
D/inject  (  404): [+] The old openfile fd 58
D/inject  (  404): [+]-----------open test txt file-----------
D/inject  (  404): [+] The New open path /data/data/cn.wps.moffice_eng/files/_localRecord
D/inject  (  404): [+] The New open count 773
D/inject  (  404): [+] The old openfile fd 58
D/inject  (  404): [+]-----------open test txt file-----------
D/inject  (  404): [+] The New open path /data/data/cn.wps.moffice_eng/files/_localRecord
D/inject  (  404): [+] The New open count 774
D/inject  (  404): [+] The old openfile fd 58
D/SntpClient(   61): request time failed: java.net.SocketException: Address family not supported by protocol
D/inject  (  404): [+]-----------open test txt file-----------
D/inject  (  404): [+] The New open path /data/data/cn.wps.moffice_eng/files/_localRecord
D/inject  (  404): [+] The New open count 775
D/inject  (  404): [+] The old openfile fd 58
D/inject  (  404): [+]-----------open test txt file-----------
D/inject  (  404): [+] The New open path /data/data/cn.wps.moffice_eng/files/_localRecord
D/inject  (  404): [+] The New open count 776
D/inject  (  404): [+] The old openfile fd 58
D/inject  (  404): [+]-----------open test txt file-----------
D/inject  (  404): [+] The New open path /data/data/cn.wps.moffice_eng/files/_localRecord
D/inject  (  404): [+] The New open count 777
D/inject  (  404): [+] The old openfile fd 58
D/inject  (  404): [+]-----------open test txt file-----------
D/inject  (  404): [+] The New open path /data/data/cn.wps.moffice_eng/files/_localRecord
D/inject  (  404): [+] The New open count 778
D/inject  (  404): [+] The old openfile fd 58
D/dalvikvm(  404): GC_CONCURRENT freed 1910K, 46% free 5510K/10183K, external 5027K/6263K, paused 4ms+11ms
D/SntpClient(   61): request time failed: java.net.SocketException: Address family not supported by protocol
D/inject  (  404): [+]-----------open test txt file-----------
D/inject  (  404): [+] The New open path /data/data/cn.wps.moffice_eng/files/_localRecord
D/inject  (  404): [+] The New open count 779
D/inject  (  404): [+] The old openfile fd 58
D/inject  (  404): [+]-----------open test txt file-----------
D/inject  (  404): [+] The New open path /data/data/cn.wps.moffice_eng/files/_localRecord
D/inject  (  404): [+] The New open count 780
D/inject  (  404): [+] The old openfile fd 58
W/ProcessStats(   61): Skipping unknown process pid 400
W/ProcessStats(   61): Skipping unknown process pid 401
D/SntpClient(   61): request time failed: java.net.SocketException: Address family not supported by protocol
D/inject  (  404): [+]-----------open test txt file-----------
D/inject  (  404): [+] The New open path /data/data/cn.wps.moffice_eng/files/_localRecord
D/inject  (  404): [+] The New open count 781
D/inject  (  404): [+] The old openfile fd 58
D/inject  (  404): [+]-----------open test txt file-----------
D/inject  (  404): [+] The New open path /data/data/cn.wps.moffice_eng/files/_localRecord
D/inject  (  404): [+] The New open count 782
D/inject  (  404): [+] The old openfile fd 58
D/inject  (  404): [+]-----------open test txt file-----------
D/inject  (  404): [+] The New open path /data/data/cn.wps.moffice_eng/files/_localRecord
D/inject  (  404): [+] The New open count 783
D/inject  (  404): [+] The old openfile fd 58
D/inject  (  404): [+]-----------open test txt file-----------
D/inject  (  404): [+] The New open path /data/data/cn.wps.moffice_eng/files/_localRecord
D/inject  (  404): [+] The New open count 784
D/inject  (  404): [+] The old openfile fd 58
D/SntpClient(   61): request time failed: java.net.SocketException: Address family not supported by protocol
D/inject  (  404): [+]-----------open test txt file-----------
D/inject  (  404): [+] The New open path /data/data/cn.wps.moffice_eng/files/_localRecord
D/inject  (  404): [+] The New open count 785
D/inject  (  404): [+] The old openfile fd 58
D/inject  (  404): [+]-----------open test txt file-----------
D/inject  (  404): [+] The New open path /data/data/cn.wps.moffice_eng/files/_localRecord
D/inject  (  404): [+] The New open count 786
D/inject  (  404): [+] The old openfile fd 58
V/BackupManagerService(   61): Backup requested but nothing pending
D/inject  (  404): [+]-----------open test txt file-----------
D/inject  (  404): [+] The New open path /data/data/cn.wps.moffice_eng/files/_localRecord
D/inject  (  404): [+] The New open count 787
D/inject  (  404): [+] The old openfile fd 58
D/inject  (  404): [+]-----------open test txt file-----------
D/inject  (  404): [+] The New open path /data/data/cn.wps.moffice_eng/files/_localRecord
D/inject  (  404): [+] The New open count 788
D/inject  (  404): [+] The old openfile fd 58
D/SntpClient(   61): request time failed: java.net.SocketException: Address family not supported by protocol
D/inject  (  404): [+]-----------open test txt file-----------
D/inject  (  404): [+] The New open path /data/data/cn.wps.moffice_eng/files/_localRecord
D/inject  (  404): [+] The New open count 789
D/inject  (  404): [+] The old openfile fd 58
D/inject  (  404): [+]-----------open test txt file-----------
D/inject  (  404): [+] The New open path /data/data/cn.wps.moffice_eng/files/_localRecord
D/inject  (  404): [+] The New open count 790
D/inject  (  404): [+] The old openfile fd 58
D/dalvikvm(  404): GC_CONCURRENT freed 1913K, 46% free 5521K/10183K, external 5027K/6263K, paused 5ms+12ms
D/SntpClient(   61): request time failed: java.net.SocketException: Address family not supported by protocol
D/inject  (  404): [+]-----------open test txt file-----------
D/inject  (  404): [+] The New open path /data/data/cn.wps.moffice_eng/files/_localRecord
D/inject  (  404): [+] The New open count 791
D/inject  (  404): [+] The old openfile fd 58
D/inject  (  404): [+]-----------open test txt file-----------
D/inject  (  404): [+] The New open path /data/data/cn.wps.moffice_eng/files/_localRecord
D/inject  (  404): [+] The New open count 792
D/inject  (  404): [+] The old openfile fd 58
D/inject  (  404): [+]-----------open test txt file-----------
D/inject  (  404): [+] The New open path /data/data/cn.wps.moffice_eng/files/_localRecord
D/inject  (  404): [+] The New open count 793
D/inject  (  404): [+] The old openfile fd 58
D/inject  (  404): [+]-----------open test txt file-----------
D/inject  (  404): [+] The New open path /data/data/cn.wps.moffice_eng/files/_localRecord
D/inject  (  404): [+] The New open count 794
D/inject  (  404): [+] The old openfile fd 58
D/SntpClient(   61): request time failed: java.net.SocketException: Address family not supported by protocol
D/inject  (  404): [+]-----------open test txt file-----------
D/inject  (  404): [+] The New open path /data/data/cn.wps.moffice_eng/files/_localRecord
D/inject  (  404): [+] The New open count 795
D/inject  (  404): [+] The old openfile fd 58
D/inject  (  404): [+]-----------open test txt file-----------
D/inject  (  404): [+] The New open path /data/data/cn.wps.moffice_eng/files/_localRecord
D/inject  (  404): [+] The New open count 796
D/inject  (  404): [+] The old openfile fd 58
D/inject  (  404): [+]-----------open test txt file-----------
D/inject  (  404): [+] The New open path /data/data/cn.wps.moffice_eng/files/_localRecord
D/inject  (  404): [+] The New open count 797
D/inject  (  404): [+] The old openfile fd 58
D/inject  (  404): [+]-----------open test txt file-----------
D/inject  (  404): [+] The New open path /data/data/cn.wps.moffice_eng/files/_localRecord
D/inject  (  404): [+] The New open count 798
D/inject  (  404): [+] The old openfile fd 58
D/SntpClient(   61): request time failed: java.net.SocketException: Address family not supported by protocol
D/inject  (  404): [+]-----------open test txt file-----------
D/inject  (  404): [+] The New open path /data/data/cn.wps.moffice_eng/files/_localRecord
D/inject  (  404): [+] The New open count 799
D/inject  (  404): [+] The old openfile fd 58
D/inject  (  404): [+]-----------open test txt file-----------
D/inject  (  404): [+] The New open path /data/data/cn.wps.moffice_eng/files/_localRecord
D/inject  (  404): [+] The New open count 800
D/inject  (  404): [+] The old openfile fd 58
D/SntpClient(   61): request time failed: java.net.SocketException: Address family not supported by protocol
D/inject  (  404): [+]-----------open test txt file-----------
D/inject  (  404): [+] The New open path /data/data/cn.wps.moffice_eng/files/_localRecord
D/inject  (  404): [+] The New open count 801
D/inject  (  404): [+] The old openfile fd 58
D/inject  (  404): [+]-----------open test txt file-----------
D/inject  (  404): [+] The New open path /data/data/cn.wps.moffice_eng/files/_localRecord
D/inject  (  404): [+] The New open count 802
D/inject  (  404): [+] The old openfile fd 58
D/dalvikvm(  404): GC_CONCURRENT freed 1911K, 46% free 5534K/10183K, external 5027K/6263K, paused 4ms+12ms
D/inject  (  404): [+]-----------open test txt file-----------
D/inject  (  404): [+] The New open path /data/data/cn.wps.moffice_eng/files/_localRecord
D/inject  (  404): [+] The New open count 803
D/inject  (  404): [+] The old openfile fd 58
D/inject  (  404): [+]-----------open test txt file-----------
D/inject  (  404): [+] The New open path /data/data/cn.wps.moffice_eng/files/_localRecord
D/inject  (  404): [+] The New open count 804
D/inject  (  404): [+] The old openfile fd 58
D/SntpClient(   61): request time failed: java.net.SocketException: Address family not supported by protocol
I/ActivityManager(   61): Starting: Intent { act=android.intent.action.MAIN cat=[android.intent.category.HOME] flg=0x10200000 cmp=com.android.launcher/com.android.launcher2.Launcher } from pid 61
D/inject  (  404): [+]-----------open test txt file-----------
D/inject  (  404): [+] The New open path /data/data/cn.wps.moffice_eng/shared_prefs/application_appstate.xml
D/inject  (  404): [+] The New open count 805
D/inject  (  404): [+] The old openfile fd 58
D/dalvikvm(  404): GC_EXPLICIT freed 854K, 51% free 5041K/10183K, external 5027K/6263K, paused 88ms
I/ActivityManager(   61): Starting: Intent { act=android.intent.action.MAIN cat=[android.intent.category.LAUNCHER] flg=0x10200000 cmp=in.wptraffcianalyzer.filereadwritedemo/.MainActivity } from pid 128
I/ActivityManager(   61): Start proc in.wptraffcianalyzer.filereadwritedemo for activity in.wptraffcianalyzer.filereadwritedemo/.MainActivity: pid=3016 uid=10042 gids={1015}
I/ActivityManager(   61): Displayed in.wptraffcianalyzer.filereadwritedemo/.MainActivity: +758ms
D/dalvikvm(  117): GC_EXTERNAL_ALLOC freed 76K, 49% free 3193K/6215K, external 2107K/2137K, paused 117ms
D/dalvikvm(  117): GC_EXTERNAL_ALLOC freed 63K, 47% free 3299K/6215K, external 2670K/2680K, paused 49ms
D/dalvikvm(  117): GC_EXTERNAL_ALLOC freed 13K, 47% free 3305K/6215K, external 3364K/3373K, paused 46ms
D/dalvikvm(  117): GC_EXTERNAL_ALLOC freed 15K, 47% free 3333K/6215K, external 4243K/4254K, paused 46ms
D/dalvikvm(  117): GC_EXTERNAL_ALLOC freed 75K, 45% free 3465K/6215K, external 5273K/5338K, paused 46ms
W/KeyCharacterMap(  117): No keyboard for id 0
W/KeyCharacterMap(  117): Using default keymap: /system/usr/keychars/qwerty.kcm.bin
W/KeyCharacterMap( 3016): No keyboard for id 0
W/KeyCharacterMap( 3016): Using default keymap: /system/usr/keychars/qwerty.kcm.bin
D/dalvikvm(  128): GC_EXPLICIT freed 52K, 49% free 3007K/5895K, external 6107K/7574K, paused 245ms
D/dalvikvm(  117): GC_CONCURRENT freed 387K, 46% free 3540K/6535K, external 5831K/7268K, paused 8ms+5ms
W/KeyCharacterMap(  117): No keyboard for id 0
W/KeyCharacterMap(  117): Using default keymap: /system/usr/keychars/qwerty.kcm.bin
D/dalvikvm(   61): GC_FOR_MALLOC freed 1072K, 48% free 4641K/8839K, external 3125K/3903K, paused 60ms
I/dalvikvm-heap(   61): Grow heap (frag case) to 10.186MB for 58546-byte allocation
D/dalvikvm(   61): GC_FOR_MALLOC freed 29K, 48% free 4669K/8903K, external 3125K/3903K, paused 47ms
D/dalvikvm(   61): GC_FOR_MALLOC freed 87K, 49% free 4602K/8903K, external 3125K/3903K, paused 60ms
I/dalvikvm-heap(   61): Grow heap (frag case) to 10.176MB for 87814-byte allocation
D/dalvikvm(   61): GC_FOR_MALLOC freed <1K, 49% free 4688K/9031K, external 3125K/3903K, paused 47ms
D/dalvikvm(   61): GC_FOR_MALLOC freed 73K, 49% free 4631K/9031K, external 3125K/3903K, paused 117ms
I/dalvikvm-heap(   61): Grow heap (frag case) to 10.187MB for 68722-byte allocation
D/dalvikvm(   61): GC_FOR_MALLOC freed <1K, 49% free 4698K/9159K, external 3125K/3903K, paused 55ms
W/IInputConnectionWrapper( 3016): showStatusIcon on inactive InputConnection
I/ActivityManager(   61): Starting: Intent { act=android.intent.action.MAIN cat=[android.intent.category.LAUNCHER] flg=0x10200000 cmp=cn.wps.moffice_eng/cn.wps.moffice.documentmanager.PreStartActivity } from pid 128
D/inject  (  404): [+]-----------open test txt file-----------
D/inject  (  404): [+] The New open path /data/data/cn.wps.moffice_eng/files/AppPersistence
D/inject  (  404): [+] The New open count 806
D/inject  (  404): [+] The old openfile fd 51
D/dalvikvm(  404): GetFieldID: unable to find field Ljava/util/HashMap;.loadFactor:F
I/ActivityManager(   61): Starting: Intent { cmp=cn.wps.moffice_eng/cn.wps.moffice.documentmanager.DocumentManager } from pid 404
W/ActivityManager(   61): Duplicate finish request for HistoryRecord{4059c560 cn.wps.moffice_eng/cn.wps.moffice.documentmanager.PreStartActivity}
D/inject  (  404): [+]-----------open test txt file-----------
D/inject  (  404): [+] The New open path /data/data/cn.wps.moffice_eng/files/AppPersistence
D/inject  (  404): [+] The New open count 807
D/inject  (  404): [+] The old openfile fd 51
D/dalvikvm(  404): GetFieldID: unable to find field Ljava/util/HashMap;.loadFactor:F
D/inject  (  404): [+]-----------open test txt file-----------
D/inject  (  404): [+] The New open path /data/data/cn.wps.moffice_eng/files/AppPersistence
D/inject  (  404): [+] The New open count 808
D/inject  (  404): [+] The old openfile fd 51
D/dalvikvm(  404): GetFieldID: unable to find field Ljava/util/HashMap;.loadFactor:F
D/inject  (  404): [+]-----------open test txt file-----------
D/inject  (  404): [+] The New open path /data/data/cn.wps.moffice_eng/files/AppPersistence
D/inject  (  404): [+] The New open count 809
D/inject  (  404): [+] The old openfile fd 51
D/dalvikvm(  404): GetFieldID: unable to find field Ljava/util/HashMap;.loadFactor:F
D/inject  (  404): [+]-----------open test txt file-----------
D/inject  (  404): [+] The New open path /data/data/cn.wps.moffice_eng/files/AppPersistence
D/inject  (  404): [+] The New open count 810
D/inject  (  404): [+] The old openfile fd 51
D/dalvikvm(  404): GetFieldID: unable to find field Ljava/util/HashMap;.loadFactor:F
D/inject  (  404): [+]-----------open test txt file-----------
D/inject  (  404): [+] The New open path /data/data/cn.wps.moffice_eng/files/AppPersistence
D/inject  (  404): [+] The New open count 811
D/inject  (  404): [+] The old openfile fd 51
D/inject  (  404): [+]-----------open test txt file-----------
D/inject  (  404): [+] The New open path /data/data/cn.wps.moffice_eng/files/AppPersistence
D/inject  (  404): [+] The New open count 812
D/inject  (  404): [+] The old openfile fd 51
D/dalvikvm(  404): GetFieldID: unable to find field Ljava/util/HashMap;.loadFactor:F
D/inject  (  404): [+]-----------open test txt file-----------
D/inject  (  404): [+] The New open path /data/data/cn.wps.moffice_eng/files/AppPersistence
D/inject  (  404): [+] The New open count 813
D/inject  (  404): [+] The old openfile fd 51
D/dalvikvm(  404): GetFieldID: unable to find field Ljava/util/HashMap;.loadFactor:F
D/inject  (  404): [+]-----------open test txt file-----------
D/inject  (  404): [+] The New open path /data/data/cn.wps.moffice_eng/files/AppPersistence
D/inject  (  404): [+] The New open count 814
D/inject  (  404): [+] The old openfile fd 51
D/dalvikvm(  404): GetFieldID: unable to find field Ljava/util/HashMap;.loadFactor:F
D/inject  (  404): [+]-----------open test txt file-----------
D/inject  (  404): [+] The New open path /data/data/cn.wps.moffice_eng/files/AppPersistence
D/inject  (  404): [+] The New open count 815
D/inject  (  404): [+] The old openfile fd 51
D/inject  (  404): [+]-----------open test txt file-----------
D/inject  (  404): [+] The New open path /data/data/cn.wps.moffice_eng/files/.cloud/cloudsetting
D/inject  (  404): [+] The New open count 816
D/inject  (  404): [+] The old openfile fd 51
D/inject  (  404): [+]-----------open test txt file-----------
D/inject  (  404): [+] The New open path /data/data/cn.wps.moffice_eng/files/.cloud/cloudsetting
D/inject  (  404): [+] The New open count 817
D/inject  (  404): [+] The old openfile fd 51
D/inject  (  404): [+]-----------open test txt file-----------
D/inject  (  404): [+] The New open path /data/data/cn.wps.moffice_eng/files/AppPersistence
D/inject  (  404): [+] The New open count 818
D/inject  (  404): [+] The old openfile fd 51
D/dalvikvm(  404): GetFieldID: unable to find field Ljava/util/HashMap;.loadFactor:F
D/inject  (  404): [+]-----------open test txt file-----------
D/inject  (  404): [+] The New open path /data/data/cn.wps.moffice_eng/files/AppPersistence
D/inject  (  404): [+] The New open count 819
D/inject  (  404): [+] The old openfile fd 51
D/inject  (  404): [+]-----------open test txt file-----------
D/inject  (  404): [+] The New open path /data/data/cn.wps.moffice_eng/files/AppPersistence
D/inject  (  404): [+] The New open count 820
D/inject  (  404): [+] The old openfile fd 51
D/dalvikvm(  404): GetFieldID: unable to find field Ljava/util/HashMap;.loadFactor:F
D/inject  (  404): [+]-----------open test txt file-----------
D/inject  (  404): [+] The New open path /data/data/cn.wps.moffice_eng/files/AppPersistence
D/inject  (  404): [+] The New open count 821
D/inject  (  404): [+] The old openfile fd 51
D/inject  (  404): [+]-----------open test txt file-----------
D/inject  (  404): [+] The New open path /data/data/cn.wps.moffice_eng/files/AppPersistence
D/inject  (  404): [+] The New open count 822
D/inject  (  404): [+] The old openfile fd 51
D/dalvikvm(  404): GetFieldID: unable to find field Ljava/util/HashMap;.loadFactor:F
I/ActivityManager(   61): Starting: Intent { cmp=cn.wps.moffice_eng/cn.wps.moffice.startactivity.writer.StartWriterActivity1 (has extras) } from pid 404
I/ActivityManager(   61): Starting: Intent { cmp=cn.wps.moffice_eng/cn.wps.moffice.writer.Writer1 (has extras) } from pid 464
I/dalvikvm(  464): Jit: resizing JitTable from 1024 to 2048
D/dalvikvm(  464): GetFieldID: unable to find field Ljava/util/HashMap;.loadFactor:F
D/dalvikvm(  464): GetFieldID: unable to find field Ljava/util/HashMap;.loadFactor:F
D/water   (  464): packageName: cn.wps.moffice_eng
D/inject  (  404): [+]-----------open test txt file-----------
D/inject  (  404): [+] The New open path /mnt/sdcard/KingsoftOffice/.history/HistoryRecordDataSource
D/inject  (  404): [+] The New open count 823
D/inject  (  404): [+] The old openfile fd 51
D/inject  (  404): [+]-----------open test txt file-----------
D/inject  (  404): [+] The New open path /mnt/sdcard/documents/testcopy.txt
D/inject  (  404): [+] The New open count 824
D/inject  (  404): [+] The old openfile fd 51
D/dalvikvm(  464): GetFieldID: unable to find field Ljava/util/HashMap;.loadFactor:F
D/inject  (  404): [+]-----------open test txt file-----------
D/inject  (  404): [+] The New open path /data/data/cn.wps.moffice_eng/files/.cloud/.connectionPersistence
D/inject  (  404): [+] The New open count 825
D/inject  (  404): [+] The old openfile fd 51
D/dalvikvm(  464): GetFieldID: unable to find field Ljava/util/HashMap;.loadFactor:F
D/dalvikvm(  464): GetFieldID: unable to find field Ljava/util/HashMap;.loadFactor:F
D/dalvikvm(  464): GetFieldID: unable to find field Ljava/util/HashMap;.loadFactor:F
D/dalvikvm(  464): GC_EXTERNAL_ALLOC freed 745K, 42% free 4795K/8263K, external 12175K/13453K, paused 81ms
D/dalvikvm(  464): GetFieldID: unable to find field Ljava/util/HashMap;.loadFactor:F
D/inject  (  404): [+]-----------open test txt file-----------
D/inject  (  404): [+] The New open path /data/data/cn.wps.moffice_eng/files/lable.db
D/inject  (  404): [+] The New open count 826
D/inject  (  404): [+] The old openfile fd 51
D/dalvikvm(  464): GetFieldID: unable to find field Ljava/util/HashMap;.loadFactor:F
D/dalvikvm(  464): GetFieldID: unable to find field Ljava/util/HashMap;.loadFactor:F
D/dalvikvm(  464): GC_EXTERNAL_ALLOC freed 453K, 42% free 4807K/8263K, external 14766K/15503K, paused 165ms
D/inject  (  404): [+]-----------open test txt file-----------
D/inject  (  404): [+] The New open path /data/data/cn.wps.moffice_eng/files/lable.db
D/inject  (  404): [+] The New open count 827
D/inject  (  404): [+] The old openfile fd 51
I/ActivityManager(   61): Displayed cn.wps.moffice_eng/cn.wps.moffice.writer.Writer1: +2s495ms (total +10s544ms)
D/inject  (  404): [+]-----------open test txt file-----------
D/inject  (  404): [+] The New open path /data/data/cn.wps.moffice_eng/files/_localRecord
D/inject  (  404): [+] The New open count 828
D/inject  (  404): [+] The old openfile fd 51
D/inject  (  404): [+]-----------open test txt file-----------
D/inject  (  404): [+] The New open path /data/data/cn.wps.moffice_eng/files/_localRecord
D/inject  (  404): [+] The New open count 829
D/inject  (  404): [+] The old openfile fd 51
D/inject  (  404): [+]-----------open test txt file-----------
D/inject  (  404): [+] The New open path /mnt/sdcard/KingsoftOffice/.history/.nomedia/cf57d42528c896f5dc110829a29eb37e.png
D/inject  (  404): [+] The New open count 830
D/inject  (  404): [+] The old openfile fd 51
D/inject  (  404): [+]-----------open test txt file-----------
D/inject  (  404): [+] The New open path /mnt/sdcard/KingsoftOffice/.history/.nomedia/cf57d42528c896f5dc110829a29eb37e.png
D/inject  (  404): [+] The New open count 831
D/inject  (  404): [+] The old openfile fd 51
D/dalvikvm(  404): GC_EXTERNAL_ALLOC freed 649K, 52% free 4982K/10183K, external 4111K/5134K, paused 226ms
D/inject  (  404): [+]-----------open test txt file-----------
D/inject  (  404): [+] The New open path /mnt/sdcard/KingsoftOffice/.history/.nomedia/10ca354419e828a281119d7494f3c81f.png
D/inject  (  404): [+] The New open count 832
D/inject  (  404): [+] The old openfile fd 51
D/inject  (  404): [+]-----------open test txt file-----------
D/inject  (  404): [+] The New open path /mnt/sdcard/KingsoftOffice/.history/.nomedia/10ca354419e828a281119d7494f3c81f.png
D/inject  (  404): [+] The New open count 833
D/inject  (  404): [+] The old openfile fd 51
D/dalvikvm(  404): GC_EXTERNAL_ALLOC freed 127K, 52% free 4946K/10183K, external 5697K/5697K, paused 133ms
D/inject  (  404): [+]-----------open test txt file-----------
D/inject  (  404): [+] The New open path /mnt/sdcard/KingsoftOffice/.history/.nomedia/1057468cb4bfa3919810008c752e146a.png
D/inject  (  404): [+] The New open count 834
D/inject  (  404): [+] The old openfile fd 51
D/inject  (  404): [+]-----------open test txt file-----------
D/inject  (  404): [+] The New open path /mnt/sdcard/KingsoftOffice/.history/.nomedia/1057468cb4bfa3919810008c752e146a.png
D/inject  (  404): [+] The New open count 835
D/inject  (  404): [+] The old openfile fd 51
D/dalvikvm(  404): GC_EXTERNAL_ALLOC freed 74K, 52% free 4956K/10183K, external 6002K/6002K, paused 71ms
W/KeyCharacterMap(  464): No keyboard for id 0
W/KeyCharacterMap(  464): Using default keymap: /system/usr/keychars/qwerty.kcm.bin
D/dalvikvm(  464): GC_EXTERNAL_ALLOC freed 403K, 42% free 4842K/8263K, external 16338K/17106K, paused 68ms
D/inject  (  404): [+]-----------open test txt file-----------
D/inject  (  404): [+] The New open path /data/data/cn.wps.moffice_eng/files/_localRecord
D/inject  (  404): [+] The New open count 836
D/inject  (  404): [+] The old openfile fd 51
D/inject  (  404): [+]-----------open test txt file-----------
D/inject  (  404): [+] The New open path /data/data/cn.wps.moffice_eng/files/_localRecord
D/inject  (  404): [+] The New open count 837
D/inject  (  404): [+] The old openfile fd 51
D/inject  (  404): [+]-----------open test txt file-----------
D/inject  (  404): [+] The New open path /mnt/sdcard/KingsoftOffice/.history/.nomedia/cf57d42528c896f5dc110829a29eb37e.png
D/inject  (  404): [+] The New open count 838
D/inject  (  404): [+] The old openfile fd 51
D/inject  (  404): [+]-----------open test txt file-----------
D/inject  (  404): [+] The New open path /mnt/sdcard/KingsoftOffice/.history/.nomedia/cf57d42528c896f5dc110829a29eb37e.png
D/inject  (  404): [+] The New open count 839
D/inject  (  404): [+] The old openfile fd 51
D/dalvikvm(  404): GC_EXTERNAL_ALLOC freed 189K, 51% free 5006K/10183K, external 4416K/5515K, paused 217ms
I/ActivityManager(   61): Starting: Intent { cmp=cn.wps.moffice_eng/cn.wps.moffice.documentmanager.DocumentManager } from pid 464
D/inject  (  404): [+]-----------open test txt file-----------
D/inject  (  404): [+] The New open path /data/data/cn.wps.moffice_eng/files/lable.db
D/inject  (  404): [+] The New open count 840
D/inject  (  404): [+] The old openfile fd 51
D/inject  (  404): [+]-----------open test txt file-----------
D/inject  (  404): [+] The New open path /mnt/sdcard/KingsoftOffice/.history/.nomedia/10ca354419e828a281119d7494f3c81f.png
D/inject  (  404): [+] The New open count 841
D/inject  (  404): [+] The old openfile fd 51
D/inject  (  404): [+]-----------open test txt file-----------
D/inject  (  404): [+] The New open path /mnt/sdcard/KingsoftOffice/.history/.nomedia/10ca354419e828a281119d7494f3c81f.png
D/inject  (  404): [+] The New open count 842
D/inject  (  404): [+] The old openfile fd 51
D/dalvikvm(  404): GC_EXTERNAL_ALLOC freed 142K, 52% free 4977K/10183K, external 5697K/5697K, paused 74ms
D/inject  (  404): [+]-----------open test txt file-----------
D/inject  (  404): [+] The New open path /mnt/sdcard/KingsoftOffice/.history/.nomedia/1057468cb4bfa3919810008c752e146a.png
D/inject  (  404): [+] The New open count 843
D/inject  (  404): [+] The old openfile fd 51
D/inject  (  404): [+]-----------open test txt file-----------
D/inject  (  404): [+] The New open path /mnt/sdcard/KingsoftOffice/.history/.nomedia/1057468cb4bfa3919810008c752e146a.png
D/inject  (  404): [+] The New open count 844
D/inject  (  404): [+] The old openfile fd 51
D/dalvikvm(  404): GC_EXTERNAL_ALLOC freed 74K, 52% free 4989K/10183K, external 6002K/6002K, paused 71ms
D/inject  (  404): [+]-----------open test txt file-----------
D/inject  (  404): [+] The New open path /data/data/cn.wps.moffice_eng/files/AppPersistence
D/inject  (  404): [+] The New open count 845
D/inject  (  404): [+] The old openfile fd 51
D/dalvikvm(  404): GetFieldID: unable to find field Ljava/util/HashMap;.loadFactor:F
D/inject  (  404): [+]-----------open test txt file-----------
D/inject  (  404): [+] The New open path /data/data/cn.wps.moffice_eng/files/AppPersistence
D/inject  (  404): [+] The New open count 846
D/inject  (  404): [+] The old openfile fd 51
D/dalvikvm(  404): GetFieldID: unable to find field Ljava/util/HashMap;.loadFactor:F
D/inject  (  404): [+]-----------open test txt file-----------
D/inject  (  404): [+] The New open path /data/data/cn.wps.moffice_eng/files/AppPersistence
D/inject  (  404): [+] The New open count 847
D/inject  (  404): [+] The old openfile fd 51
D/dalvikvm(  404): GetFieldID: unable to find field Ljava/util/HashMap;.loadFactor:F
D/inject  (  404): [+]-----------open test txt file-----------
D/inject  (  404): [+] The New open path /data/data/cn.wps.moffice_eng/files/AppPersistence
D/inject  (  404): [+] The New open count 848
D/inject  (  404): [+] The old openfile fd 51
D/dalvikvm(  404): GetFieldID: unable to find field Ljava/util/HashMap;.loadFactor:F
D/inject  (  404): [+]-----------open test txt file-----------
D/inject  (  404): [+] The New open path /data/data/cn.wps.moffice_eng/files/AppPersistence
D/inject  (  404): [+] The New open count 849
D/inject  (  404): [+] The old openfile fd 51
D/inject  (  404): [+]-----------open test txt file-----------
D/inject  (  404): [+] The New open path /data/data/cn.wps.moffice_eng/files/AppPersistence
D/inject  (  404): [+] The New open count 850
D/inject  (  404): [+] The old openfile fd 51
D/dalvikvm(  404): GetFieldID: unable to find field Ljava/util/HashMap;.loadFactor:F
D/inject  (  404): [+]-----------open test txt file-----------
D/inject  (  404): [+] The New open path /data/data/cn.wps.moffice_eng/files/AppPersistence
D/inject  (  404): [+] The New open count 851
D/inject  (  404): [+] The old openfile fd 51
D/dalvikvm(  404): GetFieldID: unable to find field Ljava/util/HashMap;.loadFactor:F
D/inject  (  404): [+]-----------open test txt file-----------
D/inject  (  404): [+] The New open path /data/data/cn.wps.moffice_eng/files/AppPersistence
D/inject  (  404): [+] The New open count 852
D/inject  (  404): [+] The old openfile fd 51
D/dalvikvm(  404): GetFieldID: unable to find field Ljava/util/HashMap;.loadFactor:F
D/inject  (  404): [+]-----------open test txt file-----------
D/inject  (  404): [+] The New open path /data/data/cn.wps.moffice_eng/files/AppPersistence
D/inject  (  404): [+] The New open count 853
D/inject  (  404): [+] The old openfile fd 51
D/inject  (  404): [+]-----------open test txt file-----------
D/inject  (  404): [+] The New open path /data/data/cn.wps.moffice_eng/files/_localRecord
D/inject  (  404): [+] The New open count 854
D/inject  (  404): [+] The old openfile fd 51
D/inject  (  404): [+]-----------open test txt file-----------
D/inject  (  404): [+] The New open path /data/data/cn.wps.moffice_eng/files/_localRecord
D/inject  (  404): [+] The New open count 855
D/inject  (  404): [+] The old openfile fd 51
D/inject  (  404): [+]-----------open test txt file-----------
D/inject  (  404): [+] The New open path /data/data/cn.wps.moffice_eng/files/AppPersistence
D/inject  (  404): [+] The New open count 856
D/inject  (  404): [+] The old openfile fd 51
D/dalvikvm(  404): GetFieldID: unable to find field Ljava/util/HashMap;.loadFactor:F
D/inject  (  404): [+]-----------open test txt file-----------
D/inject  (  404): [+] The New open path /data/data/cn.wps.moffice_eng/files/AppPersistence
D/inject  (  404): [+] The New open count 857
D/inject  (  404): [+] The old openfile fd 51
D/dalvikvm(  404): GetFieldID: unable to find field Ljava/util/HashMap;.loadFactor:F
D/inject  (  404): [+]-----------open test txt file-----------
D/inject  (  404): [+] The New open path /data/data/cn.wps.moffice_eng/files/AppPersistence
D/inject  (  404): [+] The New open count 858
D/inject  (  404): [+] The old openfile fd 51
D/inject  (  404): [+]-----------open test txt file-----------
D/inject  (  404): [+] The New open path /mnt/sdcard/KingsoftOffice/.history/.nomedia/cf57d42528c896f5dc110829a29eb37e.png
D/inject  (  404): [+] The New open count 859
D/inject  (  404): [+] The old openfile fd 51
D/inject  (  404): [+]-----------open test txt file-----------
D/inject  (  404): [+] The New open path /mnt/sdcard/KingsoftOffice/.history/.nomedia/cf57d42528c896f5dc110829a29eb37e.png
D/inject  (  404): [+] The New open count 860
D/inject  (  404): [+] The old openfile fd 51
D/dalvikvm(  404): GC_EXTERNAL_ALLOC freed 296K, 51% free 5040K/10183K, external 4416K/5515K, paused 95ms
D/inject  (  404): [+]-----------open test txt file-----------
D/inject  (  404): [+] The New open path /mnt/sdcard/KingsoftOffice/.history/.nomedia/10ca354419e828a281119d7494f3c81f.png
D/inject  (  404): [+] The New open count 861
D/inject  (  404): [+] The old openfile fd 51
D/inject  (  404): [+]-----------open test txt file-----------
D/inject  (  404): [+] The New open path /mnt/sdcard/KingsoftOffice/.history/.nomedia/10ca354419e828a281119d7494f3c81f.png
D/inject  (  404): [+] The New open count 862
D/inject  (  404): [+] The old openfile fd 51
D/dalvikvm(  404): GC_EXTERNAL_ALLOC freed 118K, 51% free 5010K/10183K, external 5697K/5697K, paused 73ms
D/inject  (  404): [+]-----------open test txt file-----------
D/inject  (  404): [+] The New open path /mnt/sdcard/KingsoftOffice/.history/.nomedia/1057468cb4bfa3919810008c752e146a.png
D/inject  (  404): [+] The New open count 863
D/inject  (  404): [+] The old openfile fd 51
D/inject  (  404): [+]-----------open test txt file-----------
D/inject  (  404): [+] The New open path /mnt/sdcard/KingsoftOffice/.history/.nomedia/1057468cb4bfa3919810008c752e146a.png
D/inject  (  404): [+] The New open count 864
D/inject  (  404): [+] The old openfile fd 51
D/dalvikvm(  404): GC_EXTERNAL_ALLOC freed 74K, 51% free 5020K/10183K, external 6002K/6002K, paused 73ms
D/inject  (  404): [+]-----------open test txt file-----------
D/inject  (  404): [+] The New open path /data/data/cn.wps.moffice_eng/files/.cloud/cloudsetting
D/inject  (  404): [+] The New open count 865
D/inject  (  404): [+] The old openfile fd 51
D/inject  (  404): [+]-----------open test txt file-----------
D/inject  (  404): [+] The New open path /data/data/cn.wps.moffice_eng/files/.cloud/cloudsetting
D/inject  (  404): [+] The New open count 866
D/inject  (  404): [+] The old openfile fd 51
I/System.out(  404): flushRecord:4bfc5a7a-b603-40bd-b50c-b68375aee7aa
D/inject  (  404): [+]-----------open test txt file-----------
D/inject  (  404): [+] The New open path /mnt/sdcard/Android/data/cn.wps.moffice_eng/cache/KingsoftOffice/file/.timeBox/HistoryRecord/records/4bfc5a7a-b603-40bd-b50c-b68375aee7aa
D/inject  (  404): [+] The New open count 867
D/inject  (  404): [+] The old openfile fd 51
W/InputManagerService(   61): Starting input on non-focused client com.android.internal.view.IInputMethodClient$Stub$Proxy@40773700 (uid=10037 pid=464)
W/IInputConnectionWrapper(  464): showStatusIcon on inactive InputConnection
D/inject  (  404): [+]-----------open test txt file-----------
D/inject  (  404): [+] The New open path /mnt/sdcard/Android/data/cn.wps.moffice_eng/cache/KingsoftOffice/file/.timeBox/HistoryRecord/persistence/records_upload_list
D/inject  (  404): [+] The New open count 868
D/inject  (  404): [+] The old openfile fd 51
D/inject  (  404): [+]-----------open test txt file-----------
D/inject  (  404): [+] The New open path /mnt/sdcard/Android/data/cn.wps.moffice_eng/cache/KingsoftOffice/file/.timeBox/HistoryRecord/persistence/records_upload_list
D/inject  (  404): [+] The New open count 869
D/inject  (  404): [+] The old openfile fd 51
D/inject  (  404): [+]-----------open test txt file-----------
D/inject  (  404): [+] The New open path /data/data/cn.wps.moffice_eng/files/.cloud/cloudsetting
D/inject  (  404): [+] The New open count 870
D/inject  (  404): [+] The old openfile fd 51
D/inject  (  404): [+]-----------open test txt file-----------
D/inject  (  404): [+] The New open path /data/data/cn.wps.moffice_eng/files/.cloud/cloudsetting
D/inject  (  404): [+] The New open count 871
D/inject  (  404): [+] The old openfile fd 51
D/inject  (  404): [+]-----------open test txt file-----------
D/inject  (  404): [+] The New open path /mnt/sdcard/KingsoftOffice/.history/.nomedia/0f30b1213c967b8722cfb62a03b8ff61.png
D/inject  (  404): [+] The New open count 872
D/inject  (  404): [+] The old openfile fd 51
D/inject  (  404): [+]-----------open test txt file-----------
D/inject  (  404): [+] The New open path /mnt/sdcard/KingsoftOffice/.history/.nomedia/0f30b1213c967b8722cfb62a03b8ff61.png
D/inject  (  404): [+] The New open count 873
D/inject  (  404): [+] The old openfile fd 51
D/dalvikvm(  404): GC_EXTERNAL_ALLOC freed 338K, 51% free 5021K/10183K, external 6307K/6307K, paused 85ms
D/dalvikvm(  464): GC_EXPLICIT freed 293K, 44% free 4681K/8263K, external 14938K/16986K, paused 477ms
D/inject  (  404): [+]-----------open test txt file-----------
D/inject  (  404): [+] The New open path /mnt/sdcard/KingsoftOffice/.history/.nomedia/2cf17f35fc9362e4f5a745323b2f8903.png
D/inject  (  404): [+] The New open count 874
D/inject  (  404): [+] The old openfile fd 51
D/inject  (  404): [+]-----------open test txt file-----------
D/inject  (  404): [+] The New open path /mnt/sdcard/KingsoftOffice/.history/.nomedia/2cf17f35fc9362e4f5a745323b2f8903.png
D/inject  (  404): [+] The New open count 875
D/inject  (  404): [+] The old openfile fd 51
D/dalvikvm(  404): GC_EXTERNAL_ALLOC freed 217K, 51% free 5036K/10183K, external 6492K/6659K, paused 121ms
D/inject  (  404): [+]-----------open test txt file-----------
D/inject  (  404): [+] The New open path /mnt/sdcard/KingsoftOffice/.history/.nomedia/c45b3b93dbfb9bc822020040c83d2145.png
D/inject  (  404): [+] The New open count 876
D/inject  (  404): [+] The old openfile fd 51
D/inject  (  404): [+]-----------open test txt file-----------
D/inject  (  404): [+] The New open path /mnt/sdcard/KingsoftOffice/.history/.nomedia/c45b3b93dbfb9bc822020040c83d2145.png
D/inject  (  404): [+] The New open count 877
D/inject  (  404): [+] The old openfile fd 51
D/dalvikvm(  404): GC_EXTERNAL_ALLOC freed 107K, 51% free 5046K/10183K, external 7524K/7797K, paused 83ms
D/inject  (  404): [+]-----------open test txt file-----------
D/inject  (  404): [+] The New open path /mnt/sdcard/KingsoftOffice/.history/.nomedia/ab189525c7e6b00c55c498d80f7d9fbf.png
D/inject  (  404): [+] The New open count 878
D/inject  (  404): [+] The old openfile fd 51
D/inject  (  404): [+]-----------open test txt file-----------
D/inject  (  404): [+] The New open path /mnt/sdcard/KingsoftOffice/.history/.nomedia/ab189525c7e6b00c55c498d80f7d9fbf.png
D/inject  (  404): [+] The New open count 879
D/inject  (  404): [+] The old openfile fd 51
D/inject  (  404): [+]-----------open test txt file-----------
D/inject  (  404): [+] The New open path /mnt/sdcard/KingsoftOffice/.history/.nomedia/255b33a7e966eec4c33af01fa9395c5f.png
D/inject  (  404): [+] The New open count 880
D/inject  (  404): [+] The old openfile fd 51
D/inject  (  404): [+]-----------open test txt file-----------
D/inject  (  404): [+] The New open path /mnt/sdcard/KingsoftOffice/.history/.nomedia/255b33a7e966eec4c33af01fa9395c5f.png
D/inject  (  404): [+] The New open count 881
D/inject  (  404): [+] The old openfile fd 51
D/dalvikvm(  404): GC_EXTERNAL_ALLOC freed 327K, 51% free 5068K/10183K, external 8134K/8178K, paused 74ms
D/inject  (  404): [+]-----------open test txt file-----------
D/inject  (  404): [+] The New open path /data/data/cn.wps.moffice_eng/files/AppPersistence
D/inject  (  404): [+] The New open count 882
D/inject  (  404): [+] The old openfile fd 51
