D/dalvikvm(  186): GC_CONCURRENT freed 270K, 51% free 2853K/5767K, external 1625K/2137K, paused 4ms+3ms
D/dalvikvm(  246): GC_CONCURRENT freed 765K, 50% free 3514K/6919K, external 1753K/2137K, paused 4ms+3ms
I/ActivityManager(   61): Start proc com.mx.browser for broadcast com.mx.browser/.cloud.CloudReceiver: pid=294 uid=10036 gids={3003, 1015}
I/ActivityThread(  294): Pub com.mx.browser.downloadprovider: com.mx.browser.download.DownloadProvider
I/ActivityThread(  294): Pub com.mx.browser.browserprovider: com.mx.browser.BrowserProvider
D/OtaStartupReceiver(  124): Not a CDMA phone, no need to process OTA
I/RecoverySystem(   61): No recovery log file
I/ActivityManager(   61): Start proc com.android.mms for broadcast com.android.mms/.transaction.MmsSystemEventReceiver: pid=307 uid=10015 gids={3003, 1015}
I/ActivityThread(  307): Pub com.android.mms.SuggestionsProvider: com.android.mms.SuggestionsProvider
W/Mms/cache(  307): RecipientId 1 not in cache!
I/dalvikvm(   61): Jit: resizing JitTable from 512 to 1024
I/ActivityManager(   61): Start proc com.android.email for broadcast com.android.email/.service.EmailBroadcastReceiver: pid=328 uid=10028 gids={3003, 1015}
I/ActivityThread(  328): Pub com.android.email.provider: com.android.email.provider.EmailProvider
I/ActivityThread(  328): Pub com.android.email.attachmentprovider: com.android.email.provider.AttachmentProvider
I/ActivityThread(  328): Pub com.android.exchange.provider: com.android.exchange.provider.ExchangeProvider
D/EAS SyncManager(  328): !!! EAS SyncManager, onCreate
D/MediaScannerService(  237): start scanning volume internal
D/Eas Debug(  328): Logging: 
D/EAS SyncManager(  328): !!! EAS SyncManager, onDestroy
D/Email   (  328): BOOT_COMPLETED
D/EAS SyncManager(  328): !!! EAS SyncManager, onCreate
D/EAS SyncManager(  328): !!! EAS SyncManager, onStartCommand
D/EAS SyncManager(  328): !!! EAS SyncManager, stopping self
D/EAS SyncManager(  328): !!! EAS SyncManager, onDestroy
D/dalvikvm(  124): GREF has increased to 201
D/dalvikvm(  246): Trying to load lib /data/data/com.wandoujia.phoenix2/lib/libcipher.so 0x405153c0
D/dalvikvm(  246): Added shared lib /data/data/com.wandoujia.phoenix2/lib/libcipher.so 0x405153c0
D/dalvikvm(  246): No JNI_OnLoad found in /data/data/com.wandoujia.phoenix2/lib/libcipher.so 0x405153c0, skipping init
I/Launcher.Model(  131): not binding apps: no Launcher activity
D/dalvikvm(  131): GC_EXPLICIT freed 167K, 50% free 2977K/5895K, external 5089K/5599K, paused 48ms
I/dalvikvm(  246): Total arena pages for JIT: 11
I/dalvikvm(  246): Total arena pages for JIT: 12
D/MediaScanner(  237):  prescan time: 887ms
D/MediaScanner(  237):     scan time: 19ms
D/MediaScanner(  237): postscan time: 0ms
D/MediaScanner(  237):    total time: 906ms
D/MediaScannerService(  237): done scanning volume internal
D/MediaScannerService(  237): start scanning volume external
V/MediaProvider(  237): /mnt/sdcard volume ID: 218050065
V/MediaProvider(  237): Attached volume: external
V/MediaScanner(  237): pruneDeadThumbnailFiles... android.database.sqlite.SQLiteCursor@405bf1b0
V/MediaScanner(  237): /pruneDeadThumbnailFiles... android.database.sqlite.SQLiteCursor@405bf1b0
D/MediaScanner(  237):  prescan time: 48ms
D/MediaScanner(  237):     scan time: 16ms
D/MediaScanner(  237): postscan time: 8ms
D/MediaScanner(  237):    total time: 72ms
D/MediaScannerService(  237): done scanning volume external
D/dalvikvm(  246): GC_CONCURRENT freed 785K, 50% free 3534K/6983K, external 1753K/2137K, paused 4ms+9ms
D/dalvikvm(  246): GC_CONCURRENT freed 522K, 46% free 3859K/7047K, external 1753K/2137K, paused 8ms+4ms
D/dalvikvm(  131): GC_EXPLICIT freed 243K, 50% free 2970K/5895K, external 4968K/5599K, paused 52ms
I/dalvikvm(  246): Could not find method android.app.ActivityManager.getLauncherLargeIconSize, referenced from method com.wandoujia.phoenix2.utils.ShortcutUtil.a
W/dalvikvm(  246): VFY: unable to resolve virtual method 60: Landroid/app/ActivityManager;.getLauncherLargeIconSize ()I
D/dalvikvm(  246): VFY: replacing opcode 0x6e at 0x0013
D/dalvikvm(  246): VFY: dead code 0x0016-0040 in Lcom/wandoujia/phoenix2/utils/ShortcutUtil;.a (Landroid/graphics/Bitmap;Landroid/content/Context;)Landroid/graphics/Bitmap;
W/ActivityManager(   61): finishReceiver called but no pending broadcasts
I/InputReader(   61): Device reconfigured: id=0x0, name=qwerty2, display size is now 480x800
I/InputManager-Callbacks(   61): No virtual keys found for device qwerty2.
I/ARMAssembler(   61): generated scanline__00000177:03515104_00001001_00000000 [ 91 ipp] (114 ins) at [0x44d81520:0x44d816e8] in 665300 ns
I/ActivityManager(   61): Displayed com.android.launcher/com.android.launcher2.Launcher: +50s122ms
D/dalvikvm(  131): GC_EXTERNAL_ALLOC freed 43K, 50% free 2982K/5895K, external 4885K/5599K, paused 41ms
I/ActivityManager(   61): Starting: Intent { act=android.intent.action.MAIN cat=[android.intent.category.LAUNCHER] flg=0x10200000 cmp=cn.wps.moffice_eng/cn.wps.moffice.documentmanager.PreStartActivity } from pid 131
I/ActivityManager(   61): Start proc cn.wps.moffice_eng for activity cn.wps.moffice_eng/cn.wps.moffice.documentmanager.PreStartActivity: pid=348 uid=10037 gids={3003, 1015}
D/dalvikvm(  348): GetFieldID: unable to find field Ljava/util/HashMap;.loadFactor:F
D/dalvikvm(  348): GetFieldID: unable to find field Ljava/util/HashMap;.loadFactor:F
D/dalvikvm(  348): GetFieldID: unable to find field Ljava/util/HashMap;.loadFactor:F
D/dalvikvm(   61): GREF has increased to 401
I/dalvikvm(  348): Could not find method cn.wps.moffice.documentmanager.PreStartActivity.getActionBar, referenced from method cn.wps.moffice.documentmanager.PreStartActivity.setDisplayShowCustomEnabled
W/dalvikvm(  348): VFY: unable to resolve virtual method 11013: Lcn/wps/moffice/documentmanager/PreStartActivity;.getActionBar ()Landroid/app/ActionBar;
D/dalvikvm(  348): VFY: replacing opcode 0x6e at 0x0006
D/dalvikvm(  348): VFY: dead code 0x0009-000e in Lcn/wps/moffice/documentmanager/PreStartActivity;.setDisplayShowCustomEnabled (Z)V
D/dalvikvm(  348): GetFieldID: unable to find field Ljava/util/HashMap;.loadFactor:F
I/ActivityManager(   61): Starting: Intent { cmp=cn.wps.moffice_eng/cn.wps.moffice.documentmanager.DocumentManager } from pid 348
D/dalvikvm(  348): GetFieldID: unable to find field Ljava/util/HashMap;.loadFactor:F
D/dalvikvm(  348): GC_EXTERNAL_ALLOC freed 637K, 50% free 3331K/6599K, external 2129K/2137K, paused 53ms
D/dalvikvm(  348): GC_EXTERNAL_ALLOC freed 46K, 49% free 3382K/6599K, external 2611K/2673K, paused 45ms
D/dalvikvm(  348): GetFieldID: unable to find field Ljava/util/HashMap;.loadFactor:F
D/dalvikvm(  348): GetFieldID: unable to find field Ljava/util/HashMap;.loadFactor:F
I/dalvikvm(  348): Failed resolving Lcn/wps/moffice/common/beans/k$1; interface 540 'Landroid/nfc/NfcAdapter$OnNdefPushCompleteCallback;'
W/dalvikvm(  348): Link of class 'Lcn/wps/moffice/common/beans/k$1;' failed
E/dalvikvm(  348): Could not find class 'cn.wps.moffice.common.beans.k$1', referenced from method cn.wps.moffice.common.beans.k.<init>
W/dalvikvm(  348): VFY: unable to resolve new-instance 1597 (Lcn/wps/moffice/common/beans/k$1;) in Lcn/wps/moffice/common/beans/k;
D/dalvikvm(  348): VFY: replacing opcode 0x22 at 0x0039
I/dalvikvm(  348): Failed resolving Lcn/wps/moffice/common/beans/k$3; interface 538 'Landroid/nfc/NfcAdapter$CreateBeamUrisCallback;'
W/dalvikvm(  348): Link of class 'Lcn/wps/moffice/common/beans/k$3;' failed
E/dalvikvm(  348): Could not find class 'cn.wps.moffice.common.beans.k$3', referenced from method cn.wps.moffice.common.beans.k.<init>
W/dalvikvm(  348): VFY: unable to resolve new-instance 1599 (Lcn/wps/moffice/common/beans/k$3;) in Lcn/wps/moffice/common/beans/k;
D/dalvikvm(  348): VFY: replacing opcode 0x22 at 0x0070
D/dalvikvm(  348): VFY: dead code 0x003b-005c in Lcn/wps/moffice/common/beans/k;.<init> (Landroid/app/Activity;)V
D/dalvikvm(  348): VFY: dead code 0x0072-0079 in Lcn/wps/moffice/common/beans/k;.<init> (Landroid/app/Activity;)V
D/water   (  348): packageName: cn.wps.moffice_eng
D/dalvikvm(  348): GetFieldID: unable to find field Ljava/util/HashMap;.loadFactor:F
D/dalvikvm(  348): GetFieldID: unable to find field Ljava/util/HashMap;.loadFactor:F
D/dalvikvm(  348): GetFieldID: unable to find field Ljava/util/HashMap;.loadFactor:F
D/dalvikvm(  348): GetFieldID: unable to find field Ljava/util/HashMap;.loadFactor:F
D/dalvikvm(  348): GetFieldID: unable to find field Ljava/util/HashMap;.loadFactor:F
D/dalvikvm(  348): GetFieldID: unable to find field Ljava/util/HashMap;.loadFactor:F
D/dalvikvm(  348): GC_CONCURRENT freed 531K, 47% free 3590K/6727K, external 3121K/3694K, paused 8ms+4ms
D/dalvikvm(  348): GetFieldID: unable to find field Ljava/util/HashMap;.loadFactor:F
D/dalvikvm(  348): GetFieldID: unable to find field Ljava/util/HashMap;.loadFactor:F
D/dalvikvm(  348): GetFieldID: unable to find field Ljava/util/HashMap;.loadFactor:F
D/dalvikvm(  348): GetFieldID: unable to find field Ljava/util/HashMap;.loadFactor:F
D/dalvikvm(  348): GC_EXTERNAL_ALLOC freed 307K, 48% free 3573K/6791K, external 3121K/3694K, paused 52ms
D/dalvikvm(  348): GC_EXTERNAL_ALLOC freed 150K, 48% free 3593K/6855K, external 3545K/4295K, paused 49ms
W/ResourceType(   61): Skipping entry 0x7f040000 in package table 0 because it is not complex!
W/ResourceType(   61): Skipping entry 0x7f040017 in package table 0 because it is not complex!
I/ARMAssembler(   61): generated scanline__00000177:03515104_00001002_00000000 [ 87 ipp] (110 ins) at [0x44d816f0:0x44d818a8] in 408417 ns
I/ActivityManager(   61): Displayed cn.wps.moffice_eng/cn.wps.moffice.documentmanager.DocumentManager: +3s41ms (total +4s35ms)
D/dalvikvm(  348): GC_EXTERNAL_ALLOC freed 347K, 46% free 3721K/6855K, external 4952K/5096K, paused 52ms
D/inject  (  374): [+] The pid of cn.wps.moffice_eng: 348
D/inject  (  374): [+] Injecting process: 348
D/inject  (  374): [+] get_remote_addr: local[afd00000], remote[afd00000]
D/inject  (  374): [+] Remote mmap address: afd170cd
D/inject  (  374): [+] Calling mmap in target process.
D/inject  (  374): [+] Target process returned from mmap, return value=4555b000, pc=0 
D/inject  (  374): [+] get_remote_addr: local[b0001000], remote[b0001000]
D/inject  (  374): [+] get_remote_addr: local[b0001000], remote[b0001000]
D/inject  (  374): [+] get_remote_addr: local[b0001000], remote[b0001000]
D/inject  (  374): [+] Get imports: dlopen: b00059bd, dlsym: b0005915, dlclose: b0005849
D/inject  (  374): [+] Inject code start: c008, end: c084
D/inject  (  374): [+] _dlopen_param1_s: 4555ec9c
D/inject  (  374): [+] _dlsym_param2_s: 4555ed9c
D/inject  (  374): [+] _saved_r0_pc_s: 4555ee9c
D/inject  (  374): [+] _inject_function_param_s: 4555ef9c
D/inject  (  374): [+] Remote shellcode address: 4555ec00
D/inject  (  374): [+] Process Detach: 10
D/inject  (  348): hello ARM! I'm parameter1324! pid:348
D/inject  (  348): The Handle of libhook_open: b000d2b0
D/inject  (  348): find it pre 0
D/inject  (  348): find it 8060109c
D/inject  (  348): [+] aaaaaaa do_hook function is invoked 
D/inject  (  348): [+] open addr: 0xafd17111. New addr 0x80600f60
D/inject  (  348): [+] just for test info 
D/inject  (  348): [+] set ok 
D/inject  (  348): [+] Get the persist.sys.test  bbbbbbbb
D/inject  (  348): [+] just for test print old_open address 0xafd17111
D/inject  (  348): [+] just for test print new_open address 0x80600f60
D/inject  (  348): [+] Get old address global  afd17111
D/inject  (  348): [+] Get new address global  80600f60
D/inject  (  348): [+] binder path ad100000
D/inject  (  348): [+] old open address 0000 afd17111
D/inject  (  348): [+] old open address 11111 afd17111
D/inject  (  348): [+] Section header table file offset 2e23c
D/inject  (  348): [+] Section header table entry count 15
D/inject  (  348): [+] Section header table entry size 28
D/inject  (  348): [+] Section header string table index 14
D/inject  (  348): [+] Object file type 3
D/inject  (  348): [+] Object file version 1
D/inject  (  348): [+] Out_addr in GOT table before 0
D/inject  (  348): [+] Out_size of func in GOT table before 0
D/inject  (  348): [+] Out_addr in GOT table ad12c138
D/inject  (  348): [+] Out_size of func in GOT table 8c4
D/inject  (  348): [+] Out_addr in GOT table ad12c138
D/inject  (  348): [+] Out_size of func in GOT table 8c4
D/inject  (  348): [+] Out_addr in GOT afd4d5c8
D/inject  (  348): [+] word ffffffff
D/inject  (  348): [+] wordelf ffffffff
D/inject  (  348): [+] Out_addr in GOT 464c457f
D/inject  (  348): [+] target pid 15c
D/inject  (  348): [+] Find got_item ff 
D/inject  (  348): [+] old open address 2222 afffffff
D/inject  (  348): [+] Find got item afd4d5c8 
D/inject  (  348): [+] Find got item ad12e2a4 
D/inject  (  348): [+] Find got item ad12e28c 
D/inject  (  348): [+] Find got item ad12e268 
D/inject  (  348): [+] Find got item ad12e258 
D/inject  (  348): [+] Find got item afd4631c 
D/inject  (  348): [+] Find got item ad12e298 
D/inject  (  348): [+] Find got item ad12e250 
D/inject  (  348): [+] Find got item ad12e280 
D/inject  (  348): [+] Find got item ad12e294 
D/inject  (  348): [+] Find got item ad12e260 
D/inject  (  348): [+] Find got item ad12e278 
D/inject  (  348): [+] Find got item afd415c0 
D/inject  (  348): [+] Find got item ad12e2a8 
D/inject  (  348): [+] Find got item ad12e274 
D/inject  (  348): [+] Find got item ad12e27c 
D/inject  (  348): [+] Find got item ad12e248 
D/inject  (  348): [+] Find got item ad12e2a0 
D/inject  (  348): [+] Find got item ad12e25c 
D/inject  (  348): [+] Find got item ad12e270 
D/inject  (  348): [+] Find got item ad12e288 
D/inject  (  348): [+] Find got item ad12e264 
D/inject  (  348): [+] Find got item ad12e284 
D/inject  (  348): [+] Find got item ad9bc7f1 
D/inject  (  348): [+] Find got item ad9bc7f9 
D/inject  (  348): [+] Find got item ade45f55 
D/inject  (  348): [+] Find got item ade45f69 
D/inject  (  348): [+] Find got item ad9bb339 
D/inject  (  348): [+] Find got item ad9bb341 
D/inject  (  348): [+] Find got item ad9b481d 
D/inject  (  348): [+] Find got item ad9b4831 
D/inject  (  348): [+] Find got item ad9a5561 
D/inject  (  348): [+] Find got item ad9a5569 
D/inject  (  348): [+] Find got item ade31305 
D/inject  (  348): [+] Find got item ade3130d 
D/inject  (  348): [+] Find got item ad12e240 
D/inject  (  348): [+] Find got item ad12e244 
D/inject  (  348): [+] Find got item ad12e24c 
D/inject  (  348): [+] Find got item ad12e254 
D/inject  (  348): [+] Find got item ad12e26c 
D/inject  (  348): [+] Find got item ad12e290 
D/inject  (  348): [+] Find got item ad12e29c 
D/inject  (  348): [+] Find got item ade5f751 
D/inject  (  348): [+] Find got item ade5f749 
D/inject  (  348): [+] Find got item ade5f74d 
D/inject  (  348): [+] Find got item adec6b68 
D/inject  (  348): [+] Find got item ad12ca00 
D/inject  (  348): [+] Find got item afd42610 
D/inject  (  348): [+] Find got item 0 
D/inject  (  348): [+] Find got item 0 
D/inject  (  348): [+] Find got item 0 
D/inject  (  348): [+] Find got item afd2092d 
D/inject  (  348): [+] Find got item afd19c3d 
D/inject  (  348): [+] Find got item afd20a45 
D/inject  (  348): [+] Find got item af9038e5 
D/inject  (  348): [+] Find got item afd28321 
D/inject  (  348): [+] Find got item af9037b1 
D/inject  (  348): [+] Find got item afd1c87d 
D/inject  (  348): [+] Find got item ade3a295 
D/inject  (  348): [+] Find got item ade394bd 
D/inject  (  348): [+] Find got item ade39c31 
D/inject  (  348): [+] Find got item ad9a4ef5 
D/inject  (  348): [+] Find got item ad96a6b1 
D/inject  (  348): [+] Find got item ade39141 
D/inject  (  348): [+] Find got item ad99e381 
D/inject  (  348): [+] Find got item ad96a3f1 
D/inject  (  348): [+] Find got item ad99d059 
D/inject  (  348): [+] Find got item ade256f1 
D/inject  (  348): [+] Find got item ad9a3e51 
D/inject  (  348): [+] Find got item ad9a3839 
D/inject  (  348): [+] Find got item afd25c95 
D/inject  (  348): [+] Find got item afd11fbd 
D/inject  (  348): [+] Find got item afd17049 
D/inject  (  348): [+] Find got item afd0bba0 
D/inject  (  348): [+] Find got item afd0bad0 
D/inject  (  348): [+] Find got item afd0e3e0 
D/inject  (  348): [+] Find got item afd0e3f4 
D/inject  (  348): [+] Find got item afd29855 
D/inject  (  348): [+] Find got item afd0bc40 
D/inject  (  348): [+] Find got item afc009e1 
D/inject  (  348): [+] Find got item afd0bc00 
D/inject  (  348): [+] Find got item afc009c1 
D/inject  (  348): [+] Find got item afd0bbe0 
D/inject  (  348): [+] Find got item afd14de4 
D/inject  (  348): [+] Find got item afd20859 
D/inject  (  348): [+] Find got item afc009e9 
D/inject  (  348): [+] Find got item afd172fd 
D/inject  (  348): [+] Find got item afd3742d 
D/inject  (  348): [+] Find got item afd17249 
D/inject  (  348): [+] Find got item afd171a1 
D/inject  (  348): [+] Find got item afc009c9 
D/inject  (  348): [+] Find got item afd17ac5 
D/inject  (  348): [+] Find got item afd0bc80 
D/inject  (  348): [+] Find got item afd19a49 
D/inject  (  348): [+] Find got item afd17111 
D/inject  (  348): [+] Find got item afd0b530 
D/inject  (  348): [+] Find got item afd0b8a0 
D/inject  (  348): [+] Find got item ade55315 
D/inject  (  348): [+] Find got item ade55329 
D/inject  (  348): [+] Find got item ade55301 
D/inject  (  348): [+] Find got item ade57501 
D/inject  (  348): [+] Find got item ade568e5 
D/inject  (  348): [+] Find got item ade56229 
D/inject  (  348): [+] Find got item ade56d55 
D/inject  (  348): [+] Find got item ade56eb1 
D/inject  (  348): [+] Find got item ade562b9 
D/inject  (  348): [+] Find got item ade56851 
D/inject  (  348): [+] Find got item ade5353d 
D/inject  (  348): [+] Find got item ade56199 
D/inject  (  348): [+] Find got item ade5652d 
D/inject  (  348): [+] Find got item ade56499 
D/inject  (  348): [+] Find got item ade56ded 
D/inject  (  348): [+] Find got item ade56349 
D/inject  (  348): [+] Find got item ade565c5 
D/inject  (  348): [+] Find got item ade560f5 
D/inject  (  348): [+] Find got item ade57131 
D/inject  (  348): [+] Find got item afd0dc6c 
D/inject  (  348): [+] Find got item afd0dc80 
D/inject  (  348): [+] Find got item afd0d388 
D/inject  (  348): [+] Find got item afb1899c 
D/inject  (  348): [+] Find got item afd0dd08 
D/inject  (  348): [+] Find got item ade53519 
D/inject  (  348): [+] Find got item ade27fd1 
D/inject  (  348): [+] Find got item ade572a9 
D/inject  (  348): [+] Find got item afd0dcd0 
D/inject  (  348): [+] Find got item afd0e34c 
D/inject  (  348): [+] Find got item afb1c7dc 
D/inject  (  348): [+] Find got item afb1c18c 
D/inject  (  348): [+] Find got item afb12390 
D/inject  (  348): [+] Find got item afb11f5c 
D/inject  (  348): [+] Find got item afb1baf4 
D/inject  (  348): [+] Find got item afb1b554 
D/inject  (  348): [+] Find got item afb0f8f0 
D/inject  (  348): [+] Find got item afb1ab80 
D/inject  (  348): [+] Find got item afb1a9b0 
D/inject  (  348): [+] Find got item afb19c04 
D/inject  (  348): [+] Find got item afb0f2d8 
D/inject  (  348): [+] Find got item afb0ed14 
D/inject  (  348): [+] Find got item afb07584 
D/inject  (  348): [+] Find got item afb17ce8 
D/inject  (  348): [+] Find got item afb06890 
D/inject  (  348): [+] Find got item afb06524 
D/inject  (  348): [+] Find got item afb151c8 
D/inject  (  348): [+] Find got item afb14cc0 
D/inject  (  348): [+] Find got item afb148f0 
D/inject  (  348): [+] Find got item afb05dd0 
D/inject  (  348): [+] Find got item afb14140 
D/inject  (  348): [+] Find got item afb05490 
D/inject  (  348): [+] Find got item afb047f4 
D/inject  (  348): [+] Find got item afb11910 
D/inject  (  348): [+] Find got item afd0b2c0 
D/inject  (  348): [+] Find got item afd0b7d0 
D/inject  (  348): [+] Find got item afd24efd 
D/inject  (  348): [+] Find got item afd0b810 
D/inject  (  348): [+] Find got item afd16405 
D/inject  (  348): [+] Find got item afd0ba90 
D/inject  (  348): [+] Find got item afd16091 
D/inject  (  348): [+] Find got item afd0b470 
D/inject  (  348): [+] Find got item afd1ccf1 
D/inject  (  348): [+] Find got item afd0b450 
D/inject  (  348): [+] Find got item afd181e9 
D/inject  (  348): [+] Find got item afd208ad 
D/inject  (  348): [+] Find got item afd1cd81 
D/inject  (  348): [+] Find got item afd1ca81 
D/inject  (  348): [+] Find got item afd0c820 
D/inject  (  348): [+] Find got item afd0d008 
D/inject  (  348): [+] Find got item afd0d658 
D/inject  (  348): [+] Find got item afd0d734 
D/inject  (  348): [+] Find got item afd0d384 
D/inject  (  348): [+] Find got item afd0ccd0 
D/inject  (  348): [+] Find got item afc0097d 
D/inject  (  348): [+] Find got item afc00959 
D/inject  (  348): [+] Find got item afd2083d 
D/inject  (  348): [+] Find got item afd14f28 
D/inject  (  348): [+] Find got item afd2fc4d 
D/inject  (  348): [+] Find got item afd211a5 
D/inject  (  348): [+] Find got item afd2f8d5 
D/inject  (  348): [+] Find got item afd2f449 
D/inject  (  348): [+] Find got item afd30f21 
D/inject  (  348): [+] Find got item afd16779 
D/inject  (  348): [+] Find got item afd0c020 
D/inject  (  348): [+] Find got item afd17901 
D/inject  (  348): [+] Find got item afd25c09 
D/inject  (  348): [+] Find got item afd17895 
D/inject  (  348): [+] Find got item afd25b95 
D/inject  (  348): [+] Find got item ade3fd1d 
D/inject  (  348): [+] Find got item ade40c25 
D/inject  (  348): [+] Find got item ade861f5 
D/inject  (  348): [+] Find got item ad999985 
D/inject  (  348): [+] Find got item af7012ac 
D/inject  (  348): [+] Find got item af701860 
D/inject  (  348): [+] Find got item af70ac74 
D/inject  (  348): [+] Find got item af708074 
D/inject  (  348): [+] Find got item af7055b8 
D/inject  (  348): [+] Find got item af704e60 
D/inject  (  348): [+] Find got item af70732c 
D/inject  (  348): [+] Find got item af705710 
D/inject  (  348): [+] Find got item af7051c4 
D/inject  (  348): [+] Find got item afd0b550 
D/inject  (  348): [+] Find got item af70aca8 
D/inject  (  348): [+] Find got item af70b464 
D/inject  (  348): [+] Find got item af70af48 
D/inject  (  348): [+] Find got item af70addc 
D/inject  (  348): [+] Find got item af70d108 
D/inject  (  348): [+] Find got item afd0b730 
D/inject  (  348): [+] Find got item afd0b860 
D/inject  (  348): [+] Find got item afd0b960 
D/inject  (  348): [+] Find got item afd0b710 
D/inject  (  348): [+] Find got item afd0bb80 
D/inject  (  348): [+] Find got item afd0b5f0 
D/inject  (  348): [+] Find got item afd170cd 
D/inject  (  348): [+] Find got item afd1473d 
D/inject  (  348): [+] Find got item afd0b690 
D/inject  (  348): [+] Find got item afd0b6b0 
D/inject  (  348): [+] Find got item afd0d360 
D/inject  (  348): [+] Find got item afd0b6d0 
D/inject  (  348): [+] Find got item afd14759 
D/inject  (  348): [+] Find got item afd0b630 
D/inject  (  348): [+] Find got item afd0c0e0 
D/inject  (  348): [+] Find got item afd0c1a0 
D/inject  (  348): [+] Find got item afd0c180 
D/inject  (  348): [+] Find got item afd0c120 
D/inject  (  348): [+] Find got item afd0d284 
D/inject  (  348): [+] Find got item afd0b830 
D/inject  (  348): [+] Find got item afd0c150 
D/inject  (  348): [+] Find got item afd0c0a0 
D/inject  (  348): [+] Find got item afd0c1d0 
D/inject  (  348): [+] Find got item afd0c080 
D/inject  (  348): [+] Find got item afd0bd40 
D/inject  (  348): [+] Find got item afd0c060 
D/inject  (  348): [+] Find got item af05f429 
D/inject  (  348): [+] Find got item af06334d 
D/inject  (  348): [+] Find got item af026201 
D/inject  (  348): [+] Find got item af0261b5 
D/inject  (  348): [+] Find got item af026151 
D/inject  (  348): [+] Find got item af41c991 
D/inject  (  348): [+] Find got item af05d929 
D/inject  (  348): [+] Find got item af422bd1 
D/inject  (  348): [+] Find got item af05efc5 
D/inject  (  348): [+] Find got item ade4d865 
D/inject  (  348): [+] Find got item ade4d891 
D/inject  (  348): [+] Find got item ad9bc33d 
D/inject  (  348): [+] Find got item ad9bc119 
D/inject  (  348): [+] Find got item ade39511 
D/inject  (  348): [+] Find got item ade3cca5 
D/inject  (  348): [+] Find got item ad96b0d5 
D/inject  (  348): [+] Find got item ade3a1a5 
D/inject  (  348): [+] Find got item ad9bc5e1 
D/inject  (  348): [+] Find got item ade3aef9 
D/inject  (  348): [+] Find got item ad9777a1 
D/inject  (  348): [+] Find got item ad9778e9 
D/inject  (  348): [+] Find got item ad9776e5 
D/inject  (  348): [+] Find got item ade27489 
D/inject  (  348): [+] Find got item ad977d6d 
D/inject  (  348): [+] Find got item ad978131 
D/inject  (  348): [+] Find got item ad972871 
D/inject  (  348): [+] Find got item ad9bc43d 
D/inject  (  348): [+] Find got item ad9bc711 
D/inject  (  348): [+] Find got item ad9d8bc9 
D/inject  (  348): [+] Find got item ad9d8a9d 
D/inject  (  348): [+] Find got item ad9d8d0d 
D/inject  (  348): [+] Find got item ade44a1d 
D/inject  (  348): [+] Find got item ade322e1 
D/inject  (  348): [+] Find got item ade329f1 
D/inject  (  348): [+] Find got item ade26e41 
D/inject  (  348): [+] Find got item ade26f55 
D/inject  (  348): [+] Find got item ad9c9a79 
D/inject  (  348): [+] Find got item ad9c8819 
D/inject  (  348): [+] Find got item ade39241 
D/inject  (  348): [+] Find got item a810fcb0 
D/inject  (  348): [+] Find got item a8b03ecc 
D/inject  (  348): [+] Find got item afd0dcbc 
D/inject  (  348): [+] Find got item afd0dc94 
D/inject  (  348): [+] Find got item afd18a69 
D/inject  (  348): [+] Find got item afd0dca8 
D/inject  (  348): [+] Find got item ffffffff 
D/inject  (  348): [+] Find got item ffffffff 
D/inject  (  348): [+] Find got item ad125771 
D/inject  (  348): [+] Find got item ad125784 
D/inject  (  348): [+] Find got item ad10c961 
D/inject  (  348): [+] Find got item ad1257bf 
D/inject  (  348): [+] Find got item ad1257ce 
D/inject  (  348): [+] Find got item ad10c865 
D/inject  (  348): [+] Find got item ad1257f6 
D/inject  (  348): [+] Find got item ad125809 
D/inject  (  348): [+] Find got item ad10c5a9 
D/inject  (  348): [+] Find got item ad125843 
D/inject  (  348): [+] Find got item ad12584a 
D/inject  (  348): [+] Find got item ad10cad1 
D/inject  (  348): [+] Find got item ad12584f 
D/inject  (  348): [+] Find got item ad12585b 
D/inject  (  348): [+] Find got item ad10ca35 
D/inject  (  348): [+] Find got item ad12588e 
D/inject  (  348): [+] Find got item ad12589d 
D/inject  (  348): [+] Find got item ad10d211 
D/inject  (  348): [+] Find got item ad1258b3 
D/inject  (  348): [+] Find got item ad12589d 
D/inject  (  348): [+] Find got item ad10d205 
D/inject  (  348): [+] Find got item ad1258bf 
D/inject  (  348): [+] Find got item ad12589d 
D/inject  (  348): [+] Find got item ad10d1f9 
D/inject  (  348): [+] Find got item ad1258cc 
D/inject  (  348): [+] Find got item ad12589d 
D/inject  (  348): [+] Find got item ad10d249 
D/inject  (  348): [+] Find got item ad1258de 
D/inject  (  348): [+] Find got item ad12589d 
D/inject  (  348): [+] Find got item ad10d21d 
D/inject  (  348): [+] Find got item ad1258e9 
D/inject  (  348): [+] Find got item ad12589d 
D/inject  (  348): [+] Find got item ad10d1ed 
D/inject  (  348): [+] Find got item ad1258f4 
D/inject  (  348): [+] Find got item ad125905 
D/inject  (  348): [+] Find got item ad10d189 
D/inject  (  348): [+] Find got item ad12591b 
D/inject  (  348): [+] Find got item ad125905 
D/inject  (  348): [+] Find got item ad10d159 
D/inject  (  348): [+] Find got item ad12592d 
D/inject  (  348): [+] Find got item ad125905 
D/inject  (  348): [+] Find got item ad10d129 
D/inject  (  348): [+] Find got item ad125940 
D/inject  (  348): [+] Find got item ad12589d 
D/inject  (  348): [+] Find got item ad10ccad 
D/inject  (  348): [+] Find got item ad125950 
D/inject  (  348): [+] Find got item ad12589d 
D/inject  (  348): [+] Find got item ad10cc81 
D/inject  (  348): [+] Find got item ad12595b 
D/inject  (  348): [+] Find got item ad1261e3 
D/inject  (  348): [+] Find got item ad11002d 
D/inject  (  348): [+] Find got item ad126abf 
D/inject  (  348): [+] Find got item ad12584a 
D/inject  (  348): [+] Find got item ad10ffa5 
D/inject  (  348): [+] Find got item ad126ace 
D/inject  (  348): [+] Find got item ad126adb 
D/inject  (  348): [+] Find got item ad1100c9 
D/inject  (  348): [+] Find got item ad126af4 
D/inject  (  348): [+] Find got item ad126b0b 
D/inject  (  348): [+] Find got item ad10ff79 
D/inject  (  348): [+] Find got item ad126b11 
D/inject  (  348): [+] Find got item ad126b0b 
D/inject  (  348): [+] Find got item ad10ff51 
D/inject  (  348): [+] Find got item ad126a2f 
D/inject  (  348): [+] Find got item ad126535 
D/inject  (  348): [+] Find got item ad11028d 
D/inject  (  348): [+] Find got item ad126b6b 
D/inject  (  348): [+] Find got item ad126b77 
D/inject  (  348): [+] Find got item ad110345 
D/inject  (  348): [+] Find got item ad126ba4 
D/inject  (  348): [+] Find got item ad126baf 
D/inject  (  348): [+] Find got item ad1103d5 
D/inject  (  348): [+] Find got item ad126bb8 
D/inject  (  348): [+] Find got item ad126bc7 
D/inject  (  348): [+] Find got item ad1103bd 
D/inject  (  348): [+] Find got item ad126ba4 
D/inject  (  348): [+] Find got item ad126baf 
D/inject  (  348): [+] Find got item ad110455 
D/inject  (  348): [+] Find got item ad126bb8 
D/inject  (  348): [+] Find got item ad126be1 
D/inject  (  348): [+] Find got item ad11043d 
D/inject  (  348): [+] Find got item ad126c37 
D/inject  (  348): [+] Find got item ad126c44 
D/inject  (  348): [+] Find got item ad110709 
D/inject  (  348): [+] Find got item ad126c4b 
D/inject  (  348): [+] Find got item ad126c57 
D/inject  (  348): [+] Find got item ad110631 
D/inject  (  348): [+] Find got item ad126c61 
D/inject  (  348): [+] Find got item ad126c69 
D/inject  (  348): [+] Find got item ad1105fd 
D/inject  (  348): [+] Find got item ad126c6e 
D/inject  (  348): [+] Find got item ad126c7b 
D/inject  (  348): [+] Find got item ad1104cd 
D/inject  (  348): [+] Find got item ad126c80 
D/inject  (  348): [+] Find got item ad126c8f 
D/inject  (  348): [+] Find got item ad1104bd 
D/inject  (  348): [+] Find got item ad126c94 
D/inject  (  348): [+] Find got item ad126c8f 
D/inject  (  348): [+] Find got item ad1104c5 
D/inject  (  348): [+] Find got item ad126ca4 
D/inject  (  348): [+] Find got item ad126c69 
D/inject  (  348): [+] Find got item ad1105dd 
D/inject  (  348): [+] Find got item ad126cae 
D/inject  (  348): [+] Find got item ad126cc0 
D/inject  (  348): [+] Find got item ad11086d 
D/inject  (  348): [+] Find got item ad126ace 
D/inject  (  348): [+] Find got item ad126cc0 
D/inject  (  348): [+] Find got item ad1105b1 
D/inject  (  348): [+] Find got item ad126cc9 
D/inject  (  348): [+] Find got item ad126cd7 
D/inject  (  348): [+] Find got item ad1104f5 
D/inject  (  348): [+] Find got item ad126c37 
D/inject  (  348): [+] Find got item ad126d27 
D/inject  (  348): [+] Find got item ad110a7d 
D/inject  (  348): [+] Find got item ad126c61 
D/inject  (  348): [+] Find got item ad126c69 
D/inject  (  348): [+] Find got item ad110a5d 
D/inject  (  348): [+] Find got item ad126c6e 
D/inject  (  348): [+] Find got item ad126c7b 
D/inject  (  348): [+] Find got item ad110881 
D/inject  (  348): [+] Find got item ad126c80 
D/inject  (  348): [+] Find got item ad126c8f 
D/inject  (  348): [+] Find got item ad11088d 
D/inject  (  348): [+] Find got item ad126c94 
D/inject  (  348): [+] Find got item ad126c8f 
D/inject  (  348): [+] Find got item ad110885 
D/inject  (  348): [+] Find got item ad126d2c 
D/inject  (  348): [+] Find got item ad126d38 
D/inject  (  348): [+] Find got item ad11097d 
D/inject  (  348): [+] Find got item ad126ca4 
D/inject  (  348): [+] Find got item ad126c69 
D/inject  (  348): [+] Find got item ad11095d 
D/inject  (  348): [+] Find got item ad126cae 
D/inject  (  348): [+] Find got item ad126cc0 
D/inject  (  348): [+] Find got item ad110bf1 
D/inject  (  348): [+] Find got item ad126d41 
D/inject  (  348): [+] Find got item ad126d52 
D/inject  (  348): [+] Find got item ad1108a9 
D/inject  (  348): [+] Find got item ad126ace 
D/inject  (  348): [+] Find got item ad126cc0 
D/inject  (  348): [+] Find got item ad110895 
D/inject  (  348): [+] Find got item ad126d84 
D/inject  (  348): [+] Find got item ad126d8a 
D/inject  (  348): [+] Find got item ad110ca5 
D/inject  (  348): [+] Find got item ad126da6 
D/inject  (  348): [+] Find got item ad126dac 
D/inject  (  348): [+] Find got item ad110c05 
D/inject  (  348): [+] Find got item ad126dc8 
D/inject  (  348): [+] Find got item ad126dcd 
D/inject  (  348): [+] Find got item ad110c49 
D/inject  (  348): [+] Find got item ad126dd3 
D/inject  (  348): [+] Find got item ad126dd9 
D/inject  (  348): [+] Find got item ad110c3d 
D/inject  (  348): [+] Find got item ad126df6 
D/inject  (  348): [+] Find got item ad126e02 
D/inject  (  348): [+] Find got item ad110c11 
D/inject  (  348): [+] Find got item ad126ec3 
D/inject  (  348): [+] Find got item ad126b0b 
D/inject  (  348): [+] Find got item ad1114a5 
D/inject  (  348): [+] Find got item ad126ec9 
D/inject  (  348): [+] Find got item ad126edd 
D/inject  (  348): [+] Find got item ad111465 
D/inject  (  348): [+] Find got item ad126ee1 
D/inject  (  348): [+] Find got item ad126dac 
D/inject  (  348): [+] Find got item ad111415 
D/inject  (  348): [+] Find got item ad126ef0 
D/inject  (  348): [+] Find got item ad126ef7 
D/inject  (  348): [+] Find got item ad1113dd 
D/inject  (  348): [+] Find got item ad126efc 
D/inject  (  348): [+] Find got item ad126f05 
D/inject  (  348): [+] Find got item ad110fa9 
D/inject  (  348): [+] Find got item ad126f0e 
D/inject  (  348): [+] Find got item ad126b77 
D/inject  (  348): [+] Find got item ad11126d 
D/inject  (  348): [+] Find got item ad126f13 
D/inject  (  348): [+] Find got item ad126f18 
D/inject  (  348): [+] Find got item ad111219 
D/inject  (  348): [+] Find got item ad126f21 
D/inject  (  348): [+] Find got item ad126f2c 
D/inject  (  348): [+] Find got item ad1111ad 
D/inject  (  348): [+] Find got item ad126f34 
D/inject  (  348): [+] Find got item ad126f3a 
D/inject  (  348): [+] Find got item ad111151 
D/inject  (  348): [+] Find got item ad126f46 
D/inject  (  348): [+] Find got item ad126f4b 
D/inject  (  348): [+] Find got item ad1110e1 
D/inject  (  348): [+] Find got item ad126f52 
D/inject  (  348): [+] Find got item ad126f5b 
D/inject  (  348): [+] Find got item ad111099 
D/inject  (  348): [+] Find got item ad126f7a 
D/inject  (  348): [+] Find got item ad126f83 
D/inject  (  348): [+] Find got item ad111051 
D/inject  (  348): [+] Find got item ad126f89 
D/inject  (  348): [+] Find got item ad126f94 
D/inject  (  348): [+] Find got item ad110f11 
D/inject  (  348): [+] Find got item ad126f9b 
D/inject  (  348): [+] Find got item ad126f18 
D/inject  (  348): [+] Find got item ad110eb9 
D/inject  (  348): [+] Find got item ad126fa1 
D/inject  (  348): [+] Find got item ad126f2c 
D/inject  (  348): [+] Find got item ad110e61 
D/inject  (  348): [+] Find got item ad126fad 
D/inject  (  348): [+] Find got item ad126f3a 
D/inject  (  348): [+] Find got item ad110e11 
D/inject  (  348): [+] Find got item ad1270c1 
D/inject  (  348): [+] Find got item ad126f83 
D/inject  (  348): [+] Find got item ad1119a5 
D/inject  (  348): [+] Find got item ad1270c7 
D/inject  (  348): [+] Find got item ad126535 
D/inject  (  348): [+] Find got item ad111979 
D/inject  (  348): [+] Find got item ad1270cc 
D/inject  (  348): [+] Find got item ad1261e3 
D/inject  (  348): [+] Find got item ad111689 
D/inject  (  348): [+] Find got item ad1270d7 
D/inject  (  348): [+] Find got item ad1261ca 
D/inject  (  348): [+] Find got item ad1114f9 
D/inject  (  348): [+] Find got item ad1270df 
D/inject  (  348): [+] Find got item ad1270ec 
D/inject  (  348): [+] Find got item ad111501 
D/inject  (  348): [+] Find got item ad1270f5 
D/inject  (  348): [+] Find got item ad1270ff 
D/inject  (  348): [+] Find got item ad11173d 
D/inject  (  348): [+] Find got item ad127104 
D/inject  (  348): [+] Find got item ad1263af 
D/inject  (  348): [+] Find got item ad111721 
D/inject  (  348): [+] Find got item ad12710d 
D/inject  (  348): [+] Find got item ad1261e3 
D/inject  (  348): [+] Find got item ad111641 
D/inject  (  348): [+] Find got item ad127114 
D/inject  (  348): [+] Find got item ad126ef7 
D/inject  (  348): [+] Find got item ad111701 
D/inject  (  348): [+] Find got item ad12711c 
D/inject  (  348): [+] Find got item ad127125 
D/inject  (  348): [+] Find got item ad111601 
D/inject  (  348): [+] Find got item ad12712a 
D/inject  (  348): [+] Find got item ad127133 
D/inject  (  348): [+] Find got item ad1118bd 
D/inject  (  348): [+] Find got item ad127139 
D/inject  (  348): [+] Find got item ad126f83 
D/inject  (  348): [+] Find got item ad1118a1 
D/inject  (  348): [+] Find got item ad12713e 
D/inject  (  348): [+] Find got item ad1261e3 
D/inject  (  348): [+] Find got item ad111831 
D/inject  (  348): [+] Find got item ad127145 
D/inject  (  348): [+] Find got item ad126cd7 
D/inject  (  348): [+] Find got item ad1117e1 
D/inject  (  348): [+] Find got item ad12714d 
D/inject  (  348): [+] Find got item ad127154 
D/inject  (  348): [+] Find got item ad1117d1 
D/inject  (  348): [+] Find got item ad12715b 
D/inject  (  348): [+] Find got item ad127164 
D/inject  (  348): [+] Find got item ad11175d 
D/inject  (  348): [+] Find got item ad12716c 
D/inject  (  348): [+] Find got item ad126511 
D/inject  (  348): [+] Find got item ad11168d 
D/inject  (  348): [+] Find got item ad127177 
D/inject  (  348): [+] Find got item ad12717f 
D/inject  (  348): [+] Find got item ad11151d 
D/inject  (  348): [+] Find got item ad127185 
D/inject  (  348): [+] Find got item ad1270ec 
D/inject  (  348): [+] Find got item ad111521 
D/inject  (  348): [+] Find got item ad127192 
D/inject  (  348): [+] Find got item ad12719c 
D/inject  (  348): [+] Find got item ad1116dd 
D/inject  (  348): [+] Find got item ad1271a2 
D/inject  (  348): [+] Find got item ad1271ab 
D/inject  (  348): [+] Find got item ad1116c1 
D/inject  (  348): [+] Find got item ad1271b1 
D/inject  (  348): [+] Find got item ad1271bf 
D/inject  (  348): [+] Find got item ad11153d 
D/inject  (  348): [+] Find got item ad1271c9 
D/inject  (  348): [+] Find got item ad126511 
D/inject  (  348): [+] Find got item ad111665 
D/inject  (  348): [+] Find got item ad1271d0 
D/inject  (  348): [+] Find got item ad1271dc 
D/inject  (  348): [+] Find got item ad111581 
D/inject  (  348): [+] Find got item ad1271e6 
D/inject  (  348): [+] Find got item ad126f83 
D/inject  (  348): [+] Find got item ad11169d 
D/inject  (  348): [+] Find got item ad1271ee 
D/inject  (  348): [+] Find got item ad1271f7 
D/inject  (  348): [+] Find got item ad111621 
D/inject  (  348): [+] Find got item ad1271fd 
D/inject  (  348): [+] Find got item ad12720b 
D/inject  (  348): [+] Find got item ad1115c5 
D/inject  (  348): [+] Find got item ad127215 
D/inject  (  348): [+] Find got item ad126f83 
D/inject  (  348): [+] Find got item ad111691 
D/inject  (  348): [+] Find got item ad1273fd 
D/inject  (  348): [+] Find got item ad127404 
D/inject  (  348): [+] Find got item ad112e21 
D/inject  (  348): [+] Find got item ad12744d 
D/inject  (  348): [+] Find got item ad127452 
D/inject  (  348): [+] Find got item ad112d8d 
D/inject  (  348): [+] Find got item ad126d84 
D/inject  (  348): [+] Find got item ad126d8a 
D/inject  (  348): [+] Find got item ad112d51 
D/inject  (  348): [+] Find got item ad127485 
D/inject  (  348): [+] Find got item ad127498 
D/inject  (  348): [+] Find got item ad112c49 
D/inject  (  348): [+] Find got item ad1274cb 
D/inject  (  348): [+] Find got item ad1274d3 
D/inject  (  348): [+] Find got item ad112ca9 
D/inject  (  348): [+] Find got item ad127507 
D/inject  (  348): [+] Find got item ad126d8a 
D/inject  (  348): [+] Find got item ad112a79 
D/inject  (  348): [+] Find got item ad12751a 
D/inject  (  348): [+] Find got item ad127530 
D/inject  (  348): [+] Find got item ad1129d9 
D/inject  (  348): [+] Find got item ad127561 
D/inject  (  348): [+] Find got item ad126dac 
D/inject  (  348): [+] Find got item ad111fc5 
D/inject  (  348): [+] Find got item ad127574 
D/inject  (  348): [+] Find got item ad127584 
D/inject  (  348): [+] Find got item ad11326d 
D/inject  (  348): [+] Find got item ad1275b2 
D/inject  (  348): [+] Find got item ad1275be 
D/inject  (  348): [+] Find got item ad112935 
D/inject  (  348): [+] Find got item ad1275db 
D/inject  (  348): [+] Find got item ad126dd9 
D/inject  (  348): [+] Find got item ad112741 
D/inject  (  348): [+] Find got item ad126f13 
D/inject  (  348): [+] Find got item ad1275e2 
D/inject  (  348): [+] Find got item ad112701 
D/inject  (  348): [+] Find got item ad126f21 
D/inject  (  348): [+] Find got item ad127602 
D/inject  (  348): [+] Find got item ad112669 
D/inject  (  348): [+] Find got item ad127620 
D/inject  (  348): [+] Find got item ad127625 
D/inject  (  348): [+] Find got item ad112615 
D/inject  (  348): [+] Find got item ad127660 
D/inject  (  348): [+] Find got item ad12766b 
D/inject  (  348): [+] Find got item ad112459 
D/inject  (  348): [+] Find got item ad1276a5 
D/inject  (  348): [+] Find got item ad1276b0 
D/inject  (  348): [+] Find got item ad112329 
D/inject  (  348): [+] Find got item ad1276eb 
D/inject  (  348): [+] Find got item ad1276f0 
D/inject  (  348): [+] Find got item ad1122cd 
D/inject  (  348): [+] Find got item ad127727 
D/inject  (  348): [+] Find got item ad127732 
D/inject  (  348): [+] Find got item ad1121cd 
D/inject  (  348): [+] Find got item ad127768 
D/inject  (  348): [+] Find got item ad127777 
D/inject  (  348): [+] Find got item ad112189 
D/inject  (  348): [+] Find got item ad127794 
D/inject  (  348): [+] Find got item ad1277a3 
D/inject  (  348): [+] Find got item ad111ad1 
D/inject  (  348): [+] Find got item ad1277bf 
D/inject  (  348): [+] Find got item ad1277cf 
D/inject  (  348): [+] Find got item ad1135a9 
D/inject  (  348): [+] Find got item ad1277fe 
D/inject  (  348): [+] Find got item ad126d8a 
D/inject  (  348): [+] Find got item ad111d89 
D/inject  (  348): [+] Find got item ad12780c 
D/inject  (  348): [+] Find got item ad126d8a 
D/inject  (  348): [+] Find got item ad111d7d 
D/inject  (  348): [+] Find got item ad12781b 
D/inject  (  348): [+] Find got item ad126e02 
D/inject  (  348): [+] Find got item ad111cb5 
D/inject  (  348): [+] Find got item ad126f9b 
D/inject  (  348): [+] Find got item ad1275e2 
D/inject  (  348): [+] Find got item ad111c31 
D/inject  (  348): [+] Find got item ad126fa1 
D/inject  (  348): [+] Find got item ad127822 
D/inject  (  348): [+] Find got item ad111b91 
D/inject  (  348): [+] Find got item ad127892 
D/inject  (  348): [+] Find got item ad12789f 
D/inject  (  348): [+] Find got item ad11483d 
D/inject  (  348): [+] Find got item ad1278b6 
D/inject  (  348): [+] Find got item ad1278c3 
D/inject  (  348): [+] Find got item ad1140b9 
D/inject  (  348): [+] Find got item ad127b1f 
D/inject  (  348): [+] Find got item ad127b2c 
D/inject  (  348): [+] Find got item ad115631 
D/inject  (  348): [+] Find got item ad127b44 
D/inject  (  348): [+] Find got item ad1270ec 
D/inject  (  348): [+] Find got item ad1155e5 
D/inject  (  348): [+] Find got item ad127b50 
D/inject  (  348): [+] Find got item ad127b5c 
D/inject  (  348): [+] Find got item ad115595 
D/inject  (  348): [+] Find got item ad127b65 
D/inject  (  348): [+] Find got item ad12618c 
D/inject  (  348): [+] Find got item ad115479 
D/inject  (  348): [+] Find got item ad127b75 
D/inject  (  348): [+] Find got item ad1261e3 
D/inject  (  348): [+] Find got item ad11546d 
D/inject  (  348): [+] Find got item ad127b7c 
D/inject  (  348): [+] Find got item ad127b8f 
D/inject  (  348): [+] Find got item ad115431 
D/inject  (  348): [+] Find got item ad127ba6 
D/inject  (  348): [+] Find got item ad127bb1 
D/inject  (  348): [+] Find got item ad115209 
D/inject  (  348): [+] Find got item ad127bc8 
D/inject  (  348): [+] Find got item ad1261e3 
D/inject  (  348): [+] Find got item ad1151fd 
D/inject  (  348): [+] Find got item ad127bcd 
D/inject  (  348): [+] Find got item ad126535 
D/inject  (  348): [+] Find got item ad1151e1 
D/inject  (  348): [+] Find got item ad127bd5 
D/inject  (  348): [+] Find got item ad126535 
D/inject  (  348): [+] Find got item ad1151d5 
D/inject  (  348): [+] Find got item ad12653a 
D/inject  (  348): [+] Find got item ad1279e4 
D/inject  (  348): [+] Find got item ad114949 
D/inject  (  348): [+] Find got item ad127be3 
D/inject  (  348): [+] Find got item ad126535 
D/inject  (  348): [+] Find got item ad114f7d 
D/inject  (  348): [+] Find got item ad127bf2 
D/inject  (  348): [+] Find got item ad127b8f 
D/inject  (  348): [+] Find got item ad115159 
D/inject  (  348): [+] Find got item ad127c03 
D/inject  (  348): [+] Find got item ad127c0c 
D/inject  (  348): [+] Find got item ad115061 
D/inject  (  348): [+] Find got item ad127c35 
D/inject  (  348): [+] Find got item ad127c42 
D/inject  (  348): [+] Find got item ad1159e9 
D/inject  (  348): [+] Find got item ad127c5a 
D/inject  (  348): [+] Find got item ad127c42 
D/inject  (  348): [+] Find got item ad115add 
D/inject  (  348): [+] Find got item ad127c63 
D/inject  (  348): [+] Find got item ad127c42 
D/inject  (  348): [+] Find got item ad1159bd 
D/inject  (  348): [+] Find got item ad127c6a 
D/inject  (  348): [+] Find got item ad127c7a 
D/inject  (  348): [+] Find got item ad114939 
D/inject  (  348): [+] Find got item ad127c91 
D/inject  (  348): [+] Find got item ad127ca2 
D/inject  (  348): [+] Find got item ad1151b5 
D/inject  (  348): [+] Find got item ad127cca 
D/inject  (  348): [+] Find got item ad127cd3 
D/inject  (  348): [+] Find got item ad1150dd 
D/inject  (  348): [+] Find got item ad127f67 
D/inject  (  348): [+] Find got item ad127f34 
D/inject  (  348): [+] Find got item ad127f3f 
D/inject  (  348): [+] Find got item ad115ee1 
D/inject  (  348): [+] Find got item ad127fff 
D/inject  (  348): [+] Find got item ad12554e 
D/inject  (  348): [+] Find got item ad116255 
D/inject  (  348): [+] Find got item ad128015 
D/inject  (  348): [+] Find got item ad12802b 
D/inject  (  348): [+] Find got item ad116259 
D/inject  (  348): [+] Find got item ad128035 
D/inject  (  348): [+] Find got item ad12804c 
D/inject  (  348): [+] Find got item ad11625d 
D/inject  (  348): [+] Find got item ad1285b7 
D/inject  (  348): [+] Find got item ad1285de 
D/inject  (  348): [+] Find got item ad11668d 
D/inject  (  348): [+] Find got item ad1285f4 
D/inject  (  348): [+] Find got item ad1285de 
D/inject  (  348): [+] Find got item ad11666d 
D/inject  (  348): [+] Find got item ad128616 
D/inject  (  348): [+] Find got item ad1285de 
D/inject  (  348): [+] Find got item ad11664d 
D/inject  (  348): [+] Find got item ad128638 
D/inject  (  348): [+] Find got item ad1285de 
D/inject  (  348): [+] Find got item ad11662d 
D/inject  (  348): [+] Find got item ad12865c 
D/inject  (  348): [+] Find got item ad1285de 
D/inject  (  348): [+] Find got item ad11660d 
D/inject  (  348): [+] Find got item ad128676 
D/inject  (  348): [+] Find got item ad1285de 
D/inject  (  348): [+] Find got item ad1165ed 
D/inject  (  348): [+] Find got item ad12869c 
D/inject  (  348): [+] Find got item ad125993 
D/inject  (  348): [+] Find got item ad116f09 
D/inject  (  348): [+] Find got item ad1286b2 
D/inject  (  348): [+] Find got item ad12619e 
D/inject  (  348): [+] Find got item ad116e95 
D/inject  (  348): [+] Find got item ad1286d2 
D/inject  (  348): [+] Find got item ad1286ea 
D/inject  (  348): [+] Find got item ad116b29 
D/inject  (  348): [+] Find got item ad128723 
D/inject  (  348): [+] Find got item ad1286ea 
D/inject  (  348): [+] Find got item ad116ded 
D/inject  (  348): [+] Find got item ad12873b 
D/inject  (  348): [+] Find got item ad1286ea 
D/inject  (  348): [+] Find got item ad116d45 
D/inject  (  348): [+] Find got item ad128754 
D/inject  (  348): [+] Find got item ad1286ea 
D/inject  (  348): [+] Find got item ad116c9d 
D/inject  (  348): [+] Find got item ad12876c 
D/inject  (  348): [+] Find got item ad125993 
D/inject  (  348): [+] Find got item ad116c51 
D/inject  (  348): [+] Find got item ad128781 
D/inject  (  348): [+] Find got item ad125993 
D/inject  (  348): [+] Find got item ad116c05 
D/inject  (  348): [+] Find got item ad128797 
D/inject  (  348): [+] Find got item ad1285de 
D/inject  (  348): [+] Find got item ad116bf1 
D/inject  (  348): [+] Find got item ad1287ad 
D/inject  (  348): [+] Find got item ad1285de 
D/inject  (  348): [+] Find got item ad116bdd 
D/inject  (  348): [+] Find got item ad1287c3 
D/inject  (  348): [+] Find got item ad1287d6 
D/inject  (  348): [+] Find got item ad117099 
D/inject  (  348): [+] Find got item ad12880d 
