W/PackageManager(   61): Unknown permission com.sec.android.app.twlauncher.settings.WRITE_SETTINGS in package com.wandoujia.phoenix2
D/MediaScanner(  236):  prescan time: 1453ms
D/MediaScanner(  236):     scan time: 148ms
D/MediaScanner(  236): postscan time: 1ms
D/MediaScanner(  236):    total time: 1602ms
W/PackageManager(   61): Not granting permission android.permission.ACCESS_DRM to package com.wandoujia.phoenix2 (protectionLevel=2 flags=0x8be44)
W/PackageManager(   61): Unknown permission com.google.android.googleapps.permission.ACCESS_GOOGLE_PASSWORD in package com.android.development
W/PackageManager(   61): Unknown permission com.google.android.googleapps.permission.GOOGLE_AUTH in package com.android.development
W/PackageManager(   61): Unknown permission com.google.android.googleapps.permission.GOOGLE_AUTH.ALL_SERVICES in package com.android.development
W/PackageManager(   61): Unknown permission com.google.android.googleapps.permission.GOOGLE_AUTH.YouTubeUser in package com.android.development
W/PackageManager(   61): Not granting permission android.permission.SET_PREFERRED_APPLICATIONS to package com.mx.browser (protectionLevel=2 flags=0x8be44)
W/PackageManager(   61): Unknown permission android.permission.READ_OWNER_DATA in package com.android.email
W/PackageManager(   61): Not granting permission android.permission.DEVICE_POWER to package com.android.deskclock (protectionLevel=2 flags=0x8be45)
I/dalvikvm(   61): Jit: resizing JitTable from 512 to 1024
D/dalvikvm(  132): GC_EXTERNAL_ALLOC freed 256K, 49% free 3029K/5895K, external 6681K/6692K, paused 58ms
D/dalvikvm(  245): GC_CONCURRENT freed 828K, 50% free 3514K/6983K, external 1753K/2137K, paused 3ms+3ms
D/MediaScannerService(  236): done scanning volume internal
D/MediaScannerService(  236): start scanning volume external
V/MediaProvider(  236): /mnt/sdcard volume ID: 218050065
W/RecognitionManagerService(   61): no available voice recognition services found
D/dalvikvm(   61): GC_EXPLICIT freed 847K, 44% free 4567K/8071K, external 4373K/5573K, paused 85ms
D/dalvikvm(  245): Trying to load lib /data/data/com.wandoujia.phoenix2/lib/libcipher.so 0x405153c0
D/dalvikvm(  245): Added shared lib /data/data/com.wandoujia.phoenix2/lib/libcipher.so 0x405153c0
D/dalvikvm(  245): No JNI_OnLoad found in /data/data/com.wandoujia.phoenix2/lib/libcipher.so 0x405153c0, skipping init
I/dalvikvm(  245): Total arena pages for JIT: 11
I/dalvikvm(  245): Total arena pages for JIT: 12
V/MediaProvider(  236): Attached volume: external
V/MediaScanner(  236): pruneDeadThumbnailFiles... android.database.sqlite.SQLiteCursor@405b88c8
V/MediaScanner(  236): /pruneDeadThumbnailFiles... android.database.sqlite.SQLiteCursor@405b88c8
D/MediaScanner(  236):  prescan time: 74ms
D/MediaScanner(  236):     scan time: 28ms
D/MediaScanner(  236): postscan time: 8ms
D/MediaScanner(  236):    total time: 110ms
D/MediaScannerService(  236): done scanning volume external
I/Launcher.Model(  132): not binding apps: no Launcher activity
D/dalvikvm(  132): GC_EXPLICIT freed 138K, 51% free 2944K/5895K, external 5059K/5563K, paused 44ms
D/dalvikvm(  184): GC_CONCURRENT freed 273K, 51% free 2865K/5767K, external 1625K/2137K, paused 3ms+3ms
I/InputReader(   61): Device reconfigured: id=0x0, name=qwerty2, display size is now 480x800
I/InputManager-Callbacks(   61): No virtual keys found for device qwerty2.
D/dalvikvm(  245): GC_CONCURRENT freed 792K, 50% free 3526K/6983K, external 1753K/2137K, paused 4ms+23ms
D/dalvikvm(  245): GC_CONCURRENT freed 589K, 46% free 3809K/7047K, external 1753K/2137K, paused 4ms+4ms
I/ARMAssembler(   61): generated scanline__00000177:03515104_00001001_00000000 [ 91 ipp] (114 ins) at [0x44d3a520:0x44d3a6e8] in 1456475 ns
I/ActivityManager(   61): Displayed com.android.launcher/com.android.launcher2.Launcher: +22s474ms
D/dalvikvm(  132): GC_EXPLICIT freed 160K, 49% free 3057K/5895K, external 4926K/5563K, paused 295ms
I/dalvikvm(  245): Could not find method android.app.ActivityManager.getLauncherLargeIconSize, referenced from method com.wandoujia.phoenix2.utils.ShortcutUtil.a
W/dalvikvm(  245): VFY: unable to resolve virtual method 60: Landroid/app/ActivityManager;.getLauncherLargeIconSize ()I
D/dalvikvm(  245): VFY: replacing opcode 0x6e at 0x0013
D/dalvikvm(  245): VFY: dead code 0x0016-0040 in Lcom/wandoujia/phoenix2/utils/ShortcutUtil;.a (Landroid/graphics/Bitmap;Landroid/content/Context;)Landroid/graphics/Bitmap;
D/dalvikvm(  132): GC_EXTERNAL_ALLOC freed 144K, 50% free 3004K/5895K, external 4854K/5563K, paused 44ms
I/ActivityManager(   61): Starting: Intent { act=android.intent.action.MAIN cat=[android.intent.category.LAUNCHER] flg=0x10200000 cmp=cn.wps.moffice_eng/cn.wps.moffice.documentmanager.PreStartActivity } from pid 132
I/ActivityManager(   61): Start proc cn.wps.moffice_eng for activity cn.wps.moffice_eng/cn.wps.moffice.documentmanager.PreStartActivity: pid=349 uid=10037 gids={3003, 1015}
I/ActivityManager(   61): Starting: Intent { act=android.intent.action.MAIN cat=[android.intent.category.LAUNCHER] flg=0x10200000 cmp=cn.wps.moffice_eng/cn.wps.moffice.documentmanager.PreStartActivity } from pid 132
D/dalvikvm(  349): GetFieldID: unable to find field Ljava/util/HashMap;.loadFactor:F
D/dalvikvm(  349): GetFieldID: unable to find field Ljava/util/HashMap;.loadFactor:F
D/dalvikvm(  349): GetFieldID: unable to find field Ljava/util/HashMap;.loadFactor:F
I/dalvikvm(  349): Could not find method cn.wps.moffice.documentmanager.PreStartActivity.getActionBar, referenced from method cn.wps.moffice.documentmanager.PreStartActivity.setDisplayShowCustomEnabled
W/dalvikvm(  349): VFY: unable to resolve virtual method 11013: Lcn/wps/moffice/documentmanager/PreStartActivity;.getActionBar ()Landroid/app/ActionBar;
D/dalvikvm(  349): VFY: replacing opcode 0x6e at 0x0006
D/dalvikvm(  349): VFY: dead code 0x0009-000e in Lcn/wps/moffice/documentmanager/PreStartActivity;.setDisplayShowCustomEnabled (Z)V
D/dalvikvm(  349): GetFieldID: unable to find field Ljava/util/HashMap;.loadFactor:F
I/ActivityManager(   61): Starting: Intent { cmp=cn.wps.moffice_eng/cn.wps.moffice.documentmanager.DocumentManager } from pid 349
D/dalvikvm(  349): GetFieldID: unable to find field Ljava/util/HashMap;.loadFactor:F
D/dalvikvm(  349): GC_EXTERNAL_ALLOC freed 637K, 50% free 3332K/6599K, external 2129K/2137K, paused 54ms
D/dalvikvm(  349): GC_EXTERNAL_ALLOC freed 46K, 49% free 3383K/6599K, external 2611K/2673K, paused 51ms
D/dalvikvm(  349): GetFieldID: unable to find field Ljava/util/HashMap;.loadFactor:F
D/dalvikvm(  349): GetFieldID: unable to find field Ljava/util/HashMap;.loadFactor:F
I/dalvikvm(  349): Failed resolving Lcn/wps/moffice/common/beans/k$1; interface 540 'Landroid/nfc/NfcAdapter$OnNdefPushCompleteCallback;'
W/dalvikvm(  349): Link of class 'Lcn/wps/moffice/common/beans/k$1;' failed
E/dalvikvm(  349): Could not find class 'cn.wps.moffice.common.beans.k$1', referenced from method cn.wps.moffice.common.beans.k.<init>
W/dalvikvm(  349): VFY: unable to resolve new-instance 1597 (Lcn/wps/moffice/common/beans/k$1;) in Lcn/wps/moffice/common/beans/k;
D/dalvikvm(  349): VFY: replacing opcode 0x22 at 0x0039
I/dalvikvm(  349): Failed resolving Lcn/wps/moffice/common/beans/k$3; interface 538 'Landroid/nfc/NfcAdapter$CreateBeamUrisCallback;'
W/dalvikvm(  349): Link of class 'Lcn/wps/moffice/common/beans/k$3;' failed
E/dalvikvm(  349): Could not find class 'cn.wps.moffice.common.beans.k$3', referenced from method cn.wps.moffice.common.beans.k.<init>
W/dalvikvm(  349): VFY: unable to resolve new-instance 1599 (Lcn/wps/moffice/common/beans/k$3;) in Lcn/wps/moffice/common/beans/k;
D/dalvikvm(  349): VFY: replacing opcode 0x22 at 0x0070
D/dalvikvm(  349): VFY: dead code 0x003b-005c in Lcn/wps/moffice/common/beans/k;.<init> (Landroid/app/Activity;)V
D/dalvikvm(  349): VFY: dead code 0x0072-0079 in Lcn/wps/moffice/common/beans/k;.<init> (Landroid/app/Activity;)V
D/water   (  349): packageName: cn.wps.moffice_eng
D/dalvikvm(  349): GetFieldID: unable to find field Ljava/util/HashMap;.loadFactor:F
D/dalvikvm(  349): GetFieldID: unable to find field Ljava/util/HashMap;.loadFactor:F
D/dalvikvm(  349): GetFieldID: unable to find field Ljava/util/HashMap;.loadFactor:F
D/dalvikvm(  349): GetFieldID: unable to find field Ljava/util/HashMap;.loadFactor:F
D/dalvikvm(  349): GetFieldID: unable to find field Ljava/util/HashMap;.loadFactor:F
D/dalvikvm(  349): GetFieldID: unable to find field Ljava/util/HashMap;.loadFactor:F
D/dalvikvm(  349): GetFieldID: unable to find field Ljava/util/HashMap;.loadFactor:F
D/dalvikvm(  349): GC_CONCURRENT freed 532K, 47% free 3577K/6727K, external 3171K/3694K, paused 4ms+4ms
D/dalvikvm(  349): GetFieldID: unable to find field Ljava/util/HashMap;.loadFactor:F
D/dalvikvm(  349): GetFieldID: unable to find field Ljava/util/HashMap;.loadFactor:F
D/dalvikvm(  349): GetFieldID: unable to find field Ljava/util/HashMap;.loadFactor:F
D/dalvikvm(  349): GetFieldID: unable to find field Ljava/util/HashMap;.loadFactor:F
D/dalvikvm(  349): GC_EXTERNAL_ALLOC freed 381K, 48% free 3611K/6855K, external 3160K/3694K, paused 460ms
D/dalvikvm(  349): GC_EXTERNAL_ALLOC freed 158K, 48% free 3617K/6855K, external 3583K/4343K, paused 50ms
D/dalvikvm(  349): GC_EXTERNAL_ALLOC freed 106K, 48% free 3594K/6855K, external 5169K/5169K, paused 53ms
W/ResourceType(   61): Skipping entry 0x7f040000 in package table 0 because it is not complex!
W/ResourceType(   61): Skipping entry 0x7f040017 in package table 0 because it is not complex!
I/ARMAssembler(   61): generated scanline__00000177:03515104_00001002_00000000 [ 87 ipp] (110 ins) at [0x44d3a6f0:0x44d3a8a8] in 384268 ns
I/ActivityManager(   61): Displayed cn.wps.moffice_eng/cn.wps.moffice.documentmanager.DocumentManager: +4s822ms (total +5s741ms)
D/dalvikvm(  349): GC_EXTERNAL_ALLOC freed 551K, 45% free 3969K/7175K, external 4998K/5414K, paused 58ms
D/inject  (  377): [+] The pid of cn.wps.moffice_eng: 349
D/inject  (  377): [+] Injecting process: 349
D/inject  (  377): [+] get_remote_addr: local[afd00000], remote[afd00000]
D/inject  (  377): [+] Remote mmap address: afd170cd
D/inject  (  377): [+] Calling mmap in target process.
D/inject  (  377): [+] Target process returned from mmap, return value=453f0000, pc=0 
D/inject  (  377): [+] get_remote_addr: local[b0001000], remote[b0001000]
D/inject  (  377): [+] get_remote_addr: local[b0001000], remote[b0001000]
D/inject  (  377): [+] get_remote_addr: local[b0001000], remote[b0001000]
D/inject  (  377): [+] Get imports: dlopen: b00059bd, dlsym: b0005915, dlclose: b0005849
D/inject  (  377): [+] Inject code start: c008, end: c084
D/inject  (  377): [+] _dlopen_param1_s: 453f3c9c
D/inject  (  377): [+] _dlsym_param2_s: 453f3d9c
D/inject  (  377): [+] _saved_r0_pc_s: 453f3e9c
D/inject  (  377): [+] _inject_function_param_s: 453f3f9c
D/inject  (  377): [+] Remote shellcode address: 453f3c00
D/inject  (  377): [+] Process Detach: 10
D/inject  (  349): hello ARM! I'm parameter1324! pid:349
D/inject  (  349): The Handle of libhook_open: b000d2b0
D/inject  (  349): find it pre 0
D/inject  (  349): find it 8060102c
D/inject  (  349): [+] aaaaaaa do_hook function is invoked 
D/inject  (  349): [+] open addr: 0xafd17111. New addr 0x80600f60
D/inject  (  349): [+] just for test info 
D/inject  (  349): [+] set ok 
D/inject  (  349): [+] Get the persist.sys.test  bbbbbbbb
D/inject  (  349): [+] just for test print old_open address 0xafd17111
D/inject  (  349): [+] just for test print new_open address 0x80600f60
D/inject  (  349): [+] Get old address global  afd17111
D/inject  (  349): [+] Get new address global  80600f60
D/inject  (  349): [+] binder path ad100000
D/inject  (  349): [+] Section header table file offset 2e23c
D/inject  (  349): [+] Section header table entry count 15
D/inject  (  349): [+] Section header table entry size 28
D/inject  (  349): [+] Section header string table index 14
D/inject  (  349): [+] Object file type 3
D/inject  (  349): [+] Object file version 1
D/inject  (  349): [+] Out_addr in GOT table before 0
D/inject  (  349): [+] Out_size of func in GOT table before 0
D/inject  (  349): [+] Out_addr in GOT table ad12c138
D/inject  (  349): [+] Out_size of func in GOT table 8c4
D/inject  (  349): [+] Out_addr in GOT table ad12c138
D/inject  (  349): [+] Out_size of func in GOT table 8c4
D/inject  (  349): [+] Out_addr in GOT afd4d5c8
D/inject  (  349): [+] old open address 20000 afd17111
D/inject  (  349): [+] Out_addr in GOT 464c457f
D/inject  (  349): [+] target pid 15d
D/inject  (  349): [+] old open address 22223 afd17111
D/inject  (  349): [+] Find got_item ff 
D/inject  (  349): [+] old open address 3333 afd17111
D/inject  (  349): [+] old open address 3333 afffffff
D/inject  (  349): [+] new open address 3333 80600f60
D/inject  (  349): [+] new open address 3333 80600f60
D/inject  (  349): [+] Find got item afd4d5c8 
D/inject  (  349): [+] Find got item ad12e2a4 
D/inject  (  349): [+] Find got item ad12e28c 
D/inject  (  349): [+] Find got item ad12e268 
D/inject  (  349): [+] Find got item ad12e258 
D/inject  (  349): [+] Find got item afd4631c 
D/inject  (  349): [+] Find got item ad12e298 
D/inject  (  349): [+] Find got item ad12e250 
D/inject  (  349): [+] Find got item ad12e280 
D/inject  (  349): [+] Find got item ad12e294 
D/inject  (  349): [+] Find got item ad12e260 
D/inject  (  349): [+] Find got item ad12e278 
D/inject  (  349): [+] Find got item afd415c0 
D/inject  (  349): [+] Find got item ad12e2a8 
D/inject  (  349): [+] Find got item ad12e274 
D/inject  (  349): [+] Find got item ad12e27c 
D/inject  (  349): [+] Find got item ad12e248 
D/inject  (  349): [+] Find got item ad12e2a0 
D/inject  (  349): [+] Find got item ad12e25c 
D/inject  (  349): [+] Find got item ad12e270 
D/inject  (  349): [+] Find got item ad12e288 
D/inject  (  349): [+] Find got item ad12e264 
D/inject  (  349): [+] Find got item ad12e284 
D/inject  (  349): [+] Find got item ad9bc7f1 
D/inject  (  349): [+] Find got item ad9bc7f9 
D/inject  (  349): [+] Find got item ade45f55 
D/inject  (  349): [+] Find got item ade45f69 
D/inject  (  349): [+] Find got item ad9bb339 
D/inject  (  349): [+] Find got item ad9bb341 
D/inject  (  349): [+] Find got item ad9b481d 
D/inject  (  349): [+] Find got item ad9b4831 
D/inject  (  349): [+] Find got item ad9a5561 
D/inject  (  349): [+] Find got item ad9a5569 
D/inject  (  349): [+] Find got item ade31305 
D/inject  (  349): [+] Find got item ade3130d 
D/inject  (  349): [+] Find got item ad12e240 
D/inject  (  349): [+] Find got item ad12e244 
D/inject  (  349): [+] Find got item ad12e24c 
D/inject  (  349): [+] Find got item ad12e254 
D/inject  (  349): [+] Find got item ad12e26c 
D/inject  (  349): [+] Find got item ad12e290 
D/inject  (  349): [+] Find got item ad12e29c 
D/inject  (  349): [+] Find got item ade5f751 
D/inject  (  349): [+] Find got item ade5f749 
D/inject  (  349): [+] Find got item ade5f74d 
D/inject  (  349): [+] Find got item adec6b68 
D/inject  (  349): [+] Find got item ad12ca00 
D/inject  (  349): [+] Find got item afd42610 
D/inject  (  349): [+] Find got item 0 
D/inject  (  349): [+] Find got item 0 
D/inject  (  349): [+] Find got item 0 
D/inject  (  349): [+] Find got item afd2092d 
D/inject  (  349): [+] Find got item afd19c3d 
D/inject  (  349): [+] Find got item afd20a45 
D/inject  (  349): [+] Find got item af9038e5 
D/inject  (  349): [+] Find got item afd28321 
D/inject  (  349): [+] Find got item af9037b1 
D/inject  (  349): [+] Find got item afd1c87d 
D/inject  (  349): [+] Find got item ade3a295 
D/inject  (  349): [+] Find got item ade394bd 
D/inject  (  349): [+] Find got item ade39c31 
D/inject  (  349): [+] Find got item ad9a4ef5 
D/inject  (  349): [+] Find got item ad96a6b1 
D/inject  (  349): [+] Find got item ade39141 
D/inject  (  349): [+] Find got item ad99e381 
D/inject  (  349): [+] Find got item ad96a3f1 
D/inject  (  349): [+] Find got item ad99d059 
D/inject  (  349): [+] Find got item ade256f1 
D/inject  (  349): [+] Find got item ad9a3e51 
D/inject  (  349): [+] Find got item ad9a3839 
D/inject  (  349): [+] Find got item afd25c95 
D/inject  (  349): [+] Find got item afd11fbd 
D/inject  (  349): [+] Find got item afd17049 
D/inject  (  349): [+] Find got item afd0bba0 
D/inject  (  349): [+] Find got item afd0bad0 
D/inject  (  349): [+] Find got item afd0e3e0 
D/inject  (  349): [+] Find got item afd0e3f4 
D/inject  (  349): [+] Find got item afd29855 
D/inject  (  349): [+] Find got item afd0bc40 
D/inject  (  349): [+] Find got item afc009e1 
D/inject  (  349): [+] Find got item afd0bc00 
D/inject  (  349): [+] Find got item afc009c1 
D/inject  (  349): [+] Find got item afd0bbe0 
D/inject  (  349): [+] Find got item afd14de4 
D/inject  (  349): [+] Find got item afd20859 
D/inject  (  349): [+] Find got item afc009e9 
D/inject  (  349): [+] Find got item afd172fd 
D/inject  (  349): [+] Find got item afd3742d 
D/inject  (  349): [+] Find got item afd17249 
D/inject  (  349): [+] Find got item afd171a1 
D/inject  (  349): [+] Find got item afc009c9 
D/inject  (  349): [+] Find got item afd17ac5 
D/inject  (  349): [+] Find got item afd0bc80 
D/inject  (  349): [+] Find got item afd19a49 
D/inject  (  349): [+] Find got item afd17111 
D/inject  (  349): [+] Find open and replace 
D/inject  (  349): [+]-----------open test txt file-----------
D/inject  (  349): [+] The New open path /data/data/cn.wps.moffice_eng/files/AppPersistence
D/inject  (  349): [+] The New open count 1
D/inject  (  349): [+] The New open path /mnt/sdcard/documents/open.txt
D/inject  (  349): [+]-----------open test txt file-----------
D/inject  (  349): [+] The New open path /data/data/cn.wps.moffice_eng/files/AppPersistence
D/inject  (  349): [+] The New open count 2
D/inject  (  349): [+] The New open path /mnt/sdcard/documents/open.txt
D/inject  (  349): [+]-----------open test txt file-----------
D/inject  (  349): [+] The New open path /data/data/cn.wps.moffice_eng/files/AppPersistence
D/inject  (  349): [+] The New open count 3
D/inject  (  349): [+] The New open path /mnt/sdcard/documents/open.txt
D/dalvikvm(  349): GetFieldID: unable to find field Ljava/util/HashMap;.loadFactor:F
D/inject  (  349): [+]-----------open test txt file-----------
D/inject  (  349): [+] The New open path /data/data/cn.wps.moffice_eng/files/AppPersistence
D/inject  (  349): [+] The New open count 4
D/inject  (  349): [+] The New open path /mnt/sdcard/documents/open.txt
D/inject  (  349): [+]-----------open test txt file-----------
D/inject  (  349): [+] The New open path /data/data/cn.wps.moffice_eng/files/AppPersistence
D/inject  (  349): [+] The New open count 5
D/inject  (  349): [+] The New open path /mnt/sdcard/documents/open.txt
D/dalvikvm(  349): GetFieldID: unable to find field Ljava/util/HashMap;.loadFactor:F
I/ActivityManager(   61): Starting: Intent { cmp=cn.wps.moffice_eng/cn.wps.moffice.startactivity.writer.StartWriterActivity1 (has extras) } from pid 349
I/ActivityManager(   61): Start proc cn.wps.moffice_eng:writer1 for activity cn.wps.moffice_eng/cn.wps.moffice.startactivity.writer.StartWriterActivity1: pid=378 uid=10037 gids={3003, 1015}
D/dalvikvm(  378): GetFieldID: unable to find field Ljava/util/HashMap;.loadFactor:F
D/dalvikvm(  378): GetFieldID: unable to find field Ljava/util/HashMap;.loadFactor:F
D/dalvikvm(  378): GetFieldID: unable to find field Ljava/util/HashMap;.loadFactor:F
I/ActivityManager(   61): Starting: Intent { cmp=cn.wps.moffice_eng/cn.wps.moffice.writer.Writer1 (has extras) } from pid 378
D/dalvikvm(  378): GC_EXTERNAL_ALLOC freed 624K, 50% free 3305K/6535K, external 2131K/2137K, paused 53ms
D/dalvikvm(  378): GC_EXTERNAL_ALLOC freed 41K, 50% free 3316K/6535K, external 2657K/2675K, paused 55ms
D/dalvikvm(  378): GC_EXTERNAL_ALLOC freed 50K, 48% free 3418K/6535K, external 3330K/3332K, paused 56ms
D/dalvikvm(  378): GetFieldID: unable to find field Ljava/util/HashMap;.loadFactor:F
D/dalvikvm(  378): GetFieldID: unable to find field Ljava/util/HashMap;.loadFactor:F
I/dalvikvm(  378): Failed resolving Lcn/wps/moffice/common/beans/k$1; interface 540 'Landroid/nfc/NfcAdapter$OnNdefPushCompleteCallback;'
W/dalvikvm(  378): Link of class 'Lcn/wps/moffice/common/beans/k$1;' failed
E/dalvikvm(  378): Could not find class 'cn.wps.moffice.common.beans.k$1', referenced from method cn.wps.moffice.common.beans.k.<init>
W/dalvikvm(  378): VFY: unable to resolve new-instance 1597 (Lcn/wps/moffice/common/beans/k$1;) in Lcn/wps/moffice/common/beans/k;
D/dalvikvm(  378): VFY: replacing opcode 0x22 at 0x0039
I/dalvikvm(  378): Failed resolving Lcn/wps/moffice/common/beans/k$3; interface 538 'Landroid/nfc/NfcAdapter$CreateBeamUrisCallback;'
W/dalvikvm(  378): Link of class 'Lcn/wps/moffice/common/beans/k$3;' failed
E/dalvikvm(  378): Could not find class 'cn.wps.moffice.common.beans.k$3', referenced from method cn.wps.moffice.common.beans.k.<init>
W/dalvikvm(  378): VFY: unable to resolve new-instance 1599 (Lcn/wps/moffice/common/beans/k$3;) in Lcn/wps/moffice/common/beans/k;
D/dalvikvm(  378): VFY: replacing opcode 0x22 at 0x0070
D/dalvikvm(  378): VFY: dead code 0x003b-005c in Lcn/wps/moffice/common/beans/k;.<init> (Landroid/app/Activity;)V
D/dalvikvm(  378): VFY: dead code 0x0072-0079 in Lcn/wps/moffice/common/beans/k;.<init> (Landroid/app/Activity;)V
D/water   (  378): packageName: cn.wps.moffice_eng
D/inject  (  349): [+]-----------open test txt file-----------
D/inject  (  349): [+] The New open path /mnt/sdcard/KingsoftOffice/.history/HistoryRecordDataSource
D/inject  (  349): [+] The New open count 6
D/inject  (  349): [+] The New open path /mnt/sdcard/documents/open.txt
I/dalvikvm(  349): Jit: resizing JitTable from 512 to 1024
D/inject  (  349): [+]-----------open test txt file-----------
D/inject  (  349): [+] The New open path /mnt/sdcard/KingsoftOffice/.history/HistoryRecordDataSource
D/dalvikvm(  378): GetFieldID: unable to find field Ljava/util/HashMap;.loadFactor:F
D/inject  (  349): [+] The New open count 7
D/inject  (  349): [+] The New open path /mnt/sdcard/documents/open.txt
D/inject  (  349): [+]-----------open test txt file-----------
D/inject  (  349): [+] The New open path /mnt/sdcard/KingsoftOffice/.history/HistoryRecordDataSource.tmp
D/inject  (  349): [+] The New open count 8
D/inject  (  349): [+] The New open path /mnt/sdcard/documents/open.txt
D/inject  (  349): [+]-----------open test txt file-----------
D/inject  (  349): [+] The New open path /mnt/sdcard/KingsoftOffice/.history/HistoryRecordDataSource.tmp
D/inject  (  349): [+] The New open count 9
D/inject  (  349): [+] The New open path /mnt/sdcard/documents/open.txt
D/inject  (  349): [+]-----------open test txt file-----------
D/inject  (  349): [+] The New open path /mnt/sdcard/documents/test.txt
D/dalvikvm(  378): GetFieldID: unable to find field Ljava/util/HashMap;.loadFactor:F
D/inject  (  349): [+] The New open count 10
D/inject  (  349): [+] The New open path /mnt/sdcard/documents/open.txt
D/inject  (  349): [+]-----------open test txt file-----------
D/inject  (  349): [+] The New open path /data/data/cn.wps.moffice_eng/files/.cloud/.connectionPersistence
D/inject  (  349): [+] The New open count 11
D/inject  (  349): [+] The New open path /mnt/sdcard/documents/open.txt
D/dalvikvm(  378): GC_CONCURRENT freed 473K, 46% free 3648K/6727K, external 3627K/4173K, paused 3ms+4ms
D/dalvikvm(  378): GetFieldID: unable to find field Ljava/util/HashMap;.loadFactor:F
D/dalvikvm(  378): GC_EXTERNAL_ALLOC freed 767K, 48% free 3787K/7175K, external 3630K/4173K, paused 57ms
D/dalvikvm(  378): GetFieldID: unable to find field Ljava/util/HashMap;.loadFactor:F
D/dalvikvm(   61): GREF has increased to 401
D/inject  (  349): [+]-----------open test txt file-----------
D/inject  (  349): [+] The New open path /data/data/cn.wps.moffice_eng/files/lable.db
D/inject  (  349): [+] The New open count 12
D/inject  (  349): [+] The New open path /mnt/sdcard/documents/open.txt
D/dalvikvm(  378): GC_EXTERNAL_ALLOC freed 500K, 47% free 3902K/7239K, external 4951K/6132K, paused 55ms
D/dalvikvm(  378): GetFieldID: unable to find field Ljava/util/HashMap;.loadFactor:F
D/dalvikvm(  378): GetFieldID: unable to find field Ljava/util/HashMap;.loadFactor:F
D/dalvikvm(  378): GC_EXTERNAL_ALLOC freed 173K, 45% free 3996K/7239K, external 7897K/8237K, paused 119ms
D/inject  (  349): [+]-----------open test txt file-----------
D/inject  (  349): [+] The New open path /data/data/cn.wps.moffice_eng/files/_localRecord
D/inject  (  349): [+] The New open count 13
D/inject  (  349): [+] The New open path /mnt/sdcard/documents/open.txt
D/inject  (  349): [+]-----------open test txt file-----------
D/inject  (  349): [+] The New open path /data/data/cn.wps.moffice_eng/files/lable.db
D/inject  (  349): [+] The New open count 14
D/inject  (  349): [+] The New open path /mnt/sdcard/documents/open.txt
I/ActivityManager(   61): Displayed cn.wps.moffice_eng/cn.wps.moffice.writer.Writer1: +4s154ms (total +4s999ms)
D/inject  (  349): [+]-----------open test txt file-----------
D/inject  (  349): [+] The New open path /data/data/cn.wps.moffice_eng/files/_localRecord
W/InputMethodManager(  378): Ignoring onBind: cur seq=6, given seq=5
D/inject  (  349): [+] The New open count 15
D/inject  (  349): [+] The New open path /mnt/sdcard/documents/open.txt
D/inject  (  349): [+]-----------open test txt file-----------
D/inject  (  349): [+] The New open path /mnt/sdcard/KingsoftOffice/.history/.nomedia/255b33a7e966eec4c33af01fa9395c5f.png
D/inject  (  349): [+] The New open count 16
D/inject  (  349): [+] The New open path /mnt/sdcard/documents/open.txt
D/skia    (  349): --- SkImageDecoder::Factory returned null
D/dalvikvm(  349): GC_EXTERNAL_ALLOC freed 706K, 47% free 3908K/7239K, external 5454K/6203K, paused 253ms
D/dalvikvm(  378): GC_EXTERNAL_ALLOC freed 454K, 44% free 4093K/7239K, external 9167K/9848K, paused 59ms
D/inject  (  349): [+]-----------open test txt file-----------
D/inject  (  349): [+] The New open path /data/data/cn.wps.moffice_eng/files/_localRecord
D/inject  (  349): [+] The New open count 17
D/inject  (  349): [+] The New open path /mnt/sdcard/documents/open.txt
D/inject  (  349): [+]-----------open test txt file-----------
D/inject  (  349): [+] The New open path /data/data/cn.wps.moffice_eng/files/_localRecord
D/inject  (  349): [+] The New open count 18
D/inject  (  349): [+] The New open path /mnt/sdcard/documents/open.txt
D/inject  (  349): [+]-----------open test txt file-----------
D/inject  (  349): [+] The New open path /mnt/sdcard/KingsoftOffice/.history/.nomedia/255b33a7e966eec4c33af01fa9395c5f.png
D/inject  (  349): [+] The New open count 19
D/inject  (  349): [+] The New open path /mnt/sdcard/documents/open.txt
D/skia    (  349): --- SkImageDecoder::Factory returned null
I/ActivityManager(   61): Starting: Intent { cmp=cn.wps.moffice_eng/cn.wps.moffice.documentmanager.DocumentManager } from pid 378
D/inject  (  349): [+]-----------open test txt file-----------
D/inject  (  349): [+] The New open path /data/data/cn.wps.moffice_eng/files/lable.db
D/inject  (  349): [+] The New open count 20
D/inject  (  349): [+] The New open path /mnt/sdcard/documents/open.txt
D/inject  (  349): [+]-----------open test txt file-----------
D/inject  (  349): [+] The New open path /data/data/cn.wps.moffice_eng/files/AppPersistence
D/inject  (  349): [+] The New open count 21
D/inject  (  349): [+] The New open path /mnt/sdcard/documents/open.txt
D/inject  (  349): [+]-----------open test txt file-----------
D/inject  (  349): [+] The New open path /data/data/cn.wps.moffice_eng/files/AppPersistence
D/inject  (  349): [+] The New open count 22
D/inject  (  349): [+] The New open path /mnt/sdcard/documents/open.txt
D/inject  (  349): [+]-----------open test txt file-----------
D/inject  (  349): [+] The New open path /data/data/cn.wps.moffice_eng/files/AppPersistence
D/inject  (  349): [+] The New open count 23
D/inject  (  349): [+] The New open path /mnt/sdcard/documents/open.txt
D/inject  (  349): [+]-----------open test txt file-----------
D/inject  (  349): [+] The New open path /data/data/cn.wps.moffice_eng/files/AppPersistence
D/inject  (  349): [+] The New open count 24
D/inject  (  349): [+] The New open path /mnt/sdcard/documents/open.txt
D/inject  (  349): [+]-----------open test txt file-----------
D/inject  (  349): [+] The New open path /data/data/cn.wps.moffice_eng/files/AppPersistence
D/inject  (  349): [+] The New open count 25
D/inject  (  349): [+] The New open path /mnt/sdcard/documents/open.txt
D/inject  (  349): [+]-----------open test txt file-----------
D/inject  (  349): [+] The New open path /data/data/cn.wps.moffice_eng/files/AppPersistence
D/inject  (  349): [+] The New open count 26
D/inject  (  349): [+] The New open path /mnt/sdcard/documents/open.txt
D/dalvikvm(  349): GetFieldID: unable to find field Ljava/util/HashMap;.loadFactor:F
D/inject  (  349): [+]-----------open test txt file-----------
D/inject  (  349): [+] The New open path /data/data/cn.wps.moffice_eng/files/AppPersistence
D/inject  (  349): [+] The New open count 27
D/inject  (  349): [+] The New open path /mnt/sdcard/documents/open.txt
D/dalvikvm(  349): GetFieldID: unable to find field Ljava/util/HashMap;.loadFactor:F
D/inject  (  349): [+]-----------open test txt file-----------
D/inject  (  349): [+] The New open path /data/data/cn.wps.moffice_eng/files/AppPersistence
D/inject  (  349): [+] The New open count 28
D/inject  (  349): [+] The New open path /mnt/sdcard/documents/open.txt
D/dalvikvm(  349): GetFieldID: unable to find field Ljava/util/HashMap;.loadFactor:F
D/inject  (  349): [+]-----------open test txt file-----------
D/inject  (  349): [+] The New open path /data/data/cn.wps.moffice_eng/files/AppPersistence
D/inject  (  349): [+] The New open count 29
D/inject  (  349): [+] The New open path /mnt/sdcard/documents/open.txt
W/InputManagerService(   61): Starting input on non-focused client com.android.internal.view.IInputMethodClient$Stub$Proxy@406bd150 (uid=10037 pid=378)
W/IInputConnectionWrapper(  378): showStatusIcon on inactive InputConnection
D/inject  (  349): [+]-----------open test txt file-----------
D/inject  (  349): [+] The New open path /data/data/cn.wps.moffice_eng/files/.cloud/cloudsetting
D/inject  (  349): [+] The New open count 30
D/inject  (  349): [+] The New open path /mnt/sdcard/documents/open.txt
D/inject  (  349): [+]-----------open test txt file-----------
D/inject  (  349): [+] The New open path /data/data/cn.wps.moffice_eng/files/.cloud/cloudsetting
D/inject  (  349): [+] The New open count 31
D/inject  (  349): [+] The New open path /mnt/sdcard/documents/open.txt
I/System.out(  349): flushRecord:f88f681f-f3cd-41aa-ae9b-7557bba0320e
D/inject  (  349): [+]-----------open test txt file-----------
D/inject  (  349): [+] The New open path /mnt/sdcard/Android/data/cn.wps.moffice_eng/cache/KingsoftOffice/file/.timeBox/HistoryRecord/records/f88f681f-f3cd-41aa-ae9b-7557bba0320e
D/inject  (  349): [+] The New open count 32
D/inject  (  349): [+] The New open path /mnt/sdcard/documents/open.txt
D/inject  (  349): [+]-----------open test txt file-----------
D/inject  (  349): [+] The New open path /mnt/sdcard/Android/data/cn.wps.moffice_eng/cache/KingsoftOffice/file/.timeBox/HistoryRecord/persistence/records_upload_list
D/inject  (  349): [+] The New open count 33
D/inject  (  349): [+] The New open path /mnt/sdcard/documents/open.txt
D/inject  (  349): [+]-----------open test txt file-----------
D/inject  (  349): [+] The New open path /mnt/sdcard/Android/data/cn.wps.moffice_eng/cache/KingsoftOffice/file/.timeBox/HistoryRecord/persistence/records_upload_list
D/inject  (  349): [+] The New open count 34
D/inject  (  349): [+] The New open path /mnt/sdcard/documents/open.txt
D/inject  (  349): [+]-----------open test txt file-----------
D/inject  (  349): [+] The New open path /data/data/cn.wps.moffice_eng/files/.cloud/cloudsetting
D/inject  (  349): [+] The New open count 35
D/inject  (  349): [+] The New open path /mnt/sdcard/documents/open.txt
D/inject  (  349): [+]-----------open test txt file-----------
D/inject  (  349): [+] The New open path /data/data/cn.wps.moffice_eng/files/.cloud/cloudsetting
D/inject  (  349): [+] The New open count 36
D/inject  (  349): [+] The New open path /mnt/sdcard/documents/open.txt
D/inject  (  349): [+]-----------open test txt file-----------
D/inject  (  349): [+] The New open path /data/data/cn.wps.moffice_eng/files/AppPersistence
D/inject  (  349): [+] The New open count 37
D/inject  (  349): [+] The New open path /mnt/sdcard/documents/open.txt
D/inject  (  349): [+]-----------open test txt file-----------
D/inject  (  349): [+] The New open path /data/data/cn.wps.moffice_eng/files/AppPersistence
D/inject  (  349): [+] The New open count 38
D/inject  (  349): [+] The New open path /mnt/sdcard/documents/open.txt
D/inject  (  349): [+]-----------open test txt file-----------
D/inject  (  349): [+] The New open path /data/data/cn.wps.moffice_eng/shared_prefs/application_appstate.xml
D/inject  (  349): [+] The New open count 39
D/inject  (  349): [+] The New open path /mnt/sdcard/documents/open.txt
D/inject  (  349): [+]-----------open test txt file-----------
D/inject  (  349): [+] The New open path /data/data/cn.wps.moffice_eng/files/mydocument_search_result_temp.ser
D/inject  (  349): [+] The New open count 40
D/inject  (  349): [+] The New open path /mnt/sdcard/documents/open.txt
D/inject  (  349): [+]-----------open test txt file-----------
D/inject  (  349): [+] The New open path /data/data/cn.wps.moffice_eng/files/mydocument_search_result.ser
D/inject  (  349): [+] The New open count 41
D/inject  (  349): [+] The New open path /mnt/sdcard/documents/open.txt
D/inject  (  349): [+]-----------open test txt file-----------
D/inject  (  349): [+] The New open path /data/data/cn.wps.moffice_eng/files/mydocument_search_result.ser
D/inject  (  349): [+] The New open count 42
D/inject  (  349): [+] The New open path /mnt/sdcard/documents/open.txt
E/FileDataSet(  349): restoreDataSet() java.io.EOFException
E/FileDataSet(  349): 	at java.io.DataInputStream.readShort(DataInputStream.java:376)
E/FileDataSet(  349): 	at java.io.ObjectInputStream.readStreamHeader(ObjectInputStream.java:2365)
E/FileDataSet(  349): 	at java.io.ObjectInputStream.<init>(ObjectInputStream.java:433)
E/FileDataSet(  349): 	at cn.wps.moffice.documentmanager.mydocument.b.Jc(Unknown Source)
E/FileDataSet(  349): 	at cn.wps.moffice.documentmanager.mydocument.b.h(Unknown Source)
E/FileDataSet(  349): 	at cn.wps.moffice.documentmanager.mydocument.MyDocumentFiles$c.doInBackground(Unknown Source)
E/FileDataSet(  349): 	at axq$2.run(Unknown Source)
E/FileDataSet(  349): 	at axr$a.run(Unknown Source)
E/FileDataSet(  349): 	at android.os.Handler.handleCallback(Handler.java:587)
E/FileDataSet(  349): 	at android.os.Handler.dispatchMessage(Handler.java:92)
E/FileDataSet(  349): 	at android.os.Looper.loop(Looper.java:123)
E/FileDataSet(  349): 	at axr.run(Unknown Source)
E/FileDataSet(  349): 	at java.lang.Thread.run(Thread.java:1019)
D/dalvikvm(  349): GC_CONCURRENT freed 809K, 46% free 4152K/7559K, external 5651K/6806K, paused 4ms+10ms
D/inject  (  349): [+]-----------open test txt file-----------
D/inject  (  349): [+] The New open path /data/data/cn.wps.moffice_eng/files/mydocument_search_result_temp.ser
D/inject  (  349): [+] The New open count 43
D/inject  (  349): [+] The New open path /mnt/sdcard/documents/open.txt
D/inject  (  349): [+]-----------open test txt file-----------
D/inject  (  349): [+] The New open path /data/data/cn.wps.moffice_eng/files/mydocument_search_result.ser
D/inject  (  349): [+] The New open count 44
D/inject  (  349): [+] The New open path /mnt/sdcard/documents/open.txt
D/inject  (  349): [+]-----------open test txt file-----------
D/inject  (  349): [+] The New open path /data/data/cn.wps.moffice_eng/files/mydocument_search_result.ser
D/inject  (  349): [+] The New open count 45
D/inject  (  349): [+] The New open path /mnt/sdcard/documents/open.txt
D/inject  (  349): [+]-----------open test txt file-----------
D/inject  (  349): [+] The New open path /data/data/cn.wps.moffice_eng/files/mydocument_search_result_temp.ser
D/inject  (  349): [+] The New open count 46
D/inject  (  349): [+] The New open path /mnt/sdcard/documents/open.txt
D/inject  (  349): [+]-----------open test txt file-----------
D/inject  (  349): [+] The New open path /data/data/cn.wps.moffice_eng/files/AppPersistence
D/inject  (  349): [+] The New open count 47
D/inject  (  349): [+] The New open path /mnt/sdcard/documents/open.txt
D/inject  (  349): [+]-----------open test txt file-----------
D/inject  (  349): [+] The New open path /data/data/cn.wps.moffice_eng/files/AppPersistence
D/inject  (  349): [+] The New open count 48
D/inject  (  349): [+] The New open path /mnt/sdcard/documents/open.txt
D/inject  (  349): [+]-----------open test txt file-----------
D/inject  (  349): [+] The New open path /data/data/cn.wps.moffice_eng/files/AppPersistence
D/inject  (  349): [+] The New open count 49
D/inject  (  349): [+] The New open path /mnt/sdcard/documents/open.txt
D/dalvikvm(  349): GetFieldID: unable to find field Ljava/util/HashMap;.loadFactor:F
I/ActivityManager(   61): Starting: Intent { cmp=cn.wps.moffice_eng/cn.wps.moffice.startactivity.writer.StartWriterActivity1 (has extras) } from pid 349
D/inject  (  349): [+]-----------open test txt file-----------
D/inject  (  349): [+] The New open path /data/data/cn.wps.moffice_eng/shared_prefs/application_appstate.xml
D/inject  (  349): [+] The New open count 50
D/inject  (  349): [+] The New open path /mnt/sdcard/documents/open.txt
I/ActivityManager(   61): Starting: Intent { cmp=cn.wps.moffice_eng/cn.wps.moffice.writer.Writer1 (has extras) } from pid 378
D/dalvikvm(  378): GC_EXTERNAL_ALLOC freed 400K, 43% free 4153K/7239K, external 9375K/9393K, paused 58ms
D/dalvikvm(  378): GetFieldID: unable to find field Ljava/util/HashMap;.loadFactor:F
D/dalvikvm(  378): GetFieldID: unable to find field Ljava/util/HashMap;.loadFactor:F
D/water   (  378): packageName: cn.wps.moffice_eng
D/inject  (  349): [+]-----------open test txt file-----------
D/inject  (  349): [+] The New open path /mnt/sdcard/KingsoftOffice/.history/HistoryRecordDataSource
D/inject  (  349): [+] The New open count 51
D/inject  (  349): [+] The New open path /mnt/sdcard/documents/open.txt
D/inject  (  349): [+]-----------open test txt file-----------
D/inject  (  349): [+] The New open path /mnt/sdcard/KingsoftOffice/.history/HistoryRecordDataSource.tmp
D/inject  (  349): [+] The New open count 52
D/inject  (  349): [+] The New open path /mnt/sdcard/documents/open.txt
D/inject  (  349): [+]-----------open test txt file-----------
D/inject  (  349): [+] The New open path /mnt/sdcard/KingsoftOffice/.history/HistoryRecordDataSource.tmp
D/inject  (  349): [+] The New open count 53
D/inject  (  349): [+] The New open path /mnt/sdcard/documents/open.txt
D/inject  (  349): [+]-----------open test txt file-----------
D/inject  (  349): [+] The New open path /mnt/sdcard/documents/open.txt
D/dalvikvm(  378): GetFieldID: unable to find field Ljava/util/HashMap;.loadFactor:F
D/inject  (  349): [+] The New open count 54
D/inject  (  349): [+] The New open path /mnt/sdcard/documents/open.txt
D/inject  (  349): [+]-----------open test txt file-----------
D/inject  (  349): [+] The New open path /data/data/cn.wps.moffice_eng/files/.cloud/.connectionPersistence
D/inject  (  349): [+] The New open count 55
D/inject  (  349): [+] The New open path /mnt/sdcard/documents/open.txt
D/dalvikvm(  378): GetFieldID: unable to find field Ljava/util/HashMap;.loadFactor:F
D/dalvikvm(  378): GetFieldID: unable to find field Ljava/util/HashMap;.loadFactor:F
D/dalvikvm(  378): GetFieldID: unable to find field Ljava/util/HashMap;.loadFactor:F
D/inject  (  349): [+]-----------open test txt file-----------
D/inject  (  349): [+] The New open path /data/data/cn.wps.moffice_eng/files/lable.db
D/inject  (  349): [+] The New open count 56
D/inject  (  349): [+] The New open path /mnt/sdcard/documents/open.txt
D/dalvikvm(  378): GC_CONCURRENT freed 900K, 45% free 4347K/7879K, external 9729K/9869K, paused 10ms+6ms
I/ActivityManager(   61): Displayed cn.wps.moffice_eng/cn.wps.moffice.writer.Writer1: +1s972ms (total +2s9ms)
D/inject  (  349): [+]-----------open test txt file-----------
D/inject  (  349): [+] The New open path /data/data/cn.wps.moffice_eng/shared_prefs/application_appstate.xml
D/inject  (  349): [+] The New open count 57
D/inject  (  349): [+] The New open path /mnt/sdcard/documents/open.txt
D/dalvikvm(  378): GC_EXTERNAL_ALLOC freed 79K, 46% free 4299K/7879K, external 9749K/9869K, paused 58ms
D/inject  (  349): [+]-----------open test txt file-----------
D/inject  (  349): [+] The New open path /data/data/cn.wps.moffice_eng/files/lable.db
D/inject  (  349): [+] The New open count 58
D/inject  (  349): [+] The New open path /mnt/sdcard/documents/open.txt
D/dalvikvm(  378): GetFieldID: unable to find field Ljava/util/HashMap;.loadFactor:F
D/dalvikvm(  378): GetFieldID: unable to find field Ljava/util/HashMap;.loadFactor:F
I/dalvikvm(  378): Jit: resizing JitTable from 512 to 1024
D/dalvikvm(  378): GC_EXTERNAL_ALLOC freed 184K, 45% free 4376K/7879K, external 12847K/13422K, paused 64ms
I/ActivityManager(   61): Starting: Intent { cmp=cn.wps.moffice_eng/cn.wps.moffice.documentmanager.DocumentManager } from pid 378
D/inject  (  349): [+]-----------open test txt file-----------
D/inject  (  349): [+] The New open path /data/data/cn.wps.moffice_eng/files/lable.db
D/inject  (  349): [+] The New open count 59
D/inject  (  349): [+] The New open path /mnt/sdcard/documents/open.txt
D/inject  (  349): [+]-----------open test txt file-----------
D/inject  (  349): [+] The New open path /data/data/cn.wps.moffice_eng/files/AppPersistence
D/inject  (  349): [+] The New open count 60
D/inject  (  349): [+] The New open path /mnt/sdcard/documents/open.txt
D/inject  (  349): [+]-----------open test txt file-----------
D/inject  (  349): [+] The New open path /data/data/cn.wps.moffice_eng/files/AppPersistence
D/inject  (  349): [+] The New open count 61
D/inject  (  349): [+] The New open path /mnt/sdcard/documents/open.txt
D/inject  (  349): [+]-----------open test txt file-----------
D/inject  (  349): [+] The New open path /data/data/cn.wps.moffice_eng/files/AppPersistence
D/inject  (  349): [+] The New open count 62
D/inject  (  349): [+] The New open path /mnt/sdcard/documents/open.txt
D/dalvikvm(  349): GetFieldID: unable to find field Ljava/util/HashMap;.loadFactor:F
D/inject  (  349): [+]-----------open test txt file-----------
D/inject  (  349): [+] The New open path /data/data/cn.wps.moffice_eng/files/AppPersistence
D/inject  (  349): [+] The New open count 63
D/inject  (  349): [+] The New open path /mnt/sdcard/documents/open.txt
D/dalvikvm(  349): GetFieldID: unable to find field Ljava/util/HashMap;.loadFactor:F
D/inject  (  349): [+]-----------open test txt file-----------
D/inject  (  349): [+] The New open path /data/data/cn.wps.moffice_eng/files/AppPersistence
D/inject  (  349): [+] The New open count 64
D/inject  (  349): [+] The New open path /mnt/sdcard/documents/open.txt
D/dalvikvm(  349): GetFieldID: unable to find field Ljava/util/HashMap;.loadFactor:F
D/inject  (  349): [+]-----------open test txt file-----------
D/inject  (  349): [+] The New open path /data/data/cn.wps.moffice_eng/files/AppPersistence
D/inject  (  349): [+] The New open count 65
D/inject  (  349): [+] The New open path /mnt/sdcard/documents/open.txt
W/IInputConnectionWrapper(  378): showStatusIcon on inactive InputConnection
D/inject  (  349): [+]-----------open test txt file-----------
D/inject  (  349): [+] The New open path /data/data/cn.wps.moffice_eng/files/.cloud/cloudsetting
D/inject  (  349): [+] The New open count 66
D/inject  (  349): [+] The New open path /mnt/sdcard/documents/open.txt
I/System.out(  349): flushRecord:d952642f-643e-4f0b-93a6-572e7bd95fd4
D/inject  (  349): [+]-----------open test txt file-----------
D/inject  (  349): [+] The New open path /data/data/cn.wps.moffice_eng/files/.cloud/cloudsetting
D/inject  (  349): [+] The New open count 67
D/inject  (  349): [+] The New open path /mnt/sdcard/documents/open.txt
D/inject  (  349): [+]-----------open test txt file-----------
D/inject  (  349): [+] The New open path /mnt/sdcard/Android/data/cn.wps.moffice_eng/cache/KingsoftOffice/file/.timeBox/HistoryRecord/records/d952642f-643e-4f0b-93a6-572e7bd95fd4
D/inject  (  349): [+] The New open count 68
D/inject  (  349): [+] The New open path /mnt/sdcard/documents/open.txt
D/inject  (  349): [+]-----------open test txt file-----------
D/inject  (  349): [+] The New open path /mnt/sdcard/Android/data/cn.wps.moffice_eng/cache/KingsoftOffice/file/.timeBox/HistoryRecord/persistence/records_upload_list
D/inject  (  349): [+] The New open count 69
D/inject  (  349): [+] The New open path /mnt/sdcard/documents/open.txt
D/inject  (  349): [+]-----------open test txt file-----------
D/inject  (  349): [+] The New open path /mnt/sdcard/Android/data/cn.wps.moffice_eng/cache/KingsoftOffice/file/.timeBox/HistoryRecord/persistence/records_upload_list
D/inject  (  349): [+] The New open count 70
D/inject  (  349): [+] The New open path /mnt/sdcard/documents/open.txt
D/inject  (  349): [+]-----------open test txt file-----------
D/inject  (  349): [+] The New open path /data/data/cn.wps.moffice_eng/files/.cloud/cloudsetting
D/inject  (  349): [+] The New open count 71
D/inject  (  349): [+] The New open path /mnt/sdcard/documents/open.txt
D/inject  (  349): [+]-----------open test txt file-----------
D/inject  (  349): [+] The New open path /data/data/cn.wps.moffice_eng/files/.cloud/cloudsetting
D/inject  (  349): [+] The New open count 72
D/inject  (  349): [+] The New open path /mnt/sdcard/documents/open.txt
D/dalvikvm(  378): GC_EXPLICIT freed 384K, 47% free 4226K/7879K, external 10838K/12886K, paused 76ms
D/inject  (  349): [+]-----------open test txt file-----------
D/inject  (  349): [+] The New open path /data/data/cn.wps.moffice_eng/files/AppPersistence
D/inject  (  349): [+] The New open count 73
D/inject  (  349): [+] The New open path /mnt/sdcard/documents/open.txt
D/inject  (  349): [+]-----------open test txt file-----------
D/inject  (  349): [+] The New open path /data/data/cn.wps.moffice_eng/files/AppPersistence
D/inject  (  349): [+] The New open count 74
D/inject  (  349): [+] The New open path /mnt/sdcard/documents/open.txt
D/inject  (  349): [+]-----------open test txt file-----------
D/inject  (  349): [+] The New open path /data/data/cn.wps.moffice_eng/files/AppPersistence
D/inject  (  349): [+] The New open count 75
D/inject  (  349): [+] The New open path /mnt/sdcard/documents/open.txt
D/dalvikvm(  349): GetFieldID: unable to find field Ljava/util/HashMap;.loadFactor:F
I/ActivityManager(   61): Starting: Intent { cmp=cn.wps.moffice_eng/cn.wps.moffice.startactivity.writer.StartWriterActivity1 (has extras) } from pid 349
D/inject  (  349): [+]-----------open test txt file-----------
D/inject  (  349): [+] The New open path /data/data/cn.wps.moffice_eng/shared_prefs/application_appstate.xml
D/inject  (  349): [+] The New open count 76
D/inject  (  349): [+] The New open path /mnt/sdcard/documents/open.txt
I/ActivityManager(   61): Starting: Intent { cmp=cn.wps.moffice_eng/cn.wps.moffice.writer.Writer1 (has extras) } from pid 378
D/dalvikvm(  378): GetFieldID: unable to find field Ljava/util/HashMap;.loadFactor:F
D/dalvikvm(  378): GetFieldID: unable to find field Ljava/util/HashMap;.loadFactor:F
D/water   (  378): packageName: cn.wps.moffice_eng
D/inject  (  349): [+]-----------open test txt file-----------
D/inject  (  349): [+] The New open path /mnt/sdcard/KingsoftOffice/.history/HistoryRecordDataSource
D/inject  (  349): [+] The New open count 77
D/inject  (  349): [+] The New open path /mnt/sdcard/documents/open.txt
D/inject  (  349): [+]-----------open test txt file-----------
D/inject  (  349): [+] The New open path /mnt/sdcard/KingsoftOffice/.history/HistoryRecordDataSource.tmp
D/inject  (  349): [+] The New open count 78
D/inject  (  349): [+] The New open path /mnt/sdcard/documents/open.txt
D/inject  (  349): [+]-----------open test txt file-----------
D/inject  (  349): [+] The New open path /mnt/sdcard/KingsoftOffice/.history/HistoryRecordDataSource.tmp
D/inject  (  349): [+] The New open count 79
D/inject  (  349): [+] The New open path /mnt/sdcard/documents/open.txt
D/inject  (  349): [+]-----------open test txt file-----------
D/inject  (  349): [+] The New open path /mnt/sdcard/documents/ope11.txt
D/inject  (  349): [+] The New open count 80
D/inject  (  349): [+] The New open path /mnt/sdcard/documents/open.txt
D/dalvikvm(  378): GetFieldID: unable to find field Ljava/util/HashMap;.loadFactor:F
D/dalvikvm(  378): GetFieldID: unable to find field Ljava/util/HashMap;.loadFactor:F
D/inject  (  349): [+]-----------open test txt file-----------
D/inject  (  349): [+] The New open path /data/data/cn.wps.moffice_eng/files/.cloud/.connectionPersistence
D/inject  (  349): [+] The New open count 81
