D/dalvikvm(  246): GC_CONCURRENT freed 801K, 50% free 3524K/6983K, external 1753K/2137K, paused 4ms+4ms
I/ActivityThread(  306): Pub com.mx.browser.downloadprovider: com.mx.browser.download.DownloadProvider
I/ActivityThread(  306): Pub com.mx.browser.browserprovider: com.mx.browser.BrowserProvider
W/RecognitionManagerService(   61): no available voice recognition services found
D/dalvikvm(   61): GC_EXPLICIT freed 661K, 43% free 4474K/7815K, external 4373K/5573K, paused 76ms
D/OtaStartupReceiver(  138): Not a CDMA phone, no need to process OTA
I/dalvikvm(   61): Jit: resizing JitTable from 512 to 1024
I/ActivityManager(   61): Start proc com.android.mms for broadcast com.android.mms/.transaction.MmsSystemEventReceiver: pid=320 uid=10015 gids={3003, 1015}
I/RecoverySystem(   61): No recovery log file
I/ActivityThread(  320): Pub com.android.mms.SuggestionsProvider: com.android.mms.SuggestionsProvider
W/KeyCharacterMap(  141): No keyboard for id 0
W/KeyCharacterMap(  141): Using default keymap: /system/usr/keychars/qwerty.kcm.bin
I/ActivityManager(   61): Start proc com.android.email for broadcast com.android.email/.service.EmailBroadcastReceiver: pid=340 uid=10028 gids={3003, 1015}
I/ActivityThread(  340): Pub com.android.email.provider: com.android.email.provider.EmailProvider
I/ActivityThread(  340): Pub com.android.email.attachmentprovider: com.android.email.provider.AttachmentProvider
I/ActivityThread(  340): Pub com.android.exchange.provider: com.android.exchange.provider.ExchangeProvider
D/EAS SyncManager(  340): !!! EAS SyncManager, onCreate
D/Eas Debug(  340): Logging: 
D/EAS SyncManager(  340): !!! EAS SyncManager, onDestroy
D/MediaScannerService(  237): start scanning volume internal
D/Email   (  340): BOOT_COMPLETED
D/EAS SyncManager(  340): !!! EAS SyncManager, onCreate
D/EAS SyncManager(  340): !!! EAS SyncManager, onStartCommand
D/EAS SyncManager(  340): !!! EAS SyncManager, stopping self
D/EAS SyncManager(  340): !!! EAS SyncManager, onDestroy
D/dalvikvm(  187): GC_CONCURRENT freed 273K, 51% free 2854K/5767K, external 1625K/2137K, paused 3ms+24ms
D/dalvikvm(  138): GREF has increased to 201
D/dalvikvm(  246): Trying to load lib /data/data/com.wandoujia.phoenix2/lib/libcipher.so 0x40514f60
D/dalvikvm(  246): Added shared lib /data/data/com.wandoujia.phoenix2/lib/libcipher.so 0x40514f60
D/dalvikvm(  246): No JNI_OnLoad found in /data/data/com.wandoujia.phoenix2/lib/libcipher.so 0x40514f60, skipping init
I/dalvikvm(  246): Total arena pages for JIT: 11
I/dalvikvm(  246): Total arena pages for JIT: 12
D/dalvikvm(  141): GC_EXTERNAL_ALLOC freed 262K, 50% free 2961K/5895K, external 6583K/6590K, paused 53ms
D/MediaScanner(  237):  prescan time: 1960ms
D/MediaScanner(  237):     scan time: 9ms
D/MediaScanner(  237): postscan time: 0ms
D/MediaScanner(  237):    total time: 1969ms
D/MediaScannerService(  237): done scanning volume internal
D/MediaScannerService(  237): start scanning volume external
V/MediaProvider(  237): /mnt/sdcard volume ID: 218050065
I/Launcher.Model(  141): not binding apps: no Launcher activity
D/dalvikvm(  141): GC_EXPLICIT freed 54K, 51% free 2908K/5895K, external 6098K/7579K, paused 54ms
V/MediaProvider(  237): Attached volume: external
D/dalvikvm(  141): GC_EXPLICIT freed 191K, 49% free 3036K/5895K, external 6179K/7579K, paused 48ms
V/MediaScanner(  237): pruneDeadThumbnailFiles... android.database.sqlite.SQLiteCursor@405bd2d0
V/MediaScanner(  237): /pruneDeadThumbnailFiles... android.database.sqlite.SQLiteCursor@405bd2d0
D/MediaScanner(  237):  prescan time: 206ms
D/MediaScanner(  237):     scan time: 15ms
D/MediaScanner(  237): postscan time: 8ms
D/MediaScanner(  237):    total time: 229ms
D/MediaScannerService(  237): done scanning volume external
D/dalvikvm(  246): GC_CONCURRENT freed 842K, 50% free 3536K/7047K, external 1753K/2137K, paused 8ms+3ms
I/ActivityManager(   61): Starting: Intent { act=android.intent.action.MAIN cat=[android.intent.category.LAUNCHER] flg=0x10200000 cmp=cn.wps.moffice_eng/cn.wps.moffice.documentmanager.PreStartActivity } from pid 141
I/ActivityManager(   61): Start proc cn.wps.moffice_eng for activity cn.wps.moffice_eng/cn.wps.moffice.documentmanager.PreStartActivity: pid=370 uid=10037 gids={3003, 1015}
I/ActivityManager(   61): Starting: Intent { act=android.intent.action.MAIN cat=[android.intent.category.LAUNCHER] flg=0x10200000 cmp=cn.wps.moffice_eng/cn.wps.moffice.documentmanager.PreStartActivity } from pid 141
D/dalvikvm(  370): GetFieldID: unable to find field Ljava/util/HashMap;.loadFactor:F
D/dalvikvm(  370): GetFieldID: unable to find field Ljava/util/HashMap;.loadFactor:F
D/dalvikvm(  370): GetFieldID: unable to find field Ljava/util/HashMap;.loadFactor:F
I/dalvikvm(  370): Could not find method cn.wps.moffice.documentmanager.PreStartActivity.getActionBar, referenced from method cn.wps.moffice.documentmanager.PreStartActivity.setDisplayShowCustomEnabled
W/dalvikvm(  370): VFY: unable to resolve virtual method 11013: Lcn/wps/moffice/documentmanager/PreStartActivity;.getActionBar ()Landroid/app/ActionBar;
D/dalvikvm(  370): VFY: replacing opcode 0x6e at 0x0006
D/dalvikvm(  370): VFY: dead code 0x0009-000e in Lcn/wps/moffice/documentmanager/PreStartActivity;.setDisplayShowCustomEnabled (Z)V
D/dalvikvm(  370): GetFieldID: unable to find field Ljava/util/HashMap;.loadFactor:F
I/ActivityManager(   61): Starting: Intent { cmp=cn.wps.moffice_eng/cn.wps.moffice.documentmanager.DocumentManager } from pid 370
D/dalvikvm(  370): GetFieldID: unable to find field Ljava/util/HashMap;.loadFactor:F
D/dalvikvm(  370): GC_EXTERNAL_ALLOC freed 638K, 50% free 3332K/6599K, external 2129K/2137K, paused 69ms
D/dalvikvm(  370): GC_EXTERNAL_ALLOC freed 46K, 49% free 3383K/6599K, external 2611K/2673K, paused 63ms
D/dalvikvm(  370): GetFieldID: unable to find field Ljava/util/HashMap;.loadFactor:F
D/dalvikvm(  370): GetFieldID: unable to find field Ljava/util/HashMap;.loadFactor:F
I/dalvikvm(  370): Failed resolving Lcn/wps/moffice/common/beans/k$1; interface 540 'Landroid/nfc/NfcAdapter$OnNdefPushCompleteCallback;'
W/dalvikvm(  370): Link of class 'Lcn/wps/moffice/common/beans/k$1;' failed
E/dalvikvm(  370): Could not find class 'cn.wps.moffice.common.beans.k$1', referenced from method cn.wps.moffice.common.beans.k.<init>
W/dalvikvm(  370): VFY: unable to resolve new-instance 1597 (Lcn/wps/moffice/common/beans/k$1;) in Lcn/wps/moffice/common/beans/k;
D/dalvikvm(  370): VFY: replacing opcode 0x22 at 0x0039
I/dalvikvm(  370): Failed resolving Lcn/wps/moffice/common/beans/k$3; interface 538 'Landroid/nfc/NfcAdapter$CreateBeamUrisCallback;'
W/dalvikvm(  370): Link of class 'Lcn/wps/moffice/common/beans/k$3;' failed
E/dalvikvm(  370): Could not find class 'cn.wps.moffice.common.beans.k$3', referenced from method cn.wps.moffice.common.beans.k.<init>
W/dalvikvm(  370): VFY: unable to resolve new-instance 1599 (Lcn/wps/moffice/common/beans/k$3;) in Lcn/wps/moffice/common/beans/k;
D/dalvikvm(  370): VFY: replacing opcode 0x22 at 0x0070
D/dalvikvm(  370): VFY: dead code 0x003b-005c in Lcn/wps/moffice/common/beans/k;.<init> (Landroid/app/Activity;)V
D/dalvikvm(  370): VFY: dead code 0x0072-0079 in Lcn/wps/moffice/common/beans/k;.<init> (Landroid/app/Activity;)V
D/water   (  370): packageName: cn.wps.moffice_eng
D/dalvikvm(  370): GetFieldID: unable to find field Ljava/util/HashMap;.loadFactor:F
D/dalvikvm(  370): GetFieldID: unable to find field Ljava/util/HashMap;.loadFactor:F
D/dalvikvm(  370): GetFieldID: unable to find field Ljava/util/HashMap;.loadFactor:F
D/dalvikvm(  370): GetFieldID: unable to find field Ljava/util/HashMap;.loadFactor:F
D/dalvikvm(  370): GetFieldID: unable to find field Ljava/util/HashMap;.loadFactor:F
D/dalvikvm(  370): GetFieldID: unable to find field Ljava/util/HashMap;.loadFactor:F
D/dalvikvm(   61): GREF has increased to 401
D/dalvikvm(  370): GetFieldID: unable to find field Ljava/util/HashMap;.loadFactor:F
D/dalvikvm(  370): GC_CONCURRENT freed 529K, 47% free 3585K/6727K, external 3171K/3694K, paused 4ms+4ms
D/dalvikvm(  370): GetFieldID: unable to find field Ljava/util/HashMap;.loadFactor:F
D/dalvikvm(  370): GetFieldID: unable to find field Ljava/util/HashMap;.loadFactor:F
D/dalvikvm(  370): GetFieldID: unable to find field Ljava/util/HashMap;.loadFactor:F
D/dalvikvm(  370): GetFieldID: unable to find field Ljava/util/HashMap;.loadFactor:F
D/dalvikvm(  370): GC_EXTERNAL_ALLOC freed 405K, 47% free 3609K/6791K, external 3160K/3694K, paused 515ms
D/dalvikvm(  370): GC_EXTERNAL_ALLOC freed 152K, 47% free 3621K/6791K, external 3583K/4343K, paused 123ms
D/dalvikvm(  370): GC_EXTERNAL_ALLOC freed 77K, 47% free 3628K/6791K, external 4197K/5241K, paused 54ms
W/ResourceType(   61): Skipping entry 0x7f040000 in package table 0 because it is not complex!
W/ResourceType(   61): Skipping entry 0x7f040017 in package table 0 because it is not complex!
I/ARMAssembler(   61): generated scanline__00000177:03515104_00001002_00000000 [ 87 ipp] (110 ins) at [0x44c7e6f0:0x44c7e8a8] in 613984 ns
I/ActivityManager(   61): Displayed cn.wps.moffice_eng/cn.wps.moffice.documentmanager.DocumentManager: +4s966ms (total +6s51ms)
D/dalvikvm(  246): GC_CONCURRENT freed 577K, 46% free 3821K/7047K, external 1753K/2137K, paused 8ms+4ms
I/dalvikvm(  246): Could not find method android.app.ActivityManager.getLauncherLargeIconSize, referenced from method com.wandoujia.phoenix2.utils.ShortcutUtil.a
W/dalvikvm(  246): VFY: unable to resolve virtual method 60: Landroid/app/ActivityManager;.getLauncherLargeIconSize ()I
D/dalvikvm(  246): VFY: replacing opcode 0x6e at 0x0013
D/dalvikvm(  246): VFY: dead code 0x0016-0040 in Lcom/wandoujia/phoenix2/utils/ShortcutUtil;.a (Landroid/graphics/Bitmap;Landroid/content/Context;)Landroid/graphics/Bitmap;
D/inject  (  421): [+] The pid of cn.wps.moffice_eng: 370
D/inject  (  421): [+] Injecting process: 370
D/inject  (  421): [+] get_remote_addr: local[afd00000], remote[afd00000]
D/inject  (  421): [+] Remote mmap address: afd170cd
D/inject  (  421): [+] Calling mmap in target process.
D/inject  (  421): [+] Target process returned from mmap, return value=453f0000, pc=0 
D/inject  (  421): [+] get_remote_addr: local[b0001000], remote[b0001000]
D/inject  (  421): [+] get_remote_addr: local[b0001000], remote[b0001000]
D/inject  (  421): [+] get_remote_addr: local[b0001000], remote[b0001000]
D/inject  (  421): [+] Get imports: dlopen: b00059bd, dlsym: b0005915, dlclose: b0005849
D/inject  (  421): [+] Inject code start: c008, end: c084
D/inject  (  421): [+] _dlopen_param1_s: 453f3c9c
D/inject  (  421): [+] _dlsym_param2_s: 453f3d9c
D/inject  (  421): [+] _saved_r0_pc_s: 453f3e9c
D/inject  (  421): [+] _inject_function_param_s: 453f3f9c
D/inject  (  421): [+] Remote shellcode address: 453f3c00
D/inject  (  421): [+] Process Detach: 10
D/inject  (  370): hello ARM! I'm parameter1324! pid:370
D/inject  (  370): The Handle of libhook_open: b000d2b0
D/inject  (  370): find it pre 0
D/inject  (  370): find it 80601338
D/inject  (  370): [+] aaaaaaa do_hook function is invoked 
D/inject  (  370): [+] open addr: 0xafd17111. New addr 0x80601240
D/inject  (  370): [+] just for test info 
D/inject  (  370): [+] set ok 
D/inject  (  370): [+] Get the persist.sys.test  bbbbbbbb
D/inject  (  370): [+] just for test print old_open address 0xafd17111
D/inject  (  370): [+] just for test print new_open address 0x80601240
D/inject  (  370): [+] Get old address global  afd17111
D/inject  (  370): [+] Get new address global  80601240
D/inject  (  370): [+] binder path ad100000
D/inject  (  370): [+] Section header table file offset 2e23c
D/inject  (  370): [+] Section header table entry count 15
D/inject  (  370): [+] Section header table entry size 28
D/inject  (  370): [+] Section header string table index 14
D/inject  (  370): [+] Object file type 3
D/inject  (  370): [+] Object file version 1
D/inject  (  370): [+] Out_addr in GOT table before 0
D/inject  (  370): [+] Out_size of func in GOT table before 0
D/inject  (  370): [+] Out_addr in GOT table ad12c138
D/inject  (  370): [+] Out_size of func in GOT table 8c4
D/inject  (  370): [+] Out_addr in GOT table ad12c138
D/inject  (  370): [+] Out_size of func in GOT table 8c4
D/inject  (  370): [+] Out_addr in GOT afd4d5c8
D/inject  (  370): [+] old open address 20000 afd17111
D/inject  (  370): [+] Out_addr in GOT 464c457f
D/inject  (  370): [+] target pid 172
D/inject  (  370): [+] old open address 22223 afd17111
D/inject  (  370): [+] Find got_item ff 
D/inject  (  370): [+] old open address 3333 afd17111
D/inject  (  370): [+] old open address 3333 afffffff
D/inject  (  370): [+] new open address 3333 80601240
D/inject  (  370): [+] new open address 3333 80601240
D/inject  (  370): [+] Find got item afd4d5c8 
D/inject  (  370): [+] Find got item ad12e2a4 
D/inject  (  370): [+] Find got item ad12e28c 
D/inject  (  370): [+] Find got item ad12e268 
D/inject  (  370): [+] Find got item ad12e258 
D/inject  (  370): [+] Find got item afd4631c 
D/inject  (  370): [+] Find got item ad12e298 
D/inject  (  370): [+] Find got item ad12e250 
D/inject  (  370): [+] Find got item ad12e280 
D/inject  (  370): [+] Find got item ad12e294 
D/inject  (  370): [+] Find got item ad12e260 
D/inject  (  370): [+] Find got item ad12e278 
D/inject  (  370): [+] Find got item afd415c0 
D/inject  (  370): [+] Find got item ad12e2a8 
D/inject  (  370): [+] Find got item ad12e274 
D/inject  (  370): [+] Find got item ad12e27c 
D/inject  (  370): [+] Find got item ad12e248 
D/inject  (  370): [+] Find got item ad12e2a0 
D/inject  (  370): [+] Find got item ad12e25c 
D/inject  (  370): [+] Find got item ad12e270 
D/inject  (  370): [+] Find got item ad12e288 
D/inject  (  370): [+] Find got item ad12e264 
D/inject  (  370): [+] Find got item ad12e284 
D/inject  (  370): [+] Find got item ad9bc7f1 
D/inject  (  370): [+] Find got item ad9bc7f9 
D/inject  (  370): [+] Find got item ade45f55 
D/inject  (  370): [+] Find got item ade45f69 
D/inject  (  370): [+] Find got item ad9bb339 
D/inject  (  370): [+] Find got item ad9bb341 
D/inject  (  370): [+] Find got item ad9b481d 
D/inject  (  370): [+] Find got item ad9b4831 
D/inject  (  370): [+] Find got item ad9a5561 
D/inject  (  370): [+] Find got item ad9a5569 
D/inject  (  370): [+] Find got item ade31305 
D/inject  (  370): [+] Find got item ade3130d 
D/inject  (  370): [+] Find got item ad12e240 
D/inject  (  370): [+] Find got item ad12e244 
D/inject  (  370): [+] Find got item ad12e24c 
D/inject  (  370): [+] Find got item ad12e254 
D/inject  (  370): [+] Find got item ad12e26c 
D/inject  (  370): [+] Find got item ad12e290 
D/inject  (  370): [+] Find got item ad12e29c 
D/inject  (  370): [+] Find got item ade5f751 
D/inject  (  370): [+] Find got item ade5f749 
D/inject  (  370): [+] Find got item ade5f74d 
D/inject  (  370): [+] Find got item adec6b68 
D/inject  (  370): [+] Find got item ad12ca00 
D/inject  (  370): [+] Find got item afd42610 
D/inject  (  370): [+] Find got item 0 
D/inject  (  370): [+] Find got item 0 
D/inject  (  370): [+] Find got item 0 
D/inject  (  370): [+] Find got item afd2092d 
D/inject  (  370): [+] Find got item afd19c3d 
D/inject  (  370): [+] Find got item afd20a45 
D/inject  (  370): [+] Find got item af9038e5 
D/inject  (  370): [+] Find got item afd28321 
D/inject  (  370): [+] Find got item af9037b1 
D/inject  (  370): [+] Find got item afd1c87d 
D/inject  (  370): [+] Find got item ade3a295 
D/inject  (  370): [+] Find got item ade394bd 
D/inject  (  370): [+] Find got item ade39c31 
D/inject  (  370): [+] Find got item ad9a4ef5 
D/inject  (  370): [+] Find got item ad96a6b1 
D/inject  (  370): [+] Find got item ade39141 
D/inject  (  370): [+] Find got item ad99e381 
D/inject  (  370): [+] Find got item ad96a3f1 
D/inject  (  370): [+] Find got item ad99d059 
D/inject  (  370): [+] Find got item ade256f1 
D/inject  (  370): [+] Find got item ad9a3e51 
D/inject  (  370): [+] Find got item ad9a3839 
D/inject  (  370): [+] Find got item afd25c95 
D/inject  (  370): [+] Find got item afd11fbd 
D/inject  (  370): [+] Find got item afd17049 
D/inject  (  370): [+] Find got item afd0bba0 
D/inject  (  370): [+] Find got item afd0bad0 
D/inject  (  370): [+] Find got item afd0e3e0 
D/inject  (  370): [+] Find got item afd0e3f4 
D/inject  (  370): [+] Find got item afd29855 
D/inject  (  370): [+] Find got item afd0bc40 
D/inject  (  370): [+] Find got item afc009e1 
D/inject  (  370): [+] Find got item afd0bc00 
D/inject  (  370): [+] Find got item afc009c1 
D/inject  (  370): [+] Find got item afd0bbe0 
D/inject  (  370): [+] Find got item afd14de4 
D/inject  (  370): [+] Find got item afd20859 
D/inject  (  370): [+] Find got item afc009e9 
D/inject  (  370): [+] Find got item afd172fd 
D/inject  (  370): [+] Find got item afd3742d 
D/inject  (  370): [+] Find got item afd17249 
D/inject  (  370): [+] Find got item afd171a1 
D/inject  (  370): [+] Find got item afc009c9 
D/inject  (  370): [+] Find got item afd17ac5 
D/inject  (  370): [+] Find got item afd0bc80 
D/inject  (  370): [+] Find got item afd19a49 
D/inject  (  370): [+] Find got item afd17111 
D/inject  (  370): [+] Find open and replace 
D/inject  (  370): [+]-----------open test txt file-----------
D/inject  (  370): [+] The New open path /data/data/cn.wps.moffice_eng/files/AppPersistence
D/inject  (  370): [+] The New open count 1
D/inject  (  370): [+] The old openfile fd 54
D/dalvikvm(  370): GetFieldID: unable to find field Ljava/util/HashMap;.loadFactor:F
D/inject  (  370): [+]-----------open test txt file-----------
D/inject  (  370): [+] The New open path /data/data/cn.wps.moffice_eng/files/AppPersistence
D/inject  (  370): [+] The New open count 2
D/inject  (  370): [+] The old openfile fd 54
D/inject  (  370): [+]-----------open test txt file-----------
D/inject  (  370): [+] The New open path /data/data/cn.wps.moffice_eng/files/AppPersistence
D/inject  (  370): [+] The New open count 3
D/inject  (  370): [+] The old openfile fd 54
D/dalvikvm(  370): GetFieldID: unable to find field Ljava/util/HashMap;.loadFactor:F
D/inject  (  370): [+]-----------open test txt file-----------
D/inject  (  370): [+] The New open path /data/data/cn.wps.moffice_eng/files/AppPersistence
D/inject  (  370): [+] The New open count 4
D/inject  (  370): [+] The old openfile fd 54
D/inject  (  370): [+]-----------open test txt file-----------
D/inject  (  370): [+] The New open path /data/data/cn.wps.moffice_eng/files/AppPersistence
D/inject  (  370): [+] The New open count 5
D/inject  (  370): [+] The old openfile fd 54
D/dalvikvm(  370): GetFieldID: unable to find field Ljava/util/HashMap;.loadFactor:F
I/ActivityManager(   61): Starting: Intent { cmp=cn.wps.moffice_eng/cn.wps.moffice.startactivity.writer.StartWriterActivity1 (has extras) } from pid 370
I/ActivityManager(   61): Start proc cn.wps.moffice_eng:writer1 for activity cn.wps.moffice_eng/cn.wps.moffice.startactivity.writer.StartWriterActivity1: pid=428 uid=10037 gids={3003, 1015}
D/dalvikvm(  428): GetFieldID: unable to find field Ljava/util/HashMap;.loadFactor:F
D/dalvikvm(  428): GetFieldID: unable to find field Ljava/util/HashMap;.loadFactor:F
D/dalvikvm(  428): GetFieldID: unable to find field Ljava/util/HashMap;.loadFactor:F
I/ActivityManager(   61): Starting: Intent { cmp=cn.wps.moffice_eng/cn.wps.moffice.writer.Writer1 (has extras) } from pid 428
D/dalvikvm(  428): GC_EXTERNAL_ALLOC freed 624K, 50% free 3305K/6535K, external 2131K/2137K, paused 66ms
D/dalvikvm(  428): GC_EXTERNAL_ALLOC freed 41K, 50% free 3316K/6535K, external 2657K/2675K, paused 57ms
D/dalvikvm(  428): GC_EXTERNAL_ALLOC freed 50K, 48% free 3418K/6535K, external 3330K/3332K, paused 48ms
D/dalvikvm(  428): GetFieldID: unable to find field Ljava/util/HashMap;.loadFactor:F
D/dalvikvm(  428): GetFieldID: unable to find field Ljava/util/HashMap;.loadFactor:F
I/dalvikvm(  428): Failed resolving Lcn/wps/moffice/common/beans/k$1; interface 540 'Landroid/nfc/NfcAdapter$OnNdefPushCompleteCallback;'
W/dalvikvm(  428): Link of class 'Lcn/wps/moffice/common/beans/k$1;' failed
E/dalvikvm(  428): Could not find class 'cn.wps.moffice.common.beans.k$1', referenced from method cn.wps.moffice.common.beans.k.<init>
W/dalvikvm(  428): VFY: unable to resolve new-instance 1597 (Lcn/wps/moffice/common/beans/k$1;) in Lcn/wps/moffice/common/beans/k;
D/dalvikvm(  428): VFY: replacing opcode 0x22 at 0x0039
I/dalvikvm(  428): Failed resolving Lcn/wps/moffice/common/beans/k$3; interface 538 'Landroid/nfc/NfcAdapter$CreateBeamUrisCallback;'
W/dalvikvm(  428): Link of class 'Lcn/wps/moffice/common/beans/k$3;' failed
E/dalvikvm(  428): Could not find class 'cn.wps.moffice.common.beans.k$3', referenced from method cn.wps.moffice.common.beans.k.<init>
W/dalvikvm(  428): VFY: unable to resolve new-instance 1599 (Lcn/wps/moffice/common/beans/k$3;) in Lcn/wps/moffice/common/beans/k;
D/dalvikvm(  428): VFY: replacing opcode 0x22 at 0x0070
D/dalvikvm(  428): VFY: dead code 0x003b-005c in Lcn/wps/moffice/common/beans/k;.<init> (Landroid/app/Activity;)V
D/dalvikvm(  428): VFY: dead code 0x0072-0079 in Lcn/wps/moffice/common/beans/k;.<init> (Landroid/app/Activity;)V
D/water   (  428): packageName: cn.wps.moffice_eng
D/inject  (  370): [+]-----------open test txt file-----------
D/inject  (  370): [+] The New open path /mnt/sdcard/KingsoftOffice/.history/HistoryRecordDataSource
D/inject  (  370): [+] The New open count 6
D/inject  (  370): [+] The old openfile fd 54
D/inject  (  370): [+]-----------open test txt file-----------
D/inject  (  370): [+] The New open path /mnt/sdcard/documents/test.txt
D/inject  (  370): [+] The New open count 7
D/inject  (  370): [+] test copy file
D/inject  (  370): [+] The old file fd 54
D/inject  (  370): [+] The copy file fd 61
D/inject  (  370): [+] The New open file fd 54
D/dalvikvm(  428): GetFieldID: unable to find field Ljava/util/HashMap;.loadFactor:F
D/inject  (  370): [+]-----------open test txt file-----------
D/inject  (  370): [+] The New open path /data/data/cn.wps.moffice_eng/files/.cloud/.connectionPersistence
D/inject  (  370): [+] The New open count 8
D/inject  (  370): [+] The old openfile fd 54
D/dalvikvm(  428): GetFieldID: unable to find field Ljava/util/HashMap;.loadFactor:F
D/dalvikvm(  428): GC_CONCURRENT freed 489K, 47% free 3632K/6727K, external 3627K/4173K, paused 3ms+4ms
D/dalvikvm(  428): GetFieldID: unable to find field Ljava/util/HashMap;.loadFactor:F
D/dalvikvm(  428): GetFieldID: unable to find field Ljava/util/HashMap;.loadFactor:F
D/dalvikvm(  428): GC_EXTERNAL_ALLOC freed 752K, 48% free 3785K/7175K, external 3630K/4173K, paused 58ms
D/dalvikvm(  428): GetFieldID: unable to find field Ljava/util/HashMap;.loadFactor:F
D/inject  (  370): [+]-----------open test txt file-----------
D/inject  (  370): [+] The New open path /data/data/cn.wps.moffice_eng/files/lable.db
D/inject  (  370): [+] The New open count 9
D/inject  (  370): [+] The old openfile fd 54
D/dalvikvm(  428): GC_EXTERNAL_ALLOC freed 485K, 47% free 3879K/7239K, external 4951K/6132K, paused 68ms
D/dalvikvm(  428): GetFieldID: unable to find field Ljava/util/HashMap;.loadFactor:F
D/dalvikvm(  428): GetFieldID: unable to find field Ljava/util/HashMap;.loadFactor:F
D/dalvikvm(  428): GC_EXTERNAL_ALLOC freed 172K, 45% free 3997K/7239K, external 7897K/8237K, paused 132ms
D/inject  (  370): [+]-----------open test txt file-----------
D/inject  (  370): [+] The New open path /data/data/cn.wps.moffice_eng/files/lable.db
D/inject  (  370): [+] The New open count 10
D/inject  (  370): [+] The old openfile fd 54
I/ActivityManager(   61): Displayed cn.wps.moffice_eng/cn.wps.moffice.writer.Writer1: +4s218ms (total +5s83ms)
W/InputMethodManager(  428): Ignoring onBind: cur seq=6, given seq=5
D/inject  (  370): [+]-----------open test txt file-----------
D/inject  (  370): [+] The New open path /data/data/cn.wps.moffice_eng/files/_localRecord
D/inject  (  370): [+] The New open count 11
D/inject  (  370): [+] The old openfile fd 54
D/inject  (  370): [+]-----------open test txt file-----------
D/inject  (  370): [+] The New open path /data/data/cn.wps.moffice_eng/files/_localRecord
D/inject  (  370): [+] The New open count 12
D/inject  (  370): [+] The old openfile fd 54
D/inject  (  370): [+]-----------open test txt file-----------
D/inject  (  370): [+] The New open path /mnt/sdcard/KingsoftOffice/.history/.nomedia/255b33a7e966eec4c33af01fa9395c5f.png
D/inject  (  370): [+] The New open count 13
D/inject  (  370): [+] The old openfile fd 54
D/inject  (  370): [+]-----------open test txt file-----------
D/inject  (  370): [+] The New open path /mnt/sdcard/KingsoftOffice/.history/.nomedia/255b33a7e966eec4c33af01fa9395c5f.png
D/dalvikvm(  370): GC_CONCURRENT freed 918K, 47% free 4116K/7623K, external 4387K/5479K, paused 4ms+14ms
D/inject  (  370): [+] The New open count 14
D/inject  (  370): [+] The old openfile fd 54
D/dalvikvm(  370): GC_EXTERNAL_ALLOC freed 208K, 49% free 3940K/7623K, external 4387K/5479K, paused 175ms
D/inject  (  370): [+]-----------open test txt file-----------
D/inject  (  370): [+] The New open path /mnt/sdcard/KingsoftOffice/.history/.nomedia/2cf17f35fc9362e4f5a745323b2f8903.png
D/inject  (  370): [+] The New open count 15
D/inject  (  370): [+] The old openfile fd 40
D/inject  (  370): [+]-----------open test txt file-----------
D/inject  (  370): [+] The New open path /mnt/sdcard/KingsoftOffice/.history/.nomedia/2cf17f35fc9362e4f5a745323b2f8903.png
D/inject  (  370): [+] The New open count 16
D/inject  (  370): [+] The old openfile fd 40
D/dalvikvm(  370): GC_EXTERNAL_ALLOC freed 137K, 49% free 3891K/7623K, external 5223K/5641K, paused 178ms
D/inject  (  370): [+]-----------open test txt file-----------
D/inject  (  370): [+] The New open path /mnt/sdcard/KingsoftOffice/.history/.nomedia/ab189525c7e6b00c55c498d80f7d9fbf.png
D/inject  (  370): [+] The New open count 17
D/inject  (  370): [+] The old openfile fd 40
D/inject  (  370): [+]-----------open test txt file-----------
D/inject  (  370): [+] The New open path /mnt/sdcard/KingsoftOffice/.history/.nomedia/ab189525c7e6b00c55c498d80f7d9fbf.png
D/inject  (  370): [+] The New open count 18
D/inject  (  370): [+] The old openfile fd 40
D/dalvikvm(  370): GC_EXTERNAL_ALLOC freed 42K, 49% free 3933K/7623K, external 4974K/6212K, paused 174ms
D/dalvikvm(  118): GC_EXTERNAL_ALLOC freed 74K, 49% free 3191K/6215K, external 2107K/2137K, paused 45ms
D/dalvikvm(  118): GC_EXTERNAL_ALLOC freed 63K, 47% free 3297K/6215K, external 2670K/2680K, paused 46ms
D/dalvikvm(  118): GC_EXTERNAL_ALLOC freed 13K, 47% free 3304K/6215K, external 3364K/3373K, paused 44ms
D/dalvikvm(  118): GC_EXTERNAL_ALLOC freed 15K, 47% free 3331K/6215K, external 4243K/4254K, paused 107ms
D/dalvikvm(  428): GC_EXTERNAL_ALLOC freed 495K, 44% free 4110K/7239K, external 9167K/9848K, paused 60ms
D/inject  (  370): [+]-----------open test txt file-----------
D/inject  (  370): [+] The New open path /data/data/cn.wps.moffice_eng/files/_localRecord
D/inject  (  370): [+] The New open count 19
D/inject  (  370): [+] The old openfile fd 40
D/inject  (  370): [+]-----------open test txt file-----------
D/inject  (  370): [+] The New open path /data/data/cn.wps.moffice_eng/files/_localRecord
D/inject  (  370): [+] The New open count 20
D/inject  (  370): [+] The old openfile fd 40
D/inject  (  370): [+]-----------open test txt file-----------
D/inject  (  370): [+] The New open path /mnt/sdcard/KingsoftOffice/.history/.nomedia/255b33a7e966eec4c33af01fa9395c5f.png
D/inject  (  370): [+] The New open count 21
D/inject  (  370): [+] The old openfile fd 40
D/inject  (  370): [+]-----------open test txt file-----------
D/inject  (  370): [+] The New open path /mnt/sdcard/KingsoftOffice/.history/.nomedia/255b33a7e966eec4c33af01fa9395c5f.png
D/inject  (  370): [+] The New open count 22
D/inject  (  370): [+] The old openfile fd 40
D/dalvikvm(  370): GC_EXTERNAL_ALLOC freed 221K, 49% free 3941K/7623K, external 4360K/5445K, paused 290ms
D/dalvikvm(  118): GC_EXTERNAL_ALLOC freed 74K, 45% free 3463K/6215K, external 5273K/5338K, paused 412ms
I/ActivityManager(   61): Starting: Intent { cmp=cn.wps.moffice_eng/cn.wps.moffice.documentmanager.DocumentManager } from pid 428
D/inject  (  370): [+]-----------open test txt file-----------
D/inject  (  370): [+] The New open path /data/data/cn.wps.moffice_eng/files/lable.db
D/inject  (  370): [+] The New open count 23
D/inject  (  370): [+] The old openfile fd 41
D/inject  (  370): [+]-----------open test txt file-----------
D/inject  (  370): [+] The New open path /mnt/sdcard/KingsoftOffice/.history/.nomedia/2cf17f35fc9362e4f5a745323b2f8903.png
D/inject  (  370): [+] The New open count 24
D/inject  (  370): [+] The old openfile fd 40
D/inject  (  370): [+]-----------open test txt file-----------
D/inject  (  370): [+] The New open path /mnt/sdcard/KingsoftOffice/.history/.nomedia/2cf17f35fc9362e4f5a745323b2f8903.png
D/inject  (  370): [+] The New open count 25
D/inject  (  370): [+] The old openfile fd 40
W/ActivityManager(   61): Activity pause timeout for HistoryRecord{407a4870 cn.wps.moffice_eng/cn.wps.moffice.writer.Writer1}
D/dalvikvm(  370): GC_EXTERNAL_ALLOC freed 142K, 49% free 3912K/7623K, external 5223K/5641K, paused 52ms
D/inject  (  370): [+]-----------open test txt file-----------
D/inject  (  370): [+] The New open path /mnt/sdcard/KingsoftOffice/.history/.nomedia/ab189525c7e6b00c55c498d80f7d9fbf.png
D/inject  (  370): [+] The New open count 26
D/inject  (  370): [+] The old openfile fd 40
D/inject  (  370): [+]-----------open test txt file-----------
D/inject  (  370): [+] The New open path /mnt/sdcard/KingsoftOffice/.history/.nomedia/ab189525c7e6b00c55c498d80f7d9fbf.png
D/inject  (  370): [+] The New open count 27
D/inject  (  370): [+] The old openfile fd 40
D/dalvikvm(  370): GC_EXTERNAL_ALLOC freed 41K, 49% free 3956K/7623K, external 4974K/6212K, paused 55ms
D/inject  (  370): [+]-----------open test txt file-----------
D/inject  (  370): [+] The New open path /data/data/cn.wps.moffice_eng/files/AppPersistence
D/inject  (  370): [+] The New open count 28
D/inject  (  370): [+] The old openfile fd 40
D/dalvikvm(  370): GetFieldID: unable to find field Ljava/util/HashMap;.loadFactor:F
D/inject  (  370): [+]-----------open test txt file-----------
D/inject  (  370): [+] The New open path /data/data/cn.wps.moffice_eng/files/AppPersistence
D/inject  (  370): [+] The New open count 29
D/inject  (  370): [+] The old openfile fd 40
D/dalvikvm(  370): GetFieldID: unable to find field Ljava/util/HashMap;.loadFactor:F
D/inject  (  370): [+]-----------open test txt file-----------
D/inject  (  370): [+] The New open path /data/data/cn.wps.moffice_eng/files/AppPersistence
D/inject  (  370): [+] The New open count 30
D/inject  (  370): [+] The old openfile fd 40
D/dalvikvm(  370): GetFieldID: unable to find field Ljava/util/HashMap;.loadFactor:F
D/inject  (  370): [+]-----------open test txt file-----------
D/inject  (  370): [+] The New open path /data/data/cn.wps.moffice_eng/files/AppPersistence
D/inject  (  370): [+] The New open count 31
D/inject  (  370): [+] The old openfile fd 40
D/dalvikvm(  370): GetFieldID: unable to find field Ljava/util/HashMap;.loadFactor:F
D/inject  (  370): [+]-----------open test txt file-----------
D/inject  (  370): [+] The New open path /data/data/cn.wps.moffice_eng/files/AppPersistence
D/inject  (  370): [+] The New open count 32
D/inject  (  370): [+] The old openfile fd 40
I/dalvikvm(  370): Jit: resizing JitTable from 512 to 1024
D/inject  (  370): [+]-----------open test txt file-----------
D/inject  (  370): [+] The New open path /data/data/cn.wps.moffice_eng/files/AppPersistence
D/inject  (  370): [+] The New open count 33
D/inject  (  370): [+] The old openfile fd 40
D/dalvikvm(  370): GetFieldID: unable to find field Ljava/util/HashMap;.loadFactor:F
D/inject  (  370): [+]-----------open test txt file-----------
D/inject  (  370): [+] The New open path /data/data/cn.wps.moffice_eng/files/AppPersistence
D/inject  (  370): [+] The New open count 34
D/inject  (  370): [+] The old openfile fd 40
D/dalvikvm(  370): GetFieldID: unable to find field Ljava/util/HashMap;.loadFactor:F
D/inject  (  370): [+]-----------open test txt file-----------
D/inject  (  370): [+] The New open path /data/data/cn.wps.moffice_eng/files/AppPersistence
D/inject  (  370): [+] The New open count 35
D/inject  (  370): [+] The old openfile fd 40
D/dalvikvm(  370): GetFieldID: unable to find field Ljava/util/HashMap;.loadFactor:F
D/inject  (  370): [+]-----------open test txt file-----------
D/inject  (  370): [+] The New open path /data/data/cn.wps.moffice_eng/files/AppPersistence
D/inject  (  370): [+] The New open count 36
D/inject  (  370): [+] The old openfile fd 40
D/inject  (  370): [+]-----------open test txt file-----------
D/inject  (  370): [+] The New open path /data/data/cn.wps.moffice_eng/files/_localRecord
D/inject  (  370): [+] The New open count 37
D/inject  (  370): [+] The old openfile fd 40
D/inject  (  370): [+]-----------open test txt file-----------
D/inject  (  370): [+] The New open path /data/data/cn.wps.moffice_eng/files/_localRecord
D/inject  (  370): [+] The New open count 38
D/inject  (  370): [+] The old openfile fd 40
D/inject  (  370): [+]-----------open test txt file-----------
D/inject  (  370): [+] The New open path /data/data/cn.wps.moffice_eng/files/AppPersistence
D/inject  (  370): [+] The New open count 39
D/inject  (  370): [+] The old openfile fd 40
D/dalvikvm(  370): GetFieldID: unable to find field Ljava/util/HashMap;.loadFactor:F
D/inject  (  370): [+]-----------open test txt file-----------
D/inject  (  370): [+] The New open path /data/data/cn.wps.moffice_eng/files/AppPersistence
D/inject  (  370): [+] The New open count 40
D/inject  (  370): [+] The old openfile fd 40
D/dalvikvm(  370): GetFieldID: unable to find field Ljava/util/HashMap;.loadFactor:F
D/inject  (  370): [+]-----------open test txt file-----------
D/inject  (  370): [+] The New open path /data/data/cn.wps.moffice_eng/files/AppPersistence
D/inject  (  370): [+] The New open count 41
D/inject  (  370): [+] The old openfile fd 40
D/inject  (  370): [+]-----------open test txt file-----------
D/inject  (  370): [+] The New open path /mnt/sdcard/KingsoftOffice/.history/.nomedia/255b33a7e966eec4c33af01fa9395c5f.png
D/inject  (  370): [+] The New open count 42
D/inject  (  370): [+] The old openfile fd 40
D/inject  (  370): [+]-----------open test txt file-----------
D/inject  (  370): [+] The New open path /mnt/sdcard/KingsoftOffice/.history/.nomedia/255b33a7e966eec4c33af01fa9395c5f.png
D/inject  (  370): [+] The New open count 43
D/inject  (  370): [+] The old openfile fd 40
D/dalvikvm(  370): GC_EXTERNAL_ALLOC freed 320K, 48% free 3973K/7623K, external 4360K/5445K, paused 80ms
D/inject  (  370): [+]-----------open test txt file-----------
D/inject  (  370): [+] The New open path /mnt/sdcard/KingsoftOffice/.history/.nomedia/2cf17f35fc9362e4f5a745323b2f8903.png
D/inject  (  370): [+] The New open count 44
D/inject  (  370): [+] The old openfile fd 40
D/inject  (  370): [+]-----------open test txt file-----------
D/inject  (  370): [+] The New open path /mnt/sdcard/KingsoftOffice/.history/.nomedia/2cf17f35fc9362e4f5a745323b2f8903.png
D/inject  (  370): [+] The New open count 45
D/inject  (  370): [+] The old openfile fd 40
D/dalvikvm(  370): GC_EXTERNAL_ALLOC freed 119K, 49% free 3942K/7623K, external 5211K/5629K, paused 52ms
D/inject  (  370): [+]-----------open test txt file-----------
D/inject  (  370): [+] The New open path /mnt/sdcard/KingsoftOffice/.history/.nomedia/ab189525c7e6b00c55c498d80f7d9fbf.png
D/inject  (  370): [+] The New open count 46
D/inject  (  370): [+] The old openfile fd 40
D/inject  (  370): [+]-----------open test txt file-----------
D/inject  (  370): [+] The New open path /mnt/sdcard/KingsoftOffice/.history/.nomedia/ab189525c7e6b00c55c498d80f7d9fbf.png
D/inject  (  370): [+] The New open count 47
D/inject  (  370): [+] The old openfile fd 40
D/dalvikvm(  370): GC_EXTERNAL_ALLOC freed 41K, 48% free 3984K/7623K, external 4963K/6198K, paused 57ms
D/inject  (  370): [+]-----------open test txt file-----------
D/inject  (  370): [+] The New open path /data/data/cn.wps.moffice_eng/files/.cloud/cloudsetting
D/inject  (  370): [+] The New open count 48
D/inject  (  370): [+] The old openfile fd 40
D/inject  (  370): [+]-----------open test txt file-----------
D/inject  (  370): [+] The New open path /data/data/cn.wps.moffice_eng/files/.cloud/cloudsetting
D/inject  (  370): [+] The New open count 49
D/inject  (  370): [+] The old openfile fd 40
W/InputManagerService(   61): Starting input on non-focused client com.android.internal.view.IInputMethodClient$Stub$Proxy@407a7728 (uid=10037 pid=428)
W/IInputConnectionWrapper(  428): showStatusIcon on inactive InputConnection
I/System.out(  370): flushRecord:f88f681f-f3cd-41aa-ae9b-7557bba0320e
W/KeyCharacterMap(  370): No keyboard for id 0
W/KeyCharacterMap(  370): Using default keymap: /system/usr/keychars/qwerty.kcm.bin
D/inject  (  370): [+]-----------open test txt file-----------
D/inject  (  370): [+] The New open path /mnt/sdcard/Android/data/cn.wps.moffice_eng/cache/KingsoftOffice/file/.timeBox/HistoryRecord/records/f88f681f-f3cd-41aa-ae9b-7557bba0320e
D/inject  (  370): [+] The New open count 50
D/inject  (  370): [+] The old openfile fd 40
D/inject  (  370): [+]-----------open test txt file-----------
D/inject  (  370): [+] The New open path /data/data/cn.wps.moffice_eng/files/AppPersistence
D/inject  (  370): [+] The New open count 51
D/inject  (  370): [+] The old openfile fd 42
D/dalvikvm(  370): GetFieldID: unable to find field Ljava/util/HashMap;.loadFactor:F
D/inject  (  370): [+]-----------open test txt file-----------
D/inject  (  370): [+] The New open path /data/data/cn.wps.moffice_eng/files/AppPersistence
D/inject  (  370): [+] The New open count 52
D/inject  (  370): [+] The old openfile fd 42
D/inject  (  370): [+]-----------open test txt file-----------
D/inject  (  370): [+] The New open path /mnt/sdcard/Android/data/cn.wps.moffice_eng/cache/KingsoftOffice/file/.timeBox/HistoryRecord/persistence/records_upload_list
D/inject  (  370): [+] The New open count 53
D/inject  (  370): [+] The old openfile fd 40
D/inject  (  370): [+]-----------open test txt file-----------
D/inject  (  370): [+] The New open path /mnt/sdcard/Android/data/cn.wps.moffice_eng/cache/KingsoftOffice/file/.timeBox/HistoryRecord/persistence/records_upload_list
D/inject  (  370): [+] The New open count 54
D/inject  (  370): [+] The old openfile fd 40
I/ActivityManager(   61): Starting: Intent { act=android.intent.action.MAIN cat=[android.intent.category.HOME] cmp=com.android.launcher/com.android.launcher2.Launcher } from pid 370
D/inject  (  370): [+]-----------open test txt file-----------
D/inject  (  370): [+] The New open path /data/data/cn.wps.moffice_eng/files/.cloud/cloudsetting
D/inject  (  370): [+] The New open count 55
D/inject  (  370): [+] The old openfile fd 40
D/inject  (  370): [+]-----------open test txt file-----------
D/inject  (  370): [+] The New open path /data/data/cn.wps.moffice_eng/files/.cloud/cloudsetting
D/inject  (  370): [+] The New open count 56
D/inject  (  370): [+] The old openfile fd 40
I/ActivityManager(   61): Starting: Intent { act=android.intent.action.MAIN cat=[android.intent.category.LAUNCHER] flg=0x10200000 cmp=cn.wps.moffice_eng/cn.wps.moffice.documentmanager.PreStartActivity } from pid 141
D/inject  (  370): [+]-----------open test txt file-----------
D/inject  (  370): [+] The New open path /data/data/cn.wps.moffice_eng/files/AppPersistence
D/inject  (  370): [+] The New open count 57
D/inject  (  370): [+] The old openfile fd 40
D/dalvikvm(  370): GetFieldID: unable to find field Ljava/util/HashMap;.loadFactor:F
I/ActivityManager(   61): Starting: Intent { act=android.intent.action.MAIN cat=[android.intent.category.LAUNCHER] flg=0x10200000 cmp=cn.wps.moffice_eng/cn.wps.moffice.documentmanager.PreStartActivity } from pid 141
I/ActivityManager(   61): Starting: Intent { cmp=cn.wps.moffice_eng/cn.wps.moffice.documentmanager.DocumentManager } from pid 370
W/ActivityManager(   61): Duplicate finish request for HistoryRecord{407cbed8 cn.wps.moffice_eng/cn.wps.moffice.documentmanager.PreStartActivity}
D/inject  (  370): [+]-----------open test txt file-----------
D/inject  (  370): [+] The New open path /data/data/cn.wps.moffice_eng/files/AppPersistence
D/inject  (  370): [+] The New open count 58
D/inject  (  370): [+] The old openfile fd 40
D/dalvikvm(  370): GetFieldID: unable to find field Ljava/util/HashMap;.loadFactor:F
D/inject  (  370): [+]-----------open test txt file-----------
D/inject  (  370): [+] The New open path /data/data/cn.wps.moffice_eng/files/AppPersistence
D/inject  (  370): [+] The New open count 59
D/inject  (  370): [+] The old openfile fd 40
D/dalvikvm(  370): GetFieldID: unable to find field Ljava/util/HashMap;.loadFactor:F
D/inject  (  370): [+]-----------open test txt file-----------
D/inject  (  370): [+] The New open path /data/data/cn.wps.moffice_eng/files/AppPersistence
D/inject  (  370): [+] The New open count 60
D/inject  (  370): [+] The old openfile fd 40
D/dalvikvm(  370): GetFieldID: unable to find field Ljava/util/HashMap;.loadFactor:F
D/inject  (  370): [+]-----------open test txt file-----------
D/inject  (  370): [+] The New open path /data/data/cn.wps.moffice_eng/files/AppPersistence
D/inject  (  370): [+] The New open count 61
D/inject  (  370): [+] The old openfile fd 40
D/dalvikvm(  370): GetFieldID: unable to find field Ljava/util/HashMap;.loadFactor:F
D/inject  (  370): [+]-----------open test txt file-----------
D/inject  (  370): [+] The New open path /data/data/cn.wps.moffice_eng/files/AppPersistence
D/inject  (  370): [+] The New open count 62
D/inject  (  370): [+] The old openfile fd 40
D/inject  (  370): [+]-----------open test txt file-----------
D/inject  (  370): [+] The New open path /data/data/cn.wps.moffice_eng/files/AppPersistence
D/inject  (  370): [+] The New open count 63
D/inject  (  370): [+] The old openfile fd 40
D/dalvikvm(  370): GetFieldID: unable to find field Ljava/util/HashMap;.loadFactor:F
D/inject  (  370): [+]-----------open test txt file-----------
D/inject  (  370): [+] The New open path /data/data/cn.wps.moffice_eng/files/AppPersistence
D/inject  (  370): [+] The New open count 64
D/inject  (  370): [+] The old openfile fd 40
D/dalvikvm(  370): GetFieldID: unable to find field Ljava/util/HashMap;.loadFactor:F
D/inject  (  370): [+]-----------open test txt file-----------
D/inject  (  370): [+] The New open path /data/data/cn.wps.moffice_eng/files/AppPersistence
D/inject  (  370): [+] The New open count 65
D/inject  (  370): [+] The old openfile fd 40
D/dalvikvm(  370): GetFieldID: unable to find field Ljava/util/HashMap;.loadFactor:F
D/inject  (  370): [+]-----------open test txt file-----------
D/inject  (  370): [+] The New open path /data/data/cn.wps.moffice_eng/files/AppPersistence
D/inject  (  370): [+] The New open count 66
D/inject  (  370): [+] The old openfile fd 40
D/inject  (  370): [+]-----------open test txt file-----------
D/inject  (  370): [+] The New open path /data/data/cn.wps.moffice_eng/files/.cloud/cloudsetting
D/inject  (  370): [+] The New open count 67
D/inject  (  370): [+] The old openfile fd 40
D/inject  (  370): [+]-----------open test txt file-----------
D/inject  (  370): [+] The New open path /data/data/cn.wps.moffice_eng/files/.cloud/cloudsetting
D/inject  (  370): [+] The New open count 68
D/inject  (  370): [+] The old openfile fd 40
D/inject  (  370): [+]-----------open test txt file-----------
D/inject  (  370): [+] The New open path /mnt/sdcard/KingsoftOffice/.history/.nomedia/cf57d42528c896f5dc110829a29eb37e.png
D/inject  (  370): [+] The New open count 69
D/inject  (  370): [+] The old openfile fd 40
D/inject  (  370): [+]-----------open test txt file-----------
D/inject  (  370): [+] The New open path /mnt/sdcard/KingsoftOffice/.history/.nomedia/cf57d42528c896f5dc110829a29eb37e.png
D/inject  (  370): [+] The New open count 70
D/inject  (  370): [+] The old openfile fd 40
D/dalvikvm(  370): GC_EXTERNAL_ALLOC freed 491K, 48% free 4002K/7623K, external 5566K/6579K, paused 57ms
D/dalvikvm(  141): GC_EXPLICIT freed 62K, 49% free 3049K/5895K, external 6107K/7579K, paused 713ms
D/inject  (  370): [+]-----------open test txt file-----------
D/inject  (  370): [+] The New open path /data/data/cn.wps.moffice_eng/files/mydocument_search_result_temp.ser
D/inject  (  370): [+] The New open count 71
D/inject  (  370): [+] The old openfile fd 71
D/inject  (  370): [+]-----------open test txt file-----------
D/inject  (  370): [+] The New open path /data/data/cn.wps.moffice_eng/files/mydocument_search_result.ser
D/inject  (  370): [+] The New open count 72
D/inject  (  370): [+] The old openfile fd 72
D/inject  (  370): [+]-----------open test txt file-----------
D/inject  (  370): [+] The New open path /data/data/cn.wps.moffice_eng/files/mydocument_search_result.ser
D/inject  (  370): [+] The New open count 73
D/inject  (  370): [+] The old openfile fd 40
D/inject  (  370): [+]-----------open test txt file-----------
D/inject  (  370): [+] The New open path /data/data/cn.wps.moffice_eng/files/mydocument_search_result.ser
D/inject  (  370): [+] The New open count 74
D/inject  (  370): [+] The old openfile fd 40
D/inject  (  370): [+]-----------open test txt file-----------
D/inject  (  370): [+] The New open path /data/data/cn.wps.moffice_eng/files/mydocument_search_result_temp.ser
D/inject  (  370): [+] The New open count 75
D/inject  (  370): [+] The old openfile fd 71
D/inject  (  370): [+]-----------open test txt file-----------
D/inject  (  370): [+] The New open path /data/data/cn.wps.moffice_eng/files/mydocument_search_result_temp.ser
D/inject  (  370): [+] The New open count 76
D/inject  (  370): [+] The old openfile fd 40
D/dalvikvm(  428): GC_EXPLICIT freed 411K, 46% free 3945K/7239K, external 7522K/9393K, paused 77ms
D/inject  (  370): [+]-----------open test txt file-----------
D/inject  (  370): [+] The New open path /data/data/cn.wps.moffice_eng/files/_localRecord
D/inject  (  370): [+] The New open count 77
D/inject  (  370): [+] The old openfile fd 40
D/inject  (  370): [+]-----------open test txt file-----------
D/inject  (  370): [+] The New open path /data/data/cn.wps.moffice_eng/files/_localRecord
D/inject  (  370): [+] The New open count 78
D/inject  (  370): [+] The old openfile fd 40
D/inject  (  370): [+]-----------open test txt file-----------
D/inject  (  370): [+] The New open path /data/data/cn.wps.moffice_eng/files/_localRecord
D/inject  (  370): [+] The New open count 79
D/inject  (  370): [+] The old openfile fd 40
D/inject  (  370): [+]-----------open test txt file-----------
D/inject  (  370): [+] The New open path /data/data/cn.wps.moffice_eng/files/_localRecord
D/inject  (  370): [+] The New open count 80
D/inject  (  370): [+] The old openfile fd 40
D/inject  (  370): [+]-----------open test txt file-----------
D/inject  (  370): [+] The New open path /data/data/cn.wps.moffice_eng/files/AppPersistence
D/inject  (  370): [+] The New open count 81
D/inject  (  370): [+] The old openfile fd 40
D/dalvikvm(  370): GetFieldID: unable to find field Ljava/util/HashMap;.loadFactor:F
D/inject  (  370): [+]-----------open test txt file-----------
D/inject  (  370): [+] The New open path /data/data/cn.wps.moffice_eng/files/AppPersistence
D/inject  (  370): [+] The New open count 82
D/inject  (  370): [+] The old openfile fd 40
D/dalvikvm(  370): GetFieldID: unable to find field Ljava/util/HashMap;.loadFactor:F
D/inject  (  370): [+]-----------open test txt file-----------
D/inject  (  370): [+] The New open path /data/data/cn.wps.moffice_eng/files/AppPersistence
D/inject  (  370): [+] The New open count 83
D/inject  (  370): [+] The old openfile fd 40
D/inject  (  370): [+]-----------open test txt file-----------
D/inject  (  370): [+] The New open path /mnt/sdcard/KingsoftOffice/.history/.nomedia/cf57d42528c896f5dc110829a29eb37e.png
D/inject  (  370): [+] The New open count 84
D/inject  (  370): [+] The old openfile fd 40
D/inject  (  370): [+]-----------open test txt file-----------
D/inject  (  370): [+] The New open path /mnt/sdcard/KingsoftOffice/.history/.nomedia/cf57d42528c896f5dc110829a29eb37e.png
D/inject  (  370): [+] The New open count 85
D/inject  (  370): [+] The old openfile fd 40
D/dalvikvm(  370): GC_EXTERNAL_ALLOC freed 740K, 44% free 4371K/7751K, external 5122K/6397K, paused 71ms
D/inject  (  370): [+]-----------open test txt file-----------
D/inject  (  370): [+] The New open path /mnt/sdcard/KingsoftOffice/.history/.nomedia/2cf17f35fc9362e4f5a745323b2f8903.png
D/inject  (  370): [+] The New open count 86
D/inject  (  370): [+] The old openfile fd 40
D/inject  (  370): [+]-----------open test txt file-----------
D/inject  (  370): [+] The New open path /mnt/sdcard/KingsoftOffice/.history/.nomedia/2cf17f35fc9362e4f5a745323b2f8903.png
D/inject  (  370): [+] The New open count 87
D/inject  (  370): [+] The old openfile fd 40
