D/inject  (  349): [+] The New open count 96
D/inject  (  349): [+] The old openfile fd 41
D/dalvikvm(  349): GetFieldID: unable to find field Ljava/util/HashMap;.loadFactor:F
D/inject  (  349): [+]-----------open test txt file-----------
D/inject  (  349): [+] The New open path /data/data/cn.wps.moffice_eng/files/AppPersistence
D/inject  (  349): [+] The New open count 97
D/inject  (  349): [+] The old openfile fd 41
D/inject  (  349): [+]-----------open test txt file-----------
D/inject  (  349): [+] The New open path /mnt/sdcard/KingsoftOffice/.history/.nomedia/255b33a7e966eec4c33af01fa9395c5f.png
D/inject  (  349): [+] The New open count 98
D/inject  (  349): [+] The old openfile fd 41
D/inject  (  349): [+]-----------open test txt file-----------
D/inject  (  349): [+] The New open path /mnt/sdcard/KingsoftOffice/.history/.nomedia/255b33a7e966eec4c33af01fa9395c5f.png
D/inject  (  349): [+] The New open count 99
D/inject  (  349): [+] The old openfile fd 41
D/dalvikvm(  349): GC_EXTERNAL_ALLOC freed 305K, 45% free 4103K/7367K, external 6727K/6801K, paused 54ms
D/inject  (  349): [+]-----------open test txt file-----------
D/inject  (  349): [+] The New open path /mnt/sdcard/KingsoftOffice/.history/.nomedia/2cf17f35fc9362e4f5a745323b2f8903.png
D/inject  (  349): [+] The New open count 100
D/inject  (  349): [+] The old openfile fd 41
D/inject  (  349): [+]-----------open test txt file-----------
D/inject  (  349): [+] The New open path /mnt/sdcard/KingsoftOffice/.history/.nomedia/2cf17f35fc9362e4f5a745323b2f8903.png
D/inject  (  349): [+] The New open count 101
D/inject  (  349): [+] The old openfile fd 41
D/dalvikvm(  349): GC_EXTERNAL_ALLOC freed 86K, 45% free 4105K/7367K, external 6309K/6801K, paused 53ms
D/inject  (  349): [+]-----------open test txt file-----------
D/inject  (  349): [+] The New open path /mnt/sdcard/KingsoftOffice/.history/.nomedia/ab189525c7e6b00c55c498d80f7d9fbf.png
D/inject  (  349): [+] The New open count 102
D/inject  (  349): [+] The old openfile fd 41
D/inject  (  349): [+]-----------open test txt file-----------
D/inject  (  349): [+] The New open path /mnt/sdcard/KingsoftOffice/.history/.nomedia/ab189525c7e6b00c55c498d80f7d9fbf.png
D/inject  (  349): [+] The New open count 103
D/inject  (  349): [+] The old openfile fd 41
D/dalvikvm(  349): GC_EXTERNAL_ALLOC freed 74K, 45% free 4116K/7367K, external 7341K/7568K, paused 52ms
W/IInputConnectionWrapper(  368): showStatusIcon on inactive InputConnection
D/inject  (  349): [+]-----------open test txt file-----------
D/inject  (  349): [+] The New open path /data/data/cn.wps.moffice_eng/files/.cloud/cloudsetting
D/inject  (  349): [+] The New open count 104
D/inject  (  349): [+] The old openfile fd 41
I/System.out(  349): flushRecord:f88f681f-f3cd-41aa-ae9b-7557bba0320e
D/inject  (  349): [+]-----------open test txt file-----------
D/inject  (  349): [+]-----------open test txt file-----------
D/inject  (  349): [+] The New open path /mnt/sdcard/Android/data/cn.wps.moffice_eng/cache/KingsoftOffice/file/.timeBox/HistoryRecord/records/f88f681f-f3cd-41aa-ae9b-7557bba0320e
D/inject  (  349): [+] The New open count 105
D/inject  (  349): [+] The New open path /data/data/cn.wps.moffice_eng/files/.cloud/cloudsetting
D/inject  (  349): [+] The New open count 106
D/inject  (  349): [+] The old openfile fd 41
D/inject  (  349): [+] The old openfile fd 41
D/inject  (  349): [+]-----------open test txt file-----------
D/inject  (  349): [+] The New open path /mnt/sdcard/Android/data/cn.wps.moffice_eng/cache/KingsoftOffice/file/.timeBox/HistoryRecord/persistence/records_upload_list
D/inject  (  349): [+] The New open count 107
D/inject  (  349): [+] The old openfile fd 41
D/inject  (  349): [+]-----------open test txt file-----------
D/inject  (  349): [+] The New open path /mnt/sdcard/Android/data/cn.wps.moffice_eng/cache/KingsoftOffice/file/.timeBox/HistoryRecord/persistence/records_upload_list
D/inject  (  349): [+] The New open count 108
D/inject  (  349): [+] The old openfile fd 41
D/inject  (  349): [+]-----------open test txt file-----------
D/inject  (  349): [+] The New open path /data/data/cn.wps.moffice_eng/files/.cloud/cloudsetting
D/inject  (  349): [+] The New open count 109
D/inject  (  349): [+] The old openfile fd 41
D/inject  (  349): [+]-----------open test txt file-----------
D/inject  (  349): [+] The New open path /data/data/cn.wps.moffice_eng/files/.cloud/cloudsetting
D/inject  (  349): [+] The New open count 110
D/inject  (  349): [+] The old openfile fd 41
D/dalvikvm(  368): GC_EXPLICIT freed 295K, 47% free 4455K/8327K, external 12888K/14936K, paused 86ms
D/inject  (  349): [+]-----------open test txt file-----------
D/inject  (  349): [+] The New open path /mnt/sdcard/KingsoftOffice/.history/.nomedia/c45b3b93dbfb9bc822020040c83d2145.png
D/inject  (  349): [+] The New open count 111
D/inject  (  349): [+] The old openfile fd 41
D/inject  (  349): [+]-----------open test txt file-----------
D/inject  (  349): [+] The New open path /mnt/sdcard/KingsoftOffice/.history/.nomedia/c45b3b93dbfb9bc822020040c83d2145.png
D/inject  (  349): [+] The New open count 112
D/inject  (  349): [+] The old openfile fd 41
D/dalvikvm(  349): GC_EXTERNAL_ALLOC freed 288K, 45% free 4116K/7367K, external 7646K/7949K, paused 56ms
D/inject  (  349): [+]-----------open test txt file-----------
D/inject  (  349): [+] The New open path /mnt/sdcard/KingsoftOffice/.history/.nomedia/10ca354419e828a281119d7494f3c81f.png
D/inject  (  349): [+] The New open count 113
D/inject  (  349): [+] The old openfile fd 41
D/inject  (  349): [+]-----------open test txt file-----------
D/inject  (  349): [+] The New open path /mnt/sdcard/KingsoftOffice/.history/.nomedia/10ca354419e828a281119d7494f3c81f.png
D/inject  (  349): [+] The New open count 114
D/inject  (  349): [+] The old openfile fd 41
D/inject  (  349): [+]-----------open test txt file-----------
D/inject  (  349): [+] The New open path /data/data/cn.wps.moffice_eng/files/AppPersistence
D/inject  (  349): [+] The New open count 115
D/inject  (  349): [+] The old openfile fd 41
D/dalvikvm(  349): GetFieldID: unable to find field Ljava/util/HashMap;.loadFactor:F
D/inject  (  349): [+]-----------open test txt file-----------
D/inject  (  349): [+] The New open path /data/data/cn.wps.moffice_eng/files/AppPersistence
D/inject  (  349): [+] The New open count 116
D/inject  (  349): [+] The old openfile fd 41
D/inject  (  349): [+]-----------open test txt file-----------
D/inject  (  349): [+] The New open path /data/data/cn.wps.moffice_eng/files/AppPersistence
D/inject  (  349): [+] The New open count 117
D/inject  (  349): [+] The old openfile fd 41
D/dalvikvm(  349): GetFieldID: unable to find field Ljava/util/HashMap;.loadFactor:F
D/inject  (  349): [+]-----------open test txt file-----------
D/inject  (  349): [+] The New open path /data/data/cn.wps.moffice_eng/files/AppPersistence
D/inject  (  349): [+] The New open count 118
D/inject  (  349): [+] The old openfile fd 41
D/inject  (  349): [+]-----------open test txt file-----------
D/inject  (  349): [+] The New open path /data/data/cn.wps.moffice_eng/files/AppPersistence
D/inject  (  349): [+] The New open count 119
D/inject  (  349): [+] The old openfile fd 41
D/dalvikvm(  349): GetFieldID: unable to find field Ljava/util/HashMap;.loadFactor:F
I/ActivityManager(   61): Starting: Intent { cmp=cn.wps.moffice_eng/cn.wps.moffice.startactivity.writer.StartWriterActivity1 (has extras) } from pid 349
I/ActivityManager(   61): Starting: Intent { cmp=cn.wps.moffice_eng/cn.wps.moffice.writer.Writer1 (has extras) } from pid 368
D/dalvikvm(  368): GetFieldID: unable to find field Ljava/util/HashMap;.loadFactor:F
D/dalvikvm(  368): GetFieldID: unable to find field Ljava/util/HashMap;.loadFactor:F
D/water   (  368): packageName: cn.wps.moffice_eng
D/dalvikvm(  368): GetFieldID: unable to find field Ljava/util/HashMap;.loadFactor:F
D/inject  (  349): [+]-----------open test txt file-----------
D/inject  (  349): [+] The New open path /mnt/sdcard/KingsoftOffice/.history/HistoryRecordDataSource
D/inject  (  349): [+] The New open count 120
D/inject  (  349): [+] The old openfile fd 41
D/inject  (  349): [+]-----------open test txt file-----------
D/inject  (  349): [+] The New open path /mnt/sdcard/documents/ope11.txt
D/inject  (  349): [+] The New open count 121
D/inject  (  349): [+] The old openfile fd 41
D/inject  (  349): [+]-----------open test txt file-----------
D/inject  (  349): [+] The New open path /data/data/cn.wps.moffice_eng/files/.cloud/.connectionPersistence
D/inject  (  349): [+] The New open count 122
D/inject  (  349): [+] The old openfile fd 41
D/dalvikvm(  368): GetFieldID: unable to find field Ljava/util/HashMap;.loadFactor:F
D/dalvikvm(  368): GetFieldID: unable to find field Ljava/util/HashMap;.loadFactor:F
D/dalvikvm(  368): GetFieldID: unable to find field Ljava/util/HashMap;.loadFactor:F
D/dalvikvm(  368): GC_EXTERNAL_ALLOC freed 727K, 43% free 4806K/8327K, external 12175K/13453K, paused 69ms
D/dalvikvm(  368): GetFieldID: unable to find field Ljava/util/HashMap;.loadFactor:F
D/inject  (  349): [+]-----------open test txt file-----------
D/inject  (  349): [+] The New open path /data/data/cn.wps.moffice_eng/files/lable.db
D/inject  (  349): [+] The New open count 123
D/inject  (  349): [+] The old openfile fd 41
D/dalvikvm(  368): GetFieldID: unable to find field Ljava/util/HashMap;.loadFactor:F
D/dalvikvm(  368): GetFieldID: unable to find field Ljava/util/HashMap;.loadFactor:F
D/dalvikvm(  368): GC_EXTERNAL_ALLOC freed 468K, 43% free 4799K/8327K, external 14766K/15503K, paused 158ms
D/inject  (  349): [+]-----------open test txt file-----------
D/inject  (  349): [+] The New open path /data/data/cn.wps.moffice_eng/files/lable.db
D/inject  (  349): [+] The New open count 124
D/inject  (  349): [+] The old openfile fd 41
I/ActivityManager(   61): Displayed cn.wps.moffice_eng/cn.wps.moffice.writer.Writer1: +2s225ms (total +2s262ms)
D/inject  (  349): [+]-----------open test txt file-----------
D/inject  (  349): [+] The New open path /data/data/cn.wps.moffice_eng/files/_localRecord
D/inject  (  349): [+] The New open count 125
D/inject  (  349): [+] The old openfile fd 41
D/inject  (  349): [+]-----------open test txt file-----------
D/inject  (  349): [+] The New open path /data/data/cn.wps.moffice_eng/files/_localRecord
D/inject  (  349): [+] The New open count 126
D/inject  (  349): [+] The old openfile fd 41
D/inject  (  349): [+]-----------open test txt file-----------
D/inject  (  349): [+] The New open path /mnt/sdcard/KingsoftOffice/.history/.nomedia/c45b3b93dbfb9bc822020040c83d2145.png
D/inject  (  349): [+] The New open count 127
D/inject  (  349): [+] The old openfile fd 41
D/inject  (  349): [+]-----------open test txt file-----------
D/inject  (  349): [+] The New open path /mnt/sdcard/KingsoftOffice/.history/.nomedia/c45b3b93dbfb9bc822020040c83d2145.png
D/inject  (  349): [+] The New open count 128
D/inject  (  349): [+] The old openfile fd 41
D/dalvikvm(  349): GC_EXTERNAL_ALLOC freed 522K, 44% free 4131K/7367K, external 7032K/7182K, paused 134ms
D/inject  (  349): [+]-----------open test txt file-----------
D/inject  (  349): [+] The New open path /mnt/sdcard/KingsoftOffice/.history/.nomedia/ab189525c7e6b00c55c498d80f7d9fbf.png
D/inject  (  349): [+] The New open count 129
D/inject  (  349): [+] The old openfile fd 41
D/inject  (  349): [+]-----------open test txt file-----------
D/inject  (  349): [+] The New open path /mnt/sdcard/KingsoftOffice/.history/.nomedia/ab189525c7e6b00c55c498d80f7d9fbf.png
D/inject  (  349): [+] The New open count 130
D/inject  (  349): [+] The old openfile fd 41
D/dalvikvm(  349): GC_EXTERNAL_ALLOC freed 94K, 45% free 4125K/7367K, external 6727K/6801K, paused 96ms
D/inject  (  349): [+]-----------open test txt file-----------
D/inject  (  349): [+] The New open path /mnt/sdcard/KingsoftOffice/.history/.nomedia/10ca354419e828a281119d7494f3c81f.png
D/inject  (  349): [+] The New open count 131
D/inject  (  349): [+] The old openfile fd 41
D/inject  (  349): [+]-----------open test txt file-----------
D/inject  (  349): [+] The New open path /mnt/sdcard/KingsoftOffice/.history/.nomedia/10ca354419e828a281119d7494f3c81f.png
D/inject  (  349): [+] The New open count 132
D/inject  (  349): [+] The old openfile fd 41
D/dalvikvm(  349): GC_EXTERNAL_ALLOC freed 74K, 44% free 4135K/7367K, external 7032K/7182K, paused 57ms
D/inject  (  349): [+]-----------open test txt file-----------
D/inject  (  349): [+] The New open path /data/data/cn.wps.moffice_eng/files/_localRecord
D/inject  (  349): [+] The New open count 133
D/inject  (  349): [+] The old openfile fd 41
D/inject  (  349): [+]-----------open test txt file-----------
D/inject  (  349): [+] The New open path /data/data/cn.wps.moffice_eng/files/_localRecord
D/inject  (  349): [+] The New open count 134
D/inject  (  349): [+] The old openfile fd 41
D/AndroidRuntime(  459): 
D/AndroidRuntime(  459): >>>>>> AndroidRuntime START com.android.internal.os.RuntimeInit <<<<<<
D/AndroidRuntime(  459): CheckJNI is ON
D/AndroidRuntime(  459): Calling main entry com.android.commands.pm.Pm
D/AndroidRuntime(  459): Shutting down VM
D/dalvikvm(  459): GC_CONCURRENT freed 183K, 71% free 298K/1024K, external 0K/0K, paused 1ms+2ms
D/dalvikvm(  459): Debugger has detached; object registry had 1 entries
I/AndroidRuntime(  459): NOTE: attach of thread 'Binder Thread #3' failed
D/SntpClient(   61): request time failed: java.net.SocketException: Address family not supported by protocol
D/inject  (  349): [+]-----------open test txt file-----------
D/inject  (  349): [+] The New open path /data/data/cn.wps.moffice_eng/files/_localRecord
D/inject  (  349): [+] The New open count 135
D/inject  (  349): [+] The old openfile fd 41
D/inject  (  349): [+]-----------open test txt file-----------
D/inject  (  349): [+] The New open path /data/data/cn.wps.moffice_eng/files/_localRecord
D/inject  (  349): [+] The New open count 136
D/inject  (  349): [+] The old openfile fd 41
D/inject  (  349): [+]-----------open test txt file-----------
D/inject  (  349): [+] The New open path /data/data/cn.wps.moffice_eng/files/_localRecord
D/inject  (  349): [+] The New open count 137
D/inject  (  349): [+] The old openfile fd 41
D/inject  (  349): [+]-----------open test txt file-----------
D/inject  (  349): [+] The New open path /data/data/cn.wps.moffice_eng/files/_localRecord
D/inject  (  349): [+] The New open count 138
D/inject  (  349): [+] The old openfile fd 41
D/SntpClient(   61): request time failed: java.net.SocketException: Address family not supported by protocol
D/inject  (  349): [+]-----------open test txt file-----------
D/inject  (  349): [+] The New open path /data/data/cn.wps.moffice_eng/files/_localRecord
D/inject  (  349): [+] The New open count 139
D/inject  (  349): [+] The old openfile fd 41
D/inject  (  349): [+]-----------open test txt file-----------
D/inject  (  349): [+] The New open path /data/data/cn.wps.moffice_eng/files/_localRecord
D/inject  (  349): [+] The New open count 140
D/inject  (  349): [+] The old openfile fd 41
D/dalvikvm(  349): GC_CONCURRENT freed 591K, 43% free 4326K/7559K, external 6057K/7564K, paused 4ms+12ms
D/SntpClient(   61): request time failed: java.net.SocketException: Address family not supported by protocol
D/inject  (  349): [+]-----------open test txt file-----------
D/inject  (  349): [+] The New open path /data/data/cn.wps.moffice_eng/files/_localRecord
D/inject  (  349): [+] The New open count 141
D/inject  (  349): [+] The old openfile fd 41
D/inject  (  349): [+]-----------open test txt file-----------
D/inject  (  349): [+] The New open path /data/data/cn.wps.moffice_eng/files/_localRecord
D/inject  (  349): [+] The New open count 142
D/inject  (  349): [+] The old openfile fd 41
I/dalvikvm(   61): Jit: resizing JitTable from 1024 to 2048
D/inject  (  349): [+]-----------open test txt file-----------
D/inject  (  349): [+] The New open path /data/data/cn.wps.moffice_eng/files/_localRecord
D/inject  (  349): [+] The New open count 143
D/inject  (  349): [+] The old openfile fd 41
D/inject  (  349): [+]-----------open test txt file-----------
D/inject  (  349): [+] The New open path /data/data/cn.wps.moffice_eng/files/_localRecord
D/inject  (  349): [+] The New open count 144
D/inject  (  349): [+] The old openfile fd 41
D/SntpClient(   61): request time failed: java.net.SocketException: Address family not supported by protocol
D/inject  (  349): [+]-----------open test txt file-----------
D/inject  (  349): [+] The New open path /data/data/cn.wps.moffice_eng/files/_localRecord
D/inject  (  349): [+] The New open count 145
D/inject  (  349): [+] The old openfile fd 41
D/inject  (  349): [+]-----------open test txt file-----------
D/inject  (  349): [+] The New open path /data/data/cn.wps.moffice_eng/files/_localRecord
D/inject  (  349): [+] The New open count 146
D/inject  (  349): [+] The old openfile fd 41
D/inject  (  349): [+]-----------open test txt file-----------
D/inject  (  349): [+] The New open path /data/data/cn.wps.moffice_eng/files/_localRecord
D/inject  (  349): [+] The New open count 147
D/inject  (  349): [+] The old openfile fd 41
D/inject  (  349): [+]-----------open test txt file-----------
D/inject  (  349): [+] The New open path /data/data/cn.wps.moffice_eng/files/_localRecord
D/inject  (  349): [+] The New open count 148
D/inject  (  349): [+] The old openfile fd 41
D/SntpClient(   61): request time failed: java.net.SocketException: Address family not supported by protocol
D/inject  (  349): [+]-----------open test txt file-----------
D/inject  (  349): [+] The New open path /data/data/cn.wps.moffice_eng/files/_localRecord
D/inject  (  349): [+] The New open count 149
D/inject  (  349): [+] The old openfile fd 41
D/inject  (  349): [+]-----------open test txt file-----------
D/inject  (  349): [+] The New open path /data/data/cn.wps.moffice_eng/files/_localRecord
D/inject  (  349): [+] The New open count 150
D/inject  (  349): [+] The old openfile fd 41
W/ProcessStats(   61): Skipping unknown process pid 4278
D/SntpClient(   61): request time failed: java.net.SocketException: Address family not supported by protocol
D/inject  (  349): [+]-----------open test txt file-----------
D/inject  (  349): [+] The New open path /data/data/cn.wps.moffice_eng/files/_localRecord
D/inject  (  349): [+] The New open count 151
D/inject  (  349): [+] The old openfile fd 41
D/inject  (  349): [+]-----------open test txt file-----------
D/inject  (  349): [+] The New open path /data/data/cn.wps.moffice_eng/files/_localRecord
D/inject  (  349): [+] The New open count 152
D/inject  (  349): [+] The old openfile fd 41
D/inject  (  349): [+]-----------open test txt file-----------
D/inject  (  349): [+] The New open path /data/data/cn.wps.moffice_eng/files/_localRecord
D/inject  (  349): [+] The New open count 153
D/inject  (  349): [+] The old openfile fd 41
D/inject  (  349): [+]-----------open test txt file-----------
D/inject  (  349): [+] The New open path /data/data/cn.wps.moffice_eng/files/_localRecord
D/inject  (  349): [+] The New open count 154
D/inject  (  349): [+] The old openfile fd 41
D/SntpClient(   61): request time failed: java.net.SocketException: Address family not supported by protocol
D/inject  (  349): [+]-----------open test txt file-----------
D/inject  (  349): [+] The New open path /data/data/cn.wps.moffice_eng/files/_localRecord
D/inject  (  349): [+] The New open count 155
D/inject  (  349): [+] The old openfile fd 41
D/inject  (  349): [+]-----------open test txt file-----------
D/inject  (  349): [+] The New open path /data/data/cn.wps.moffice_eng/files/_localRecord
D/inject  (  349): [+] The New open count 156
D/inject  (  349): [+] The old openfile fd 41
D/dalvikvm(   61): GC_CONCURRENT freed 1382K, 47% free 4596K/8647K, external 3125K/3903K, paused 8ms+6ms
D/inject  (  349): [+]-----------open test txt file-----------
D/inject  (  349): [+] The New open path /data/data/cn.wps.moffice_eng/files/_localRecord
D/inject  (  349): [+] The New open count 157
D/inject  (  349): [+] The old openfile fd 41
D/inject  (  349): [+]-----------open test txt file-----------
D/inject  (  349): [+] The New open path /data/data/cn.wps.moffice_eng/files/_localRecord
D/inject  (  349): [+] The New open count 158
D/inject  (  349): [+] The old openfile fd 41
D/SntpClient(   61): request time failed: java.net.SocketException: Address family not supported by protocol
D/inject  (  349): [+]-----------open test txt file-----------
D/inject  (  349): [+] The New open path /data/data/cn.wps.moffice_eng/files/_localRecord
D/inject  (  349): [+] The New open count 159
D/inject  (  349): [+] The old openfile fd 41
D/inject  (  349): [+]-----------open test txt file-----------
D/inject  (  349): [+] The New open path /data/data/cn.wps.moffice_eng/files/_localRecord
D/inject  (  349): [+] The New open count 160
D/inject  (  349): [+] The old openfile fd 41
D/dalvikvm(  349): GC_CONCURRENT freed 1669K, 48% free 4671K/8967K, external 6057K/7564K, paused 9ms+9ms
D/SntpClient(   61): request time failed: java.net.SocketException: Address family not supported by protocol
D/inject  (  349): [+]-----------open test txt file-----------
D/inject  (  349): [+] The New open path /data/data/cn.wps.moffice_eng/files/_localRecord
D/inject  (  349): [+] The New open count 161
D/inject  (  349): [+] The old openfile fd 41
D/inject  (  349): [+]-----------open test txt file-----------
D/inject  (  349): [+] The New open path /data/data/cn.wps.moffice_eng/files/_localRecord
D/inject  (  349): [+] The New open count 162
D/inject  (  349): [+] The old openfile fd 41
D/dalvikvm(  244): GC_CONCURRENT freed 950K, 49% free 3875K/7495K, external 1754K/2137K, paused 4ms+12ms
D/inject  (  349): [+]-----------open test txt file-----------
D/inject  (  349): [+] The New open path /data/data/cn.wps.moffice_eng/files/_localRecord
D/inject  (  349): [+] The New open count 163
D/inject  (  349): [+] The old openfile fd 41
D/inject  (  349): [+]-----------open test txt file-----------
D/inject  (  349): [+] The New open path /data/data/cn.wps.moffice_eng/files/_localRecord
D/inject  (  349): [+] The New open count 164
D/inject  (  349): [+] The old openfile fd 41
D/SntpClient(   61): request time failed: java.net.SocketException: Address family not supported by protocol
D/inject  (  349): [+]-----------open test txt file-----------
D/inject  (  349): [+] The New open path /data/data/cn.wps.moffice_eng/files/_localRecord
D/inject  (  349): [+] The New open count 165
D/inject  (  349): [+] The old openfile fd 41
D/inject  (  349): [+]-----------open test txt file-----------
D/inject  (  349): [+] The New open path /data/data/cn.wps.moffice_eng/files/_localRecord
D/inject  (  349): [+] The New open count 166
D/inject  (  349): [+] The old openfile fd 41
D/inject  (  349): [+]-----------open test txt file-----------
D/inject  (  349): [+] The New open path /data/data/cn.wps.moffice_eng/files/_localRecord
D/inject  (  349): [+] The New open count 167
D/inject  (  349): [+] The old openfile fd 41
D/inject  (  349): [+]-----------open test txt file-----------
D/inject  (  349): [+] The New open path /data/data/cn.wps.moffice_eng/files/_localRecord
D/inject  (  349): [+] The New open count 168
D/inject  (  349): [+] The old openfile fd 41
D/SntpClient(   61): request time failed: java.net.SocketException: Address family not supported by protocol
D/inject  (  349): [+]-----------open test txt file-----------
D/inject  (  349): [+] The New open path /data/data/cn.wps.moffice_eng/files/_localRecord
D/inject  (  349): [+] The New open count 169
D/inject  (  349): [+] The old openfile fd 41
D/inject  (  349): [+]-----------open test txt file-----------
D/inject  (  349): [+] The New open path /data/data/cn.wps.moffice_eng/files/_localRecord
D/inject  (  349): [+] The New open count 170
D/inject  (  349): [+] The old openfile fd 41
D/SntpClient(   61): request time failed: java.net.SocketException: Address family not supported by protocol
I/dalvikvm(   61): Total arena pages for JIT: 11
I/dalvikvm(   61): Total arena pages for JIT: 12
D/inject  (  349): [+]-----------open test txt file-----------
D/inject  (  349): [+] The New open path /data/data/cn.wps.moffice_eng/files/_localRecord
D/inject  (  349): [+] The New open count 171
D/inject  (  349): [+] The old openfile fd 41
D/inject  (  349): [+]-----------open test txt file-----------
D/inject  (  349): [+] The New open path /data/data/cn.wps.moffice_eng/files/_localRecord
D/inject  (  349): [+] The New open count 172
D/inject  (  349): [+] The old openfile fd 41
D/inject  (  349): [+]-----------open test txt file-----------
D/inject  (  349): [+] The New open path /data/data/cn.wps.moffice_eng/files/_localRecord
D/inject  (  349): [+] The New open count 173
D/inject  (  349): [+] The old openfile fd 41
D/inject  (  349): [+]-----------open test txt file-----------
D/inject  (  349): [+] The New open path /data/data/cn.wps.moffice_eng/files/_localRecord
D/inject  (  349): [+] The New open count 174
D/inject  (  349): [+] The old openfile fd 41
V/BackupManagerService(   61): Backup requested but nothing pending
D/SntpClient(   61): request time failed: java.net.SocketException: Address family not supported by protocol
D/inject  (  349): [+]-----------open test txt file-----------
D/inject  (  349): [+] The New open path /data/data/cn.wps.moffice_eng/files/_localRecord
D/inject  (  349): [+] The New open count 175
D/inject  (  349): [+] The old openfile fd 41
D/inject  (  349): [+]-----------open test txt file-----------
D/inject  (  349): [+] The New open path /data/data/cn.wps.moffice_eng/files/_localRecord
D/inject  (  349): [+] The New open count 176
D/inject  (  349): [+] The old openfile fd 41
D/inject  (  349): [+]-----------open test txt file-----------
D/inject  (  349): [+] The New open path /data/data/cn.wps.moffice_eng/files/_localRecord
D/inject  (  349): [+] The New open count 177
D/inject  (  349): [+] The old openfile fd 41
D/inject  (  349): [+]-----------open test txt file-----------
D/inject  (  349): [+] The New open path /data/data/cn.wps.moffice_eng/files/_localRecord
D/inject  (  349): [+] The New open count 178
D/inject  (  349): [+] The old openfile fd 41
D/SntpClient(   61): request time failed: java.net.SocketException: Address family not supported by protocol
D/dalvikvm(  123): GC_CONCURRENT freed 311K, 52% free 2787K/5767K, external 2158K/2674K, paused 7ms+3ms
D/inject  (  349): [+]-----------open test txt file-----------
D/inject  (  349): [+] The New open path /data/data/cn.wps.moffice_eng/files/_localRecord
D/inject  (  349): [+] The New open count 179
D/inject  (  349): [+] The old openfile fd 41
D/inject  (  349): [+]-----------open test txt file-----------
D/inject  (  349): [+] The New open path /data/data/cn.wps.moffice_eng/files/_localRecord
D/inject  (  349): [+] The New open count 180
D/inject  (  349): [+] The old openfile fd 41
D/dalvikvm(  349): GC_CONCURRENT freed 1983K, 50% free 4678K/9287K, external 6057K/7564K, paused 9ms+10ms
D/SntpClient(   61): request time failed: java.net.SocketException: Address family not supported by protocol
D/inject  (  349): [+]-----------open test txt file-----------
D/inject  (  349): [+] The New open path /data/data/cn.wps.moffice_eng/files/_localRecord
D/inject  (  349): [+] The New open count 181
D/inject  (  349): [+] The old openfile fd 41
D/inject  (  349): [+]-----------open test txt file-----------
D/inject  (  349): [+] The New open path /data/data/cn.wps.moffice_eng/files/_localRecord
D/inject  (  349): [+] The New open count 182
D/inject  (  349): [+] The old openfile fd 41
D/inject  (  349): [+]-----------open test txt file-----------
D/inject  (  349): [+] The New open path /data/data/cn.wps.moffice_eng/files/_localRecord
D/inject  (  349): [+] The New open count 183
D/inject  (  349): [+] The old openfile fd 41
D/inject  (  349): [+]-----------open test txt file-----------
D/inject  (  349): [+] The New open path /data/data/cn.wps.moffice_eng/files/_localRecord
D/inject  (  349): [+] The New open count 184
D/inject  (  349): [+] The old openfile fd 41
D/SntpClient(   61): request time failed: java.net.SocketException: Address family not supported by protocol
D/inject  (  349): [+]-----------open test txt file-----------
D/inject  (  349): [+] The New open path /data/data/cn.wps.moffice_eng/files/_localRecord
D/inject  (  349): [+] The New open count 185
D/inject  (  349): [+] The old openfile fd 41
D/inject  (  349): [+]-----------open test txt file-----------
D/inject  (  349): [+] The New open path /data/data/cn.wps.moffice_eng/files/_localRecord
D/inject  (  349): [+] The New open count 186
D/inject  (  349): [+] The old openfile fd 41
D/inject  (  349): [+]-----------open test txt file-----------
D/inject  (  349): [+] The New open path /data/data/cn.wps.moffice_eng/files/_localRecord
D/inject  (  349): [+] The New open count 187
D/inject  (  349): [+] The old openfile fd 41
D/inject  (  349): [+]-----------open test txt file-----------
D/inject  (  349): [+] The New open path /data/data/cn.wps.moffice_eng/files/_localRecord
D/inject  (  349): [+] The New open count 188
D/inject  (  349): [+] The old openfile fd 41
D/SntpClient(   61): request time failed: java.net.SocketException: Address family not supported by protocol
D/inject  (  349): [+]-----------open test txt file-----------
D/inject  (  349): [+] The New open path /data/data/cn.wps.moffice_eng/files/_localRecord
D/inject  (  349): [+] The New open count 189
D/inject  (  349): [+] The old openfile fd 41
D/inject  (  349): [+]-----------open test txt file-----------
D/inject  (  349): [+] The New open path /data/data/cn.wps.moffice_eng/files/_localRecord
D/inject  (  349): [+] The New open count 190
D/inject  (  349): [+] The old openfile fd 41
D/SntpClient(   61): request time failed: java.net.SocketException: Address family not supported by protocol
D/inject  (  349): [+]-----------open test txt file-----------
D/inject  (  349): [+] The New open path /data/data/cn.wps.moffice_eng/files/_localRecord
D/inject  (  349): [+] The New open count 191
D/inject  (  349): [+] The old openfile fd 41
D/inject  (  349): [+]-----------open test txt file-----------
D/inject  (  349): [+] The New open path /data/data/cn.wps.moffice_eng/files/_localRecord
D/inject  (  349): [+] The New open count 192
D/inject  (  349): [+] The old openfile fd 41
D/inject  (  349): [+]-----------open test txt file-----------
D/inject  (  349): [+] The New open path /data/data/cn.wps.moffice_eng/files/_localRecord
D/inject  (  349): [+] The New open count 193
D/inject  (  349): [+] The old openfile fd 41
D/inject  (  349): [+]-----------open test txt file-----------
D/inject  (  349): [+] The New open path /data/data/cn.wps.moffice_eng/files/_localRecord
D/inject  (  349): [+] The New open count 194
D/inject  (  349): [+] The old openfile fd 41
D/SntpClient(   61): request time failed: java.net.SocketException: Address family not supported by protocol
D/inject  (  349): [+]-----------open test txt file-----------
D/inject  (  349): [+] The New open path /data/data/cn.wps.moffice_eng/files/_localRecord
D/inject  (  349): [+] The New open count 195
D/inject  (  349): [+] The old openfile fd 41
D/inject  (  349): [+]-----------open test txt file-----------
D/inject  (  349): [+] The New open path /data/data/cn.wps.moffice_eng/files/_localRecord
D/inject  (  349): [+] The New open count 196
D/inject  (  349): [+] The old openfile fd 41
D/inject  (  349): [+]-----------open test txt file-----------
D/inject  (  349): [+] The New open path /data/data/cn.wps.moffice_eng/files/_localRecord
D/inject  (  349): [+] The New open count 197
D/inject  (  349): [+] The old openfile fd 41
D/inject  (  349): [+]-----------open test txt file-----------
D/inject  (  349): [+] The New open path /data/data/cn.wps.moffice_eng/files/_localRecord
D/inject  (  349): [+] The New open count 198
D/inject  (  349): [+] The old openfile fd 41
D/SntpClient(   61): request time failed: java.net.SocketException: Address family not supported by protocol
D/inject  (  349): [+]-----------open test txt file-----------
D/inject  (  349): [+] The New open path /data/data/cn.wps.moffice_eng/files/_localRecord
D/inject  (  349): [+] The New open count 199
D/inject  (  349): [+] The old openfile fd 41
D/inject  (  349): [+]-----------open test txt file-----------
D/inject  (  349): [+] The New open path /data/data/cn.wps.moffice_eng/files/_localRecord
D/inject  (  349): [+] The New open count 200
D/inject  (  349): [+] The old openfile fd 41
D/dalvikvm(  349): GC_CONCURRENT freed 1977K, 50% free 4685K/9287K, external 6057K/7564K, paused 9ms+13ms
D/SntpClient(   61): request time failed: java.net.SocketException: Address family not supported by protocol
D/inject  (  349): [+]-----------open test txt file-----------
D/inject  (  349): [+] The New open path /data/data/cn.wps.moffice_eng/files/_localRecord
D/inject  (  349): [+] The New open count 201
D/inject  (  349): [+] The old openfile fd 41
D/inject  (  349): [+]-----------open test txt file-----------
D/inject  (  349): [+] The New open path /data/data/cn.wps.moffice_eng/files/_localRecord
D/inject  (  349): [+] The New open count 202
D/inject  (  349): [+] The old openfile fd 41
D/inject  (  349): [+]-----------open test txt file-----------
D/inject  (  349): [+] The New open path /data/data/cn.wps.moffice_eng/files/_localRecord
D/inject  (  349): [+] The New open count 203
D/inject  (  349): [+] The old openfile fd 41
D/inject  (  349): [+]-----------open test txt file-----------
D/inject  (  349): [+] The New open path /data/data/cn.wps.moffice_eng/files/_localRecord
D/inject  (  349): [+] The New open count 204
D/inject  (  349): [+] The old openfile fd 41
D/dalvikvm(   61): GC_CONCURRENT freed 1132K, 47% free 4641K/8647K, external 3125K/3903K, paused 5ms+9ms
D/SntpClient(   61): request time failed: java.net.SocketException: Address family not supported by protocol
D/inject  (  349): [+]-----------open test txt file-----------
D/inject  (  349): [+] The New open path /data/data/cn.wps.moffice_eng/files/_localRecord
D/inject  (  349): [+] The New open count 205
D/inject  (  349): [+] The old openfile fd 41
D/inject  (  349): [+]-----------open test txt file-----------
D/inject  (  349): [+] The New open path /data/data/cn.wps.moffice_eng/files/_localRecord
D/inject  (  349): [+] The New open count 206
D/inject  (  349): [+] The old openfile fd 41
D/inject  (  349): [+]-----------open test txt file-----------
D/inject  (  349): [+] The New open path /data/data/cn.wps.moffice_eng/files/_localRecord
D/inject  (  349): [+] The New open count 207
D/inject  (  349): [+] The old openfile fd 41
D/inject  (  349): [+]-----------open test txt file-----------
D/inject  (  349): [+] The New open path /data/data/cn.wps.moffice_eng/files/_localRecord
D/inject  (  349): [+] The New open count 208
D/inject  (  349): [+] The old openfile fd 41
D/SntpClient(   61): request time failed: java.net.SocketException: Address family not supported by protocol
D/dalvikvm(  244): GC_CONCURRENT freed 937K, 49% free 3889K/7495K, external 1754K/2137K, paused 8ms+5ms
D/inject  (  349): [+]-----------open test txt file-----------
D/inject  (  349): [+] The New open path /data/data/cn.wps.moffice_eng/files/_localRecord
D/inject  (  349): [+] The New open count 209
D/inject  (  349): [+] The old openfile fd 41
D/inject  (  349): [+]-----------open test txt file-----------
D/inject  (  349): [+] The New open path /data/data/cn.wps.moffice_eng/files/_localRecord
D/inject  (  349): [+] The New open count 210
D/inject  (  349): [+] The old openfile fd 41
D/SntpClient(   61): request time failed: java.net.SocketException: Address family not supported by protocol
D/inject  (  349): [+]-----------open test txt file-----------
D/inject  (  349): [+] The New open path /data/data/cn.wps.moffice_eng/files/_localRecord
D/inject  (  349): [+] The New open count 211
D/inject  (  349): [+] The old openfile fd 41
D/inject  (  349): [+]-----------open test txt file-----------
D/inject  (  349): [+] The New open path /data/data/cn.wps.moffice_eng/files/_localRecord
D/inject  (  349): [+] The New open count 212
D/inject  (  349): [+] The old openfile fd 41
D/dalvikvm(  122): GC_CONCURRENT freed 555K, 53% free 2928K/6151K, external 1625K/2137K, paused 3ms+12ms
D/inject  (  349): [+]-----------open test txt file-----------
D/inject  (  349): [+] The New open path /data/data/cn.wps.moffice_eng/files/_localRecord
D/inject  (  349): [+] The New open count 213
D/inject  (  349): [+] The old openfile fd 41
D/inject  (  349): [+]-----------open test txt file-----------
D/inject  (  349): [+] The New open path /data/data/cn.wps.moffice_eng/files/_localRecord
D/inject  (  349): [+] The New open count 214
D/inject  (  349): [+] The old openfile fd 41
D/SntpClient(   61): request time failed: java.net.SocketException: Address family not supported by protocol
D/inject  (  349): [+]-----------open test txt file-----------
D/inject  (  349): [+] The New open path /data/data/cn.wps.moffice_eng/files/_localRecord
D/inject  (  349): [+] The New open count 215
D/inject  (  349): [+] The old openfile fd 41
D/inject  (  349): [+]-----------open test txt file-----------
D/inject  (  349): [+] The New open path /data/data/cn.wps.moffice_eng/files/_localRecord
D/inject  (  349): [+] The New open count 216
D/inject  (  349): [+] The old openfile fd 41
V/BackupManagerService(   61): Backup requested but nothing pending
D/inject  (  349): [+]-----------open test txt file-----------
D/inject  (  349): [+] The New open path /data/data/cn.wps.moffice_eng/files/_localRecord
D/inject  (  349): [+] The New open count 217
D/inject  (  349): [+] The old openfile fd 41
D/inject  (  349): [+]-----------open test txt file-----------
D/inject  (  349): [+] The New open path /data/data/cn.wps.moffice_eng/files/_localRecord
D/inject  (  349): [+] The New open count 218
D/inject  (  349): [+] The old openfile fd 41
D/SntpClient(   61): request time failed: java.net.SocketException: Address family not supported by protocol
D/inject  (  349): [+]-----------open test txt file-----------
D/inject  (  349): [+] The New open path /data/data/cn.wps.moffice_eng/files/_localRecord
D/inject  (  349): [+] The New open count 219
D/inject  (  349): [+] The old openfile fd 41
D/inject  (  349): [+]-----------open test txt file-----------
D/inject  (  349): [+] The New open path /data/data/cn.wps.moffice_eng/files/_localRecord
D/inject  (  349): [+] The New open count 220
D/inject  (  349): [+] The old openfile fd 41
D/dalvikvm(  349): GC_CONCURRENT freed 1968K, 50% free 4684K/9287K, external 6057K/7564K, paused 9ms+13ms
D/SntpClient(   61): request time failed: java.net.SocketException: Address family not supported by protocol
D/inject  (  349): [+]-----------open test txt file-----------
D/inject  (  349): [+] The New open path /data/data/cn.wps.moffice_eng/files/_localRecord
D/inject  (  349): [+] The New open count 221
D/inject  (  349): [+] The old openfile fd 41
D/inject  (  349): [+]-----------open test txt file-----------
D/inject  (  349): [+] The New open path /data/data/cn.wps.moffice_eng/files/_localRecord
D/inject  (  349): [+] The New open count 222
D/inject  (  349): [+] The old openfile fd 41
D/inject  (  349): [+]-----------open test txt file-----------
D/inject  (  349): [+] The New open path /data/data/cn.wps.moffice_eng/files/_localRecord
D/inject  (  349): [+] The New open count 223
D/inject  (  349): [+] The old openfile fd 41
D/inject  (  349): [+]-----------open test txt file-----------
D/inject  (  349): [+] The New open path /data/data/cn.wps.moffice_eng/files/_localRecord
D/inject  (  349): [+] The New open count 224
D/inject  (  349): [+] The old openfile fd 41
D/SntpClient(   61): request time failed: java.net.SocketException: Address family not supported by protocol
D/inject  (  349): [+]-----------open test txt file-----------
D/inject  (  349): [+] The New open path /data/data/cn.wps.moffice_eng/files/_localRecord
D/inject  (  349): [+] The New open count 225
D/inject  (  349): [+] The old openfile fd 41
D/inject  (  349): [+]-----------open test txt file-----------
D/inject  (  349): [+] The New open path /data/data/cn.wps.moffice_eng/files/_localRecord
D/inject  (  349): [+] The New open count 226
D/inject  (  349): [+] The old openfile fd 41
E/dalvikvm(   61): No free temp registers
E/dalvikvm(   61): Jit: aborting trace compilation, reverting to interpreter
D/dalvikvm(  368): GC_CONCURRENT freed 1637K, 48% free 4789K/9095K, external 15058K/17106K, paused 9ms+15ms
D/inject  (  349): [+]-----------open test txt file-----------
D/inject  (  349): [+] The New open path /data/data/cn.wps.moffice_eng/files/_localRecord
D/inject  (  349): [+] The New open count 227
D/inject  (  349): [+] The old openfile fd 41
D/inject  (  349): [+]-----------open test txt file-----------
D/inject  (  349): [+] The New open path /data/data/cn.wps.moffice_eng/files/_localRecord
D/inject  (  349): [+] The New open count 228
D/inject  (  349): [+] The old openfile fd 41
D/SntpClient(   61): request time failed: java.net.SocketException: Address family not supported by protocol
I/dalvikvm(  123): Jit: resizing JitTable from 512 to 1024
D/inject  (  349): [+]-----------open test txt file-----------
D/inject  (  349): [+] The New open path /data/data/cn.wps.moffice_eng/files/_localRecord
D/inject  (  349): [+] The New open count 229
D/inject  (  349): [+] The old openfile fd 41
D/inject  (  349): [+]-----------open test txt file-----------
D/inject  (  349): [+] The New open path /data/data/cn.wps.moffice_eng/files/_localRecord
D/inject  (  349): [+] The New open count 230
D/inject  (  349): [+] The old openfile fd 41
D/SntpClient(   61): request time failed: java.net.SocketException: Address family not supported by protocol
D/inject  (  349): [+]-----------open test txt file-----------
D/inject  (  349): [+] The New open path /data/data/cn.wps.moffice_eng/files/_localRecord
D/inject  (  349): [+] The New open count 231
D/inject  (  349): [+] The old openfile fd 41
D/inject  (  349): [+]-----------open test txt file-----------
D/inject  (  349): [+] The New open path /data/data/cn.wps.moffice_eng/files/_localRecord
D/inject  (  349): [+] The New open count 232
D/inject  (  349): [+] The old openfile fd 41
D/inject  (  349): [+]-----------open test txt file-----------
D/inject  (  349): [+] The New open path /data/data/cn.wps.moffice_eng/files/_localRecord
D/inject  (  349): [+] The New open count 233
D/inject  (  349): [+] The old openfile fd 41
D/inject  (  349): [+]-----------open test txt file-----------
D/inject  (  349): [+] The New open path /data/data/cn.wps.moffice_eng/files/_localRecord
D/inject  (  349): [+] The New open count 234
D/inject  (  349): [+] The old openfile fd 41
D/SntpClient(   61): request time failed: java.net.SocketException: Address family not supported by protocol
D/inject  (  349): [+]-----------open test txt file-----------
D/inject  (  349): [+] The New open path /data/data/cn.wps.moffice_eng/files/_localRecord
D/inject  (  349): [+] The New open count 235
D/inject  (  349): [+] The old openfile fd 41
D/inject  (  349): [+]-----------open test txt file-----------
D/inject  (  349): [+] The New open path /data/data/cn.wps.moffice_eng/files/_localRecord
D/inject  (  349): [+] The New open count 236
D/inject  (  349): [+] The old openfile fd 41
D/inject  (  349): [+]-----------open test txt file-----------
D/inject  (  349): [+] The New open path /data/data/cn.wps.moffice_eng/files/_localRecord
D/inject  (  349): [+] The New open count 237
D/inject  (  349): [+] The old openfile fd 41
D/inject  (  349): [+]-----------open test txt file-----------
D/inject  (  349): [+] The New open path /data/data/cn.wps.moffice_eng/files/_localRecord
D/inject  (  349): [+] The New open count 238
D/inject  (  349): [+] The old openfile fd 41
D/SntpClient(   61): request time failed: java.net.SocketException: Address family not supported by protocol
D/inject  (  349): [+]-----------open test txt file-----------
D/inject  (  349): [+] The New open path /data/data/cn.wps.moffice_eng/files/_localRecord
D/inject  (  349): [+] The New open count 239
D/inject  (  349): [+] The old openfile fd 41
D/inject  (  349): [+]-----------open test txt file-----------
D/inject  (  349): [+] The New open path /data/data/cn.wps.moffice_eng/files/_localRecord
D/inject  (  349): [+] The New open count 240
D/inject  (  349): [+] The old openfile fd 41
D/dalvikvm(  349): GC_CONCURRENT freed 1956K, 50% free 4694K/9287K, external 6057K/7564K, paused 11ms+13ms
D/SntpClient(   61): request time failed: java.net.SocketException: Address family not supported by protocol
D/inject  (  349): [+]-----------open test txt file-----------
D/inject  (  349): [+] The New open path /data/data/cn.wps.moffice_eng/files/_localRecord
D/inject  (  349): [+] The New open count 241
D/inject  (  349): [+] The old openfile fd 41
D/inject  (  349): [+]-----------open test txt file-----------
D/inject  (  349): [+] The New open path /data/data/cn.wps.moffice_eng/files/_localRecord
D/inject  (  349): [+] The New open count 242
D/inject  (  349): [+] The old openfile fd 41
D/inject  (  349): [+]-----------open test txt file-----------
D/inject  (  349): [+] The New open path /data/data/cn.wps.moffice_eng/files/_localRecord
D/inject  (  349): [+] The New open count 243
D/inject  (  349): [+] The old openfile fd 41
D/inject  (  349): [+]-----------open test txt file-----------
D/inject  (  349): [+] The New open path /data/data/cn.wps.moffice_eng/files/_localRecord
D/inject  (  349): [+] The New open count 244
D/inject  (  349): [+] The old openfile fd 41
D/SntpClient(   61): request time failed: java.net.SocketException: Address family not supported by protocol
D/inject  (  349): [+]-----------open test txt file-----------
D/inject  (  349): [+] The New open path /data/data/cn.wps.moffice_eng/files/_localRecord
D/inject  (  349): [+] The New open count 245
D/inject  (  349): [+] The old openfile fd 41
D/inject  (  349): [+]-----------open test txt file-----------
D/inject  (  349): [+] The New open path /data/data/cn.wps.moffice_eng/files/_localRecord
D/inject  (  349): [+] The New open count 246
D/inject  (  349): [+] The old openfile fd 41
D/inject  (  349): [+]-----------open test txt file-----------
D/inject  (  349): [+] The New open path /data/data/cn.wps.moffice_eng/files/_localRecord
D/inject  (  349): [+] The New open count 247
D/inject  (  349): [+] The old openfile fd 41
D/inject  (  349): [+]-----------open test txt file-----------
D/inject  (  349): [+] The New open path /data/data/cn.wps.moffice_eng/files/_localRecord
D/inject  (  349): [+] The New open count 248
D/inject  (  349): [+] The old openfile fd 41
D/SntpClient(   61): request time failed: java.net.SocketException: Address family not supported by protocol
D/inject  (  349): [+]-----------open test txt file-----------
D/inject  (  349): [+] The New open path /data/data/cn.wps.moffice_eng/files/_localRecord
D/inject  (  349): [+] The New open count 249
D/inject  (  349): [+] The old openfile fd 41
D/inject  (  349): [+]-----------open test txt file-----------
D/inject  (  349): [+] The New open path /data/data/cn.wps.moffice_eng/files/_localRecord
D/inject  (  349): [+] The New open count 250
D/inject  (  349): [+] The old openfile fd 41
D/dalvikvm(   61): GC_CONCURRENT freed 1293K, 47% free 4660K/8647K, external 3125K/3903K, paused 11ms+8ms
D/SntpClient(   61): request time failed: java.net.SocketException: Address family not supported by protocol
D/inject  (  349): [+]-----------open test txt file-----------
D/inject  (  349): [+] The New open path /data/data/cn.wps.moffice_eng/files/_localRecord
D/inject  (  349): [+] The New open count 251
D/inject  (  349): [+] The old openfile fd 41
D/inject  (  349): [+]-----------open test txt file-----------
D/inject  (  349): [+] The New open path /data/data/cn.wps.moffice_eng/files/_localRecord
D/inject  (  349): [+] The New open count 252
D/inject  (  349): [+] The old openfile fd 41
