D/inject  (  349): [+] The New open path /mnt/sdcard/documents/open.txt
D/dalvikvm(  378): GetFieldID: unable to find field Ljava/util/HashMap;.loadFactor:F
D/dalvikvm(  378): GetFieldID: unable to find field Ljava/util/HashMap;.loadFactor:F
D/inject  (  349): [+]-----------open test txt file-----------
D/inject  (  349): [+] The New open path /data/data/cn.wps.moffice_eng/files/lable.db
D/inject  (  349): [+] The New open count 82
D/inject  (  349): [+] The New open path /mnt/sdcard/documents/open.txt
I/dalvikvm(  349): Jit: resizing JitTable from 1024 to 2048
D/dalvikvm(  378): GREF has increased to 201
D/dalvikvm(  378): GC_EXTERNAL_ALLOC freed 1024K, 45% free 4568K/8199K, external 8854K/10083K, paused 71ms
I/ActivityManager(   61): Displayed cn.wps.moffice_eng/cn.wps.moffice.writer.Writer1: +1s330ms (total +1s362ms)
D/dalvikvm(  378): GC_EXTERNAL_ALLOC freed 95K, 45% free 4532K/8199K, external 12163K/12546K, paused 63ms
D/inject  (  349): [+]-----------open test txt file-----------
D/inject  (  349): [+] The New open path /data/data/cn.wps.moffice_eng/files/lable.db
D/inject  (  349): [+] The New open count 83
D/inject  (  349): [+] The New open path /mnt/sdcard/documents/open.txt
D/dalvikvm(  378): GetFieldID: unable to find field Ljava/util/HashMap;.loadFactor:F
D/dalvikvm(  378): GetFieldID: unable to find field Ljava/util/HashMap;.loadFactor:F
D/inject  (  349): [+]-----------open test txt file-----------
D/inject  (  349): [+] The New open path /data/data/cn.wps.moffice_eng/shared_prefs/application_appstate.xml
D/inject  (  349): [+] The New open count 84
D/inject  (  349): [+] The New open path /mnt/sdcard/documents/open.txt
I/ActivityManager(   61): Starting: Intent { cmp=cn.wps.moffice_eng/cn.wps.moffice.documentmanager.DocumentManager } from pid 378
D/inject  (  349): [+]-----------open test txt file-----------
D/inject  (  349): [+] The New open path /data/data/cn.wps.moffice_eng/files/lable.db
D/inject  (  349): [+] The New open count 85
D/inject  (  349): [+] The New open path /mnt/sdcard/documents/open.txt
D/inject  (  349): [+]-----------open test txt file-----------
D/inject  (  349): [+] The New open path /data/data/cn.wps.moffice_eng/files/AppPersistence
D/inject  (  349): [+] The New open count 86
D/inject  (  349): [+] The New open path /mnt/sdcard/documents/open.txt
D/inject  (  349): [+]-----------open test txt file-----------
D/inject  (  349): [+] The New open path /data/data/cn.wps.moffice_eng/files/AppPersistence
D/inject  (  349): [+] The New open count 87
D/inject  (  349): [+] The New open path /mnt/sdcard/documents/open.txt
D/inject  (  349): [+]-----------open test txt file-----------
D/inject  (  349): [+] The New open path /data/data/cn.wps.moffice_eng/files/AppPersistence
D/inject  (  349): [+] The New open count 88
D/inject  (  349): [+] The New open path /mnt/sdcard/documents/open.txt
D/dalvikvm(  349): GetFieldID: unable to find field Ljava/util/HashMap;.loadFactor:F
D/inject  (  349): [+]-----------open test txt file-----------
D/inject  (  349): [+] The New open path /data/data/cn.wps.moffice_eng/files/AppPersistence
D/inject  (  349): [+] The New open count 89
D/inject  (  349): [+] The New open path /mnt/sdcard/documents/open.txt
D/dalvikvm(  349): GetFieldID: unable to find field Ljava/util/HashMap;.loadFactor:F
D/inject  (  349): [+]-----------open test txt file-----------
D/inject  (  349): [+] The New open path /data/data/cn.wps.moffice_eng/files/AppPersistence
D/inject  (  349): [+] The New open count 90
D/inject  (  349): [+] The New open path /mnt/sdcard/documents/open.txt
D/dalvikvm(  349): GetFieldID: unable to find field Ljava/util/HashMap;.loadFactor:F
D/inject  (  349): [+]-----------open test txt file-----------
D/inject  (  349): [+] The New open path /data/data/cn.wps.moffice_eng/files/AppPersistence
D/inject  (  349): [+] The New open count 91
D/inject  (  349): [+] The New open path /mnt/sdcard/documents/open.txt
W/IInputConnectionWrapper(  378): showStatusIcon on inactive InputConnection
D/inject  (  349): [+]-----------open test txt file-----------
D/inject  (  349): [+] The New open path /data/data/cn.wps.moffice_eng/files/.cloud/cloudsetting
D/inject  (  349): [+] The New open count 92
D/inject  (  349): [+] The New open path /mnt/sdcard/documents/open.txt
D/inject  (  349): [+]-----------open test txt file-----------
D/inject  (  349): [+] The New open path /data/data/cn.wps.moffice_eng/files/.cloud/cloudsetting
D/inject  (  349): [+] The New open count 93
I/System.out(  349): flushRecord:12525019-b757-4845-ad1d-0a537e78bd9c
D/inject  (  349): [+] The New open path /mnt/sdcard/documents/open.txt
D/inject  (  349): [+]-----------open test txt file-----------
D/inject  (  349): [+] The New open path /mnt/sdcard/Android/data/cn.wps.moffice_eng/cache/KingsoftOffice/file/.timeBox/HistoryRecord/records/12525019-b757-4845-ad1d-0a537e78bd9c
D/inject  (  349): [+] The New open count 94
D/inject  (  349): [+] The New open path /mnt/sdcard/documents/open.txt
D/inject  (  349): [+]-----------open test txt file-----------
D/inject  (  349): [+] The New open path /mnt/sdcard/Android/data/cn.wps.moffice_eng/cache/KingsoftOffice/file/.timeBox/HistoryRecord/persistence/records_upload_list
D/inject  (  349): [+] The New open count 95
D/inject  (  349): [+] The New open path /mnt/sdcard/documents/open.txt
D/inject  (  349): [+]-----------open test txt file-----------
D/inject  (  349): [+] The New open path /mnt/sdcard/Android/data/cn.wps.moffice_eng/cache/KingsoftOffice/file/.timeBox/HistoryRecord/persistence/records_upload_list
D/inject  (  349): [+] The New open count 96
D/inject  (  349): [+] The New open path /mnt/sdcard/documents/open.txt
D/inject  (  349): [+]-----------open test txt file-----------
D/inject  (  349): [+] The New open path /data/data/cn.wps.moffice_eng/files/.cloud/cloudsetting
D/inject  (  349): [+] The New open count 97
D/inject  (  349): [+] The New open path /mnt/sdcard/documents/open.txt
D/inject  (  349): [+]-----------open test txt file-----------
D/inject  (  349): [+] The New open path /data/data/cn.wps.moffice_eng/files/.cloud/cloudsetting
D/inject  (  349): [+] The New open count 98
D/inject  (  349): [+] The New open path /mnt/sdcard/documents/open.txt
D/inject  (  349): [+]-----------open test txt file-----------
D/inject  (  349): [+] The New open path /data/data/cn.wps.moffice_eng/files/AppPersistence
D/inject  (  349): [+] The New open count 99
D/inject  (  349): [+] The New open path /mnt/sdcard/documents/open.txt
D/inject  (  349): [+]-----------open test txt file-----------
D/inject  (  349): [+] The New open path /data/data/cn.wps.moffice_eng/files/AppPersistence
D/inject  (  349): [+] The New open count 100
D/inject  (  349): [+] The New open path /mnt/sdcard/documents/open.txt
D/inject  (  349): [+]-----------open test txt file-----------
D/inject  (  349): [+] The New open path /data/data/cn.wps.moffice_eng/files/AppPersistence
D/inject  (  349): [+] The New open count 101
D/inject  (  349): [+] The New open path /mnt/sdcard/documents/open.txt
D/dalvikvm(  349): GetFieldID: unable to find field Ljava/util/HashMap;.loadFactor:F
I/ActivityManager(   61): Starting: Intent { cmp=cn.wps.moffice_eng/cn.wps.moffice.startactivity.writer.StartWriterActivity1 (has extras) } from pid 349
D/inject  (  349): [+]-----------open test txt file-----------
D/inject  (  349): [+] The New open path /data/data/cn.wps.moffice_eng/shared_prefs/application_appstate.xml
D/inject  (  349): [+] The New open count 102
D/inject  (  349): [+] The New open path /mnt/sdcard/documents/open.txt
I/ActivityManager(   61): Starting: Intent { cmp=cn.wps.moffice_eng/cn.wps.moffice.writer.Writer1 (has extras) } from pid 378
D/dalvikvm(  378): GetFieldID: unable to find field Ljava/util/HashMap;.loadFactor:F
D/dalvikvm(  378): GetFieldID: unable to find field Ljava/util/HashMap;.loadFactor:F
D/water   (  378): packageName: cn.wps.moffice_eng
D/inject  (  349): [+]-----------open test txt file-----------
D/inject  (  349): [+] The New open path /mnt/sdcard/KingsoftOffice/.history/HistoryRecordDataSource
D/inject  (  349): [+] The New open count 103
D/inject  (  349): [+] The New open path /mnt/sdcard/documents/open.txt
D/inject  (  349): [+]-----------open test txt file-----------
D/inject  (  349): [+] The New open path /mnt/sdcard/KingsoftOffice/.history/HistoryRecordDataSource.tmp
D/inject  (  349): [+] The New open count 104
D/inject  (  349): [+] The New open path /mnt/sdcard/documents/open.txt
D/inject  (  349): [+]-----------open test txt file-----------
D/inject  (  349): [+] The New open path /mnt/sdcard/KingsoftOffice/.history/HistoryRecordDataSource.tmp
D/inject  (  349): [+] The New open count 105
D/inject  (  349): [+] The New open path /mnt/sdcard/documents/open.txt
D/dalvikvm(  378): GetFieldID: unable to find field Ljava/util/HashMap;.loadFactor:F
D/inject  (  349): [+]-----------open test txt file-----------
D/inject  (  349): [+] The New open path /mnt/sdcard/documents/1.txt
D/inject  (  349): [+] The New open count 106
D/inject  (  349): [+] The New open path /mnt/sdcard/documents/open.txt
D/inject  (  349): [+]-----------open test txt file-----------
D/inject  (  349): [+] The New open path /data/data/cn.wps.moffice_eng/files/.cloud/.connectionPersistence
D/inject  (  349): [+] The New open count 107
D/inject  (  349): [+] The New open path /mnt/sdcard/documents/open.txt
D/dalvikvm(  378): GetFieldID: unable to find field Ljava/util/HashMap;.loadFactor:F
D/dalvikvm(  378): GetFieldID: unable to find field Ljava/util/HashMap;.loadFactor:F
D/dalvikvm(  378): GetFieldID: unable to find field Ljava/util/HashMap;.loadFactor:F
D/dalvikvm(  378): GC_CONCURRENT freed 1373K, 45% free 4924K/8903K, external 14022K/15300K, paused 5ms+7ms
I/ActivityManager(   61): Displayed cn.wps.moffice_eng/cn.wps.moffice.writer.Writer1: +1s380ms (total +1s414ms)
I/dalvikvm(  378): Jit: resizing JitTable from 1024 to 2048
I/ActivityManager(   61): Starting: Intent { cmp=cn.wps.moffice_eng/cn.wps.moffice.documentmanager.DocumentManager } from pid 378
W/ActivityManager(   61): Activity pause timeout for HistoryRecord{406db7c8 cn.wps.moffice_eng/cn.wps.moffice.writer.Writer1}
D/inject  (  349): [+]-----------open test txt file-----------
D/inject  (  349): [+] The New open path /data/data/cn.wps.moffice_eng/files/AppPersistence
D/inject  (  349): [+] The New open count 108
D/inject  (  349): [+] The New open path /mnt/sdcard/documents/open.txt
D/inject  (  349): [+]-----------open test txt file-----------
D/inject  (  349): [+] The New open path /data/data/cn.wps.moffice_eng/files/AppPersistence
D/inject  (  349): [+] The New open count 109
D/inject  (  349): [+] The New open path /mnt/sdcard/documents/open.txt
D/inject  (  349): [+]-----------open test txt file-----------
D/inject  (  349): [+] The New open path /data/data/cn.wps.moffice_eng/files/AppPersistence
D/inject  (  349): [+] The New open count 110
D/inject  (  349): [+] The New open path /mnt/sdcard/documents/open.txt
D/dalvikvm(  349): GetFieldID: unable to find field Ljava/util/HashMap;.loadFactor:F
D/inject  (  349): [+]-----------open test txt file-----------
D/inject  (  349): [+] The New open path /data/data/cn.wps.moffice_eng/files/AppPersistence
D/inject  (  349): [+] The New open count 111
D/inject  (  349): [+] The New open path /mnt/sdcard/documents/open.txt
D/dalvikvm(  349): GetFieldID: unable to find field Ljava/util/HashMap;.loadFactor:F
D/inject  (  349): [+]-----------open test txt file-----------
D/inject  (  349): [+] The New open path /data/data/cn.wps.moffice_eng/files/AppPersistence
D/inject  (  349): [+] The New open count 112
D/inject  (  349): [+] The New open path /mnt/sdcard/documents/open.txt
D/dalvikvm(  349): GetFieldID: unable to find field Ljava/util/HashMap;.loadFactor:F
D/inject  (  349): [+]-----------open test txt file-----------
D/inject  (  349): [+] The New open path /data/data/cn.wps.moffice_eng/files/AppPersistence
D/inject  (  349): [+] The New open count 113
D/inject  (  349): [+] The New open path /mnt/sdcard/documents/open.txt
I/Process (  378): Sending signal. PID: 378 SIG: 9
I/ActivityManager(   61): Process cn.wps.moffice_eng:writer1 (pid 378) has died.
I/WindowManager(   61): WIN DEATH: Window{40794b98 cn.wps.moffice_eng/cn.wps.moffice.writer.Writer1 paused=true}
D/inject  (  349): [+]-----------open test txt file-----------
D/inject  (  349): [+] The New open path /data/data/cn.wps.moffice_eng/files/.cloud/cloudsetting
D/inject  (  349): [+] The New open count 114
D/inject  (  349): [+] The New open path /mnt/sdcard/documents/open.txt
I/System.out(  349): flushRecord:ecaeec80-3bfb-4f1f-813b-50d8258983a3
D/inject  (  349): [+]-----------open test txt file-----------
D/inject  (  349): [+] The New open path /mnt/sdcard/Android/data/cn.wps.moffice_eng/cache/KingsoftOffice/file/.timeBox/HistoryRecord/records/ecaeec80-3bfb-4f1f-813b-50d8258983a3
D/inject  (  349): [+] The New open count 115
D/inject  (  349): [+] The New open path /mnt/sdcard/documents/open.txt
D/inject  (  349): [+]-----------open test txt file-----------
D/inject  (  349): [+] The New open path /mnt/sdcard/Android/data/cn.wps.moffice_eng/cache/KingsoftOffice/file/.timeBox/HistoryRecord/records/ecaeec80-3bfb-4f1f-813b-50d8258983a3
D/inject  (  349): [+] The New open count 116
D/inject  (  349): [+] The New open path /mnt/sdcard/documents/open.txt
D/inject  (  349): [+]-----------open test txt file-----------
D/inject  (  349): [+] The New open path /data/data/cn.wps.moffice_eng/files/.cloud/cloudsetting
D/inject  (  349): [+] The New open count 117
D/inject  (  349): [+] The New open path /mnt/sdcard/documents/open.txt
D/inject  (  349): [+]-----------open test txt file-----------
D/inject  (  349): [+] The New open path /mnt/sdcard/Android/data/cn.wps.moffice_eng/cache/KingsoftOffice/file/.timeBox/HistoryRecord/persistence/records_upload_list
D/inject  (  349): [+] The New open count 118
D/inject  (  349): [+] The New open path /mnt/sdcard/documents/open.txt
D/inject  (  349): [+]-----------open test txt file-----------
D/inject  (  349): [+] The New open path /mnt/sdcard/Android/data/cn.wps.moffice_eng/cache/KingsoftOffice/file/.timeBox/HistoryRecord/persistence/records_upload_list
D/inject  (  349): [+] The New open count 119
D/inject  (  349): [+] The New open path /mnt/sdcard/documents/open.txt
D/inject  (  349): [+]-----------open test txt file-----------
D/inject  (  349): [+] The New open path /data/data/cn.wps.moffice_eng/files/.cloud/cloudsetting
D/inject  (  349): [+] The New open count 120
D/inject  (  349): [+] The New open path /mnt/sdcard/documents/open.txt
D/inject  (  349): [+]-----------open test txt file-----------
D/inject  (  349): [+] The New open path /data/data/cn.wps.moffice_eng/files/.cloud/cloudsetting
D/inject  (  349): [+] The New open count 121
D/inject  (  349): [+] The New open path /mnt/sdcard/documents/open.txt
W/ActivityManager(   61): Activity destroy timeout for HistoryRecord{406db7c8 cn.wps.moffice_eng/cn.wps.moffice.writer.Writer1}
D/inject  (  349): [+]-----------open test txt file-----------
D/inject  (  349): [+] The New open path /data/data/cn.wps.moffice_eng/files/_localRecord
D/inject  (  349): [+] The New open count 122
D/inject  (  349): [+] The New open path /mnt/sdcard/documents/open.txt
D/inject  (  349): [+]-----------open test txt file-----------
D/inject  (  349): [+] The New open path /data/data/cn.wps.moffice_eng/files/_localRecord
D/inject  (  349): [+] The New open count 123
D/inject  (  349): [+] The New open path /mnt/sdcard/documents/open.txt
