I/dalvikvm(  400): Wrote stack traces to '/data/anr/traces.txt'
I/Process (   61): Sending signal. PID: 136 SIG: 3
D/dalvikvm(  400): GetFieldID: unable to find field Ljava/util/HashMap;.loadFactor:F
I/dalvikvm(  136): threadid=4: reacting to signal 3
I/Process (   61): Sending signal. PID: 375 SIG: 3
I/dalvikvm(  375): threadid=4: reacting to signal 3
I/dalvikvm(  375): Wrote stack traces to '/data/anr/traces.txt'
E/ActivityManager(   61): ANR in com.wandoujia.phoenix2
E/ActivityManager(   61): Reason: Broadcast of Intent { act=android.intent.action.EXTERNAL_APPLICATIONS_AVAILABLE flg=0x10000000 cmp=com.wandoujia.phoenix2/com.wandoujia.phoenix4.receiver.AppChangedReceiver (has extras) }
E/ActivityManager(   61): Load: 3.02 / 0.79 / 0.27
E/ActivityManager(   61): CPU usage from 7488ms to 0ms ago:
E/ActivityManager(   61):   50% 375/cn.wps.moffice_eng: 43% user + 7.8% kernel / faults: 6307 minor 38 major
E/ActivityManager(   61):   10% 61/system_server: 8.5% user + 1.8% kernel / faults: 984 minor
E/ActivityManager(   61):   9.8% 256/com.wandoujia.phoenix2: 7.3% user + 2.5% kernel / faults: 303 minor
E/ActivityManager(   61):   1.8% 136/com.android.launcher: 0.8% user + 1% kernel / faults: 1 minor
E/ActivityManager(   61):   0.9% 196/android.process.acore: 0% user + 0.9% kernel
E/ActivityManager(   61):   0.2% 41/adbd: 0% user + 0.2% kernel / faults: 39 minor
E/ActivityManager(   61):   0.1% 33/zygote: 0% user + 0.1% kernel / faults: 17 minor
E/ActivityManager(   61):   0.1% 125/com.android.systemui: 0.1% user + 0% kernel / faults: 13 minor
E/ActivityManager(   61):  +0% 400/cn.wps.moffice_eng:writer1: 0% user + 0% kernel
E/ActivityManager(   61): 100% TOTAL: 81% user + 17% kernel + 0.1% irq
E/ActivityManager(   61): CPU usage from 1144ms to 1744ms later:
E/ActivityManager(   61):   72% 400/cn.wps.moffice_eng:writer1: 65% user + 6.8% kernel / faults: 720 minor 6 major
E/ActivityManager(   61):     65% 400/ice_eng:writer1: 60% user + 5.1% kernel
E/ActivityManager(   61):     1.7% 405/Compiler: 0% user + 1.7% kernel
E/ActivityManager(   61):    +0% 416/Thread0: 0% user + 0% kernel
E/ActivityManager(   61):   11% 61/system_server: 6.6% user + 5% kernel / faults: 2 minor
E/ActivityManager(   61):     6.6% 74/ActivityManager: 1.6% user + 5% kernel
E/ActivityManager(   61):   2.5% 136/com.android.launcher: 2.5% user + 0% kernel
E/ActivityManager(   61):     1.7% 136/ndroid.launcher: 1.7% user + 0% kernel
E/ActivityManager(   61):   1.4% 27/mmcqd: 0% user + 1.4% kernel
E/ActivityManager(   61):   2.1% 375/cn.wps.moffice_eng: 2.1% user + 0% kernel / faults: 12 minor
E/ActivityManager(   61):     5.4% 375/wps.moffice_eng: 4.3% user + 1% kernel
E/ActivityManager(   61):     1% 380/Compiler: 1% user + 0% kernel
E/ActivityManager(   61):   0.7% 41/adbd: 0% user + 0.7% kernel / faults: 39 minor
E/ActivityManager(   61):     0.7% 41/adbd: 0% user + 0.7% kernel
E/ActivityManager(   61): 100% TOTAL: 78% user + 21% kernel
I/Process (   61): Sending signal. PID: 256 SIG: 9
I/ActivityManager(   61): Displayed cn.wps.moffice_eng/cn.wps.moffice.writer.Writer1: +3s494ms (total +4s453ms)
W/InputManagerService(   61): Starting input on non-focused client com.android.internal.view.IInputMethodClient$Stub$Proxy@40734fb0 (uid=10037 pid=375)
I/dalvikvm(  136): Wrote stack traces to '/data/anr/traces.txt'
D/dalvikvm(  400): GC_EXTERNAL_ALLOC freed 596K, 47% free 3918K/7303K, external 4979K/6132K, paused 65ms
D/dalvikvm(  400): GC_EXTERNAL_ALLOC freed 49K, 46% free 3972K/7303K, external 6604K/8246K, paused 53ms
I/ActivityManager(   61): Process com.wandoujia.phoenix2 (pid 256) has died.
W/ActivityManager(   61): Scheduling restart of crashed service com.wandoujia.phoenix2/com.wandoujia.wan.WanService in 5000ms
W/ActivityManager(   61): Scheduling restart of crashed service com.wandoujia.phoenix2/.services.BackgroundService in 40608ms
D/dalvikvm(  400): GetFieldID: unable to find field Ljava/util/HashMap;.loadFactor:F
D/dalvikvm(  400): GetFieldID: unable to find field Ljava/util/HashMap;.loadFactor:F
D/dalvikvm(  400): GC_EXTERNAL_ALLOC freed 223K, 45% free 4041K/7303K, external 10209K/10296K, paused 165ms
I/dalvikvm(  375): Jit: resizing JitTable from 512 to 1024
D/dalvikvm(  375): GC_CONCURRENT freed 897K, 47% free 4102K/7623K, external 4349K/5431K, paused 4ms+6ms
D/dalvikvm(  375): GC_EXTERNAL_ALLOC freed 121K, 48% free 3981K/7623K, external 4349K/5431K, paused 131ms
D/dalvikvm(  375): GC_EXTERNAL_ALLOC freed 194K, 49% free 3917K/7623K, external 5211K/5629K, paused 70ms
D/dalvikvm(  375): GC_EXTERNAL_ALLOC freed 41K, 49% free 3960K/7623K, external 4963K/6198K, paused 54ms
E/global  (  375): Deprecated Thread methods are not supported.
E/global  (  375): java.lang.UnsupportedOperationException
E/global  (  375): 	at java.lang.VMThread.stop(VMThread.java:85)
E/global  (  375): 	at java.lang.Thread.stop(Thread.java:1280)
E/global  (  375): 	at java.lang.Thread.stop(Thread.java:1247)
E/global  (  375): 	at cn.wps.moffice.documentmanager.DocumentManager$a.dS(Unknown Source)
E/global  (  375): 	at cn.wps.moffice.documentmanager.DocumentManager$e$a.run(Unknown Source)
D/dalvikvm(  118): GC_EXTERNAL_ALLOC freed 72K, 49% free 3190K/6215K, external 2107K/2137K, paused 45ms
I/ActivityManager(   61): Start proc com.wandoujia.phoenix2 for service com.wandoujia.phoenix2/com.wandoujia.wan.WanService: pid=428 uid=10035 gids={3003, 1007, 1015, 1006}
D/dalvikvm(  118): GC_EXTERNAL_ALLOC freed 63K, 47% free 3296K/6215K, external 2670K/2680K, paused 86ms
D/dalvikvm(  118): GC_EXTERNAL_ALLOC freed 13K, 47% free 3302K/6215K, external 3364K/3373K, paused 107ms
I/ActivityThread(  428): Pub com.wandoujia.thumbnail;com.wandoujia.imagecache: com.wandoujia.phoenix2.providers.ThumbProvider
I/ActivityThread(  428): Pub com.wandoujia.phoenix4.download: com.wandoujia.phoenix4.download.lib.rpc.DownloadProvider
I/ActivityThread(  428): Pub com.wandoujia.app;com.wandoujia.image;com.wandoujia.photosync;com.wandoujia.share;com.wandoujia.sync;com.wandoujia.offlinetask: com.wandoujia.phoenix2.providers.PhoenixProvider
D/dalvikvm(  428): Trying to load lib /data/data/com.wandoujia.phoenix2/lib/libudid.so 0x40516bc0
D/dalvikvm(  428): Added shared lib /data/data/com.wandoujia.phoenix2/lib/libudid.so 0x40516bc0
D/dalvikvm(  118): GC_EXTERNAL_ALLOC freed 15K, 47% free 3330K/6215K, external 4243K/4254K, paused 113ms
I/dalvikvm(  428): Could not find method android.os.Environment.isExternalStorageEmulated, referenced from method com.wandoujia.phoenix2.utils.at.o
W/dalvikvm(  428): VFY: unable to resolve static method 873: Landroid/os/Environment;.isExternalStorageEmulated ()Z
D/dalvikvm(  428): VFY: replacing opcode 0x71 at 0x001d
D/dalvikvm(  428): VFY: dead code 0x0020-0024 in Lcom/wandoujia/phoenix2/utils/at;.o ()Z
W/KeyCharacterMap(  118): No keyboard for id 0
W/KeyCharacterMap(  118): Using default keymap: /system/usr/keychars/qwerty.kcm.bin
E/dalvikvm(  428): Could not find class 'android.app.Notification$Builder', referenced from method com.wandoujia.phoenix2.photosync.b.handleMessage
W/dalvikvm(  428): VFY: unable to resolve new-instance 33 (Landroid/app/Notification$Builder;) in Lcom/wandoujia/phoenix2/photosync/b;
D/dalvikvm(  428): VFY: replacing opcode 0x22 at 0x007d
D/dalvikvm(  428): VFY: dead code 0x007f-00af in Lcom/wandoujia/phoenix2/photosync/b;.handleMessage (Landroid/os/Message;)V
D/dalvikvm(  428): VFY: dead code 0x00b8-00c9 in Lcom/wandoujia/phoenix2/photosync/b;.handleMessage (Landroid/os/Message;)V
E/dalvikvm(  428): Could not find class 'android.app.Notification$Builder', referenced from method com.wandoujia.phoenix2.appwash.controller.AppWashController.a
W/dalvikvm(  428): VFY: unable to resolve new-instance 33 (Landroid/app/Notification$Builder;) in Lcom/wandoujia/phoenix2/appwash/controller/AppWashController;
D/dalvikvm(  428): VFY: replacing opcode 0x22 at 0x00c1
D/dalvikvm(  428): VFY: dead code 0x00c3-010b in Lcom/wandoujia/phoenix2/appwash/controller/AppWashController;.a (Ljava/util/List;Lcom/wandoujia/phoenix2/appwash/controller/AppWashController$WashEntryType;)V
D/dalvikvm(  428): GC_CONCURRENT freed 556K, 48% free 3508K/6663K, external 1625K/2137K, paused 4ms+3ms
D/dalvikvm(  428): DexOpt: couldn't find field Landroid/content/pm/PackageStats;.externalCacheSize
W/dalvikvm(  428): VFY: unable to resolve instance field 54
D/dalvikvm(  428): VFY: replacing opcode 0x53 at 0x000e
D/dalvikvm(  428): DexOpt: couldn't find field Landroid/content/pm/PackageStats;.externalCodeSize
W/dalvikvm(  428): VFY: unable to resolve instance field 55
D/dalvikvm(  428): VFY: replacing opcode 0x53 at 0x0020
D/dalvikvm(  428): VFY: dead code 0x0010-0019 in Lcom/wandoujia/phoenix2/appwash/controller/ay;.a (Lcom/wandoujia/phoenix2/appwash/controller/ay;Landroid/content/pm/PackageStats;)J
D/dalvikvm(  428): VFY: dead code 0x0022-0022 in Lcom/wandoujia/phoenix2/appwash/controller/ay;.a (Lcom/wandoujia/phoenix2/appwash/controller/ay;Landroid/content/pm/PackageStats;)J
D/dalvikvm(  428): DexOpt: couldn't find field Landroid/content/pm/PackageStats;.externalDataSize
I/dalvikvm(  428): DexOpt: unable to optimize instance field ref 0x0038 at 0x10 in Lcom/wandoujia/phoenix2/appwash/controller/ay;.a
D/dalvikvm(  428): DexOpt: couldn't find field Landroid/content/pm/PackageStats;.externalMediaSize
I/dalvikvm(  428): DexOpt: unable to optimize instance field ref 0x0039 at 0x13 in Lcom/wandoujia/phoenix2/appwash/controller/ay;.a
D/dalvikvm(  428): DexOpt: couldn't find field Landroid/content/pm/PackageStats;.externalObbSize
I/dalvikvm(  428): DexOpt: unable to optimize instance field ref 0x003a at 0x16 in Lcom/wandoujia/phoenix2/appwash/controller/ay;.a
D/dalvikvm(  375): DexOpt: --- BEGIN 'dex_spreadsheet.jar' (bootstrap=0) ---
D/dalvikvm(  428): GC_CONCURRENT freed 795K, 50% free 3523K/6983K, external 1753K/2137K, paused 3ms+3ms
D/dalvikvm(  375): DexOpt: sleeping on flock(/data/data/cn.wps.moffice_eng/app_optdex/dex_spreadsheet.dex)
D/dalvikvm(  428): Trying to load lib /data/data/com.wandoujia.phoenix2/lib/libcipher.so 0x40516bc0
D/dalvikvm(  428): Added shared lib /data/data/com.wandoujia.phoenix2/lib/libcipher.so 0x40516bc0
D/dalvikvm(  428): No JNI_OnLoad found in /data/data/com.wandoujia.phoenix2/lib/libcipher.so 0x40516bc0, skipping init
I/dalvikvm(  428): Total arena pages for JIT: 11
I/dalvikvm(  428): Total arena pages for JIT: 12
D/dalvikvm(  428): GC_CONCURRENT freed 868K, 51% free 3517K/7047K, external 1753K/2137K, paused 3ms+3ms
E/global  (  375): Deprecated Thread methods are not supported.
E/global  (  375): java.lang.UnsupportedOperationException
E/global  (  375): 	at java.lang.VMThread.stop(VMThread.java:85)
E/global  (  375): 	at java.lang.Thread.stop(Thread.java:1280)
E/global  (  375): 	at java.lang.Thread.stop(Thread.java:1247)
E/global  (  375): 	at cn.wps.moffice.documentmanager.DocumentManager$a.dS(Unknown Source)
E/global  (  375): 	at cn.wps.moffice.documentmanager.DocumentManager$d$a.run(Unknown Source)
E/global  (  375): Deprecated Thread methods are not supported.
E/global  (  375): java.lang.UnsupportedOperationException
E/global  (  375): 	at java.lang.VMThread.stop(VMThread.java:85)
E/global  (  375): 	at java.lang.Thread.stop(Thread.java:1280)
E/global  (  375): 	at java.lang.Thread.stop(Thread.java:1247)
E/global  (  375): 	at cn.wps.moffice.documentmanager.DocumentManager$a.dS(Unknown Source)
E/global  (  375): 	at cn.wps.moffice.documentmanager.DocumentManager$e$a.run(Unknown Source)
W/KeyCharacterMap(  400): No keyboard for id 0
W/KeyCharacterMap(  400): Using default keymap: /system/usr/keychars/qwerty.kcm.bin
D/dalvikvm(  400): GC_EXTERNAL_ALLOC freed 440K, 44% free 4092K/7303K, external 10819K/11586K, paused 56ms
D/dalvikvm(  375): DexOpt: --- BEGIN 'dex_spreadsheet.jar' (bootstrap=0) ---
D/dalvikvm(  375): GC_EXTERNAL_ALLOC freed 423K, 50% free 3943K/7751K, external 4349K/5431K, paused 74ms
I/ActivityManager(   61): Starting: Intent { cmp=cn.wps.moffice_eng/cn.wps.moffice.documentmanager.DocumentManager } from pid 400
D/dalvikvm(  375): GC_EXTERNAL_ALLOC freed 143K, 50% free 3913K/7751K, external 5211K/5629K, paused 126ms
D/dalvikvm(  375): GC_EXTERNAL_ALLOC freed 41K, 49% free 3958K/7751K, external 4963K/6198K, paused 66ms
D/dalvikvm(  375): GetFieldID: unable to find field Ljava/util/HashMap;.loadFactor:F
D/dalvikvm(  375): GetFieldID: unable to find field Ljava/util/HashMap;.loadFactor:F
D/dalvikvm(  375): GetFieldID: unable to find field Ljava/util/HashMap;.loadFactor:F
D/dalvikvm(  375): GetFieldID: unable to find field Ljava/util/HashMap;.loadFactor:F
D/dalvikvm(  375): GetFieldID: unable to find field Ljava/util/HashMap;.loadFactor:F
D/dalvikvm(  375): GetFieldID: unable to find field Ljava/util/HashMap;.loadFactor:F
D/dalvikvm(  375): GetFieldID: unable to find field Ljava/util/HashMap;.loadFactor:F
D/dalvikvm(  375): GetFieldID: unable to find field Ljava/util/HashMap;.loadFactor:F
D/dalvikvm(  375): GetFieldID: unable to find field Ljava/util/HashMap;.loadFactor:F
D/dalvikvm(  375): GC_EXTERNAL_ALLOC freed 324K, 49% free 3977K/7751K, external 4349K/5431K, paused 83ms
D/dalvikvm(  375): GC_EXTERNAL_ALLOC freed 119K, 50% free 3946K/7751K, external 5211K/5629K, paused 63ms
D/dalvikvm(  375): GC_EXTERNAL_ALLOC freed 42K, 49% free 3989K/7751K, external 4963K/6198K, paused 51ms
I/System.out(  375): flushRecord:f88f681f-f3cd-41aa-ae9b-7557bba0320e
W/IInputConnectionWrapper(  400): showStatusIcon on inactive InputConnection
D/dalvikvm(  469): DexOpt: load 647ms, verify+opt 8742ms
D/dalvikvm(  375): DexOpt: --- END 'dex_spreadsheet.jar' (success) ---
D/dalvikvm(  375): DEX prep '/data/data/cn.wps.moffice_eng/app_dex/dex_spreadsheet.jar': unzip in 4790ms, rewrite 12890ms
D/dalvikvm(  375): DexOpt: our open cache file is stale; sleeping and retrying
D/dalvikvm(  375): DexOpt: sleeping on flock(/data/data/cn.wps.moffice_eng/app_optdex/dex_spreadsheet.dex)
D/inject  (  499): [+] The pid of cn.wps.moffice_eng: 375
D/inject  (  499): [+] Injecting process: 375
D/inject  (  499): [+] get_remote_addr: local[afd00000], remote[afd00000]
D/inject  (  499): [+] Remote mmap address: afd170cd
D/inject  (  499): [+] Calling mmap in target process.
D/inject  (  499): [+] Target process returned from mmap, return value=454a1000, pc=0 
D/inject  (  499): [+] get_remote_addr: local[b0001000], remote[b0001000]
D/inject  (  499): [+] get_remote_addr: local[b0001000], remote[b0001000]
D/inject  (  499): [+] get_remote_addr: local[b0001000], remote[b0001000]
D/inject  (  499): [+] Get imports: dlopen: b00059bd, dlsym: b0005915, dlclose: b0005849
D/inject  (  499): [+] Inject code start: c008, end: c084
D/inject  (  499): [+] _dlopen_param1_s: 454a4c9c
D/inject  (  499): [+] _dlsym_param2_s: 454a4d9c
D/inject  (  499): [+] _saved_r0_pc_s: 454a4e9c
D/inject  (  499): [+] _inject_function_param_s: 454a4f9c
D/inject  (  499): [+] Remote shellcode address: 454a4c00
D/inject  (  499): [+] Process Detach: 10
D/inject  (  375): hello ARM! I'm parameter1324! pid:375
D/inject  (  375): The Handle of libhook_open: b000d2b0
D/inject  (  375): find it pre 0
D/inject  (  375): find it 806012f0
D/inject  (  375): [+] aaaaaaa do_hook function is invoked 
D/inject  (  375): [+] open addr: 0xafd17111. New addr 0x80601048
D/inject  (  375): [+] just for test info 
D/inject  (  375): [+] set ok 
D/inject  (  375): [+] Get the persist.sys.test  bbbbbbbb
D/inject  (  375): [+] just for test print old_open address 0xafd17111
D/inject  (  375): [+] just for test print new_open address 0x80601048
D/inject  (  375): [+] Get old address global  afd17111
D/inject  (  375): [+] Get new address global  80601048
D/inject  (  375): [+] binder path ad100000
D/inject  (  375): [+] Section header table file offset 2e23c
D/inject  (  375): [+] Section header table entry count 15
D/inject  (  375): [+] Section header table entry size 28
D/inject  (  375): [+] Section header string table index 14
D/inject  (  375): [+] Object file type 3
D/inject  (  375): [+] Object file version 1
D/inject  (  375): [+] Out_addr in GOT table before 0
D/inject  (  375): [+] Out_size of func in GOT table before 0
D/inject  (  375): [+] Out_addr in GOT table ad12c138
D/inject  (  375): [+] Out_size of func in GOT table 8c4
D/inject  (  375): [+] Out_addr in GOT table ad12c138
D/inject  (  375): [+] Out_size of func in GOT table 8c4
D/inject  (  375): [+] Out_addr in GOT afd4d5c8
D/inject  (  375): [+] old open address 20000 afd17111
D/inject  (  375): [+] Out_addr in GOT 464c457f
D/inject  (  375): [+] target pid 177
D/inject  (  375): [+] old open address 22223 afd17111
D/inject  (  375): [+] Find got_item ff 
D/inject  (  375): [+] old open address 3333 afd17111
D/inject  (  375): [+] old open address 3333 afffffff
D/inject  (  375): [+] new open address 3333 80601048
D/inject  (  375): [+] new open address 3333 80601048
D/inject  (  375): [+] Find got item afd4d5c8 
D/inject  (  375): [+] Find got item ad12e2a4 
D/inject  (  375): [+] Find got item ad12e28c 
D/inject  (  375): [+] Find got item ad12e268 
D/inject  (  375): [+] Find got item ad12e258 
D/inject  (  375): [+] Find got item afd4631c 
D/inject  (  375): [+] Find got item ad12e298 
D/inject  (  375): [+] Find got item ad12e250 
D/inject  (  375): [+] Find got item ad12e280 
D/inject  (  375): [+] Find got item ad12e294 
D/inject  (  375): [+] Find got item ad12e260 
D/inject  (  375): [+] Find got item ad12e278 
D/inject  (  375): [+] Find got item afd415c0 
D/inject  (  375): [+] Find got item ad12e2a8 
D/inject  (  375): [+] Find got item ad12e274 
D/inject  (  375): [+] Find got item ad12e27c 
D/inject  (  375): [+] Find got item ad12e248 
D/inject  (  375): [+] Find got item ad12e2a0 
D/inject  (  375): [+] Find got item ad12e25c 
D/inject  (  375): [+] Find got item ad12e270 
D/inject  (  375): [+] Find got item ad12e288 
D/inject  (  375): [+] Find got item ad12e264 
D/inject  (  375): [+] Find got item ad12e284 
D/inject  (  375): [+] Find got item ad9bc7f1 
D/inject  (  375): [+] Find got item ad9bc7f9 
D/inject  (  375): [+] Find got item ade45f55 
D/inject  (  375): [+] Find got item ade45f69 
D/inject  (  375): [+] Find got item ad9bb339 
D/inject  (  375): [+] Find got item ad9bb341 
D/inject  (  375): [+] Find got item ad9b481d 
D/inject  (  375): [+] Find got item ad9b4831 
D/inject  (  375): [+] Find got item ad9a5561 
D/inject  (  375): [+] Find got item ad9a5569 
D/inject  (  375): [+] Find got item ade31305 
D/inject  (  375): [+] Find got item ade3130d 
D/inject  (  375): [+] Find got item ad12e240 
D/inject  (  375): [+] Find got item ad12e244 
D/inject  (  375): [+] Find got item ad12e24c 
D/inject  (  375): [+] Find got item ad12e254 
D/inject  (  375): [+] Find got item ad12e26c 
D/inject  (  375): [+] Find got item ad12e290 
D/inject  (  375): [+] Find got item ad12e29c 
D/inject  (  375): [+] Find got item ade5f751 
D/inject  (  375): [+] Find got item ade5f749 
D/inject  (  375): [+] Find got item ade5f74d 
D/inject  (  375): [+] Find got item adec6b68 
D/inject  (  375): [+] Find got item ad12ca00 
D/inject  (  375): [+] Find got item afd42610 
D/inject  (  375): [+] Find got item 0 
D/inject  (  375): [+] Find got item 0 
D/inject  (  375): [+] Find got item 0 
D/inject  (  375): [+] Find got item afd2092d 
D/inject  (  375): [+] Find got item afd19c3d 
D/inject  (  375): [+] Find got item afd20a45 
D/inject  (  375): [+] Find got item af9038e5 
D/inject  (  375): [+] Find got item afd28321 
D/inject  (  375): [+] Find got item af9037b1 
D/inject  (  375): [+] Find got item afd1c87d 
D/inject  (  375): [+] Find got item ade3a295 
D/inject  (  375): [+] Find got item ade394bd 
D/inject  (  375): [+] Find got item ade39c31 
D/inject  (  375): [+] Find got item ad9a4ef5 
D/inject  (  375): [+] Find got item ad96a6b1 
D/inject  (  375): [+] Find got item ade39141 
D/inject  (  375): [+] Find got item ad99e381 
D/inject  (  375): [+] Find got item ad96a3f1 
D/inject  (  375): [+] Find got item ad99d059 
D/inject  (  375): [+] Find got item ade256f1 
D/inject  (  375): [+] Find got item ad9a3e51 
D/inject  (  375): [+] Find got item ad9a3839 
D/inject  (  375): [+] Find got item afd25c95 
D/inject  (  375): [+] Find got item afd11fbd 
D/inject  (  375): [+] Find got item afd17049 
D/inject  (  375): [+] Find got item afd0bba0 
D/inject  (  375): [+] Find got item afd0bad0 
D/inject  (  375): [+] Find got item afd0e3e0 
D/inject  (  375): [+] Find got item afd0e3f4 
D/inject  (  375): [+] Find got item afd29855 
D/inject  (  375): [+] Find got item afd0bc40 
D/inject  (  375): [+] Find got item afc009e1 
D/inject  (  375): [+] Find got item afd0bc00 
D/inject  (  375): [+] Find got item afc009c1 
D/inject  (  375): [+] Find got item afd0bbe0 
D/inject  (  375): [+] Find got item afd14de4 
D/inject  (  375): [+] Find got item afd20859 
D/inject  (  375): [+] Find got item afc009e9 
D/inject  (  375): [+] Find got item afd172fd 
D/inject  (  375): [+] Find got item afd3742d 
D/inject  (  375): [+] Find got item afd17249 
D/inject  (  375): [+] Find got item afd171a1 
D/inject  (  375): [+] Find got item afc009c9 
D/inject  (  375): [+] Find got item afd17ac5 
D/inject  (  375): [+] Find got item afd0bc80 
D/inject  (  375): [+] Find got item afd19a49 
D/inject  (  375): [+] Find got item afd17111 
D/inject  (  375): [+] Find open and replace 
E/global  (  375): Deprecated Thread methods are not supported.
E/global  (  375): java.lang.UnsupportedOperationException
E/global  (  375): 	at java.lang.VMThread.stop(VMThread.java:85)
E/global  (  375): 	at java.lang.Thread.stop(Thread.java:1280)
E/global  (  375): 	at java.lang.Thread.stop(Thread.java:1247)
E/global  (  375): 	at cn.wps.moffice.documentmanager.DocumentManager$a.dS(Unknown Source)
E/global  (  375): 	at cn.wps.moffice.documentmanager.DocumentManager$e$a.run(Unknown Source)
D/inject  (  375): [+]-----------open test txt file-----------
D/inject  (  375): [+] The New open path /data/data/cn.wps.moffice_eng/app_dex/dex_spreadsheet.jar
D/inject  (  375): [+] The New open count 1
D/inject  (  375): [+] The old openfile fd 56
E/        (  375): IOException
E/        (  375): java.io.IOException: unable to open DEX file
E/        (  375): 	at dalvik.system.DexFile.openDexFile(Native Method)
E/        (  375): 	at dalvik.system.DexFile.<init>(DexFile.java:103)
E/        (  375): 	at dalvik.system.DexFile.loadDex(DexFile.java:142)
E/        (  375): 	at cn.wps.moffice.common.beans.ActivityController.e(Unknown Source)
E/        (  375): 	at dpl.cG(Unknown Source)
E/        (  375): 	at cn.wps.moffice.documentmanager.DocumentManager$f$a.run(Unknown Source)
D/inject  (  375): [+]-----------open test txt file-----------
D/inject  (  375): [+] The New open path /data/data/cn.wps.moffice_eng/app_dex/dex_presentation.jar
D/inject  (  375): [+] The New open count 2
D/inject  (  375): [+] The old openfile fd 56
E/        (  375): IOException
E/        (  375): java.io.IOException: unable to open DEX file
E/        (  375): 	at dalvik.system.DexFile.openDexFile(Native Method)
E/        (  375): 	at dalvik.system.DexFile.<init>(DexFile.java:103)
E/        (  375): 	at dalvik.system.DexFile.loadDex(DexFile.java:142)
E/        (  375): 	at cn.wps.moffice.common.beans.ActivityController.e(Unknown Source)
E/        (  375): 	at dpl.cH(Unknown Source)
E/        (  375): 	at cn.wps.moffice.documentmanager.DocumentManager$e$a.run(Unknown Source)
D/dalvikvm(  481): DexOpt: load 875ms, verify+opt 3874ms
D/inject  (  375): [+]-----------open test txt file-----------
D/inject  (  375): [+] The New open path /data/data/cn.wps.moffice_eng/app_dex/dex_presentation.jar
D/inject  (  375): [+] The New open count 3
D/inject  (  375): [+] The old openfile fd -1
E/        (  375): IOException
E/        (  375): java.io.FileNotFoundException: /data/data/cn.wps.moffice_eng/app_dex/dex_presentation.jar (Permission denied)
E/        (  375): 	at org.apache.harmony.luni.platform.OSFileSystem.open(Native Method)
E/        (  375): 	at dalvik.system.BlockGuard$WrappedFileSystem.open(BlockGuard.java:232)
E/        (  375): 	at java.io.FileInputStream.<init>(FileInputStream.java:80)
E/        (  375): 	at cn.wps.moffice.common.beans.ActivityController.c(Unknown Source)
E/        (  375): 	at cn.wps.moffice.common.beans.ActivityController.e(Unknown Source)
E/        (  375): 	at dpl.cH(Unknown Source)
E/        (  375): 	at cn.wps.moffice.documentmanager.DocumentManager$e$a.run(Unknown Source)
D/inject  (  375): [+]-----------open test txt file-----------
D/inject  (  375): [+] The New open path /data/data/cn.wps.moffice_eng/app_dex/dex_pdf.jar
D/inject  (  375): [+] The New open count 4
D/inject  (  375): [+] The old openfile fd 56
D/dalvikvm(  375): DexOpt: --- END 'dex_spreadsheet.jar' (success) ---
D/dalvikvm(  375): DEX prep '/data/data/cn.wps.moffice_eng/app_dex/dex_spreadsheet.jar': unzip in 2749ms, rewrite 8609ms
D/dalvikvm(  375): DexOpt: our open cache file is stale; sleeping and retrying
D/inject  (  375): [+]-----------open test txt file-----------
D/inject  (  375): [+] The New open path /data/data/cn.wps.moffice_eng/files/AppPersistence
D/inject  (  375): [+] The New open count 5
D/inject  (  375): [+] The old openfile fd 56
D/dalvikvm(  375): GetFieldID: unable to find field Ljava/util/HashMap;.loadFactor:F
D/inject  (  375): [+]-----------open test txt file-----------
D/inject  (  375): [+] The New open path /data/data/cn.wps.moffice_eng/files/AppPersistence
D/inject  (  375): [+] The New open count 6
D/inject  (  375): [+] The old openfile fd 56
D/inject  (  375): [+]-----------open test txt file-----------
D/inject  (  375): [+] The New open path /data/data/cn.wps.moffice_eng/files/AppPersistence
D/inject  (  375): [+] The New open count 7
D/inject  (  375): [+] The old openfile fd 56
D/dalvikvm(  375): GetFieldID: unable to find field Ljava/util/HashMap;.loadFactor:F
D/inject  (  375): [+]-----------open test txt file-----------
D/inject  (  375): [+] The New open path /data/data/cn.wps.moffice_eng/files/AppPersistence
D/inject  (  375): [+] The New open count 8
D/inject  (  375): [+] The old openfile fd 56
D/inject  (  375): [+]-----------open test txt file-----------
D/inject  (  375): [+] The New open path /data/data/cn.wps.moffice_eng/files/AppPersistence
D/inject  (  375): [+] The New open count 9
D/inject  (  375): [+] The old openfile fd 56
D/dalvikvm(  375): GetFieldID: unable to find field Ljava/util/HashMap;.loadFactor:F
I/ActivityManager(   61): Starting: Intent { cmp=cn.wps.moffice_eng/cn.wps.moffice.startactivity.writer.StartWriterActivity1 (has extras) } from pid 375
I/ActivityManager(   61): Starting: Intent { cmp=cn.wps.moffice_eng/cn.wps.moffice.writer.Writer1 (has extras) } from pid 400
D/dalvikvm(  400): GC_EXTERNAL_ALLOC freed 395K, 44% free 4158K/7303K, external 9382K/9403K, paused 58ms
D/dalvikvm(  400): GetFieldID: unable to find field Ljava/util/HashMap;.loadFactor:F
D/dalvikvm(  400): GetFieldID: unable to find field Ljava/util/HashMap;.loadFactor:F
D/water   (  400): packageName: cn.wps.moffice_eng
D/inject  (  375): [+]-----------open test txt file-----------
D/inject  (  375): [+] The New open path /mnt/sdcard/KingsoftOffice/.history/HistoryRecordDataSource
D/inject  (  375): [+] The New open count 10
D/inject  (  375): [+] The old openfile fd 56
D/inject  (  375): [+]-----------open test txt file-----------
D/inject  (  375): [+] The New open path /mnt/sdcard/documents/test.txt
D/inject  (  375): [+] The New open count 11
D/inject  (  375): [+] test copy file
D/inject  (  375): [+] The old file fd 56
D/inject  (  375): [+] The copy file fd 59
E/dqn     (  375): IOException
E/dqn     (  375): java.io.IOException: Bad file number
E/dqn     (  375): 	at org.apache.harmony.luni.platform.OSFileSystem.read(Native Method)
E/dqn     (  375): 	at dalvik.system.BlockGuard$WrappedFileSystem.read(BlockGuard.java:165)
E/dqn     (  375): 	at java.io.FileInputStream.read(FileInputStream.java:290)
E/dqn     (  375): 	at java.io.FileInputStream.read(FileInputStream.java:245)
E/dqn     (  375): 	at dqn.pV(Unknown Source)
E/dqn     (  375): 	at gpl.a(Unknown Source)
E/dqn     (  375): 	at cn.wps.moffice.documentmanager.history.starrecord.b.b(Unknown Source)
E/dqn     (  375): 	at cn.wps.moffice.documentmanager.history.service.HistoryRecordService$1$1.run(Unknown Source)
E/dqn     (  375): 	at java.lang.Thread.run(Thread.java:1019)
D/dalvikvm(  400): GetFieldID: unable to find field Ljava/util/HashMap;.loadFactor:F
D/inject  (  375): [+]-----------open test txt file-----------
D/inject  (  375): [+] The New open path /data/data/cn.wps.moffice_eng/files/.cloud/.connectionPersistence
D/inject  (  375): [+] The New open count 12
D/inject  (  375): [+] The old openfile fd 56
D/dalvikvm(  400): GetFieldID: unable to find field Ljava/util/HashMap;.loadFactor:F
D/dalvikvm(  400): GetFieldID: unable to find field Ljava/util/HashMap;.loadFactor:F
D/dalvikvm(  400): GetFieldID: unable to find field Ljava/util/HashMap;.loadFactor:F
D/dalvikvm(  400): GetFieldID: unable to find field Ljava/util/HashMap;.loadFactor:F
D/dalvikvm(  400): GC_CONCURRENT freed 759K, 44% free 4355K/7751K, external 9343K/9879K, paused 4ms+4ms
I/dalvikvm(  400): Jit: resizing JitTable from 512 to 1024
I/ActivityManager(   61): Displayed cn.wps.moffice_eng/cn.wps.moffice.writer.Writer1: +1s861ms (total +1s900ms)
W/InputManagerService(   61): Starting input on non-focused client com.android.internal.view.IInputMethodClient$Stub$Proxy@40734fb0 (uid=10037 pid=375)
D/dalvikvm(  400): GC_EXTERNAL_ALLOC freed 356K, 45% free 4303K/7751K, external 9353K/9879K, paused 98ms
D/inject  (  375): [+]-----------open test txt file-----------
D/inject  (  375): [+] The New open path /data/data/cn.wps.moffice_eng/files/lable.db
D/inject  (  375): [+] The New open count 13
D/inject  (  375): [+] The old openfile fd 56
D/dalvikvm(  400): GC_EXTERNAL_ALLOC freed 144K, 45% free 4321K/7751K, external 12663K/13046K, paused 84ms
D/inject  (  375): [+]-----------open test txt file-----------
D/inject  (  375): [+] The New open path /data/data/cn.wps.moffice_eng/files/lable.db
D/inject  (  375): [+] The New open count 14
D/inject  (  375): [+] The old openfile fd 56
D/dalvikvm(  400): GetFieldID: unable to find field Ljava/util/HashMap;.loadFactor:F
D/dalvikvm(  400): GetFieldID: unable to find field Ljava/util/HashMap;.loadFactor:F
D/inject  (  375): [+]-----------open test txt file-----------
D/inject  (  375): [+] The New open path /data/data/cn.wps.moffice_eng/files/_localRecord
D/inject  (  375): [+] The New open count 15
D/inject  (  375): [+] The old openfile fd 56
D/inject  (  375): [+]-----------open test txt file-----------
D/inject  (  375): [+] The New open path /data/data/cn.wps.moffice_eng/files/_localRecord
D/inject  (  375): [+] The New open count 16
D/inject  (  375): [+] The old openfile fd 56
D/inject  (  375): [+]-----------open test txt file-----------
D/inject  (  375): [+] The New open path /mnt/sdcard/KingsoftOffice/.history/.nomedia/255b33a7e966eec4c33af01fa9395c5f.png
D/inject  (  375): [+] The New open count 17
D/inject  (  375): [+] The old openfile fd 56
D/inject  (  375): [+]-----------open test txt file-----------
D/inject  (  375): [+] The New open path /mnt/sdcard/KingsoftOffice/.history/.nomedia/255b33a7e966eec4c33af01fa9395c5f.png
D/inject  (  375): [+] The New open count 18
D/inject  (  375): [+] The old openfile fd 56
D/dalvikvm(  375): DexOpt: --- BEGIN 'dex_spreadsheet.jar' (bootstrap=0) ---
D/dalvikvm(  375): GC_EXTERNAL_ALLOC freed 831K, 49% free 4013K/7751K, external 4349K/5431K, paused 74ms
D/inject  (  375): [+]-----------open test txt file-----------
D/inject  (  375): [+] The New open path /mnt/sdcard/KingsoftOffice/.history/.nomedia/2cf17f35fc9362e4f5a745323b2f8903.png
D/inject  (  375): [+] The New open count 19
D/inject  (  375): [+] The old openfile fd 51
D/inject  (  375): [+]-----------open test txt file-----------
D/inject  (  375): [+] The New open path /mnt/sdcard/KingsoftOffice/.history/.nomedia/2cf17f35fc9362e4f5a745323b2f8903.png
D/inject  (  375): [+] The New open count 20
D/inject  (  375): [+] The old openfile fd 51
D/dalvikvm(  375): GC_EXTERNAL_ALLOC freed 129K, 49% free 3974K/7751K, external 5211K/5629K, paused 53ms
D/inject  (  375): [+]-----------open test txt file-----------
D/inject  (  375): [+] The New open path /mnt/sdcard/KingsoftOffice/.history/.nomedia/ab189525c7e6b00c55c498d80f7d9fbf.png
D/inject  (  375): [+] The New open count 21
D/inject  (  375): [+] The old openfile fd 51
D/inject  (  375): [+]-----------open test txt file-----------
D/inject  (  375): [+] The New open path /mnt/sdcard/KingsoftOffice/.history/.nomedia/ab189525c7e6b00c55c498d80f7d9fbf.png
D/inject  (  375): [+] The New open count 22
D/inject  (  375): [+] The old openfile fd 51
D/dalvikvm(  375): GC_EXTERNAL_ALLOC freed 42K, 49% free 4015K/7751K, external 4963K/6198K, paused 54ms
D/dalvikvm(  518): DexOpt: load 409ms, verify+opt 2983ms
D/dalvikvm(  375): DexOpt: --- END 'dex_spreadsheet.jar' (success) ---
D/dalvikvm(  375): DEX prep '/data/data/cn.wps.moffice_eng/app_dex/dex_spreadsheet.jar': unzip in 5098ms, rewrite 4814ms
W/KeyCharacterMap(  400): No keyboard for id 0
W/KeyCharacterMap(  400): Using default keymap: /system/usr/keychars/qwerty.kcm.bin
D/dalvikvm(  400): GC_EXTERNAL_ALLOC freed 363K, 44% free 4366K/7751K, external 14116K/14883K, paused 60ms
D/inject  (  375): [+]-----------open test txt file-----------
D/inject  (  375): [+] The New open path /data/data/cn.wps.moffice_eng/files/_localRecord
D/inject  (  375): [+] The New open count 23
D/inject  (  375): [+] The old openfile fd 51
D/inject  (  375): [+]-----------open test txt file-----------
D/inject  (  375): [+] The New open path /data/data/cn.wps.moffice_eng/files/_localRecord
D/inject  (  375): [+] The New open count 24
D/inject  (  375): [+] The old openfile fd 51
D/inject  (  375): [+]-----------open test txt file-----------
D/inject  (  375): [+] The New open path /mnt/sdcard/KingsoftOffice/.history/.nomedia/255b33a7e966eec4c33af01fa9395c5f.png
D/inject  (  375): [+] The New open count 25
D/inject  (  375): [+] The old openfile fd 51
D/inject  (  375): [+]-----------open test txt file-----------
D/inject  (  375): [+] The New open path /mnt/sdcard/KingsoftOffice/.history/.nomedia/255b33a7e966eec4c33af01fa9395c5f.png
D/inject  (  375): [+] The New open count 26
D/inject  (  375): [+] The old openfile fd 51
D/dalvikvm(  375): GC_EXTERNAL_ALLOC freed 227K, 49% free 4023K/7751K, external 4349K/5431K, paused 123ms
D/inject  (  375): [+]-----------open test txt file-----------
D/inject  (  375): [+] The New open path /mnt/sdcard/KingsoftOffice/.history/.nomedia/2cf17f35fc9362e4f5a745323b2f8903.png
D/inject  (  375): [+] The New open count 27
D/inject  (  375): [+] The old openfile fd 49
D/inject  (  375): [+]-----------open test txt file-----------
D/inject  (  375): [+] The New open path /mnt/sdcard/KingsoftOffice/.history/.nomedia/2cf17f35fc9362e4f5a745323b2f8903.png
D/inject  (  375): [+] The New open count 28
D/inject  (  375): [+] The old openfile fd 49
I/ActivityManager(   61): Starting: Intent { cmp=cn.wps.moffice_eng/cn.wps.moffice.documentmanager.DocumentManager } from pid 400
D/inject  (  375): [+]-----------open test txt file-----------
D/inject  (  375): [+] The New open path /data/data/cn.wps.moffice_eng/files/lable.db
D/inject  (  375): [+] The New open count 29
D/inject  (  375): [+] The old openfile fd 51
D/dalvikvm(  375): GC_EXTERNAL_ALLOC freed 143K, 49% free 3993K/7751K, external 5211K/5629K, paused 50ms
D/inject  (  375): [+]-----------open test txt file-----------
D/inject  (  375): [+] The New open path /mnt/sdcard/KingsoftOffice/.history/.nomedia/ab189525c7e6b00c55c498d80f7d9fbf.png
D/inject  (  375): [+] The New open count 30
D/inject  (  375): [+] The old openfile fd 49
D/inject  (  375): [+]-----------open test txt file-----------
D/inject  (  375): [+] The New open path /mnt/sdcard/KingsoftOffice/.history/.nomedia/ab189525c7e6b00c55c498d80f7d9fbf.png
D/inject  (  375): [+] The New open count 31
D/inject  (  375): [+] The old openfile fd 49
D/dalvikvm(  375): GC_EXTERNAL_ALLOC freed 42K, 48% free 4035K/7751K, external 4963K/6198K, paused 55ms
D/inject  (  375): [+]-----------open test txt file-----------
D/inject  (  375): [+] The New open path /data/data/cn.wps.moffice_eng/files/AppPersistence
D/inject  (  375): [+] The New open count 32
D/inject  (  375): [+] The old openfile fd 49
D/dalvikvm(  375): GetFieldID: unable to find field Ljava/util/HashMap;.loadFactor:F
D/inject  (  375): [+]-----------open test txt file-----------
D/inject  (  375): [+] The New open path /data/data/cn.wps.moffice_eng/files/AppPersistence
D/inject  (  375): [+] The New open count 33
D/inject  (  375): [+] The old openfile fd 49
D/dalvikvm(  375): GetFieldID: unable to find field Ljava/util/HashMap;.loadFactor:F
D/inject  (  375): [+]-----------open test txt file-----------
D/inject  (  375): [+] The New open path /data/data/cn.wps.moffice_eng/files/AppPersistence
D/inject  (  375): [+] The New open count 34
D/inject  (  375): [+] The old openfile fd 49
D/dalvikvm(  375): GetFieldID: unable to find field Ljava/util/HashMap;.loadFactor:F
D/inject  (  375): [+]-----------open test txt file-----------
D/inject  (  375): [+] The New open path /data/data/cn.wps.moffice_eng/files/AppPersistence
D/inject  (  375): [+] The New open count 35
D/inject  (  375): [+] The old openfile fd 49
D/dalvikvm(  375): GetFieldID: unable to find field Ljava/util/HashMap;.loadFactor:F
D/inject  (  375): [+]-----------open test txt file-----------
D/inject  (  375): [+] The New open path /data/data/cn.wps.moffice_eng/files/AppPersistence
D/inject  (  375): [+] The New open count 36
D/inject  (  375): [+] The old openfile fd 49
D/inject  (  375): [+]-----------open test txt file-----------
D/inject  (  375): [+] The New open path /data/data/cn.wps.moffice_eng/files/AppPersistence
D/inject  (  375): [+] The New open count 37
D/inject  (  375): [+] The old openfile fd 49
D/dalvikvm(  375): GetFieldID: unable to find field Ljava/util/HashMap;.loadFactor:F
D/inject  (  375): [+]-----------open test txt file-----------
D/inject  (  375): [+] The New open path /data/data/cn.wps.moffice_eng/files/AppPersistence
D/inject  (  375): [+] The New open count 38
D/inject  (  375): [+] The old openfile fd 49
D/dalvikvm(  375): GetFieldID: unable to find field Ljava/util/HashMap;.loadFactor:F
D/inject  (  375): [+]-----------open test txt file-----------
D/inject  (  375): [+] The New open path /data/data/cn.wps.moffice_eng/files/AppPersistence
D/inject  (  375): [+] The New open count 39
D/inject  (  375): [+] The old openfile fd 49
D/dalvikvm(  375): GetFieldID: unable to find field Ljava/util/HashMap;.loadFactor:F
D/inject  (  375): [+]-----------open test txt file-----------
D/inject  (  375): [+] The New open path /data/data/cn.wps.moffice_eng/files/AppPersistence
D/inject  (  375): [+] The New open count 40
D/inject  (  375): [+] The old openfile fd 49
D/inject  (  375): [+]-----------open test txt file-----------
D/inject  (  375): [+] The New open path /data/data/cn.wps.moffice_eng/files/_localRecord
D/inject  (  375): [+] The New open count 41
D/inject  (  375): [+] The old openfile fd 49
D/inject  (  375): [+]-----------open test txt file-----------
D/inject  (  375): [+] The New open path /data/data/cn.wps.moffice_eng/files/_localRecord
D/inject  (  375): [+] The New open count 42
D/inject  (  375): [+] The old openfile fd 49
D/inject  (  375): [+]-----------open test txt file-----------
D/inject  (  375): [+] The New open path /data/data/cn.wps.moffice_eng/files/AppPersistence
D/inject  (  375): [+] The New open count 43
D/inject  (  375): [+] The old openfile fd 49
D/dalvikvm(  375): GetFieldID: unable to find field Ljava/util/HashMap;.loadFactor:F
D/inject  (  375): [+]-----------open test txt file-----------
D/inject  (  375): [+] The New open path /data/data/cn.wps.moffice_eng/files/AppPersistence
D/inject  (  375): [+] The New open count 44
D/inject  (  375): [+] The old openfile fd 49
D/dalvikvm(  375): GetFieldID: unable to find field Ljava/util/HashMap;.loadFactor:F
D/inject  (  375): [+]-----------open test txt file-----------
D/inject  (  375): [+] The New open path /data/data/cn.wps.moffice_eng/files/AppPersistence
D/inject  (  375): [+] The New open count 45
D/inject  (  375): [+] The old openfile fd 49
D/inject  (  375): [+]-----------open test txt file-----------
D/inject  (  375): [+] The New open path /mnt/sdcard/KingsoftOffice/.history/.nomedia/255b33a7e966eec4c33af01fa9395c5f.png
D/inject  (  375): [+] The New open count 46
D/inject  (  375): [+] The old openfile fd 49
D/inject  (  375): [+]-----------open test txt file-----------
D/inject  (  375): [+] The New open path /mnt/sdcard/KingsoftOffice/.history/.nomedia/255b33a7e966eec4c33af01fa9395c5f.png
D/inject  (  375): [+] The New open count 47
D/inject  (  375): [+] The old openfile fd 49
D/dalvikvm(  375): GC_EXTERNAL_ALLOC freed 324K, 48% free 4057K/7751K, external 4349K/5431K, paused 58ms
D/inject  (  375): [+]-----------open test txt file-----------
D/inject  (  375): [+] The New open path /mnt/sdcard/KingsoftOffice/.history/.nomedia/2cf17f35fc9362e4f5a745323b2f8903.png
D/inject  (  375): [+] The New open count 48
D/inject  (  375): [+] The old openfile fd 49
D/inject  (  375): [+]-----------open test txt file-----------
D/inject  (  375): [+] The New open path /mnt/sdcard/KingsoftOffice/.history/.nomedia/2cf17f35fc9362e4f5a745323b2f8903.png
D/inject  (  375): [+] The New open count 49
D/inject  (  375): [+] The old openfile fd 49
D/dalvikvm(  375): GC_EXTERNAL_ALLOC freed 119K, 49% free 4026K/7751K, external 5211K/5629K, paused 51ms
D/inject  (  375): [+]-----------open test txt file-----------
D/inject  (  375): [+] The New open path /mnt/sdcard/KingsoftOffice/.history/.nomedia/ab189525c7e6b00c55c498d80f7d9fbf.png
D/inject  (  375): [+] The New open count 50
D/inject  (  375): [+] The old openfile fd 49
D/inject  (  375): [+]-----------open test txt file-----------
D/inject  (  375): [+] The New open path /mnt/sdcard/KingsoftOffice/.history/.nomedia/ab189525c7e6b00c55c498d80f7d9fbf.png
D/inject  (  375): [+] The New open count 51
D/inject  (  375): [+] The old openfile fd 49
D/dalvikvm(  375): GC_EXTERNAL_ALLOC freed 42K, 48% free 4069K/7751K, external 4963K/6198K, paused 54ms
W/IInputConnectionWrapper(  400): showStatusIcon on inactive InputConnection
D/inject  (  375): [+]-----------open test txt file-----------
D/inject  (  375): [+] The New open path /data/data/cn.wps.moffice_eng/files/.cloud/cloudsetting
D/inject  (  375): [+] The New open count 52
D/inject  (  375): [+] The old openfile fd 49
D/inject  (  375): [+]-----------open test txt file-----------
D/inject  (  375): [+] The New open path /data/data/cn.wps.moffice_eng/files/.cloud/cloudsetting
D/inject  (  375): [+] The New open count 53
D/inject  (  375): [+] The old openfile fd 49
I/System.out(  375): flushRecord:f88f681f-f3cd-41aa-ae9b-7557bba0320e
D/inject  (  375): [+]-----------open test txt file-----------
D/inject  (  375): [+] The New open path /mnt/sdcard/Android/data/cn.wps.moffice_eng/cache/KingsoftOffice/file/.timeBox/HistoryRecord/records/f88f681f-f3cd-41aa-ae9b-7557bba0320e
D/inject  (  375): [+] The New open count 54
D/inject  (  375): [+] The old openfile fd 49
D/inject  (  375): [+]-----------open test txt file-----------
D/inject  (  375): [+] The New open path /mnt/sdcard/Android/data/cn.wps.moffice_eng/cache/KingsoftOffice/file/.timeBox/HistoryRecord/persistence/records_upload_list
D/inject  (  375): [+] The New open count 55
D/inject  (  375): [+] The old openfile fd 49
D/inject  (  375): [+]-----------open test txt file-----------
D/inject  (  375): [+] The New open path /mnt/sdcard/Android/data/cn.wps.moffice_eng/cache/KingsoftOffice/file/.timeBox/HistoryRecord/persistence/records_upload_list
D/inject  (  375): [+] The New open count 56
D/inject  (  375): [+] The old openfile fd 49
D/inject  (  375): [+]-----------open test txt file-----------
D/inject  (  375): [+] The New open path /data/data/cn.wps.moffice_eng/files/.cloud/cloudsetting
D/inject  (  375): [+] The New open count 57
D/inject  (  375): [+] The old openfile fd 49
D/inject  (  375): [+]-----------open test txt file-----------
D/inject  (  375): [+] The New open path /data/data/cn.wps.moffice_eng/files/.cloud/cloudsetting
D/inject  (  375): [+] The New open count 58
D/inject  (  375): [+] The old openfile fd 49
D/inject  (  375): [+]-----------open test txt file-----------
D/inject  (  375): [+] The New open path /mnt/sdcard/KingsoftOffice/.history/.nomedia/c45b3b93dbfb9bc822020040c83d2145.png
D/inject  (  375): [+] The New open count 59
D/inject  (  375): [+] The old openfile fd 49
D/inject  (  375): [+]-----------open test txt file-----------
D/inject  (  375): [+] The New open path /mnt/sdcard/KingsoftOffice/.history/.nomedia/c45b3b93dbfb9bc822020040c83d2145.png
D/inject  (  375): [+] The New open count 60
D/inject  (  375): [+] The old openfile fd 49
D/dalvikvm(  375): GC_EXTERNAL_ALLOC freed 330K, 48% free 4038K/7751K, external 6549K/6579K, paused 53ms
D/inject  (  375): [+]-----------open test txt file-----------
D/inject  (  375): [+] The New open path /mnt/sdcard/KingsoftOffice/.history/.nomedia/10ca354419e828a281119d7494f3c81f.png
D/inject  (  375): [+] The New open count 61
D/inject  (  375): [+] The old openfile fd 49
D/inject  (  375): [+]-----------open test txt file-----------
D/inject  (  375): [+] The New open path /mnt/sdcard/KingsoftOffice/.history/.nomedia/10ca354419e828a281119d7494f3c81f.png
D/inject  (  375): [+] The New open count 62
D/inject  (  375): [+] The old openfile fd 49
D/dalvikvm(  375): GC_EXTERNAL_ALLOC freed 84K, 48% free 4045K/7751K, external 6854K/6960K, paused 51ms
D/inject  (  375): [+]-----------open test txt file-----------
D/inject  (  375): [+] The New open path /mnt/sdcard/KingsoftOffice/.history/.nomedia/cf57d42528c896f5dc110829a29eb37e.png
D/inject  (  375): [+] The New open count 63
D/inject  (  375): [+] The old openfile fd 49
D/inject  (  375): [+]-----------open test txt file-----------
D/inject  (  375): [+] The New open path /mnt/sdcard/KingsoftOffice/.history/.nomedia/cf57d42528c896f5dc110829a29eb37e.png
D/inject  (  375): [+] The New open count 64
D/inject  (  375): [+] The old openfile fd 49
D/dalvikvm(  375): GC_EXTERNAL_ALLOC freed 103K, 48% free 4057K/7751K, external 7159K/7341K, paused 51ms
D/inject  (  375): [+]-----------open test txt file-----------
D/inject  (  375): [+] The New open path /mnt/sdcard/KingsoftOffice/.history/.nomedia/1057468cb4bfa3919810008c752e146a.png
D/inject  (  375): [+] The New open count 65
D/inject  (  375): [+] The old openfile fd 49
D/inject  (  375): [+]-----------open test txt file-----------
D/inject  (  375): [+] The New open path /mnt/sdcard/KingsoftOffice/.history/.nomedia/1057468cb4bfa3919810008c752e146a.png
D/inject  (  375): [+] The New open count 66
D/inject  (  375): [+] The old openfile fd 49
D/dalvikvm(  375): GC_EXTERNAL_ALLOC freed 146K, 48% free 4067K/7751K, external 7464K/7722K, paused 53ms
D/dalvikvm(  400): GC_EXPLICIT freed 290K, 46% free 4206K/7751K, external 10826K/12874K, paused 365ms
D/inject  (  375): [+]-----------open test txt file-----------
D/inject  (  375): [+] The New open path /data/data/cn.wps.moffice_eng/files/AppPersistence
D/inject  (  375): [+] The New open count 67
D/inject  (  375): [+] The old openfile fd 49
D/dalvikvm(  375): GetFieldID: unable to find field Ljava/util/HashMap;.loadFactor:F
D/inject  (  375): [+]-----------open test txt file-----------
D/inject  (  375): [+] The New open path /data/data/cn.wps.moffice_eng/files/AppPersistence
D/inject  (  375): [+] The New open count 68
D/inject  (  375): [+] The old openfile fd 49
D/inject  (  375): [+]-----------open test txt file-----------
D/inject  (  375): [+] The New open path /data/data/cn.wps.moffice_eng/files/AppPersistence
D/inject  (  375): [+] The New open count 69
D/inject  (  375): [+] The old openfile fd 49
D/dalvikvm(  375): GetFieldID: unable to find field Ljava/util/HashMap;.loadFactor:F
D/inject  (  375): [+]-----------open test txt file-----------
D/inject  (  375): [+] The New open path /data/data/cn.wps.moffice_eng/files/AppPersistence
D/inject  (  375): [+] The New open count 70
D/inject  (  375): [+] The old openfile fd 49
D/inject  (  375): [+]-----------open test txt file-----------
D/inject  (  375): [+] The New open path /data/data/cn.wps.moffice_eng/files/AppPersistence
D/inject  (  375): [+] The New open count 71
D/inject  (  375): [+] The old openfile fd 49
D/dalvikvm(  375): GetFieldID: unable to find field Ljava/util/HashMap;.loadFactor:F
I/ActivityManager(   61): Starting: Intent { cmp=cn.wps.moffice_eng/cn.wps.moffice.startactivity.writer.StartWriterActivity1 (has extras) } from pid 375
I/ActivityManager(   61): Starting: Intent { cmp=cn.wps.moffice_eng/cn.wps.moffice.writer.Writer1 (has extras) } from pid 400
D/dalvikvm(  400): GetFieldID: unable to find field Ljava/util/HashMap;.loadFactor:F
D/dalvikvm(  400): GetFieldID: unable to find field Ljava/util/HashMap;.loadFactor:F
D/water   (  400): packageName: cn.wps.moffice_eng
