D/dalvikvm(  348): GetFieldID: unable to find field Ljava/util/HashMap;.loadFactor:F
D/inject  (  348): [+]-----------open test txt file-----------
D/inject  (  348): [+] The New open path /data/data/cn.wps.moffice_eng/files/AppPersistence
D/inject  (  348): [+] The New open count 89
D/inject  (  348): [+] The New openfile fd 40
D/dalvikvm(  348): GetFieldID: unable to find field Ljava/util/HashMap;.loadFactor:F
D/inject  (  348): [+]-----------open test txt file-----------
D/inject  (  348): [+] The New open path /data/data/cn.wps.moffice_eng/files/AppPersistence
D/inject  (  348): [+] The New open count 90
D/inject  (  348): [+] The New openfile fd 40
D/inject  (  348): [+]-----------open test txt file-----------
D/inject  (  348): [+] The New open path /data/data/cn.wps.moffice_eng/files/_localRecord
D/inject  (  348): [+] The New open count 91
D/inject  (  348): [+] The New openfile fd 40
D/inject  (  348): [+]-----------open test txt file-----------
D/inject  (  348): [+] The New open path /data/data/cn.wps.moffice_eng/files/_localRecord
D/inject  (  348): [+] The New open count 92
D/inject  (  348): [+] The New openfile fd 40
D/inject  (  348): [+]-----------open test txt file-----------
D/inject  (  348): [+] The New open path /data/data/cn.wps.moffice_eng/files/AppPersistence
D/inject  (  348): [+] The New open count 93
D/inject  (  348): [+] The New openfile fd 40
D/dalvikvm(  348): GetFieldID: unable to find field Ljava/util/HashMap;.loadFactor:F
D/inject  (  348): [+]-----------open test txt file-----------
D/inject  (  348): [+] The New open path /data/data/cn.wps.moffice_eng/files/AppPersistence
D/inject  (  348): [+] The New open count 94
D/inject  (  348): [+] The New openfile fd 40
D/dalvikvm(  348): GetFieldID: unable to find field Ljava/util/HashMap;.loadFactor:F
D/inject  (  348): [+]-----------open test txt file-----------
D/inject  (  348): [+] The New open path /data/data/cn.wps.moffice_eng/files/AppPersistence
D/inject  (  348): [+] The New open count 95
D/inject  (  348): [+] The New openfile fd 40
D/inject  (  348): [+]-----------open test txt file-----------
D/inject  (  348): [+] The New open path /mnt/sdcard/KingsoftOffice/.history/.nomedia/255b33a7e966eec4c33af01fa9395c5f.png
D/inject  (  348): [+] The New open count 96
D/inject  (  348): [+] The New openfile fd 40
D/inject  (  348): [+]-----------open test txt file-----------
D/inject  (  348): [+] The New open path /mnt/sdcard/KingsoftOffice/.history/.nomedia/255b33a7e966eec4c33af01fa9395c5f.png
D/inject  (  348): [+] The New open count 97
D/inject  (  348): [+] The New openfile fd 40
D/dalvikvm(  348): GC_EXTERNAL_ALLOC freed 303K, 48% free 4032K/7623K, external 4646K/5803K, paused 59ms
D/inject  (  348): [+]-----------open test txt file-----------
D/inject  (  348): [+] The New open path /mnt/sdcard/KingsoftOffice/.history/.nomedia/2cf17f35fc9362e4f5a745323b2f8903.png
D/inject  (  348): [+] The New open count 98
D/inject  (  348): [+] The New openfile fd 40
D/inject  (  348): [+]-----------open test txt file-----------
D/inject  (  348): [+] The New open path /mnt/sdcard/KingsoftOffice/.history/.nomedia/2cf17f35fc9362e4f5a745323b2f8903.png
D/inject  (  348): [+] The New open count 99
D/inject  (  348): [+] The New openfile fd 40
D/dalvikvm(  348): GC_EXTERNAL_ALLOC freed 120K, 48% free 4000K/7623K, external 5509K/5927K, paused 51ms
D/inject  (  348): [+]-----------open test txt file-----------
D/inject  (  348): [+] The New open path /mnt/sdcard/KingsoftOffice/.history/.nomedia/ab189525c7e6b00c55c498d80f7d9fbf.png
D/inject  (  348): [+] The New open count 100
D/inject  (  348): [+] The New openfile fd 40
D/inject  (  348): [+]-----------open test txt file-----------
D/inject  (  348): [+] The New open path /mnt/sdcard/KingsoftOffice/.history/.nomedia/ab189525c7e6b00c55c498d80f7d9fbf.png
D/inject  (  348): [+] The New open count 101
D/inject  (  348): [+] The New openfile fd 40
D/dalvikvm(  348): GC_EXTERNAL_ALLOC freed 74K, 48% free 4010K/7623K, external 6541K/6569K, paused 52ms
W/InputManagerService(   61): Starting input on non-focused client com.android.internal.view.IInputMethodClient$Stub$Proxy@40783718 (uid=10037 pid=375)
W/IInputConnectionWrapper(  375): showStatusIcon on inactive InputConnection
D/inject  (  348): [+]-----------open test txt file-----------
D/inject  (  348): [+] The New open path /data/data/cn.wps.moffice_eng/files/.cloud/cloudsetting
D/inject  (  348): [+] The New open count 102
D/inject  (  348): [+] The New openfile fd 40
D/inject  (  348): [+]-----------open test txt file-----------
D/inject  (  348): [+] The New open path /data/data/cn.wps.moffice_eng/files/.cloud/cloudsetting
I/System.out(  348): flushRecord:f88f681f-f3cd-41aa-ae9b-7557bba0320e
D/inject  (  348): [+] The New open count 103
D/inject  (  348): [+] The New openfile fd 40
D/inject  (  348): [+]-----------open test txt file-----------
D/inject  (  348): [+] The New open path /mnt/sdcard/Android/data/cn.wps.moffice_eng/cache/KingsoftOffice/file/.timeBox/HistoryRecord/records/f88f681f-f3cd-41aa-ae9b-7557bba0320e
D/inject  (  348): [+] The New open count 104
D/inject  (  348): [+] The New openfile fd 40
D/inject  (  348): [+]-----------open test txt file-----------
D/inject  (  348): [+] The New open path /mnt/sdcard/Android/data/cn.wps.moffice_eng/cache/KingsoftOffice/file/.timeBox/HistoryRecord/persistence/records_upload_list
D/inject  (  348): [+] The New open count 105
D/inject  (  348): [+] The New openfile fd 40
D/inject  (  348): [+]-----------open test txt file-----------
D/inject  (  348): [+] The New open path /mnt/sdcard/Android/data/cn.wps.moffice_eng/cache/KingsoftOffice/file/.timeBox/HistoryRecord/persistence/records_upload_list
D/inject  (  348): [+] The New open count 106
D/inject  (  348): [+] The New openfile fd 40
D/inject  (  348): [+]-----------open test txt file-----------
D/inject  (  348): [+] The New open path /data/data/cn.wps.moffice_eng/files/.cloud/cloudsetting
D/inject  (  348): [+] The New open count 107
D/inject  (  348): [+] The New openfile fd 40
D/inject  (  348): [+]-----------open test txt file-----------
D/inject  (  348): [+] The New open path /data/data/cn.wps.moffice_eng/files/.cloud/cloudsetting
D/inject  (  348): [+] The New open count 108
D/inject  (  348): [+] The New openfile fd 40
D/dalvikvm(  375): GC_EXPLICIT freed 307K, 46% free 4203K/7751K, external 10838K/12886K, paused 71ms
D/inject  (  348): [+]-----------open test txt file-----------
D/inject  (  348): [+] The New open path /mnt/sdcard/KingsoftOffice/.history/.nomedia/c45b3b93dbfb9bc822020040c83d2145.png
D/inject  (  348): [+] The New open count 109
D/inject  (  348): [+] The New openfile fd 40
D/inject  (  348): [+]-----------open test txt file-----------
D/inject  (  348): [+] The New open path /mnt/sdcard/KingsoftOffice/.history/.nomedia/c45b3b93dbfb9bc822020040c83d2145.png
D/inject  (  348): [+] The New open count 110
D/inject  (  348): [+] The New openfile fd 40
D/dalvikvm(  348): GC_EXTERNAL_ALLOC freed 288K, 48% free 4003K/7623K, external 6846K/6950K, paused 52ms
D/inject  (  348): [+]-----------open test txt file-----------
D/inject  (  348): [+] The New open path /data/data/cn.wps.moffice_eng/files/AppPersistence
D/inject  (  348): [+] The New open count 111
D/inject  (  348): [+] The New openfile fd 40
D/dalvikvm(  348): GetFieldID: unable to find field Ljava/util/HashMap;.loadFactor:F
D/inject  (  348): [+]-----------open test txt file-----------
D/inject  (  348): [+] The New open path /data/data/cn.wps.moffice_eng/files/AppPersistence
D/inject  (  348): [+] The New open count 112
D/inject  (  348): [+] The New openfile fd 40
D/inject  (  348): [+]-----------open test txt file-----------
D/inject  (  348): [+] The New open path /data/data/cn.wps.moffice_eng/files/AppPersistence
D/inject  (  348): [+] The New open count 113
D/inject  (  348): [+] The New openfile fd 40
D/dalvikvm(  348): GetFieldID: unable to find field Ljava/util/HashMap;.loadFactor:F
D/inject  (  348): [+]-----------open test txt file-----------
D/inject  (  348): [+] The New open path /data/data/cn.wps.moffice_eng/files/AppPersistence
D/inject  (  348): [+] The New open count 114
D/inject  (  348): [+] The New openfile fd 40
D/inject  (  348): [+]-----------open test txt file-----------
D/inject  (  348): [+] The New open path /data/data/cn.wps.moffice_eng/files/AppPersistence
D/inject  (  348): [+] The New open count 115
D/inject  (  348): [+] The New openfile fd 40
D/dalvikvm(  348): GetFieldID: unable to find field Ljava/util/HashMap;.loadFactor:F
I/ActivityManager(   61): Starting: Intent { cmp=cn.wps.moffice_eng/cn.wps.moffice.startactivity.writer.StartWriterActivity1 (has extras) } from pid 348
I/ActivityManager(   61): Starting: Intent { cmp=cn.wps.moffice_eng/cn.wps.moffice.writer.Writer1 (has extras) } from pid 375
D/dalvikvm(  375): GetFieldID: unable to find field Ljava/util/HashMap;.loadFactor:F
D/dalvikvm(  375): GetFieldID: unable to find field Ljava/util/HashMap;.loadFactor:F
D/water   (  375): packageName: cn.wps.moffice_eng
D/inject  (  348): [+]-----------open test txt file-----------
D/inject  (  348): [+] The New open path /mnt/sdcard/KingsoftOffice/.history/HistoryRecordDataSource
D/inject  (  348): [+] The New open count 116
D/inject  (  348): [+] The New openfile fd 40
D/inject  (  348): [+]-----------open test txt file-----------
D/inject  (  348): [+] The New open path /mnt/sdcard/documents/open.txt
D/inject  (  348): [+] The New open count 117
D/inject  (  348): [+] The New openfile fd 40
D/dalvikvm(  375): GetFieldID: unable to find field Ljava/util/HashMap;.loadFactor:F
D/inject  (  348): [+]-----------open test txt file-----------
D/inject  (  348): [+] The New open path /data/data/cn.wps.moffice_eng/files/.cloud/.connectionPersistence
D/inject  (  348): [+] The New open count 118
D/inject  (  348): [+] The New openfile fd 40
D/dalvikvm(  375): GetFieldID: unable to find field Ljava/util/HashMap;.loadFactor:F
D/dalvikvm(  375): GetFieldID: unable to find field Ljava/util/HashMap;.loadFactor:F
D/dalvikvm(  375): GetFieldID: unable to find field Ljava/util/HashMap;.loadFactor:F
D/dalvikvm(  375): GC_EXTERNAL_ALLOC freed 707K, 43% free 4551K/7879K, external 10124K/11403K, paused 65ms
D/dalvikvm(  375): GetFieldID: unable to find field Ljava/util/HashMap;.loadFactor:F
D/inject  (  348): [+]-----------open test txt file-----------
D/inject  (  348): [+] The New open path /data/data/cn.wps.moffice_eng/files/lable.db
D/inject  (  348): [+] The New open count 119
D/inject  (  348): [+] The New openfile fd 40
D/dalvikvm(  375): GREF has increased to 201
D/dalvikvm(  375): GetFieldID: unable to find field Ljava/util/HashMap;.loadFactor:F
D/dalvikvm(  375): GetFieldID: unable to find field Ljava/util/HashMap;.loadFactor:F
D/dalvikvm(  375): GC_EXTERNAL_ALLOC freed 446K, 43% free 4567K/7879K, external 12716K/13453K, paused 145ms
D/inject  (  348): [+]-----------open test txt file-----------
D/inject  (  348): [+] The New open path /data/data/cn.wps.moffice_eng/files/lable.db
D/inject  (  348): [+] The New open count 120
D/inject  (  348): [+] The New openfile fd 40
I/ActivityManager(   61): Displayed cn.wps.moffice_eng/cn.wps.moffice.writer.Writer1: +2s163ms (total +2s196ms)
D/inject  (  348): [+]-----------open test txt file-----------
D/inject  (  348): [+] The New open path /data/data/cn.wps.moffice_eng/files/_localRecord
D/inject  (  348): [+] The New open count 121
D/inject  (  348): [+] The New openfile fd 40
D/inject  (  348): [+]-----------open test txt file-----------
D/inject  (  348): [+] The New open path /data/data/cn.wps.moffice_eng/files/_localRecord
D/inject  (  348): [+] The New open count 122
D/inject  (  348): [+] The New openfile fd 40
D/inject  (  348): [+]-----------open test txt file-----------
D/inject  (  348): [+] The New open path /mnt/sdcard/KingsoftOffice/.history/.nomedia/ab189525c7e6b00c55c498d80f7d9fbf.png
D/inject  (  348): [+] The New open count 123
D/inject  (  348): [+] The New openfile fd 40
D/inject  (  348): [+]-----------open test txt file-----------
D/inject  (  348): [+] The New open path /mnt/sdcard/KingsoftOffice/.history/.nomedia/ab189525c7e6b00c55c498d80f7d9fbf.png
D/inject  (  348): [+] The New open count 124
D/inject  (  348): [+] The New openfile fd 40
D/dalvikvm(  348): GC_EXTERNAL_ALLOC freed 400K, 47% free 4068K/7623K, external 4646K/5803K, paused 120ms
D/inject  (  348): [+]-----------open test txt file-----------
D/inject  (  348): [+] The New open path /mnt/sdcard/KingsoftOffice/.history/.nomedia/255b33a7e966eec4c33af01fa9395c5f.png
D/inject  (  348): [+] The New open count 125
D/inject  (  348): [+] The New openfile fd 40
D/inject  (  348): [+]-----------open test txt file-----------
D/inject  (  348): [+] The New open path /mnt/sdcard/KingsoftOffice/.history/.nomedia/255b33a7e966eec4c33af01fa9395c5f.png
D/inject  (  348): [+] The New open count 126
D/inject  (  348): [+] The New openfile fd 40
D/dalvikvm(  348): GC_EXTERNAL_ALLOC freed 128K, 48% free 4028K/7623K, external 5927K/5927K, paused 244ms
D/inject  (  348): [+]-----------open test txt file-----------
D/inject  (  348): [+] The New open path /mnt/sdcard/KingsoftOffice/.history/.nomedia/c45b3b93dbfb9bc822020040c83d2145.png
D/inject  (  348): [+] The New open count 127
D/inject  (  348): [+] The New openfile fd 40
D/inject  (  348): [+]-----------open test txt file-----------
D/inject  (  348): [+] The New open path /mnt/sdcard/KingsoftOffice/.history/.nomedia/c45b3b93dbfb9bc822020040c83d2145.png
D/inject  (  348): [+] The New open count 128
D/inject  (  348): [+] The New openfile fd 40
D/dalvikvm(  348): GC_EXTERNAL_ALLOC freed 86K, 48% free 4026K/7623K, external 6232K/6232K, paused 111ms
D/SntpClient(   61): request time failed: java.net.SocketException: Address family not supported by protocol
D/inject  (  348): [+]-----------open test txt file-----------
D/inject  (  348): [+] The New open path /data/data/cn.wps.moffice_eng/files/_localRecord
D/inject  (  348): [+] The New open count 129
D/inject  (  348): [+] The New openfile fd 40
D/inject  (  348): [+]-----------open test txt file-----------
D/inject  (  348): [+] The New open path /data/data/cn.wps.moffice_eng/files/_localRecord
D/inject  (  348): [+] The New open count 130
D/inject  (  348): [+] The New openfile fd 40
D/inject  (  348): [+]-----------open test txt file-----------
D/inject  (  348): [+] The New open path /data/data/cn.wps.moffice_eng/files/_localRecord
D/inject  (  348): [+] The New open count 131
D/inject  (  348): [+] The New openfile fd 40
D/inject  (  348): [+]-----------open test txt file-----------
D/inject  (  348): [+] The New open path /data/data/cn.wps.moffice_eng/files/_localRecord
D/inject  (  348): [+] The New open count 132
D/inject  (  348): [+] The New openfile fd 40
D/SntpClient(   61): request time failed: java.net.SocketException: Address family not supported by protocol
D/inject  (  348): [+]-----------open test txt file-----------
D/inject  (  348): [+] The New open path /data/data/cn.wps.moffice_eng/files/_localRecord
D/inject  (  348): [+] The New open count 133
D/inject  (  348): [+] The New openfile fd 40
D/inject  (  348): [+]-----------open test txt file-----------
D/inject  (  348): [+] The New open path /data/data/cn.wps.moffice_eng/files/_localRecord
D/inject  (  348): [+] The New open count 134
D/inject  (  348): [+] The New openfile fd 40
I/dalvikvm(   61): Jit: resizing JitTable from 1024 to 2048
D/SntpClient(   61): request time failed: java.net.SocketException: Address family not supported by protocol
