D/inject  ( 7735): [+] The New open count 102
D/inject  ( 7735): [+] The old openfile fd 45
D/dalvikvm( 7735): GetFieldID: unable to find field Ljava/util/HashMap;.loadFactor:F
D/inject  ( 7735): [+]-----------open test txt file-----------
D/inject  ( 7735): [+] The New open path /data/data/cn.wps.moffice_eng/files/AppPersistence
D/inject  ( 7735): [+] The New open count 103
D/inject  ( 7735): [+] The old openfile fd 45
D/inject  ( 7735): [+]-----------open test txt file-----------
D/inject  ( 7735): [+] The New open path /mnt/sdcard/KingsoftOffice/.history/.nomedia/c45b3b93dbfb9bc822020040c83d2145.png
D/inject  ( 7735): [+] The New open count 104
D/inject  ( 7735): [+] The old openfile fd 45
D/inject  ( 7735): [+]-----------open test txt file-----------
D/inject  ( 7735): [+] The New open path /mnt/sdcard/KingsoftOffice/.history/.nomedia/c45b3b93dbfb9bc822020040c83d2145.png
D/inject  ( 7735): [+] The New open count 105
D/inject  ( 7735): [+] The old openfile fd 45
D/dalvikvm( 7735): GC_EXTERNAL_ALLOC freed 287K, 47% free 4066K/7623K, external 4646K/5803K, paused 89ms
D/inject  ( 7735): [+]-----------open test txt file-----------
D/inject  ( 7735): [+] The New open path /mnt/sdcard/KingsoftOffice/.history/.nomedia/ab189525c7e6b00c55c498d80f7d9fbf.png
D/inject  ( 7735): [+] The New open count 106
D/inject  ( 7735): [+] The old openfile fd 45
D/inject  ( 7735): [+]-----------open test txt file-----------
D/inject  ( 7735): [+] The New open path /mnt/sdcard/KingsoftOffice/.history/.nomedia/ab189525c7e6b00c55c498d80f7d9fbf.png
D/inject  ( 7735): [+] The New open count 107
D/inject  ( 7735): [+] The old openfile fd 45
D/dalvikvm( 7735): GC_EXTERNAL_ALLOC freed 119K, 48% free 4035K/7623K, external 5927K/5927K, paused 53ms
D/inject  ( 7735): [+]-----------open test txt file-----------
D/inject  ( 7735): [+] The New open path /mnt/sdcard/KingsoftOffice/.history/.nomedia/10ca354419e828a281119d7494f3c81f.png
D/inject  ( 7735): [+] The New open count 108
D/inject  ( 7735): [+] The old openfile fd 45
D/inject  ( 7735): [+]-----------open test txt file-----------
D/inject  ( 7735): [+] The New open path /mnt/sdcard/KingsoftOffice/.history/.nomedia/10ca354419e828a281119d7494f3c81f.png
D/inject  ( 7735): [+] The New open count 109
D/inject  ( 7735): [+] The old openfile fd 45
D/dalvikvm( 7735): GC_EXTERNAL_ALLOC freed 74K, 47% free 4046K/7623K, external 6232K/6232K, paused 52ms
D/inject  ( 7735): [+]-----------open test txt file-----------
D/inject  ( 7735): [+] The New open path /data/data/cn.wps.moffice_eng/files/.cloud/cloudsetting
D/inject  ( 7735): [+] The New open count 110
D/inject  ( 7735): [+] The old openfile fd 45
D/inject  ( 7735): [+]-----------open test txt file-----------
D/inject  ( 7735): [+] The New open path /data/data/cn.wps.moffice_eng/files/.cloud/cloudsetting
D/inject  ( 7735): [+] The New open count 111
D/inject  ( 7735): [+] The old openfile fd 45
I/System.out( 7735): flushRecord:12525019-b757-4845-ad1d-0a537e78bd9c
D/inject  ( 7735): [+]-----------open test txt file-----------
D/inject  ( 7735): [+] The New open path /mnt/sdcard/Android/data/cn.wps.moffice_eng/cache/KingsoftOffice/file/.timeBox/HistoryRecord/records/12525019-b757-4845-ad1d-0a537e78bd9c
D/inject  ( 7735): [+] The New open count 112
D/inject  ( 7735): [+] The old openfile fd 45
D/inject  ( 7735): [+]-----------open test txt file-----------
D/inject  ( 7735): [+] The New open path /mnt/sdcard/Android/data/cn.wps.moffice_eng/cache/KingsoftOffice/file/.timeBox/HistoryRecord/persistence/records_upload_list
D/inject  ( 7735): [+] The New open count 113
D/inject  ( 7735): [+] The old openfile fd 45
D/inject  ( 7735): [+]-----------open test txt file-----------
D/inject  ( 7735): [+] The New open path /mnt/sdcard/Android/data/cn.wps.moffice_eng/cache/KingsoftOffice/file/.timeBox/HistoryRecord/persistence/records_upload_list
D/inject  ( 7735): [+] The New open count 114
D/inject  ( 7735): [+] The old openfile fd 45
D/inject  ( 7735): [+]-----------open test txt file-----------
D/inject  ( 7735): [+] The New open path /data/data/cn.wps.moffice_eng/files/.cloud/cloudsetting
D/inject  ( 7735): [+] The New open count 115
D/inject  ( 7735): [+] The old openfile fd 45
D/inject  ( 7735): [+]-----------open test txt file-----------
D/inject  ( 7735): [+] The New open path /data/data/cn.wps.moffice_eng/files/.cloud/cloudsetting
D/inject  ( 7735): [+] The New open count 116
D/inject  ( 7735): [+] The old openfile fd 45
W/IInputConnectionWrapper( 3990): showStatusIcon on inactive InputConnection
D/dalvikvm( 3990): GC_EXPLICIT freed 288K, 40% free 5735K/9543K, external 19297K/21345K, paused 99ms
D/inject  ( 8814): [+] The pid of cn.wps.moffice_eng: 7735
D/inject  ( 8814): [+] Injecting process: 7735
D/inject  ( 8814): [+] get_remote_addr: local[afd00000], remote[afd00000]
D/inject  ( 8814): [+] Remote mmap address: afd170cd
D/inject  ( 8814): [+] Calling mmap in target process.
D/inject  ( 8814): [+] Target process returned from mmap, return value=454c6000, pc=0 
D/inject  ( 8814): [+] get_remote_addr: local[b0001000], remote[b0001000]
D/inject  ( 8814): [+] get_remote_addr: local[b0001000], remote[b0001000]
D/inject  ( 8814): [+] get_remote_addr: local[b0001000], remote[b0001000]
D/inject  ( 8814): [+] Get imports: dlopen: b00059bd, dlsym: b0005915, dlclose: b0005849
D/inject  ( 8814): [+] Inject code start: c008, end: c084
D/inject  ( 8814): [+] _dlopen_param1_s: 454c9c9c
D/inject  ( 8814): [+] _dlsym_param2_s: 454c9d9c
D/inject  ( 8814): [+] _saved_r0_pc_s: 454c9e9c
D/inject  ( 8814): [+] _inject_function_param_s: 454c9f9c
D/inject  ( 8814): [+] Remote shellcode address: 454c9c00
D/inject  ( 8814): [+] Process Detach: 10
D/inject  ( 7735): hello ARM! I'm parameter1324! pid:7735
D/inject  ( 7735): The Handle of libhook_open: b000d2b0
D/inject  ( 7735): find it pre 0
D/inject  ( 7735): find it 806012a8
D/inject  ( 7735): [+] aaaaaaa do_hook function is invoked 
D/inject  ( 7735): [+] open addr: 0xafd17111. New addr 0x806011b0
D/inject  ( 7735): [+] just for test info 
D/inject  ( 7735): [+] set ok 
D/inject  ( 7735): [+] Get the persist.sys.test  bbbbbbbb
D/inject  ( 7735): [+] just for test print old_open address 0xafd17111
D/inject  ( 7735): [+] just for test print new_open address 0x806011b0
D/inject  ( 7735): [+] Get old address global  afd17111
D/inject  ( 7735): [+] Get new address global  806011b0
D/inject  ( 7735): [+] binder path ad100000
D/inject  ( 7735): [+] Section header table file offset 2e23c
D/inject  ( 7735): [+] Section header table entry count 15
D/inject  ( 7735): [+] Section header table entry size 28
D/inject  ( 7735): [+] Section header string table index 14
D/inject  ( 7735): [+] Object file type 3
D/inject  ( 7735): [+] Object file version 1
D/inject  ( 7735): [+] Out_addr in GOT table before 0
D/inject  ( 7735): [+] Out_size of func in GOT table before 0
D/inject  ( 7735): [+] Out_addr in GOT table ad12c138
D/inject  ( 7735): [+] Out_size of func in GOT table 8c4
D/inject  ( 7735): [+] Out_addr in GOT table ad12c138
D/inject  ( 7735): [+] Out_size of func in GOT table 8c4
D/inject  ( 7735): [+] Out_addr in GOT afd4d5c8
D/inject  ( 7735): [+] old open address 20000 afd17111
D/inject  ( 7735): [+] Out_addr in GOT 464c457f
D/inject  ( 7735): [+] target pid 1e37
D/inject  ( 7735): [+] old open address 22223 afd17111
D/inject  ( 7735): [+] Find got_item ff 
D/inject  ( 7735): [+] old open address 3333 afd17111
D/inject  ( 7735): [+] old open address 3333 afffffff
D/inject  ( 7735): [+] new open address 3333 806011b0
D/inject  ( 7735): [+] new open address 3333 806011b0
D/inject  ( 7735): [+] Find got item afd4d5c8 
D/inject  ( 7735): [+] Find got item ad12e2a4 
D/inject  ( 7735): [+] Find got item ad12e28c 
D/inject  ( 7735): [+] Find got item ad12e268 
D/inject  ( 7735): [+] Find got item ad12e258 
D/inject  ( 7735): [+] Find got item afd4631c 
D/inject  ( 7735): [+] Find got item ad12e298 
D/inject  ( 7735): [+] Find got item ad12e250 
D/inject  ( 7735): [+] Find got item ad12e280 
D/inject  ( 7735): [+] Find got item ad12e294 
D/inject  ( 7735): [+] Find got item ad12e260 
D/inject  ( 7735): [+] Find got item ad12e278 
D/inject  ( 7735): [+] Find got item afd415c0 
D/inject  ( 7735): [+] Find got item ad12e2a8 
D/inject  ( 7735): [+] Find got item ad12e274 
D/inject  ( 7735): [+] Find got item ad12e27c 
D/inject  ( 7735): [+] Find got item ad12e248 
D/inject  ( 7735): [+] Find got item ad12e2a0 
D/inject  ( 7735): [+] Find got item ad12e25c 
D/inject  ( 7735): [+] Find got item ad12e270 
D/inject  ( 7735): [+] Find got item ad12e288 
D/inject  ( 7735): [+] Find got item ad12e264 
D/inject  ( 7735): [+] Find got item ad12e284 
D/inject  ( 7735): [+] Find got item ad9bc7f1 
D/inject  ( 7735): [+] Find got item ad9bc7f9 
D/inject  ( 7735): [+] Find got item ade45f55 
D/inject  ( 7735): [+] Find got item ade45f69 
D/inject  ( 7735): [+] Find got item ad9bb339 
D/inject  ( 7735): [+] Find got item ad9bb341 
D/inject  ( 7735): [+] Find got item ad9b481d 
D/inject  ( 7735): [+] Find got item ad9b4831 
D/inject  ( 7735): [+] Find got item ad9a5561 
D/inject  ( 7735): [+] Find got item ad9a5569 
D/inject  ( 7735): [+] Find got item ade31305 
D/inject  ( 7735): [+] Find got item ade3130d 
D/inject  ( 7735): [+] Find got item ad12e240 
D/inject  ( 7735): [+] Find got item ad12e244 
D/inject  ( 7735): [+] Find got item ad12e24c 
D/inject  ( 7735): [+] Find got item ad12e254 
D/inject  ( 7735): [+] Find got item ad12e26c 
D/inject  ( 7735): [+] Find got item ad12e290 
D/inject  ( 7735): [+] Find got item ad12e29c 
D/inject  ( 7735): [+] Find got item ade5f751 
D/inject  ( 7735): [+] Find got item ade5f749 
D/inject  ( 7735): [+] Find got item ade5f74d 
D/inject  ( 7735): [+] Find got item adec6b68 
D/inject  ( 7735): [+] Find got item ad12ca00 
D/inject  ( 7735): [+] Find got item afd42610 
D/inject  ( 7735): [+] Find got item 0 
D/inject  ( 7735): [+] Find got item 0 
D/inject  ( 7735): [+] Find got item 0 
D/inject  ( 7735): [+] Find got item afd2092d 
D/inject  ( 7735): [+] Find got item afd19c3d 
D/inject  ( 7735): [+] Find got item afd20a45 
D/inject  ( 7735): [+] Find got item af9038e5 
D/inject  ( 7735): [+] Find got item afd28321 
D/inject  ( 7735): [+] Find got item af9037b1 
D/inject  ( 7735): [+] Find got item afd1c87d 
D/inject  ( 7735): [+] Find got item ade3a295 
D/inject  ( 7735): [+] Find got item ade394bd 
D/inject  ( 7735): [+] Find got item ade39c31 
D/inject  ( 7735): [+] Find got item ad9a4ef5 
D/inject  ( 7735): [+] Find got item ad96a6b1 
D/inject  ( 7735): [+] Find got item ade39141 
D/inject  ( 7735): [+] Find got item ad99e381 
D/inject  ( 7735): [+] Find got item ad96a3f1 
D/inject  ( 7735): [+] Find got item ad99d059 
D/inject  ( 7735): [+] Find got item ade256f1 
D/inject  ( 7735): [+] Find got item ad9a3e51 
D/inject  ( 7735): [+] Find got item ad9a3839 
D/inject  ( 7735): [+] Find got item afd25c95 
D/inject  ( 7735): [+] Find got item afd11fbd 
D/inject  ( 7735): [+] Find got item afd17049 
D/inject  ( 7735): [+] Find got item afd0bba0 
D/inject  ( 7735): [+] Find got item afd0bad0 
D/inject  ( 7735): [+] Find got item afd0e3e0 
D/inject  ( 7735): [+] Find got item afd0e3f4 
D/inject  ( 7735): [+] Find got item afd29855 
D/inject  ( 7735): [+] Find got item afd0bc40 
D/inject  ( 7735): [+] Find got item afc009e1 
D/inject  ( 7735): [+] Find got item afd0bc00 
D/inject  ( 7735): [+] Find got item afc009c1 
D/inject  ( 7735): [+] Find got item afd0bbe0 
D/inject  ( 7735): [+] Find got item afd14de4 
D/inject  ( 7735): [+] Find got item afd20859 
D/inject  ( 7735): [+] Find got item afc009e9 
D/inject  ( 7735): [+] Find got item afd172fd 
D/inject  ( 7735): [+] Find got item afd3742d 
D/inject  ( 7735): [+] Find got item afd17249 
D/inject  ( 7735): [+] Find got item afd171a1 
D/inject  ( 7735): [+] Find got item afc009c9 
D/inject  ( 7735): [+] Find got item afd17ac5 
D/inject  ( 7735): [+] Find got item afd0bc80 
D/inject  ( 7735): [+] Find got item afd19a49 
D/inject  ( 7735): [+] Find got item 806011b0 
D/inject  ( 7735): [+]-----------open test txt file-----------
D/inject  ( 7735): [+] The New open path /data/data/cn.wps.moffice_eng/files/AppPersistence
D/inject  ( 7735): [+] The New open count 117
D/inject  ( 7735): [+] The old openfile fd 51
D/dalvikvm( 7735): GetFieldID: unable to find field Ljava/util/HashMap;.loadFactor:F
D/inject  ( 7735): [+]-----------open test txt file-----------
D/inject  ( 7735): [+] The New open path /data/data/cn.wps.moffice_eng/files/AppPersistence
D/inject  ( 7735): [+] The New open count 118
D/inject  ( 7735): [+] The old openfile fd 51
D/inject  ( 7735): [+]-----------open test txt file-----------
D/inject  ( 7735): [+] The New open path /data/data/cn.wps.moffice_eng/files/AppPersistence
D/inject  ( 7735): [+] The New open count 119
D/inject  ( 7735): [+] The old openfile fd 51
D/dalvikvm( 7735): GetFieldID: unable to find field Ljava/util/HashMap;.loadFactor:F
D/inject  ( 7735): [+]-----------open test txt file-----------
D/inject  ( 7735): [+] The New open path /data/data/cn.wps.moffice_eng/files/AppPersistence
D/inject  ( 7735): [+] The New open count 120
D/inject  ( 7735): [+] The old openfile fd 51
D/inject  ( 7735): [+]-----------open test txt file-----------
D/inject  ( 7735): [+] The New open path /data/data/cn.wps.moffice_eng/files/AppPersistence
D/inject  ( 7735): [+] The New open count 121
D/inject  ( 7735): [+] The old openfile fd 51
D/dalvikvm( 7735): GetFieldID: unable to find field Ljava/util/HashMap;.loadFactor:F
I/ActivityManager(   61): Starting: Intent { cmp=cn.wps.moffice_eng/cn.wps.moffice.startactivity.writer.StartWriterActivity1 (has extras) } from pid 7735
I/ActivityManager(   61): Starting: Intent { cmp=cn.wps.moffice_eng/cn.wps.moffice.writer.Writer1 (has extras) } from pid 3990
D/dalvikvm( 3990): GetFieldID: unable to find field Ljava/util/HashMap;.loadFactor:F
D/dalvikvm( 3990): GetFieldID: unable to find field Ljava/util/HashMap;.loadFactor:F
D/water   ( 3990): packageName: cn.wps.moffice_eng
D/inject  ( 7735): [+]-----------open test txt file-----------
D/inject  ( 7735): [+] The New open path /mnt/sdcard/KingsoftOffice/.history/HistoryRecordDataSource
D/inject  ( 7735): [+] The New open count 122
D/inject  ( 7735): [+] The old openfile fd 51
D/inject  ( 7735): [+]-----------open test txt file-----------
D/inject  ( 7735): [+] The New open path /mnt/sdcard/documents/ope11.txt
D/inject  ( 7735): [+] The New open count 123
D/inject  ( 7735): [+] The old openfile fd 51
D/dalvikvm( 3990): GetFieldID: unable to find field Ljava/util/HashMap;.loadFactor:F
D/inject  ( 7735): [+]-----------open test txt file-----------
D/inject  ( 7735): [+] The New open path /data/data/cn.wps.moffice_eng/files/.cloud/.connectionPersistence
D/inject  ( 7735): [+] The New open count 124
D/inject  ( 7735): [+] The old openfile fd 51
D/dalvikvm( 3990): GetFieldID: unable to find field Ljava/util/HashMap;.loadFactor:F
D/dalvikvm( 3990): GetFieldID: unable to find field Ljava/util/HashMap;.loadFactor:F
D/dalvikvm( 3990): GetFieldID: unable to find field Ljava/util/HashMap;.loadFactor:F
D/dalvikvm( 3990): GC_EXTERNAL_ALLOC freed 738K, 37% free 6085K/9543K, external 18583K/19862K, paused 132ms
D/dalvikvm( 3990): GetFieldID: unable to find field Ljava/util/HashMap;.loadFactor:F
D/inject  ( 7735): [+]-----------open test txt file-----------
D/inject  ( 7735): [+] The New open path /data/data/cn.wps.moffice_eng/files/lable.db
D/inject  ( 7735): [+] The New open count 125
D/inject  ( 7735): [+] The old openfile fd 51
D/dalvikvm( 3990): GetFieldID: unable to find field Ljava/util/HashMap;.loadFactor:F
D/dalvikvm( 3990): GetFieldID: unable to find field Ljava/util/HashMap;.loadFactor:F
D/dalvikvm( 3990): GC_EXTERNAL_ALLOC freed 451K, 37% free 6096K/9543K, external 21175K/21912K, paused 167ms
D/dalvikvm( 3990): GC_EXTERNAL_ALLOC freed <1K, 37% free 6096K/9543K, external 21175K/21912K, paused 172ms
I/dalvikvm-heap( 3990): Clamp target GC heap from 32.541MB to 32.000MB
D/dalvikvm( 3990): GC_FOR_MALLOC freed 1K, 37% free 6094K/9543K, external 22575K/24623K, paused 105ms
D/inject  ( 7735): [+]-----------open test txt file-----------
D/inject  ( 7735): [+] The New open path /data/data/cn.wps.moffice_eng/files/_localRecord
D/inject  ( 7735): [+] The New open count 126
D/inject  ( 7735): [+] The old openfile fd 51
D/dalvikvm( 3990): GC_EXTERNAL_ALLOC freed 33K, 37% free 6081K/9543K, external 22554K/24602K, paused 112ms
D/inject  ( 7735): [+]-----------open test txt file-----------
D/inject  ( 7735): [+] The New open path /data/data/cn.wps.moffice_eng/files/_localRecord
D/inject  ( 7735): [+] The New open count 127
D/inject  ( 7735): [+] The old openfile fd 51
D/inject  ( 7735): [+]-----------open test txt file-----------
D/inject  ( 7735): [+] The New open path /mnt/sdcard/KingsoftOffice/.history/.nomedia/c45b3b93dbfb9bc822020040c83d2145.png
D/inject  ( 7735): [+] The New open count 128
D/inject  ( 7735): [+] The old openfile fd 51
D/inject  ( 7735): [+]-----------open test txt file-----------
D/inject  ( 7735): [+] The New open path /mnt/sdcard/KingsoftOffice/.history/.nomedia/c45b3b93dbfb9bc822020040c83d2145.png
D/inject  ( 7735): [+] The New open count 129
D/inject  ( 7735): [+] The old openfile fd 51
D/dalvikvm( 7735): GC_EXTERNAL_ALLOC freed 551K, 47% free 4095K/7623K, external 4646K/5803K, paused 119ms
I/dalvikvm-heap( 3990): Clamp target GC heap from 32.506MB to 32.000MB
D/dalvikvm( 3990): GC_FOR_MALLOC freed 5K, 37% free 6076K/9543K, external 22557K/24602K, paused 104ms
D/inject  ( 7735): [+]-----------open test txt file-----------
D/inject  ( 7735): [+] The New open path /mnt/sdcard/KingsoftOffice/.history/.nomedia/ab189525c7e6b00c55c498d80f7d9fbf.png
D/inject  ( 7735): [+] The New open count 130
D/inject  ( 7735): [+] The old openfile fd 51
D/inject  ( 7735): [+]-----------open test txt file-----------
D/inject  ( 7735): [+] The New open path /mnt/sdcard/KingsoftOffice/.history/.nomedia/ab189525c7e6b00c55c498d80f7d9fbf.png
D/inject  ( 7735): [+] The New open count 131
D/inject  ( 7735): [+] The old openfile fd 51
D/dalvikvm( 3990): GC_EXTERNAL_ALLOC freed 0K, 37% free 6076K/9543K, external 22557K/24602K, paused 144ms
D/dalvikvm( 7735): GC_EXTERNAL_ALLOC freed 127K, 47% free 4056K/7623K, external 5927K/5927K, paused 115ms
D/inject  ( 7735): [+]-----------open test txt file-----------
D/inject  ( 7735): [+] The New open path /mnt/sdcard/KingsoftOffice/.history/.nomedia/10ca354419e828a281119d7494f3c81f.png
D/inject  ( 7735): [+] The New open count 132
D/inject  ( 7735): [+] The old openfile fd 51
D/inject  ( 7735): [+]-----------open test txt file-----------
D/inject  ( 7735): [+] The New open path /mnt/sdcard/KingsoftOffice/.history/.nomedia/10ca354419e828a281119d7494f3c81f.png
D/inject  ( 7735): [+] The New open count 133
D/inject  ( 7735): [+] The old openfile fd 51
I/dalvikvm-heap( 3990): Clamp target GC heap from 32.511MB to 32.000MB
D/dalvikvm( 3990): GC_FOR_MALLOC freed 0K, 37% free 6076K/9543K, external 22562K/24602K, paused 98ms
D/dalvikvm( 3990): GC_EXTERNAL_ALLOC freed 1K, 37% free 6077K/9543K, external 22560K/24602K, paused 152ms
D/dalvikvm( 7735): GC_EXTERNAL_ALLOC freed 74K, 47% free 4067K/7623K, external 6232K/6232K, paused 108ms
D/dalvikvm( 3990): GC_FOR_MALLOC freed <1K, 37% free 6076K/9543K, external 21281K/23329K, paused 58ms
D/inject  ( 7735): [+]-----------open test txt file-----------
D/inject  ( 7735): [+] The New open path /data/data/cn.wps.moffice_eng/files/lable.db
D/inject  ( 7735): [+] The New open count 134
D/inject  ( 7735): [+] The old openfile fd 51
I/ActivityManager(   61): Displayed cn.wps.moffice_eng/cn.wps.moffice.writer.Writer1: +4s476ms (total +4s513ms)
W/InputManagerService(   61): Starting input on non-focused client com.android.internal.view.IInputMethodClient$Stub$Proxy@4071ff10 (uid=10037 pid=7735)
D/dalvikvm( 3990): GC_EXTERNAL_ALLOC freed 492K, 36% free 6127K/9543K, external 21466K/22234K, paused 84ms
D/inject  ( 7735): [+]-----------open test txt file-----------
D/inject  ( 7735): [+] The New open path /data/data/cn.wps.moffice_eng/files/_localRecord
D/inject  ( 7735): [+] The New open count 135
D/inject  ( 7735): [+] The old openfile fd 51
D/inject  ( 7735): [+]-----------open test txt file-----------
D/inject  ( 7735): [+] The New open path /data/data/cn.wps.moffice_eng/files/_localRecord
D/inject  ( 7735): [+] The New open count 136
D/inject  ( 7735): [+] The old openfile fd 51
D/dalvikvm( 3990): GC_EXTERNAL_ALLOC freed 0K, 36% free 6127K/9543K, external 21466K/22234K, paused 130ms
D/inject  ( 7735): [+]-----------open test txt file-----------
D/inject  ( 7735): [+] The New open path /mnt/sdcard/KingsoftOffice/.history/.nomedia/c45b3b93dbfb9bc822020040c83d2145.png
D/inject  ( 7735): [+] The New open count 137
D/inject  ( 7735): [+] The old openfile fd 51
D/inject  ( 7735): [+]-----------open test txt file-----------
D/inject  ( 7735): [+] The New open path /mnt/sdcard/KingsoftOffice/.history/.nomedia/c45b3b93dbfb9bc822020040c83d2145.png
D/inject  ( 7735): [+] The New open count 138
D/inject  ( 7735): [+] The old openfile fd 51
I/dalvikvm-heap( 3990): Clamp target GC heap from 32.739MB to 32.000MB
D/dalvikvm( 3990): GC_FOR_MALLOC freed 2K, 36% free 6124K/9543K, external 22747K/24795K, paused 115ms
D/dalvikvm( 7735): GC_EXTERNAL_ALLOC freed 208K, 46% free 4117K/7623K, external 4646K/5803K, paused 130ms
D/inject  ( 7735): [+]-----------open test txt file-----------
D/inject  ( 7735): [+] The New open path /mnt/sdcard/KingsoftOffice/.history/.nomedia/ab189525c7e6b00c55c498d80f7d9fbf.png
D/inject  ( 7735): [+] The New open count 139
D/inject  ( 7735): [+] The old openfile fd 51
D/inject  ( 7735): [+]-----------open test txt file-----------
D/inject  ( 7735): [+] The New open path /mnt/sdcard/KingsoftOffice/.history/.nomedia/ab189525c7e6b00c55c498d80f7d9fbf.png
D/inject  ( 7735): [+] The New open count 140
D/inject  ( 7735): [+] The old openfile fd 51
D/dalvikvm( 7735): GC_EXTERNAL_ALLOC freed 117K, 47% free 4088K/7623K, external 5927K/5927K, paused 160ms
I/ActivityManager(   61): Starting: Intent { cmp=cn.wps.moffice_eng/cn.wps.moffice.documentmanager.DocumentManager } from pid 3990
D/inject  ( 7735): [+]-----------open test txt file-----------
D/inject  ( 7735): [+] The New open path /data/data/cn.wps.moffice_eng/files/lable.db
D/inject  ( 7735): [+] The New open count 141
D/inject  ( 7735): [+] The old openfile fd 51
D/inject  ( 7735): [+]-----------open test txt file-----------
D/inject  ( 7735): [+] The New open path /mnt/sdcard/KingsoftOffice/.history/.nomedia/10ca354419e828a281119d7494f3c81f.png
D/inject  ( 7735): [+] The New open count 142
D/inject  ( 7735): [+] The old openfile fd 51
D/inject  ( 7735): [+]-----------open test txt file-----------
D/inject  ( 7735): [+] The New open path /mnt/sdcard/KingsoftOffice/.history/.nomedia/10ca354419e828a281119d7494f3c81f.png
D/inject  ( 7735): [+] The New open count 143
D/inject  ( 7735): [+] The old openfile fd 51
D/dalvikvm( 7735): GC_EXTERNAL_ALLOC freed 99K, 47% free 4099K/7623K, external 6232K/6232K, paused 59ms
D/inject  ( 7735): [+]-----------open test txt file-----------
D/inject  ( 7735): [+] The New open path /data/data/cn.wps.moffice_eng/files/AppPersistence
D/inject  ( 7735): [+] The New open count 144
D/inject  ( 7735): [+] The old openfile fd 51
D/dalvikvm( 7735): GetFieldID: unable to find field Ljava/util/HashMap;.loadFactor:F
D/inject  ( 7735): [+]-----------open test txt file-----------
D/inject  ( 7735): [+] The New open path /data/data/cn.wps.moffice_eng/files/AppPersistence
D/inject  ( 7735): [+] The New open count 145
D/inject  ( 7735): [+] The old openfile fd 51
D/dalvikvm( 7735): GetFieldID: unable to find field Ljava/util/HashMap;.loadFactor:F
D/inject  ( 7735): [+]-----------open test txt file-----------
D/inject  ( 7735): [+] The New open path /data/data/cn.wps.moffice_eng/files/AppPersistence
D/inject  ( 7735): [+] The New open count 146
D/inject  ( 7735): [+] The old openfile fd 51
D/dalvikvm( 7735): GetFieldID: unable to find field Ljava/util/HashMap;.loadFactor:F
D/inject  ( 7735): [+]-----------open test txt file-----------
D/inject  ( 7735): [+] The New open path /data/data/cn.wps.moffice_eng/files/AppPersistence
D/inject  ( 7735): [+] The New open count 147
D/inject  ( 7735): [+] The old openfile fd 51
D/dalvikvm( 7735): GetFieldID: unable to find field Ljava/util/HashMap;.loadFactor:F
D/inject  ( 7735): [+]-----------open test txt file-----------
D/inject  ( 7735): [+] The New open path /data/data/cn.wps.moffice_eng/files/AppPersistence
D/inject  ( 7735): [+] The New open count 148
D/inject  ( 7735): [+] The old openfile fd 51
D/inject  ( 7735): [+]-----------open test txt file-----------
D/inject  ( 7735): [+] The New open path /data/data/cn.wps.moffice_eng/files/AppPersistence
D/inject  ( 7735): [+] The New open count 149
D/inject  ( 7735): [+] The old openfile fd 51
D/dalvikvm( 7735): GetFieldID: unable to find field Ljava/util/HashMap;.loadFactor:F
D/inject  ( 7735): [+]-----------open test txt file-----------
D/inject  ( 7735): [+] The New open path /data/data/cn.wps.moffice_eng/files/AppPersistence
D/inject  ( 7735): [+] The New open count 150
D/inject  ( 7735): [+] The old openfile fd 51
D/dalvikvm( 7735): GetFieldID: unable to find field Ljava/util/HashMap;.loadFactor:F
D/inject  ( 7735): [+]-----------open test txt file-----------
D/inject  ( 7735): [+] The New open path /data/data/cn.wps.moffice_eng/files/AppPersistence
D/inject  ( 7735): [+] The New open count 151
D/inject  ( 7735): [+] The old openfile fd 51
D/dalvikvm( 7735): GetFieldID: unable to find field Ljava/util/HashMap;.loadFactor:F
D/inject  ( 7735): [+]-----------open test txt file-----------
D/inject  ( 7735): [+] The New open path /data/data/cn.wps.moffice_eng/files/AppPersistence
D/inject  ( 7735): [+] The New open count 152
D/inject  ( 7735): [+] The old openfile fd 51
D/inject  ( 7735): [+]-----------open test txt file-----------
D/inject  ( 7735): [+] The New open path /data/data/cn.wps.moffice_eng/files/_localRecord
D/inject  ( 7735): [+] The New open count 153
D/inject  ( 7735): [+] The old openfile fd 51
D/inject  ( 7735): [+]-----------open test txt file-----------
D/inject  ( 7735): [+] The New open path /data/data/cn.wps.moffice_eng/files/_localRecord
D/inject  ( 7735): [+] The New open count 154
D/inject  ( 7735): [+] The old openfile fd 51
D/inject  ( 7735): [+]-----------open test txt file-----------
D/inject  ( 7735): [+] The New open path /data/data/cn.wps.moffice_eng/files/AppPersistence
D/inject  ( 7735): [+] The New open count 155
D/inject  ( 7735): [+] The old openfile fd 51
D/dalvikvm( 7735): GetFieldID: unable to find field Ljava/util/HashMap;.loadFactor:F
D/inject  ( 7735): [+]-----------open test txt file-----------
D/inject  ( 7735): [+] The New open path /data/data/cn.wps.moffice_eng/files/AppPersistence
D/inject  ( 7735): [+] The New open count 156
D/inject  ( 7735): [+] The old openfile fd 51
D/dalvikvm( 7735): GetFieldID: unable to find field Ljava/util/HashMap;.loadFactor:F
D/inject  ( 7735): [+]-----------open test txt file-----------
D/inject  ( 7735): [+] The New open path /data/data/cn.wps.moffice_eng/files/AppPersistence
D/inject  ( 7735): [+] The New open count 157
D/inject  ( 7735): [+] The old openfile fd 51
D/inject  ( 7735): [+]-----------open test txt file-----------
D/inject  ( 7735): [+] The New open path /mnt/sdcard/KingsoftOffice/.history/.nomedia/c45b3b93dbfb9bc822020040c83d2145.png
D/inject  ( 7735): [+] The New open count 158
D/inject  ( 7735): [+] The old openfile fd 51
D/inject  ( 7735): [+]-----------open test txt file-----------
D/inject  ( 7735): [+] The New open path /mnt/sdcard/KingsoftOffice/.history/.nomedia/c45b3b93dbfb9bc822020040c83d2145.png
D/inject  ( 7735): [+] The New open count 159
D/inject  ( 7735): [+] The old openfile fd 51
D/dalvikvm( 7735): GC_EXTERNAL_ALLOC freed 295K, 46% free 4142K/7623K, external 4646K/5803K, paused 57ms
D/inject  ( 7735): [+]-----------open test txt file-----------
D/inject  ( 7735): [+] The New open path /mnt/sdcard/KingsoftOffice/.history/.nomedia/ab189525c7e6b00c55c498d80f7d9fbf.png
D/inject  ( 7735): [+] The New open count 160
D/inject  ( 7735): [+] The old openfile fd 51
D/inject  ( 7735): [+]-----------open test txt file-----------
D/inject  ( 7735): [+] The New open path /mnt/sdcard/KingsoftOffice/.history/.nomedia/ab189525c7e6b00c55c498d80f7d9fbf.png
D/inject  ( 7735): [+] The New open count 161
D/inject  ( 7735): [+] The old openfile fd 51
D/dalvikvm( 7735): GC_EXTERNAL_ALLOC freed 120K, 47% free 4111K/7623K, external 5927K/5927K, paused 54ms
D/inject  ( 7735): [+]-----------open test txt file-----------
D/inject  ( 7735): [+] The New open path /mnt/sdcard/KingsoftOffice/.history/.nomedia/10ca354419e828a281119d7494f3c81f.png
D/inject  ( 7735): [+] The New open count 162
D/inject  ( 7735): [+] The old openfile fd 51
D/inject  ( 7735): [+]-----------open test txt file-----------
D/inject  ( 7735): [+] The New open path /mnt/sdcard/KingsoftOffice/.history/.nomedia/10ca354419e828a281119d7494f3c81f.png
D/inject  ( 7735): [+] The New open count 163
D/inject  ( 7735): [+] The old openfile fd 51
D/dalvikvm( 7735): GC_EXTERNAL_ALLOC freed 74K, 46% free 4121K/7623K, external 6232K/6232K, paused 53ms
W/IInputConnectionWrapper( 3990): showStatusIcon on inactive InputConnection
D/inject  ( 7735): [+]-----------open test txt file-----------
D/inject  ( 7735): [+] The New open path /data/data/cn.wps.moffice_eng/files/.cloud/cloudsetting
D/inject  ( 7735): [+] The New open count 164
D/inject  ( 7735): [+] The old openfile fd 51
D/inject  ( 7735): [+]-----------open test txt file-----------
D/inject  ( 7735): [+] The New open path /data/data/cn.wps.moffice_eng/files/.cloud/cloudsetting
D/inject  ( 7735): [+] The New open count 165
D/inject  ( 7735): [+] The old openfile fd 51
I/System.out( 7735): flushRecord:12525019-b757-4845-ad1d-0a537e78bd9c
D/inject  ( 7735): [+]-----------open test txt file-----------
D/inject  ( 7735): [+] The New open path /mnt/sdcard/Android/data/cn.wps.moffice_eng/cache/KingsoftOffice/file/.timeBox/HistoryRecord/records/12525019-b757-4845-ad1d-0a537e78bd9c
D/inject  ( 7735): [+] The New open count 166
D/inject  ( 7735): [+] The old openfile fd 51
D/inject  ( 7735): [+]-----------open test txt file-----------
D/inject  ( 7735): [+] The New open path /mnt/sdcard/Android/data/cn.wps.moffice_eng/cache/KingsoftOffice/file/.timeBox/HistoryRecord/persistence/records_upload_list
D/inject  ( 7735): [+] The New open count 167
D/inject  ( 7735): [+] The old openfile fd 51
D/inject  ( 7735): [+]-----------open test txt file-----------
D/inject  ( 7735): [+] The New open path /mnt/sdcard/Android/data/cn.wps.moffice_eng/cache/KingsoftOffice/file/.timeBox/HistoryRecord/persistence/records_upload_list
D/inject  ( 7735): [+] The New open count 168
D/inject  ( 7735): [+] The old openfile fd 51
D/inject  ( 7735): [+]-----------open test txt file-----------
D/inject  ( 7735): [+] The New open path /data/data/cn.wps.moffice_eng/files/.cloud/cloudsetting
D/inject  ( 7735): [+] The New open count 169
D/inject  ( 7735): [+] The old openfile fd 51
D/inject  ( 7735): [+]-----------open test txt file-----------
D/inject  ( 7735): [+] The New open path /data/data/cn.wps.moffice_eng/files/.cloud/cloudsetting
D/inject  ( 7735): [+] The New open count 170
D/inject  ( 7735): [+] The old openfile fd 51
D/inject  ( 7735): [+]-----------open test txt file-----------
D/inject  ( 7735): [+] The New open path /mnt/sdcard/KingsoftOffice/.history/.nomedia/255b33a7e966eec4c33af01fa9395c5f.png
D/inject  ( 7735): [+] The New open count 171
D/inject  ( 7735): [+] The old openfile fd 51
D/inject  ( 7735): [+]-----------open test txt file-----------
D/inject  ( 7735): [+] The New open path /mnt/sdcard/KingsoftOffice/.history/.nomedia/255b33a7e966eec4c33af01fa9395c5f.png
D/inject  ( 7735): [+] The New open count 172
D/inject  ( 7735): [+] The old openfile fd 51
D/dalvikvm( 7735): GC_EXTERNAL_ALLOC freed 275K, 46% free 4172K/7623K, external 5305K/6565K, paused 88ms
D/inject  ( 7735): [+]-----------open test txt file-----------
D/inject  ( 7735): [+] The New open path /mnt/sdcard/KingsoftOffice/.history/.nomedia/2cf17f35fc9362e4f5a745323b2f8903.png
D/inject  ( 7735): [+] The New open count 173
D/inject  ( 7735): [+] The old openfile fd 51
D/inject  ( 7735): [+]-----------open test txt file-----------
D/inject  ( 7735): [+] The New open path /mnt/sdcard/KingsoftOffice/.history/.nomedia/2cf17f35fc9362e4f5a745323b2f8903.png
D/inject  ( 7735): [+] The New open count 174
D/inject  ( 7735): [+] The old openfile fd 51
D/dalvikvm( 7735): GC_EXTERNAL_ALLOC freed 117K, 46% free 4145K/7623K, external 6465K/6997K, paused 53ms
D/inject  ( 7735): [+]-----------open test txt file-----------
D/inject  ( 7735): [+] The New open path /data/data/cn.wps.moffice_eng/files/AppPersistence
D/inject  ( 7735): [+] The New open count 175
D/inject  ( 7735): [+] The old openfile fd 51
D/dalvikvm( 7735): GetFieldID: unable to find field Ljava/util/HashMap;.loadFactor:F
D/inject  ( 7735): [+]-----------open test txt file-----------
D/inject  ( 7735): [+] The New open path /data/data/cn.wps.moffice_eng/files/AppPersistence
D/inject  ( 7735): [+] The New open count 176
D/inject  ( 7735): [+] The old openfile fd 51
D/inject  ( 7735): [+]-----------open test txt file-----------
D/inject  ( 7735): [+] The New open path /data/data/cn.wps.moffice_eng/files/AppPersistence
D/inject  ( 7735): [+] The New open count 177
D/inject  ( 7735): [+] The old openfile fd 51
D/dalvikvm( 7735): GetFieldID: unable to find field Ljava/util/HashMap;.loadFactor:F
D/inject  ( 7735): [+]-----------open test txt file-----------
D/inject  ( 7735): [+] The New open path /data/data/cn.wps.moffice_eng/files/AppPersistence
D/inject  ( 7735): [+] The New open count 178
D/inject  ( 7735): [+] The old openfile fd 51
D/inject  ( 7735): [+]-----------open test txt file-----------
D/inject  ( 7735): [+] The New open path /data/data/cn.wps.moffice_eng/files/AppPersistence
D/inject  ( 7735): [+] The New open count 179
D/inject  ( 7735): [+] The old openfile fd 51
D/dalvikvm( 7735): GetFieldID: unable to find field Ljava/util/HashMap;.loadFactor:F
I/ActivityManager(   61): Starting: Intent { cmp=cn.wps.moffice_eng/cn.wps.moffice.startactivity.writer.StartWriterActivity1 (has extras) } from pid 7735
I/ActivityManager(   61): Starting: Intent { cmp=cn.wps.moffice_eng/cn.wps.moffice.writer.Writer1 (has extras) } from pid 3990
D/dalvikvm( 3990): GetFieldID: unable to find field Ljava/util/HashMap;.loadFactor:F
D/dalvikvm( 3990): GetFieldID: unable to find field Ljava/util/HashMap;.loadFactor:F
D/water   ( 3990): packageName: cn.wps.moffice_eng
D/inject  ( 7735): [+]-----------open test txt file-----------
D/inject  ( 7735): [+] The New open path /mnt/sdcard/KingsoftOffice/.history/HistoryRecordDataSource
D/inject  ( 7735): [+] The New open count 180
D/inject  ( 7735): [+] The old openfile fd 51
D/dalvikvm( 3990): GetFieldID: unable to find field Ljava/util/HashMap;.loadFactor:F
D/inject  ( 7735): [+]-----------open test txt file-----------
D/inject  ( 7735): [+] The New open path /mnt/sdcard/documents/test.txt
D/inject  ( 7735): [+] The New open count 181
D/inject  ( 7735): [+] test copy file
D/inject  ( 7735): [+] test read file
D/inject  ( 7735): [+] test write file
D/inject  ( 7735): [+] The New open file fd 58
D/inject  ( 7735): [+]-----------open test txt file-----------
D/inject  ( 7735): [+] The New open path /data/data/cn.wps.moffice_eng/files/.cloud/.connectionPersistence
D/inject  ( 7735): [+] The New open count 182
D/inject  ( 7735): [+] The old openfile fd 58
D/dalvikvm( 3990): GetFieldID: unable to find field Ljava/util/HashMap;.loadFactor:F
D/dalvikvm( 3990): GetFieldID: unable to find field Ljava/util/HashMap;.loadFactor:F
D/dalvikvm( 3990): GetFieldID: unable to find field Ljava/util/HashMap;.loadFactor:F
I/dalvikvm-heap( 3990): Clamp target GC heap from 32.369MB to 32.000MB
D/dalvikvm( 3990): GC_CONCURRENT freed 1068K, 37% free 6376K/10055K, external 22116K/23395K, paused 4ms+7ms
D/dalvikvm( 3990): GetFieldID: unable to find field Ljava/util/HashMap;.loadFactor:F
D/inject  ( 7735): [+]-----------open test txt file-----------
D/inject  ( 7735): [+] The New open path /data/data/cn.wps.moffice_eng/files/lable.db
D/inject  ( 7735): [+] The New open count 183
D/inject  ( 7735): [+] The old openfile fd 58
D/dalvikvm( 3990): GC_EXTERNAL_ALLOC freed 365K, 38% free 6318K/10055K, external 21924K/22697K, paused 141ms
E/dalvikvm-heap( 3990): 1311360-byte external allocation too large for this process.
I/dalvikvm-heap( 3990): Clamp target GC heap from 32.112MB to 32.000MB
E/GraphicsJNI( 3990): VM won't let us allocate 1311360 bytes
D/dalvikvm( 3990): GC_FOR_MALLOC freed 12K, 38% free 6305K/10055K, external 21924K/22697K, paused 91ms
D/dalvikvm( 3990): GetFieldID: unable to find field Ljava/util/HashMap;.loadFactor:F
E/LayoutRender( 3990): OutOfMemoryError
E/LayoutRender( 3990): java.lang.OutOfMemoryError: bitmap size exceeds VM budget
E/LayoutRender( 3990): 	at android.graphics.Bitmap.nativeCreate(Native Method)
E/LayoutRender( 3990): 	at android.graphics.Bitmap.createBitmap(Bitmap.java:477)
E/LayoutRender( 3990): 	at exc.f(Unknown Source)
E/LayoutRender( 3990): 	at exc.a(Unknown Source)
E/LayoutRender( 3990): 	at ezp.a(Unknown Source)
E/LayoutRender( 3990): 	at cn.wps.moffice.writer.view.editor.g.dz(Unknown Source)
E/LayoutRender( 3990): 	at ewm.a(Unknown Source)
E/LayoutRender( 3990): 	at ewm.b(Unknown Source)
E/LayoutRender( 3990): 	at ewm$1.run(Unknown Source)
E/LayoutRender( 3990): 	at axr$a.run(Unknown Source)
E/LayoutRender( 3990): 	at android.os.Handler.handleCallback(Handler.java:587)
E/LayoutRender( 3990): 	at android.os.Handler.dispatchMessage(Handler.java:92)
E/LayoutRender( 3990): 	at android.os.Looper.loop(Looper.java:123)
E/LayoutRender( 3990): 	at axr.run(Unknown Source)
E/LayoutRender( 3990): 	at java.lang.Thread.run(Thread.java:1019)
D/dalvikvm( 3990): GetFieldID: unable to find field Ljava/util/HashMap;.loadFactor:F
D/dalvikvm( 3990): GC_EXTERNAL_ALLOC freed 99K, 38% free 6311K/10055K, external 21924K/22697K, paused 154ms
I/dalvikvm-heap( 3990): Clamp target GC heap from 32.124MB to 32.000MB
D/dalvikvm( 3990): GC_FOR_MALLOC freed 2K, 38% free 6308K/10055K, external 21933K/22697K, paused 125ms
D/dalvikvm( 3990): GC_EXTERNAL_ALLOC freed 1K, 38% free 6308K/10055K, external 21933K/22697K, paused 123ms
I/dalvikvm-heap( 3990): Clamp target GC heap from 32.142MB to 32.000MB
D/dalvikvm( 3990): GC_FOR_MALLOC freed <1K, 38% free 6307K/10055K, external 21953K/22697K, paused 59ms
D/dalvikvm( 3990): GC_EXTERNAL_ALLOC freed 107K, 38% free 6323K/10055K, external 21944K/22697K, paused 109ms
E/dalvikvm-heap( 3990): 1433760-byte external allocation too large for this process.
I/dalvikvm-heap( 3990): Clamp target GC heap from 32.148MB to 32.000MB
E/GraphicsJNI( 3990): VM won't let us allocate 1433760 bytes
D/dalvikvm( 3990): GC_FOR_MALLOC freed <1K, 38% free 6322K/10055K, external 21944K/22697K, paused 71ms
D/dalvikvm( 3990): GC_EXTERNAL_ALLOC freed 5K, 38% free 6325K/10055K, external 21939K/22697K, paused 80ms
I/dalvikvm-heap( 3990): Clamp target GC heap from 32.154MB to 32.000MB
D/dalvikvm( 3990): GC_FOR_MALLOC freed <1K, 38% free 6324K/10055K, external 21948K/22697K, paused 84ms
D/dalvikvm( 3990): GC_EXTERNAL_ALLOC freed 0K, 38% free 6324K/10055K, external 21948K/22697K, paused 99ms
I/dalvikvm-heap( 3990): Clamp target GC heap from 32.174MB to 32.000MB
D/dalvikvm( 3990): GC_FOR_MALLOC freed 0K, 38% free 6324K/10055K, external 21968K/22697K, paused 61ms
D/dalvikvm( 3990): GC_EXTERNAL_ALLOC freed 1K, 38% free 6325K/10055K, external 21959K/22697K, paused 87ms
I/dalvikvm-heap( 3990): Clamp target GC heap from 32.169MB to 32.000MB
D/dalvikvm( 3990): GC_FOR_MALLOC freed <1K, 38% free 6325K/10055K, external 21963K/22697K, paused 62ms
D/dalvikvm( 3990): GC_EXTERNAL_ALLOC freed <1K, 38% free 6325K/10055K, external 21963K/22697K, paused 80ms
I/dalvikvm-heap( 3990): Clamp target GC heap from 32.177MB to 32.000MB
D/dalvikvm( 3990): GC_FOR_MALLOC freed 0K, 38% free 6325K/10055K, external 21971K/22697K, paused 57ms
D/dalvikvm( 3990): GC_EXTERNAL_ALLOC freed 1K, 38% free 6326K/10055K, external 21967K/22697K, paused 79ms
I/dalvikvm-heap( 3990): Clamp target GC heap from 32.177MB to 32.000MB
D/dalvikvm( 3990): GC_FOR_MALLOC freed 0K, 38% free 6326K/10055K, external 21971K/22697K, paused 73ms
D/dalvikvm( 3990): GC_EXTERNAL_ALLOC freed 0K, 38% free 6326K/10055K, external 21971K/22697K, paused 129ms
I/dalvikvm-heap( 3990): Clamp target GC heap from 32.185MB to 32.000MB
D/dalvikvm( 3990): GC_FOR_MALLOC freed <1K, 38% free 6326K/10055K, external 21979K/22697K, paused 97ms
D/dalvikvm( 3990): GC_EXTERNAL_ALLOC freed 2K, 38% free 6327K/10055K, external 21975K/22697K, paused 120ms
I/dalvikvm-heap( 3990): Clamp target GC heap from 32.186MB to 32.000MB
D/dalvikvm( 3990): GC_FOR_MALLOC freed <1K, 38% free 6326K/10055K, external 21979K/22697K, paused 109ms
D/dalvikvm( 3990): GC_EXTERNAL_ALLOC freed 0K, 38% free 6327K/10055K, external 21979K/22697K, paused 119ms
I/dalvikvm-heap( 3990): Clamp target GC heap from 32.194MB to 32.000MB
D/dalvikvm( 3990): GC_FOR_MALLOC freed 0K, 38% free 6327K/10055K, external 21986K/22697K, paused 83ms
D/dalvikvm( 3990): GC_EXTERNAL_ALLOC freed 1K, 38% free 6327K/10055K, external 21983K/22697K, paused 82ms
I/dalvikvm-heap( 3990): Clamp target GC heap from 32.246MB to 32.000MB
D/dalvikvm( 3990): GC_FOR_MALLOC freed <1K, 38% free 6327K/10055K, external 22039K/22697K, paused 57ms
D/dalvikvm( 3990): GC_EXTERNAL_ALLOC freed <1K, 38% free 6327K/10055K, external 22039K/22697K, paused 79ms
I/dalvikvm-heap( 3990): Clamp target GC heap from 32.370MB to 32.000MB
D/dalvikvm( 3990): GC_FOR_MALLOC freed 0K, 38% free 6327K/10055K, external 22166K/22697K, paused 61ms
D/inject  ( 7735): [+]-----------open test txt file-----------
D/inject  ( 7735): [+] The New open path /data/data/cn.wps.moffice_eng/files/lable.db
D/inject  ( 7735): [+] The New open count 184
D/inject  ( 7735): [+] The old openfile fd 52
I/ActivityManager(   61): Displayed cn.wps.moffice_eng/cn.wps.moffice.writer.Writer1: +8s424ms (total +8s460ms)
W/InputManagerService(   61): Starting input on non-focused client com.android.internal.view.IInputMethodClient$Stub$Proxy@4071ff10 (uid=10037 pid=7735)
D/dalvikvm( 3990): GC_EXTERNAL_ALLOC freed 207K, 37% free 6337K/10055K, external 22116K/22697K, paused 86ms
E/dalvikvm-heap( 3990): 1433760-byte external allocation too large for this process.
I/dalvikvm-heap( 3990): Clamp target GC heap from 32.330MB to 32.000MB
E/GraphicsJNI( 3990): VM won't let us allocate 1433760 bytes
D/dalvikvm( 3990): GC_FOR_MALLOC freed <1K, 37% free 6336K/10055K, external 22116K/22697K, paused 81ms
W/ActivityManager(   61): Launch timeout has expired, giving up wake lock!
W/ActivityManager(   61): Activity idle timeout for HistoryRecord{4076f720 cn.wps.moffice_eng/cn.wps.moffice.startactivity.writer.StartWriterActivity1}
W/ActivityManager(   61): Activity idle timeout for HistoryRecord{4077aa78 cn.wps.moffice_eng/cn.wps.moffice.writer.Writer1}
W/KeyCharacterMap( 3990): No keyboard for id 0
W/KeyCharacterMap( 3990): Using default keymap: /system/usr/keychars/qwerty.kcm.bin
D/dalvikvm( 3990): GC_EXTERNAL_ALLOC freed 46K, 37% free 6336K/10055K, external 20836K/22697K, paused 84ms
I/dalvikvm-heap( 3990): Clamp target GC heap from 32.323MB to 32.000MB
D/dalvikvm( 3990): GC_FOR_MALLOC freed 6K, 38% free 6329K/10055K, external 22116K/22697K, paused 58ms
D/dalvikvm( 3990): GC_EXTERNAL_ALLOC freed 184K, 37% free 6368K/10055K, external 22116K/22697K, paused 81ms
D/inject  ( 7735): [+]-----------open test txt file-----------
D/inject  ( 7735): [+] The New open path /data/data/cn.wps.moffice_eng/files/_localRecord
D/inject  ( 7735): [+] The New open count 185
D/inject  ( 7735): [+] The old openfile fd 52
D/inject  ( 7735): [+]-----------open test txt file-----------
D/inject  ( 7735): [+] The New open path /data/data/cn.wps.moffice_eng/files/_localRecord
D/inject  ( 7735): [+] The New open count 186
D/inject  ( 7735): [+] The old openfile fd 52
D/inject  ( 7735): [+]-----------open test txt file-----------
D/inject  ( 7735): [+] The New open path /mnt/sdcard/KingsoftOffice/.history/.nomedia/255b33a7e966eec4c33af01fa9395c5f.png
D/inject  ( 7735): [+] The New open count 187
D/inject  ( 7735): [+] The old openfile fd 52
D/inject  ( 7735): [+]-----------open test txt file-----------
D/inject  ( 7735): [+] The New open path /mnt/sdcard/KingsoftOffice/.history/.nomedia/255b33a7e966eec4c33af01fa9395c5f.png
D/inject  ( 7735): [+] The New open count 188
D/inject  ( 7735): [+] The old openfile fd 52
D/dalvikvm( 7735): GC_EXTERNAL_ALLOC freed 400K, 45% free 4194K/7623K, external 4996K/6239K, paused 118ms
E/dalvikvm-heap( 3990): 1311360-byte external allocation too large for this process.
I/dalvikvm-heap( 3990): Clamp target GC heap from 32.355MB to 32.000MB
E/GraphicsJNI( 3990): VM won't let us allocate 1311360 bytes
D/dalvikvm( 3990): GC_FOR_MALLOC freed 6K, 37% free 6361K/10055K, external 22116K/22697K, paused 96ms
D/skia    ( 3990): --- decoder->decode returned false
D/inject  ( 7735): [+]-----------open test txt file-----------
D/inject  ( 7735): [+] The New open path /mnt/sdcard/KingsoftOffice/.history/.nomedia/2cf17f35fc9362e4f5a745323b2f8903.png
D/inject  ( 7735): [+] The New open count 189
D/inject  ( 7735): [+] The old openfile fd 52
D/inject  ( 7735): [+]-----------open test txt file-----------
D/inject  ( 7735): [+] The New open path /mnt/sdcard/KingsoftOffice/.history/.nomedia/2cf17f35fc9362e4f5a745323b2f8903.png
D/inject  ( 7735): [+] The New open count 190
D/inject  ( 7735): [+] The old openfile fd 52
I/dalvikvm-heap( 3990): Clamp target GC heap from 32.324MB to 32.000MB
D/dalvikvm( 3990): GC_EXPLICIT freed 32K, 38% free 6330K/10055K, external 22116K/22697K, paused 144ms
I/ActivityManager(   61): Starting: Intent { cmp=cn.wps.moffice_eng/cn.wps.moffice.documentmanager.DocumentManager } from pid 3990
D/inject  ( 7735): [+]-----------open test txt file-----------
D/inject  ( 7735): [+] The New open path /data/data/cn.wps.moffice_eng/files/lable.db
D/inject  ( 7735): [+] The New open count 191
D/inject  ( 7735): [+] The old openfile fd 56
D/dalvikvm( 7735): GC_EXTERNAL_ALLOC freed 149K, 46% free 4158K/7623K, external 5550K/5968K, paused 55ms
D/inject  ( 7735): [+]-----------open test txt file-----------
D/inject  ( 7735): [+] The New open path /mnt/sdcard/KingsoftOffice/.history/.nomedia/ab189525c7e6b00c55c498d80f7d9fbf.png
D/inject  ( 7735): [+] The New open count 192
D/inject  ( 7735): [+] The old openfile fd 52
D/inject  ( 7735): [+]-----------open test txt file-----------
D/inject  ( 7735): [+] The New open path /mnt/sdcard/KingsoftOffice/.history/.nomedia/ab189525c7e6b00c55c498d80f7d9fbf.png
D/inject  ( 7735): [+] The New open count 193
D/inject  ( 7735): [+] The old openfile fd 52
I/InputDispatcher(   61): Dropped event because of pending overdue app switch.
I/InputDispatcher(   61): Dropped event because of pending overdue app switch.
I/InputDispatcher(   61): Dropped event because of pending overdue app switch.
I/ActivityManager(   61): Starting: Intent { act=android.intent.action.MAIN cat=[android.intent.category.HOME] flg=0x10200000 cmp=com.android.launcher/com.android.launcher2.Launcher } from pid 61
D/dalvikvm( 7735): GC_EXTERNAL_ALLOC freed 74K, 46% free 4170K/7623K, external 6582K/6620K, paused 126ms
D/inject  ( 7735): [+]-----------open test txt file-----------
D/inject  ( 7735): [+] The New open path /data/data/cn.wps.moffice_eng/files/AppPersistence
D/inject  ( 7735): [+] The New open count 194
D/inject  ( 7735): [+] The old openfile fd 52
D/dalvikvm( 7735): GetFieldID: unable to find field Ljava/util/HashMap;.loadFactor:F
D/inject  ( 7735): [+]-----------open test txt file-----------
D/inject  ( 7735): [+] The New open path /data/data/cn.wps.moffice_eng/files/AppPersistence
D/inject  ( 7735): [+] The New open count 195
D/inject  ( 7735): [+] The old openfile fd 52
D/dalvikvm( 7735): GetFieldID: unable to find field Ljava/util/HashMap;.loadFactor:F
D/inject  ( 7735): [+]-----------open test txt file-----------
D/inject  ( 7735): [+] The New open path /data/data/cn.wps.moffice_eng/files/AppPersistence
D/inject  ( 7735): [+] The New open count 196
D/inject  ( 7735): [+] The old openfile fd 52
D/dalvikvm( 7735): GetFieldID: unable to find field Ljava/util/HashMap;.loadFactor:F
D/inject  ( 7735): [+]-----------open test txt file-----------
D/inject  ( 7735): [+] The New open path /data/data/cn.wps.moffice_eng/files/AppPersistence
D/inject  ( 7735): [+] The New open count 197
D/inject  ( 7735): [+] The old openfile fd 52
D/dalvikvm( 7735): GetFieldID: unable to find field Ljava/util/HashMap;.loadFactor:F
D/inject  ( 7735): [+]-----------open test txt file-----------
D/inject  ( 7735): [+] The New open path /data/data/cn.wps.moffice_eng/files/AppPersistence
D/inject  ( 7735): [+] The New open count 198
D/inject  ( 7735): [+] The old openfile fd 52
D/inject  ( 7735): [+]-----------open test txt file-----------
D/inject  ( 7735): [+] The New open path /data/data/cn.wps.moffice_eng/files/AppPersistence
