D/inject  (  349): [+] The New openfile fd 45
D/dalvikvm(  349): GetFieldID: unable to find field Ljava/util/HashMap;.loadFactor:F
D/inject  (  349): [+]-----------open test txt file-----------
D/inject  (  349): [+] The New open path /data/data/cn.wps.moffice_eng/files/AppPersistence
D/inject  (  349): [+] The New open count 229
D/inject  (  349): [+] The New openfile fd 45
D/dalvikvm(  349): GetFieldID: unable to find field Ljava/util/HashMap;.loadFactor:F
D/inject  (  349): [+]-----------open test txt file-----------
D/inject  (  349): [+] The New open path /data/data/cn.wps.moffice_eng/files/AppPersistence
D/inject  (  349): [+] The New open count 230
D/inject  (  349): [+] The New openfile fd 45
D/dalvikvm(  349): GetFieldID: unable to find field Ljava/util/HashMap;.loadFactor:F
D/inject  (  349): [+]-----------open test txt file-----------
D/inject  (  349): [+] The New open path /data/data/cn.wps.moffice_eng/files/AppPersistence
D/inject  (  349): [+] The New open count 231
D/inject  (  349): [+] The New openfile fd 45
D/dalvikvm(  349): GetFieldID: unable to find field Ljava/util/HashMap;.loadFactor:F
D/inject  (  349): [+]-----------open test txt file-----------
D/inject  (  349): [+] The New open path /data/data/cn.wps.moffice_eng/files/AppPersistence
D/inject  (  349): [+] The New open count 232
D/inject  (  349): [+] The New openfile fd 45
D/inject  (  349): [+]-----------open test txt file-----------
D/inject  (  349): [+] The New open path /data/data/cn.wps.moffice_eng/files/AppPersistence
D/inject  (  349): [+] The New open count 233
D/inject  (  349): [+] The New openfile fd 45
D/dalvikvm(  349): GetFieldID: unable to find field Ljava/util/HashMap;.loadFactor:F
D/inject  (  349): [+]-----------open test txt file-----------
D/inject  (  349): [+] The New open path /data/data/cn.wps.moffice_eng/files/AppPersistence
D/inject  (  349): [+] The New open count 234
D/inject  (  349): [+] The New openfile fd 45
D/dalvikvm(  349): GetFieldID: unable to find field Ljava/util/HashMap;.loadFactor:F
D/inject  (  349): [+]-----------open test txt file-----------
D/inject  (  349): [+] The New open path /data/data/cn.wps.moffice_eng/files/AppPersistence
D/inject  (  349): [+] The New open count 235
D/inject  (  349): [+] The New openfile fd 45
D/dalvikvm(  349): GetFieldID: unable to find field Ljava/util/HashMap;.loadFactor:F
D/inject  (  349): [+]-----------open test txt file-----------
D/inject  (  349): [+] The New open path /data/data/cn.wps.moffice_eng/files/AppPersistence
D/inject  (  349): [+] The New open count 236
D/inject  (  349): [+] The New openfile fd 45
D/inject  (  349): [+]-----------open test txt file-----------
D/inject  (  349): [+] The New open path /data/data/cn.wps.moffice_eng/files/_localRecord
D/inject  (  349): [+] The New open count 237
D/inject  (  349): [+] The New openfile fd 45
D/inject  (  349): [+]-----------open test txt file-----------
D/inject  (  349): [+] The New open path /data/data/cn.wps.moffice_eng/files/_localRecord
D/inject  (  349): [+] The New open count 238
D/inject  (  349): [+] The New openfile fd 45
D/inject  (  349): [+]-----------open test txt file-----------
D/inject  (  349): [+] The New open path /data/data/cn.wps.moffice_eng/files/AppPersistence
D/inject  (  349): [+] The New open count 239
D/inject  (  349): [+] The New openfile fd 45
D/dalvikvm(  349): GetFieldID: unable to find field Ljava/util/HashMap;.loadFactor:F
D/inject  (  349): [+]-----------open test txt file-----------
D/inject  (  349): [+] The New open path /data/data/cn.wps.moffice_eng/files/AppPersistence
D/inject  (  349): [+] The New open count 240
D/inject  (  349): [+] The New openfile fd 45
D/dalvikvm(  349): GetFieldID: unable to find field Ljava/util/HashMap;.loadFactor:F
D/inject  (  349): [+]-----------open test txt file-----------
D/inject  (  349): [+] The New open path /data/data/cn.wps.moffice_eng/files/AppPersistence
D/inject  (  349): [+] The New open count 241
D/inject  (  349): [+] The New openfile fd 45
D/inject  (  349): [+]-----------open test txt file-----------
D/inject  (  349): [+] The New open path /mnt/sdcard/KingsoftOffice/.history/.nomedia/c45b3b93dbfb9bc822020040c83d2145.png
D/inject  (  349): [+] The New open count 242
D/inject  (  349): [+] The New openfile fd 45
D/inject  (  349): [+]-----------open test txt file-----------
D/inject  (  349): [+] The New open path /mnt/sdcard/KingsoftOffice/.history/.nomedia/c45b3b93dbfb9bc822020040c83d2145.png
D/inject  (  349): [+] The New open count 243
D/inject  (  349): [+] The New openfile fd 45
D/dalvikvm(  349): GC_EXTERNAL_ALLOC freed 294K, 44% free 4227K/7495K, external 4646K/5803K, paused 83ms
D/inject  (  349): [+]-----------open test txt file-----------
D/inject  (  349): [+] The New open path /mnt/sdcard/KingsoftOffice/.history/.nomedia/ab189525c7e6b00c55c498d80f7d9fbf.png
D/inject  (  349): [+] The New open count 244
D/inject  (  349): [+] The New openfile fd 45
D/inject  (  349): [+]-----------open test txt file-----------
D/inject  (  349): [+] The New open path /mnt/sdcard/KingsoftOffice/.history/.nomedia/ab189525c7e6b00c55c498d80f7d9fbf.png
D/inject  (  349): [+] The New open count 245
D/inject  (  349): [+] The New openfile fd 45
D/dalvikvm(  349): GC_EXTERNAL_ALLOC freed 138K, 45% free 4177K/7495K, external 5927K/5927K, paused 83ms
D/inject  (  349): [+]-----------open test txt file-----------
D/inject  (  349): [+] The New open path /mnt/sdcard/KingsoftOffice/.history/.nomedia/10ca354419e828a281119d7494f3c81f.png
D/inject  (  349): [+] The New open count 246
D/inject  (  349): [+] The New openfile fd 45
D/inject  (  349): [+]-----------open test txt file-----------
D/inject  (  349): [+] The New open path /mnt/sdcard/KingsoftOffice/.history/.nomedia/10ca354419e828a281119d7494f3c81f.png
D/inject  (  349): [+] The New open count 247
D/inject  (  349): [+] The New openfile fd 45
D/dalvikvm(  349): GC_EXTERNAL_ALLOC freed 73K, 45% free 4187K/7495K, external 6232K/6232K, paused 81ms
D/inject  (  349): [+]-----------open test txt file-----------
D/inject  (  349): [+] The New open path /data/data/cn.wps.moffice_eng/files/.cloud/cloudsetting
D/inject  (  349): [+] The New open count 248
D/inject  (  349): [+] The New openfile fd 45
D/inject  (  349): [+]-----------open test txt file-----------
D/inject  (  349): [+] The New open path /data/data/cn.wps.moffice_eng/files/.cloud/cloudsetting
D/inject  (  349): [+] The New open count 249
D/inject  (  349): [+] The New openfile fd 45
I/System.out(  349): flushRecord:12525019-b757-4845-ad1d-0a537e78bd9c
D/inject  (  349): [+]-----------open test txt file-----------
D/inject  (  349): [+] The New open path /mnt/sdcard/Android/data/cn.wps.moffice_eng/cache/KingsoftOffice/file/.timeBox/HistoryRecord/records/12525019-b757-4845-ad1d-0a537e78bd9c
D/inject  (  349): [+] The New open count 250
D/inject  (  349): [+] The New openfile fd 45
W/InputManagerService(   61): Starting input on non-focused client com.android.internal.view.IInputMethodClient$Stub$Proxy@407c1950 (uid=10037 pid=376)
W/IInputConnectionWrapper(  376): showStatusIcon on inactive InputConnection
D/inject  (  349): [+]-----------open test txt file-----------
D/inject  (  349): [+] The New open path /mnt/sdcard/Android/data/cn.wps.moffice_eng/cache/KingsoftOffice/file/.timeBox/HistoryRecord/persistence/records_upload_list
D/inject  (  349): [+] The New open count 251
D/inject  (  349): [+] The New openfile fd 45
D/inject  (  349): [+]-----------open test txt file-----------
D/inject  (  349): [+] The New open path /mnt/sdcard/Android/data/cn.wps.moffice_eng/cache/KingsoftOffice/file/.timeBox/HistoryRecord/persistence/records_upload_list
D/inject  (  349): [+] The New open count 252
D/inject  (  349): [+] The New openfile fd 45
D/inject  (  349): [+]-----------open test txt file-----------
D/inject  (  349): [+] The New open path /data/data/cn.wps.moffice_eng/files/.cloud/cloudsetting
D/inject  (  349): [+] The New open count 253
D/inject  (  349): [+] The New openfile fd 45
D/inject  (  349): [+]-----------open test txt file-----------
D/inject  (  349): [+] The New open path /data/data/cn.wps.moffice_eng/files/.cloud/cloudsetting
D/inject  (  349): [+] The New open count 254
D/inject  (  349): [+] The New openfile fd 45
D/dalvikvm(  376): GC_EXPLICIT freed 292K, 46% free 4679K/8519K, external 14938K/16986K, paused 121ms
D/inject  (  437): [+] The pid of cn.wps.moffice_eng: 349
D/inject  (  437): [+] Injecting process: 349
D/inject  (  437): [+] get_remote_addr: local[afd00000], remote[afd00000]
D/inject  (  437): [+] Remote mmap address: afd170cd
D/inject  (  437): [+] Calling mmap in target process.
D/inject  (  437): [+] Target process returned from mmap, return value=454bb000, pc=0 
D/inject  (  437): [+] get_remote_addr: local[b0001000], remote[b0001000]
D/inject  (  437): [+] get_remote_addr: local[b0001000], remote[b0001000]
D/inject  (  437): [+] get_remote_addr: local[b0001000], remote[b0001000]
D/inject  (  437): [+] Get imports: dlopen: b00059bd, dlsym: b0005915, dlclose: b0005849
D/inject  (  437): [+] Inject code start: c008, end: c084
D/inject  (  437): [+] _dlopen_param1_s: 454bec9c
D/inject  (  437): [+] _dlsym_param2_s: 454bed9c
D/inject  (  437): [+] _saved_r0_pc_s: 454bee9c
D/inject  (  437): [+] _inject_function_param_s: 454bef9c
D/inject  (  437): [+] Remote shellcode address: 454bec00
D/inject  (  437): [+] Process Detach: 10
D/inject  (  349): hello ARM! I'm parameter1324! pid:349
D/inject  (  349): The Handle of libhook_open: b000d2b0
D/inject  (  349): find it pre 0
D/inject  (  349): find it 806010c8
D/inject  (  349): [+] aaaaaaa do_hook function is invoked 
D/inject  (  349): [+] open addr: 0xafd17111. New addr 0x80600f90
D/inject  (  349): [+] just for test info 
D/inject  (  349): [+] set ok 
D/inject  (  349): [+] Get the persist.sys.test  bbbbbbbb
D/inject  (  349): [+] just for test print old_open address 0xafd17111
D/inject  (  349): [+] just for test print new_open address 0x80600f90
D/inject  (  349): [+] Get old address global  afd17111
D/inject  (  349): [+] Get new address global  80600f90
D/inject  (  349): [+] binder path ad100000
D/inject  (  349): [+] Section header table file offset 2e23c
D/inject  (  349): [+] Section header table entry count 15
D/inject  (  349): [+] Section header table entry size 28
D/inject  (  349): [+] Section header string table index 14
D/inject  (  349): [+] Object file type 3
D/inject  (  349): [+] Object file version 1
D/inject  (  349): [+] Out_addr in GOT table before 0
D/inject  (  349): [+] Out_size of func in GOT table before 0
D/inject  (  349): [+] Out_addr in GOT table ad12c138
D/inject  (  349): [+] Out_size of func in GOT table 8c4
D/inject  (  349): [+] Out_addr in GOT table ad12c138
D/inject  (  349): [+] Out_size of func in GOT table 8c4
D/inject  (  349): [+] Out_addr in GOT afd4d5c8
D/inject  (  349): [+] old open address 20000 afd17111
D/inject  (  349): [+] Out_addr in GOT 464c457f
D/inject  (  349): [+] target pid 15d
D/inject  (  349): [+] old open address 22223 afd17111
D/inject  (  349): [+] Find got_item ff 
D/inject  (  349): [+] old open address 3333 afd17111
D/inject  (  349): [+] old open address 3333 afffffff
D/inject  (  349): [+] new open address 3333 80600f90
D/inject  (  349): [+] new open address 3333 80600f90
D/inject  (  349): [+] Find got item afd4d5c8 
D/inject  (  349): [+] Find got item ad12e2a4 
D/inject  (  349): [+] Find got item ad12e28c 
D/inject  (  349): [+] Find got item ad12e268 
D/inject  (  349): [+] Find got item ad12e258 
D/inject  (  349): [+] Find got item afd4631c 
D/inject  (  349): [+] Find got item ad12e298 
D/inject  (  349): [+] Find got item ad12e250 
D/inject  (  349): [+] Find got item ad12e280 
D/inject  (  349): [+] Find got item ad12e294 
D/inject  (  349): [+] Find got item ad12e260 
D/inject  (  349): [+] Find got item ad12e278 
D/inject  (  349): [+] Find got item afd415c0 
D/inject  (  349): [+] Find got item ad12e2a8 
D/inject  (  349): [+] Find got item ad12e274 
D/inject  (  349): [+] Find got item ad12e27c 
D/inject  (  349): [+] Find got item ad12e248 
D/inject  (  349): [+] Find got item ad12e2a0 
D/inject  (  349): [+] Find got item ad12e25c 
D/inject  (  349): [+] Find got item ad12e270 
D/inject  (  349): [+] Find got item ad12e288 
D/inject  (  349): [+] Find got item ad12e264 
D/inject  (  349): [+] Find got item ad12e284 
D/inject  (  349): [+] Find got item ad9bc7f1 
D/inject  (  349): [+] Find got item ad9bc7f9 
D/inject  (  349): [+] Find got item ade45f55 
D/inject  (  349): [+] Find got item ade45f69 
D/inject  (  349): [+] Find got item ad9bb339 
D/inject  (  349): [+] Find got item ad9bb341 
D/inject  (  349): [+] Find got item ad9b481d 
D/inject  (  349): [+] Find got item ad9b4831 
D/inject  (  349): [+] Find got item ad9a5561 
D/inject  (  349): [+] Find got item ad9a5569 
D/inject  (  349): [+] Find got item ade31305 
D/inject  (  349): [+] Find got item ade3130d 
D/inject  (  349): [+] Find got item ad12e240 
D/inject  (  349): [+] Find got item ad12e244 
D/inject  (  349): [+] Find got item ad12e24c 
D/inject  (  349): [+] Find got item ad12e254 
D/inject  (  349): [+] Find got item ad12e26c 
D/inject  (  349): [+] Find got item ad12e290 
D/inject  (  349): [+] Find got item ad12e29c 
D/inject  (  349): [+] Find got item ade5f751 
D/inject  (  349): [+] Find got item ade5f749 
D/inject  (  349): [+] Find got item ade5f74d 
D/inject  (  349): [+] Find got item adec6b68 
D/inject  (  349): [+] Find got item ad12ca00 
D/inject  (  349): [+] Find got item afd42610 
D/inject  (  349): [+] Find got item 0 
D/inject  (  349): [+] Find got item 0 
D/inject  (  349): [+] Find got item 0 
D/inject  (  349): [+] Find got item afd2092d 
D/inject  (  349): [+] Find got item afd19c3d 
D/inject  (  349): [+] Find got item afd20a45 
D/inject  (  349): [+] Find got item af9038e5 
D/inject  (  349): [+] Find got item afd28321 
D/inject  (  349): [+] Find got item af9037b1 
D/inject  (  349): [+] Find got item afd1c87d 
D/inject  (  349): [+] Find got item ade3a295 
D/inject  (  349): [+] Find got item ade394bd 
D/inject  (  349): [+] Find got item ade39c31 
D/inject  (  349): [+] Find got item ad9a4ef5 
D/inject  (  349): [+] Find got item ad96a6b1 
D/inject  (  349): [+] Find got item ade39141 
D/inject  (  349): [+] Find got item ad99e381 
D/inject  (  349): [+] Find got item ad96a3f1 
D/inject  (  349): [+] Find got item ad99d059 
D/inject  (  349): [+] Find got item ade256f1 
D/inject  (  349): [+] Find got item ad9a3e51 
D/inject  (  349): [+] Find got item ad9a3839 
D/inject  (  349): [+] Find got item afd25c95 
D/inject  (  349): [+] Find got item afd11fbd 
D/inject  (  349): [+] Find got item afd17049 
D/inject  (  349): [+] Find got item afd0bba0 
D/inject  (  349): [+] Find got item afd0bad0 
D/inject  (  349): [+] Find got item afd0e3e0 
D/inject  (  349): [+] Find got item afd0e3f4 
D/inject  (  349): [+] Find got item afd29855 
D/inject  (  349): [+] Find got item afd0bc40 
D/inject  (  349): [+] Find got item afc009e1 
D/inject  (  349): [+] Find got item afd0bc00 
D/inject  (  349): [+] Find got item afc009c1 
D/inject  (  349): [+] Find got item afd0bbe0 
D/inject  (  349): [+] Find got item afd14de4 
D/inject  (  349): [+] Find got item afd20859 
D/inject  (  349): [+] Find got item afc009e9 
D/inject  (  349): [+] Find got item afd172fd 
D/inject  (  349): [+] Find got item afd3742d 
D/inject  (  349): [+] Find got item afd17249 
D/inject  (  349): [+] Find got item afd171a1 
D/inject  (  349): [+] Find got item afc009c9 
D/inject  (  349): [+] Find got item afd17ac5 
D/inject  (  349): [+] Find got item afd0bc80 
D/inject  (  349): [+] Find got item afd19a49 
D/inject  (  349): [+] Find got item 80600f90 
D/SntpClient(   61): request time failed: java.net.SocketException: Address family not supported by protocol
D/inject  (  349): [+]-----------open test txt file-----------
D/inject  (  349): [+] The New open path /data/data/cn.wps.moffice_eng/files/AppPersistence
D/inject  (  349): [+] The New open count 255
D/inject  (  349): [+] The New openfile fd 52
D/dalvikvm(  349): GetFieldID: unable to find field Ljava/util/HashMap;.loadFactor:F
D/inject  (  349): [+]-----------open test txt file-----------
D/inject  (  349): [+] The New open path /data/data/cn.wps.moffice_eng/files/AppPersistence
D/inject  (  349): [+] The New open count 256
D/inject  (  349): [+] The New openfile fd 52
D/inject  (  349): [+]-----------open test txt file-----------
D/inject  (  349): [+] The New open path /data/data/cn.wps.moffice_eng/files/AppPersistence
D/inject  (  349): [+] The New open count 257
D/inject  (  349): [+] The New openfile fd 52
D/dalvikvm(  349): GetFieldID: unable to find field Ljava/util/HashMap;.loadFactor:F
D/inject  (  349): [+]-----------open test txt file-----------
D/inject  (  349): [+] The New open path /data/data/cn.wps.moffice_eng/files/AppPersistence
D/inject  (  349): [+] The New open count 258
D/inject  (  349): [+] The New openfile fd 52
D/inject  (  349): [+]-----------open test txt file-----------
D/inject  (  349): [+] The New open path /data/data/cn.wps.moffice_eng/files/AppPersistence
D/inject  (  349): [+] The New open count 259
D/inject  (  349): [+] The New openfile fd 52
D/dalvikvm(  349): GetFieldID: unable to find field Ljava/util/HashMap;.loadFactor:F
I/ActivityManager(   61): Starting: Intent { cmp=cn.wps.moffice_eng/cn.wps.moffice.startactivity.writer.StartWriterActivity1 (has extras) } from pid 349
I/ActivityManager(   61): Starting: Intent { cmp=cn.wps.moffice_eng/cn.wps.moffice.writer.Writer1 (has extras) } from pid 376
D/dalvikvm(   61): GC_EXPLICIT freed 1192K, 46% free 4570K/8391K, external 4373K/5573K, paused 80ms
I/dalvikvm(  376): Jit: resizing JitTable from 1024 to 2048
D/dalvikvm(  376): GetFieldID: unable to find field Ljava/util/HashMap;.loadFactor:F
D/dalvikvm(  376): GetFieldID: unable to find field Ljava/util/HashMap;.loadFactor:F
D/water   (  376): packageName: cn.wps.moffice_eng
D/dalvikvm(  376): GetFieldID: unable to find field Ljava/util/HashMap;.loadFactor:F
D/inject  (  349): [+]-----------open test txt file-----------
D/inject  (  349): [+] The New open path /mnt/sdcard/KingsoftOffice/.history/HistoryRecordDataSource
D/inject  (  349): [+] The New open count 260
D/inject  (  349): [+] The New openfile fd 52
D/inject  (  349): [+]-----------open test txt file-----------
D/inject  (  349): [+] The New open path /mnt/sdcard/documents/ope11.txt
D/inject  (  349): [+] The New open count 261
D/inject  (  349): [+] The New openfile fd 52
D/inject  (  349): [+]-----------open test txt file-----------
D/inject  (  349): [+] The New open path /data/data/cn.wps.moffice_eng/files/.cloud/.connectionPersistence
D/inject  (  349): [+] The New open count 262
D/inject  (  349): [+] The New openfile fd 52
D/dalvikvm(  376): GetFieldID: unable to find field Ljava/util/HashMap;.loadFactor:F
D/dalvikvm(  376): GetFieldID: unable to find field Ljava/util/HashMap;.loadFactor:F
D/dalvikvm(  376): GetFieldID: unable to find field Ljava/util/HashMap;.loadFactor:F
D/dalvikvm(  376): GC_EXTERNAL_ALLOC freed 732K, 41% free 5033K/8519K, external 14225K/15503K, paused 117ms
D/dalvikvm(  376): GetFieldID: unable to find field Ljava/util/HashMap;.loadFactor:F
D/inject  (  349): [+]-----------open test txt file-----------
D/inject  (  349): [+] The New open path /data/data/cn.wps.moffice_eng/files/lable.db
D/inject  (  349): [+] The New open count 263
D/inject  (  349): [+] The New openfile fd 52
D/dalvikvm(  376): GetFieldID: unable to find field Ljava/util/HashMap;.loadFactor:F
D/dalvikvm(  376): GetFieldID: unable to find field Ljava/util/HashMap;.loadFactor:F
D/dalvikvm(  376): GC_EXTERNAL_ALLOC freed 465K, 41% free 5074K/8519K, external 16816K/17553K, paused 429ms
D/inject  (  349): [+]-----------open test txt file-----------
D/inject  (  349): [+] The New open path /data/data/cn.wps.moffice_eng/files/lable.db
D/inject  (  349): [+] The New open count 264
D/inject  (  349): [+] The New openfile fd 52
I/ActivityManager(   61): Displayed cn.wps.moffice_eng/cn.wps.moffice.writer.Writer1: +2s862ms (total +2s899ms)
W/InputManagerService(   61): Starting input on non-focused client com.android.internal.view.IInputMethodClient$Stub$Proxy@407a6ba0 (uid=10037 pid=349)
D/inject  (  349): [+]-----------open test txt file-----------
D/inject  (  349): [+] The New open path /data/data/cn.wps.moffice_eng/files/_localRecord
D/inject  (  349): [+] The New open count 265
D/inject  (  349): [+] The New openfile fd 51
D/inject  (  349): [+]-----------open test txt file-----------
D/inject  (  349): [+] The New open path /data/data/cn.wps.moffice_eng/files/_localRecord
D/inject  (  349): [+] The New open count 266
D/inject  (  349): [+] The New openfile fd 51
D/inject  (  349): [+]-----------open test txt file-----------
D/inject  (  349): [+] The New open path /mnt/sdcard/KingsoftOffice/.history/.nomedia/c45b3b93dbfb9bc822020040c83d2145.png
D/inject  (  349): [+] The New open count 267
D/inject  (  349): [+] The New openfile fd 51
D/inject  (  349): [+]-----------open test txt file-----------
D/inject  (  349): [+] The New open path /mnt/sdcard/KingsoftOffice/.history/.nomedia/c45b3b93dbfb9bc822020040c83d2145.png
D/inject  (  349): [+] The New open count 268
D/inject  (  349): [+] The New openfile fd 51
D/dalvikvm(  349): GC_EXTERNAL_ALLOC freed 590K, 44% free 4257K/7495K, external 4646K/5803K, paused 242ms
D/inject  (  349): [+]-----------open test txt file-----------
D/inject  (  349): [+] The New open path /mnt/sdcard/KingsoftOffice/.history/.nomedia/ab189525c7e6b00c55c498d80f7d9fbf.png
D/inject  (  349): [+] The New open count 269
D/inject  (  349): [+] The New openfile fd 51
D/inject  (  349): [+]-----------open test txt file-----------
D/inject  (  349): [+] The New open path /mnt/sdcard/KingsoftOffice/.history/.nomedia/ab189525c7e6b00c55c498d80f7d9fbf.png
D/inject  (  349): [+] The New open count 270
D/inject  (  349): [+] The New openfile fd 51
D/dalvikvm(  349): GC_EXTERNAL_ALLOC freed 139K, 44% free 4205K/7495K, external 5927K/5927K, paused 169ms
D/inject  (  349): [+]-----------open test txt file-----------
D/inject  (  349): [+] The New open path /mnt/sdcard/KingsoftOffice/.history/.nomedia/10ca354419e828a281119d7494f3c81f.png
D/inject  (  349): [+] The New open count 271
D/inject  (  349): [+] The New openfile fd 51
D/inject  (  349): [+]-----------open test txt file-----------
D/inject  (  349): [+] The New open path /mnt/sdcard/KingsoftOffice/.history/.nomedia/10ca354419e828a281119d7494f3c81f.png
D/inject  (  349): [+] The New open count 272
D/inject  (  349): [+] The New openfile fd 51
D/dalvikvm(  349): GC_EXTERNAL_ALLOC freed 81K, 44% free 4208K/7495K, external 6232K/6232K, paused 102ms
