D/dalvikvm(   61): GC_CONCURRENT freed 787K, 46% free 4151K/7559K, external 1625K/2137K, paused 7ms+8ms
I/PackageManager(   61): Unpacking native libraries for /data/app/com.wandoujia.phoenix2.usbproxy-1.apk
I/PackageManager(   61): Unpacking native libraries for /data/app/com.example.testsdcard-1.apk
I/PackageManager(   61): Unpacking native libraries for /data/app/com.example.hellojni-2.apk
I/PackageManager(   61): Unpacking native libraries for /data/app/GestureBuilder.apk
I/PackageManager(   61): Unpacking native libraries for /data/app/SoftKeyboard.apk
I/PackageManager(   61): Unpacking native libraries for /data/app/CubeLiveWallpapers.apk
D/szipinf (   61): Initializing inflate state
W/PackageParser(   61): No actions in intent filter at /data/app/ApiDemos.apk Binary XML file line #1882
W/PackageParser(   61): No actions in intent filter at /data/app/ApiDemos.apk Binary XML file line #1888
W/PackageManager(   61): Package com.example.android.apis desires unavailable shared library com.example.will.never.exist; ignoring!
I/PackageManager(   61): Unpacking native libraries for /data/app/ApiDemos.apk
I/PackageManager(   61): Time to scan packages: 3.748 seconds
W/PackageManager(   61): Unknown permission com.google.android.googleapps.permission.GOOGLE_AUTH.mail in package com.android.contacts
W/PackageManager(   61): Unknown permission android.permission.ADD_SYSTEM_SERVICE in package com.android.phone
W/PackageManager(   61): Unknown permission com.android.vending.BILLING in package cn.wps.moffice_eng
W/PackageManager(   61): Not granting permission com.android.email.permission.ACCESS_PROVIDER to package cn.wps.moffice_eng (protectionLevel=3 flags=0x8be44)
W/PackageManager(   61): Not granting permission android.permission.SEND_DOWNLOAD_COMPLETED_INTENTS to package com.android.browser (protectionLevel=2 flags=0x9be45)
W/PackageManager(   61): Unknown permission com.google.android.gm.permission.WRITE_GMAIL in package com.android.settings
W/PackageManager(   61): Unknown permission com.google.android.gm.permission.READ_GMAIL in package com.android.settings
W/PackageManager(   61): Unknown permission com.google.android.googleapps.permission.GOOGLE_AUTH in package com.android.settings
W/PackageManager(   61): Unknown permission com.google.android.googleapps.permission.GOOGLE_AUTH in package com.android.providers.contacts
W/PackageManager(   61): Unknown permission com.google.android.googleapps.permission.GOOGLE_AUTH.cp in package com.android.providers.contacts
W/PackageManager(   61): Unknown permission com.android.launcher.permission.CREATE_SHORTCUT in package com.wandoujia.phoenix2
W/PackageManager(   61): Unknown permission org.adw.launcher.permission.READ_SETTINGS in package com.wandoujia.phoenix2
W/PackageManager(   61): Unknown permission org.adw.launcher.permission.WRITE_SETTINGS in package com.wandoujia.phoenix2
W/PackageManager(   61): Unknown permission com.qihoo360.launcher.permission.READ_SETTINGS in package com.wandoujia.phoenix2
W/PackageManager(   61): Unknown permission com.qihoo360.launcher.permission.WRITE_SETTINGS in package com.wandoujia.phoenix2
W/PackageManager(   61): Unknown permission com.lge.launcher.permission.READ_SETTINGS in package com.wandoujia.phoenix2
W/PackageManager(   61): Unknown permission com.lge.launcher.permission.WRITE_SETTINGS in package com.wandoujia.phoenix2
W/PackageManager(   61): Unknown permission net.qihoo.launcher.permission.READ_SETTINGS in package com.wandoujia.phoenix2
W/PackageManager(   61): Unknown permission net.qihoo.launcher.permission.WRITE_SETTINGS in package com.wandoujia.phoenix2
W/PackageManager(   61): Unknown permission org.adwfreak.launcher.permission.READ_SETTINGS in package com.wandoujia.phoenix2
W/PackageManager(   61): Unknown permission org.adwfreak.launcher.permission.WRITE_SETTINGS in package com.wandoujia.phoenix2
W/PackageManager(   61): Unknown permission com.huawei.launcher3.permission.READ_SETTINGS in package com.wandoujia.phoenix2
W/PackageManager(   61): Unknown permission com.huawei.launcher3.permission.WRITE_SETTINGS in package com.wandoujia.phoenix2
W/PackageManager(   61): Unknown permission com.fede.launcher.permission.READ_SETTINGS in package com.wandoujia.phoenix2
W/PackageManager(   61): Unknown permission com.fede.launcher.permission.WRITE_SETTINGS in package com.wandoujia.phoenix2
W/PackageManager(   61): Unknown permission com.sec.android.app.twlauncher.settings.READ_SETTINGS in package com.wandoujia.phoenix2
W/PackageManager(   61): Unknown permission com.sec.android.app.twlauncher.settings.WRITE_SETTINGS in package com.wandoujia.phoenix2
W/PackageManager(   61): Not granting permission android.permission.ACCESS_DRM to package com.wandoujia.phoenix2 (protectionLevel=2 flags=0x8be44)
W/PackageManager(   61): Unknown permission com.google.android.googleapps.permission.ACCESS_GOOGLE_PASSWORD in package com.android.development
W/PackageManager(   61): Unknown permission com.google.android.googleapps.permission.GOOGLE_AUTH in package com.android.development
W/PackageManager(   61): Unknown permission com.google.android.googleapps.permission.GOOGLE_AUTH.ALL_SERVICES in package com.android.development
W/PackageManager(   61): Unknown permission com.google.android.googleapps.permission.GOOGLE_AUTH.YouTubeUser in package com.android.development
W/PackageManager(   61): Not granting permission android.permission.SET_PREFERRED_APPLICATIONS to package com.mx.browser (protectionLevel=2 flags=0x8be44)
W/PackageManager(   61): Unknown permission android.permission.READ_OWNER_DATA in package com.android.email
W/PackageManager(   61): Not granting permission android.permission.DEVICE_POWER to package com.android.deskclock (protectionLevel=2 flags=0x8be45)
D/dalvikvm(   61): GC_CONCURRENT freed 672K, 44% free 4297K/7623K, external 1625K/2137K, paused 3ms+9ms
D/dalvikvm(   61): GC_EXPLICIT freed 630K, 52% free 3723K/7623K, external 1625K/2137K, paused 66ms
I/SystemServer(   61): Account Manager
I/SystemServer(   61): Content Manager
I/SystemServer(   61): System Content Providers
I/ActivityThread(   61): Pub settings: com.android.providers.settings.SettingsProvider
I/SystemServer(   61): Battery Service
I/SystemServer(   61): Lights Service
I/SystemServer(   61): Vibrator Service
D/qemud   (   38): fdhandler_accept_event: accepting on fd 9
D/qemud   (   38): created client 0x12f38 listening on fd 11
D/qemud   (   38): client_fd_receive: attempting registration for service 'hw-control'
D/qemud   (   38): client_fd_receive:    -> received channel id 3
D/qemud   (   38): client_registration: registration succeeded for client 3
D/SettingsProvider(   61): cache for settings table 'secure' rows=27; fullycached=true
D/SettingsProvider(   61): cache for settings table 'system' rows=47; fullycached=true
I/SystemServer(   61): Alarm Manager
I/SystemServer(   61): Init Watchdog
I/SystemServer(   61): Window Manager
I/InputManager(   61): Initializing input manager
I/InputManager(   61): Starting input manager
I/SystemServer(   61): Registering null Bluetooth Service (emulator)
E/System  (   61): Failure starting core service
E/System  (   61): java.lang.SecurityException
E/System  (   61): 	at android.os.BinderProxy.transact(Native Method)
E/System  (   61): 	at android.os.ServiceManagerProxy.addService(ServiceManagerNative.java:146)
E/System  (   61): 	at android.os.ServiceManager.addService(ServiceManager.java:72)
E/System  (   61): 	at com.android.server.ServerThread.run(SystemServer.java:206)
I/SystemServer(   61): Device Policy
I/SystemServer(   61): Status Bar
I/SystemServer(   61): Clipboard Service
I/SystemServer(   61): Input Method Service
I/EventHub(   61): New keyboard: device->id=0x10000 devname='qwerty2' propName='hw.keyboards.65536.devname' keylayout='/system/usr/keylayout/qwerty.kl'
I/EventHub(   61): New device: path=/dev/input/event0 name=qwerty2 id=0x10000 (of 0x1) index=1 fd=86 classes=0x87
E/EventHub(   61): could not get driver version for /dev/input/mouse0, Not a typewriter
E/EventHub(   61): could not get driver version for /dev/input/mice, Not a typewriter
I/InputManager-Callbacks(   61): No input device calibration properties found for device qwerty2.
I/InputReader(   61): Device added: id=0x0, name=qwerty2, sources=00001103
I/InputManagerService(   61): Enabled input methods: jp.co.omronsoft.openwnn/.OpenWnnJAJP:com.android.inputmethod.latin/.LatinIME:com.android.inputmethod.pinyin/.PinyinIME:com.example.android.softkeyboard/.SoftKeyboard
I/SystemServer(   61): NetStat Service
I/SystemServer(   61): NetworkManagement Service
I/SystemServer(   61): Connectivity Service
I/WifiService(   61): WifiService starting up with Wi-Fi disabled
D/NetworkManagmentService(   61): Registering observer
I/SystemServer(   61): Throttle Service
I/SystemServer(   61): Accessibility Manager
I/SystemServer(   61): Mount Service
I/SystemServer(   61): Notification Manager
I/SystemServer(   61): Device Storage Monitor
I/SystemServer(   61): Location Manager
I/SystemServer(   61): Search Service
D/VoldCmdListener(   29): volume list
I/SystemServer(   61): DropBox Service
I/SystemServer(   61): Wallpaper Service
I/PackageManager(   61): Updating external media status from unmounted to unmounted
D/VoldCmdListener(   29): share status ums
I/SystemServer(   61): Audio Service
D/AudioHardwareInterface(   34): setMode(NORMAL)
W/AudioPolicyManagerBase(   34): setPhoneState() setting same state 0
E/SoundPool(   61): error loading /system/media/audio/ui/Effect_Tick.ogg
W/AudioService(   61): Soundpool could not load file: /system/media/audio/ui/Effect_Tick.ogg
E/SoundPool(   61): error loading /system/media/audio/ui/KeypressStandard.ogg
W/AudioService(   61): Soundpool could not load file: /system/media/audio/ui/KeypressStandard.ogg
E/SoundPool(   61): error loading /system/media/audio/ui/KeypressSpacebar.ogg
W/AudioService(   61): Soundpool could not load file: /system/media/audio/ui/KeypressSpacebar.ogg
E/SoundPool(   61): error loading /system/media/audio/ui/KeypressDelete.ogg
W/AudioService(   61): Soundpool could not load file: /system/media/audio/ui/KeypressDelete.ogg
E/SoundPool(   61): error loading /system/media/audio/ui/KeypressReturn.ogg
W/AudioService(   61): Soundpool could not load file: /system/media/audio/ui/KeypressReturn.ogg
I/SystemServer(   61): Headset Observer
W/HeadsetObserver(   61): This kernel does not have wired headset support
I/SystemServer(   61): Dock Observer
W/DockObserver(   61): This kernel does not have dock station support
I/SystemServer(   61): USB Observer
W/UsbObserver(   61): This kernel does not have USB configuration switch support
E/UsbObserver(   61): 
E/UsbObserver(   61): java.lang.NullPointerException
E/UsbObserver(   61): 	at com.android.server.UsbObserver.init(UsbObserver.java:131)
E/UsbObserver(   61): 	at com.android.server.UsbObserver.<init>(UsbObserver.java:65)
E/UsbObserver(   61): 	at com.android.server.ServerThread.run(SystemServer.java:402)
I/SystemServer(   61): UI Mode Manager Service
I/SystemServer(   61): Backup Service
I/BackupManagerService(   61): Backup enabled => true
I/SystemServer(   61): AppWidget Service
I/SystemServer(   61): Recognition Service
I/SystemServer(   61): DiskStats Service
I/WindowManager(   61): SAFE MODE not enabled
D/dalvikvm(   61): JIT started for system_server
D/PowerManagerService(   61): system ready!
I/ActivityManager(   61): System now ready
I/SystemServer(   61): Making services ready
I/StatusBarManagerService(   61): Starting service: ComponentInfo{com.android.systemui/com.android.systemui.statusbar.StatusBarService}
I/Zygote  (   61): Process: zygote socket opened
I/ActivityManager(   61): Start proc com.android.systemui for service com.android.systemui/.statusbar.StatusBarService: pid=107 uid=1000 gids={3002, 3001, 3003}
I/ActivityManager(   61): Config changed: { scale=1.0 imsi=0/0 loc=en_US touch=0 keys=0/0/0 nav=0/0 orien=0 layout=0 uiMode=17 seq=2}
I/ActivityManager(   61): Config changed: { scale=1.0 imsi=0/0 loc=en_US touch=3 keys=2/1/2 nav=1/1 orien=1 layout=34 uiMode=17 seq=3}
W/RecognitionManagerService(   61): no available voice recognition services found
D/dalvikvm(   61): GREF has increased to 201
D/dalvikvm(   61): GC_CONCURRENT freed 226K, 46% free 4180K/7623K, external 1891K/2137K, paused 4ms+23ms
I/ActivityManager(   61): Start proc jp.co.omronsoft.openwnn for service jp.co.omronsoft.openwnn/.OpenWnnJAJP: pid=110 uid=10004 gids={}
W/GpsLocationProvider(   61): Could not open GPS configuration file /etc/gps.conf
D/NetworkManagmentService(   61): Registering observer
E/ThrottleService(   61): Could not open GPS configuration file /etc/gps.conf
I/ActivityManager(   61): Start proc com.android.phone for added application com.android.phone: pid=117 uid=1001 gids={3002, 3001, 3003, 1015}
I/ActivityManager(   61): Start proc com.android.systemui for added application com.android.systemui: pid=118 uid=1000 gids={3002, 3001, 3003}
D/dalvikvm(   61): GC_EXTERNAL_ALLOC freed 99K, 46% free 4141K/7623K, external 2130K/2137K, paused 206ms
I/ActivityManager(   61): Starting: Intent { act=android.intent.action.MAIN cat=[android.intent.category.HOME] flg=0x10000000 cmp=com.android.launcher/com.android.launcher2.Launcher } from pid 0
I/ActivityManager(   61): Start proc com.android.launcher for activity com.android.launcher/com.android.launcher2.Launcher: pid=128 uid=10013 gids={}
W/ActivityManager(   61): Unable to start service Intent { act=@0 }: not found
W/ActivityManager(   61): Unable to start service Intent { act=@0 }: not found
D/qemud   (   38): fdhandler_accept_event: accepting on fd 9
D/qemud   (   38): created client 0x12f88 listening on fd 12
D/qemud   (   38): client_fd_receive: attempting registration for service 'gps'
D/qemud   (   38): client_fd_receive:    -> received channel id 4
I/SystemServer(   61): Enabled StrictMode for system server main thread.
D/qemud   (   38): client_registration: registration succeeded for client 4
E/logwrapper(  144): executing /system/bin/tc failed: No such file or directory
I/logwrapper(   30): /system/bin/tc terminated by exit(1)
E/logwrapper(  146): executing /system/bin/tc failed: No such file or directory
I/logwrapper(   30): /system/bin/tc terminated by exit(1)
W/ActivityManager(   61): No pending application record for pid 107 (IApplicationThread android.app.ApplicationThreadProxy@4064fea0); dropping process
I/Process (   61): Sending signal. PID: 107 SIG: 9
I/ActivityManager(   61): Start proc com.android.settings for broadcast com.android.settings/.widget.SettingsAppWidgetProvider: pid=149 uid=1000 gids={3002, 3001, 3003}
E/logwrapper(  148): executing /system/bin/tc failed: No such file or directory
I/logwrapper(   30): /system/bin/tc terminated by exit(1)
D/dalvikvm(   61): GC_EXTERNAL_ALLOC freed 133K, 45% free 4204K/7623K, external 2726K/2770K, paused 267ms
D/dalvikvm(  117): GC_CONCURRENT freed 403K, 54% free 2642K/5639K, external 1625K/2137K, paused 3ms+3ms
D/dalvikvm(  110): GC_CONCURRENT freed 395K, 54% free 2650K/5639K, external 1625K/2137K, paused 13ms+27ms
D/dalvikvm(  118): GC_CONCURRENT freed 405K, 54% free 2638K/5639K, external 1625K/2137K, paused 3ms+66ms
I/ActivityThread(  117): Pub mms: com.android.providers.telephony.MmsProvider
I/ActivityThread(  117): Pub sms: com.android.providers.telephony.SmsProvider
D/dalvikvm(  128): GC_CONCURRENT freed 405K, 54% free 2639K/5639K, external 1625K/2137K, paused 3ms+12ms
I/ActivityThread(  117): Pub telephony: com.android.providers.telephony.TelephonyProvider
D/dalvikvm(  110): No JNI_OnLoad found in /system/lib/libwnndict.so 0x40512cf0, skipping init
I/ActivityThread(  117): Pub icc: com.android.phone.IccProvider
I/ActivityThread(  117): Pub mms-sms: com.android.providers.telephony.MmsSmsProvider
D/dalvikvm(   61): GC_EXTERNAL_ALLOC freed 78K, 45% free 4200K/7623K, external 3405K/3458K, paused 298ms
I/ActivityThread(  128): Pub com.android.launcher2.settings: com.android.launcher2.LauncherProvider
D/dalvikvm(  149): GC_CONCURRENT freed 406K, 54% free 2639K/5639K, external 1625K/2137K, paused 4ms+20ms
D/dalvikvm(  110): GC_CONCURRENT freed 302K, 51% free 2910K/5831K, external 1625K/2137K, paused 4ms+11ms
I/StatusBarManagerService(   61): registerStatusBar bar=com.android.internal.statusbar.IStatusBar$Stub$Proxy@406ecbb8
D/CallManager(  117): registerPhone(GSM Handler{40556368})
I/ActivityManager(   61): Start proc android.process.acore for content provider com.android.providers.contacts/.CallLogProvider: pid=175 uid=10006 gids={3003, 1015}
D/VoldCmdListener(   29): share status ums
D/StorageNotification(  118): Startup with UMS connection false (media state unmounted)
I/StorageNotification(  118): UMS connection changed to false (media state unmounted)
W/ActivityManager(   61): Unable to start service Intent { act=com.android.ussd.IExtendedNetworkService }: not found
D/dalvikvm(  110): GC_CONCURRENT freed 397K, 50% free 3170K/6215K, external 1625K/2137K, paused 3ms+3ms
D/dalvikvm(   61): GC_EXTERNAL_ALLOC freed 150K, 44% free 4308K/7623K, external 3472K/3498K, paused 187ms
I/TelephonyRegistry(   61): notifyServiceState: 3 home null null null  Unknown CSS not supported -1 -1RoamInd: -1DefRoamInd: -1EmergOnly: false
D/AlarmManagerService(   61): Kernel timezone updated to 0 minutes west of GMT
W/SystemClock(  117): Unable to set rtc to 1374210731: Invalid argument
I/TelephonyRegistry(   61): notifyDataConnection: state=0 isDataConnectivityPossible=false reason=radioTurnedOff interfaceName=null networkType=0
I/TelephonyRegistry(   61): notifyDataConnection: state=0 isDataConnectivityPossible=false reason=gprsDetached interfaceName=null networkType=0
I/ActivityManager(   61): Start proc com.android.deskclock for broadcast com.android.deskclock/.AlarmInitReceiver: pid=186 uid=10019 gids={}
D/dalvikvm(   61): GC_EXTERNAL_ALLOC freed 127K, 44% free 4317K/7623K, external 3410K/4248K, paused 197ms
I/ActivityThread(  175): Pub com.android.social: com.android.providers.contacts.SocialProvider
I/TelephonyRegistry(   61): notifyServiceState: 0 home Android Android 310260  UMTS CSS not supported -1 -1RoamInd: -1DefRoamInd: -1EmergOnly: false
I/TelephonyRegistry(   61): notifyDataConnection: state=0 isDataConnectivityPossible=false reason=null interfaceName=null networkType=3
I/ActivityThread(  175): Pub applications: com.android.providers.applications.ApplicationsProvider
D/SystemClock(  117): Setting time of day to sec=1374210731
D/MccTable(  117): updateMccMncConfiguration: mcc=310, mnc=260
D/MccTable(  117): locale set to en_us
D/MccTable(  117): WIFI_NUM_ALLOWED_CHANNELS set to 11
D/dalvikvm(  117): GC_CONCURRENT freed 229K, 50% free 2925K/5767K, external 1625K/2137K, paused 4ms+64ms
D/dalvikvm(  175): GC_CONCURRENT freed 406K, 54% free 2613K/5639K, external 1625K/2137K, paused 3ms+56ms
D/dalvikvm(  128): GC_EXTERNAL_ALLOC freed 49K, 53% free 2696K/5639K, external 2128K/2137K, paused 337ms
D/dalvikvm(   61): GC_EXTERNAL_ALLOC freed 57K, 44% free 4321K/7623K, external 4073K/5086K, paused 302ms
I/WifiService(   61): WifiService trying to setNumAllowed to 11 with persist set to true
I/ActivityManager(   61): Config changed: { scale=1.0 imsi=310/260 loc=en_US touch=3 keys=2/1/2 nav=1/1 orien=1 layout=34 uiMode=17 seq=4}
I/ActivityThread(  186): Pub com.android.deskclock: com.android.deskclock.AlarmProvider
I/TelephonyRegistry(   61): notifyMessageWaitingChanged: false
I/TelephonyRegistry(   61): notifyCallForwardingChanged: false
I/ActivityThread(  175): Pub contacts;com.android.contacts: com.android.providers.contacts.ContactsProvider2
D/dalvikvm(  186): GC_CONCURRENT freed 370K, 54% free 2618K/5639K, external 1625K/2137K, paused 4ms+79ms
I/ActivityManager(   61): Start proc com.android.protips for broadcast com.android.protips/.ProtipWidget: pid=200 uid=10024 gids={}
D/dalvikvm(   33): GC_EXPLICIT freed 10K, 53% free 2538K/5379K, external 1625K/2137K, paused 392ms
D/TelephonyProvider(  117): Setting numeric '310260' to be the current operator
D/dalvikvm(  128): GC_EXTERNAL_ALLOC freed 25K, 52% free 2722K/5639K, external 2668K/2681K, paused 480ms
I/TelephonyRegistry(   61): notifyDataConnection: state=1 isDataConnectivityPossible=true reason=simLoaded interfaceName=null networkType=3
I/TelephonyRegistry(   61): notifyDataConnection: state=2 isDataConnectivityPossible=true reason=simLoaded interfaceName=/dev/omap_csmi_tty1 networkType=3
D/Tethering(   61): MasterInitialState.processMessage what=3
D/dalvikvm(   33): GC_EXPLICIT freed <1K, 53% free 2538K/5379K, external 1625K/2137K, paused 569ms
D/dalvikvm(   33): GC_EXPLICIT freed <1K, 53% free 2538K/5379K, external 1625K/2137K, paused 260ms
D/dalvikvm(   61): GC_CONCURRENT freed 587K, 42% free 4489K/7687K, external 4373K/5573K, paused 4ms+37ms
D/dalvikvm(  128): GC_EXTERNAL_ALLOC freed 6K, 52% free 2734K/5639K, external 3368K/3387K, paused 328ms
I/ActivityThread(  175): Pub call_log: com.android.providers.contacts.CallLogProvider
I/ActivityThread(  175): Pub user_dictionary: com.android.providers.userdictionary.UserDictionaryProvider
I/ActivityManager(   61): Start proc com.android.music for broadcast com.android.music/.MediaAppWidgetProvider: pid=216 uid=10005 gids={3003, 1015}
D/SntpClient(   61): request time failed: java.net.SocketException: Address family not supported by protocol
I/ActivityManager(   61): Start proc com.android.quicksearchbox for broadcast com.android.quicksearchbox/.SearchWidgetProvider: pid=226 uid=10002 gids={3003}
D/dalvikvm(  128): GC_EXTERNAL_ALLOC freed 39K, 51% free 2779K/5639K, external 4217K/4261K, paused 127ms
I/ActivityThread(  226): Pub com.android.quicksearchbox.google: com.android.quicksearchbox.google.GoogleSuggestionProvider
I/ActivityThread(  226): Pub com.android.quicksearchbox.shortcuts: com.android.quicksearchbox.ShortcutsProvider
D/dalvikvm(  128): GC_EXTERNAL_ALLOC freed 27K, 51% free 2800K/5639K, external 5345K/5346K, paused 113ms
I/ActivityManager(   61): Start proc android.process.media for broadcast com.android.providers.downloads/.DownloadReceiver: pid=234 uid=10000 gids={1015, 1006, 2001, 3003}
D/dalvikvm(   61): GREF has increased to 301
D/dalvikvm(  128): GC_EXPLICIT freed 18K, 51% free 2810K/5639K, external 5437K/6692K, paused 141ms
I/ActivityThread(  234): Pub media: com.android.providers.media.MediaProvider
V/MediaProvider(  234): Attached volume: internal
I/ActivityThread(  234): Pub downloads: com.android.providers.downloads.DownloadProvider
I/ActivityThread(  234): Pub drm: com.android.providers.drm.DrmProvider
I/ActivityManager(   61): Start proc com.wandoujia.phoenix2 for broadcast com.wandoujia.phoenix2/com.wandoujia.phoenix4.receiver.ConnectivityChangedReceiver: pid=243 uid=10035 gids={3003, 1007, 1015, 1006}
I/ActivityThread(  243): Pub com.wandoujia.thumbnail;com.wandoujia.imagecache: com.wandoujia.phoenix2.providers.ThumbProvider
I/ActivityThread(  243): Pub com.wandoujia.phoenix4.download: com.wandoujia.phoenix4.download.lib.rpc.DownloadProvider
I/ActivityThread(  243): Pub com.wandoujia.app;com.wandoujia.image;com.wandoujia.photosync;com.wandoujia.share;com.wandoujia.sync;com.wandoujia.offlinetask: com.wandoujia.phoenix2.providers.PhoenixProvider
D/dalvikvm(  243): Trying to load lib /data/data/com.wandoujia.phoenix2/lib/libudid.so 0x405153c0
D/dalvikvm(  243): Added shared lib /data/data/com.wandoujia.phoenix2/lib/libudid.so 0x405153c0
W/WindowManager(   61): App freeze timeout expired.
W/WindowManager(   61): Force clearing freeze: AppWindowToken{4064b948 token=HistoryRecord{405967e8 com.android.launcher/com.android.launcher2.Launcher}}
I/dalvikvm(  243): Could not find method android.os.Environment.isExternalStorageEmulated, referenced from method com.wandoujia.phoenix2.utils.at.o
W/dalvikvm(  243): VFY: unable to resolve static method 873: Landroid/os/Environment;.isExternalStorageEmulated ()Z
D/dalvikvm(  243): VFY: replacing opcode 0x71 at 0x001d
D/dalvikvm(  243): VFY: dead code 0x0020-0024 in Lcom/wandoujia/phoenix2/utils/at;.o ()Z
W/ActivityManager(   61): Activity idle timeout for HistoryRecord{405967e8 com.android.launcher/com.android.launcher2.Launcher}
D/PowerManagerService(   61): bootCompleted
D/VoldCmdListener(   29): volume mount /mnt/sdcard
I/Vold    (   29): /dev/block/vold/179:0 being considered for volume sdcard
D/Vold    (   29): Volume sdcard state changing 1 (Idle-Unmounted) -> 3 (Checking)
I/StorageNotification(  118): Media {/mnt/sdcard} state changed from {unmounted} -> {checking}
I//system/bin/fsck_msdos(   29): ** /dev/block/vold/179:0
D/dalvikvm(  118): GC_EXTERNAL_ALLOC freed 147K, 52% free 2723K/5639K, external 2129K/2137K, paused 139ms
I/SearchManagerService(   61): Building list of searchable activities
I/SurfaceFlinger(   61): Boot is finished (18917 ms)
I/ARMAssembler(   61): generated scanline__00000177:03010104_00000002_00000000 [ 44 ipp] (66 ins) at [0x44c76290:0x44c76398] in 657452 ns
I/ARMAssembler(   61): generated scanline__00000177:03515104_00000001_00000000 [ 73 ipp] (95 ins) at [0x44c763a0:0x44c7651c] in 626662 ns
I//system/bin/fsck_msdos(   29): ** Phase 1 - Read and Compare FATs
I//system/bin/fsck_msdos(   29): Attempting to allocate 2032 KB for FAT
D/dalvikvm(  200): GC_CONCURRENT freed 369K, 54% free 2595K/5575K, external 1625K/2137K, paused 5ms+3ms
D/dalvikvm(   61): GC_EXPLICIT freed 621K, 43% free 4469K/7751K, external 4373K/5573K, paused 96ms
E/dalvikvm(  243): Could not find class 'android.app.Notification$Builder', referenced from method com.wandoujia.phoenix2.photosync.b.handleMessage
W/dalvikvm(  243): VFY: unable to resolve new-instance 33 (Landroid/app/Notification$Builder;) in Lcom/wandoujia/phoenix2/photosync/b;
D/dalvikvm(  243): VFY: replacing opcode 0x22 at 0x007d
D/dalvikvm(  243): VFY: dead code 0x007f-00af in Lcom/wandoujia/phoenix2/photosync/b;.handleMessage (Landroid/os/Message;)V
D/dalvikvm(  243): VFY: dead code 0x00b8-00c9 in Lcom/wandoujia/phoenix2/photosync/b;.handleMessage (Landroid/os/Message;)V
I//system/bin/fsck_msdos(   29): Attempting to allocate 2032 KB for FAT
E/dalvikvm(  243): Could not find class 'android.app.Notification$Builder', referenced from method com.wandoujia.phoenix2.appwash.controller.AppWashController.a
W/dalvikvm(  243): VFY: unable to resolve new-instance 33 (Landroid/app/Notification$Builder;) in Lcom/wandoujia/phoenix2/appwash/controller/AppWashController;
D/dalvikvm(  243): VFY: replacing opcode 0x22 at 0x00c1
D/dalvikvm(  243): VFY: dead code 0x00c3-010b in Lcom/wandoujia/phoenix2/appwash/controller/AppWashController;.a (Ljava/util/List;Lcom/wandoujia/phoenix2/appwash/controller/AppWashController$WashEntryType;)V
I//system/bin/fsck_msdos(   29): ** Phase 2 - Check Cluster Chains
I//system/bin/fsck_msdos(   29): ** Phase 3 - Checking Directories
I//system/bin/fsck_msdos(   29): ** Phase 4 - Checking for Lost Files
I//system/bin/fsck_msdos(   29): Next free cluster in FSInfo block (37684) not free
I//system/bin/fsck_msdos(   29): FIXED
I//system/bin/fsck_msdos(   29): 1825 files, 239259 free (478519 clusters)
I/Vold    (   29): Filesystem check completed OK
I/Vold    (   29): Device /dev/block/vold/179:0, target /mnt/sdcard mounted @ /mnt/secure/staging
D/Vold    (   29): Volume sdcard state changing 3 (Checking) -> 4 (Mounted)
I/PackageManager(   61): Updating external media status from unmounted to mounted
I/StorageNotification(  118): Media {/mnt/sdcard} state changed from {checking} -> {mounted}
D/VoldCmdListener(   29): asec list
D/VoldCmdListener(   29): asec path cn.wps.livespace-1
D/VoldCmdListener(   29): asec mount cn.wps.livespace-1 {} 1000
D/VoldCmdListener(   29): asec path cn.wps.livespace-1
I/PackageManager(   61): Linking native library dir for /mnt/asec/cn.wps.livespace-1/pkg.apk
W/PackageManager(   61): Unknown permission com.google.android.googleapps.permission.GOOGLE_AUTH.mail in package com.android.contacts
W/PackageManager(   61): Unknown permission android.permission.ADD_SYSTEM_SERVICE in package com.android.phone
W/PackageManager(   61): Unknown permission com.android.vending.BILLING in package cn.wps.moffice_eng
W/PackageManager(   61): Not granting permission com.android.email.permission.ACCESS_PROVIDER to package cn.wps.moffice_eng (protectionLevel=3 flags=0x8be44)
W/PackageManager(   61): Not granting permission android.permission.SEND_DOWNLOAD_COMPLETED_INTENTS to package com.android.browser (protectionLevel=2 flags=0x9be45)
W/PackageManager(   61): Unknown permission com.google.android.gm.permission.WRITE_GMAIL in package com.android.settings
W/PackageManager(   61): Unknown permission com.google.android.gm.permission.READ_GMAIL in package com.android.settings
W/PackageManager(   61): Unknown permission com.google.android.googleapps.permission.GOOGLE_AUTH in package com.android.settings
W/PackageManager(   61): Unknown permission com.google.android.googleapps.permission.GOOGLE_AUTH in package com.android.providers.contacts
W/PackageManager(   61): Unknown permission com.google.android.googleapps.permission.GOOGLE_AUTH.cp in package com.android.providers.contacts
W/PackageManager(   61): Unknown permission com.android.launcher.permission.CREATE_SHORTCUT in package com.wandoujia.phoenix2
W/PackageManager(   61): Unknown permission org.adw.launcher.permission.READ_SETTINGS in package com.wandoujia.phoenix2
W/PackageManager(   61): Unknown permission org.adw.launcher.permission.WRITE_SETTINGS in package com.wandoujia.phoenix2
W/PackageManager(   61): Unknown permission com.qihoo360.launcher.permission.READ_SETTINGS in package com.wandoujia.phoenix2
W/PackageManager(   61): Unknown permission com.qihoo360.launcher.permission.WRITE_SETTINGS in package com.wandoujia.phoenix2
W/PackageManager(   61): Unknown permission com.lge.launcher.permission.READ_SETTINGS in package com.wandoujia.phoenix2
W/PackageManager(   61): Unknown permission com.lge.launcher.permission.WRITE_SETTINGS in package com.wandoujia.phoenix2
W/PackageManager(   61): Unknown permission net.qihoo.launcher.permission.READ_SETTINGS in package com.wandoujia.phoenix2
W/PackageManager(   61): Unknown permission net.qihoo.launcher.permission.WRITE_SETTINGS in package com.wandoujia.phoenix2
W/PackageManager(   61): Unknown permission org.adwfreak.launcher.permission.READ_SETTINGS in package com.wandoujia.phoenix2
W/PackageManager(   61): Unknown permission org.adwfreak.launcher.permission.WRITE_SETTINGS in package com.wandoujia.phoenix2
W/PackageManager(   61): Unknown permission com.huawei.launcher3.permission.READ_SETTINGS in package com.wandoujia.phoenix2
W/PackageManager(   61): Unknown permission com.huawei.launcher3.permission.WRITE_SETTINGS in package com.wandoujia.phoenix2
W/PackageManager(   61): Unknown permission com.fede.launcher.permission.READ_SETTINGS in package com.wandoujia.phoenix2
W/PackageManager(   61): Unknown permission com.fede.launcher.permission.WRITE_SETTINGS in package com.wandoujia.phoenix2
W/PackageManager(   61): Unknown permission com.sec.android.app.twlauncher.settings.READ_SETTINGS in package com.wandoujia.phoenix2
W/PackageManager(   61): Unknown permission com.sec.android.app.twlauncher.settings.WRITE_SETTINGS in package com.wandoujia.phoenix2
W/PackageManager(   61): Not granting permission android.permission.ACCESS_DRM to package com.wandoujia.phoenix2 (protectionLevel=2 flags=0x8be44)
W/PackageManager(   61): Unknown permission com.google.android.googleapps.permission.ACCESS_GOOGLE_PASSWORD in package com.android.development
W/PackageManager(   61): Unknown permission com.google.android.googleapps.permission.GOOGLE_AUTH in package com.android.development
W/PackageManager(   61): Unknown permission com.google.android.googleapps.permission.GOOGLE_AUTH.ALL_SERVICES in package com.android.development
W/PackageManager(   61): Unknown permission com.google.android.googleapps.permission.GOOGLE_AUTH.YouTubeUser in package com.android.development
W/PackageManager(   61): Not granting permission android.permission.SET_PREFERRED_APPLICATIONS to package com.mx.browser (protectionLevel=2 flags=0x8be44)
W/PackageManager(   61): Unknown permission android.permission.READ_OWNER_DATA in package com.android.email
W/PackageManager(   61): Not granting permission android.permission.DEVICE_POWER to package com.android.deskclock (protectionLevel=2 flags=0x8be45)
D/dalvikvm(  128): GC_EXTERNAL_ALLOC freed 228K, 49% free 3029K/5895K, external 6678K/6692K, paused 66ms
D/dalvikvm(   61): GC_EXPLICIT freed 327K, 42% free 4525K/7751K, external 4373K/5573K, paused 78ms
W/RecognitionManagerService(   61): no available voice recognition services found
D/dalvikvm(  243): GC_CONCURRENT freed 583K, 49% free 3486K/6727K, external 1625K/2137K, paused 3ms+4ms
D/dalvikvm(  243): DexOpt: couldn't find field Landroid/content/pm/PackageStats;.externalCacheSize
W/dalvikvm(  243): VFY: unable to resolve instance field 54
D/dalvikvm(  243): VFY: replacing opcode 0x53 at 0x000e
D/dalvikvm(  243): DexOpt: couldn't find field Landroid/content/pm/PackageStats;.externalCodeSize
W/dalvikvm(  243): VFY: unable to resolve instance field 55
D/dalvikvm(  243): VFY: replacing opcode 0x53 at 0x0020
D/dalvikvm(  243): VFY: dead code 0x0010-0019 in Lcom/wandoujia/phoenix2/appwash/controller/ay;.a (Lcom/wandoujia/phoenix2/appwash/controller/ay;Landroid/content/pm/PackageStats;)J
D/dalvikvm(  243): VFY: dead code 0x0022-0022 in Lcom/wandoujia/phoenix2/appwash/controller/ay;.a (Lcom/wandoujia/phoenix2/appwash/controller/ay;Landroid/content/pm/PackageStats;)J
D/dalvikvm(  243): DexOpt: couldn't find field Landroid/content/pm/PackageStats;.externalDataSize
I/dalvikvm(  243): DexOpt: unable to optimize instance field ref 0x0038 at 0x10 in Lcom/wandoujia/phoenix2/appwash/controller/ay;.a
D/dalvikvm(  243): DexOpt: couldn't find field Landroid/content/pm/PackageStats;.externalMediaSize
I/dalvikvm(  243): DexOpt: unable to optimize instance field ref 0x0039 at 0x13 in Lcom/wandoujia/phoenix2/appwash/controller/ay;.a
D/dalvikvm(  243): DexOpt: couldn't find field Landroid/content/pm/PackageStats;.externalObbSize
I/dalvikvm(  243): DexOpt: unable to optimize instance field ref 0x003a at 0x16 in Lcom/wandoujia/phoenix2/appwash/controller/ay;.a
I/Launcher.Model(  128): not binding apps: no Launcher activity
D/dalvikvm(  128): GC_EXPLICIT freed 126K, 51% free 2941K/5895K, external 5016K/5585K, paused 45ms
I/dalvikvm(   61): Jit: resizing JitTable from 512 to 1024
I/ActivityManager(   61): Start proc com.mx.browser for broadcast com.mx.browser/.cloud.CloudReceiver: pid=307 uid=10036 gids={3003, 1015}
I/ActivityThread(  307): Pub com.mx.browser.downloadprovider: com.mx.browser.download.DownloadProvider
I/ActivityThread(  307): Pub com.mx.browser.browserprovider: com.mx.browser.BrowserProvider
D/OtaStartupReceiver(  117): Not a CDMA phone, no need to process OTA
I/ActivityManager(   61): Start proc com.android.mms for broadcast com.android.mms/.transaction.MmsSystemEventReceiver: pid=320 uid=10015 gids={3003, 1015}
I/RecoverySystem(   61): No recovery log file
I/InputReader(   61): Device reconfigured: id=0x0, name=qwerty2, display size is now 480x800
I/InputManager-Callbacks(   61): No virtual keys found for device qwerty2.
I/ActivityThread(  320): Pub com.android.mms.SuggestionsProvider: com.android.mms.SuggestionsProvider
I/ARMAssembler(   61): generated scanline__00000177:03515104_00001001_00000000 [ 91 ipp] (114 ins) at [0x44c76520:0x44c766e8] in 613984 ns
W/dalvikvm(  175): threadid=3: spin on suspend #1 threadid=9 (pcf=0)
D/dalvikvm(  175): Temporarily moving tid 195 to fg (was 0)
I/ActivityManager(   61): Displayed com.android.launcher/com.android.launcher2.Launcher: +19s19ms
W/Mms/cache(  320): RecipientId 1 not in cache!
D/dalvikvm(  175): Temporarily raised priority on tid 195 (10 -> 0)
W/dalvikvm(  175): threadid=3: spin on suspend resolved in 1930 msec
D/dalvikvm(  175): Restored policy of 195 to 0
D/dalvikvm(  175): Restored priority on 195 to 10
D/dalvikvm(  175): GC_CONCURRENT freed 272K, 51% free 2853K/5767K, external 1625K/2137K, paused 3ms+3ms
D/dalvikvm(  117): GREF has increased to 201
I/ActivityManager(   61): Start proc com.android.email for broadcast com.android.email/.service.EmailBroadcastReceiver: pid=342 uid=10028 gids={3003, 1015}
I/ActivityThread(  342): Pub com.android.email.provider: com.android.email.provider.EmailProvider
I/ActivityThread(  342): Pub com.android.email.attachmentprovider: com.android.email.provider.AttachmentProvider
I/ActivityThread(  342): Pub com.android.exchange.provider: com.android.exchange.provider.ExchangeProvider
D/EAS SyncManager(  342): !!! EAS SyncManager, onCreate
D/MediaScannerService(  234): start scanning volume internal
D/Eas Debug(  342): Logging: 
D/EAS SyncManager(  342): !!! EAS SyncManager, onDestroy
D/dalvikvm(  128): GC_EXTERNAL_ALLOC freed 123K, 48% free 3094K/5895K, external 4915K/5585K, paused 103ms
D/Email   (  342): BOOT_COMPLETED
D/EAS SyncManager(  342): !!! EAS SyncManager, onCreate
D/EAS SyncManager(  342): !!! EAS SyncManager, onStartCommand
D/EAS SyncManager(  342): !!! EAS SyncManager, stopping self
D/EAS SyncManager(  342): !!! EAS SyncManager, onDestroy
D/dalvikvm(  128): GC_EXPLICIT freed 137K, 49% free 3056K/5895K, external 6180K/7574K, paused 92ms
D/dalvikvm(  243): GC_CONCURRENT freed 724K, 50% free 3527K/6919K, external 1753K/2137K, paused 3ms+3ms
D/MediaScanner(  234):  prescan time: 913ms
I/ActivityManager(   61): Starting: Intent { act=android.intent.action.MAIN cat=[android.intent.category.LAUNCHER] flg=0x10200000 cmp=cn.wps.moffice_eng/cn.wps.moffice.documentmanager.PreStartActivity } from pid 128
I/ActivityManager(   61): Start proc cn.wps.moffice_eng for activity cn.wps.moffice_eng/cn.wps.moffice.documentmanager.PreStartActivity: pid=367 uid=10037 gids={3003, 1015}
D/dalvikvm(  367): GetFieldID: unable to find field Ljava/util/HashMap;.loadFactor:F
D/dalvikvm(  367): GetFieldID: unable to find field Ljava/util/HashMap;.loadFactor:F
D/dalvikvm(  367): GetFieldID: unable to find field Ljava/util/HashMap;.loadFactor:F
I/dalvikvm(  367): Could not find method cn.wps.moffice.documentmanager.PreStartActivity.getActionBar, referenced from method cn.wps.moffice.documentmanager.PreStartActivity.setDisplayShowCustomEnabled
W/dalvikvm(  367): VFY: unable to resolve virtual method 11013: Lcn/wps/moffice/documentmanager/PreStartActivity;.getActionBar ()Landroid/app/ActionBar;
D/dalvikvm(  367): VFY: replacing opcode 0x6e at 0x0006
D/dalvikvm(  367): VFY: dead code 0x0009-000e in Lcn/wps/moffice/documentmanager/PreStartActivity;.setDisplayShowCustomEnabled (Z)V
D/dalvikvm(  367): GetFieldID: unable to find field Ljava/util/HashMap;.loadFactor:F
I/ActivityManager(   61): Starting: Intent { cmp=cn.wps.moffice_eng/cn.wps.moffice.documentmanager.DocumentManager } from pid 367
D/dalvikvm(  367): GetFieldID: unable to find field Ljava/util/HashMap;.loadFactor:F
D/dalvikvm(  367): GC_EXTERNAL_ALLOC freed 639K, 50% free 3331K/6599K, external 2129K/2137K, paused 56ms
D/dalvikvm(  367): GC_EXTERNAL_ALLOC freed 46K, 49% free 3382K/6599K, external 2611K/2673K, paused 49ms
D/dalvikvm(  367): GetFieldID: unable to find field Ljava/util/HashMap;.loadFactor:F
D/dalvikvm(  367): GetFieldID: unable to find field Ljava/util/HashMap;.loadFactor:F
I/dalvikvm(  367): Failed resolving Lcn/wps/moffice/common/beans/k$1; interface 540 'Landroid/nfc/NfcAdapter$OnNdefPushCompleteCallback;'
W/dalvikvm(  367): Link of class 'Lcn/wps/moffice/common/beans/k$1;' failed
E/dalvikvm(  367): Could not find class 'cn.wps.moffice.common.beans.k$1', referenced from method cn.wps.moffice.common.beans.k.<init>
W/dalvikvm(  367): VFY: unable to resolve new-instance 1597 (Lcn/wps/moffice/common/beans/k$1;) in Lcn/wps/moffice/common/beans/k;
D/dalvikvm(  367): VFY: replacing opcode 0x22 at 0x0039
I/dalvikvm(  367): Failed resolving Lcn/wps/moffice/common/beans/k$3; interface 538 'Landroid/nfc/NfcAdapter$CreateBeamUrisCallback;'
W/dalvikvm(  367): Link of class 'Lcn/wps/moffice/common/beans/k$3;' failed
E/dalvikvm(  367): Could not find class 'cn.wps.moffice.common.beans.k$3', referenced from method cn.wps.moffice.common.beans.k.<init>
W/dalvikvm(  367): VFY: unable to resolve new-instance 1599 (Lcn/wps/moffice/common/beans/k$3;) in Lcn/wps/moffice/common/beans/k;
D/dalvikvm(  367): VFY: replacing opcode 0x22 at 0x0070
D/dalvikvm(  367): VFY: dead code 0x003b-005c in Lcn/wps/moffice/common/beans/k;.<init> (Landroid/app/Activity;)V
D/dalvikvm(  367): VFY: dead code 0x0072-0079 in Lcn/wps/moffice/common/beans/k;.<init> (Landroid/app/Activity;)V
D/water   (  367): packageName: cn.wps.moffice_eng
D/dalvikvm(  367): GetFieldID: unable to find field Ljava/util/HashMap;.loadFactor:F
D/dalvikvm(  367): GetFieldID: unable to find field Ljava/util/HashMap;.loadFactor:F
D/dalvikvm(  367): GetFieldID: unable to find field Ljava/util/HashMap;.loadFactor:F
D/dalvikvm(  367): GetFieldID: unable to find field Ljava/util/HashMap;.loadFactor:F
D/dalvikvm(  367): GetFieldID: unable to find field Ljava/util/HashMap;.loadFactor:F
D/dalvikvm(  367): GetFieldID: unable to find field Ljava/util/HashMap;.loadFactor:F
D/dalvikvm(   61): GREF has increased to 401
D/dalvikvm(  367): GetFieldID: unable to find field Ljava/util/HashMap;.loadFactor:F
D/dalvikvm(  367): GC_CONCURRENT freed 530K, 47% free 3581K/6727K, external 3171K/3694K, paused 4ms+3ms
D/dalvikvm(  367): GetFieldID: unable to find field Ljava/util/HashMap;.loadFactor:F
D/dalvikvm(  367): GetFieldID: unable to find field Ljava/util/HashMap;.loadFactor:F
D/dalvikvm(  367): GetFieldID: unable to find field Ljava/util/HashMap;.loadFactor:F
D/dalvikvm(  367): GetFieldID: unable to find field Ljava/util/HashMap;.loadFactor:F
D/dalvikvm(  367): GC_EXTERNAL_ALLOC freed 410K, 48% free 3610K/6855K, external 3160K/3694K, paused 590ms
D/dalvikvm(  367): GC_EXTERNAL_ALLOC freed 153K, 48% free 3621K/6855K, external 3583K/4343K, paused 50ms
D/dalvikvm(  367): GC_EXTERNAL_ALLOC freed 77K, 48% free 3628K/6855K, external 4197K/5241K, paused 73ms
D/MediaScanner(  234):     scan time: 8ms
D/MediaScanner(  234): postscan time: 1ms
D/MediaScanner(  234):    total time: 922ms
W/ResourceType(   61): Skipping entry 0x7f040000 in package table 0 because it is not complex!
W/ResourceType(   61): Skipping entry 0x7f040017 in package table 0 because it is not complex!
I/ARMAssembler(   61): generated scanline__00000177:03515104_00001002_00000000 [ 87 ipp] (110 ins) at [0x44c766f0:0x44c768a8] in 408417 ns
I/ActivityManager(   61): Displayed cn.wps.moffice_eng/cn.wps.moffice.documentmanager.DocumentManager: +5s229ms (total +6s218ms)
D/MediaScannerService(  234): done scanning volume internal
D/MediaScannerService(  234): start scanning volume external
V/MediaProvider(  234): /mnt/sdcard volume ID: 218050065
V/MediaProvider(  234): Attached volume: external
E/        (  367): IOException
E/        (  367): java.io.FileNotFoundException: /data/data/cn.wps.moffice_eng/app_dex/dex_spreadsheet.jar (Permission denied)
E/        (  367): 	at org.apache.harmony.luni.platform.OSFileSystem.open(Native Method)
E/        (  367): 	at dalvik.system.BlockGuard$WrappedFileSystem.open(BlockGuard.java:232)
E/        (  367): 	at java.io.FileInputStream.<init>(FileInputStream.java:80)
E/        (  367): 	at cn.wps.moffice.common.beans.ActivityController.c(Unknown Source)
E/        (  367): 	at cn.wps.moffice.common.beans.ActivityController.e(Unknown Source)
E/        (  367): 	at dpl.cG(Unknown Source)
E/        (  367): 	at cn.wps.moffice.documentmanager.DocumentManager$f$a.run(Unknown Source)
E/        (  367): IOException
E/        (  367): java.io.FileNotFoundException: /data/data/cn.wps.moffice_eng/app_dex/dex_presentation.jar (Permission denied)
E/        (  367): 	at org.apache.harmony.luni.platform.OSFileSystem.open(Native Method)
E/        (  367): 	at dalvik.system.BlockGuard$WrappedFileSystem.open(BlockGuard.java:232)
E/        (  367): 	at java.io.FileInputStream.<init>(FileInputStream.java:80)
E/        (  367): 	at cn.wps.moffice.common.beans.ActivityController.c(Unknown Source)
E/        (  367): 	at cn.wps.moffice.common.beans.ActivityController.e(Unknown Source)
E/        (  367): 	at dpl.cH(Unknown Source)
E/        (  367): 	at cn.wps.moffice.documentmanager.DocumentManager$e$a.run(Unknown Source)
V/MediaScanner(  234): pruneDeadThumbnailFiles... android.database.sqlite.SQLiteCursor@405bd5e0
V/MediaScanner(  234): /pruneDeadThumbnailFiles... android.database.sqlite.SQLiteCursor@405bd5e0
D/MediaScanner(  234):  prescan time: 574ms
D/MediaScanner(  234):     scan time: 127ms
D/MediaScanner(  234): postscan time: 59ms
D/MediaScanner(  234):    total time: 760ms
D/MediaScannerService(  234): done scanning volume external
D/dalvikvm(  243): Trying to load lib /data/data/com.wandoujia.phoenix2/lib/libcipher.so 0x405153c0
D/dalvikvm(  243): Added shared lib /data/data/com.wandoujia.phoenix2/lib/libcipher.so 0x405153c0
D/dalvikvm(  243): No JNI_OnLoad found in /data/data/com.wandoujia.phoenix2/lib/libcipher.so 0x405153c0, skipping init
I/dalvikvm(  243): Total arena pages for JIT: 11
I/dalvikvm(  243): Total arena pages for JIT: 12
D/dalvikvm(  243): GC_CONCURRENT freed 813K, 50% free 3571K/7047K, external 1753K/2137K, paused 4ms+4ms
W/ActivityManager(   61): Timeout of broadcast BroadcastRecord{4073bf40 android.intent.action.EXTERNAL_APPLICATIONS_AVAILABLE} - receiver=android.os.BinderProxy@406f0e60, started 10066ms ago
W/ActivityManager(   61): Receiver during timeout: ResolveInfo{4073bcc8 com.wandoujia.phoenix4.receiver.AppChangedReceiver p=0 o=0 m=0x108000}
I/Process (   61): Sending signal. PID: 243 SIG: 3
I/dalvikvm(  243): threadid=4: reacting to signal 3
I/dalvikvm(  243): Wrote stack traces to '/data/anr/traces.txt'
I/Process (   61): Sending signal. PID: 61 SIG: 3
I/dalvikvm(   61): threadid=4: reacting to signal 3
D/dalvikvm(  243): GC_CONCURRENT freed 601K, 46% free 3859K/7111K, external 1753K/2137K, paused 4ms+3ms
I/dalvikvm(   61): Wrote stack traces to '/data/anr/traces.txt'
I/Process (   61): Sending signal. PID: 117 SIG: 3
I/dalvikvm(  117): threadid=4: reacting to signal 3
I/dalvikvm(  117): Wrote stack traces to '/data/anr/traces.txt'
I/Process (   61): Sending signal. PID: 118 SIG: 3
I/dalvikvm(  118): threadid=4: reacting to signal 3
I/dalvikvm(  118): Wrote stack traces to '/data/anr/traces.txt'
D/dalvikvm(  367): GetFieldID: unable to find field Ljava/util/HashMap;.loadFactor:F
D/dalvikvm(  367): GetFieldID: unable to find field Ljava/util/HashMap;.loadFactor:F
D/dalvikvm(  367): GetFieldID: unable to find field Ljava/util/HashMap;.loadFactor:F
I/ActivityManager(   61): Starting: Intent { cmp=cn.wps.moffice_eng/cn.wps.moffice.startactivity.writer.StartWriterActivity1 (has extras) } from pid 367
D/dalvikvm(   61): GC_EXPLICIT freed 1039K, 44% free 4665K/8327K, external 4373K/5573K, paused 165ms
I/ActivityManager(   61): Start proc cn.wps.moffice_eng:writer1 for activity cn.wps.moffice_eng/cn.wps.moffice.startactivity.writer.StartWriterActivity1: pid=399 uid=10037 gids={3003, 1015}
D/dalvikvm(  399): GetFieldID: unable to find field Ljava/util/HashMap;.loadFactor:F
I/Process (   61): Sending signal. PID: 367 SIG: 3
I/dalvikvm(  367): threadid=4: reacting to signal 3
I/dalvikvm(  367): Wrote stack traces to '/data/anr/traces.txt'
D/dalvikvm(  399): GetFieldID: unable to find field Ljava/util/HashMap;.loadFactor:F
E/ActivityManager(   61): Start proc cn.wps.moffice_eng:writer1 for activity cn.wps.moffice_eng/cn.wps.moffice.startactivity.writer.StartWriterActivity1: pid=399 uid=10037 gids={3003, 1015}Load: 3.59 / 0.97 / 0.33
E/ActivityManager(   61): CPU usage from 8777ms to 0ms ago with 99% awake:
E/ActivityManager(   61):   46% 367/cn.wps.moffice_eng: 39% user + 7.3% kernel / faults: 6103 minor 38 major
E/ActivityManager(   61):   23% 61/system_server: 22% user + 1.3% kernel / faults: 1212 minor
E/ActivityManager(   61):   22% 243/com.wandoujia.phoenix2: 17% user + 5% kernel / faults: 463 minor
E/ActivityManager(   61):   1.7% 128/com.android.launcher: 0.5% user + 1.1% kernel / faults: 3 minor
E/ActivityManager(   61):   0.9% 175/android.process.acore: 0.3% user + 0.5% kernel / faults: 322 minor
E/ActivityManager(   61):   0.7% 234/android.process.media: 0.6% user + 0.1% kernel / faults: 73 minor
E/ActivityManager(   61):   0.1% 27/mmcqd: 0% user + 0.1% kernel
E/ActivityManager(   61):   0% 110/jp.co.omronsoft.openwnn: 0% user + 0% kernel / faults: 18 minor
E/ActivityManager(   61):   0.1% 118/com.android.systemui: 0% user + 0.1% kernel / faults: 10 minor
E/ActivityManager(   61): 99% TOTAL: 82% user + 17% kernel + 0.1% irq
E/ActivityManager(   61): CPU usage from 941ms to 1546ms later:
E/ActivityManager(   61):   82% 399/zygote: 51% user + 30% kernel / faults: 2837 minor
E/ActivityManager(   61):     60% 399/zygote: 41% user + 19% kernel
E/ActivityManager(   61):     7.1% 400/HeapWorker: 0% user + 7.1% kernel
E/ActivityManager(   61):    +0% 402/Signal Catcher: 0% user + 0% kernel
E/ActivityManager(   61):    +0% 403/JDWP: 0% user + 0% kernel
E/ActivityManager(   61):    +0% 404/Compiler: 0% user + 0% kernel
E/ActivityManager(   61):    +0% 405/Binder Thread #: 0% user + 0% kernel
E/ActivityManager(   61):    +0% 406/Binder Thread #: 0% user + 0% kernel
E/ActivityManager(   61):   19% 61/system_server: 14% user + 4.9% kernel / faults: 105 minor
E/ActivityManager(   61):     6.5% 74/ActivityManager: 1.6% user + 4.9% kernel
E/ActivityManager(   61):     4.9% 170/Binder Thread #: 4.9% user + 0% kernel
