I/PackageManager(   61): Removing non-system package:in.wptraffcianalyzer.filereadwritedemo
I/ActivityManager(   61): Force stopping package in.wptraffcianalyzer.filereadwritedemo uid=10042
I/Process (   61): Sending signal. PID: 1353 SIG: 9
I/WindowManager(   61): WIN DEATH: Window{407320b8 in.wptraffcianalyzer.filereadwritedemo/demo.MainActivity paused=false}
W/InputManagerService(   61): Got RemoteException sending setActive(false) notification to pid 1353 uid 10042
D/PackageManager(   61): Scanning package in.wptraffcianalyzer.filereadwritedemo
I/PackageManager(   61): Package in.wptraffcianalyzer.filereadwritedemo codePath changed from /data/app/in.wptraffcianalyzer.filereadwritedemo-1.apk to /data/app/in.wptraffcianalyzer.filereadwritedemo-2.apk; Retaining data and using new
I/PackageManager(   61): Unpacking native libraries for /data/app/in.wptraffcianalyzer.filereadwritedemo-2.apk
D/installd(   35): DexInv: --- BEGIN '/data/app/in.wptraffcianalyzer.filereadwritedemo-2.apk' ---
D/dalvikvm( 1524): DexOpt: load 21ms, verify+opt 38ms
D/installd(   35): DexInv: --- END '/data/app/in.wptraffcianalyzer.filereadwritedemo-2.apk' (success) ---
W/PackageManager(   61): Code path for pkg : in.wptraffcianalyzer.filereadwritedemo changing from /data/app/in.wptraffcianalyzer.filereadwritedemo-1.apk to /data/app/in.wptraffcianalyzer.filereadwritedemo-2.apk
W/PackageManager(   61): Resource path for pkg : in.wptraffcianalyzer.filereadwritedemo changing from /data/app/in.wptraffcianalyzer.filereadwritedemo-1.apk to /data/app/in.wptraffcianalyzer.filereadwritedemo-2.apk
D/PackageManager(   61):   Activities: demo.MainActivity
I/ActivityManager(   61): Force stopping package in.wptraffcianalyzer.filereadwritedemo uid=10042
I/installd(   35): move /data/dalvik-cache/data@app@in.wptraffcianalyzer.filereadwritedemo-2.apk@classes.dex -> /data/dalvik-cache/data@app@in.wptraffcianalyzer.filereadwritedemo-2.apk@classes.dex
D/PackageManager(   61): New package installed in /data/app/in.wptraffcianalyzer.filereadwritedemo-2.apk
I/ActivityManager(   61): Force stopping package in.wptraffcianalyzer.filereadwritedemo uid=10042
D/dalvikvm(   61): GC_EXPLICIT freed 784K, 44% free 4658K/8199K, external 3125K/3903K, paused 75ms
D/dalvikvm(  145): GC_EXPLICIT freed 77K, 50% free 3001K/5895K, external 6096K/7612K, paused 85ms
D/dalvikvm(  255): GC_EXPLICIT freed 842K, 51% free 3817K/7687K, external 1753K/2137K, paused 179ms
D/dalvikvm(  196): GC_EXPLICIT freed 116K, 53% free 2767K/5767K, external 1625K/2137K, paused 136ms
W/RecognitionManagerService(   61): no available voice recognition services found
D/dalvikvm(   61): GC_EXPLICIT freed 225K, 44% free 4608K/8199K, external 3125K/3903K, paused 80ms
I/installd(   35): unlink /data/dalvik-cache/data@app@in.wptraffcianalyzer.filereadwritedemo-1.apk@classes.dex
D/AndroidRuntime( 1515): Shutting down VM
D/dalvikvm( 1515): GC_CONCURRENT freed 101K, 72% free 295K/1024K, external 0K/0K, paused 1ms+1ms
D/jdwp    ( 1515): Got wake-up signal, bailing out of select
D/dalvikvm( 1515): Debugger has detached; object registry had 1 entries
D/AndroidRuntime( 1534): 
D/AndroidRuntime( 1534): >>>>>> AndroidRuntime START com.android.internal.os.RuntimeInit <<<<<<
D/AndroidRuntime( 1534): CheckJNI is ON
D/AndroidRuntime( 1534): Calling main entry com.android.commands.am.Am
I/ActivityManager(   61): Starting: Intent { act=android.intent.action.MAIN cat=[android.intent.category.LAUNCHER] flg=0x10000000 cmp=in.wptraffcianalyzer.filereadwritedemo/demo.MainActivity } from pid 1534
I/ActivityManager(   61): Start proc in.wptraffcianalyzer.filereadwritedemo for activity in.wptraffcianalyzer.filereadwritedemo/demo.MainActivity: pid=1542 uid=10042 gids={1015}
D/AndroidRuntime( 1534): Shutting down VM
D/dalvikvm( 1534): GC_CONCURRENT freed 103K, 69% free 319K/1024K, external 0K/0K, paused 1ms+1ms
D/dalvikvm( 1534): Debugger has detached; object registry had 1 entries
I/AndroidRuntime( 1534): NOTE: attach of thread 'Binder Thread #3' failed
I/ActivityManager(   61): Displayed in.wptraffcianalyzer.filereadwritedemo/demo.MainActivity: +1s57ms
D/dalvikvm(  255): GC_CONCURRENT freed 855K, 50% free 3858K/7687K, external 1753K/2137K, paused 4ms+4ms
I/dalvikvm(  255): Uncaught exception thrown by finalizer (will be discarded):
I/dalvikvm(  255): Ljava/lang/IllegalStateException;: y.setParams() must call super.setParams()
I/dalvikvm(  255): 	at com.wandoujia.phoenix4.http.request.AbstractHttpRequestBuilder.finalize((null):-1)
I/dalvikvm(  255): 	at dalvik.system.NativeStart.run(Native Method)
I/dalvikvm(  255): Uncaught exception thrown by finalizer (will be discarded):
I/dalvikvm(  255): Ljava/lang/IllegalStateException;: y.setParams() must call super.setParams()
I/dalvikvm(  255): 	at com.wandoujia.phoenix4.http.request.AbstractHttpRequestBuilder.finalize((null):-1)
I/dalvikvm(  255): 	at dalvik.system.NativeStart.run(Native Method)
I/dalvikvm(  255): Uncaught exception thrown by finalizer (will be discarded):
I/dalvikvm(  255): Ljava/lang/IllegalStateException;: aa.setParams() must call super.setParams()
I/dalvikvm(  255): 	at com.wandoujia.phoenix4.http.request.AbstractHttpRequestBuilder.finalize((null):-1)
I/dalvikvm(  255): 	at dalvik.system.NativeStart.run(Native Method)
I/dalvikvm(  255): Uncaught exception thrown by finalizer (will be discarded):
I/dalvikvm(  255): Ljava/lang/IllegalStateException;: p.setParams() must call super.setParams()
I/dalvikvm(  255): 	at com.wandoujia.phoenix4.http.request.AbstractHttpRequestBuilder.finalize((null):-1)
I/dalvikvm(  255): 	at dalvik.system.NativeStart.run(Native Method)
I/dalvikvm(  255): Uncaught exception thrown by finalizer (will be discarded):
I/dalvikvm(  255): Ljava/lang/IllegalStateException;: aa.setParams() must call super.setParams()
I/dalvikvm(  255): 	at com.wandoujia.phoenix4.http.request.AbstractHttpRequestBuilder.finalize((null):-1)
I/dalvikvm(  255): 	at dalvik.system.NativeStart.run(Native Method)
I/dalvikvm(  255): Uncaught exception thrown by finalizer (will be discarded):
I/dalvikvm(  255): Ljava/lang/IllegalStateException;: p.setParams() must call super.setParams()
I/dalvikvm(  255): 	at com.wandoujia.phoenix4.http.request.AbstractHttpRequestBuilder.finalize((null):-1)
I/dalvikvm(  255): 	at dalvik.system.NativeStart.run(Native Method)
D/dalvikvm(  255): GC_CONCURRENT freed 891K, 50% free 3878K/7687K, external 1753K/2137K, paused 8ms+3ms
D/dalvikvm( 1135): GC_EXPLICIT freed 8K, 54% free 2544K/5511K, external 1625K/2137K, paused 57ms
D/dalvikvm( 1148): GC_EXPLICIT freed 318K, 54% free 2539K/5511K, external 1625K/2137K, paused 118ms
D/dalvikvm(  238): GC_EXPLICIT freed 19K, 55% free 2597K/5703K, external 1625K/2137K, paused 39ms
D/dalvikvm(  145): GC_EXPLICIT freed 105K, 49% free 3027K/5895K, external 6145K/7612K, paused 112ms
D/AndroidRuntime( 1630): 
D/AndroidRuntime( 1630): >>>>>> AndroidRuntime START com.android.internal.os.RuntimeInit <<<<<<
D/AndroidRuntime( 1630): CheckJNI is ON
D/AndroidRuntime( 1630): Calling main entry com.android.commands.pm.Pm
D/AndroidRuntime( 1630): Shutting down VM
D/dalvikvm( 1630): GC_CONCURRENT freed 102K, 71% free 297K/1024K, external 0K/0K, paused 1ms+2ms
D/dalvikvm( 1630): Debugger has detached; object registry had 1 entries
I/AndroidRuntime( 1630): NOTE: attach of thread 'Binder Thread #3' failed
D/AndroidRuntime( 1640): 
D/AndroidRuntime( 1640): >>>>>> AndroidRuntime START com.android.internal.os.RuntimeInit <<<<<<
D/AndroidRuntime( 1640): CheckJNI is ON
D/AndroidRuntime( 1640): Calling main entry com.android.commands.am.Am
I/ActivityManager(   61): Starting: Intent { act=android.intent.action.MAIN cat=[android.intent.category.LAUNCHER] flg=0x10000000 cmp=in.wptraffcianalyzer.filereadwritedemo/demo.MainActivity } from pid 1640
D/AndroidRuntime( 1640): Shutting down VM
D/dalvikvm( 1640): GC_CONCURRENT freed 103K, 69% free 319K/1024K, external 0K/0K, paused 1ms+1ms
D/dalvikvm( 1640): Debugger has detached; object registry had 1 entries
I/AndroidRuntime( 1640): NOTE: attach of thread 'Binder Thread #3' failed
W/KeyCharacterMap( 1542): No keyboard for id 0
W/KeyCharacterMap( 1542): Using default keymap: /system/usr/keychars/qwerty.kcm.bin
W/InputManagerService(   61): Starting input on non-focused client com.android.internal.view.IInputMethodClient$Stub$Proxy@4063a640 (uid=10042 pid=1542)
W/IInputConnectionWrapper( 1542): showStatusIcon on inactive InputConnection
D/dalvikvm( 1542): GC_EXPLICIT freed 101K, 52% free 2586K/5379K, external 1657K/2137K, paused 64ms
D/SntpClient(   61): request time failed: java.net.SocketException: Address family not supported by protocol
I/ActivityManager(   61): Starting: Intent { act=android.intent.action.MAIN cat=[android.intent.category.LAUNCHER] flg=0x10200000 cmp=in.wptraffcianalyzer.filereadwritedemo/demo.MainActivity } from pid 145
I/ActivityManager(   61): Displayed in.wptraffcianalyzer.filereadwritedemo/demo.MainActivity: +644ms
D/dalvikvm(  145): GC_EXPLICIT freed 82K, 50% free 2950K/5895K, external 6096K/7612K, paused 68ms
D/inject  ( 1743): [+] The pid of in.wptraffcianalyzer.filereadwritedemo: 1542
D/inject  ( 1743): [+] Injecting process: 1542
D/inject  ( 1743): [+] get_remote_addr: local[afd00000], remote[afd00000]
D/inject  ( 1743): [+] Remote mmap address: afd170cd
D/inject  ( 1743): [+] Calling mmap in target process.
D/inject  ( 1743): [+] Target process returned from mmap, return value=44e5b000, pc=0 
D/inject  ( 1743): [+] get_remote_addr: local[b0001000], remote[b0001000]
D/inject  ( 1743): [+] get_remote_addr: local[b0001000], remote[b0001000]
D/inject  ( 1743): [+] get_remote_addr: local[b0001000], remote[b0001000]
D/inject  ( 1743): [+] Get imports: dlopen: b00059bd, dlsym: b0005915, dlclose: b0005849
D/inject  ( 1743): [+] Inject code start: c008, end: c084
D/inject  ( 1743): [+] _dlopen_param1_s: 44e5ec9c
D/inject  ( 1743): [+] _dlsym_param2_s: 44e5ed9c
D/inject  ( 1743): [+] _saved_r0_pc_s: 44e5ee9c
D/inject  ( 1743): [+] _inject_function_param_s: 44e5ef9c
D/inject  ( 1743): [+] Remote shellcode address: 44e5ec00
D/inject  ( 1743): [+] Process Detach: 10
D/inject  ( 1542): hello ARM! I'm parameter1324! pid:1542
D/inject  ( 1542): The Handle of libhook_open: b000d2b0
D/inject  ( 1542): find it pre 0
D/inject  ( 1542): find it 80601424
D/inject  ( 1542): [+] aaaaaaa do_hook function is invoked 
D/inject  ( 1542): [+] open addr: 0xafd17111. New addr 0x8060132c
D/inject  ( 1542): [+] just for test info 
D/inject  ( 1542): [+] set ok 
D/inject  ( 1542): [+] Get the persist.sys.test  bbbbbbbb
D/inject  ( 1542): [+] just for test print old_open address 0xafd17111
D/inject  ( 1542): [+] just for test print new_open address 0x8060132c
D/inject  ( 1542): [+] Get old address global  afd17111
D/inject  ( 1542): [+] Get new address global  8060132c
D/inject  ( 1542): [+] binder path ad100000
D/inject  ( 1542): [+] Section header table file offset 2e23c
D/inject  ( 1542): [+] Section header table entry count 15
D/inject  ( 1542): [+] Section header table entry size 28
D/inject  ( 1542): [+] Section header string table index 14
D/inject  ( 1542): [+] Object file type 3
D/inject  ( 1542): [+] Object file version 1
D/inject  ( 1542): [+] Out_addr in GOT table before 0
D/inject  ( 1542): [+] Out_size of func in GOT table before 0
D/inject  ( 1542): [+] Out_addr in GOT table ad12c138
D/inject  ( 1542): [+] Out_size of func in GOT table 8c4
D/inject  ( 1542): [+] Out_addr in GOT table ad12c138
D/inject  ( 1542): [+] Out_size of func in GOT table 8c4
D/inject  ( 1542): [+] Out_addr in GOT afd4d5c8
D/inject  ( 1542): [+] old open address 20000 afd17111
D/inject  ( 1542): [+] Out_addr in GOT 464c457f
D/inject  ( 1542): [+] target pid 606
D/inject  ( 1542): [+] old open address 22223 afd17111
D/inject  ( 1542): [+] Find got_item ff 
D/inject  ( 1542): [+] old open address 3333 afd17111
D/inject  ( 1542): [+] old open address 3333 afffffff
D/inject  ( 1542): [+] new open address 3333 8060132c
D/inject  ( 1542): [+] new open address 3333 8060132c
D/inject  ( 1542): [+] Find got item afd4d5c8 
D/inject  ( 1542): [+] Find got item ad12e2a4 
D/inject  ( 1542): [+] Find got item ad12e28c 
D/inject  ( 1542): [+] Find got item ad12e268 
D/inject  ( 1542): [+] Find got item ad12e258 
D/inject  ( 1542): [+] Find got item afd4631c 
D/inject  ( 1542): [+] Find got item ad12e298 
D/inject  ( 1542): [+] Find got item ad12e250 
D/inject  ( 1542): [+] Find got item ad12e280 
D/inject  ( 1542): [+] Find got item ad12e294 
D/inject  ( 1542): [+] Find got item ad12e260 
D/inject  ( 1542): [+] Find got item ad12e278 
D/inject  ( 1542): [+] Find got item afd415c0 
D/inject  ( 1542): [+] Find got item ad12e2a8 
D/inject  ( 1542): [+] Find got item ad12e274 
D/inject  ( 1542): [+] Find got item ad12e27c 
D/inject  ( 1542): [+] Find got item ad12e248 
D/inject  ( 1542): [+] Find got item ad12e2a0 
D/inject  ( 1542): [+] Find got item ad12e25c 
D/inject  ( 1542): [+] Find got item ad12e270 
D/inject  ( 1542): [+] Find got item ad12e288 
D/inject  ( 1542): [+] Find got item ad12e264 
D/inject  ( 1542): [+] Find got item ad12e284 
D/inject  ( 1542): [+] Find got item ad9bc7f1 
D/inject  ( 1542): [+] Find got item ad9bc7f9 
D/inject  ( 1542): [+] Find got item ade45f55 
D/inject  ( 1542): [+] Find got item ade45f69 
D/inject  ( 1542): [+] Find got item ad9bb339 
D/inject  ( 1542): [+] Find got item ad9bb341 
D/inject  ( 1542): [+] Find got item ad9b481d 
D/inject  ( 1542): [+] Find got item ad9b4831 
D/inject  ( 1542): [+] Find got item ad9a5561 
D/inject  ( 1542): [+] Find got item ad9a5569 
D/inject  ( 1542): [+] Find got item ade31305 
D/inject  ( 1542): [+] Find got item ade3130d 
D/inject  ( 1542): [+] Find got item ad12e240 
D/inject  ( 1542): [+] Find got item ad12e244 
D/inject  ( 1542): [+] Find got item ad12e24c 
D/inject  ( 1542): [+] Find got item ad12e254 
D/inject  ( 1542): [+] Find got item ad12e26c 
D/inject  ( 1542): [+] Find got item ad12e290 
D/inject  ( 1542): [+] Find got item ad12e29c 
D/inject  ( 1542): [+] Find got item ade5f751 
D/inject  ( 1542): [+] Find got item ade5f749 
D/inject  ( 1542): [+] Find got item ade5f74d 
D/inject  ( 1542): [+] Find got item adec6b68 
D/inject  ( 1542): [+] Find got item ad12ca00 
D/inject  ( 1542): [+] Find got item afd42610 
D/inject  ( 1542): [+] Find got item 0 
D/inject  ( 1542): [+] Find got item 0 
D/inject  ( 1542): [+] Find got item 0 
D/inject  ( 1542): [+] Find got item afd2092d 
D/inject  ( 1542): [+] Find got item afd19c3d 
D/inject  ( 1542): [+] Find got item afd20a45 
D/inject  ( 1542): [+] Find got item af9038e5 
D/inject  ( 1542): [+] Find got item afd28321 
D/inject  ( 1542): [+] Find got item af9037b1 
D/inject  ( 1542): [+] Find got item afd1c87d 
D/inject  ( 1542): [+] Find got item ade3a295 
D/inject  ( 1542): [+] Find got item ade394bd 
D/inject  ( 1542): [+] Find got item ade39c31 
D/inject  ( 1542): [+] Find got item ad9a4ef5 
D/inject  ( 1542): [+] Find got item ad96a6b1 
D/inject  ( 1542): [+] Find got item ade39141 
D/inject  ( 1542): [+] Find got item ad99e381 
D/inject  ( 1542): [+] Find got item ad96a3f1 
D/inject  ( 1542): [+] Find got item ad99d059 
D/inject  ( 1542): [+] Find got item ade256f1 
D/inject  ( 1542): [+] Find got item ad9a3e51 
D/inject  ( 1542): [+] Find got item ad9a3839 
D/inject  ( 1542): [+] Find got item afd25c95 
D/inject  ( 1542): [+] Find got item afd11fbd 
D/inject  ( 1542): [+] Find got item afd17049 
D/inject  ( 1542): [+] Find got item afd0bba0 
D/inject  ( 1542): [+] Find got item afd0bad0 
D/inject  ( 1542): [+] Find got item afd0e3e0 
D/inject  ( 1542): [+] Find got item afd0e3f4 
D/inject  ( 1542): [+] Find got item afd29855 
D/inject  ( 1542): [+] Find got item afd0bc40 
D/inject  ( 1542): [+] Find got item afc009e1 
D/inject  ( 1542): [+] Find got item afd0bc00 
D/inject  ( 1542): [+] Find got item afc009c1 
D/inject  ( 1542): [+] Find got item afd0bbe0 
D/inject  ( 1542): [+] Find got item afd14de4 
D/inject  ( 1542): [+] Find got item afd20859 
D/inject  ( 1542): [+] Find got item afc009e9 
D/inject  ( 1542): [+] Find got item afd172fd 
D/inject  ( 1542): [+] Find got item afd3742d 
D/inject  ( 1542): [+] Find got item afd17249 
D/inject  ( 1542): [+] Find got item afd171a1 
D/inject  ( 1542): [+] Find got item afc009c9 
D/inject  ( 1542): [+] Find got item afd17ac5 
D/inject  ( 1542): [+] Find got item afd0bc80 
D/inject  ( 1542): [+] Find got item afd19a49 
D/inject  ( 1542): [+] Find got item afd17111 
D/inject  ( 1542): [+] Find open and replace 
D/inject  ( 1542): [+]-----------open test txt file-----------
D/inject  ( 1542): [+] The New open path /mnt/sdcard/documents/test.txt
D/inject  ( 1542): [+] The New open count 1
D/inject  ( 1542): [+] test copy file
D/inject  ( 1542): [+] The old file fd 47
D/inject  ( 1542): [+] The copy file fd 48
D/inject  ( 1542): [+] The New open file fd 47
D/inject  ( 1542): [+] The Name of fd /mnt/sdcard/documents/testcopy1.txt
D/inject  ( 1542): [+] The S of fd /proc/1542/fd/47
