D/inject  ( 1743): [+] Target process returned from mmap, return value=44e5b000, pc=0 
D/inject  ( 1743): [+] get_remote_addr: local[b0001000], remote[b0001000]
D/inject  ( 1743): [+] get_remote_addr: local[b0001000], remote[b0001000]
D/inject  ( 1743): [+] get_remote_addr: local[b0001000], remote[b0001000]
D/inject  ( 1743): [+] Get imports: dlopen: b00059bd, dlsym: b0005915, dlclose: b0005849
D/inject  ( 1743): [+] Inject code start: c008, end: c084
D/inject  ( 1743): [+] _dlopen_param1_s: 44e5ec9c
D/inject  ( 1743): [+] _dlsym_param2_s: 44e5ed9c
D/inject  ( 1743): [+] _saved_r0_pc_s: 44e5ee9c
D/inject  ( 1743): [+] _inject_function_param_s: 44e5ef9c
D/inject  ( 1743): [+] Remote shellcode address: 44e5ec00
D/inject  ( 1743): [+] Process Detach: 10
D/inject  ( 1542): hello ARM! I'm parameter1324! pid:1542
D/inject  ( 1542): The Handle of libhook_open: b000d2b0
D/inject  ( 1542): find it pre 0
D/inject  ( 1542): find it 80601424
D/inject  ( 1542): [+] aaaaaaa do_hook function is invoked 
D/inject  ( 1542): [+] open addr: 0xafd17111. New addr 0x8060132c
D/inject  ( 1542): [+] just for test info 
D/inject  ( 1542): [+] set ok 
D/inject  ( 1542): [+] Get the persist.sys.test  bbbbbbbb
D/inject  ( 1542): [+] just for test print old_open address 0xafd17111
D/inject  ( 1542): [+] just for test print new_open address 0x8060132c
D/inject  ( 1542): [+] Get old address global  afd17111
D/inject  ( 1542): [+] Get new address global  8060132c
D/inject  ( 1542): [+] binder path ad100000
D/inject  ( 1542): [+] Section header table file offset 2e23c
D/inject  ( 1542): [+] Section header table entry count 15
D/inject  ( 1542): [+] Section header table entry size 28
D/inject  ( 1542): [+] Section header string table index 14
D/inject  ( 1542): [+] Object file type 3
D/inject  ( 1542): [+] Object file version 1
D/inject  ( 1542): [+] Out_addr in GOT table before 0
D/inject  ( 1542): [+] Out_size of func in GOT table before 0
D/inject  ( 1542): [+] Out_addr in GOT table ad12c138
D/inject  ( 1542): [+] Out_size of func in GOT table 8c4
D/inject  ( 1542): [+] Out_addr in GOT table ad12c138
D/inject  ( 1542): [+] Out_size of func in GOT table 8c4
D/inject  ( 1542): [+] Out_addr in GOT afd4d5c8
D/inject  ( 1542): [+] old open address 20000 afd17111
D/inject  ( 1542): [+] Out_addr in GOT 464c457f
D/inject  ( 1542): [+] target pid 606
D/inject  ( 1542): [+] old open address 22223 afd17111
D/inject  ( 1542): [+] Find got_item ff 
D/inject  ( 1542): [+] old open address 3333 afd17111
D/inject  ( 1542): [+] old open address 3333 afffffff
D/inject  ( 1542): [+] new open address 3333 8060132c
D/inject  ( 1542): [+] new open address 3333 8060132c
D/inject  ( 1542): [+] Find got item afd4d5c8 
D/inject  ( 1542): [+] Find got item ad12e2a4 
D/inject  ( 1542): [+] Find got item ad12e28c 
D/inject  ( 1542): [+] Find got item ad12e268 
D/inject  ( 1542): [+] Find got item ad12e258 
D/inject  ( 1542): [+] Find got item afd4631c 
D/inject  ( 1542): [+] Find got item ad12e298 
D/inject  ( 1542): [+] Find got item ad12e250 
D/inject  ( 1542): [+] Find got item ad12e280 
D/inject  ( 1542): [+] Find got item ad12e294 
D/inject  ( 1542): [+] Find got item ad12e260 
D/inject  ( 1542): [+] Find got item ad12e278 
D/inject  ( 1542): [+] Find got item afd415c0 
D/inject  ( 1542): [+] Find got item ad12e2a8 
D/inject  ( 1542): [+] Find got item ad12e274 
D/inject  ( 1542): [+] Find got item ad12e27c 
D/inject  ( 1542): [+] Find got item ad12e248 
D/inject  ( 1542): [+] Find got item ad12e2a0 
D/inject  ( 1542): [+] Find got item ad12e25c 
D/inject  ( 1542): [+] Find got item ad12e270 
D/inject  ( 1542): [+] Find got item ad12e288 
D/inject  ( 1542): [+] Find got item ad12e264 
D/inject  ( 1542): [+] Find got item ad12e284 
D/inject  ( 1542): [+] Find got item ad9bc7f1 
D/inject  ( 1542): [+] Find got item ad9bc7f9 
D/inject  ( 1542): [+] Find got item ade45f55 
D/inject  ( 1542): [+] Find got item ade45f69 
D/inject  ( 1542): [+] Find got item ad9bb339 
D/inject  ( 1542): [+] Find got item ad9bb341 
D/inject  ( 1542): [+] Find got item ad9b481d 
D/inject  ( 1542): [+] Find got item ad9b4831 
D/inject  ( 1542): [+] Find got item ad9a5561 
D/inject  ( 1542): [+] Find got item ad9a5569 
D/inject  ( 1542): [+] Find got item ade31305 
D/inject  ( 1542): [+] Find got item ade3130d 
D/inject  ( 1542): [+] Find got item ad12e240 
D/inject  ( 1542): [+] Find got item ad12e244 
D/inject  ( 1542): [+] Find got item ad12e24c 
D/inject  ( 1542): [+] Find got item ad12e254 
D/inject  ( 1542): [+] Find got item ad12e26c 
D/inject  ( 1542): [+] Find got item ad12e290 
D/inject  ( 1542): [+] Find got item ad12e29c 
D/inject  ( 1542): [+] Find got item ade5f751 
D/inject  ( 1542): [+] Find got item ade5f749 
D/inject  ( 1542): [+] Find got item ade5f74d 
D/inject  ( 1542): [+] Find got item adec6b68 
D/inject  ( 1542): [+] Find got item ad12ca00 
D/inject  ( 1542): [+] Find got item afd42610 
D/inject  ( 1542): [+] Find got item 0 
D/inject  ( 1542): [+] Find got item 0 
D/inject  ( 1542): [+] Find got item 0 
D/inject  ( 1542): [+] Find got item afd2092d 
D/inject  ( 1542): [+] Find got item afd19c3d 
D/inject  ( 1542): [+] Find got item afd20a45 
D/inject  ( 1542): [+] Find got item af9038e5 
D/inject  ( 1542): [+] Find got item afd28321 
D/inject  ( 1542): [+] Find got item af9037b1 
D/inject  ( 1542): [+] Find got item afd1c87d 
D/inject  ( 1542): [+] Find got item ade3a295 
D/inject  ( 1542): [+] Find got item ade394bd 
D/inject  ( 1542): [+] Find got item ade39c31 
D/inject  ( 1542): [+] Find got item ad9a4ef5 
D/inject  ( 1542): [+] Find got item ad96a6b1 
D/inject  ( 1542): [+] Find got item ade39141 
D/inject  ( 1542): [+] Find got item ad99e381 
D/inject  ( 1542): [+] Find got item ad96a3f1 
D/inject  ( 1542): [+] Find got item ad99d059 
D/inject  ( 1542): [+] Find got item ade256f1 
D/inject  ( 1542): [+] Find got item ad9a3e51 
D/inject  ( 1542): [+] Find got item ad9a3839 
D/inject  ( 1542): [+] Find got item afd25c95 
D/inject  ( 1542): [+] Find got item afd11fbd 
D/inject  ( 1542): [+] Find got item afd17049 
D/inject  ( 1542): [+] Find got item afd0bba0 
D/inject  ( 1542): [+] Find got item afd0bad0 
D/inject  ( 1542): [+] Find got item afd0e3e0 
D/inject  ( 1542): [+] Find got item afd0e3f4 
D/inject  ( 1542): [+] Find got item afd29855 
D/inject  ( 1542): [+] Find got item afd0bc40 
D/inject  ( 1542): [+] Find got item afc009e1 
D/inject  ( 1542): [+] Find got item afd0bc00 
D/inject  ( 1542): [+] Find got item afc009c1 
D/inject  ( 1542): [+] Find got item afd0bbe0 
D/inject  ( 1542): [+] Find got item afd14de4 
D/inject  ( 1542): [+] Find got item afd20859 
D/inject  ( 1542): [+] Find got item afc009e9 
D/inject  ( 1542): [+] Find got item afd172fd 
D/inject  ( 1542): [+] Find got item afd3742d 
D/inject  ( 1542): [+] Find got item afd17249 
D/inject  ( 1542): [+] Find got item afd171a1 
D/inject  ( 1542): [+] Find got item afc009c9 
D/inject  ( 1542): [+] Find got item afd17ac5 
D/inject  ( 1542): [+] Find got item afd0bc80 
D/inject  ( 1542): [+] Find got item afd19a49 
D/inject  ( 1542): [+] Find got item afd17111 
D/inject  ( 1542): [+] Find open and replace 
D/inject  ( 1542): [+]-----------open test txt file-----------
D/inject  ( 1542): [+] The New open path /mnt/sdcard/documents/test.txt
D/inject  ( 1542): [+] The New open count 1
D/inject  ( 1542): [+] test copy file
D/inject  ( 1542): [+] The old file fd 47
D/inject  ( 1542): [+] The copy file fd 48
D/inject  ( 1542): [+] The New open file fd 47
D/inject  ( 1542): [+] The Name of fd /mnt/sdcard/documents/testcopy1.txt
D/inject  ( 1542): [+] The S of fd /proc/1542/fd/47
D/inject  (  419): [+]-----------open test txt file-----------
D/inject  (  419): [+] The New open path /data/data/cn.wps.moffice_eng/files/_localRecord
D/inject  (  419): [+] The New open count 184
D/inject  (  419): [+] The old openfile fd 40
D/inject  (  419): [+]-----------open test txt file-----------
D/inject  (  419): [+] The New open path /data/data/cn.wps.moffice_eng/files/_localRecord
D/inject  (  419): [+] The New open count 185
D/inject  (  419): [+] The old openfile fd 40
D/inject  (  419): [+]-----------open test txt file-----------
D/inject  (  419): [+] The New open path /data/data/cn.wps.moffice_eng/files/_localRecord
D/inject  (  419): [+] The New open count 186
D/inject  (  419): [+] The old openfile fd 40
D/inject  (  419): [+]-----------open test txt file-----------
D/inject  (  419): [+] The New open path /data/data/cn.wps.moffice_eng/files/_localRecord
D/inject  (  419): [+] The New open count 187
D/inject  (  419): [+] The old openfile fd 40
D/SntpClient(   61): request time failed: java.net.SocketException: Address family not supported by protocol
D/inject  (  419): [+]-----------open test txt file-----------
D/inject  (  419): [+] The New open path /data/data/cn.wps.moffice_eng/files/_localRecord
D/inject  (  419): [+] The New open count 188
D/inject  (  419): [+] The old openfile fd 40
D/inject  (  419): [+]-----------open test txt file-----------
D/inject  (  419): [+] The New open path /data/data/cn.wps.moffice_eng/files/_localRecord
D/inject  (  419): [+] The New open count 189
D/inject  (  419): [+] The old openfile fd 40
I/dalvikvm(  255): Jit: resizing JitTable from 512 to 1024
W/InputManagerService(   61): Window already focused, ignoring focus gain of: com.android.internal.view.IInputMethodClient$Stub$Proxy@407b86b0
D/inject  ( 1542): [+]-----------open test txt file-----------
D/inject  ( 1542): [+] The New open path /mnt/sdcard/documents/test.txt
D/inject  ( 1542): [+] The New open count 2
D/inject  ( 1542): [+] test copy file
D/inject  ( 1542): [+] The old file fd 48
D/inject  ( 1542): [+] The copy file fd 49
D/inject  ( 1542): [+] The New open file fd 48
D/inject  ( 1542): [+] The Name of fd /mnt/sdcard/documents/testcopy1.txt
D/inject  ( 1542): [+] The S of fd /proc/1542/fd/48
D/dalvikvm(  118): GC_CONCURRENT freed 290K, 46% free 3517K/6471K, external 6397K/7268K, paused 3ms+3ms
W/KeyCharacterMap(  118): No keyboard for id 0
W/KeyCharacterMap(  118): Using default keymap: /system/usr/keychars/qwerty.kcm.bin
D/inject  ( 1542): [+]-----------open test txt file-----------
D/inject  ( 1542): [+] The New open path /mnt/sdcard/documents/testcopy1.txt
D/inject  ( 1542): [+] The New open count 3
D/inject  ( 1542): [+] The old openfile fd 49
W/KeyCharacterMap( 1542): No keyboard for id 0
W/KeyCharacterMap( 1542): Using default keymap: /system/usr/keychars/qwerty.kcm.bin
D/inject  ( 1542): [+]-----------open test txt file-----------
D/inject  ( 1542): [+] The New open path /mnt/sdcard/documents/test.txt
D/inject  ( 1542): [+] The New open count 4
D/inject  ( 1542): [+] test copy file
D/inject  ( 1542): [+] The old file fd 50
D/inject  ( 1542): [+] The copy file fd 51
D/inject  ( 1542): [+] The New open file fd 50
D/inject  ( 1542): [+] The Name of fd /mnt/sdcard/documents/testcopy1.txt
D/inject  ( 1542): [+] The S of fd /proc/1542/fd/50
I/ActivityManager(   61): Starting: Intent { act=android.intent.action.MAIN cat=[android.intent.category.HOME] flg=0x10200000 cmp=com.android.launcher/com.android.launcher2.Launcher } from pid 61
W/InputManagerService(   61): Starting input on non-focused client com.android.internal.view.IInputMethodClient$Stub$Proxy@4063a640 (uid=10042 pid=1542)
W/IInputConnectionWrapper( 1542): showStatusIcon on inactive InputConnection
D/dalvikvm( 1542): GC_EXPLICIT freed 200K, 52% free 2631K/5447K, external 1657K/2137K, paused 435ms
I/ActivityManager(   61): Starting: Intent { act=android.intent.action.MAIN cat=[android.intent.category.LAUNCHER] flg=0x10200000 cmp=cn.wps.moffice_eng/cn.wps.moffice.documentmanager.PreStartActivity } from pid 145
D/inject  (  419): [+]-----------open test txt file-----------
D/inject  (  419): [+] The New open path /data/data/cn.wps.moffice_eng/files/AppPersistence
D/inject  (  419): [+] The New open count 190
D/inject  (  419): [+] The old openfile fd 40
D/dalvikvm(  419): GetFieldID: unable to find field Ljava/util/HashMap;.loadFactor:F
I/ActivityManager(   61): Starting: Intent { cmp=cn.wps.moffice_eng/cn.wps.moffice.documentmanager.DocumentManager } from pid 419
W/ActivityManager(   61): Duplicate finish request for HistoryRecord{407c7f50 cn.wps.moffice_eng/cn.wps.moffice.documentmanager.PreStartActivity}
D/inject  (  419): [+]-----------open test txt file-----------
D/inject  (  419): [+] The New open path /data/data/cn.wps.moffice_eng/files/AppPersistence
D/inject  (  419): [+] The New open count 191
D/inject  (  419): [+] The old openfile fd 40
D/dalvikvm(  419): GetFieldID: unable to find field Ljava/util/HashMap;.loadFactor:F
D/inject  (  419): [+]-----------open test txt file-----------
D/inject  (  419): [+] The New open path /data/data/cn.wps.moffice_eng/files/AppPersistence
D/inject  (  419): [+] The New open count 192
D/inject  (  419): [+] The old openfile fd 40
D/inject  (  419): [+]-----------open test txt file-----------
D/inject  (  419): [+] The New open path /data/data/cn.wps.moffice_eng/files/AppPersistence
D/inject  (  419): [+] The New open count 193
D/inject  (  419): [+] The old openfile fd 40
D/dalvikvm(  419): GetFieldID: unable to find field Ljava/util/HashMap;.loadFactor:F
D/inject  (  419): [+]-----------open test txt file-----------
D/inject  (  419): [+] The New open path /data/data/cn.wps.moffice_eng/files/AppPersistence
D/inject  (  419): [+] The New open count 194
D/inject  (  419): [+] The old openfile fd 40
D/dalvikvm(  419): GetFieldID: unable to find field Ljava/util/HashMap;.loadFactor:F
D/inject  (  419): [+]-----------open test txt file-----------
D/inject  (  419): [+] The New open path /data/data/cn.wps.moffice_eng/files/AppPersistence
D/inject  (  419): [+] The New open count 195
D/inject  (  419): [+] The old openfile fd 40
D/dalvikvm(  419): GetFieldID: unable to find field Ljava/util/HashMap;.loadFactor:F
D/inject  (  419): [+]-----------open test txt file-----------
D/inject  (  419): [+] The New open path /data/data/cn.wps.moffice_eng/files/AppPersistence
D/inject  (  419): [+] The New open count 196
D/inject  (  419): [+] The old openfile fd 40
D/SntpClient(   61): request time failed: java.net.SocketException: Address family not supported by protocol
D/inject  (  419): [+]-----------open test txt file-----------
D/inject  (  419): [+] The New open path /data/data/cn.wps.moffice_eng/files/.cloud/cloudsetting
D/inject  (  419): [+] The New open count 197
D/inject  (  419): [+] The old openfile fd 40
D/inject  (  419): [+]-----------open test txt file-----------
D/inject  (  419): [+] The New open path /data/data/cn.wps.moffice_eng/files/.cloud/cloudsetting
D/inject  (  419): [+] The New open count 198
D/inject  (  419): [+] The old openfile fd 40
D/inject  (  419): [+]-----------open test txt file-----------
D/inject  (  419): [+] The New open path /data/data/cn.wps.moffice_eng/files/AppPersistence
D/inject  (  419): [+] The New open count 199
D/inject  (  419): [+] The old openfile fd 40
D/dalvikvm(  419): GetFieldID: unable to find field Ljava/util/HashMap;.loadFactor:F
D/inject  (  419): [+]-----------open test txt file-----------
D/inject  (  419): [+] The New open path /data/data/cn.wps.moffice_eng/files/AppPersistence
D/inject  (  419): [+] The New open count 200
D/inject  (  419): [+] The old openfile fd 40
D/inject  (  419): [+]-----------open test txt file-----------
D/inject  (  419): [+] The New open path /data/data/cn.wps.moffice_eng/files/AppPersistence
D/inject  (  419): [+] The New open count 201
D/inject  (  419): [+] The old openfile fd 40
D/dalvikvm(  419): GetFieldID: unable to find field Ljava/util/HashMap;.loadFactor:F
I/ActivityManager(   61): Starting: Intent { cmp=cn.wps.moffice_eng/cn.wps.moffice.startactivity.writer.StartWriterActivity1 (has extras) } from pid 419
I/ActivityManager(   61): Starting: Intent { cmp=cn.wps.moffice_eng/cn.wps.moffice.writer.Writer1 (has extras) } from pid 483
D/dalvikvm(  483): GetFieldID: unable to find field Ljava/util/HashMap;.loadFactor:F
D/dalvikvm(  483): GetFieldID: unable to find field Ljava/util/HashMap;.loadFactor:F
D/water   (  483): packageName: cn.wps.moffice_eng
D/inject  (  419): [+]-----------open test txt file-----------
D/inject  (  419): [+] The New open path /mnt/sdcard/KingsoftOffice/.history/HistoryRecordDataSource
D/inject  (  419): [+] The New open count 202
D/inject  (  419): [+] The old openfile fd 40
D/inject  (  419): [+]-----------open test txt file-----------
D/inject  (  419): [+] The New open path /mnt/sdcard/documents/test.txt
D/inject  (  419): [+] The New open count 203
D/inject  (  419): [+] test copy file
D/inject  (  419): [+] The old file fd 40
D/inject  (  419): [+] The copy file fd 60
D/inject  (  419): [+] The New open file fd 40
D/inject  (  419): [+] The Name of fd /mnt/sdcard/documents/testcopy1.txt
D/inject  (  419): [+] The S of fd /proc/419/fd/40
D/dalvikvm(  483): GetFieldID: unable to find field Ljava/util/HashMap;.loadFactor:F
D/inject  (  419): [+]-----------open test txt file-----------
D/inject  (  419): [+] The New open path /data/data/cn.wps.moffice_eng/files/.cloud/.connectionPersistence
D/inject  (  419): [+] The New open count 204
D/inject  (  419): [+] The old openfile fd 40
D/dalvikvm(  483): GetFieldID: unable to find field Ljava/util/HashMap;.loadFactor:F
D/dalvikvm(  483): GetFieldID: unable to find field Ljava/util/HashMap;.loadFactor:F
D/dalvikvm(  483): GetFieldID: unable to find field Ljava/util/HashMap;.loadFactor:F
I/ActivityManager(   61): Displayed cn.wps.moffice_eng/cn.wps.moffice.writer.Writer1: +1s385ms (total +5s111ms)
D/inject  (  419): [+]-----------open test txt file-----------
D/inject  (  419): [+] The New open path /data/data/cn.wps.moffice_eng/files/lable.db
D/inject  (  419): [+] The New open count 205
D/inject  (  419): [+] The old openfile fd 40
D/dalvikvm(  483): GC_EXTERNAL_ALLOC freed 1074K, 42% free 5304K/9095K, external 12463K/13711K, paused 83ms
D/dalvikvm(  483): GC_EXTERNAL_ALLOC freed 59K, 43% free 5267K/9095K, external 15732K/16136K, paused 71ms
D/inject  (  419): [+]-----------open test txt file-----------
D/inject  (  419): [+] The New open path /data/data/cn.wps.moffice_eng/files/lable.db
D/inject  (  419): [+] The New open count 206
D/inject  (  419): [+] The old openfile fd 40
D/dalvikvm(  483): GetFieldID: unable to find field Ljava/util/HashMap;.loadFactor:F
D/dalvikvm(  483): GetFieldID: unable to find field Ljava/util/HashMap;.loadFactor:F
D/dalvikvm(  419): GC_CONCURRENT freed 1589K, 47% free 4912K/9159K, external 5713K/6579K, paused 4ms+9ms
D/inject  (  419): [+]-----------open test txt file-----------
D/inject  (  419): [+] The New open path /data/data/cn.wps.moffice_eng/files/_localRecord
D/inject  (  419): [+] The New open count 207
D/inject  (  419): [+] The old openfile fd 40
D/inject  (  419): [+]-----------open test txt file-----------
D/inject  (  419): [+] The New open path /data/data/cn.wps.moffice_eng/files/_localRecord
D/inject  (  419): [+] The New open count 208
D/inject  (  419): [+] The old openfile fd 40
D/inject  (  419): [+]-----------open test txt file-----------
D/inject  (  419): [+] The New open path /data/data/cn.wps.moffice_eng/files/lable.db
D/inject  (  419): [+] The New open count 209
D/inject  (  419): [+] The old openfile fd 40
D/dalvikvm(  145): GC_EXPLICIT freed 56K, 50% free 2962K/5895K, external 6442K/7612K, paused 49ms
D/dalvikvm(  118): GC_EXTERNAL_ALLOC freed 311K, 47% free 3482K/6471K, external 6963K/7268K, paused 588ms
D/inject  (  419): [+]-----------open test txt file-----------
D/inject  (  419): [+] The New open path /data/data/cn.wps.moffice_eng/files/lable.db
D/inject  (  419): [+] The New open count 210
D/inject  (  419): [+] The old openfile fd 40
I/ActivityManager(   61): Starting: Intent { cmp=cn.wps.moffice_eng/cn.wps.moffice.writer.Writer1 (has extras) } from pid 483
D/dalvikvm(  483): GetFieldID: unable to find field Ljava/util/HashMap;.loadFactor:F
D/dalvikvm(  483): GetFieldID: unable to find field Ljava/util/HashMap;.loadFactor:F
D/inject  (  419): [+]-----------open test txt file-----------
D/inject  (  419): [+] The New open path /data/data/cn.wps.moffice_eng/files/lable.db
D/inject  (  419): [+] The New open count 211
D/inject  (  419): [+] The old openfile fd 40
D/inject  (  419): [+]-----------open test txt file-----------
D/inject  (  419): [+] The New open path /data/data/cn.wps.moffice_eng/files/lable.db
D/inject  (  419): [+] The New open count 212
D/inject  (  419): [+] The old openfile fd 40
W/KeyCharacterMap(   61): No keyboard for id 0
W/KeyCharacterMap(   61): Using default keymap: /system/usr/keychars/qwerty.kcm.bin
W/InputManagerService(   61): Window already focused, ignoring focus gain of: com.android.internal.view.IInputMethodClient$Stub$Proxy@407f33c8
W/KeyCharacterMap(  118): No keyboard for id 0
W/KeyCharacterMap(  118): Using default keymap: /system/usr/keychars/qwerty.kcm.bin
W/KeyCharacterMap(  483): No keyboard for id 0
W/KeyCharacterMap(  483): Using default keymap: /system/usr/keychars/qwerty.kcm.bin
D/dalvikvm(  483): GetFieldID: unable to find field Ljava/util/HashMap;.loadFactor:F
D/dalvikvm(  483): GC_CONCURRENT freed 1501K, 44% free 5374K/9543K, external 18535K/19061K, paused 5ms+4ms
D/dalvikvm(  483): GC_EXTERNAL_ALLOC freed 21K, 44% free 5352K/9543K, external 18508K/19061K, paused 73ms
I/ActivityManager(   61): Starting: Intent { cmp=cn.wps.moffice_eng/cn.wps.moffice.documentmanager.DocumentManager } from pid 483
D/inject  (  419): [+]-----------open test txt file-----------
D/inject  (  419): [+] The New open path /data/data/cn.wps.moffice_eng/files/lable.db
D/inject  (  419): [+] The New open count 213
D/inject  (  419): [+] The old openfile fd 40
D/inject  (  419): [+]-----------open test txt file-----------
D/inject  (  419): [+] The New open path /data/data/cn.wps.moffice_eng/files/AppPersistence
D/inject  (  419): [+] The New open count 214
D/inject  (  419): [+] The old openfile fd 40
D/dalvikvm(  419): GetFieldID: unable to find field Ljava/util/HashMap;.loadFactor:F
D/inject  (  419): [+]-----------open test txt file-----------
D/inject  (  419): [+] The New open path /data/data/cn.wps.moffice_eng/files/AppPersistence
D/inject  (  419): [+] The New open count 215
D/inject  (  419): [+] The old openfile fd 40
D/inject  (  419): [+]-----------open test txt file-----------
D/inject  (  419): [+] The New open path /data/data/cn.wps.moffice_eng/files/AppPersistence
D/inject  (  419): [+] The New open count 216
D/inject  (  419): [+] The old openfile fd 40
D/dalvikvm(  419): GetFieldID: unable to find field Ljava/util/HashMap;.loadFactor:F
D/inject  (  419): [+]-----------open test txt file-----------
D/inject  (  419): [+] The New open path /data/data/cn.wps.moffice_eng/files/AppPersistence
D/inject  (  419): [+] The New open count 217
D/inject  (  419): [+] The old openfile fd 40
D/dalvikvm(  419): GetFieldID: unable to find field Ljava/util/HashMap;.loadFactor:F
D/inject  (  419): [+]-----------open test txt file-----------
D/inject  (  419): [+] The New open path /data/data/cn.wps.moffice_eng/files/AppPersistence
D/inject  (  419): [+] The New open count 218
D/inject  (  419): [+] The old openfile fd 40
D/dalvikvm(  419): GetFieldID: unable to find field Ljava/util/HashMap;.loadFactor:F
D/inject  (  419): [+]-----------open test txt file-----------
D/inject  (  419): [+] The New open path /data/data/cn.wps.moffice_eng/files/AppPersistence
D/inject  (  419): [+] The New open count 219
D/inject  (  419): [+] The old openfile fd 40
W/IInputConnectionWrapper(  483): showStatusIcon on inactive InputConnection
D/inject  (  419): [+]-----------open test txt file-----------
D/inject  (  419): [+] The New open path /data/data/cn.wps.moffice_eng/files/.cloud/cloudsetting
D/inject  (  419): [+] The New open count 220
D/inject  (  419): [+] The old openfile fd 40
D/inject  (  419): [+]-----------open test txt file-----------
D/inject  (  419): [+] The New open path /data/data/cn.wps.moffice_eng/files/.cloud/cloudsetting
D/inject  (  419): [+] The New open count 221
D/inject  (  419): [+] The old openfile fd 40
I/System.out(  419): flushRecord:f88f681f-f3cd-41aa-ae9b-7557bba0320e
D/inject  (  419): [+]-----------open test txt file-----------
D/inject  (  419): [+] The New open path /mnt/sdcard/Android/data/cn.wps.moffice_eng/cache/KingsoftOffice/file/.timeBox/HistoryRecord/records/f88f681f-f3cd-41aa-ae9b-7557bba0320e
D/inject  (  419): [+] The New open count 222
D/inject  (  419): [+] The old openfile fd 40
D/inject  (  419): [+]-----------open test txt file-----------
D/inject  (  419): [+] The New open path /mnt/sdcard/Android/data/cn.wps.moffice_eng/cache/KingsoftOffice/file/.timeBox/HistoryRecord/persistence/records_upload_list
D/inject  (  419): [+] The New open count 223
D/inject  (  419): [+] The old openfile fd 40
D/inject  (  419): [+]-----------open test txt file-----------
D/inject  (  419): [+] The New open path /mnt/sdcard/Android/data/cn.wps.moffice_eng/cache/KingsoftOffice/file/.timeBox/HistoryRecord/persistence/records_upload_list
D/inject  (  419): [+] The New open count 224
D/inject  (  419): [+] The old openfile fd 40
D/inject  (  419): [+]-----------open test txt file-----------
D/inject  (  419): [+] The New open path /data/data/cn.wps.moffice_eng/files/.cloud/cloudsetting
D/inject  (  419): [+] The New open count 225
D/inject  (  419): [+] The old openfile fd 40
D/inject  (  419): [+]-----------open test txt file-----------
D/inject  (  419): [+] The New open path /data/data/cn.wps.moffice_eng/files/.cloud/cloudsetting
D/inject  (  419): [+] The New open count 226
D/inject  (  419): [+] The old openfile fd 40
D/inject  (  419): [+]-----------open test txt file-----------
D/inject  (  419): [+] The New open path /data/data/cn.wps.moffice_eng/files/AppPersistence
D/inject  (  419): [+] The New open count 227
D/inject  (  419): [+] The old openfile fd 40
D/dalvikvm(  419): GetFieldID: unable to find field Ljava/util/HashMap;.loadFactor:F
D/inject  (  419): [+]-----------open test txt file-----------
D/inject  (  419): [+] The New open path /data/data/cn.wps.moffice_eng/files/AppPersistence
D/inject  (  419): [+] The New open count 228
D/inject  (  419): [+] The old openfile fd 40
D/inject  (  419): [+]-----------open test txt file-----------
D/inject  (  419): [+] The New open path /data/data/cn.wps.moffice_eng/files/AppPersistence
D/inject  (  419): [+] The New open count 229
D/inject  (  419): [+] The old openfile fd 40
D/dalvikvm(  419): GetFieldID: unable to find field Ljava/util/HashMap;.loadFactor:F
I/ActivityManager(   61): Starting: Intent { cmp=cn.wps.moffice_eng/cn.wps.moffice.startactivity.writer.StartWriterActivity1 (has extras) } from pid 419
I/ActivityManager(   61): Starting: Intent { cmp=cn.wps.moffice_eng/cn.wps.moffice.writer.Writer1 (has extras) } from pid 483
D/dalvikvm(  483): GetFieldID: unable to find field Ljava/util/HashMap;.loadFactor:F
D/dalvikvm(  483): GetFieldID: unable to find field Ljava/util/HashMap;.loadFactor:F
D/water   (  483): packageName: cn.wps.moffice_eng
D/dalvikvm(  483): GetFieldID: unable to find field Ljava/util/HashMap;.loadFactor:F
D/inject  (  419): [+]-----------open test txt file-----------
D/inject  (  419): [+] The New open path /mnt/sdcard/KingsoftOffice/.history/HistoryRecordDataSource
D/inject  (  419): [+] The New open count 230
D/inject  (  419): [+] The old openfile fd 40
D/inject  (  419): [+]-----------open test txt file-----------
D/inject  (  419): [+] The New open path /mnt/sdcard/documents/test.txt
D/inject  (  419): [+] The New open count 231
D/inject  (  419): [+] test copy file
D/inject  (  419): [+] The old file fd 40
D/inject  (  419): [+] The copy file fd 60
D/inject  (  419): [+] The New open file fd 40
D/inject  (  419): [+] The Name of fd /mnt/sdcard/documents/testcopy1.txt
D/inject  (  419): [+] The S of fd /proc/419/fd/40
D/dalvikvm(  483): GetFieldID: unable to find field Ljava/util/HashMap;.loadFactor:F
D/inject  (  419): [+]-----------open test txt file-----------
D/inject  (  419): [+] The New open path /data/data/cn.wps.moffice_eng/files/.cloud/.connectionPersistence
D/inject  (  419): [+] The New open count 232
D/inject  (  419): [+] The old openfile fd 40
D/dalvikvm(  483): GetFieldID: unable to find field Ljava/util/HashMap;.loadFactor:F
D/dalvikvm(  483): GetFieldID: unable to find field Ljava/util/HashMap;.loadFactor:F
D/inject  (  419): [+]-----------open test txt file-----------
D/inject  (  419): [+] The New open path /data/data/cn.wps.moffice_eng/files/lable.db
D/inject  (  419): [+] The New open count 233
D/inject  (  419): [+] The old openfile fd 40
D/dalvikvm(  483): GC_EXTERNAL_ALLOC freed 1402K, 42% free 5585K/9607K, external 15977K/17255K, paused 101ms
I/ActivityManager(   61): Displayed cn.wps.moffice_eng/cn.wps.moffice.writer.Writer1: +1s509ms (total +1s548ms)
D/dalvikvm(  483): GC_EXTERNAL_ALLOC freed 72K, 43% free 5535K/9607K, external 16502K/16905K, paused 76ms
D/inject  (  419): [+]-----------open test txt file-----------
D/inject  (  419): [+] The New open path /data/data/cn.wps.moffice_eng/files/lable.db
D/inject  (  419): [+] The New open count 234
D/inject  (  419): [+] The old openfile fd 40
D/dalvikvm(  483): GetFieldID: unable to find field Ljava/util/HashMap;.loadFactor:F
D/dalvikvm(  483): GetFieldID: unable to find field Ljava/util/HashMap;.loadFactor:F
I/ActivityManager(   61): Starting: Intent { act=android.intent.action.MAIN cat=[android.intent.category.HOME] flg=0x10200000 cmp=com.android.launcher/com.android.launcher2.Launcher } from pid 61
W/IInputConnectionWrapper(  483): showStatusIcon on inactive InputConnection
I/ActivityManager(   61): Starting: Intent { act=android.intent.action.MAIN cat=[android.intent.category.LAUNCHER] flg=0x10200000 cmp=in.wptraffcianalyzer.filereadwritedemo/demo.MainActivity } from pid 145
D/inject  ( 1542): [+]-----------open test txt file-----------
D/inject  ( 1542): [+] The New open path /mnt/sdcard/documents/test.txt
D/inject  ( 1542): [+] The New open count 5
D/inject  ( 1542): [+] test copy file
D/inject  ( 1542): [+] The old file fd 38
D/inject  ( 1542): [+] The copy file fd 48
D/inject  ( 1542): [+] The New open file fd 38
D/inject  ( 1542): [+] The Name of fd /mnt/sdcard/documents/testcopy1.txt
D/inject  ( 1542): [+] The S of fd /proc/1542/fd/38
D/dalvikvm(  483): GC_EXPLICIT freed 153K, 43% free 5555K/9607K, external 17995K/19830K, paused 75ms
D/dalvikvm(  419): GC_EXPLICIT freed 1382K, 51% free 4497K/9159K, external 5713K/6579K, paused 125ms
D/inject  (  419): [+]-----------open test txt file-----------
D/inject  (  419): [+] The New open path /data/data/cn.wps.moffice_eng/files/_localRecord
D/inject  (  419): [+] The New open count 235
D/inject  (  419): [+] The old openfile fd 40
D/inject  (  419): [+]-----------open test txt file-----------
D/inject  (  419): [+] The New open path /data/data/cn.wps.moffice_eng/files/_localRecord
D/inject  (  419): [+] The New open count 236
D/inject  (  419): [+] The old openfile fd 40
D/SntpClient(   61): request time failed: java.net.SocketException: Address family not supported by protocol
I/ActivityManager(   61): Starting: Intent { act=android.intent.action.MAIN cat=[android.intent.category.HOME] flg=0x10200000 cmp=com.android.launcher/com.android.launcher2.Launcher } from pid 61
W/InputManagerService(   61): Starting input on non-focused client com.android.internal.view.IInputMethodClient$Stub$Proxy@4063a640 (uid=10042 pid=1542)
W/IInputConnectionWrapper( 1542): showStatusIcon on inactive InputConnection
D/AndroidRuntime( 2877): 
D/AndroidRuntime( 2877): >>>>>> AndroidRuntime START com.android.internal.os.RuntimeInit <<<<<<
D/AndroidRuntime( 2877): CheckJNI is ON
D/AndroidRuntime( 2877): Calling main entry com.android.commands.pm.Pm
D/dalvikvm( 1542): GC_EXPLICIT freed 53K, 52% free 2629K/5447K, external 1657K/2137K, paused 1045ms
D/dalvikvm( 1135): GC_EXPLICIT freed 4K, 54% free 2545K/5511K, external 1625K/2137K, paused 44ms
W/ActivityManager(   61): No content provider found for: 
W/ActivityManager(   61): No content provider found for: 
D/PackageParser(   61): Scanning package: /data/app/vmdl-809989602.tmp
W/PackageParser(   61): No actions in intent filter at /data/app/vmdl-809989602.tmp Binary XML file line #427
D/dalvikvm(   61): GC_CONCURRENT freed 1104K, 45% free 4768K/8519K, external 3454K/3903K, paused 4ms+8ms
I/dalvikvm(   61): Total arena pages for JIT: 11
D/dalvikvm(   61): GC_FOR_MALLOC freed 446K, 44% free 5002K/8775K, external 3127K/3903K, paused 59ms
I/dalvikvm(   61): Jit: resizing JitTable from 2048 to 4096
D/dalvikvm(   61): GC_FOR_MALLOC freed 475K, 39% free 5543K/9031K, external 3127K/3903K, paused 59ms
D/dalvikvm(   61): GC_CONCURRENT freed 1236K, 40% free 5808K/9671K, external 3127K/3903K, paused 5ms+5ms
D/dalvikvm(   61): GC_CONCURRENT freed 1548K, 42% free 5844K/10055K, external 3127K/3903K, paused 5ms+12ms
D/dalvikvm(   61): GC_CONCURRENT freed 1553K, 42% free 5864K/10055K, external 3127K/3903K, paused 10ms+11ms
I/ActivityManager(   61): Starting: Intent { act=android.intent.action.MAIN cat=[android.intent.category.LAUNCHER] flg=0x10200000 cmp=cn.wps.livespace/cn.kuaipan.android.home.LogoActivity } from pid 145
I/ActivityManager(   61): Start proc cn.wps.livespace for activity cn.wps.livespace/cn.kuaipan.android.home.LogoActivity: pid=2892 uid=10039 gids={3003, 1015, 1006}
D/dalvikvm(   61): GC_CONCURRENT freed 1537K, 42% free 5867K/10055K, external 3127K/3903K, paused 4ms+6ms
D/dalvikvm(   61): GC_CONCURRENT freed 1570K, 43% free 5862K/10119K, external 3127K/3903K, paused 5ms+6ms
D/PackageManager(   61): Scanning package com.qq.reader
I/PackageManager(   61): Unpacking native libraries for /data/app/com.qq.reader-1.apk
D/dalvikvm(   61): GC_CONCURRENT freed 1349K, 40% free 6080K/10119K, external 3127K/3903K, paused 4ms+21ms
D/installd(   35): DexInv: --- BEGIN '/data/app/com.qq.reader-1.apk' ---
D/dalvikvm( 2906): DexOpt: 'Landroid/os/FileUtils;' has an earlier definition; blocking out
D/dalvikvm( 2906): DexOpt: 'Lorg/apache/commons/logging/Log;' has an earlier definition; blocking out
D/dalvikvm( 2906): DexOpt: 'Lorg/apache/commons/logging/LogConfigurationException;' has an earlier definition; blocking out
D/dalvikvm( 2906): DexOpt: 'Lorg/apache/commons/logging/LogFactory$1;' has an earlier definition; blocking out
D/dalvikvm( 2906): DexOpt: 'Lorg/apache/commons/logging/LogFactory$2;' has an earlier definition; blocking out
D/dalvikvm( 2906): DexOpt: 'Lorg/apache/commons/logging/LogFactory$3;' has an earlier definition; blocking out
D/dalvikvm( 2906): DexOpt: 'Lorg/apache/commons/logging/LogFactory;' has an earlier definition; blocking out
D/dalvikvm( 2906): DexOpt: 'Lorg/apache/commons/logging/LogSource;' has an earlier definition; blocking out
D/dalvikvm( 2906): DexOpt: 'Lorg/apache/commons/logging/impl/Jdk14Logger;' has an earlier definition; blocking out
D/dalvikvm( 2906): DexOpt: 'Lorg/apache/commons/logging/impl/LogFactoryImpl;' has an earlier definition; blocking out
D/dalvikvm( 2906): DexOpt: 'Lorg/apache/commons/logging/impl/NoOpLog;' has an earlier definition; blocking out
D/dalvikvm( 2906): DexOpt: 'Lorg/apache/commons/logging/impl/SimpleLog$1;' has an earlier definition; blocking out
D/dalvikvm( 2906): DexOpt: 'Lorg/apache/commons/logging/impl/SimpleLog;' has an earlier definition; blocking out
D/dalvikvm( 2906): DexOpt: not verifying 'Landroid/os/FileUtils;': multiple definitions
I/dalvikvm( 2906): DexOpt: not resolving ambiguous class 'Landroid/os/FileUtils;'
I/dalvikvm( 2906): DexOpt: not resolving ambiguous class 'Landroid/os/FileUtils;'
I/dalvikvm( 2906): DexOpt: not resolving ambiguous class 'Lorg/apache/commons/logging/LogFactory;'
I/dalvikvm( 2906): DexOpt: not resolving ambiguous class 'Lorg/apache/commons/logging/LogFactory;'
I/dalvikvm( 2906): DexOpt: not resolving ambiguous class 'Lorg/apache/commons/logging/LogFactory;'
I/dalvikvm( 2906): DexOpt: not resolving ambiguous class 'Lorg/apache/commons/logging/LogFactory;'
I/dalvikvm( 2906): DexOpt: not resolving ambiguous class 'Lorg/apache/commons/logging/LogFactory;'
I/dalvikvm( 2906): DexOpt: not resolving ambiguous class 'Lorg/apache/commons/logging/LogFactory;'
I/dalvikvm( 2906): DexOpt: not resolving ambiguous class 'Lorg/apache/commons/logging/LogFactory;'
I/dalvikvm( 2906): DexOpt: not resolving ambiguous class 'Lorg/apache/commons/logging/LogFactory;'
I/dalvikvm( 2906): DexOpt: not resolving ambiguous class 'Lorg/apache/commons/logging/LogFactory;'
D/dalvikvm( 2906): DexOpt: not verifying 'Lorg/apache/commons/logging/Log;': multiple definitions
D/dalvikvm( 2906): DexOpt: not verifying 'Lorg/apache/commons/logging/LogConfigurationException;': multiple definitions
D/dalvikvm( 2906): DexOpt: not verifying 'Lorg/apache/commons/logging/LogFactory$1;': multiple definitions
D/dalvikvm( 2906): DexOpt: not verifying 'Lorg/apache/commons/logging/LogFactory$2;': multiple definitions
D/dalvikvm( 2906): DexOpt: not verifying 'Lorg/apache/commons/logging/LogFactory$3;': multiple definitions
D/dalvikvm( 2906): DexOpt: not verifying 'Lorg/apache/commons/logging/LogFactory;': multiple definitions
D/dalvikvm( 2906): DexOpt: not verifying 'Lorg/apache/commons/logging/LogSource;': multiple definitions
D/dalvikvm( 2906): DexOpt: not verifying 'Lorg/apache/commons/logging/impl/Jdk14Logger;': multiple definitions
I/dalvikvm( 2906): DexOpt: not resolving ambiguous class 'Lorg/apache/commons/logging/impl/LogFactoryImpl;'
D/dalvikvm( 2906): DexOpt: not verifying 'Lorg/apache/commons/logging/impl/LogFactoryImpl;': multiple definitions
D/dalvikvm( 2906): DexOpt: not verifying 'Lorg/apache/commons/logging/impl/NoOpLog;': multiple definitions
D/dalvikvm( 2906): DexOpt: not verifying 'Lorg/apache/commons/logging/impl/SimpleLog$1;': multiple definitions
D/dalvikvm( 2906): DexOpt: not verifying 'Lorg/apache/commons/logging/impl/SimpleLog;': multiple definitions
D/dalvikvm( 2906): DexOpt: load 349ms, verify+opt 3515ms
D/installd(   35): DexInv: --- END '/data/app/com.qq.reader-1.apk' (success) ---
D/PackageManager(   61):   Services: com.qq.reader.music.core.QQPlayerService com.tencent.appwallsdk.service.DownloadService
D/PackageManager(   61):   Receivers: com.qq.reader.widget.ReaderWidget com.qq.reader.music.core.MediaButtonIntentReceiver com.qq.reader.plugin.wps.WPSReceiver com.qq.reader.pay.chapter.ChapterDownloadReceiver com.qq.reader.alarm.NewUserAlarmReceiver com.qq.reader.bookfollow.OrderBookReceiver
D/PackageManager(   61):   Activities: com.qq.reader.ReaderPage com.qq.reader.OnlineHistoryActivity com.qq.reader.mark.TabViewActivity com.qq.reader.mark.BookMarkActivity com.qq.reader.mark.BookStandActivity com.qq.reader.picbrowser.PictureActivity com.qq.reader.web.WebBrowser com.qq.reader.web.VIPBrowser com.qq.reader.web.WebBrowserForContents com.qq.reader.SuggestActivity com.qq.reader.AllBookNoteActivity com.qq.reader.OneBookNoteActivity com.qq.reader.SplashActivity com.qq.reader.SwitchViewActivity com.qq.reader.TypeContext com.qq.reader.MainActivity com.qq.reader.ProfileActivity com.tencent.pdf.PdfNewActivity com.tencent.chm.ChmReaderPage com.qq.reader.ImportBookActivity com.qq.reader.LocalBookActivity com.qq.reader.plugin.PlugInDefaultActivity com.qq.reader.plugin.PlugInFontsActivity com.qq.reader.plugin.PlugInListActivity com.tencent.epub.ImageViewActivity com.qq.reader.qqdisk.QQDiskActivity com.qq.reader.music.MusicActivity com.qq.reader.decompress.ArchiveFileBrowser com.qq.reader.cloud.CloudBookListActivity com.qq.reader.online.OnlineChapterActivity com.qq.reader.pay.chapter.ChapterPayActivity com.qq.reader.alarm.NewUserAlarmActivity com.qq.reader.wxapi.WXEntryActivity com.qq.reader.wxapi.WXShareBookActivity com.tencent.appwallsdk.activity.QQAppWallActivity
D/PackageManager(   61):   Permissions: com.qq.reader.permission.MM_MESSAGE
I/installd(   35): move /data/dalvik-cache/data@app@com.qq.reader-1.apk@classes.dex -> /data/dalvik-cache/data@app@com.qq.reader-1.apk@classes.dex
D/PackageManager(   61): New package installed in /data/app/com.qq.reader-1.apk
W/PackageManager(   61): Unknown permission com.google.android.googleapps.permission.GOOGLE_AUTH.mail in package com.android.contacts
W/PackageManager(   61): Unknown permission android.permission.ADD_SYSTEM_SERVICE in package com.android.phone
W/PackageManager(   61): Unknown permission com.android.vending.BILLING in package cn.wps.moffice_eng
W/PackageManager(   61): Not granting permission com.android.email.permission.ACCESS_PROVIDER to package cn.wps.moffice_eng (protectionLevel=3 flags=0x8be44)
W/PackageManager(   61): Not granting permission android.permission.SEND_DOWNLOAD_COMPLETED_INTENTS to package com.android.browser (protectionLevel=2 flags=0x9be45)
W/PackageManager(   61): Unknown permission com.google.android.gm.permission.WRITE_GMAIL in package com.android.settings
W/PackageManager(   61): Unknown permission com.google.android.gm.permission.READ_GMAIL in package com.android.settings
W/PackageManager(   61): Unknown permission com.google.android.googleapps.permission.GOOGLE_AUTH in package com.android.settings
W/PackageManager(   61): Unknown permission com.google.android.googleapps.permission.GOOGLE_AUTH in package com.android.providers.contacts
W/PackageManager(   61): Unknown permission com.google.android.googleapps.permission.GOOGLE_AUTH.cp in package com.android.providers.contacts
W/PackageManager(   61): Unknown permission com.android.launcher.permission.CREATE_SHORTCUT in package com.wandoujia.phoenix2
W/PackageManager(   61): Unknown permission org.adw.launcher.permission.READ_SETTINGS in package com.wandoujia.phoenix2
W/PackageManager(   61): Unknown permission org.adw.launcher.permission.WRITE_SETTINGS in package com.wandoujia.phoenix2
W/PackageManager(   61): Unknown permission com.qihoo360.launcher.permission.READ_SETTINGS in package com.wandoujia.phoenix2
W/PackageManager(   61): Unknown permission com.qihoo360.launcher.permission.WRITE_SETTINGS in package com.wandoujia.phoenix2
W/PackageManager(   61): Unknown permission com.lge.launcher.permission.READ_SETTINGS in package com.wandoujia.phoenix2
W/PackageManager(   61): Unknown permission com.lge.launcher.permission.WRITE_SETTINGS in package com.wandoujia.phoenix2
W/PackageManager(   61): Unknown permission net.qihoo.launcher.permission.READ_SETTINGS in package com.wandoujia.phoenix2
W/PackageManager(   61): Unknown permission net.qihoo.launcher.permission.WRITE_SETTINGS in package com.wandoujia.phoenix2
W/PackageManager(   61): Unknown permission org.adwfreak.launcher.permission.READ_SETTINGS in package com.wandoujia.phoenix2
W/PackageManager(   61): Unknown permission org.adwfreak.launcher.permission.WRITE_SETTINGS in package com.wandoujia.phoenix2
W/PackageManager(   61): Unknown permission com.huawei.launcher3.permission.READ_SETTINGS in package com.wandoujia.phoenix2
W/PackageManager(   61): Unknown permission com.huawei.launcher3.permission.WRITE_SETTINGS in package com.wandoujia.phoenix2
W/PackageManager(   61): Unknown permission com.fede.launcher.permission.READ_SETTINGS in package com.wandoujia.phoenix2
W/PackageManager(   61): Unknown permission com.fede.launcher.permission.WRITE_SETTINGS in package com.wandoujia.phoenix2
W/PackageManager(   61): Unknown permission com.sec.android.app.twlauncher.settings.READ_SETTINGS in package com.wandoujia.phoenix2
W/PackageManager(   61): Unknown permission com.sec.android.app.twlauncher.settings.WRITE_SETTINGS in package com.wandoujia.phoenix2
W/PackageManager(   61): Not granting permission android.permission.ACCESS_DRM to package com.wandoujia.phoenix2 (protectionLevel=2 flags=0x8be44)
W/PackageManager(   61): Unknown permission com.google.android.googleapps.permission.ACCESS_GOOGLE_PASSWORD in package com.android.development
W/PackageManager(   61): Unknown permission com.google.android.googleapps.permission.GOOGLE_AUTH in package com.android.development
W/PackageManager(   61): Unknown permission com.google.android.googleapps.permission.GOOGLE_AUTH.ALL_SERVICES in package com.android.development
W/PackageManager(   61): Unknown permission com.google.android.googleapps.permission.GOOGLE_AUTH.YouTubeUser in package com.android.development
W/PackageManager(   61): Not granting permission android.permission.SET_PREFERRED_APPLICATIONS to package com.mx.browser (protectionLevel=2 flags=0x8be44)
W/PackageManager(   61): Unknown permission android.permission.READ_OWNER_DATA in package com.android.email
W/PackageManager(   61): Not granting permission android.permission.DEVICE_POWER to package com.android.deskclock (protectionLevel=2 flags=0x8be45)
I/ActivityManager(   61): Force stopping package com.qq.reader uid=10044
I/dalvikvm( 2892): Total arena pages for JIT: 11
V/KssApp  ( 2892): Process: cn.wps.livespace started
V/KssApp  ( 2892): Application Created.
D/ImageCache( 2892): ImageCache MaxSize set to 8388608
D/KssApp  ( 2892): Prepare connecte ServiceManager
V/ServiceManager( 2892): Process: cn.wps.livespace started
I/ActivityManager(   61): Start proc cn.wps.livespace:remote for service cn.wps.livespace/cn.kuaipan.android.service.KscService: pid=2914 uid=10039 gids={3003, 1015, 1006}
E/ThemeManager( 2892): mMainIni is null, mThemeIni is null
E/ThemeManager( 2892): mMainIni is null, mThemeIni is null
V/KssApp  ( 2914): Process: cn.wps.livespace:remote started
I/ActivityThread( 2914): Pub cn.wps.livespace.kssdata: cn.kuaipan.android.provider.KssProvider
I/ActivityManager(   61): Displayed cn.wps.livespace/cn.kuaipan.android.home.LogoActivity: +9s256ms
V/KssApp  ( 2914): Application Created.
W/RecognitionManagerService(   61): no available voice recognition services found
V/ServiceManager( 2914): Process: cn.wps.livespace:remote started
I/ConfigFactory( 2914): Not define KSC_MID_CONFIG meta-data in AndroidManifest.xml
V/KscService( 2914): Receive event: Intent { act=KscService.START (has extras) }, from KscService
D/ServiceManager( 2892): ServiceManager connected
D/KssApp  ( 2892): AccountService connected
E/KscScheduleService( 2914): Failed to load a ScheduleTask cn.kuaipan.android.promotion.PromotionScheduleTask
E/KscScheduleService( 2914): java.lang.ClassNotFoundException: cn.kuaipan.android.promotion.PromotionScheduleTask
E/KscScheduleService( 2914): 	at java.lang.Class.classForName(Native Method)
E/KscScheduleService( 2914): 	at java.lang.Class.forName(Class.java:234)
E/KscScheduleService( 2914): 	at java.lang.Class.forName(Class.java:181)
E/KscScheduleService( 2914): 	at cn.kuaipan.android.service.impl.KscScheduleService.init(Unknown Source)
E/KscScheduleService( 2914): 	at cn.kuaipan.android.service.impl.KscScheduleService.onStart(Unknown Source)
E/KscScheduleService( 2914): 	at cn.kuaipan.android.service.KscService.onReceiveEvent(Unknown Source)
E/KscScheduleService( 2914): 	at cn.kuaipan.android.service.KscService.dispatchEvent(Unknown Source)
E/KscScheduleService( 2914): 	at cn.kuaipan.android.service.KscService.a(Unknown Source)
E/KscScheduleService( 2914): 	at cn.kuaipan.android.service.g.handleMessage(Unknown Source)
E/KscScheduleService( 2914): 	at android.os.Handler.dispatchMessage(Handler.java:99)
E/KscScheduleService( 2914): 	at android.os.Looper.loop(Looper.java:123)
E/KscScheduleService( 2914): 	at android.os.HandlerThread.run(HandlerThread.java:60)
E/KscScheduleService( 2914): Caused by: java.lang.NoClassDefFoundError: cn.kuaipan.android.promotion.PromotionScheduleTask
E/KscScheduleService( 2914): 	... 12 more
E/KscScheduleService( 2914): Caused by: java.lang.ClassNotFoundException: cn.kuaipan.android.promotion.PromotionScheduleTask in loader dalvik.system.PathClassLoader[/mnt/asec/cn.wps.livespace-1/pkg.apk]
E/KscScheduleService( 2914): 	at dalvik.system.PathClassLoader.findClass(PathClassLoader.java:240)
E/KscScheduleService( 2914): 	at java.lang.ClassLoader.loadClass(ClassLoader.java:551)
E/KscScheduleService( 2914): 	at java.lang.ClassLoader.loadClass(ClassLoader.java:511)
E/KscScheduleService( 2914): 	... 12 more
D/dalvikvm(   61): GC_EXPLICIT freed 1701K, 52% free 4932K/10119K, external 3127K/3903K, paused 110ms
D/AndroidRuntime( 2877): Shutting down VM
D/dalvikvm( 2877): GC_CONCURRENT freed 101K, 72% free 295K/1024K, external 0K/0K, paused 1ms+2ms
D/jdwp    ( 2877): Got wake-up signal, bailing out of select
D/dalvikvm( 2877): Debugger has detached; object registry had 1 entries
I/dalvikvm( 2877): JNI: AttachCurrentThread (from ???.???)
I/AndroidRuntime( 2877): NOTE: attach of thread 'Binder Thread #3' failed
I/Launcher(  145): setLoadOnResume
I/ActivityManager(   61): Starting: Intent { cmp=cn.wps.livespace/cn.kuaipan.android.home.TourActivity } from pid 2892
I/dalvikvm(  145): Jit: resizing JitTable from 512 to 1024
D/dalvikvm(  255): GC_FOR_MALLOC freed 917K, 50% free 3850K/7687K, external 1753K/2137K, paused 227ms
I/Type    ( 2892): Type = Normal
I/SetType int Type( 2892): Type = 0
I/Type    ( 2892): Type = null
I/SetType int Type( 2892): Type = -1
I/Launcher(  145): setLoadOnResume
I/Launcher(  145): setLoadOnResume
D/dalvikvm( 2892): GC_EXTERNAL_ALLOC freed 438K, 52% free 2859K/5895K, external 1937K/2137K, paused 63ms
I/com.a.b.b( 2892): Could not get location from GPS or Cell-id, lack ACCESS_COARSE_LOCATION or ACCESS_COARSE_LOCATION permission?
