E/ActivityManager(   61):     3.2% 62/HeapWorker: 3.2% user + 0% kernel
E/ActivityManager(   61):     1.6% 66/Compiler: 1.6% user + 0% kernel
E/ActivityManager(   61):     1.6% 68/Binder Thread #: 1.6% user + 0% kernel
E/ActivityManager(   61):     1.6% 69/SurfaceFlinger: 1.6% user + 0% kernel
E/ActivityManager(   61):     1.6% 91/InputDispatcher: 0% user + 1.6% kernel
E/ActivityManager(   61):   3.4% 367/cn.wps.moffice_eng: 3.4% user + 0% kernel / faults: 12 minor
E/ActivityManager(   61):     8.6% 367/wps.moffice_eng: 6.8% user + 1.7% kernel
E/ActivityManager(   61):     1.7% 372/Compiler: 1.7% user + 0% kernel
E/ActivityManager(   61):   0.7% 41/adbd: 0% user + 0.7% kernel
E/ActivityManager(   61): 100% TOTAL: 62% user + 36% kernel + 1.6% irq
I/Process (   61): Sending signal. PID: 243 SIG: 9
D/dalvikvm(  399): GetFieldID: unable to find field Ljava/util/HashMap;.loadFactor:F
I/ActivityManager(   61): Process com.wandoujia.phoenix2 (pid 243) has died.
W/ActivityManager(   61): Scheduling restart of crashed service com.wandoujia.phoenix2/com.wandoujia.wan.WanService in 5000ms
W/ActivityManager(   61): Scheduling restart of crashed service com.wandoujia.phoenix2/.services.BackgroundService in 41688ms
I/ActivityManager(   61): Starting: Intent { cmp=cn.wps.moffice_eng/cn.wps.moffice.writer.Writer1 (has extras) } from pid 399
D/dalvikvm(  399): GC_EXTERNAL_ALLOC freed 625K, 50% free 3305K/6535K, external 2131K/2137K, paused 67ms
D/dalvikvm(  399): GC_EXTERNAL_ALLOC freed 41K, 50% free 3316K/6535K, external 2657K/2675K, paused 116ms
D/dalvikvm(  399): GC_EXTERNAL_ALLOC freed 50K, 48% free 3418K/6535K, external 3330K/3332K, paused 134ms
D/dalvikvm(  399): GetFieldID: unable to find field Ljava/util/HashMap;.loadFactor:F
D/dalvikvm(  399): GetFieldID: unable to find field Ljava/util/HashMap;.loadFactor:F
I/dalvikvm(  399): Failed resolving Lcn/wps/moffice/common/beans/k$1; interface 540 'Landroid/nfc/NfcAdapter$OnNdefPushCompleteCallback;'
W/dalvikvm(  399): Link of class 'Lcn/wps/moffice/common/beans/k$1;' failed
E/dalvikvm(  399): Could not find class 'cn.wps.moffice.common.beans.k$1', referenced from method cn.wps.moffice.common.beans.k.<init>
W/dalvikvm(  399): VFY: unable to resolve new-instance 1597 (Lcn/wps/moffice/common/beans/k$1;) in Lcn/wps/moffice/common/beans/k;
D/dalvikvm(  399): VFY: replacing opcode 0x22 at 0x0039
I/dalvikvm(  399): Failed resolving Lcn/wps/moffice/common/beans/k$3; interface 538 'Landroid/nfc/NfcAdapter$CreateBeamUrisCallback;'
W/dalvikvm(  399): Link of class 'Lcn/wps/moffice/common/beans/k$3;' failed
E/dalvikvm(  399): Could not find class 'cn.wps.moffice.common.beans.k$3', referenced from method cn.wps.moffice.common.beans.k.<init>
W/dalvikvm(  399): VFY: unable to resolve new-instance 1599 (Lcn/wps/moffice/common/beans/k$3;) in Lcn/wps/moffice/common/beans/k;
D/dalvikvm(  399): VFY: replacing opcode 0x22 at 0x0070
D/dalvikvm(  399): VFY: dead code 0x003b-005c in Lcn/wps/moffice/common/beans/k;.<init> (Landroid/app/Activity;)V
D/dalvikvm(  399): VFY: dead code 0x0072-0079 in Lcn/wps/moffice/common/beans/k;.<init> (Landroid/app/Activity;)V
D/water   (  399): packageName: cn.wps.moffice_eng
D/dalvikvm(  399): GetFieldID: unable to find field Ljava/util/HashMap;.loadFactor:F
D/dalvikvm(  399): GetFieldID: unable to find field Ljava/util/HashMap;.loadFactor:F
D/dalvikvm(  399): GC_CONCURRENT freed 495K, 47% free 3627K/6727K, external 3627K/4173K, paused 3ms+3ms
D/dalvikvm(  399): GetFieldID: unable to find field Ljava/util/HashMap;.loadFactor:F
D/dalvikvm(  399): GetFieldID: unable to find field Ljava/util/HashMap;.loadFactor:F
D/dalvikvm(  399): GC_EXTERNAL_ALLOC freed 754K, 48% free 3836K/7239K, external 3630K/4173K, paused 68ms
I/dalvikvm(  367): Jit: resizing JitTable from 512 to 1024
D/dalvikvm(  399): GetFieldID: unable to find field Ljava/util/HashMap;.loadFactor:F
D/dalvikvm(  367): GC_CONCURRENT freed 863K, 47% free 4039K/7559K, external 5306K/5783K, paused 4ms+18ms
D/dalvikvm(  399): GC_EXTERNAL_ALLOC freed 463K, 47% free 3885K/7239K, external 4951K/6132K, paused 56ms
D/dalvikvm(  399): GetFieldID: unable to find field Ljava/util/HashMap;.loadFactor:F
D/dalvikvm(  399): GetFieldID: unable to find field Ljava/util/HashMap;.loadFactor:F
D/dalvikvm(  399): GC_EXTERNAL_ALLOC freed 133K, 45% free 3995K/7239K, external 6739K/7782K, paused 127ms
I/ActivityManager(   61): Start proc com.wandoujia.phoenix2 for service com.wandoujia.phoenix2/com.wandoujia.wan.WanService: pid=420 uid=10035 gids={3003, 1007, 1015, 1006}
I/ActivityManager(   61): Displayed cn.wps.moffice_eng/cn.wps.moffice.writer.Writer1: +5s174ms (total +6s322ms)
I/ActivityThread(  420): Pub com.wandoujia.thumbnail;com.wandoujia.imagecache: com.wandoujia.phoenix2.providers.ThumbProvider
I/ActivityThread(  420): Pub com.wandoujia.phoenix4.download: com.wandoujia.phoenix4.download.lib.rpc.DownloadProvider
I/ActivityThread(  420): Pub com.wandoujia.app;com.wandoujia.image;com.wandoujia.photosync;com.wandoujia.share;com.wandoujia.sync;com.wandoujia.offlinetask: com.wandoujia.phoenix2.providers.PhoenixProvider
D/dalvikvm(  420): Trying to load lib /data/data/com.wandoujia.phoenix2/lib/libudid.so 0x40516bc0
D/dalvikvm(  420): Added shared lib /data/data/com.wandoujia.phoenix2/lib/libudid.so 0x40516bc0
I/dalvikvm(  420): Could not find method android.os.Environment.isExternalStorageEmulated, referenced from method com.wandoujia.phoenix2.utils.at.o
W/dalvikvm(  420): VFY: unable to resolve static method 873: Landroid/os/Environment;.isExternalStorageEmulated ()Z
D/dalvikvm(  420): VFY: replacing opcode 0x71 at 0x001d
D/dalvikvm(  420): VFY: dead code 0x0020-0024 in Lcom/wandoujia/phoenix2/utils/at;.o ()Z
D/dalvikvm(  367): GC_EXTERNAL_ALLOC freed 352K, 49% free 3925K/7559K, external 4055K/5064K, paused 249ms
D/dalvikvm(  367): GC_EXTERNAL_ALLOC freed 116K, 49% free 3897K/7559K, external 5223K/5641K, paused 100ms
D/dalvikvm(  367): GC_EXTERNAL_ALLOC freed 42K, 48% free 3938K/7559K, external 4974K/6212K, paused 51ms
E/dalvikvm(  420): Could not find class 'android.app.Notification$Builder', referenced from method com.wandoujia.phoenix2.photosync.b.handleMessage
W/dalvikvm(  420): VFY: unable to resolve new-instance 33 (Landroid/app/Notification$Builder;) in Lcom/wandoujia/phoenix2/photosync/b;
D/dalvikvm(  420): VFY: replacing opcode 0x22 at 0x007d
D/dalvikvm(  420): VFY: dead code 0x007f-00af in Lcom/wandoujia/phoenix2/photosync/b;.handleMessage (Landroid/os/Message;)V
D/dalvikvm(  420): VFY: dead code 0x00b8-00c9 in Lcom/wandoujia/phoenix2/photosync/b;.handleMessage (Landroid/os/Message;)V
E/dalvikvm(  420): Could not find class 'android.app.Notification$Builder', referenced from method com.wandoujia.phoenix2.appwash.controller.AppWashController.a
W/dalvikvm(  420): VFY: unable to resolve new-instance 33 (Landroid/app/Notification$Builder;) in Lcom/wandoujia/phoenix2/appwash/controller/AppWashController;
D/dalvikvm(  420): VFY: replacing opcode 0x22 at 0x00c1
D/dalvikvm(  420): VFY: dead code 0x00c3-010b in Lcom/wandoujia/phoenix2/appwash/controller/AppWashController;.a (Ljava/util/List;Lcom/wandoujia/phoenix2/appwash/controller/AppWashController$WashEntryType;)V
W/KeyCharacterMap(  399): No keyboard for id 0
W/KeyCharacterMap(  399): Using default keymap: /system/usr/keychars/qwerty.kcm.bin
D/dalvikvm(  399): GC_EXTERNAL_ALLOC freed 368K, 44% free 4063K/7239K, external 8922K/9153K, paused 62ms
D/dalvikvm(  367): GC_EXTERNAL_ALLOC freed 227K, 48% free 3948K/7559K, external 4360K/5445K, paused 223ms
I/ActivityManager(   61): Starting: Intent { cmp=cn.wps.moffice_eng/cn.wps.moffice.documentmanager.DocumentManager } from pid 399
D/dalvikvm(  367): GC_EXTERNAL_ALLOC freed 142K, 49% free 3917K/7559K, external 5223K/5641K, paused 63ms
D/dalvikvm(  367): GC_EXTERNAL_ALLOC freed 42K, 48% free 3959K/7559K, external 4974K/6212K, paused 168ms
D/dalvikvm(  367): GetFieldID: unable to find field Ljava/util/HashMap;.loadFactor:F
D/dalvikvm(  367): GetFieldID: unable to find field Ljava/util/HashMap;.loadFactor:F
D/dalvikvm(  367): GetFieldID: unable to find field Ljava/util/HashMap;.loadFactor:F
D/dalvikvm(  367): GetFieldID: unable to find field Ljava/util/HashMap;.loadFactor:F
D/dalvikvm(  367): GetFieldID: unable to find field Ljava/util/HashMap;.loadFactor:F
D/dalvikvm(  367): GetFieldID: unable to find field Ljava/util/HashMap;.loadFactor:F
D/dalvikvm(  367): GetFieldID: unable to find field Ljava/util/HashMap;.loadFactor:F
D/dalvikvm(  367): GetFieldID: unable to find field Ljava/util/HashMap;.loadFactor:F
D/dalvikvm(  367): GetFieldID: unable to find field Ljava/util/HashMap;.loadFactor:F
D/dalvikvm(  367): GC_EXTERNAL_ALLOC freed 327K, 48% free 3979K/7559K, external 4360K/5445K, paused 96ms
D/dalvikvm(  367): GC_EXTERNAL_ALLOC freed 119K, 48% free 3948K/7559K, external 5211K/5629K, paused 99ms
D/dalvikvm(  420): GC_CONCURRENT freed 561K, 48% free 3507K/6727K, external 1625K/2137K, paused 4ms+3ms
D/dalvikvm(  367): GC_EXTERNAL_ALLOC freed 42K, 48% free 3990K/7559K, external 4963K/6198K, paused 68ms
I/System.out(  367): flushRecord:f88f681f-f3cd-41aa-ae9b-7557bba0320e
W/InputManagerService(   61): Starting input on non-focused client com.android.internal.view.IInputMethodClient$Stub$Proxy@407d1ef0 (uid=10037 pid=399)
W/IInputConnectionWrapper(  399): showStatusIcon on inactive InputConnection
D/dalvikvm(  420): DexOpt: couldn't find field Landroid/content/pm/PackageStats;.externalCacheSize
W/dalvikvm(  420): VFY: unable to resolve instance field 54
D/dalvikvm(  420): VFY: replacing opcode 0x53 at 0x000e
D/dalvikvm(  420): DexOpt: couldn't find field Landroid/content/pm/PackageStats;.externalCodeSize
W/dalvikvm(  420): VFY: unable to resolve instance field 55
D/dalvikvm(  420): VFY: replacing opcode 0x53 at 0x0020
D/dalvikvm(  420): VFY: dead code 0x0010-0019 in Lcom/wandoujia/phoenix2/appwash/controller/ay;.a (Lcom/wandoujia/phoenix2/appwash/controller/ay;Landroid/content/pm/PackageStats;)J
D/dalvikvm(  420): VFY: dead code 0x0022-0022 in Lcom/wandoujia/phoenix2/appwash/controller/ay;.a (Lcom/wandoujia/phoenix2/appwash/controller/ay;Landroid/content/pm/PackageStats;)J
D/dalvikvm(  420): DexOpt: couldn't find field Landroid/content/pm/PackageStats;.externalDataSize
I/dalvikvm(  420): DexOpt: unable to optimize instance field ref 0x0038 at 0x10 in Lcom/wandoujia/phoenix2/appwash/controller/ay;.a
D/dalvikvm(  420): DexOpt: couldn't find field Landroid/content/pm/PackageStats;.externalMediaSize
I/dalvikvm(  420): DexOpt: unable to optimize instance field ref 0x0039 at 0x13 in Lcom/wandoujia/phoenix2/appwash/controller/ay;.a
D/dalvikvm(  420): DexOpt: couldn't find field Landroid/content/pm/PackageStats;.externalObbSize
I/dalvikvm(  420): DexOpt: unable to optimize instance field ref 0x003a at 0x16 in Lcom/wandoujia/phoenix2/appwash/controller/ay;.a
D/dalvikvm(  420): GC_CONCURRENT freed 724K, 49% free 3533K/6919K, external 1753K/2137K, paused 3ms+3ms
D/dalvikvm(  420): Trying to load lib /data/data/com.wandoujia.phoenix2/lib/libcipher.so 0x40516bc0
D/dalvikvm(  420): Added shared lib /data/data/com.wandoujia.phoenix2/lib/libcipher.so 0x40516bc0
D/dalvikvm(  420): No JNI_OnLoad found in /data/data/com.wandoujia.phoenix2/lib/libcipher.so 0x40516bc0, skipping init
I/dalvikvm(  420): Total arena pages for JIT: 11
I/dalvikvm(  420): Total arena pages for JIT: 12
D/dalvikvm(  420): GC_CONCURRENT freed 813K, 50% free 3572K/7047K, external 1753K/2137K, paused 4ms+5ms
D/inject  (  480): [+] The pid of cn.wps.moffice_eng: 367
D/inject  (  480): [+] Injecting process: 367
D/inject  (  480): [+] get_remote_addr: local[afd00000], remote[afd00000]
D/inject  (  480): [+] Remote mmap address: afd170cd
D/inject  (  480): [+] Calling mmap in target process.
D/inject  (  480): [+] Target process returned from mmap, return value=4543d000, pc=0 
D/inject  (  480): [+] get_remote_addr: local[b0001000], remote[b0001000]
D/inject  (  480): [+] get_remote_addr: local[b0001000], remote[b0001000]
D/inject  (  480): [+] get_remote_addr: local[b0001000], remote[b0001000]
D/inject  (  480): [+] Get imports: dlopen: b00059bd, dlsym: b0005915, dlclose: b0005849
D/inject  (  480): [+] Inject code start: c008, end: c084
D/inject  (  480): [+] _dlopen_param1_s: 45440c9c
D/inject  (  480): [+] _dlsym_param2_s: 45440d9c
D/inject  (  480): [+] _saved_r0_pc_s: 45440e9c
D/inject  (  480): [+] _inject_function_param_s: 45440f9c
D/inject  (  480): [+] Remote shellcode address: 45440c00
D/inject  (  480): [+] Process Detach: 10
D/inject  (  367): hello ARM! I'm parameter1324! pid:367
D/inject  (  367): The Handle of libhook_open: b000d2b0
D/inject  (  367): find it pre 0
D/inject  (  367): find it 80601350
D/inject  (  367): [+] aaaaaaa do_hook function is invoked 
D/inject  (  367): [+] open addr: 0xafd17111. New addr 0x80601258
D/inject  (  367): [+] just for test info 
D/inject  (  367): [+] set ok 
D/inject  (  367): [+] Get the persist.sys.test  bbbbbbbb
D/inject  (  367): [+] just for test print old_open address 0xafd17111
D/inject  (  367): [+] just for test print new_open address 0x80601258
D/inject  (  367): [+] Get old address global  afd17111
D/inject  (  367): [+] Get new address global  80601258
D/inject  (  367): [+] binder path ad100000
D/inject  (  367): [+] Section header table file offset 2e23c
D/inject  (  367): [+] Section header table entry count 15
D/inject  (  367): [+] Section header table entry size 28
D/inject  (  367): [+] Section header string table index 14
D/inject  (  367): [+] Object file type 3
D/inject  (  367): [+] Object file version 1
D/inject  (  367): [+] Out_addr in GOT table before 0
D/inject  (  367): [+] Out_size of func in GOT table before 0
D/inject  (  367): [+] Out_addr in GOT table ad12c138
D/inject  (  367): [+] Out_size of func in GOT table 8c4
D/inject  (  367): [+] Out_addr in GOT table ad12c138
D/inject  (  367): [+] Out_size of func in GOT table 8c4
D/inject  (  367): [+] Out_addr in GOT afd4d5c8
D/inject  (  367): [+] old open address 20000 afd17111
D/inject  (  367): [+] Out_addr in GOT 464c457f
D/inject  (  367): [+] target pid 16f
D/inject  (  367): [+] old open address 22223 afd17111
D/inject  (  367): [+] Find got_item ff 
D/inject  (  367): [+] old open address 3333 afd17111
D/inject  (  367): [+] old open address 3333 afffffff
D/inject  (  367): [+] new open address 3333 80601258
D/inject  (  367): [+] new open address 3333 80601258
D/inject  (  367): [+] Find got item afd4d5c8 
D/inject  (  367): [+] Find got item ad12e2a4 
D/inject  (  367): [+] Find got item ad12e28c 
D/inject  (  367): [+] Find got item ad12e268 
D/inject  (  367): [+] Find got item ad12e258 
D/inject  (  367): [+] Find got item afd4631c 
D/inject  (  367): [+] Find got item ad12e298 
D/inject  (  367): [+] Find got item ad12e250 
D/inject  (  367): [+] Find got item ad12e280 
D/inject  (  367): [+] Find got item ad12e294 
D/inject  (  367): [+] Find got item ad12e260 
D/inject  (  367): [+] Find got item ad12e278 
D/inject  (  367): [+] Find got item afd415c0 
D/inject  (  367): [+] Find got item ad12e2a8 
D/inject  (  367): [+] Find got item ad12e274 
D/inject  (  367): [+] Find got item ad12e27c 
D/inject  (  367): [+] Find got item ad12e248 
D/inject  (  367): [+] Find got item ad12e2a0 
D/inject  (  367): [+] Find got item ad12e25c 
D/inject  (  367): [+] Find got item ad12e270 
D/inject  (  367): [+] Find got item ad12e288 
D/inject  (  367): [+] Find got item ad12e264 
D/inject  (  367): [+] Find got item ad12e284 
D/inject  (  367): [+] Find got item ad9bc7f1 
D/inject  (  367): [+] Find got item ad9bc7f9 
D/inject  (  367): [+] Find got item ade45f55 
D/inject  (  367): [+] Find got item ade45f69 
D/inject  (  367): [+] Find got item ad9bb339 
D/inject  (  367): [+] Find got item ad9bb341 
D/inject  (  367): [+] Find got item ad9b481d 
D/inject  (  367): [+] Find got item ad9b4831 
D/inject  (  367): [+] Find got item ad9a5561 
D/inject  (  367): [+] Find got item ad9a5569 
D/inject  (  367): [+] Find got item ade31305 
D/inject  (  367): [+] Find got item ade3130d 
D/inject  (  367): [+] Find got item ad12e240 
D/inject  (  367): [+] Find got item ad12e244 
D/inject  (  367): [+] Find got item ad12e24c 
D/inject  (  367): [+] Find got item ad12e254 
D/inject  (  367): [+] Find got item ad12e26c 
D/inject  (  367): [+] Find got item ad12e290 
D/inject  (  367): [+] Find got item ad12e29c 
D/inject  (  367): [+] Find got item ade5f751 
D/inject  (  367): [+] Find got item ade5f749 
D/inject  (  367): [+] Find got item ade5f74d 
D/inject  (  367): [+] Find got item adec6b68 
D/inject  (  367): [+] Find got item ad12ca00 
D/inject  (  367): [+] Find got item afd42610 
D/inject  (  367): [+] Find got item 0 
D/inject  (  367): [+] Find got item 0 
D/inject  (  367): [+] Find got item 0 
D/inject  (  367): [+] Find got item afd2092d 
D/inject  (  367): [+] Find got item afd19c3d 
D/inject  (  367): [+] Find got item afd20a45 
D/inject  (  367): [+] Find got item af9038e5 
D/inject  (  367): [+] Find got item afd28321 
D/inject  (  367): [+] Find got item af9037b1 
D/inject  (  367): [+] Find got item afd1c87d 
D/inject  (  367): [+] Find got item ade3a295 
D/inject  (  367): [+] Find got item ade394bd 
D/inject  (  367): [+] Find got item ade39c31 
D/inject  (  367): [+] Find got item ad9a4ef5 
D/inject  (  367): [+] Find got item ad96a6b1 
D/inject  (  367): [+] Find got item ade39141 
D/inject  (  367): [+] Find got item ad99e381 
D/inject  (  367): [+] Find got item ad96a3f1 
D/inject  (  367): [+] Find got item ad99d059 
D/inject  (  367): [+] Find got item ade256f1 
D/inject  (  367): [+] Find got item ad9a3e51 
D/inject  (  367): [+] Find got item ad9a3839 
D/inject  (  367): [+] Find got item afd25c95 
D/inject  (  367): [+] Find got item afd11fbd 
D/inject  (  367): [+] Find got item afd17049 
D/inject  (  367): [+] Find got item afd0bba0 
D/inject  (  367): [+] Find got item afd0bad0 
D/inject  (  367): [+] Find got item afd0e3e0 
D/inject  (  367): [+] Find got item afd0e3f4 
D/inject  (  367): [+] Find got item afd29855 
D/inject  (  367): [+] Find got item afd0bc40 
D/inject  (  367): [+] Find got item afc009e1 
D/inject  (  367): [+] Find got item afd0bc00 
D/inject  (  367): [+] Find got item afc009c1 
D/inject  (  367): [+] Find got item afd0bbe0 
D/inject  (  367): [+] Find got item afd14de4 
D/inject  (  367): [+] Find got item afd20859 
D/inject  (  367): [+] Find got item afc009e9 
D/inject  (  367): [+] Find got item afd172fd 
D/inject  (  367): [+] Find got item afd3742d 
D/inject  (  367): [+] Find got item afd17249 
D/inject  (  367): [+] Find got item afd171a1 
D/inject  (  367): [+] Find got item afc009c9 
D/inject  (  367): [+] Find got item afd17ac5 
D/inject  (  367): [+] Find got item afd0bc80 
D/inject  (  367): [+] Find got item afd19a49 
D/inject  (  367): [+] Find got item afd17111 
D/inject  (  367): [+] Find open and replace 
W/ActivityManager(   61): finishReceiver called but no pending broadcasts
D/inject  (  367): [+]-----------open test txt file-----------
D/inject  (  367): [+] The New open path /data/data/cn.wps.moffice_eng/files/AppPersistence
D/inject  (  367): [+] The New open count 1
D/inject  (  367): [+] The old openfile fd 42
D/dalvikvm(  367): GetFieldID: unable to find field Ljava/util/HashMap;.loadFactor:F
D/inject  (  367): [+]-----------open test txt file-----------
D/inject  (  367): [+] The New open path /data/data/cn.wps.moffice_eng/files/AppPersistence
D/inject  (  367): [+] The New open count 2
D/inject  (  367): [+] The old openfile fd 42
D/inject  (  367): [+]-----------open test txt file-----------
D/inject  (  367): [+] The New open path /data/data/cn.wps.moffice_eng/files/AppPersistence
D/inject  (  367): [+] The New open count 3
D/inject  (  367): [+] The old openfile fd 42
D/dalvikvm(  367): GetFieldID: unable to find field Ljava/util/HashMap;.loadFactor:F
D/inject  (  367): [+]-----------open test txt file-----------
D/inject  (  367): [+] The New open path /data/data/cn.wps.moffice_eng/files/AppPersistence
D/inject  (  367): [+] The New open count 4
D/inject  (  367): [+] The old openfile fd 42
D/inject  (  367): [+]-----------open test txt file-----------
D/inject  (  367): [+] The New open path /data/data/cn.wps.moffice_eng/files/AppPersistence
D/inject  (  367): [+] The New open count 5
D/inject  (  367): [+] The old openfile fd 42
D/dalvikvm(  367): GetFieldID: unable to find field Ljava/util/HashMap;.loadFactor:F
I/ActivityManager(   61): Starting: Intent { cmp=cn.wps.moffice_eng/cn.wps.moffice.startactivity.writer.StartWriterActivity1 (has extras) } from pid 367
I/ActivityManager(   61): Starting: Intent { cmp=cn.wps.moffice_eng/cn.wps.moffice.writer.Writer1 (has extras) } from pid 399
D/dalvikvm(  399): GC_EXTERNAL_ALLOC freed 406K, 43% free 4139K/7239K, external 9375K/9393K, paused 60ms
D/dalvikvm(  399): GetFieldID: unable to find field Ljava/util/HashMap;.loadFactor:F
D/dalvikvm(  399): GetFieldID: unable to find field Ljava/util/HashMap;.loadFactor:F
D/water   (  399): packageName: cn.wps.moffice_eng
D/inject  (  367): [+]-----------open test txt file-----------
D/inject  (  367): [+] The New open path /mnt/sdcard/KingsoftOffice/.history/HistoryRecordDataSource
D/inject  (  367): [+] The New open count 6
D/inject  (  367): [+] The old openfile fd 42
D/inject  (  367): [+]-----------open test txt file-----------
D/inject  (  367): [+] The New open path /mnt/sdcard/documents/test.txt
D/inject  (  367): [+] The New open count 7
D/inject  (  367): [+] test copy file
D/inject  (  367): [+] The old file fd 42
D/inject  (  367): [+] The copy file fd 58
D/inject  (  367): [+] The New open file fd 42
D/dalvikvm(  399): GetFieldID: unable to find field Ljava/util/HashMap;.loadFactor:F
D/inject  (  367): [+]-----------open test txt file-----------
D/inject  (  367): [+] The New open path /data/data/cn.wps.moffice_eng/files/.cloud/.connectionPersistence
D/inject  (  367): [+] The New open count 8
D/inject  (  367): [+] The old openfile fd 42
D/dalvikvm(  399): GetFieldID: unable to find field Ljava/util/HashMap;.loadFactor:F
D/dalvikvm(  399): GetFieldID: unable to find field Ljava/util/HashMap;.loadFactor:F
D/dalvikvm(  399): GetFieldID: unable to find field Ljava/util/HashMap;.loadFactor:F
D/dalvikvm(  399): GC_CONCURRENT freed 832K, 45% free 4333K/7815K, external 9334K/9871K, paused 4ms+5ms
D/dalvikvm(  399): GetFieldID: unable to find field Ljava/util/HashMap;.loadFactor:F
D/inject  (  367): [+]-----------open test txt file-----------
D/inject  (  367): [+] The New open path /data/data/cn.wps.moffice_eng/files/lable.db
D/inject  (  367): [+] The New open count 9
D/inject  (  367): [+] The old openfile fd 42
D/dalvikvm(  399): GC_EXTERNAL_ALLOC freed 257K, 46% free 4290K/7815K, external 9365K/9871K, paused 59ms
D/dalvikvm(  399): GetFieldID: unable to find field Ljava/util/HashMap;.loadFactor:F
D/dalvikvm(  399): GetFieldID: unable to find field Ljava/util/HashMap;.loadFactor:F
I/dalvikvm(  399): Jit: resizing JitTable from 512 to 1024
I/dalvikvm(   61): Jit: resizing JitTable from 1024 to 2048
D/inject  (  367): [+]-----------open test txt file-----------
D/inject  (  367): [+] The New open path /data/data/cn.wps.moffice_eng/files/lable.db
D/inject  (  367): [+] The New open count 10
D/inject  (  367): [+] The old openfile fd 42
I/ActivityManager(   61): Displayed cn.wps.moffice_eng/cn.wps.moffice.writer.Writer1: +2s679ms (total +2s722ms)
D/inject  (  367): [+]-----------open test txt file-----------
D/inject  (  367): [+] The New open path /data/data/cn.wps.moffice_eng/files/_localRecord
D/inject  (  367): [+] The New open count 11
D/inject  (  367): [+] The old openfile fd 41
D/inject  (  367): [+]-----------open test txt file-----------
D/inject  (  367): [+] The New open path /data/data/cn.wps.moffice_eng/files/_localRecord
D/inject  (  367): [+] The New open count 12
D/inject  (  367): [+] The old openfile fd 41
D/inject  (  367): [+]-----------open test txt file-----------
D/inject  (  367): [+] The New open path /mnt/sdcard/KingsoftOffice/.history/.nomedia/255b33a7e966eec4c33af01fa9395c5f.png
D/inject  (  367): [+] The New open count 13
D/inject  (  367): [+] The old openfile fd 41
D/inject  (  367): [+]-----------open test txt file-----------
D/inject  (  367): [+] The New open path /mnt/sdcard/KingsoftOffice/.history/.nomedia/255b33a7e966eec4c33af01fa9395c5f.png
D/inject  (  367): [+] The New open count 14
D/inject  (  367): [+] The old openfile fd 41
D/dalvikvm(  367): GC_EXTERNAL_ALLOC freed 624K, 47% free 4013K/7559K, external 4349K/5431K, paused 154ms
D/inject  (  367): [+]-----------open test txt file-----------
D/inject  (  367): [+] The New open path /mnt/sdcard/KingsoftOffice/.history/.nomedia/2cf17f35fc9362e4f5a745323b2f8903.png
D/inject  (  367): [+] The New open count 15
D/inject  (  367): [+] The old openfile fd 41
D/inject  (  367): [+]-----------open test txt file-----------
D/inject  (  367): [+] The New open path /mnt/sdcard/KingsoftOffice/.history/.nomedia/2cf17f35fc9362e4f5a745323b2f8903.png
D/inject  (  367): [+] The New open count 16
D/inject  (  367): [+] The old openfile fd 41
D/dalvikvm(  367): GC_EXTERNAL_ALLOC freed 128K, 48% free 3975K/7559K, external 5211K/5629K, paused 112ms
D/inject  (  367): [+]-----------open test txt file-----------
D/inject  (  367): [+] The New open path /mnt/sdcard/KingsoftOffice/.history/.nomedia/ab189525c7e6b00c55c498d80f7d9fbf.png
D/inject  (  367): [+] The New open count 17
D/inject  (  367): [+] The old openfile fd 41
D/inject  (  367): [+]-----------open test txt file-----------
D/inject  (  367): [+] The New open path /mnt/sdcard/KingsoftOffice/.history/.nomedia/ab189525c7e6b00c55c498d80f7d9fbf.png
D/inject  (  367): [+] The New open count 18
D/inject  (  367): [+] The old openfile fd 41
D/dalvikvm(  367): GC_EXTERNAL_ALLOC freed 42K, 47% free 4017K/7559K, external 4963K/6198K, paused 55ms
