D/dalvikvm( 2978): GC_EXPLICIT freed 29K, 49% free 3597K/6983K, external 15023K/15332K, paused 61ms
D/inject  ( 2978): [+]-----------open test txt file-----------
D/inject  ( 2978): [+] The New open path /mnt/sdcard/QQReader/record.db
D/inject  ( 2978): [+] The New open count 86
D/inject  ( 2978): [+] The old openfile fd 40
D/inject  ( 2978): [+]-----------open test txt file-----------
D/inject  ( 2978): [+] The New open path /mnt/sdcard/QQReader/cover/test.png
D/inject  ( 2978): [+] The New open count 87
D/inject  ( 2978): [+] The old openfile fd -1
D/inject  ( 2978): [+]-----------open test txt file-----------
D/inject  ( 2978): [+] The New open path /mnt/sdcard/QQReader/cover/testcopy1.png
D/inject  ( 2978): [+] The New open count 88
D/inject  ( 2978): [+] The old openfile fd -1
D/inject  ( 2978): [+]-----------open test txt file-----------
D/inject  ( 2978): [+] The New open path /mnt/sdcard/QQReader/cover/testcopy.png
D/inject  ( 2978): [+] The New open count 89
D/inject  ( 2978): [+] The old openfile fd -1
D/inject  ( 2978): [+]-----------open test txt file-----------
D/inject  ( 2978): [+] The New open path /mnt/sdcard/QQReader/cover/test.png
D/inject  ( 2978): [+] The New open count 90
D/inject  ( 2978): [+] The old openfile fd -1
D/inject  ( 2978): [+]-----------open test txt file-----------
D/inject  ( 2978): [+] The New open path /mnt/sdcard/QQReader/cover/testcopy2.png
D/inject  ( 2978): [+] The New open count 91
D/inject  ( 2978): [+] The old openfile fd -1
D/inject  ( 2978): [+]-----------open test txt file-----------
D/inject  ( 2978): [+] The New open path /mnt/sdcard/QQReader/cover/open.png
D/inject  ( 2978): [+] The New open count 92
D/inject  ( 2978): [+] The old openfile fd -1
D/inject  ( 2978): [+]-----------open test txt file-----------
D/inject  ( 2978): [+] The New open path /mnt/sdcard/QQReader/cover/ope11.png
D/inject  ( 2978): [+] The New open count 93
D/inject  ( 2978): [+] The old openfile fd -1
D/inject  ( 2978): [+]-----------open test txt file-----------
D/inject  ( 2978): [+] The New open path /mnt/sdcard/QQReader/cover/About Kingsoft Office.png
D/inject  ( 2978): [+] The New open count 94
D/inject  ( 2978): [+] The old openfile fd -1
D/inject  ( 2978): [+]-----------open test txt file-----------
D/inject  ( 2978): [+] The New open path /mnt/sdcard/QQReader/cover/1.png
D/inject  ( 2978): [+] The New open count 95
D/inject  ( 2978): [+] The old openfile fd -1
D/inject  ( 2978): [+]-----------open test txt file-----------
D/inject  ( 2978): [+] The New open path /mnt/sdcard/QQReader/cover/.png
D/inject  ( 2978): [+] The New open count 96
D/inject  ( 2978): [+] The old openfile fd 40
D/inject  ( 2978): [+]-----------open test txt file-----------
D/inject  ( 2978): [+] The New open path /mnt/sdcard/QQReader/cover/.png
D/inject  ( 2978): [+] The New open count 97
D/inject  ( 2978): [+] The old openfile fd 40
D/inject  ( 2978): [+]-----------open test txt file-----------
D/inject  ( 2978): [+] The New open path /mnt/sdcard/QQReader/cover/.epub.p
D/inject  ( 2978): [+] The New open count 98
D/inject  ( 2978): [+] The old openfile fd 40
D/dalvikvm( 2978): GC_EXPLICIT freed 344K, 49% free 3617K/6983K, external 12182K/14230K, paused 56ms
D/dalvikvm( 2978): GC_EXPLICIT freed 30K, 49% free 3586K/6983K, external 9773K/11821K, paused 54ms
D/dalvikvm( 2978): GC_EXPLICIT freed <1K, 49% free 3586K/6983K, external 9773K/11821K, paused 54ms
I/ActivityManager(   61): Starting: Intent { cmp=com.qq.reader/.ReaderPage (has extras) } from pid 2978
D/PhoneWindow( 2978): couldn't save which view has focus because the focused view com.android.internal.policy.impl.PhoneWindow$DecorView@405ea918 has no id.
D/dalvikvm( 2978): GC_EXTERNAL_ALLOC freed 158K, 50% free 3531K/6983K, external 11312K/11821K, paused 53ms
D/dalvikvm( 2978): GC_EXPLICIT freed 23K, 50% free 3511K/6983K, external 12535K/14458K, paused 55ms
W/BackupManagerService(   61): dataChanged but no participant pkg='com.android.providers.settings' uid=10044
D/inject  ( 2978): [+]-----------open test txt file-----------
D/inject  ( 2978): [+] The New open path /mnt/sdcard/QQReader/record.db
D/inject  ( 2978): [+] The New open count 99
D/inject  ( 2978): [+] The old openfile fd 39
D/inject  ( 2978): [+]-----------open test txt file-----------
D/inject  ( 2978): [+] The New open path /mnt/sdcard/QQReader/cover/test.png
D/inject  ( 2978): [+] The New open count 100
D/inject  ( 2978): [+] The old openfile fd -1
D/inject  ( 2978): [+]-----------open test txt file-----------
D/inject  ( 2978): [+] The New open path /mnt/sdcard/QQReader/cover/testcopy1.png
D/inject  ( 2978): [+] The New open count 101
D/inject  ( 2978): [+] The old openfile fd -1
D/inject  ( 2978): [+]-----------open test txt file-----------
D/inject  ( 2978): [+] The New open path /mnt/sdcard/QQReader/cover/testcopy.png
D/inject  ( 2978): [+] The New open count 102
D/inject  ( 2978): [+] The old openfile fd -1
D/dalvikvm( 2978): GC_EXPLICIT freed 27K, 50% free 3520K/6983K, external 12534K/14458K, paused 53ms
I/ActivityManager(   61): Starting: Intent { cmp=com.qq.reader/.ReaderPage (has extras) } from pid 2978
D/dalvikvm( 2978): GC_EXPLICIT freed 7K, 50% free 3514K/6983K, external 12534K/13082K, paused 51ms
D/dalvikvm( 2978): GC_EXTERNAL_ALLOC freed <1K, 50% free 3514K/6983K, external 12534K/13082K, paused 55ms
E/test    ( 2978): onSaveInstanceState
W/BackupManagerService(   61): dataChanged but no participant pkg='com.android.providers.settings' uid=10044
D/dalvikvm( 2978): GC_EXPLICIT freed 4K, 50% free 3515K/6983K, external 13284K/15332K, paused 146ms
D/inject  ( 2978): [+]-----------open test txt file-----------
D/inject  ( 2978): [+] The New open path /mnt/sdcard/documents/open.txt
D/inject  ( 2978): [+] The New open count 103
D/inject  ( 2978): [+] The old openfile fd 39
D/inject  ( 2978): [+]-----------open test txt file-----------
D/inject  ( 2978): [+] The New open path /mnt/sdcard/documents/open.txt
D/inject  ( 2978): [+] The New open count 104
D/inject  ( 2978): [+] The old openfile fd 39
D/inject  ( 2978): [+]-----------open test txt file-----------
D/inject  ( 2978): [+] The New open path /mnt/sdcard/QQReader/cha/-943493050open.txt.m
D/inject  ( 2978): [+] The New open count 105
D/inject  ( 2978): [+] The old openfile fd 53
D/inject  ( 2978): [+]-----------open test txt file-----------
D/inject  ( 2978): [+] The New open path /mnt/sdcard/QQReader/cha/-943493050open.txt.m
D/inject  ( 2978): [+] The New open count 106
D/inject  ( 2978): [+] The old openfile fd 53
D/inject  ( 2978): [+]-----------open test txt file-----------
D/inject  ( 2978): [+] The New open path /mnt/sdcard/documents/open.txt
D/inject  ( 2978): [+] The New open count 107
D/inject  ( 2978): [+] The old openfile fd 53
D/inject  ( 2978): [+]-----------open test txt file-----------
D/inject  ( 2978): [+] The New open path /mnt/sdcard/QQReader/cha/-943493050open.txt.m
D/inject  ( 2978): [+] The New open count 108
D/inject  ( 2978): [+] The old openfile fd 53
D/inject  ( 2978): [+]-----------open test txt file-----------
D/inject  ( 2978): [+] The New open path /mnt/sdcard/QQReader/cha/-943493050open.txt.m
D/inject  ( 2978): [+] The New open count 109
D/inject  ( 2978): [+] The old openfile fd 53
I/dalvikvm( 2978): Jit: resizing JitTable from 1024 to 2048
D/dalvikvm( 2978): GC_EXTERNAL_ALLOC freed 136K, 49% free 3622K/6983K, external 14824K/15332K, paused 78ms
D/dalvikvm( 2978): GC_EXPLICIT freed 63K, 50% free 3560K/6983K, external 16408K/18332K, paused 53ms
W/BackupManagerService(   61): dataChanged but no participant pkg='com.android.providers.settings' uid=10044
D/inject  ( 2978): [+]-----------open test txt file-----------
D/inject  ( 2978): [+] The New open path /mnt/sdcard/QQReader/record.db
D/inject  ( 2978): [+] The New open count 110
D/inject  ( 2978): [+] The old openfile fd 53
D/inject  ( 2978): [+]-----------open test txt file-----------
D/inject  ( 2978): [+] The New open path /mnt/sdcard/QQReader/cover/test.png
D/inject  ( 2978): [+] The New open count 111
D/inject  ( 2978): [+] The old openfile fd -1
D/inject  ( 2978): [+]-----------open test txt file-----------
D/inject  ( 2978): [+] The New open path /mnt/sdcard/QQReader/cover/testcopy1.png
D/inject  ( 2978): [+] The New open count 112
D/inject  ( 2978): [+] The old openfile fd -1
D/inject  ( 2978): [+]-----------open test txt file-----------
D/inject  ( 2978): [+] The New open path /mnt/sdcard/QQReader/cover/testcopy.png
D/inject  ( 2978): [+] The New open count 113
D/inject  ( 2978): [+] The old openfile fd -1
D/dalvikvm( 2978): GC_EXPLICIT freed 26K, 49% free 3571K/6983K, external 16408K/18332K, paused 52ms
D/dalvikvm( 2978): GC_EXPLICIT freed 5K, 49% free 3566K/6983K, external 16408K/16956K, paused 53ms
D/dalvikvm( 2978): GC_EXTERNAL_ALLOC freed <1K, 49% free 3566K/6983K, external 16408K/16956K, paused 54ms
I/ActivityManager(   61): Displayed com.qq.reader/.ReaderPage: +2s783ms
D/inject  ( 2978): [+]-----------open test txt file-----------
D/inject  ( 2978): [+] The New open path /mnt/sdcard/documents/open.txt
D/inject  ( 2978): [+] The New open count 114
D/inject  ( 2978): [+] The old openfile fd 53
D/inject  ( 2978): [+]-----------open test txt file-----------
D/inject  ( 2978): [+] The New open path /mnt/sdcard/documents/open.txt
D/inject  ( 2978): [+] The New open count 115
D/inject  ( 2978): [+] The old openfile fd 53
D/inject  ( 2978): [+]-----------open test txt file-----------
D/inject  ( 2978): [+] The New open path /mnt/sdcard/QQReader/cha/-943493050open.txt.m
D/inject  ( 2978): [+] The New open count 116
D/inject  ( 2978): [+] The old openfile fd 62
I/ActivityManager(   61): Displayed com.qq.reader/.ReaderPage: +1s945ms
D/dalvikvm( 2978): GC_EXPLICIT freed 121K, 48% free 3661K/6983K, external 18896K/19206K, paused 56ms
D/dalvikvm( 2978): GC_EXTERNAL_ALLOC freed 168K, 45% free 3842K/6983K, external 18896K/19206K, paused 59ms
D/dalvikvm( 2978): GC_EXPLICIT freed 104K, 47% free 3737K/6983K, external 20396K/22444K, paused 55ms
D/inject  (  419): [+]-----------open test txt file-----------
D/inject  (  419): [+] The New open path /data/data/cn.wps.moffice_eng/files/_localRecord
D/inject  (  419): [+] The New open count 255
D/inject  (  419): [+] The old openfile fd 40
D/inject  (  419): [+]-----------open test txt file-----------
D/inject  (  419): [+] The New open path /data/data/cn.wps.moffice_eng/files/_localRecord
D/inject  (  419): [+] The New open count 256
D/inject  (  419): [+] The old openfile fd 40
D/SntpClient(   61): request time failed: java.net.SocketException: Address family not supported by protocol
D/inject  (  419): [+]-----------open test txt file-----------
D/inject  (  419): [+] The New open path /data/data/cn.wps.moffice_eng/files/_localRecord
D/inject  (  419): [+] The New open count 257
D/inject  (  419): [+] The old openfile fd 40
D/inject  (  419): [+]-----------open test txt file-----------
D/inject  (  419): [+] The New open path /data/data/cn.wps.moffice_eng/files/_localRecord
D/inject  (  419): [+] The New open count 258
D/inject  (  419): [+] The old openfile fd 40
D/dalvikvm(  140): GC_CONCURRENT freed 275K, 52% free 2823K/5767K, external 2174K/2674K, paused 3ms+5ms
V/BackupManagerService(   61): Backup requested but nothing pending
D/inject  (  419): [+]-----------open test txt file-----------
D/inject  (  419): [+] The New open path /data/data/cn.wps.moffice_eng/files/_localRecord
D/inject  (  419): [+] The New open count 259
D/inject  (  419): [+] The old openfile fd 40
D/inject  (  419): [+]-----------open test txt file-----------
D/inject  (  419): [+] The New open path /data/data/cn.wps.moffice_eng/files/_localRecord
D/inject  (  419): [+] The New open count 260
D/inject  (  419): [+] The old openfile fd 40
D/SntpClient(   61): request time failed: java.net.SocketException: Address family not supported by protocol
D/inject  (  419): [+]-----------open test txt file-----------
D/inject  (  419): [+] The New open path /data/data/cn.wps.moffice_eng/files/_localRecord
D/inject  (  419): [+] The New open count 261
D/inject  (  419): [+] The old openfile fd 40
D/inject  (  419): [+]-----------open test txt file-----------
D/inject  (  419): [+] The New open path /data/data/cn.wps.moffice_eng/files/_localRecord
D/inject  (  419): [+] The New open count 262
D/inject  (  419): [+] The old openfile fd 40
D/dalvikvm(  419): GC_CONCURRENT freed 1936K, 48% free 5033K/9607K, external 5713K/6579K, paused 4ms+12ms
D/SntpClient(   61): request time failed: java.net.SocketException: Address family not supported by protocol
D/inject  (  419): [+]-----------open test txt file-----------
D/inject  (  419): [+] The New open path /data/data/cn.wps.moffice_eng/files/_localRecord
D/inject  (  419): [+] The New open count 263
D/inject  (  419): [+] The old openfile fd 40
D/inject  (  419): [+]-----------open test txt file-----------
D/inject  (  419): [+] The New open path /data/data/cn.wps.moffice_eng/files/_localRecord
D/inject  (  419): [+] The New open count 264
D/inject  (  419): [+] The old openfile fd 40
D/inject  (  419): [+]-----------open test txt file-----------
D/inject  (  419): [+] The New open path /data/data/cn.wps.moffice_eng/files/_localRecord
D/inject  (  419): [+] The New open count 265
D/inject  (  419): [+] The old openfile fd 40
D/inject  (  419): [+]-----------open test txt file-----------
D/inject  (  419): [+] The New open path /data/data/cn.wps.moffice_eng/files/_localRecord
D/inject  (  419): [+] The New open count 266
D/inject  (  419): [+] The old openfile fd 40
D/SntpClient(   61): request time failed: java.net.SocketException: Address family not supported by protocol
D/inject  (  419): [+]-----------open test txt file-----------
D/inject  (  419): [+] The New open path /data/data/cn.wps.moffice_eng/files/_localRecord
D/inject  (  419): [+] The New open count 267
D/inject  (  419): [+] The old openfile fd 40
D/inject  (  419): [+]-----------open test txt file-----------
D/inject  (  419): [+] The New open path /data/data/cn.wps.moffice_eng/files/_localRecord
D/inject  (  419): [+] The New open count 268
D/inject  (  419): [+] The old openfile fd 40
D/inject  (  419): [+]-----------open test txt file-----------
D/inject  (  419): [+] The New open path /data/data/cn.wps.moffice_eng/files/_localRecord
D/inject  (  419): [+] The New open count 269
D/inject  (  419): [+] The old openfile fd 40
D/inject  (  419): [+]-----------open test txt file-----------
D/inject  (  419): [+] The New open path /data/data/cn.wps.moffice_eng/files/_localRecord
D/inject  (  419): [+] The New open count 270
D/inject  (  419): [+] The old openfile fd 40
D/SntpClient(   61): request time failed: java.net.SocketException: Address family not supported by protocol
D/inject  (  419): [+]-----------open test txt file-----------
D/inject  (  419): [+] The New open path /data/data/cn.wps.moffice_eng/files/_localRecord
D/inject  (  419): [+] The New open count 271
D/inject  (  419): [+] The old openfile fd 40
D/inject  (  419): [+]-----------open test txt file-----------
D/inject  (  419): [+] The New open path /data/data/cn.wps.moffice_eng/files/_localRecord
D/inject  (  419): [+] The New open count 272
D/inject  (  419): [+] The old openfile fd 40
D/SntpClient(   61): request time failed: java.net.SocketException: Address family not supported by protocol
D/inject  (  419): [+]-----------open test txt file-----------
D/inject  (  419): [+] The New open path /data/data/cn.wps.moffice_eng/files/_localRecord
D/inject  (  419): [+] The New open count 273
D/inject  (  419): [+] The old openfile fd 40
D/inject  (  419): [+]-----------open test txt file-----------
D/inject  (  419): [+] The New open path /data/data/cn.wps.moffice_eng/files/_localRecord
D/inject  (  419): [+] The New open count 274
D/inject  (  419): [+] The old openfile fd 40
D/inject  (  419): [+]-----------open test txt file-----------
D/inject  (  419): [+] The New open path /data/data/cn.wps.moffice_eng/files/_localRecord
D/inject  (  419): [+] The New open count 275
D/inject  (  419): [+] The old openfile fd 40
D/inject  (  419): [+]-----------open test txt file-----------
D/inject  (  419): [+] The New open path /data/data/cn.wps.moffice_eng/files/_localRecord
D/inject  (  419): [+] The New open count 276
D/inject  (  419): [+] The old openfile fd 40
D/dalvikvm(  419): GC_CONCURRENT freed 1968K, 48% free 5069K/9671K, external 5713K/6579K, paused 8ms+12ms
D/SntpClient(   61): request time failed: java.net.SocketException: Address family not supported by protocol
D/dalvikvm(  255): GC_CONCURRENT freed 897K, 51% free 3828K/7687K, external 1753K/2137K, paused 16ms+3ms
D/inject  (  419): [+]-----------open test txt file-----------
D/inject  (  419): [+] The New open path /data/data/cn.wps.moffice_eng/files/_localRecord
D/inject  (  419): [+] The New open count 277
D/inject  (  419): [+] The old openfile fd 40
D/inject  (  419): [+]-----------open test txt file-----------
D/inject  (  419): [+] The New open path /data/data/cn.wps.moffice_eng/files/_localRecord
D/inject  (  419): [+] The New open count 278
D/inject  (  419): [+] The old openfile fd 40
E/dalvikvm(   61): No free temp registers
E/dalvikvm(   61): Jit: aborting trace compilation, reverting to interpreter
D/dalvikvm(  255): Debugger has detached; object registry had 1 entries
D/dalvikvm(   61): Debugger has detached; object registry had 1 entries
D/dalvikvm(  118): Debugger has detached; object registry had 1 entries
D/dalvikvm(  136): Debugger has detached; object registry had 1 entries
D/dalvikvm(  140): Debugger has detached; object registry had 1 entries
D/dalvikvm( 2914): Debugger has detached; object registry had 1 entries
D/dalvikvm( 2978): Debugger has detached; object registry had 1 entries
D/dalvikvm( 2892): Debugger has detached; object registry had 1 entries
D/dalvikvm(  145): Debugger has detached; object registry had 1 entries
D/dalvikvm(  196): Debugger has detached; object registry had 1 entries
D/dalvikvm(  203): Debugger has detached; object registry had 1 entries
D/dalvikvm(  218): Debugger has detached; object registry had 1 entries
D/dalvikvm(  229): Debugger has detached; object registry had 1 entries
D/dalvikvm(  238): Debugger has detached; object registry had 1 entries
D/dalvikvm(  246): Debugger has detached; object registry had 1 entries
D/dalvikvm(  318): Debugger has detached; object registry had 1 entries
D/dalvikvm(  331): Debugger has detached; object registry had 1 entries
D/dalvikvm(  359): Debugger has detached; object registry had 1 entries
D/dalvikvm(  419): Debugger has detached; object registry had 1 entries
D/dalvikvm(  483): Debugger has detached; object registry had 1 entries
D/dalvikvm( 1135): Debugger has detached; object registry had 1 entries
D/dalvikvm( 1148): Debugger has detached; object registry had 1 entries
D/dalvikvm( 1542): Debugger has detached; object registry had 1 entries
D/dalvikvm(   61): GC_CONCURRENT freed 1287K, 53% free 4771K/10119K, external 3127K/3903K, paused 11ms+8ms
D/inject  (  419): [+]-----------open test txt file-----------
D/inject  (  419): [+] The New open path /data/data/cn.wps.moffice_eng/files/_localRecord
D/inject  (  419): [+] The New open count 279
D/inject  (  419): [+] The old openfile fd 9
D/inject  (  419): [+]-----------open test txt file-----------
D/inject  (  419): [+] The New open path /data/data/cn.wps.moffice_eng/files/_localRecord
D/inject  (  419): [+] The New open count 280
D/inject  (  419): [+] The old openfile fd 9
