D/NetworkControllerGemini(  450): refreshViews connected={ data } level=4 combinedSignalIconId=0x7f0202cf/com.android.systemui:drawable/zzz_stat_sys_signal_4_orange combinedActivityIconId=0x0 mobileLabel=中国联通 wifiLabel= combinedLabel=中国联通 mAirplaneMode=false mDataActivity=0 mPhoneSignalIconId=0x7f0202cf mPhoneSignalIconId2=0x0 mDataDirectionIconId=0x7f020253 mDataSignalIconId=0x7f0202cf mDataTypeIconId=0x7f020253 mWifiIconId=0x0 mBluetoothTetherIconId=0x1080568
D/SignalClusterViewGemini(  450): setDataConnected(1), dataConnected=true
D/SignalClusterViewGemini(  450): setDataNetType3G(1), dataNetType=Type_3G
D/SignalClusterViewGemini(  450): apply, mMobileVisible=true mMobileActivityId=0 mMobileTypeId=0 mMobileStrengthId[0] = 2130838219 mMobileStrengthId[1] = 0
D/SignalClusterViewGemini(  450): isSimInserted(0), SimInserted=true
D/SignalClusterViewGemini(  450): mDataNetType =Type_G resId= 0 simColorId = 0
D/SignalClusterViewGemini(  450): apply, mMobileVisibleGemini=true mMobileActivityIdGemini=0 mMobileTypeIdGemini=2130838099 mMobileStrengthIdGemini[0] = 2130838223 mMobileStrengthIdGemini[1] = 0
D/SignalClusterViewGemini(  450): isSimInserted(1), SimInserted=true
D/SignalClusterViewGemini(  450): mDataNetTypeGemini =Type_3G resId= 0 simColorId = 1
D/SignalClusterViewGemini(  450): apply, mMobileVisible=true, mWifiVisible=false, mIsAirplaneMode=false
D/NetworkControllerGemini(  450): PhoneStateListener:onSignalStrengthsChanged, sim2 after.
I/SurfaceTextureClient(  450): [0x4f316450] frames:5, duration:1.090000, fps:4.585983
W/ADB_SERVICES(  128): create_local_service_socket() name=shell:ls -l /storage/
D/ADB_SERVICES(  128): Calling send_ready local=1677, remote=1689
W/ADB_SERVICES( 7910): adb: unable to open /proc/7910/oom_adj
D/ADB_SERVICES(  128):  closing because is_eof=1 r=-1 s->fde.force_eof=0
W/ADB_SERVICES(  128): create_local_service_socket() name=shell:ls -l /storage/sdcard0/
D/ADB_SERVICES(  128): Calling send_ready local=1678, remote=1690
W/ADB_SERVICES( 7912): adb: unable to open /proc/7912/oom_adj
D/ADB_SERVICES(  128):  closing because is_eof=1 r=-1 s->fde.force_eof=0
D/MtkAgps (  114): agpsd socket_msg_read: (34) --> AGPS_CMD_NW_IPADDR_UPDATE 
D/MtkAgps (  114): => agpsd network IP address = 10.26.25.74 
D/MtkAgps (  114): agpsd socket_msg_read: g_conn_fd(14)
D/MtkAgps (  114): agpsd socket_msg_read() 00:12:58
W/ADB_SERVICES(  128): create_local_service_socket() name=shell:ls -l /storage/sdcard0/documents/
D/ADB_SERVICES(  128): Calling send_ready local=1679, remote=1691
W/ADB_SERVICES( 7914): adb: unable to open /proc/7914/oom_adj
D/ADB_SERVICES(  128):  closing because is_eof=1 r=1 s->fde.force_eof=0
W/ADB_SERVICES(  128): create_local_service_socket() name=shell:ls -l /mnt/
D/ADB_SERVICES(  128): Calling send_ready local=1680, remote=1692
W/ADB_SERVICES( 7916): adb: unable to open /proc/7916/oom_adj
D/ADB_SERVICES(  128):  closing because is_eof=1 r=-1 s->fde.force_eof=0
W/ADB_SERVICES(  128): create_local_service_socket() name=shell:ls -l /storage/
D/ADB_SERVICES(  128): Calling send_ready local=1681, remote=1693
W/ADB_SERVICES( 7918): adb: unable to open /proc/7918/oom_adj
D/ADB_SERVICES(  128):  closing because is_eof=1 r=-1 s->fde.force_eof=0
D/MtkAgps (  114): agpsd socket_msg_read: (14) --> AGPS_CMD_CELLINFO
D/MtkAgps (  114): => agps cellinfo: lac(0xa036) cid(0x46dfdf) imsi_len(0xf) mccmnc(0x5)
D/MtkAgps (  114): => imsi(460010020505654) mccmnc(46001)
W/MtkAgps (  114): ** mtk_agps_update_cinfo(): imsi(460010020505654) mcc(460) mnc(1) lac(41014) cid(4644831)**
D/MtkAgps (  114): CM: the original ismi = 460010020505654
D/MtkAgps (  114): CM: the supl transferred order ismi = 0x64000120505056f4
D/MtkAgps (  114): ===========CM: cm_mtk_agps_update_cinfo() for CP================
D/MtkAgps (  114): imsi(460010020505654)
D/MtkAgps (  114): mccmnc(46001)
D/MtkAgps (  114): lac(41014)
D/MtkAgps (  114): cid(4644831)
D/MtkAgps (  114): ===============================================================
W/ADB_SERVICES(  128): create_local_service_socket() name=shell:ls -l /storage/sdcard0/
D/ADB_SERVICES(  128): Calling send_ready local=1682, remote=1694
W/ADB_SERVICES( 7920): adb: unable to open /proc/7920/oom_adj
D/ADB_SERVICES(  128):  closing because is_eof=1 r=1 s->fde.force_eof=0
W/ADB_SERVICES(  128): create_local_service_socket() name=shell:ls -l /storage/sdcard0/documents/
D/ADB_SERVICES(  128): Calling send_ready local=1683, remote=1695
W/ADB_SERVICES( 7922): adb: unable to open /proc/7922/oom_adj
D/ADB_SERVICES(  128):  closing because is_eof=1 r=1 s->fde.force_eof=0
W/ADB_SERVICES(  128): create_local_service_socket() name=shell:ls -l /storage/sdcard0/
D/ADB_SERVICES(  128): Calling send_ready local=1684, remote=1696
W/ADB_SERVICES( 7924): adb: unable to open /proc/7924/oom_adj
D/ADB_SERVICES(  128):  closing because is_eof=1 r=-1 s->fde.force_eof=0
W/ADB_SERVICES(  128): create_local_service_socket() name=shell:ls -l /storage/sdcard0/documents/
D/ADB_SERVICES(  128): Calling send_ready local=1685, remote=1697
W/ADB_SERVICES( 7926): adb: unable to open /proc/7926/oom_adj
D/ADB_SERVICES(  128):  closing because is_eof=1 r=1 s->fde.force_eof=0
W/ADB_SERVICES(  128): create_local_service_socket() name=shell:ls -l /storage/sdcard0/documents/
D/ADB_SERVICES(  128): Calling send_ready local=1686, remote=1698
W/ADB_SERVICES( 7928): adb: unable to open /proc/7928/oom_adj
D/ADB_SERVICES(  128):  closing because is_eof=1 r=1 s->fde.force_eof=0
V/ActivityManager(  356): getTasks: max=1, flags=0, receiver=null
V/ActivityManager(  356): com.qq.reader/.ReaderPage: task=TaskRecord{428ad228 #24 A com.qq.reader U 0}
V/ActivityManager(  356): com.qq.reader/.MainActivity: task=TaskRecord{428ad228 #24 A com.qq.reader U 0}
V/ActivityManager(  356): We have pending thumbnails: null
V/Provider/Setting(  560): from settings cache , name = pdp_watchdog_poll_interval_ms value = null
I/SurfaceFlinger(  102): [SurfaceFlinger] frames:5, duration:1.291000, fps:3.871566
V/Provider/Setting(  356): from settings cache , name = reboot_interval value = null
D/InputReader(  356): InputReader::monitor: lock
D/InputReader(  356): InputReader::monitor: wait 
D/InputReader(  356): InputReader::monitor: unlock
D/InputReader(  356): InputReader::monitor: done
V/ActivityManager(  356): Broadcast sticky: Intent { act=android.intent.action.SIG_STR flg=0x10 (has extras) } ordered=false userid=0
D/NetworkControllerGemini(  450): PhoneStateListener:onSignalStrengthsChanged, sim1 before.
D/NetworkControllerGemini(  450): PhoneStateListener:onSignalStrengthsChanged, signalStrength=4
D/NetworkControllerGemini(  450): updateDataNetType(0), DataNetType=1.
D/NetworkControllerGemini(  450): updateDataNetType(0), simColorId=0
D/NetworkControllerGemini(  450): updateDataNetType(0), DataNetType3G=Type_G tempDataTypeIconId= 2130838122.
D/NetworkControllerGemini(  450): isSimInserted(0), SimInserted=true
D/NetworkControllerGemini(  450): updateTelephonySignalStrength(0), regState=1
D/NetworkControllerGemini(  450): updateTelephonySignalStrength(0), hasService=true
D/NetworkControllerGemini(  450): updateTelephonySignalStrength(0), isRoaming=false, mInetCondition=1
D/NetworkControllerGemini(  450): updateTelephonySignalStrength(0), simColorId=0
D/Bluetooth HS/HF(  560): [BT][HFG] [API] mStateReceiver.onReceive(android.intent.action.SIG_STR)
D/Bluetooth HS/HF(  560): [BT][HFG] [API] mHandler.handleMessage(10)
D/NetworkControllerGemini(  450): updateTelephonySignalStrength(0), tempDataNetType = Type_G , simColorId=0  tempPhoneSignalIconId[0] = 2130838219  tempPhoneSignalIconId[1] = 0
D/NetworkControllerGemini(  450):  updateTelephonySignalStrength(0) tempSIMCUSignVisible= true
D/NetworkControllerGemini(  450): updateTelephonySignalStrength(0) mSIMCUSignVisible= true
D/NetworkControllerGemini(  450): isSimInserted(0), SimInserted=true
D/NetworkControllerGemini(  450): isSimInserted(1), SimInserted=true
D/NetworkControllerGemini(  450): updateOperatorInfo, sim1Inserted is true, sim2Inserted is true.
D/NetworkControllerGemini(  450): updateSignalBackgroundBySlotId(0), MobileVisible=true, ResId=33685710
D/NetworkControllerGemini(  450): refreshViews(0), DataConnected=false
D/NetworkControllerGemini(  450): refreshViews(0), dataTypeIconId=0
D/NetworkControllerGemini(  450): refreshViews connected={ } level=4 combinedSignalIconId=0x7f0202cb/com.android.systemui:drawable/zzz_stat_sys_signal_4_blue combinedActivityIconId=0x0 mobileLabel=中国联通 wifiLabel= combinedLabel=未连接互联网 mAirplaneMode=false mDataActivity=0 mPhoneSignalIconId=0x7f0202cb mPhoneSignalIconId2=0x0 mDataDirectionIconId=0x0 mDataSignalIconId=0x7f0202cb mDataTypeIconId=0x0 mWifiIconId=0x0 mBluetoothTetherIconId=0x1080568
D/SignalClusterViewGemini(  450): setDataConnected(0), dataConnected=false
D/SignalClusterViewGemini(  450): setDataNetType3G(0), dataNetType=Type_G
D/SignalClusterViewGemini(  450): apply, mMobileVisible=true mMobileActivityId=0 mMobileTypeId=0 mMobileStrengthId[0] = 2130838219 mMobileStrengthId[1] = 0
D/SignalClusterViewGemini(  450): isSimInserted(0), SimInserted=true
D/SignalClusterViewGemini(  450): mDataNetType =Type_G resId= 0 simColorId = 0
D/SignalClusterViewGemini(  450): apply, mMobileVisibleGemini=true mMobileActivityIdGemini=0 mMobileTypeIdGemini=2130838099 mMobileStrengthIdGemini[0] = 2130838223 mMobileStrengthIdGemini[1] = 0
D/SignalClusterViewGemini(  450): isSimInserted(1), SimInserted=true
D/SignalClusterViewGemini(  450): mDataNetTypeGemini =Type_3G resId= 0 simColorId = 1
D/SignalClusterViewGemini(  450): apply, mMobileVisible=true, mWifiVisible=false, mIsAirplaneMode=false
D/NetworkControllerGemini(  450): refreshViews(0), DataConnected=false
D/NetworkControllerGemini(  450): refreshViews(0), dataTypeIconId=0
D/NetworkControllerGemini(  450): refreshViews connected={ } level=4 combinedSignalIconId=0x7f0202cb/com.android.systemui:drawable/zzz_stat_sys_signal_4_blue combinedActivityIconId=0x0 mobileLabel=中国联通 wifiLabel= combinedLabel=未连接互联网 mAirplaneMode=false mDataActivity=0 mPhoneSignalIconId=0x7f0202cb mPhoneSignalIconId2=0x0 mDataDirectionIconId=0x0 mDataSignalIconId=0x7f0202cb mDataTypeIconId=0x0 mWifiIconId=0x0 mBluetoothTetherIconId=0x1080568
D/SignalClusterViewGemini(  450): setDataConnected(0), dataConnected=false
D/SignalClusterViewGemini(  450): setDataNetType3G(0), dataNetType=Type_G
D/SignalClusterViewGemini(  450): apply, mMobileVisible=true mMobileActivityId=0 mMobileTypeId=0 mMobileStrengthId[0] = 2130838219 mMobileStrengthId[1] = 0
D/SignalClusterViewGemini(  450): isSimInserted(0), SimInserted=true
D/SignalClusterViewGemini(  450): mDataNetType =Type_G resId= 0 simColorId = 0
D/SignalClusterViewGemini(  450): apply, mMobileVisibleGemini=true mMobileActivityIdGemini=0 mMobileTypeIdGemini=2130838099 mMobileStrengthIdGemini[0] = 2130838223 mMobileStrengthIdGemini[1] = 0
D/SignalClusterViewGemini(  450): isSimInserted(1), SimInserted=true
D/SignalClusterViewGemini(  450): mDataNetTypeGemini =Type_3G resId= 0 simColorId = 1
D/SignalClusterViewGemini(  450): apply, mMobileVisible=true, mWifiVisible=false, mIsAirplaneMode=false
D/NetworkControllerGemini(  450): PhoneStateListener:onSignalStrengthsChanged, sim1 after.
I/SurfaceTextureClient(  450): [0x4f316450] frames:2, duration:1.198000, fps:1.668090
V/ActivityManager(  356): getTasks: max=1, flags=0, receiver=null
V/ActivityManager(  356): com.qq.reader/.ReaderPage: task=TaskRecord{428ad228 #24 A com.qq.reader U 0}
V/ActivityManager(  356): com.qq.reader/.MainActivity: task=TaskRecord{428ad228 #24 A com.qq.reader U 0}
V/ActivityManager(  356): We have pending thumbnails: null
V/Provider/Setting(  560): from settings cache , name = pdp_watchdog_poll_interval_ms value = null
D/KeyguardViewMediator(  356): handleTimeout, seq=23, mWakelockSequence=23
D/Settings/Provide(  356): lookupValue table system cache contains Key powerchargingval_usb value = Bundle[{value=74,78,106,70,86,72,73,70,135,90,73,60,396,103,98,93,1816,178,101,96,69,97,70,63,62,88,79,67,73,64,88,91,102,163,151,123,380,209,285,303,125,117,163,152,89,175,183,197,162,142,200,191,233,257,194,215,188,124,122,139,88,70,179,81,100,85,158,96,87,119,232,193,243,410,153,145,170,163,166,141,343,271,312,527,357,276,350,613,772,271,252,64,62,63,155,137,62,62,63,100,3446,}]
V/Provider/Setting(  356): from db cache, name = powerchargingval_usb value = 74,78,106,70,86,72,73,70,135,90,73,60,396,103,98,93,1816,178,101,96,69,97,70,63,62,88,79,67,73,64,88,91,102,163,151,123,380,209,285,303,125,117,163,152,89,175,183,197,162,142,200,191,233,257,194,215,188,124,122,139,88,70,179,81,100,85,158,96,87,119,232,193,243,410,153,145,170,163,166,141,343,271,312,527,357,276,350,613,772,271,252,64,62,63,155,137,62,62,63,100,3446,
I/BatteryService(  356): sendIntent mBootCompleted=true
I/BatteryService(  356): sendIntent mBatteryEstimationChargeTime=3604
V/ActivityManager(  356): Broadcast sticky: Intent { act=android.intent.action.BATTERY_CHANGED flg=0x60000010 (has extras) } ordered=false userid=0
I/KeyguardUpdateMonitor(  356): ACTION_BATTERY_CHANGED, status=2,plugged=2, level=96, health=2
D/Bluetooth HS/HF(  560): [BT][HFG] [API] mStateReceiver.onReceive(android.intent.action.BATTERY_CHANGED)
D/Bluetooth HS/HF(  560): [BT][HFG] [API] mHandler.handleMessage(9)
D/Bluetooth HS/HF(  560): [BT][HFG] [API] updateBatteryState
D/UsbDeviceManager(  356): onReceive - ACTION_BATTERY_CHANGED - mPlugType: 2, mSettingUsbCharging: false, mConnected: true, mSettingUsbBicr: false
D/Settings/Provide(  356): lookupValue table system cache contains Key powerlowwarningval value = null
D/Settings/Provide(  356): lookupValue table system cache.fullyMatchesDisk() powerlowwarningval
V/Provider/Setting(  450): from db cache, name = powerlowwarningval value = null
D/PowerUI (  450): action = android.intent.action.BATTERY_CHANGED
D/PowerUI (  450): Intent start() ret = false mHideLowBDialog= true
D/PowerUI (  450): oldBatteryLevel = 96mBatteryLevel = 96
D/PowerUI (  450): dismissLowBatteryWarning***************
I/SurfaceFlinger(  102): [SurfaceFlinger] frames:4, duration:1.008000, fps:3.964741
V/NotificationService(  356): enqueueNotificationInternal: pkg=com.lbe.security id=2 notification=Notification(pri=0 contentView=com.lbe.security/0x7f030063 vibrate=null sound=null defaults=0x0 flags=0x42 kind=[null])
V/NotificationService(  356): notifications are enabled for com.lbe.security
V/NotificationService(  356): Assigned score=0 to Notification(pri=0 contentView=com.lbe.security/0x7f030063 vibrate=null sound=null defaults=0x0 flags=0x42 kind=[null])
D/NotificationService(  356): pakage=com.lbe.security,In NotificationMangerService, this notification soud, leds and vibrate enable
V/AppWidgetContext(  450): context permission not changed
D/StatusBar(  450): collapsing notification at 0
D/NotificationService(  356): useDefaultSound=false
D/NotificationService(  356): notification.sound=null
D/NotificationService(  356): mDmLock=false
D/StatusBar(  450): setting collapsed row height to 96
D/StatusBar(  450): collapsing notification at 1
D/StatusBar(  450): setting collapsed row height to 96
D/StatusBar(  450): collapsing notification at 2
D/StatusBar(  450): setting collapsed row height to 96
D/StatusBar(  450): collapsing notification at 3
D/StatusBar(  450): setting collapsed row height to 96
D/StatusBar(  450): expanding top notification at 4
D/StatusBar(  450): setting collapsed row height to 96
D/zhangxianjia ,phone statusbar(  450): com.lbe.security
V/ActivityManager(  356): getTasks: max=1, flags=0, receiver=null
V/ActivityManager(  356): com.qq.reader/.ReaderPage: task=TaskRecord{428ad228 #24 A com.qq.reader U 0}
V/ActivityManager(  356): com.qq.reader/.MainActivity: task=TaskRecord{428ad228 #24 A com.qq.reader U 0}
V/ActivityManager(  356): We have pending thumbnails: null
V/Provider/Setting(  560): from settings cache , name = pdp_watchdog_poll_interval_ms value = null
I/SurfaceTextureClient(  450): [0x4f316450] frames:4, duration:1.724000, fps:2.318906
I/SurfaceFlinger(  102): [SurfaceFlinger] frames:1, duration:1.004000, fps:0.995254
D/dalvikvm( 1357): GC_CONCURRENT freed 1401K, 49% free 3687K/7159K, paused 11ms+10ms, total 47ms
V/ActivityManager(  356): getTasks: max=1, flags=0, receiver=null
V/ActivityManager(  356): com.qq.reader/.ReaderPage: task=TaskRecord{428ad228 #24 A com.qq.reader U 0}
V/ActivityManager(  356): com.qq.reader/.MainActivity: task=TaskRecord{428ad228 #24 A com.qq.reader U 0}
V/ActivityManager(  356): We have pending thumbnails: null
V/Provider/Setting(  560): from settings cache , name = pdp_watchdog_poll_interval_ms value = null
I/LBE     ( 1357): MESSAGE_CHECK_DATA_USAGE---------->
D/MobileDataStateTracker(  356): default: getNetworkInfo: updated IsAvailable=true
D/MobileDataStateTracker(  356): default: getNetworkInfo: updated IsAvailable=true
D/ConnectivityService(  356): getActiveNetworkInfo:NetworkInfo: type: mobile[GPRS], state: CONNECTED/CONNECTED, reason: psRestrictEnabled, extra: 3gnet, roaming: false, failover: false, isAvailable: true, simId: 1/10106
V/NotificationService(  356): enqueueNotificationInternal: pkg=com.lbe.security id=2 notification=Notification(pri=0 contentView=com.lbe.security/0x7f030063 vibrate=null sound=null defaults=0x0 flags=0x42 kind=[null])
V/NotificationService(  356): notifications are enabled for com.lbe.security
V/NotificationService(  356): Assigned score=0 to Notification(pri=0 contentView=com.lbe.security/0x7f030063 vibrate=null sound=null defaults=0x0 flags=0x42 kind=[null])
D/NotificationService(  356): pakage=com.lbe.security,In NotificationMangerService, this notification soud, leds and vibrate enable
V/AppWidgetContext(  450): context permission not changed
D/StatusBar(  450): collapsing notification at 0
D/NotificationService(  356): useDefaultSound=false
D/NotificationService(  356): notification.sound=null
D/NotificationService(  356): mDmLock=false
D/StatusBar(  450): setting collapsed row height to 96
D/StatusBar(  450): collapsing notification at 1
D/StatusBar(  450): setting collapsed row height to 96
D/StatusBar(  450): collapsing notification at 2
D/StatusBar(  450): setting collapsed row height to 96
D/StatusBar(  450): collapsing notification at 3
D/StatusBar(  450): setting collapsed row height to 96
D/StatusBar(  450): expanding top notification at 4
D/StatusBar(  450): setting collapsed row height to 96
D/zhangxianjia ,phone statusbar(  450): com.lbe.security
I/ATCIJ   ( 7555): Couldn't find 'atci-serv-fw' socket; retrying after timeout
V/ActivityManager(  356): getTasks: max=1, flags=0, receiver=null
V/ActivityManager(  356): com.qq.reader/.ReaderPage: task=TaskRecord{428ad228 #24 A com.qq.reader U 0}
V/ActivityManager(  356): com.qq.reader/.MainActivity: task=TaskRecord{428ad228 #24 A com.qq.reader U 0}
V/ActivityManager(  356): We have pending thumbnails: null
V/Provider/Setting(  560): from settings cache , name = pdp_watchdog_poll_interval_ms value = null
W/ADB_SERVICES(  128): create_local_service_socket() name=shell:ls -l /
D/ADB_SERVICES(  128): Calling send_ready local=1687, remote=1699
W/ADB_SERVICES( 7932): adb: unable to open /proc/7932/oom_adj
D/ADB_SERVICES(  128):  closing because is_eof=1 r=1 s->fde.force_eof=0
W/ADB_SERVICES(  128): create_local_service_socket() name=shell:ls -l -d /emmc@android/
D/ADB_SERVICES(  128): Calling send_ready local=1688, remote=1700
W/ADB_SERVICES( 7934): adb: unable to open /proc/7934/oom_adj
D/ADB_SERVICES(  128):  closing because is_eof=1 r=1 s->fde.force_eof=0
W/ADB_SERVICES(  128): create_local_service_socket() name=shell:ls -l -d /emmc@cache/
D/ADB_SERVICES(  128): Calling send_ready local=1689, remote=1701
W/ADB_SERVICES( 7936): adb: unable to open /proc/7936/oom_adj
D/ADB_SERVICES(  128):  closing because is_eof=1 r=1 s->fde.force_eof=0
W/ADB_SERVICES(  128): create_local_service_socket() name=shell:ls -l -d /emmc@ebr1/
D/ADB_SERVICES(  128): Calling send_ready local=1690, remote=1702
W/ADB_SERVICES( 7938): adb: unable to open /proc/7938/oom_adj
D/ADB_SERVICES(  128):  closing because is_eof=1 r=-1 s->fde.force_eof=0
D/ADB_SERVICES(  128): adb fdevent_process list (57) (14) (71) 
W/ADB_SERVICES(  128): create_local_service_socket() name=shell:ls -l -d /emmc@fat/
D/ADB_SERVICES(  128): Calling send_ready local=1691, remote=1703
D/ADB_SERVICES(  128): adb local_socket_ready list (57) (71) 
D/ADB_SERVICES(  128): adb socket read list (57) (71) 
D/ADB_SERVICES(  128): read_data=58256
D/ADB_SERVICES(  128): max_read_time=0.000252 max_send_time=0.000111 
W/ADB_SERVICES( 7940): adb: unable to open /proc/7940/oom_adj
D/ADB_SERVICES(  128):  closing because is_eof=1 r=1 s->fde.force_eof=0
W/ADB_SERVICES(  128): create_local_service_socket() name=shell:ls -l -d /emmc@sec_ro/
D/ADB_SERVICES(  128): Calling send_ready local=1692, remote=1704
W/ADB_SERVICES( 7942): adb: unable to open /proc/7942/oom_adj
D/ADB_SERVICES(  128):  closing because is_eof=1 r=1 s->fde.force_eof=0
W/ADB_SERVICES(  128): create_local_service_socket() name=shell:ls -l -d /emmc@usrdata/
I/SurfaceTextureClient(  450): [0x4f316450] frames:3, duration:1.995000, fps:1.503053
D/ADB_SERVICES(  128): Calling send_ready local=1693, remote=1705
W/ADB_SERVICES( 7944): adb: unable to open /proc/7944/oom_adj
D/ADB_SERVICES(  128):  closing because is_eof=1 r=1 s->fde.force_eof=0
I/SurfaceFlinger(  102): [SurfaceFlinger] frames:3, duration:1.996000, fps:1.502895
W/ADB_SERVICES(  128): create_local_service_socket() name=shell:ls -l /mnt/
D/ADB_SERVICES(  128): Calling send_ready local=1694, remote=1706
W/ADB_SERVICES( 7946): adb: unable to open /proc/7946/oom_adj
D/ADB_SERVICES(  128):  closing because is_eof=1 r=-1 s->fde.force_eof=0
W/ADB_SERVICES(  128): create_local_service_socket() name=shell:ls -l /storage/
D/ADB_SERVICES(  128): Calling send_ready local=1695, remote=1707
W/ADB_SERVICES( 7948): adb: unable to open /proc/7948/oom_adj
D/ADB_SERVICES(  128):  closing because is_eof=1 r=1 s->fde.force_eof=0
W/ADB_SERVICES(  128): create_local_service_socket() name=shell:ls -l /storage/sdcard0/
D/ADB_SERVICES(  128): Calling send_ready local=1696, remote=1708
W/ADB_SERVICES( 7950): adb: unable to open /proc/7950/oom_adj
D/ADB_SERVICES(  128):  closing because is_eof=1 r=-1 s->fde.force_eof=0
W/ADB_SERVICES(  128): create_local_service_socket() name=shell:ls -l /storage/sdcard0/documents/
D/ADB_SERVICES(  128): Calling send_ready local=1697, remote=1709
W/ADB_SERVICES( 7952): adb: unable to open /proc/7952/oom_adj
D/ADB_SERVICES(  128):  closing because is_eof=1 r=-1 s->fde.force_eof=0
W/ADB_SERVICES(  128): create_local_service_socket() name=shell:ls -l /mnt/
D/ADB_SERVICES(  128): Calling send_ready local=1698, remote=1710
W/ADB_SERVICES( 7954): adb: unable to open /proc/7954/oom_adj
V/ActivityManager(  356): Broadcast sticky: Intent { act=android.intent.action.SIG_STR flg=0x10 (has extras) } ordered=false userid=0
D/NetworkControllerGemini(  450): PhoneStateListener:onSignalStrengthsChanged, sim2 before.
D/NetworkControllerGemini(  450): PhoneStateListener:onSignalStrengthsChanged, signalStrength=4
D/NetworkControllerGemini(  450): updateDataNetType(1), DataNetType=3.
D/Bluetooth HS/HF(  560): [BT][HFG] [API] mStateReceiver.onReceive(android.intent.action.SIG_STR)
D/NetworkControllerGemini(  450): updateDataNetType(1), simColorId=1
D/NetworkControllerGemini(  450): updateDataNetType(1), DataNetType3G=Type_3G tempDataTypeIconId= 2130838099.
D/Bluetooth HS/HF(  560): [BT][HFG] [API] mHandler.handleMessage(10)
D/NetworkControllerGemini(  450): isSimInserted(1), SimInserted=true
D/NetworkControllerGemini(  450): updateTelephonySignalStrength(1), regState=1
D/NetworkControllerGemini(  450): updateTelephonySignalStrength(1), hasService=true
D/NetworkControllerGemini(  450): updateTelephonySignalStrength(1), isRoaming=false, mInetCondition=1
D/NetworkControllerGemini(  450): updateTelephonySignalStrength(1), simColorId=1
D/NetworkControllerGemini(  450): updateTelephonySignalStrength(1), tempDataNetType = Type_3G , simColorId=1  tempPhoneSignalIconId[0] = 2130838223  tempPhoneSignalIconId[1] = 0
D/NetworkControllerGemini(  450):  updateTelephonySignalStrength(1) tempSIMCUSignVisible= true
D/NetworkControllerGemini(  450): updateTelephonySignalStrength(1) mSIMCUSignVisible= true
D/NetworkControllerGemini(  450): isSimInserted(0), SimInserted=true
D/NetworkControllerGemini(  450): isSimInserted(1), SimInserted=true
D/NetworkControllerGemini(  450): updateOperatorInfo, sim1Inserted is true, sim2Inserted is true.
D/NetworkControllerGemini(  450): updateSignalBackgroundBySlotId(1), MobileVisible=true, ResId=33685713
D/NetworkControllerGemini(  450): refreshViews(1), DataConnected=true
D/NetworkControllerGemini(  450): refreshViews(1), mMobileActivityIconId=0, mMobileActivityIconIdGemini=0
D/NetworkControllerGemini(  450): refreshViews connected={ data } level=4 combinedSignalIconId=0x7f0202cf/com.android.systemui:drawable/zzz_stat_sys_signal_4_orange combinedActivityIconId=0x0 mobileLabel=中国联通 wifiLabel= combinedLabel=中国联通 mAirplaneMode=false mDataActivity=0 mPhoneSignalIconId=0x7f0202cf mPhoneSignalIconId2=0x0 mDataDirectionIconId=0x7f020253 mDataSignalIconId=0x7f0202cf mDataTypeIconId=0x7f020253 mWifiIconId=0x0 mBluetoothTetherIconId=0x1080568
D/SignalClusterViewGemini(  450): setDataConnected(1), dataConnected=true
D/SignalClusterViewGemini(  450): setDataNetType3G(1), dataNetType=Type_3G
D/SignalClusterViewGemini(  450): apply, mMobileVisible=true mMobileActivityId=0 mMobileTypeId=0 mMobileStrengthId[0] = 2130838219 mMobileStrengthId[1] = 0
D/SignalClusterViewGemini(  450): isSimInserted(0), SimInserted=true
D/SignalClusterViewGemini(  450): mDataNetType =Type_G resId= 0 simColorId = 0
D/SignalClusterViewGemini(  450): apply, mMobileVisibleGemini=true mMobileActivityIdGemini=0 mMobileTypeIdGemini=2130838099 mMobileStrengthIdGemini[0] = 2130838223 mMobileStrengthIdGemini[1] = 0
D/SignalClusterViewGemini(  450): isSimInserted(1), SimInserted=true
D/SignalClusterViewGemini(  450): mDataNetTypeGemini =Type_3G resId= 0 simColorId = 1
D/SignalClusterViewGemini(  450): apply, mMobileVisible=true, mWifiVisible=false, mIsAirplaneMode=false
D/NetworkControllerGemini(  450): refreshViews(1), DataConnected=true
D/NetworkControllerGemini(  450): refreshViews(1), mMobileActivityIconId=0, mMobileActivityIconIdGemini=0
D/NetworkControllerGemini(  450): refreshViews connected={ data } level=4 combinedSignalIconId=0x7f0202cf/com.android.systemui:drawable/zzz_stat_sys_signal_4_orange combinedActivityIconId=0x0 mobileLabel=中国联通 wifiLabel= combinedLabel=中国联通 mAirplaneMode=false mDataActivity=0 mPhoneSignalIconId=0x7f0202cf mPhoneSignalIconId2=0x0 mDataDirectionIconId=0x7f020253 mDataSignalIconId=0x7f0202cf mDataTypeIconId=0x7f020253 mWifiIconId=0x0 mBluetoothTetherIconId=0x1080568
D/SignalClusterViewGemini(  450): setDataConnected(1), dataConnected=true
D/SignalClusterViewGemini(  450): setDataNetType3G(1), dataNetType=Type_3G
D/SignalClusterViewGemini(  450): apply, mMobileVisible=true mMobileActivityId=0 mMobileTypeId=0 mMobileStrengthId[0] = 2130838219 mMobileStrengthId[1] = 0
D/SignalClusterViewGemini(  450): isSimInserted(0), SimInserted=true
D/SignalClusterViewGemini(  450): mDataNetType =Type_G resId= 0 simColorId = 0
D/SignalClusterViewGemini(  450): apply, mMobileVisibleGemini=true mMobileActivityIdGemini=0 mMobileTypeIdGemini=2130838099 mMobileStrengthIdGemini[0] = 2130838223 mMobileStrengthIdGemini[1] = 0
D/SignalClusterViewGemini(  450): isSimInserted(1), SimInserted=true
D/SignalClusterViewGemini(  450): mDataNetTypeGemini =Type_3G resId= 0 simColorId = 1
D/SignalClusterViewGemini(  450): apply, mMobileVisible=true, mWifiVisible=false, mIsAirplaneMode=false
D/NetworkControllerGemini(  450): PhoneStateListener:onSignalStrengthsChanged, sim2 after.
D/ADB_SERVICES(  128):  closing because is_eof=1 r=-1 s->fde.force_eof=0
W/ADB_SERVICES(  128): create_local_service_socket() name=shell:ls -l /storage/
D/ADB_SERVICES(  128): Calling send_ready local=1699, remote=1711
W/ADB_SERVICES( 7956): adb: unable to open /proc/7956/oom_adj
D/ADB_SERVICES(  128):  closing because is_eof=1 r=1 s->fde.force_eof=0
W/ADB_SERVICES(  128): create_local_service_socket() name=shell:ls -l /storage/sdcard0/
D/ADB_SERVICES(  128): Calling send_ready local=1700, remote=1712
W/ADB_SERVICES( 7958): adb: unable to open /proc/7958/oom_adj
D/ADB_SERVICES(  128):  closing because is_eof=1 r=-1 s->fde.force_eof=0
W/ADB_SERVICES(  128): create_local_service_socket() name=shell:ls -l /storage/sdcard0/documents/
D/ADB_SERVICES(  128): Calling send_ready local=1701, remote=1713
W/ADB_SERVICES( 7960): adb: unable to open /proc/7960/oom_adj
D/ADB_SERVICES(  128):  closing because is_eof=1 r=-1 s->fde.force_eof=0
W/ADB_SERVICES(  128): create_local_service_socket() name=shell:ls -l /storage/sdcard0/
D/ADB_SERVICES(  128): Calling send_ready local=1702, remote=1714
W/ADB_SERVICES( 7962): adb: unable to open /proc/7962/oom_adj
D/ADB_SERVICES(  128):  closing because is_eof=1 r=-1 s->fde.force_eof=0
W/ADB_SERVICES(  128): create_local_service_socket() name=shell:ls -l /storage/sdcard0/documents/
D/ADB_SERVICES(  128): Calling send_ready local=1703, remote=1715
W/ADB_SERVICES( 7964): adb: unable to open /proc/7964/oom_adj
D/ADB_SERVICES(  128):  closing because is_eof=1 r=-1 s->fde.force_eof=0
W/ADB_SERVICES(  128): create_local_service_socket() name=shell:ls -l /storage/sdcard0/documents/
D/ADB_SERVICES(  128): Calling send_ready local=1704, remote=1716
W/ADB_SERVICES( 7966): adb: unable to open /proc/7966/oom_adj
D/ADB_SERVICES(  128):  closing because is_eof=1 r=-1 s->fde.force_eof=0
V/NotificationService(  356): enqueueNotificationInternal: pkg=com.lbe.security id=2 notification=Notification(pri=0 contentView=com.lbe.security/0x7f030063 vibrate=null sound=null defaults=0x0 flags=0x42 kind=[null])
V/NotificationService(  356): notifications are enabled for com.lbe.security
V/NotificationService(  356): Assigned score=0 to Notification(pri=0 contentView=com.lbe.security/0x7f030063 vibrate=null sound=null defaults=0x0 flags=0x42 kind=[null])
D/NotificationService(  356): pakage=com.lbe.security,In NotificationMangerService, this notification soud, leds and vibrate enable
V/AppWidgetContext(  450): context permission not changed
D/StatusBar(  450): collapsing notification at 0
D/NotificationService(  356): useDefaultSound=false
D/NotificationService(  356): notification.sound=null
D/NotificationService(  356): mDmLock=false
D/StatusBar(  450): setting collapsed row height to 96
D/StatusBar(  450): collapsing notification at 1
D/StatusBar(  450): setting collapsed row height to 96
D/StatusBar(  450): collapsing notification at 2
D/StatusBar(  450): setting collapsed row height to 96
D/StatusBar(  450): collapsing notification at 3
D/StatusBar(  450): setting collapsed row height to 96
D/StatusBar(  450): expanding top notification at 4
D/StatusBar(  450): setting collapsed row height to 96
D/zhangxianjia ,phone statusbar(  450): com.lbe.security
V/ActivityManager(  356): getTasks: max=1, flags=0, receiver=null
V/ActivityManager(  356): com.qq.reader/.ReaderPage: task=TaskRecord{428ad228 #24 A com.qq.reader U 0}
V/ActivityManager(  356): com.qq.reader/.MainActivity: task=TaskRecord{428ad228 #24 A com.qq.reader U 0}
V/ActivityManager(  356): We have pending thumbnails: null
V/Provider/Setting(  560): from settings cache , name = pdp_watchdog_poll_interval_ms value = null
V/ActivityManager(  356): getTasks: max=1, flags=0, receiver=null
V/ActivityManager(  356): com.qq.reader/.ReaderPage: task=TaskRecord{428ad228 #24 A com.qq.reader U 0}
V/ActivityManager(  356): com.qq.reader/.MainActivity: task=TaskRecord{428ad228 #24 A com.qq.reader U 0}
V/ActivityManager(  356): We have pending thumbnails: null
V/Provider/Setting(  560): from settings cache , name = pdp_watchdog_poll_interval_ms value = null
I/SurfaceTextureClient(  450): [0x4f316450] frames:4, duration:1.995000, fps:2.004450
I/SurfaceFlinger(  102): [SurfaceFlinger] frames:4, duration:1.995000, fps:2.004632
V/ActivityManager(  356): getTasks: max=1, flags=0, receiver=null
V/ActivityManager(  356): com.qq.reader/.ReaderPage: task=TaskRecord{428ad228 #24 A com.qq.reader U 0}
V/ActivityManager(  356): com.qq.reader/.MainActivity: task=TaskRecord{428ad228 #24 A com.qq.reader U 0}
V/ActivityManager(  356): We have pending thumbnails: null
V/Provider/Setting(  560): from settings cache , name = pdp_watchdog_poll_interval_ms value = null
I/ATCIJ   ( 7555): Couldn't find 'atci-serv-fw' socket; retrying after timeout
V/NotificationService(  356): enqueueNotificationInternal: pkg=com.lbe.security id=2 notification=Notification(pri=0 contentView=com.lbe.security/0x7f030063 vibrate=null sound=null defaults=0x0 flags=0x42 kind=[null])
V/NotificationService(  356): notifications are enabled for com.lbe.security
V/NotificationService(  356): Assigned score=0 to Notification(pri=0 contentView=com.lbe.security/0x7f030063 vibrate=null sound=null defaults=0x0 flags=0x42 kind=[null])
D/NotificationService(  356): pakage=com.lbe.security,In NotificationMangerService, this notification soud, leds and vibrate enable
V/AppWidgetContext(  450): context permission not changed
D/StatusBar(  450): collapsing notification at 0
D/NotificationService(  356): useDefaultSound=false
D/NotificationService(  356): notification.sound=null
D/NotificationService(  356): mDmLock=false
D/StatusBar(  450): setting collapsed row height to 96
D/StatusBar(  450): collapsing notification at 1
D/StatusBar(  450): setting collapsed row height to 96
D/StatusBar(  450): collapsing notification at 2
D/StatusBar(  450): setting collapsed row height to 96
D/StatusBar(  450): collapsing notification at 3
D/StatusBar(  450): setting collapsed row height to 96
D/StatusBar(  450): expanding top notification at 4
D/StatusBar(  450): setting collapsed row height to 96
D/zhangxianjia ,phone statusbar(  450): com.lbe.security
V/ActivityManager(  356): getTasks: max=1, flags=0, receiver=null
V/ActivityManager(  356): com.qq.reader/.ReaderPage: task=TaskRecord{428ad228 #24 A com.qq.reader U 0}
V/ActivityManager(  356): com.qq.reader/.MainActivity: task=TaskRecord{428ad228 #24 A com.qq.reader U 0}
V/ActivityManager(  356): We have pending thumbnails: null
V/Provider/Setting(  560): from settings cache , name = pdp_watchdog_poll_interval_ms value = null
I/SurfaceTextureClient(  450): [0x4f316450] frames:3, duration:1.995000, fps:1.503261
I/SurfaceFlinger(  102): [SurfaceFlinger] frames:3, duration:1.995000, fps:1.503270
V/ActivityManager(  356): getTasks: max=1, flags=0, receiver=null
V/ActivityManager(  356): com.qq.reader/.ReaderPage: task=TaskRecord{428ad228 #24 A com.qq.reader U 0}
V/ActivityManager(  356): com.qq.reader/.MainActivity: task=TaskRecord{428ad228 #24 A com.qq.reader U 0}
V/ActivityManager(  356): We have pending thumbnails: null
V/Provider/Setting(  560): from settings cache , name = pdp_watchdog_poll_interval_ms value = null
W/ADB_SERVICES(  128): create_local_service_socket() name=shell:ls -l /
D/ADB_SERVICES(  128): Calling send_ready local=1705, remote=1717
W/ADB_SERVICES( 7968): adb: unable to open /proc/7968/oom_adj
D/ADB_SERVICES(  128):  closing because is_eof=1 r=1 s->fde.force_eof=0
W/ADB_SERVICES(  128): create_local_service_socket() name=shell:ls -l -d /emmc@android/
D/ADB_SERVICES(  128): Calling send_ready local=1706, remote=1718
W/ADB_SERVICES( 7970): adb: unable to open /proc/7970/oom_adj
D/ADB_SERVICES(  128):  closing because is_eof=1 r=1 s->fde.force_eof=0
W/ADB_SERVICES(  128): create_local_service_socket() name=shell:ls -l -d /emmc@cache/
D/ADB_SERVICES(  128): Calling send_ready local=1707, remote=1719
W/ADB_SERVICES( 7972): adb: unable to open /proc/7972/oom_adj
D/ADB_SERVICES(  128):  closing because is_eof=1 r=1 s->fde.force_eof=0
W/ADB_SERVICES(  128): create_local_service_socket() name=shell:ls -l -d /emmc@ebr1/
D/ADB_SERVICES(  128): Calling send_ready local=1708, remote=1720
W/ADB_SERVICES( 7974): adb: unable to open /proc/7974/oom_adj
D/ADB_SERVICES(  128):  closing because is_eof=1 r=1 s->fde.force_eof=0
D/ADB_SERVICES(  128): adb fdevent_process list (57) (14) (71) 
W/ADB_SERVICES(  128): create_local_service_socket() name=shell:ls -l -d /emmc@fat/
D/ADB_SERVICES(  128): Calling send_ready local=1709, remote=1721
D/ADB_SERVICES(  128): adb local_socket_ready list (57) (71) 
D/ADB_SERVICES(  128): adb socket read list (57) (71) 
D/ADB_SERVICES(  128): read_data=44655
D/ADB_SERVICES(  128): max_read_time=0.000252 max_send_time=0.000117 
W/ADB_SERVICES( 7976): adb: unable to open /proc/7976/oom_adj
D/ADB_SERVICES(  128):  closing because is_eof=1 r=1 s->fde.force_eof=0
W/ADB_SERVICES(  128): create_local_service_socket() name=shell:ls -l -d /emmc@sec_ro/
D/ADB_SERVICES(  128): Calling send_ready local=1710, remote=1722
W/ADB_SERVICES( 7978): adb: unable to open /proc/7978/oom_adj
D/ADB_SERVICES(  128):  closing because is_eof=1 r=1 s->fde.force_eof=0
W/ADB_SERVICES(  128): create_local_service_socket() name=shell:ls -l -d /emmc@usrdata/
D/ADB_SERVICES(  128): Calling send_ready local=1711, remote=1723
W/ADB_SERVICES( 7980): adb: unable to open /proc/7980/oom_adj
D/ADB_SERVICES(  128):  closing because is_eof=1 r=1 s->fde.force_eof=0
W/ADB_SERVICES(  128): create_local_service_socket() name=shell:ls -l /mnt/
D/ADB_SERVICES(  128): Calling send_ready local=1712, remote=1724
W/ADB_SERVICES( 7982): adb: unable to open /proc/7982/oom_adj
D/ADB_SERVICES(  128):  closing because is_eof=1 r=-1 s->fde.force_eof=0
W/ADB_SERVICES(  128): create_local_service_socket() name=shell:ls -l /storage/
D/ADB_SERVICES(  128): Calling send_ready local=1713, remote=1725
W/ADB_SERVICES( 7984): adb: unable to open /proc/7984/oom_adj
D/ADB_SERVICES(  128):  closing because is_eof=1 r=1 s->fde.force_eof=0
W/ADB_SERVICES(  128): create_local_service_socket() name=shell:ls -l /storage/sdcard0/
D/ADB_SERVICES(  128): Calling send_ready local=1714, remote=1726
W/ADB_SERVICES( 7986): adb: unable to open /proc/7986/oom_adj
D/ADB_SERVICES(  128):  closing because is_eof=1 r=-1 s->fde.force_eof=0
W/ADB_SERVICES(  128): create_local_service_socket() name=shell:ls -l /storage/sdcard0/documents/
D/ADB_SERVICES(  128): Calling send_ready local=1715, remote=1727
W/ADB_SERVICES( 7988): adb: unable to open /proc/7988/oom_adj
D/ADB_SERVICES(  128):  closing because is_eof=1 r=-1 s->fde.force_eof=0
W/ADB_SERVICES(  128): create_local_service_socket() name=shell:ls -l /mnt/
D/ADB_SERVICES(  128): Calling send_ready local=1716, remote=1728
W/ADB_SERVICES( 7990): adb: unable to open /proc/7990/oom_adj
D/ADB_SERVICES(  128):  closing because is_eof=1 r=1 s->fde.force_eof=0
W/ADB_SERVICES(  128): create_local_service_socket() name=shell:ls -l /storage/
D/ADB_SERVICES(  128): Calling send_ready local=1717, remote=1729
W/ADB_SERVICES( 7992): adb: unable to open /proc/7992/oom_adj
D/ADB_SERVICES(  128):  closing because is_eof=1 r=1 s->fde.force_eof=0
W/ADB_SERVICES(  128): create_local_service_socket() name=shell:ls -l /storage/sdcard0/
D/ADB_SERVICES(  128): Calling send_ready local=1718, remote=1730
W/ADB_SERVICES( 7994): adb: unable to open /proc/7994/oom_adj
D/ADB_SERVICES(  128):  closing because is_eof=1 r=-1 s->fde.force_eof=0
W/ADB_SERVICES(  128): create_local_service_socket() name=shell:ls -l /storage/sdcard0/documents/
D/ADB_SERVICES(  128): Calling send_ready local=1719, remote=1731
W/ADB_SERVICES( 7996): adb: unable to open /proc/7996/oom_adj
D/ADB_SERVICES(  128):  closing because is_eof=1 r=-1 s->fde.force_eof=0
W/ADB_SERVICES(  128): create_local_service_socket() name=shell:ls -l /storage/sdcard0/
D/ADB_SERVICES(  128): Calling send_ready local=1720, remote=1732
W/ADB_SERVICES( 7998): adb: unable to open /proc/7998/oom_adj
D/ADB_SERVICES(  128):  closing because is_eof=1 r=-1 s->fde.force_eof=0
W/ADB_SERVICES(  128): create_local_service_socket() name=shell:ls -l /storage/sdcard0/documents/
D/ADB_SERVICES(  128): Calling send_ready local=1721, remote=1733
W/ADB_SERVICES( 8000): adb: unable to open /proc/8000/oom_adj
D/ADB_SERVICES(  128):  closing because is_eof=1 r=-1 s->fde.force_eof=0
W/ADB_SERVICES(  128): create_local_service_socket() name=shell:ls -l /storage/sdcard0/documents/
D/ADB_SERVICES(  128): Calling send_ready local=1722, remote=1734
W/ADB_SERVICES( 8002): adb: unable to open /proc/8002/oom_adj
D/ADB_SERVICES(  128):  closing because is_eof=1 r=-1 s->fde.force_eof=0
V/ActivityManager(  356): getTasks: max=1, flags=0, receiver=null
V/ActivityManager(  356): com.qq.reader/.ReaderPage: task=TaskRecord{428ad228 #24 A com.qq.reader U 0}
V/ActivityManager(  356): com.qq.reader/.MainActivity: task=TaskRecord{428ad228 #24 A com.qq.reader U 0}
V/ActivityManager(  356): We have pending thumbnails: null
V/Provider/Setting(  560): from settings cache , name = pdp_watchdog_poll_interval_ms value = null
V/ActivityManager(  356): Broadcast sticky: Intent { act=android.intent.action.SIG_STR flg=0x10 (has extras) } ordered=false userid=0
D/NetworkControllerGemini(  450): PhoneStateListener:onSignalStrengthsChanged, sim1 before.
D/NetworkControllerGemini(  450): PhoneStateListener:onSignalStrengthsChanged, signalStrength=4
D/NetworkControllerGemini(  450): updateDataNetType(0), DataNetType=1.
D/NetworkControllerGemini(  450): updateDataNetType(0), simColorId=0
D/NetworkControllerGemini(  450): updateDataNetType(0), DataNetType3G=Type_G tempDataTypeIconId= 2130838122.
D/NetworkControllerGemini(  450): isSimInserted(0), SimInserted=true
D/NetworkControllerGemini(  450): updateTelephonySignalStrength(0), regState=1
D/NetworkControllerGemini(  450): updateTelephonySignalStrength(0), hasService=true
D/NetworkControllerGemini(  450): updateTelephonySignalStrength(0), isRoaming=false, mInetCondition=1
D/NetworkControllerGemini(  450): updateTelephonySignalStrength(0), simColorId=0
D/NetworkControllerGemini(  450): updateTelephonySignalStrength(0), tempDataNetType = Type_G , simColorId=0  tempPhoneSignalIconId[0] = 2130838219  tempPhoneSignalIconId[1] = 0
D/Bluetooth HS/HF(  560): [BT][HFG] [API] mStateReceiver.onReceive(android.intent.action.SIG_STR)
D/Bluetooth HS/HF(  560): [BT][HFG] [API] mHandler.handleMessage(10)
D/NetworkControllerGemini(  450):  updateTelephonySignalStrength(0) tempSIMCUSignVisible= true
D/NetworkControllerGemini(  450): updateTelephonySignalStrength(0) mSIMCUSignVisible= true
D/NetworkControllerGemini(  450): isSimInserted(0), SimInserted=true
D/NetworkControllerGemini(  450): isSimInserted(1), SimInserted=true
D/NetworkControllerGemini(  450): updateOperatorInfo, sim1Inserted is true, sim2Inserted is true.
D/NetworkControllerGemini(  450): updateSignalBackgroundBySlotId(0), MobileVisible=true, ResId=33685710
D/NetworkControllerGemini(  450): refreshViews(0), DataConnected=false
D/NetworkControllerGemini(  450): refreshViews(0), dataTypeIconId=0
D/NetworkControllerGemini(  450): refreshViews connected={ } level=4 combinedSignalIconId=0x7f0202cb/com.android.systemui:drawable/zzz_stat_sys_signal_4_blue combinedActivityIconId=0x0 mobileLabel=中国联通 wifiLabel= combinedLabel=未连接互联网 mAirplaneMode=false mDataActivity=0 mPhoneSignalIconId=0x7f0202cb mPhoneSignalIconId2=0x0 mDataDirectionIconId=0x0 mDataSignalIconId=0x7f0202cb mDataTypeIconId=0x0 mWifiIconId=0x0 mBluetoothTetherIconId=0x1080568
D/SignalClusterViewGemini(  450): setDataConnected(0), dataConnected=false
D/SignalClusterViewGemini(  450): setDataNetType3G(0), dataNetType=Type_G
D/SignalClusterViewGemini(  450): apply, mMobileVisible=true mMobileActivityId=0 mMobileTypeId=0 mMobileStrengthId[0] = 2130838219 mMobileStrengthId[1] = 0
D/SignalClusterViewGemini(  450): isSimInserted(0), SimInserted=true
D/SignalClusterViewGemini(  450): mDataNetType =Type_G resId= 0 simColorId = 0
D/SignalClusterViewGemini(  450): apply, mMobileVisibleGemini=true mMobileActivityIdGemini=0 mMobileTypeIdGemini=2130838099 mMobileStrengthIdGemini[0] = 2130838223 mMobileStrengthIdGemini[1] = 0
D/SignalClusterViewGemini(  450): isSimInserted(1), SimInserted=true
D/SignalClusterViewGemini(  450): mDataNetTypeGemini =Type_3G resId= 0 simColorId = 1
D/SignalClusterViewGemini(  450): apply, mMobileVisible=true, mWifiVisible=false, mIsAirplaneMode=false
D/NetworkControllerGemini(  450): refreshViews(0), DataConnected=false
D/NetworkControllerGemini(  450): refreshViews(0), dataTypeIconId=0
D/NetworkControllerGemini(  450): refreshViews connected={ } level=4 combinedSignalIconId=0x7f0202cb/com.android.systemui:drawable/zzz_stat_sys_signal_4_blue combinedActivityIconId=0x0 mobileLabel=中国联通 wifiLabel= combinedLabel=未连接互联网 mAirplaneMode=false mDataActivity=0 mPhoneSignalIconId=0x7f0202cb mPhoneSignalIconId2=0x0 mDataDirectionIconId=0x0 mDataSignalIconId=0x7f0202cb mDataTypeIconId=0x0 mWifiIconId=0x0 mBluetoothTetherIconId=0x1080568
D/SignalClusterViewGemini(  450): setDataConnected(0), dataConnected=false
D/SignalClusterViewGemini(  450): setDataNetType3G(0), dataNetType=Type_G
D/SignalClusterViewGemini(  450): apply, mMobileVisible=true mMobileActivityId=0 mMobileTypeId=0 mMobileStrengthId[0] = 2130838219 mMobileStrengthId[1] = 0
D/SignalClusterViewGemini(  450): isSimInserted(0), SimInserted=true
D/SignalClusterViewGemini(  450): mDataNetType =Type_G resId= 0 simColorId = 0
D/SignalClusterViewGemini(  450): apply, mMobileVisibleGemini=true mMobileActivityIdGemini=0 mMobileTypeIdGemini=2130838099 mMobileStrengthIdGemini[0] = 2130838223 mMobileStrengthIdGemini[1] = 0
D/SignalClusterViewGemini(  450): isSimInserted(1), SimInserted=true
D/SignalClusterViewGemini(  450): mDataNetTypeGemini =Type_3G resId= 0 simColorId = 1
D/SignalClusterViewGemini(  450): apply, mMobileVisible=true, mWifiVisible=false, mIsAirplaneMode=false
D/NetworkControllerGemini(  450): PhoneStateListener:onSignalStrengthsChanged, sim1 after.
I/SurfaceTextureClient(  450): [0x4f316450] frames:3, duration:1.701000, fps:1.762702
I/SurfaceFlinger(  102): [SurfaceFlinger] frames:3, duration:1.701000, fps:1.763657
V/AlarmManager(  356): Native set alarm :Alarm{42038390 type 1 com.lewa.weather}
I/AlarmManager(  356): reset poweroff alarm none
V/ActivityManager(  356): Broadcast: Intent { act=com.when.action.UPDATE_WIDGET_ALARM flg=0x14 (has extras) } ordered=true userid=0
V/AlarmManager(  356): Native set alarm :Alarm{41d8c840 type 3 android}
I/AlarmManager(  356): reset poweroff alarm none
V/ActivityManager(  356): Broadcast: Intent { act=android.intent.action.TIME_TICK flg=0x40000014 (has extras) } ordered=true userid=0
D/ActivityThread(  356): BDC-Calling onReceive: intent=Intent { act=android.intent.action.TIME_TICK flg=0x40000014 (has extras) }, ordered=true, receiver=com.android.server.AlarmManagerService$ClockReceiver@41a3bc20, IIntentReceiver=41d51570
V/AlarmManager(  356): Native set alarm :Alarm{428d5420 type 3 android}
D/ActivityThread(  356): BDC-Calling finishReceiver: IIntentReceiver=41d51570
D/ActivityThread(  356): BDC-Calling onReceive: intent=Intent { act=android.intent.action.TIME_TICK flg=0x40000014 (has extras) }, ordered=true, receiver=com.android.internal.policy.impl.KeyguardUpdateMonitor$5@41bf1410, IIntentReceiver=41a1e730
D/ActivityThread(  356): BDC-Calling finishReceiver: IIntentReceiver=41a1e730
D/ActivityThread(  581): BDC-Calling onReceive: intent=Intent { act=android.intent.action.TIME_TICK flg=0x40000014 (has extras) }, ordered=true, receiver=com.lewa.weather.TickUpdate@41905910, IIntentReceiver=41905cb0
V/Provider/Setting(  581): invalidate [system]: current 9 != cached 6
D/Settings/Provide(  356): lookupValue table system cache contains Key time_12_24 value = null
D/Settings/Provide(  356): lookupValue table system cache.fullyMatchesDisk() time_12_24
V/Provider/Setting(  581): from db cache, name = time_12_24 value = null
D/ActivityThread(  581): BDC-Calling finishReceiver: IIntentReceiver=41905cb0
D/ActivityThread(  450): BDC-Calling onReceive: intent=Intent { act=android.intent.action.TIME_TICK flg=0x40000014 (has extras) }, ordered=true, receiver=com.android.systemui.statusbar.policy.Clock$1@41967a88, IIntentReceiver=41b5c928
D/Clock   (  450): action =android.intent.action.TIME_TICK
D/Settings/Provide(  356): lookupValue table system cache contains Key time_12_24 value = null
D/Settings/Provide(  356): lookupValue table system cache.fullyMatchesDisk() time_12_24
V/Provider/Setting(  450): from db cache, name = time_12_24 value = null
D/ActivityThread(  450): BDC-Calling finishReceiver: IIntentReceiver=41b5c928
V/AppWidgetContext(  631): context permission not changed
D/ActivityThread(  450): BDC-Calling onReceive: intent=Intent { act=android.intent.action.TIME_TICK flg=0x40000014 (has extras) }, ordered=true, receiver=com.android.systemui.statusbar.policy.Clock$1@41987010, IIntentReceiver=41b5d428
D/Clock   (  450): action =android.intent.action.TIME_TICK
V/Provider/Setting(  450): from settings cache , name = time_12_24 value = null
D/ActivityThread(  450): BDC-Calling finishReceiver: IIntentReceiver=41b5d428
D/ActivityThread(  450): BDC-Calling onReceive: intent=Intent { act=android.intent.action.TIME_TICK flg=0x40000014 (has extras) }, ordered=true, receiver=com.android.systemui.statusbar.policy.DateView$1@41987b90, IIntentReceiver=41b5dc30
D/ActivityThread(  450): BDC-Calling finishReceiver: IIntentReceiver=41b5dc30
