D/StatusBar(  450): setting collapsed row height to 96
D/StatusBar(  450): expanding top notification at 4
D/StatusBar(  450): setting collapsed row height to 96
D/zhangxianjia ,phone statusbar(  450): com.lbe.security
V/ActivityManager(  356): getTasks: max=1, flags=0, receiver=null
V/ActivityManager(  356): com.qq.reader/.ReaderPage: task=TaskRecord{428ad228 #24 A com.qq.reader U 0}
V/ActivityManager(  356): com.qq.reader/.MainActivity: task=TaskRecord{428ad228 #24 A com.qq.reader U 0}
V/ActivityManager(  356): We have pending thumbnails: null
V/Provider/Setting(  560): from settings cache , name = pdp_watchdog_poll_interval_ms value = null
D/IPCThreadState(  356): [DN #5] BR_CLEAR_DEATH_NOTIFICATION_DONE cookie 0x537fc6f8
V/Provider/Setting(  560): invalidate [system]: current 9 != cached 6
D/Settings/Provide(  356): lookupValue table system cache contains Key auto_time_zone value = Bundle[{value=1}]
V/Provider/Setting(  560): from db cache, name = auto_time_zone value = 1
D/AlarmManagerService(  356): Kernel timezone updated to -480 minutes west of GMT
V/ActivityManager(  356): Broadcast sticky: Intent { act=android.intent.action.NETWORK_SET_TIMEZONE flg=0x20000010 (has extras) } ordered=false userid=0
D/MtkAgps (  356): [MtkAgpsManagerService] SIM=2 phone status: in service 
D/NetworkControllerGemini(  450): PhoneStateListener:onServiceStateChanged, sim2 before.
D/NetworkControllerGemini(  450): PhoneStateListener:onServiceStateChanged, state=0
D/MtkAgps (  114): agpsd socket_msg_read: g_conn_fd(14)
D/MtkAgps (  114): agpsd socket_msg_read() 00:12:58
D/CountryDetector(  356): onServiceStateChanged serviceState:SIM2 0 home 中国联通 CU-GSM 46001  UMTS CSS not supported -1 -1 RoamInd=-1 DefRoamInd=-1 EmergOnly=false Regist state: 1
D/NetworkControllerGemini(  450): PhoneStateListener:onServiceStateChanged sim2 mDataNetTypeGemini= 3
D/MtkAgps (  356): [MtkAgpsManagerService] SIM=2 isNetworkRoaming=0 
D/NetworkControllerGemini(  450): updateDataNetType(1), DataNetType=3.
D/NetworkControllerGemini(  450): updateDataNetType(1), simColorId=1
D/NetworkControllerGemini(  450): updateDataNetType(1), DataNetType3G=Type_3G tempDataTypeIconId= 2130838099.
D/HyphonManager/Contacts(  663): STATE_IN_SERVICE re-detect country iso
D/Settings/Provide(  356): lookupValue table system cache contains Key airplane_mode_on value = Bundle[{value=0}]
V/Provider/Setting(  356): from db cache, name = airplane_mode_on value = 0
D/TelephonyManager(  356): getDefaultSim is sim1
V/ActivityManager(  356): Broadcast sticky: Intent { act=android.intent.action.SERVICE_STATE flg=0x10 (has extras) } ordered=false userid=0
D/NetworkControllerGemini(  450): isSimInserted(1), SimInserted=true
D/NetworkControllerGemini(  450): updateTelephonySignalStrength(1), regState=1
D/NetworkControllerGemini(  450): updateTelephonySignalStrength(1), hasService=true
D/NetworkControllerGemini(  450): updateTelephonySignalStrength(1), isRoaming=false, mInetCondition=1
D/NetworkControllerGemini(  450): updateTelephonySignalStrength(1), simColorId=1
V/CountryDetector(  356):     phonetype=1
D/CountryDetector(  356): getNetworkBasedCountry: CN
D/NetworkControllerGemini(  450): updateTelephonySignalStrength(1), tempDataNetType = Type_3G , simColorId=1  tempPhoneSignalIconId[0] = 2130838223  tempPhoneSignalIconId[1] = 0
D/NetworkControllerGemini(  450):  updateTelephonySignalStrength(1) tempSIMCUSignVisible= true
D/NetworkControllerGemini(  450): updateTelephonySignalStrength(1) mSIMCUSignVisible= true
D/CountryDetector(  356): detectCountry is called callingPid: 663ap name:android.process.acorecountry:CN
D/HyphonManager/Contacts(  663): detect country, iso = CN source = 0
D/HyphonManager/Contacts(  663): setCountryIso, mCurrentCountryIso = CN countryIso = CN
D/Mms/Txn (  663): sim 2 auto download without roaming -> true
D/Mms/Txn (  663): sim 2 auto download during roaming -> false
D/NetworkControllerGemini(  450): isSimInserted(0), SimInserted=true
D/NetworkControllerGemini(  450): isSimInserted(1), SimInserted=true
D/NetworkControllerGemini(  450): updateOperatorInfo, sim1Inserted is true, sim2Inserted is true.
D/NetworkControllerGemini(  450): updateSignalBackgroundBySlotId(1), MobileVisible=true, ResId=33685713
D/NetworkControllerGemini(  450): refreshViews(1), DataConnected=true
D/NetworkControllerGemini(  450): refreshViews(1), mMobileActivityIconId=0, mMobileActivityIconIdGemini=0
D/NetworkControllerGemini(  450): refreshViews connected={ data } level=4 combinedSignalIconId=0x7f0202cf/com.android.systemui:drawable/zzz_stat_sys_signal_4_orange combinedActivityIconId=0x0 mobileLabel=中国联通 wifiLabel= combinedLabel=中国联通 mAirplaneMode=false mDataActivity=0 mPhoneSignalIconId=0x7f0202cf mPhoneSignalIconId2=0x0 mDataDirectionIconId=0x7f020277 mDataSignalIconId=0x7f0202cf mDataTypeIconId=0x7f020253 mWifiIconId=0x0 mBluetoothTetherIconId=0x1080568
D/NetworkControllerGemini(  450): refreshViews(1), set parameters to signal cluster view.
D/NetworkControllerGemini(  450): refreshViews(1), tempPhoneSignalIconId.0 = 2130838223  tempPhoneSignalIconId.1 = 0  tempMobileActivityIconId= 0  tempDataTypeIconId= 2130838099
D/SignalClusterViewGemini(  450): setMobileDataIndicators(1), visible=true, strengthIcon[0] ~ [1] 2130838223 ~ 0
D/SignalClusterViewGemini(  450): setDataConnected(1), dataConnected=true
D/SignalClusterViewGemini(  450): setDataNetType3G(1), dataNetType=Type_3G
D/SignalClusterViewGemini(  450): apply, mMobileVisible=true mMobileActivityId=0 mMobileTypeId=0 mMobileStrengthId[0] = 2130838219 mMobileStrengthId[1] = 0
V/Provider/Setting(  356): from settings cache , name = airplane_mode_on value = 0
I/TelephonyRegistry(  356): notifyDataConnection: state=2 isDataConnectivityPossible=true reason='nwTypeChanged' apn='3gnet' apnType=default networkType=3
D/TelephonyRegistry(  356): onDataConnectionStateChanged(2, 3)
D/MtkAgps (  356): [MtkAgpsManagerService] SIM=2 onDataConnectionStateChanged connected 
D/CountryDetector(  356): startLocationBasedDetection=true detectCountry=(source: 0, countryISO: CN) isAirplaneModeOff()=true mListener=com.android.server.CountryDetectorService$1@4212f330 isGeoCoderImplemnted()=true
D/CountryDetector(  356): tries to stop LocationBasedDetector (current detector: null)
V/ActivityManager(  356): Broadcast: Intent { act=android.intent.action.ANY_DATA_STATE_MOBILE flg=0x10 (has extras) } ordered=true userid=0
I/TelephonyRegistry(  356): notifyDataConnection: state=0 isDataConnectivityPossible=true reason='nwTypeChanged' apn='null' apnType=dm networkType=3
V/ActivityManager(  356): Broadcast: Intent { act=android.intent.action.ANY_DATA_STATE_MOBILE flg=0x10 (has extras) } ordered=true userid=0
D/TelephonyManager(  356): getDefaultSim is sim1
D/SignalClusterViewGemini(  450): isSimInserted(0), SimInserted=true
D/SignalClusterViewGemini(  450): mDataNetType =Type_G resId= 0 simColorId = 0
D/SignalClusterViewGemini(  450): apply, mMobileVisibleGemini=true mMobileActivityIdGemini=0 mMobileTypeIdGemini=2130838099 mMobileStrengthIdGemini[0] = 2130838223 mMobileStrengthIdGemini[1] = 0
D/GsmCellLocation(  560): fillInNotifierBundle:Bundle[{type=1, cid=55140, lac=4308, psc=-1}]
E/CellLocation(  356): create GsmCellLocation
I/TelephonyRegistry(  356): notifyDataConnection: state=0 isDataConnectivityPossible=true reason='nwTypeChanged' apn='null' apnType=wap networkType=3
V/ActivityManager(  356): Broadcast: Intent { act=android.intent.action.ANY_DATA_STATE_MOBILE flg=0x10 (has extras) } ordered=true userid=0
D/SignalClusterViewGemini(  450): isSimInserted(1), SimInserted=true
D/SignalClusterViewGemini(  450): mDataNetTypeGemini =Type_3G resId= 0 simColorId = 1
D/SignalClusterViewGemini(  450): apply, mMobileVisible=true, mWifiVisible=false, mIsAirplaneMode=false
D/TelephonyManager(  356): getDefaultSim is sim1
D/NetworkControllerGemini(  450): updateDataIcon(1), SimState=UNKNOWN, DataState=2, DataActivity=0, tempNetType3G=Type_3G
D/TelephonyManager(  356): getDefaultSim is sim1
D/TelephonyManager(  356): getDefaultSim is sim1
D/PhoneInterfaceManager(  560): [PhoneIntfMgr] getCallStateGemini simId: 0
D/MtkAgps (  356): [MtkAgpsManagerService] SIM=2 network type is 2G, networkType=1 
D/PhoneInterfaceManager(  560): [PhoneIntfMgr] getCallStateGemini simId: 1
D/NetworkControllerGemini(  450): updateDataIcon(1), callState1 is 0, callState2 is 0.
I/TelephonyRegistry(  356): notifyDataConnection: state=0 isDataConnectivityPossible=true reason='nwTypeChanged' apn='null' apnType=fota networkType=3
V/ActivityManager(  356): Broadcast: Intent { act=android.intent.action.ANY_DATA_STATE_MOBILE flg=0x10 (has extras) } ordered=true userid=0
V/Provider/Setting(  450): invalidate [system]: current 9 != cached 7
D/Settings/Provide(  356): lookupValue table system cache contains Key airplane_mode_on value = Bundle[{value=0}]
V/Provider/Setting(  450): from db cache, name = airplane_mode_on value = 0
D/NetworkControllerGemini(  450): updateDataIcon(1), simColorId=1
I/TelephonyRegistry(  356): notifyDataConnection: state=0 isDataConnectivityPossible=true reason='nwTypeChanged' apn='null' apnType=cmmail networkType=3
V/ActivityManager(  356): Broadcast: Intent { act=android.intent.action.ANY_DATA_STATE_MOBILE flg=0x10 (has extras) } ordered=true userid=0
D/NetworkControllerGemini(  450): updateDataIcon(1), iconId=2130838099, visible=true
D/NetworkControllerGemini(  450): refreshViews(1), DataConnected=true
D/NetworkControllerGemini(  450): refreshViews(1), mMobileActivityIconId=0, mMobileActivityIconIdGemini=0
D/NetworkControllerGemini(  450): refreshViews connected={ data } level=4 combinedSignalIconId=0x7f0202cf/com.android.systemui:drawable/zzz_stat_sys_signal_4_orange combinedActivityIconId=0x0 mobileLabel=中国联通 wifiLabel= combinedLabel=中国联通 mAirplaneMode=false mDataActivity=0 mPhoneSignalIconId=0x7f0202cf mPhoneSignalIconId2=0x0 mDataDirectionIconId=0x7f020253 mDataSignalIconId=0x7f0202cf mDataTypeIconId=0x7f020253 mWifiIconId=0x0 mBluetoothTetherIconId=0x1080568
D/SignalClusterViewGemini(  450): setDataConnected(1), dataConnected=true
D/SignalClusterViewGemini(  450): setDataNetType3G(1), dataNetType=Type_3G
D/SignalClusterViewGemini(  450): apply, mMobileVisible=true mMobileActivityId=0 mMobileTypeId=0 mMobileStrengthId[0] = 2130838219 mMobileStrengthId[1] = 0
D/SignalClusterViewGemini(  450): isSimInserted(0), SimInserted=true
D/SignalClusterViewGemini(  450): mDataNetType =Type_G resId= 0 simColorId = 0
D/SignalClusterViewGemini(  450): apply, mMobileVisibleGemini=true mMobileActivityIdGemini=0 mMobileTypeIdGemini=2130838099 mMobileStrengthIdGemini[0] = 2130838223 mMobileStrengthIdGemini[1] = 0
I/TelephonyRegistry(  356): notifyDataConnection: state=0 isDataConnectivityPossible=true reason='nwTypeChanged' apn='null' apnType=dun networkType=3
V/ActivityManager(  356): Broadcast: Intent { act=android.intent.action.ANY_DATA_STATE_MOBILE flg=0x10 (has extras) } ordered=true userid=0
D/SignalClusterViewGemini(  450): isSimInserted(1), SimInserted=true
D/SignalClusterViewGemini(  450): mDataNetTypeGemini =Type_3G resId= 0 simColorId = 1
D/SignalClusterViewGemini(  450): apply, mMobileVisible=true, mWifiVisible=false, mIsAirplaneMode=false
D/NetworkControllerGemini(  450): PhoneStateListener:onServiceStateChanged, sim2 after.
I/TelephonyRegistry(  356): notifyDataConnection: state=0 isDataConnectivityPossible=true reason='nwTypeChanged' apn='null' apnType=supl networkType=3
V/ActivityManager(  356): Broadcast: Intent { act=android.intent.action.ANY_DATA_STATE_MOBILE flg=0x10 (has extras) } ordered=true userid=0
I/TelephonyRegistry(  356): notifyDataConnection: state=0 isDataConnectivityPossible=true reason='nwTypeChanged' apn='null' apnType=hipri networkType=3
V/ActivityManager(  356): Broadcast: Intent { act=android.intent.action.ANY_DATA_STATE_MOBILE flg=0x10 (has extras) } ordered=true userid=0
D/MtkAgps (  356): [MtkAgpsManagerService] IP=10.26.25.74 
I/TelephonyRegistry(  356): notifyDataConnection: state=0 isDataConnectivityPossible=true reason='nwTypeChanged' apn='null' apnType=ims networkType=3
V/ActivityManager(  356): Broadcast: Intent { act=android.intent.action.ANY_DATA_STATE_MOBILE flg=0x10 (has extras) } ordered=true userid=0
D/NetworkControllerGemini(  450): PhoneStateListener:onDataConnectionStateChanged, sim2 before.
D/NetworkControllerGemini(  450): PhoneStateListener:onDataConnectionStateChanged, state=2 type=3
D/NetworkControllerGemini(  450): updateDataNetType(1), DataNetType=3.
D/NetworkControllerGemini(  450): updateDataNetType(1), simColorId=1
D/NetworkControllerGemini(  450): updateDataNetType(1), DataNetType3G=Type_3G tempDataTypeIconId= 2130838099.
D/NetworkControllerGemini(  450): updateDataIcon(1), SimState=UNKNOWN, DataState=2, DataActivity=0, tempNetType3G=Type_3G
I/SurfaceFlinger(  102): [SurfaceFlinger] frames:28, duration:1.505000, fps:18.592737
D/PhoneInterfaceManager(  560): [PhoneIntfMgr] getCallStateGemini simId: 0
D/PhoneInterfaceManager(  560): [PhoneIntfMgr] getActivePhoneTypeGemini simId: 1
D/PhoneInterfaceManager(  560): [PhoneIntfMgr] getCallStateGemini simId: 1
D/NetworkControllerGemini(  450): updateDataIcon(1), callState1 is 0, callState2 is 0.
D/GsmCellLocation(  560): fillInNotifierBundle:Bundle[{type=1, cid=4644831, lac=41014, psc=-1}]
E/CellLocation(  356): create GsmCellLocation
V/Provider/Setting(  450): from settings cache , name = airplane_mode_on value = 0
D/NetworkControllerGemini(  450): updateDataIcon(1), simColorId=1
I/TelephonyRegistry(  356): notifyDataConnection: state=0 isDataConnectivityPossible=true reason='nwTypeChanged' apn='null' apnType=mms networkType=3
V/ActivityManager(  356): Broadcast: Intent { act=android.intent.action.ANY_DATA_STATE_MOBILE flg=0x10 (has extras) } ordered=true userid=0
D/NetworkControllerGemini(  450): updateDataIcon(1), iconId=2130838099, visible=true
D/NetworkControllerGemini(  450): refreshViews(1), DataConnected=true
D/MtkAgps (  356): [MtkAgpsManagerService] IMSI=460010020505654 MccMnc=46001 Lac=41014 Cid=4644831 
D/NetworkControllerGemini(  450): refreshViews(1), mMobileActivityIconId=0, mMobileActivityIconIdGemini=0
D/NetworkControllerGemini(  450): refreshViews connected={ data } level=4 combinedSignalIconId=0x7f0202cf/com.android.systemui:drawable/zzz_stat_sys_signal_4_orange combinedActivityIconId=0x0 mobileLabel=中国联通 wifiLabel= combinedLabel=中国联通 mAirplaneMode=false mDataActivity=0 mPhoneSignalIconId=0x7f0202cf mPhoneSignalIconId2=0x0 mDataDirectionIconId=0x7f020253 mDataSignalIconId=0x7f0202cf mDataTypeIconId=0x7f020253 mWifiIconId=0x0 mBluetoothTetherIconId=0x1080568
D/ActivityThread(  356): BDC-Calling onReceive: intent=Intent { act=android.intent.action.ANY_DATA_STATE_MOBILE flg=0x10 (has extras) }, ordered=true, receiver=android.net.MobileDataStateTracker$MobileDataStateReceiver@41c40518, IIntentReceiver=41b79438
D/MobileDataStateTracker(  356): MobileDataStateReceiver received: ACTION_ANY_DATA_CONNECTION_STATE_CHANGED_MOBILE [default]
D/MobileDataStateTracker(  356): default: Intent from SIM 1, current SIM 1, current DataState CONNECTED
D/SignalClusterViewGemini(  450): setDataConnected(1), dataConnected=true
D/TelephonyManager(  356): getDefaultSim is sim1
D/SignalClusterViewGemini(  450): setDataNetType3G(1), dataNetType=Type_3G
D/SignalClusterViewGemini(  450): apply, mMobileVisible=true mMobileActivityId=0 mMobileTypeId=0 mMobileStrengthId[0] = 2130838219 mMobileStrengthId[1] = 0
I/TelephonyRegistry(  356): notifyDataConnection: state=0 isDataConnectivityPossible=true reason='nwTypeChanged' apn='null' apnType=net networkType=3
V/ActivityManager(  356): Broadcast: Intent { act=android.intent.action.ANY_DATA_STATE_MOBILE flg=0x10 (has extras) } ordered=true userid=0
D/TelephonyManager(  356): getDefaultSim is sim1
D/SignalClusterViewGemini(  450): isSimInserted(0), SimInserted=true
D/SignalClusterViewGemini(  450): mDataNetType =Type_G resId= 0 simColorId = 0
D/SignalClusterViewGemini(  450): apply, mMobileVisibleGemini=true mMobileActivityIdGemini=0 mMobileTypeIdGemini=2130838099 mMobileStrengthIdGemini[0] = 2130838223 mMobileStrengthIdGemini[1] = 0
D/MobileDataStateTracker(  356): default: default setting isAvailable to true
D/MobileDataStateTracker(  356): default: Received state=CONNECTED, old=CONNECTED, reason=nwTypeChanged
D/ActivityThread(  356): BDC-Calling finishReceiver: IIntentReceiver=41b79438
I/TelephonyRegistry(  356): notifyDataConnection: state=0 isDataConnectivityPossible=true reason='nwTypeChanged' apn='null' apnType=cbs networkType=3
D/SignalClusterViewGemini(  450): isSimInserted(1), SimInserted=true
D/SignalClusterViewGemini(  450): mDataNetTypeGemini =Type_3G resId= 0 simColorId = 1
D/SignalClusterViewGemini(  450): apply, mMobileVisible=true, mWifiVisible=false, mIsAirplaneMode=false
D/NetworkControllerGemini(  450): PhoneStateListener:onDataConnectionStateChanged, sim2 after.
V/Provider/Setting(  356): from settings cache , name = sys_free_storage_log_interval value = null
V/ActivityManager(  356): Broadcast: Intent { act=android.intent.action.ANY_DATA_STATE_MOBILE flg=0x10 (has extras) } ordered=true userid=0
V/Provider/Setting(  356): from settings cache , name = disk_free_change_reporting_threshold value = null
D/TelephonyRegistry(  356): Received ACTION_ANY_DATA_CONNECTION_STATE_CHANGED_MOBILE
V/ActivityManager(  356): Broadcast sticky: Intent { act=android.intent.action.ANY_DATA_STATE flg=0x10 (has extras) } ordered=false userid=0
D/CallManager(  560):  handleMessage msgid:218
D/CallManager(  560):  handleMessage (EVENT_SERVICE_STATE_CHANGED)
D/ActivityThread(  356): BDC-Calling onReceive: intent=Intent { act=android.intent.action.ANY_DATA_STATE_MOBILE flg=0x10 (has extras) }, ordered=true, receiver=android.net.MobileDataStateTracker$MobileDataStateReceiver@41c40518, IIntentReceiver=41b79438
I/CallNotifier(  560): PhoneStateListener222.onServiceStateChanged: serviceState=SIM2 0 home 中国联通 CU-GSM 46001  UMTS CSS not supported -1 -1 RoamInd=-1 DefRoamInd=-1 EmergOnly=false Regist state: 1
D/ExtensionManager(  560): PhoneAppBroadcastReceiverExtension()
D/PhonePluginExtensionContainer(  560): getPhoneAppBroadcastReceiverExtension()
D/PhoneAppBroadcastReceiverExtensionContainer(  560): onReceive(), sub extension list is null, just return
D/MobileDataStateTracker(  356): MobileDataStateReceiver received: ACTION_ANY_DATA_CONNECTION_STATE_CHANGED_MOBILE [dm]
D/PhoneApp(  560): PhoneAppBroadcastReceiver -----action=android.intent.action.SERVICE_STATE
D/NotificationMgr(  560): updateNetworkSelection()...state = 0 new network 
D/Settings/Provide(  356): lookupValue table system cache contains Key voice_call_sim_setting value = Bundle[{value=1}]
D/MobileDataStateTracker(  356): dm: Intent from SIM 1, current SIM 0, current DataState DISCONNECTED
V/Provider/Setting(  560): from db cache, name = voice_call_sim_setting value = 1
D/BluetoothAtPhonebook(  560): getDefaultSIM : SIM ID=1
I/TelephonyProvider(  560): initDatabaseIfNeeded begin content://telephony/siminfo/1
I/TelephonyProvider(  560): initDatabaseIfNeeded end content://telephony/siminfo/1
D/TelephonyManager(  356): getDefaultSim is sim1
D/DataButton(  450): DataButton,onReceive android.intent.action.ANY_DATA_STATE
V/Provider/Setting(  356): from settings cache , name = mobile_data value = 1
D/Settings/Provide(  356): lookupValue table system cache contains Key gprs_connection_sim_setting value = Bundle[{value=2}]
V/Provider/Setting(  356): from db cache, name = gprs_connection_sim_setting value = 2
D/ConnectivityService(  356): getMobileDataEnabled returning true, dataEnabledSimId=2
D/DataButton(  450): onReceive,data==true
D/IPCThreadState(  356): [DN #5] BR_CLEAR_DEATH_NOTIFICATION_DONE cookie 0x518165a8
D/TelephonyManager(  356): getDefaultSim is sim1
D/BluetoothAtPhonebook(  560): getDefaultSIM : slot ID=0
D/MobileDataStateTracker(  356): dm: dm setting isAvailable to true
D/MobileDataStateTracker(  356): dm: Received state=DISCONNECTED, old=DISCONNECTED, reason=nwTypeChanged
D/ActivityThread(  356): BDC-Calling finishReceiver: IIntentReceiver=41b79438
D/ExtensionManager(  560): PhoneAppBroadcastReceiverExtension()
D/PhonePluginExtensionContainer(  560): getPhoneAppBroadcastReceiverExtension()
D/PhoneAppBroadcastReceiverExtensionContainer(  560): onReceive(), sub extension list is null, just return
D/PhoneApp(  560): PhoneAppBroadcastReceiver -----action=android.intent.action.ANY_DATA_STATE
D/PhoneApp(  560): mReceiver: ACTION_ANY_DATA_CONNECTION_STATE_CHANGED state:CONNECTED reason:nwTypeChanged
D/NotificationMgr(  560): hideDataDisconnectedRoaming()...
D/TelephonyRegistry(  356): Received ACTION_ANY_DATA_CONNECTION_STATE_CHANGED_MOBILE
V/ActivityManager(  356): Broadcast sticky: Intent { act=android.intent.action.ANY_DATA_STATE flg=0x10 (has extras) } ordered=false userid=0
D/ActivityThread(  356): BDC-Calling onReceive: intent=Intent { act=android.intent.action.ANY_DATA_STATE_MOBILE flg=0x10 (has extras) }, ordered=true, receiver=android.net.MobileDataStateTracker$MobileDataStateReceiver@41c40518, IIntentReceiver=41b79438
D/MobileDataStateTracker(  356): MobileDataStateReceiver received: ACTION_ANY_DATA_CONNECTION_STATE_CHANGED_MOBILE [wap]
D/MobileDataStateTracker(  356): wap: Intent from SIM 1, current SIM 0, current DataState DISCONNECTED
D/TelephonyManager(  356): getDefaultSim is sim1
D/ExtensionManager(  560): PhoneAppBroadcastReceiverExtension()
D/PhonePluginExtensionContainer(  560): getPhoneAppBroadcastReceiverExtension()
D/PhoneAppBroadcastReceiverExtensionContainer(  560): onReceive(), sub extension list is null, just return
D/PhoneApp(  560): PhoneAppBroadcastReceiver -----action=android.intent.action.ANY_DATA_STATE
D/PhoneApp(  560): mReceiver: ACTION_ANY_DATA_CONNECTION_STATE_CHANGED state:DISCONNECTED reason:nwTypeChanged
D/NotificationMgr(  560): hideDataDisconnectedRoaming()...
D/TelephonyManager(  356): getDefaultSim is sim1
D/MobileDataStateTracker(  356): wap: wap setting isAvailable to true
D/MobileDataStateTracker(  356): wap: Received state=DISCONNECTED, old=DISCONNECTED, reason=nwTypeChanged
D/ActivityThread(  356): BDC-Calling finishReceiver: IIntentReceiver=41b79438
D/TelephonyRegistry(  356): Received ACTION_ANY_DATA_CONNECTION_STATE_CHANGED_MOBILE
V/ActivityManager(  356): Broadcast sticky: Intent { act=android.intent.action.ANY_DATA_STATE flg=0x10 (has extras) } ordered=false userid=0
D/MtkAgps (  114): agpsd socket_msg_read: (28) --> AGPS_CMD_SIM_2_UPDATE
D/MtkAgps (  114): => agpsd SIM_Status_2 = 1
D/MtkAgps (  114): cm_get_3G_Switch_status(): 2
D/MtkAgps (  114): cm_get_3G_Switch_status(): nCur_3G_switch(2) sim1_type(0) sim2_type(0)
D/MtkAgps (  114): cm_Sim_Status_Update(): ==> cm_mtk_agps_supl_l4c_register_ecell_info_internal()
D/MtkAgps (  114): agpsd socket_msg_read: g_conn_fd(14)
D/MtkAgps (  114): agpsd socket_msg_read() 00:12:58
D/ActivityThread(  356): BDC-Calling onReceive: intent=Intent { act=android.intent.action.ANY_DATA_STATE_MOBILE flg=0x10 (has extras) }, ordered=true, receiver=android.net.MobileDataStateTracker$MobileDataStateReceiver@41c40518, IIntentReceiver=41b79438
D/ExtensionManager(  560): PhoneAppBroadcastReceiverExtension()
D/PhonePluginExtensionContainer(  560): getPhoneAppBroadcastReceiverExtension()
D/PhoneAppBroadcastReceiverExtensionContainer(  560): onReceive(), sub extension list is null, just return
D/PhoneApp(  560): PhoneAppBroadcastReceiver -----action=android.intent.action.ANY_DATA_STATE
D/PhoneApp(  560): mReceiver: ACTION_ANY_DATA_CONNECTION_STATE_CHANGED state:DISCONNECTED reason:nwTypeChanged
D/NotificationMgr(  560): hideDataDisconnectedRoaming()...
D/DataButton(  450): DataButton,onReceive android.intent.action.ANY_DATA_STATE
D/MobileDataStateTracker(  356): MobileDataStateReceiver received: ACTION_ANY_DATA_CONNECTION_STATE_CHANGED_MOBILE [fota]
D/MobileDataStateTracker(  356): fota: Intent from SIM 1, current SIM 0, current DataState DISCONNECTED
V/Provider/Setting(  356): from settings cache , name = mobile_data value = 1
V/Provider/Setting(  356): from settings cache , name = gprs_connection_sim_setting value = 2
D/TelephonyManager(  356): getDefaultSim is sim1
D/ConnectivityService(  356): getMobileDataEnabled returning true, dataEnabledSimId=2
D/DataButton(  450): onReceive,data==true
D/DataButton(  450): DataButton,onReceive android.intent.action.ANY_DATA_STATE
V/Provider/Setting(  356): from settings cache , name = mobile_data value = 1
V/Provider/Setting(  356): from settings cache , name = gprs_connection_sim_setting value = 2
D/ConnectivityService(  356): getMobileDataEnabled returning true, dataEnabledSimId=2
D/TelephonyManager(  356): getDefaultSim is sim1
D/DataButton(  450): onReceive,data==true
D/MobileDataStateTracker(  356): fota: fota setting isAvailable to true
D/MobileDataStateTracker(  356): fota: Received state=DISCONNECTED, old=DISCONNECTED, reason=nwTypeChanged
D/ActivityThread(  356): BDC-Calling finishReceiver: IIntentReceiver=41b79438
D/TelephonyRegistry(  356): Received ACTION_ANY_DATA_CONNECTION_STATE_CHANGED_MOBILE
V/ActivityManager(  356): Broadcast sticky: Intent { act=android.intent.action.ANY_DATA_STATE flg=0x10 (has extras) } ordered=false userid=0
D/ActivityThread(  356): BDC-Calling onReceive: intent=Intent { act=android.intent.action.ANY_DATA_STATE_MOBILE flg=0x10 (has extras) }, ordered=true, receiver=android.net.MobileDataStateTracker$MobileDataStateReceiver@41c40518, IIntentReceiver=41b79438
D/MobileDataStateTracker(  356): MobileDataStateReceiver received: ACTION_ANY_DATA_CONNECTION_STATE_CHANGED_MOBILE [cmmail]
D/MobileDataStateTracker(  356): cmmail: Intent from SIM 1, current SIM 0, current DataState DISCONNECTED
D/TelephonyManager(  356): getDefaultSim is sim1
D/ExtensionManager(  560): PhoneAppBroadcastReceiverExtension()
D/PhonePluginExtensionContainer(  560): getPhoneAppBroadcastReceiverExtension()
D/PhoneAppBroadcastReceiverExtensionContainer(  560): onReceive(), sub extension list is null, just return
D/PhoneApp(  560): PhoneAppBroadcastReceiver -----action=android.intent.action.ANY_DATA_STATE
D/PhoneApp(  560): mReceiver: ACTION_ANY_DATA_CONNECTION_STATE_CHANGED state:DISCONNECTED reason:nwTypeChanged
D/NotificationMgr(  560): hideDataDisconnectedRoaming()...
D/TelephonyManager(  356): getDefaultSim is sim1
D/MobileDataStateTracker(  356): cmmail: cmmail setting isAvailable to true
D/MobileDataStateTracker(  356): cmmail: Received state=DISCONNECTED, old=DISCONNECTED, reason=nwTypeChanged
D/ActivityThread(  356): BDC-Calling finishReceiver: IIntentReceiver=41b79438
D/DataButton(  450): DataButton,onReceive android.intent.action.ANY_DATA_STATE
W/ADB_SERVICES(  128): create_local_service_socket() name=shell:ls -l /
D/ADB_SERVICES(  128): Calling send_ready local=1669, remote=1681
V/Provider/Setting(  356): from settings cache , name = mobile_data value = 1
V/Provider/Setting(  356): from settings cache , name = gprs_connection_sim_setting value = 2
D/ConnectivityService(  356): getMobileDataEnabled returning true, dataEnabledSimId=2
D/DataButton(  450): onReceive,data==true
W/ADB_SERVICES( 7894): adb: unable to open /proc/7894/oom_adj
D/TelephonyRegistry(  356): Received ACTION_ANY_DATA_CONNECTION_STATE_CHANGED_MOBILE
V/ActivityManager(  356): Broadcast sticky: Intent { act=android.intent.action.ANY_DATA_STATE flg=0x10 (has extras) } ordered=false userid=0
D/ActivityThread(  356): BDC-Calling onReceive: intent=Intent { act=android.intent.action.ANY_DATA_STATE_MOBILE flg=0x10 (has extras) }, ordered=true, receiver=android.net.MobileDataStateTracker$MobileDataStateReceiver@41c40518, IIntentReceiver=41b79438
D/MobileDataStateTracker(  356): MobileDataStateReceiver received: ACTION_ANY_DATA_CONNECTION_STATE_CHANGED_MOBILE [dun]
D/MobileDataStateTracker(  356): dun: Intent from SIM 1, current SIM 0, current DataState DISCONNECTED
D/TelephonyManager(  356): getDefaultSim is sim1
D/ExtensionManager(  560): PhoneAppBroadcastReceiverExtension()
D/PhonePluginExtensionContainer(  560): getPhoneAppBroadcastReceiverExtension()
D/PhoneAppBroadcastReceiverExtensionContainer(  560): onReceive(), sub extension list is null, just return
D/PhoneApp(  560): PhoneAppBroadcastReceiver -----action=android.intent.action.ANY_DATA_STATE
D/TelephonyManager(  356): getDefaultSim is sim1
D/PhoneApp(  560): mReceiver: ACTION_ANY_DATA_CONNECTION_STATE_CHANGED state:DISCONNECTED reason:nwTypeChanged
D/NotificationMgr(  560): hideDataDisconnectedRoaming()...
D/MobileDataStateTracker(  356): dun: dun setting isAvailable to true
D/MobileDataStateTracker(  356): dun: Received state=DISCONNECTED, old=DISCONNECTED, reason=nwTypeChanged
D/ActivityThread(  356): BDC-Calling finishReceiver: IIntentReceiver=41b79438
D/TelephonyRegistry(  356): Received ACTION_ANY_DATA_CONNECTION_STATE_CHANGED_MOBILE
V/ActivityManager(  356): Broadcast sticky: Intent { act=android.intent.action.ANY_DATA_STATE flg=0x10 (has extras) } ordered=false userid=0
D/ActivityThread(  356): BDC-Calling onReceive: intent=Intent { act=android.intent.action.ANY_DATA_STATE_MOBILE flg=0x10 (has extras) }, ordered=true, receiver=android.net.MobileDataStateTracker$MobileDataStateReceiver@41c40518, IIntentReceiver=41b79438
D/MobileDataStateTracker(  356): MobileDataStateReceiver received: ACTION_ANY_DATA_CONNECTION_STATE_CHANGED_MOBILE [supl]
D/MobileDataStateTracker(  356): supl: Intent from SIM 1, current SIM 0, current DataState DISCONNECTED
D/ExtensionManager(  560): PhoneAppBroadcastReceiverExtension()
D/PhonePluginExtensionContainer(  560): getPhoneAppBroadcastReceiverExtension()
D/PhoneAppBroadcastReceiverExtensionContainer(  560): onReceive(), sub extension list is null, just return
D/PhoneApp(  560): PhoneAppBroadcastReceiver -----action=android.intent.action.ANY_DATA_STATE
D/PhoneApp(  560): mReceiver: ACTION_ANY_DATA_CONNECTION_STATE_CHANGED state:DISCONNECTED reason:nwTypeChanged
D/NotificationMgr(  560): hideDataDisconnectedRoaming()...
D/TelephonyManager(  356): getDefaultSim is sim1
D/DataButton(  450): DataButton,onReceive android.intent.action.ANY_DATA_STATE
V/Provider/Setting(  356): from settings cache , name = mobile_data value = 1
V/Provider/Setting(  356): from settings cache , name = gprs_connection_sim_setting value = 2
D/TelephonyManager(  356): getDefaultSim is sim1
D/MobileDataStateTracker(  356): supl: supl setting isAvailable to true
D/ConnectivityService(  356): getMobileDataEnabled returning true, dataEnabledSimId=2
D/MobileDataStateTracker(  356): supl: Received state=DISCONNECTED, old=DISCONNECTED, reason=nwTypeChanged
D/DataButton(  450): onReceive,data==true
D/ActivityThread(  356): BDC-Calling finishReceiver: IIntentReceiver=41b79438
D/DataButton(  450): DataButton,onReceive android.intent.action.ANY_DATA_STATE
D/ADB_SERVICES(  128):  closing because is_eof=1 r=1 s->fde.force_eof=0
D/TelephonyRegistry(  356): Received ACTION_ANY_DATA_CONNECTION_STATE_CHANGED_MOBILE
V/Provider/Setting(  356): from settings cache , name = mobile_data value = 1
V/Provider/Setting(  356): from settings cache , name = gprs_connection_sim_setting value = 2
D/ConnectivityService(  356): getMobileDataEnabled returning true, dataEnabledSimId=2
D/DataButton(  450): onReceive,data==true
V/ActivityManager(  356): Broadcast sticky: Intent { act=android.intent.action.ANY_DATA_STATE flg=0x10 (has extras) } ordered=false userid=0
D/ActivityThread(  356): BDC-Calling onReceive: intent=Intent { act=android.intent.action.ANY_DATA_STATE_MOBILE flg=0x10 (has extras) }, ordered=true, receiver=android.net.MobileDataStateTracker$MobileDataStateReceiver@41c40518, IIntentReceiver=41b79438
D/MobileDataStateTracker(  356): MobileDataStateReceiver received: ACTION_ANY_DATA_CONNECTION_STATE_CHANGED_MOBILE [hipri]
D/MobileDataStateTracker(  356): hipri: Intent from SIM 1, current SIM 0, current DataState DISCONNECTED
D/ExtensionManager(  560): PhoneAppBroadcastReceiverExtension()
D/PhonePluginExtensionContainer(  560): getPhoneAppBroadcastReceiverExtension()
D/PhoneAppBroadcastReceiverExtensionContainer(  560): onReceive(), sub extension list is null, just return
D/PhoneApp(  560): PhoneAppBroadcastReceiver -----action=android.intent.action.ANY_DATA_STATE
D/PhoneApp(  560): mReceiver: ACTION_ANY_DATA_CONNECTION_STATE_CHANGED state:DISCONNECTED reason:nwTypeChanged
D/NotificationMgr(  560): hideDataDisconnectedRoaming()...
D/TelephonyManager(  356): getDefaultSim is sim1
D/TelephonyManager(  356): getDefaultSim is sim1
D/MobileDataStateTracker(  356): hipri: hipri setting isAvailable to true
D/MobileDataStateTracker(  356): hipri: Received state=DISCONNECTED, old=DISCONNECTED, reason=nwTypeChanged
D/ActivityThread(  356): BDC-Calling finishReceiver: IIntentReceiver=41b79438
D/TelephonyRegistry(  356): Received ACTION_ANY_DATA_CONNECTION_STATE_CHANGED_MOBILE
V/ActivityManager(  356): Broadcast sticky: Intent { act=android.intent.action.ANY_DATA_STATE flg=0x10 (has extras) } ordered=false userid=0
D/ActivityThread(  356): BDC-Calling onReceive: intent=Intent { act=android.intent.action.ANY_DATA_STATE_MOBILE flg=0x10 (has extras) }, ordered=true, receiver=android.net.MobileDataStateTracker$MobileDataStateReceiver@41c40518, IIntentReceiver=41b79438
D/MobileDataStateTracker(  356): MobileDataStateReceiver received: ACTION_ANY_DATA_CONNECTION_STATE_CHANGED_MOBILE [ims]
D/MobileDataStateTracker(  356): ims: Intent from SIM 1, current SIM 0, current DataState DISCONNECTED
D/ExtensionManager(  560): PhoneAppBroadcastReceiverExtension()
D/PhonePluginExtensionContainer(  560): getPhoneAppBroadcastReceiverExtension()
D/PhoneAppBroadcastReceiverExtensionContainer(  560): onReceive(), sub extension list is null, just return
D/TelephonyManager(  356): getDefaultSim is sim1
D/PhoneApp(  560): PhoneAppBroadcastReceiver -----action=android.intent.action.ANY_DATA_STATE
D/PhoneApp(  560): mReceiver: ACTION_ANY_DATA_CONNECTION_STATE_CHANGED state:DISCONNECTED reason:nwTypeChanged
D/NotificationMgr(  560): hideDataDisconnectedRoaming()...
D/TelephonyManager(  356): getDefaultSim is sim1
D/MobileDataStateTracker(  356): ims: ims setting isAvailable to true
D/MobileDataStateTracker(  356): ims: Received state=DISCONNECTED, old=DISCONNECTED, reason=nwTypeChanged
D/ActivityThread(  356): BDC-Calling finishReceiver: IIntentReceiver=41b79438
D/TelephonyRegistry(  356): Received ACTION_ANY_DATA_CONNECTION_STATE_CHANGED_MOBILE
V/ActivityManager(  356): Broadcast sticky: Intent { act=android.intent.action.ANY_DATA_STATE flg=0x10 (has extras) } ordered=false userid=0
D/DataButton(  450): DataButton,onReceive android.intent.action.ANY_DATA_STATE
D/ExtensionManager(  560): PhoneAppBroadcastReceiverExtension()
D/PhonePluginExtensionContainer(  560): getPhoneAppBroadcastReceiverExtension()
D/PhoneAppBroadcastReceiverExtensionContainer(  560): onReceive(), sub extension list is null, just return
D/PhoneApp(  560): PhoneAppBroadcastReceiver -----action=android.intent.action.ANY_DATA_STATE
D/ActivityThread(  356): BDC-Calling onReceive: intent=Intent { act=android.intent.action.ANY_DATA_STATE_MOBILE flg=0x10 (has extras) }, ordered=true, receiver=android.net.MobileDataStateTracker$MobileDataStateReceiver@41c40518, IIntentReceiver=41b79438
D/PhoneApp(  560): mReceiver: ACTION_ANY_DATA_CONNECTION_STATE_CHANGED state:DISCONNECTED reason:nwTypeChanged
D/NotificationMgr(  560): hideDataDisconnectedRoaming()...
D/MobileDataStateTracker(  356): MobileDataStateReceiver received: ACTION_ANY_DATA_CONNECTION_STATE_CHANGED_MOBILE [mms]
V/Provider/Setting(  356): from settings cache , name = mobile_data value = 1
V/Provider/Setting(  356): from settings cache , name = gprs_connection_sim_setting value = 2
D/ConnectivityService(  356): getMobileDataEnabled returning true, dataEnabledSimId=2
D/MobileDataStateTracker(  356): mms: Intent from SIM 1, current SIM 0, current DataState DISCONNECTED
D/DataButton(  450): onReceive,data==true
D/DataButton(  450): DataButton,onReceive android.intent.action.ANY_DATA_STATE
V/Provider/Setting(  356): from settings cache , name = mobile_data value = 1
V/Provider/Setting(  356): from settings cache , name = gprs_connection_sim_setting value = 2
D/ConnectivityService(  356): getMobileDataEnabled returning true, dataEnabledSimId=2
D/DataButton(  450): onReceive,data==true
D/DataButton(  450): DataButton,onReceive android.intent.action.ANY_DATA_STATE
V/Provider/Setting(  356): from settings cache , name = mobile_data value = 1
V/Provider/Setting(  356): from settings cache , name = gprs_connection_sim_setting value = 2
D/ConnectivityService(  356): getMobileDataEnabled returning true, dataEnabledSimId=2
D/DataButton(  450): onReceive,data==true
D/TelephonyManager(  356): getDefaultSim is sim1
D/TelephonyManager(  356): getDefaultSim is sim1
D/MobileDataStateTracker(  356): mms: mms setting isAvailable to true
D/MobileDataStateTracker(  356): mms: Received state=DISCONNECTED, old=DISCONNECTED, reason=nwTypeChanged
D/ActivityThread(  356): BDC-Calling finishReceiver: IIntentReceiver=41b79438
D/TelephonyRegistry(  356): Received ACTION_ANY_DATA_CONNECTION_STATE_CHANGED_MOBILE
V/ActivityManager(  356): Broadcast sticky: Intent { act=android.intent.action.ANY_DATA_STATE flg=0x10 (has extras) } ordered=false userid=0
D/ActivityThread(  356): BDC-Calling onReceive: intent=Intent { act=android.intent.action.ANY_DATA_STATE_MOBILE flg=0x10 (has extras) }, ordered=true, receiver=android.net.MobileDataStateTracker$MobileDataStateReceiver@41c40518, IIntentReceiver=41b79438
D/MobileDataStateTracker(  356): MobileDataStateReceiver received: ACTION_ANY_DATA_CONNECTION_STATE_CHANGED_MOBILE [net]
D/MobileDataStateTracker(  356): net: Intent from SIM 1, current SIM 0, current DataState DISCONNECTED
W/ADB_SERVICES(  128): create_local_service_socket() name=shell:ls -l -d /emmc@android/
D/ADB_SERVICES(  128): Calling send_ready local=1670, remote=1682
W/ADB_SERVICES( 7896): adb: unable to open /proc/7896/oom_adj
D/ExtensionManager(  560): PhoneAppBroadcastReceiverExtension()
D/PhonePluginExtensionContainer(  560): getPhoneAppBroadcastReceiverExtension()
D/PhoneAppBroadcastReceiverExtensionContainer(  560): onReceive(), sub extension list is null, just return
D/PhoneApp(  560): PhoneAppBroadcastReceiver -----action=android.intent.action.ANY_DATA_STATE
D/PhoneApp(  560): mReceiver: ACTION_ANY_DATA_CONNECTION_STATE_CHANGED state:DISCONNECTED reason:nwTypeChanged
D/NotificationMgr(  560): hideDataDisconnectedRoaming()...
D/TelephonyManager(  356): getDefaultSim is sim1
D/TelephonyManager(  356): getDefaultSim is sim1
D/MobileDataStateTracker(  356): net: net setting isAvailable to true
D/MobileDataStateTracker(  356): net: Received state=DISCONNECTED, old=DISCONNECTED, reason=nwTypeChanged
D/ActivityThread(  356): BDC-Calling finishReceiver: IIntentReceiver=41b79438
D/DataButton(  450): DataButton,onReceive android.intent.action.ANY_DATA_STATE
V/Provider/Setting(  356): from settings cache , name = mobile_data value = 1
V/Provider/Setting(  356): from settings cache , name = gprs_connection_sim_setting value = 2
D/ConnectivityService(  356): getMobileDataEnabled returning true, dataEnabledSimId=2
D/DataButton(  450): onReceive,data==true
D/TelephonyRegistry(  356): Received ACTION_ANY_DATA_CONNECTION_STATE_CHANGED_MOBILE
V/ActivityManager(  356): Broadcast sticky: Intent { act=android.intent.action.ANY_DATA_STATE flg=0x10 (has extras) } ordered=false userid=0
D/MtkAgps (  114): agpsd socket_msg_read: (36) --> AGPS_CMD_NW_SIM2_ROAMING_STATE_UPDATE 
D/MtkAgps (  114): => agpsd SIM_2_isRoaming = 0
D/MtkAgps (  114): CM: cm_Network_Roaming_State_Update --> sim2_isRoaming = 0
D/MtkAgps (  114): agpsd socket_msg_read: g_conn_fd(14)
D/MtkAgps (  114): agpsd socket_msg_read() 00:12:58
D/ExtensionManager(  560): PhoneAppBroadcastReceiverExtension()
D/PhonePluginExtensionContainer(  560): getPhoneAppBroadcastReceiverExtension()
D/PhoneAppBroadcastReceiverExtensionContainer(  560): onReceive(), sub extension list is null, just return
D/PhoneApp(  560): PhoneAppBroadcastReceiver -----action=android.intent.action.ANY_DATA_STATE
D/PhoneApp(  560): mReceiver: ACTION_ANY_DATA_CONNECTION_STATE_CHANGED state:DISCONNECTED reason:nwTypeChanged
D/NotificationMgr(  560): hideDataDisconnectedRoaming()...
D/ActivityThread(  356): BDC-Calling onReceive: intent=Intent { act=android.intent.action.ANY_DATA_STATE_MOBILE flg=0x10 (has extras) }, ordered=true, receiver=android.net.MobileDataStateTracker$MobileDataStateReceiver@41c40518, IIntentReceiver=41b79438
D/MobileDataStateTracker(  356): MobileDataStateReceiver received: ACTION_ANY_DATA_CONNECTION_STATE_CHANGED_MOBILE [cbs]
D/MobileDataStateTracker(  356): cbs: Intent from SIM 1, current SIM 0, current DataState DISCONNECTED
D/TelephonyManager(  356): getDefaultSim is sim1
D/TelephonyManager(  356): getDefaultSim is sim1
D/ADB_SERVICES(  128):  closing because is_eof=1 r=-1 s->fde.force_eof=0
D/MobileDataStateTracker(  356): cbs: cbs setting isAvailable to true
D/MobileDataStateTracker(  356): cbs: Received state=DISCONNECTED, old=DISCONNECTED, reason=nwTypeChanged
D/ActivityThread(  356): BDC-Calling finishReceiver: IIntentReceiver=41b79438
D/DataButton(  450): DataButton,onReceive android.intent.action.ANY_DATA_STATE
V/Provider/Setting(  356): from settings cache , name = mobile_data value = 1
V/Provider/Setting(  356): from settings cache , name = gprs_connection_sim_setting value = 2
D/ConnectivityService(  356): getMobileDataEnabled returning true, dataEnabledSimId=2
D/TelephonyRegistry(  356): Received ACTION_ANY_DATA_CONNECTION_STATE_CHANGED_MOBILE
D/DataButton(  450): onReceive,data==true
V/ActivityManager(  356): Broadcast sticky: Intent { act=android.intent.action.ANY_DATA_STATE flg=0x10 (has extras) } ordered=false userid=0
D/ExtensionManager(  560): PhoneAppBroadcastReceiverExtension()
D/PhonePluginExtensionContainer(  560): getPhoneAppBroadcastReceiverExtension()
D/PhoneAppBroadcastReceiverExtensionContainer(  560): onReceive(), sub extension list is null, just return
D/PhoneApp(  560): PhoneAppBroadcastReceiver -----action=android.intent.action.ANY_DATA_STATE
D/PhoneApp(  560): mReceiver: ACTION_ANY_DATA_CONNECTION_STATE_CHANGED state:DISCONNECTED reason:nwTypeChanged
D/NotificationMgr(  560): hideDataDisconnectedRoaming()...
W/ADB_SERVICES(  128): create_local_service_socket() name=shell:ls -l -d /emmc@cache/
D/ADB_SERVICES(  128): Calling send_ready local=1671, remote=1683
W/ADB_SERVICES( 7898): adb: unable to open /proc/7898/oom_adj
D/DataButton(  450): DataButton,onReceive android.intent.action.ANY_DATA_STATE
V/Provider/Setting(  356): from settings cache , name = mobile_data value = 1
V/Provider/Setting(  356): from settings cache , name = gprs_connection_sim_setting value = 2
D/ConnectivityService(  356): getMobileDataEnabled returning true, dataEnabledSimId=2
D/DataButton(  450): onReceive,data==true
D/ADB_SERVICES(  128):  closing because is_eof=1 r=-1 s->fde.force_eof=0
D/ADB_SERVICES(  128): adb fdevent_process list (14) (57) (71) 
W/ADB_SERVICES(  128): create_local_service_socket() name=shell:ls -l -d /emmc@ebr1/
D/ADB_SERVICES(  128): Calling send_ready local=1672, remote=1684
D/ADB_SERVICES(  128): adb local_socket_ready list (57) (71) 
D/ADB_SERVICES(  128): adb socket read list (57) (71) 
D/ADB_SERVICES(  128): read_data=159631
D/ADB_SERVICES(  128): max_read_time=0.000314 max_send_time=0.000209 
W/ADB_SERVICES( 7900): adb: unable to open /proc/7900/oom_adj
D/ADB_SERVICES(  128):  closing because is_eof=1 r=-1 s->fde.force_eof=0
I/ATCIJ   ( 7555): Couldn't find 'atci-serv-fw' socket; retrying after timeout
W/ADB_SERVICES(  128): create_local_service_socket() name=shell:ls -l -d /emmc@fat/
D/ADB_SERVICES(  128): Calling send_ready local=1673, remote=1685
W/ADB_SERVICES( 7902): adb: unable to open /proc/7902/oom_adj
D/ADB_SERVICES(  128):  closing because is_eof=1 r=-1 s->fde.force_eof=0
D/MtkAgps (  114): agpsd socket_msg_read: (38) --> AGPS_CMD_SIM2_DATA_CONN_UPDATE 
D/MtkAgps (  114): => agpsd sim2_data_conn = 1 [CONNECTED(1),DISCONNECTED(0)]
D/MtkAgps (  114): ################## Network Data Connection ###################
D/MtkAgps (  114): CM: --> sim1_data_conn = 0
D/MtkAgps (  114): CM: --> sim2_data_conn = 1
D/MtkAgps (  114): CM: --> wifi_data_conn = 0
D/MtkAgps (  114): CM: --> cur_data_conn_type = 2 
D/MtkAgps (  114): agpsd socket_msg_read: g_conn_fd(14)
D/MtkAgps (  114): agpsd socket_msg_read() 00:12:58
W/ADB_SERVICES(  128): create_local_service_socket() name=shell:ls -l -d /emmc@sec_ro/
D/ADB_SERVICES(  128): Calling send_ready local=1674, remote=1686
W/ADB_SERVICES( 7904): adb: unable to open /proc/7904/oom_adj
D/ADB_SERVICES(  128):  closing because is_eof=1 r=1 s->fde.force_eof=0
W/ADB_SERVICES(  128): create_local_service_socket() name=shell:ls -l -d /emmc@usrdata/
D/ADB_SERVICES(  128): Calling send_ready local=1675, remote=1687
W/ADB_SERVICES( 7906): adb: unable to open /proc/7906/oom_adj
D/ADB_SERVICES(  128):  closing because is_eof=1 r=-1 s->fde.force_eof=0
W/ADB_SERVICES(  128): create_local_service_socket() name=shell:ls -l /mnt/
D/ADB_SERVICES(  128): Calling send_ready local=1676, remote=1688
W/ADB_SERVICES( 7908): adb: unable to open /proc/7908/oom_adj
D/MtkAgps (  114): agpsd socket_msg_read: (32) --> AGPS_CMD_SIM_2_NW_TYPE_UPDATE
D/MtkAgps (  114): => agpsd SIM_2_NW_TYPE = 0 [3G(1), 2G(0)]
D/MtkAgps (  114): agpsd socket_msg_read: g_conn_fd(14)
D/MtkAgps (  114): agpsd socket_msg_read() 00:12:58
D/NetworkControllerGemini(  450): PhoneStateListener:onSignalStrengthsChanged, sim2 before.
D/NetworkControllerGemini(  450): PhoneStateListener:onSignalStrengthsChanged, signalStrength=4
D/NetworkControllerGemini(  450): updateDataNetType(1), DataNetType=3.
D/NetworkControllerGemini(  450): updateDataNetType(1), simColorId=1
V/ActivityManager(  356): Broadcast sticky: Intent { act=android.intent.action.SIG_STR flg=0x10 (has extras) } ordered=false userid=0
D/NetworkControllerGemini(  450): updateDataNetType(1), DataNetType3G=Type_3G tempDataTypeIconId= 2130838099.
D/Bluetooth HS/HF(  560): [BT][HFG] [API] mStateReceiver.onReceive(android.intent.action.SIG_STR)
D/Bluetooth HS/HF(  560): [BT][HFG] [API] mHandler.handleMessage(10)
D/NetworkControllerGemini(  450): isSimInserted(1), SimInserted=true
D/NetworkControllerGemini(  450): updateTelephonySignalStrength(1), regState=1
D/NetworkControllerGemini(  450): updateTelephonySignalStrength(1), hasService=true
D/NetworkControllerGemini(  450): updateTelephonySignalStrength(1), isRoaming=false, mInetCondition=1
D/NetworkControllerGemini(  450): updateTelephonySignalStrength(1), simColorId=1
D/NetworkControllerGemini(  450): updateTelephonySignalStrength(1), tempDataNetType = Type_3G , simColorId=1  tempPhoneSignalIconId[0] = 2130838223  tempPhoneSignalIconId[1] = 0
D/NetworkControllerGemini(  450):  updateTelephonySignalStrength(1) tempSIMCUSignVisible= true
D/NetworkControllerGemini(  450): updateTelephonySignalStrength(1) mSIMCUSignVisible= true
D/NetworkControllerGemini(  450): isSimInserted(0), SimInserted=true
D/NetworkControllerGemini(  450): isSimInserted(1), SimInserted=true
D/NetworkControllerGemini(  450): updateOperatorInfo, sim1Inserted is true, sim2Inserted is true.
D/NetworkControllerGemini(  450): updateSignalBackgroundBySlotId(1), MobileVisible=true, ResId=33685713
D/NetworkControllerGemini(  450): refreshViews(1), DataConnected=true
D/NetworkControllerGemini(  450): refreshViews(1), mMobileActivityIconId=0, mMobileActivityIconIdGemini=0
D/NetworkControllerGemini(  450): refreshViews connected={ data } level=4 combinedSignalIconId=0x7f0202cf/com.android.systemui:drawable/zzz_stat_sys_signal_4_orange combinedActivityIconId=0x0 mobileLabel=中国联通 wifiLabel= combinedLabel=中国联通 mAirplaneMode=false mDataActivity=0 mPhoneSignalIconId=0x7f0202cf mPhoneSignalIconId2=0x0 mDataDirectionIconId=0x7f020253 mDataSignalIconId=0x7f0202cf mDataTypeIconId=0x7f020253 mWifiIconId=0x0 mBluetoothTetherIconId=0x1080568
D/SignalClusterViewGemini(  450): setDataConnected(1), dataConnected=true
D/SignalClusterViewGemini(  450): setDataNetType3G(1), dataNetType=Type_3G
D/SignalClusterViewGemini(  450): apply, mMobileVisible=true mMobileActivityId=0 mMobileTypeId=0 mMobileStrengthId[0] = 2130838219 mMobileStrengthId[1] = 0
D/SignalClusterViewGemini(  450): isSimInserted(0), SimInserted=true
D/SignalClusterViewGemini(  450): mDataNetType =Type_G resId= 0 simColorId = 0
D/SignalClusterViewGemini(  450): apply, mMobileVisibleGemini=true mMobileActivityIdGemini=0 mMobileTypeIdGemini=2130838099 mMobileStrengthIdGemini[0] = 2130838223 mMobileStrengthIdGemini[1] = 0
D/ADB_SERVICES(  128):  closing because is_eof=1 r=-1 s->fde.force_eof=0
D/SignalClusterViewGemini(  450): isSimInserted(1), SimInserted=true
D/SignalClusterViewGemini(  450): mDataNetTypeGemini =Type_3G resId= 0 simColorId = 1
D/SignalClusterViewGemini(  450): apply, mMobileVisible=true, mWifiVisible=false, mIsAirplaneMode=false
D/NetworkControllerGemini(  450): refreshViews(1), DataConnected=true
D/NetworkControllerGemini(  450): refreshViews(1), mMobileActivityIconId=0, mMobileActivityIconIdGemini=0
