D/ActivityThread( 3213): BDC-Calling onReceive: intent=Intent { act=android.intent.action.TIME_TICK flg=0x40000014 (has extras) }, ordered=true, receiver=com.zhangyue.iReader.service.c@419798c8, IIntentReceiver=41979c80
D/ActivityThread( 3213): BDC-Calling finishReceiver: IIntentReceiver=41979c80
D/ActivityThread(  450): BDC-Calling onReceive: intent=Intent { act=android.intent.action.TIME_TICK flg=0x40000014 (has extras) }, ordered=true, receiver=android.widget.DateTimeView$1@41e96f60, IIntentReceiver=41bbeb70
D/ActivityThread(  450): BDC-Calling finishReceiver: IIntentReceiver=41bbeb70
D/ActivityThread(  450): BDC-Calling onReceive: intent=Intent { act=android.intent.action.TIME_TICK flg=0x40000014 (has extras) }, ordered=true, receiver=android.widget.DateTimeView$1@423f0530, IIntentReceiver=423f1eb0
D/ActivityThread(  450): BDC-Calling finishReceiver: IIntentReceiver=423f1eb0
V/ActivityManager(  356): getTasks: max=1, flags=0, receiver=null
V/ActivityManager(  356): com.qq.reader/.ReaderPage: task=TaskRecord{428ad228 #24 A com.qq.reader U 0}
V/ActivityManager(  356): com.qq.reader/.MainActivity: task=TaskRecord{428ad228 #24 A com.qq.reader U 0}
V/ActivityManager(  356): We have pending thumbnails: null
V/Provider/Setting(  560): from settings cache , name = pdp_watchdog_poll_interval_ms value = null
V/NotificationService(  356): enqueueNotificationInternal: pkg=com.lbe.security id=2 notification=Notification(pri=0 contentView=com.lbe.security/0x7f030063 vibrate=null sound=null defaults=0x0 flags=0x42 kind=[null])
V/NotificationService(  356): notifications are enabled for com.lbe.security
V/NotificationService(  356): Assigned score=0 to Notification(pri=0 contentView=com.lbe.security/0x7f030063 vibrate=null sound=null defaults=0x0 flags=0x42 kind=[null])
V/AppWidgetContext(  450): context permission not changed
D/StatusBar(  450): collapsing notification at 0
D/NotificationService(  356): pakage=com.lbe.security,In NotificationMangerService, this notification soud, leds and vibrate enable
D/NotificationService(  356): useDefaultSound=false
D/NotificationService(  356): notification.sound=null
D/NotificationService(  356): mDmLock=false
D/StatusBar(  450): setting collapsed row height to 96
D/StatusBar(  450): collapsing notification at 1
D/StatusBar(  450): setting collapsed row height to 96
D/StatusBar(  450): collapsing notification at 2
D/StatusBar(  450): setting collapsed row height to 96
D/StatusBar(  450): collapsing notification at 3
D/StatusBar(  450): setting collapsed row height to 96
D/StatusBar(  450): expanding top notification at 4
D/StatusBar(  450): setting collapsed row height to 96
D/zhangxianjia ,phone statusbar(  450): com.lbe.security
I/ATCIJ   ( 7555): Couldn't find 'atci-serv-fw' socket; retrying after timeout
I/SurfaceTextureClient(  450): [0x4f316450] frames:3, duration:1.292000, fps:2.320497
I/SurfaceFlinger(  102): [SurfaceFlinger] frames:3, duration:1.292000, fps:2.320446
V/ActivityManager(  356): getTasks: max=1, flags=0, receiver=null
V/ActivityManager(  356): com.qq.reader/.ReaderPage: task=TaskRecord{428ad228 #24 A com.qq.reader U 0}
V/ActivityManager(  356): com.qq.reader/.MainActivity: task=TaskRecord{428ad228 #24 A com.qq.reader U 0}
V/ActivityManager(  356): We have pending thumbnails: null
V/Provider/Setting(  560): from settings cache , name = pdp_watchdog_poll_interval_ms value = null
V/ActivityManager(  356): getTasks: max=1, flags=0, receiver=null
V/ActivityManager(  356): com.qq.reader/.ReaderPage: task=TaskRecord{428ad228 #24 A com.qq.reader U 0}
V/ActivityManager(  356): com.qq.reader/.MainActivity: task=TaskRecord{428ad228 #24 A com.qq.reader U 0}
V/ActivityManager(  356): We have pending thumbnails: null
V/Provider/Setting(  560): from settings cache , name = pdp_watchdog_poll_interval_ms value = null
I/LBE     ( 1357): MESSAGE_CHECK_DATA_USAGE---------->
D/MobileDataStateTracker(  356): default: getNetworkInfo: updated IsAvailable=true
D/MobileDataStateTracker(  356): default: getNetworkInfo: updated IsAvailable=true
D/ConnectivityService(  356): getActiveNetworkInfo:NetworkInfo: type: mobile[GPRS], state: CONNECTED/CONNECTED, reason: psRestrictEnabled, extra: 3gnet, roaming: false, failover: false, isAvailable: true, simId: 1/10106
V/NotificationService(  356): enqueueNotificationInternal: pkg=com.lbe.security id=2 notification=Notification(pri=0 contentView=com.lbe.security/0x7f030063 vibrate=null sound=null defaults=0x0 flags=0x42 kind=[null])
V/NotificationService(  356): notifications are enabled for com.lbe.security
V/NotificationService(  356): Assigned score=0 to Notification(pri=0 contentView=com.lbe.security/0x7f030063 vibrate=null sound=null defaults=0x0 flags=0x42 kind=[null])
D/NotificationService(  356): pakage=com.lbe.security,In NotificationMangerService, this notification soud, leds and vibrate enable
V/AppWidgetContext(  450): context permission not changed
D/StatusBar(  450): collapsing notification at 0
D/NotificationService(  356): useDefaultSound=false
D/NotificationService(  356): notification.sound=null
D/NotificationService(  356): mDmLock=false
D/StatusBar(  450): setting collapsed row height to 96
D/StatusBar(  450): collapsing notification at 1
D/StatusBar(  450): setting collapsed row height to 96
D/StatusBar(  450): collapsing notification at 2
D/StatusBar(  450): setting collapsed row height to 96
D/StatusBar(  450): collapsing notification at 3
D/StatusBar(  450): setting collapsed row height to 96
D/StatusBar(  450): expanding top notification at 4
D/StatusBar(  450): setting collapsed row height to 96
D/zhangxianjia ,phone statusbar(  450): com.lbe.security
I/SurfaceTextureClient(  450): [0x4f316450] frames:2, duration:1.995000, fps:1.002356
I/SurfaceFlinger(  102): [SurfaceFlinger] frames:2, duration:1.995000, fps:1.002329
V/ActivityManager(  356): getTasks: max=1, flags=0, receiver=null
V/ActivityManager(  356): com.qq.reader/.ReaderPage: task=TaskRecord{428ad228 #24 A com.qq.reader U 0}
V/ActivityManager(  356): com.qq.reader/.MainActivity: task=TaskRecord{428ad228 #24 A com.qq.reader U 0}
V/ActivityManager(  356): We have pending thumbnails: null
V/Provider/Setting(  560): from settings cache , name = pdp_watchdog_poll_interval_ms value = null
W/ADB_SERVICES(  128): create_local_service_socket() name=shell:export ANDROID_LOG_TAGS="" ; exec logcat
D/ADB_SERVICES(  128): Calling send_ready local=1723, remote=1736
W/ADB_SERVICES( 8004): adb: unable to open /proc/8004/oom_adj
V/NotificationService(  356): enqueueNotificationInternal: pkg=com.lbe.security id=2 notification=Notification(pri=0 contentView=com.lbe.security/0x7f030063 vibrate=null sound=null defaults=0x0 flags=0x42 kind=[null])
V/NotificationService(  356): notifications are enabled for com.lbe.security
V/NotificationService(  356): Assigned score=0 to Notification(pri=0 contentView=com.lbe.security/0x7f030063 vibrate=null sound=null defaults=0x0 flags=0x42 kind=[null])
V/AppWidgetContext(  450): context permission not changed
D/StatusBar(  450): collapsing notification at 0
D/NotificationService(  356): pakage=com.lbe.security,In NotificationMangerService, this notification soud, leds and vibrate enable
D/NotificationService(  356): useDefaultSound=false
D/NotificationService(  356): notification.sound=null
D/NotificationService(  356): mDmLock=false
D/StatusBar(  450): setting collapsed row height to 96
D/StatusBar(  450): collapsing notification at 1
D/StatusBar(  450): setting collapsed row height to 96
D/StatusBar(  450): collapsing notification at 2
D/StatusBar(  450): setting collapsed row height to 96
D/StatusBar(  450): collapsing notification at 3
D/StatusBar(  450): setting collapsed row height to 96
D/StatusBar(  450): expanding top notification at 4
D/StatusBar(  450): setting collapsed row height to 96
D/zhangxianjia ,phone statusbar(  450): com.lbe.security
W/ADB_SERVICES(  128): create_local_service_socket() name=shell:ls -l /
D/ADB_SERVICES(  128): Calling send_ready local=1724, remote=1737
W/ADB_SERVICES( 8005): adb: unable to open /proc/8005/oom_adj
D/ADB_SERVICES(  128):  closing because is_eof=1 r=1 s->fde.force_eof=0
W/ADB_SERVICES(  128): create_local_service_socket() name=shell:ls -l -d /emmc@android/
D/ADB_SERVICES(  128): Calling send_ready local=1725, remote=1738
W/ADB_SERVICES( 8007): adb: unable to open /proc/8007/oom_adj
D/ADB_SERVICES(  128):  closing because is_eof=1 r=1 s->fde.force_eof=0
W/ADB_SERVICES(  128): create_local_service_socket() name=shell:ls -l -d /emmc@cache/
D/ADB_SERVICES(  128): Calling send_ready local=1726, remote=1739
W/ADB_SERVICES( 8009): adb: unable to open /proc/8009/oom_adj
D/ADB_SERVICES(  128): adb fdevent_process list (57) (14) (71) (87) 
D/ADB_SERVICES(  128): adb local_socket_ready list (57) (71) (87) 
D/ADB_SERVICES(  128): adb socket read list (57) (71) (87) 
D/ADB_SERVICES(  128): read_data=123959
D/ADB_SERVICES(  128): max_read_time=0.000480 max_send_time=0.001903 
D/ADB_SERVICES(  128):  closing because is_eof=1 r=1 s->fde.force_eof=0
W/ADB_SERVICES(  128): create_local_service_socket() name=shell:ls -l -d /emmc@ebr1/
D/ADB_SERVICES(  128): Calling send_ready local=1727, remote=1740
W/ADB_SERVICES( 8014): adb: unable to open /proc/8014/oom_adj
D/ADB_SERVICES(  128):  closing because is_eof=1 r=1 s->fde.force_eof=0
W/ADB_SERVICES(  128): create_local_service_socket() name=shell:ls -l -d /emmc@fat/
D/ADB_SERVICES(  128): Calling send_ready local=1728, remote=1741
W/ADB_SERVICES( 8017): adb: unable to open /proc/8017/oom_adj
D/ADB_SERVICES(  128):  closing because is_eof=1 r=-1 s->fde.force_eof=0
W/ADB_SERVICES(  128): create_local_service_socket() name=shell:ls -l -d /emmc@sec_ro/
D/ADB_SERVICES(  128): Calling send_ready local=1729, remote=1742
W/ADB_SERVICES( 8019): adb: unable to open /proc/8019/oom_adj
D/ADB_SERVICES(  128):  closing because is_eof=1 r=-1 s->fde.force_eof=0
W/ADB_SERVICES(  128): create_local_service_socket() name=shell:ls -l -d /emmc@usrdata/
D/ADB_SERVICES(  128): Calling send_ready local=1730, remote=1743
W/ADB_SERVICES( 8021): adb: unable to open /proc/8021/oom_adj
D/ADB_SERVICES(  128):  closing because is_eof=1 r=-1 s->fde.force_eof=0
W/ADB_SERVICES(  128): create_local_service_socket() name=shell:ls -l /mnt/
D/ADB_SERVICES(  128): Calling send_ready local=1731, remote=1744
W/ADB_SERVICES( 8023): adb: unable to open /proc/8023/oom_adj
D/ADB_SERVICES(  128):  closing because is_eof=1 r=-1 s->fde.force_eof=0
W/ADB_SERVICES(  128): create_local_service_socket() name=shell:ls -l /storage/
D/ADB_SERVICES(  128): Calling send_ready local=1732, remote=1745
W/ADB_SERVICES( 8025): adb: unable to open /proc/8025/oom_adj
D/ADB_SERVICES(  128):  closing because is_eof=1 r=-1 s->fde.force_eof=0
W/ADB_SERVICES(  128): create_local_service_socket() name=shell:ls -l /storage/sdcard0/
D/ADB_SERVICES(  128): Calling send_ready local=1733, remote=1746
W/ADB_SERVICES( 8027): adb: unable to open /proc/8027/oom_adj
D/ADB_SERVICES(  128):  closing because is_eof=1 r=1 s->fde.force_eof=0
W/ADB_SERVICES(  128): create_local_service_socket() name=shell:ls -l /storage/sdcard0/documents/
D/ADB_SERVICES(  128): Calling send_ready local=1734, remote=1747
W/ADB_SERVICES( 8029): adb: unable to open /proc/8029/oom_adj
D/ADB_SERVICES(  128):  closing because is_eof=1 r=-1 s->fde.force_eof=0
W/ADB_SERVICES(  128): create_local_service_socket() name=shell:ls -l /mnt/
D/ADB_SERVICES(  128): Calling send_ready local=1735, remote=1748
W/ADB_SERVICES( 8031): adb: unable to open /proc/8031/oom_adj
D/ADB_SERVICES(  128):  closing because is_eof=1 r=-1 s->fde.force_eof=0
W/ADB_SERVICES(  128): create_local_service_socket() name=shell:ls -l /storage/
D/ADB_SERVICES(  128): Calling send_ready local=1736, remote=1749
W/ADB_SERVICES( 8033): adb: unable to open /proc/8033/oom_adj
D/ADB_SERVICES(  128):  closing because is_eof=1 r=-1 s->fde.force_eof=0
W/ADB_SERVICES(  128): create_local_service_socket() name=shell:ls -l /storage/sdcard0/
D/ADB_SERVICES(  128): Calling send_ready local=1737, remote=1750
W/ADB_SERVICES( 8035): adb: unable to open /proc/8035/oom_adj
D/ADB_SERVICES(  128):  closing because is_eof=1 r=1 s->fde.force_eof=0
V/ActivityManager(  356): Broadcast sticky: Intent { act=android.intent.action.SIG_STR flg=0x10 (has extras) } ordered=false userid=0
D/NetworkControllerGemini(  450): PhoneStateListener:onSignalStrengthsChanged, sim2 before.
D/NetworkControllerGemini(  450): PhoneStateListener:onSignalStrengthsChanged, signalStrength=4
D/NetworkControllerGemini(  450): updateDataNetType(1), DataNetType=3.
D/NetworkControllerGemini(  450): updateDataNetType(1), simColorId=1
D/NetworkControllerGemini(  450): updateDataNetType(1), DataNetType3G=Type_3G tempDataTypeIconId= 2130838099.
D/Bluetooth HS/HF(  560): [BT][HFG] [API] mStateReceiver.onReceive(android.intent.action.SIG_STR)
D/NetworkControllerGemini(  450): isSimInserted(1), SimInserted=true
D/Bluetooth HS/HF(  560): [BT][HFG] [API] mHandler.handleMessage(10)
D/NetworkControllerGemini(  450): updateTelephonySignalStrength(1), regState=1
D/NetworkControllerGemini(  450): updateTelephonySignalStrength(1), hasService=true
D/NetworkControllerGemini(  450): updateTelephonySignalStrength(1), isRoaming=false, mInetCondition=1
D/NetworkControllerGemini(  450): updateTelephonySignalStrength(1), simColorId=1
D/NetworkControllerGemini(  450): updateTelephonySignalStrength(1), tempDataNetType = Type_3G , simColorId=1  tempPhoneSignalIconId[0] = 2130838223  tempPhoneSignalIconId[1] = 0
D/NetworkControllerGemini(  450):  updateTelephonySignalStrength(1) tempSIMCUSignVisible= true
D/NetworkControllerGemini(  450): updateTelephonySignalStrength(1) mSIMCUSignVisible= true
D/NetworkControllerGemini(  450): isSimInserted(0), SimInserted=true
D/NetworkControllerGemini(  450): isSimInserted(1), SimInserted=true
D/NetworkControllerGemini(  450): updateOperatorInfo, sim1Inserted is true, sim2Inserted is true.
D/NetworkControllerGemini(  450): updateSignalBackgroundBySlotId(1), MobileVisible=true, ResId=33685713
D/NetworkControllerGemini(  450): refreshViews(1), DataConnected=true
D/NetworkControllerGemini(  450): refreshViews(1), mMobileActivityIconId=0, mMobileActivityIconIdGemini=0
D/NetworkControllerGemini(  450): refreshViews connected={ data } level=4 combinedSignalIconId=0x7f0202cf/com.android.systemui:drawable/zzz_stat_sys_signal_4_orange combinedActivityIconId=0x0 mobileLabel=中国联通 wifiLabel= combinedLabel=中国联通 mAirplaneMode=false mDataActivity=0 mPhoneSignalIconId=0x7f0202cf mPhoneSignalIconId2=0x0 mDataDirectionIconId=0x7f020253 mDataSignalIconId=0x7f0202cf mDataTypeIconId=0x7f020253 mWifiIconId=0x0 mBluetoothTetherIconId=0x1080568
D/SignalClusterViewGemini(  450): setDataConnected(1), dataConnected=true
D/SignalClusterViewGemini(  450): setDataNetType3G(1), dataNetType=Type_3G
D/SignalClusterViewGemini(  450): apply, mMobileVisible=true mMobileActivityId=0 mMobileTypeId=0 mMobileStrengthId[0] = 2130838219 mMobileStrengthId[1] = 0
D/SignalClusterViewGemini(  450): isSimInserted(0), SimInserted=true
D/SignalClusterViewGemini(  450): mDataNetType =Type_G resId= 0 simColorId = 0
D/SignalClusterViewGemini(  450): apply, mMobileVisibleGemini=true mMobileActivityIdGemini=0 mMobileTypeIdGemini=2130838099 mMobileStrengthIdGemini[0] = 2130838223 mMobileStrengthIdGemini[1] = 0
D/SignalClusterViewGemini(  450): isSimInserted(1), SimInserted=true
D/SignalClusterViewGemini(  450): mDataNetTypeGemini =Type_3G resId= 0 simColorId = 1
D/SignalClusterViewGemini(  450): apply, mMobileVisible=true, mWifiVisible=false, mIsAirplaneMode=false
D/NetworkControllerGemini(  450): refreshViews(1), DataConnected=true
D/NetworkControllerGemini(  450): refreshViews(1), mMobileActivityIconId=0, mMobileActivityIconIdGemini=0
D/NetworkControllerGemini(  450): refreshViews connected={ data } level=4 combinedSignalIconId=0x7f0202cf/com.android.systemui:drawable/zzz_stat_sys_signal_4_orange combinedActivityIconId=0x0 mobileLabel=中国联通 wifiLabel= combinedLabel=中国联通 mAirplaneMode=false mDataActivity=0 mPhoneSignalIconId=0x7f0202cf mPhoneSignalIconId2=0x0 mDataDirectionIconId=0x7f020253 mDataSignalIconId=0x7f0202cf mDataTypeIconId=0x7f020253 mWifiIconId=0x0 mBluetoothTetherIconId=0x1080568
D/SignalClusterViewGemini(  450): setDataConnected(1), dataConnected=true
D/SignalClusterViewGemini(  450): setDataNetType3G(1), dataNetType=Type_3G
D/SignalClusterViewGemini(  450): apply, mMobileVisible=true mMobileActivityId=0 mMobileTypeId=0 mMobileStrengthId[0] = 2130838219 mMobileStrengthId[1] = 0
D/SignalClusterViewGemini(  450): isSimInserted(0), SimInserted=true
D/SignalClusterViewGemini(  450): mDataNetType =Type_G resId= 0 simColorId = 0
D/SignalClusterViewGemini(  450): apply, mMobileVisibleGemini=true mMobileActivityIdGemini=0 mMobileTypeIdGemini=2130838099 mMobileStrengthIdGemini[0] = 2130838223 mMobileStrengthIdGemini[1] = 0
D/SignalClusterViewGemini(  450): isSimInserted(1), SimInserted=true
D/SignalClusterViewGemini(  450): mDataNetTypeGemini =Type_3G resId= 0 simColorId = 1
D/SignalClusterViewGemini(  450): apply, mMobileVisible=true, mWifiVisible=false, mIsAirplaneMode=false
D/NetworkControllerGemini(  450): PhoneStateListener:onSignalStrengthsChanged, sim2 after.
W/ADB_SERVICES(  128): create_local_service_socket() name=shell:ls -l /storage/sdcard0/documents/
D/ADB_SERVICES(  128): Calling send_ready local=1738, remote=1751
W/ADB_SERVICES( 8037): adb: unable to open /proc/8037/oom_adj
I/SurfaceTextureClient(  450): [0x4f316450] frames:2, duration:1.447000, fps:1.381877
D/ADB_SERVICES(  128):  closing because is_eof=1 r=-1 s->fde.force_eof=0
I/SurfaceFlinger(  102): [SurfaceFlinger] frames:2, duration:1.458000, fps:1.370920
W/ADB_SERVICES(  128): create_local_service_socket() name=shell:ls -l /storage/sdcard0/
D/ADB_SERVICES(  128): Calling send_ready local=1739, remote=1752
W/ADB_SERVICES( 8039): adb: unable to open /proc/8039/oom_adj
D/ADB_SERVICES(  128):  closing because is_eof=1 r=1 s->fde.force_eof=0
W/ADB_SERVICES(  128): create_local_service_socket() name=shell:ls -l /storage/sdcard0/documents/
D/ADB_SERVICES(  128): Calling send_ready local=1740, remote=1753
W/ADB_SERVICES( 8041): adb: unable to open /proc/8041/oom_adj
D/ADB_SERVICES(  128):  closing because is_eof=1 r=-1 s->fde.force_eof=0
W/ADB_SERVICES(  128): create_local_service_socket() name=shell:ls -l /storage/sdcard0/documents/
D/ADB_SERVICES(  128): Calling send_ready local=1741, remote=1754
W/ADB_SERVICES( 8043): adb: unable to open /proc/8043/oom_adj
D/ADB_SERVICES(  128):  closing because is_eof=1 r=1 s->fde.force_eof=0
V/ActivityManager(  356): getTasks: max=1, flags=0, receiver=null
V/ActivityManager(  356): com.qq.reader/.ReaderPage: task=TaskRecord{428ad228 #24 A com.qq.reader U 0}
V/ActivityManager(  356): com.qq.reader/.MainActivity: task=TaskRecord{428ad228 #24 A com.qq.reader U 0}
V/ActivityManager(  356): We have pending thumbnails: null
V/Provider/Setting(  560): from settings cache , name = pdp_watchdog_poll_interval_ms value = null
I/ATCIJ   ( 7555): Couldn't find 'atci-serv-fw' socket; retrying after timeout
V/ActivityManager(  356): getTasks: max=1, flags=0, receiver=null
V/ActivityManager(  356): com.qq.reader/.ReaderPage: task=TaskRecord{428ad228 #24 A com.qq.reader U 0}
V/ActivityManager(  356): com.qq.reader/.MainActivity: task=TaskRecord{428ad228 #24 A com.qq.reader U 0}
V/ActivityManager(  356): We have pending thumbnails: null
V/Provider/Setting(  560): from settings cache , name = pdp_watchdog_poll_interval_ms value = null
I/SurfaceTextureClient(  450): [0x4f316450] frames:2, duration:1.545000, fps:1.294041
I/SurfaceFlinger(  102): [SurfaceFlinger] frames:2, duration:1.534000, fps:1.303083
D/WindowManager(  356): interceptKeyTq keycode=4 screenIsOn=true keyguardActive=false policyFlags = #2000100 down =true canceled = false
D/Settings/Provide(  356): lookupValue table system cache contains Key haptic_feedback_enabled value = Bundle[{value=0}]
V/Provider/Setting(  356): from db cache, name = haptic_feedback_enabled value = 0
D/WindowManager(  356): interceptKeyTi keyCode=4 down=true repeatCount=0 keyguardOn=false mHomePressed=false canceled=false
D/dalvikvm(  356): GC_FOR_ALLOC freed 1812K, 37% free 14829K/23415K, paused 89ms, total 89ms
D/WindowManager(  356): interceptKeyTq keycode=4 screenIsOn=true keyguardActive=false policyFlags = #2000100 down =false canceled = false
D/WindowManager(  356): interceptKeyTi keyCode=4 down=false repeatCount=0 keyguardOn=false mHomePressed=false canceled=false
I/InputDispatcher(  356): Focus window's pid=2988
D/Provider/Setting( 2988): putString screen_off_timeout in content://settings/system value 15000
D/Settings/Provide(  356): redundant, old Value: 300000 new value: 15000
D/Settings/Provide(  356): Cache populate screen_off_timeout 15000
V/Settings/Provide(  356): system <- value=15000 name=screen_off_timeout
V/Settings/Provide(  356): property: sys.settings_system_version=10
W/BackupManagerService(  356): dataChanged but no participant pkg='com.android.providers.settings' uid=10098
V/Provider/Setting(  356): invalidate [system]: current 10 != cached 9
D/Settings/Provide(  356): lookupValue table system cache contains Key end_button_behavior value = null
D/Settings/Provide(  356): lookupValue table system cache.fullyMatchesDisk() end_button_behavior
V/Provider/Setting(  356): from db cache, name = end_button_behavior value = null
V/Provider/Setting(  356): from settings cache , name = incall_power_button_behavior value = null
D/Settings/Provide(  356): lookupValue table system cache contains Key user_rotation value = null
D/Settings/Provide(  356): lookupValue table system cache.fullyMatchesDisk() user_rotation
V/Provider/Setting(  356): from db cache, name = user_rotation value = null
D/Settings/Provide(  356): lookupValue table system cache contains Key accelerometer_rotation value = Bundle[{value=0}]
V/Provider/Setting(  356): from db cache, name = accelerometer_rotation value = 0
D/Settings/Provide(  356): lookupValue table system cache contains Key volume_wake_screen value = null
D/Settings/Provide(  356): lookupValue table system cache.fullyMatchesDisk() volume_wake_screen
V/Provider/Setting(  356): from db cache, name = volume_wake_screen value = null
D/Settings/Provide(  356): lookupValue table system cache contains Key volume_music_controls value = null
D/Settings/Provide(  356): lookupValue table system cache.fullyMatchesDisk() volume_music_controls
V/Provider/Setting(  356): from db cache, name = volume_music_controls value = null
D/Settings/Provide(  356): lookupValue table system cache contains Key camera_power_shutter value = Bundle[{value=0}]
V/Provider/Setting(  356): from db cache, name = camera_power_shutter value = 0
D/Settings/Provide(  356): lookupValue table system cache contains Key back_to_kill value = Bundle[{value=1}]
V/Provider/Setting(  356): from db cache, name = back_to_kill value = 1
D/Settings/Provide(  356): lookupValue table system cache contains Key pointer_location value = null
D/Settings/Provide(  356): lookupValue table system cache.fullyMatchesDisk() pointer_location
V/Provider/Setting(  356): from db cache, name = pointer_location value = null
D/Settings/Provide(  356): lookupValue table system cache contains Key screen_off_timeout value = Bundle[{value=15000}]
V/Provider/Setting(  356): from db cache, name = screen_off_timeout value = 15000
V/Provider/Setting(  356): from settings cache , name = default_input_method value = com.android.inputmethod.latin/.LatinIME
V/Provider/Setting(  356): from settings cache , name = screensaver_enabled value = null
V/Provider/Setting(  356): from settings cache , name = screen_off_timeout value = 15000
V/Settings/Provide(  356): notifying: content://settings/system/screen_off_timeout
D/dalvikvm( 2988): threadid=19: exiting
D/dalvikvm( 2988): threadid=19: bye!
D/dalvikvm( 2988): threadid=18: exiting
D/dalvikvm( 2988): threadid=18: bye!
V/ActivityManager(  356): getTasks: max=1, flags=0, receiver=null
V/ActivityManager(  356): com.qq.reader/.ReaderPage: task=TaskRecord{428ad228 #24 A com.qq.reader U 0}
V/ActivityManager(  356): com.qq.reader/.MainActivity: task=TaskRecord{428ad228 #24 A com.qq.reader U 0}
V/ActivityManager(  356): We have pending thumbnails: null
V/Provider/Setting(  560): from settings cache , name = pdp_watchdog_poll_interval_ms value = null
D/dalvikvm( 2988): GC_EXPLICIT freed 238K, 25% free 19172K/25399K, paused 2ms+5ms, total 44ms
D/ActivityThread( 2988): ACT-AM_ON_PAUSE_CALLED ActivityRecord{41d324f0 token=android.os.BinderProxy@41954910 {com.qq.reader/com.qq.reader.ReaderPage}}
D/InputReader(  356): InputReader:: getSwitchState lock 
D/InputReader(  356): InputReader::getStateLocked:: return 
D/dalvikvm(  356): create interp thread : stack size=32KB
D/dalvikvm(  356): create new thread
D/dalvikvm(  356): new thread created
D/dalvikvm(  356): update thread list
D/dalvikvm(  356): threadid=59: interp stack at 0x55a2d000
D/dalvikvm(  356): threadid=59: created from interp
D/dalvikvm(  356): start new thread
D/dalvikvm(  356): threadid=59: notify debugger
D/dalvikvm(  356): threadid=59 (Thread-862): calling run()
D/ActivityThread( 2988): ACT-PAUSE_ACTIVITY_FINISHING handled : 0 / android.os.BinderProxy@41954910
D/dalvikvm(  356): threadid=59: exiting
D/dalvikvm(  356): threadid=59: bye!
V/ActivityManager(  356): Broadcast: Intent { act=com.qq.reader.appwidget.action.REFRESH flg=0x10 } ordered=false userid=0
D/ActivityThread( 2988): ACT-AM_ON_RESUME_CALLED ActivityRecord{41cac060 token=android.app.LocalActivityManager$LocalActivityRecord@4244d6d8 {com.qq.reader/com.qq.reader.mark.BookStandActivity}}
D/ActivityThread( 2988): ACT-AM_ON_RESUME_CALLED ActivityRecord{41d21300 token=android.os.BinderProxy@41cdff40 {com.qq.reader/com.qq.reader.MainActivity}}
D/ActivityThread( 2988): ACT-RESUME_ACTIVITY handled : 0 / android.os.BinderProxy@41cdff40
V/NotificationService(  356): enqueueNotificationInternal: pkg=com.lbe.security id=2 notification=Notification(pri=0 contentView=com.lbe.security/0x7f030063 vibrate=null sound=null defaults=0x0 flags=0x42 kind=[null])
V/NotificationService(  356): notifications are enabled for com.lbe.security
V/NotificationService(  356): Assigned score=0 to Notification(pri=0 contentView=com.lbe.security/0x7f030063 vibrate=null sound=null defaults=0x0 flags=0x42 kind=[null])
D/NotificationService(  356): pakage=com.lbe.security,In NotificationMangerService, this notification soud, leds and vibrate enable
D/NotificationService(  356): useDefaultSound=false
D/NotificationService(  356): notification.sound=null
D/NotificationService(  356): mDmLock=false
I/BufferQueue(  102): [unnamed-102-157] BufferQueue
I/BufferQueue(  102): [unnamed-102-157] consumerConnect
I/BufferQueue(  102): [unnamed-102-157] setSynchronousMode: enabled=1
I/BufferQueue(  102): [unnamed-102-157] setDefaultBufferSize: w=540, h=960
V/AppWidgetContext(  450): context permission not changed
V/WindowManager(  356): Changing focus from Window{41f7a658 com.qq.reader/com.qq.reader.ReaderPage paused=false} to Window{428fb048 com.qq.reader/com.qq.reader.MainActivity paused=false}
D/StatusBar(  450): collapsing notification at 0
D/StatusBar(  450): setting collapsed row height to 96
D/StatusBar(  450): collapsing notification at 1
D/StatusBar(  450): setting collapsed row height to 96
D/StatusBar(  450): collapsing notification at 2
D/StatusBar(  450): setting collapsed row height to 96
D/StatusBar(  450): collapsing notification at 3
D/StatusBar(  450): setting collapsed row height to 96
D/StatusBar(  450): expanding top notification at 4
D/StatusBar(  450): setting collapsed row height to 96
D/zhangxianjia ,phone statusbar(  450): com.lbe.security
V/PhoneStatusBar(  450): setLightsOn(true)
I/WindowManager(  356): Gaining focus: Window{428fb048 com.qq.reader/com.qq.reader.MainActivity paused=false}
I/MdpService( 2988): [MDP INFO](2988): BpMdpService::parseJpg addr:0x52a3a000, size:6138, fd:71
I/MdpService(  107): [MDP INFO](139): receieve the command code 2
D/JpgDecHal(  107): JpgDecHal::JpgDecHal
I/MdpService( 2988): [MDP INFO](2988): BpMdpService::parseJpg reply:0
I/MdpService(  107): [MDP INFO](107): receieve the command code 3
I/MdpService( 2988): [MDP INFO](2988): BpMdpService::getJpgInfo 137 200 (0)
D/skia    ( 2988): The file input width: 137, height: 200, output width: 137, height: 200, format: 6, prefer size: 0, dither: 1
I/MdpService( 2988): [MDP INFO](2988): get proc handler 0xdc644000
I/MdpService(  107): [MDP INFO](139): receieve the command code 1
D/JpgDecHal(  107): JpgDecHal::start -> config jpeg path
D/JpgDecHal(  107): Decoder Src Addr:0x40432000, width/height:[137, 200], bf_size 1940
D/JpgDecHal(  107): Decoder Dst Addr:0x41bf7738, width/height:[137, 200], format:3
D/JpgDecHal(  107): Decoder Dither:1, RangeDecode:0 [0 0 0 0]
D/JpgDecHal(  107): jpeg decoder result:0 
D/JpgDecHal(  107): JpgDecHal::~JpgDecHal
I/MdpService( 2988): [MDP INFO](2988): BpMdpService::decodeJpg reply:0
I/MdpService( 2988): [MDP INFO](2988): BpMdpService::parseJpg addr:0x52a3a000, size:9696, fd:71
I/MdpService(  107): [MDP INFO](107): receieve the command code 2
D/JpgDecHal(  107): JpgDecHal::JpgDecHal
I/MdpService( 2988): [MDP INFO](2988): BpMdpService::parseJpg reply:0
I/MdpService(  107): [MDP INFO](139): receieve the command code 3
I/MdpService( 2988): [MDP INFO](2988): BpMdpService::getJpgInfo 140 187 (0)
D/skia    ( 2988): The file input width: 140, height: 187, output width: 140, height: 187, format: 6, prefer size: 0, dither: 1
I/MdpService( 2988): [MDP INFO](2988): get proc handler 0xdc644000
I/MdpService(  107): [MDP INFO](107): receieve the command code 1
D/JpgDecHal(  107): JpgDecHal::start -> config jpeg path
D/JpgDecHal(  107): Decoder Src Addr:0x40432000, width/height:[140, 187], bf_size 2720
D/JpgDecHal(  107): Decoder Dst Addr:0x41c12370, width/height:[140, 187], format:3
D/JpgDecHal(  107): Decoder Dither:1, RangeDecode:0 [0 0 0 0]
D/JpgDecHal(  107): jpeg decoder result:0 
D/JpgDecHal(  107): JpgDecHal::~JpgDecHal
I/MdpService( 2988): [MDP INFO](2988): BpMdpService::decodeJpg reply:0
I/MdpService( 2988): [MDP INFO](2988): BpMdpService::parseJpg addr:0x52a3a000, size:13666, fd:71
I/MdpService(  107): [MDP INFO](139): receieve the command code 2
D/JpgDecHal(  107): JpgDecHal::JpgDecHal
I/MdpService( 2988): [MDP INFO](2988): BpMdpService::parseJpg reply:0
I/MdpService(  107): [MDP INFO](107): receieve the command code 3
I/MdpService( 2988): [MDP INFO](2988): BpMdpService::getJpgInfo 132 175 (0)
D/skia    ( 2988): The file input width: 132, height: 175, output width: 132, height: 175, format: 6, prefer size: 0, dither: 1
I/MdpService( 2988): [MDP INFO](2988): get proc handler 0xdc644000
I/MdpService(  107): [MDP INFO](139): receieve the command code 1
D/JpgDecHal(  107): JpgDecHal::start -> config jpeg path
D/JpgDecHal(  107): Decoder Src Addr:0x40432000, width/height:[132, 175], bf_size 36c0
D/JpgDecHal(  107): Decoder Dst Addr:0x41c3bcb0, width/height:[132, 175], format:3
D/JpgDecHal(  107): Decoder Dither:1, RangeDecode:0 [0 0 0 0]
D/JpgDecHal(  107): jpeg decoder result:0 
D/JpgDecHal(  107): JpgDecHal::~JpgDecHal
I/MdpService( 2988): [MDP INFO](2988): BpMdpService::decodeJpg reply:0
D/ActivityThread( 2988): BDC-Calling onReceive: intent=Intent { act=com.qq.reader.appwidget.action.REFRESH flg=0x10 cmp=com.qq.reader/.widget.ReaderWidget }, ordered=true, receiver=com.qq.reader.widget.ReaderWidget@4199a448
I/MdpService( 2988): [MDP INFO](2988): BpMdpService::parseJpg addr:0x52a3a000, size:6138, fd:71
I/MdpService(  107): [MDP INFO](107): receieve the command code 2
D/JpgDecHal(  107): JpgDecHal::JpgDecHal
I/MdpService( 2988): [MDP INFO](2988): BpMdpService::parseJpg reply:0
I/MdpService(  107): [MDP INFO](139): receieve the command code 3
I/MdpService( 2988): [MDP INFO](2988): BpMdpService::getJpgInfo 137 200 (0)
D/skia    ( 2988): The file input width: 137, height: 200, output width: 137, height: 200, format: 6, prefer size: 0, dither: 1
I/MdpService( 2988): [MDP INFO](2988): get proc handler 0xdc644000
I/MdpService(  107): [MDP INFO](107): receieve the command code 1
D/JpgDecHal(  107): JpgDecHal::start -> config jpeg path
D/JpgDecHal(  107): Decoder Src Addr:0x40432000, width/height:[137, 200], bf_size 1940
D/JpgDecHal(  107): Decoder Dst Addr:0x41c625d0, width/height:[137, 200], format:3
D/JpgDecHal(  107): Decoder Dither:1, RangeDecode:0 [0 0 0 0]
D/JpgDecHal(  107): jpeg decoder result:0 
D/JpgDecHal(  107): JpgDecHal::~JpgDecHal
I/MdpService( 2988): [MDP INFO](2988): BpMdpService::decodeJpg reply:0
I/MdpService( 2988): [MDP INFO](2988): BpMdpService::parseJpg addr:0x52a3a000, size:6138, fd:71
I/MdpService(  107): [MDP INFO](139): receieve the command code 2
D/JpgDecHal(  107): JpgDecHal::JpgDecHal
I/MdpService( 2988): [MDP INFO](2988): BpMdpService::parseJpg reply:0
I/MdpService(  107): [MDP INFO](107): receieve the command code 3
I/MdpService( 2988): [MDP INFO](2988): BpMdpService::getJpgInfo 137 200 (0)
D/skia    ( 2988): The file input width: 137, height: 200, output width: 137, height: 200, format: 6, prefer size: 0, dither: 1
I/MdpService( 2988): [MDP INFO](2988): get proc handler 0xdc644000
I/MdpService(  107): [MDP INFO](139): receieve the command code 1
D/JpgDecHal(  107): JpgDecHal::start -> config jpeg path
D/JpgDecHal(  107): Decoder Src Addr:0x40432000, width/height:[137, 200], bf_size 1940
D/JpgDecHal(  107): Decoder Dst Addr:0x42244700, width/height:[137, 200], format:3
D/JpgDecHal(  107): Decoder Dither:1, RangeDecode:0 [0 0 0 0]
D/JpgDecHal(  107): jpeg decoder result:0 
D/JpgDecHal(  107): JpgDecHal::~JpgDecHal
I/MdpService( 2988): [MDP INFO](2988): BpMdpService::decodeJpg reply:0
I/MdpService( 2988): [MDP INFO](2988): BpMdpService::parseJpg addr:0x52a3a000, size:6138, fd:71
I/MdpService(  107): [MDP INFO](107): receieve the command code 2
D/JpgDecHal(  107): JpgDecHal::JpgDecHal
I/MdpService( 2988): [MDP INFO](2988): BpMdpService::parseJpg reply:0
I/MdpService(  107): [MDP INFO](139): receieve the command code 3
I/MdpService( 2988): [MDP INFO](2988): BpMdpService::getJpgInfo 137 200 (0)
D/skia    ( 2988): The file input width: 137, height: 200, output width: 137, height: 200, format: 6, prefer size: 0, dither: 1
I/MdpService( 2988): [MDP INFO](2988): get proc handler 0xdc644000
I/MdpService(  107): [MDP INFO](107): receieve the command code 1
D/JpgDecHal(  107): JpgDecHal::start -> config jpeg path
D/JpgDecHal(  107): Decoder Src Addr:0x40432000, width/height:[137, 200], bf_size 1940
D/JpgDecHal(  107): Decoder Dst Addr:0x4226f350, width/height:[137, 200], format:3
D/JpgDecHal(  107): Decoder Dither:1, RangeDecode:0 [0 0 0 0]
D/JpgDecHal(  107): jpeg decoder result:0 
D/JpgDecHal(  107): JpgDecHal::~JpgDecHal
I/MdpService( 2988): [MDP INFO](2988): BpMdpService::decodeJpg reply:0
I/MdpService( 2988): [MDP INFO](2988): BpMdpService::parseJpg addr:0x52a3a000, size:9696, fd:71
I/MdpService(  107): [MDP INFO](139): receieve the command code 2
D/JpgDecHal(  107): JpgDecHal::JpgDecHal
I/MdpService( 2988): [MDP INFO](2988): BpMdpService::parseJpg reply:0
I/MdpService(  107): [MDP INFO](107): receieve the command code 3
I/MdpService( 2988): [MDP INFO](2988): BpMdpService::getJpgInfo 140 187 (0)
D/skia    ( 2988): The file input width: 140, height: 187, output width: 140, height: 187, format: 6, prefer size: 0, dither: 1
I/MdpService( 2988): [MDP INFO](2988): get proc handler 0xdc644000
I/MdpService(  107): [MDP INFO](139): receieve the command code 1
D/JpgDecHal(  107): JpgDecHal::start -> config jpeg path
D/JpgDecHal(  107): Decoder Src Addr:0x40432000, width/height:[140, 187], bf_size 2720
D/JpgDecHal(  107): Decoder Dst Addr:0x42299fa0, width/height:[140, 187], format:3
D/JpgDecHal(  107): Decoder Dither:1, RangeDecode:0 [0 0 0 0]
D/IPCThreadState(  356): [DN #5] BR_CLEAR_DEATH_NOTIFICATION_DONE cookie 0x518165a8
D/JpgDecHal(  107): jpeg decoder result:0 
D/JpgDecHal(  107): JpgDecHal::~JpgDecHal
I/MdpService( 2988): [MDP INFO](2988): BpMdpService::decodeJpg reply:0
I/MdpService( 2988): [MDP INFO](2988): BpMdpService::parseJpg addr:0x52a3a000, size:9696, fd:71
I/MdpService(  107): [MDP INFO](107): receieve the command code 2
D/JpgDecHal(  107): JpgDecHal::JpgDecHal
I/MdpService( 2988): [MDP INFO](2988): BpMdpService::parseJpg reply:0
I/MdpService(  107): [MDP INFO](139): receieve the command code 3
I/MdpService( 2988): [MDP INFO](2988): BpMdpService::getJpgInfo 140 187 (0)
D/skia    ( 2988): The file input width: 140, height: 187, output width: 140, height: 187, format: 6, prefer size: 0, dither: 1
I/MdpService( 2988): [MDP INFO](2988): get proc handler 0xdc644000
I/MdpService(  107): [MDP INFO](107): receieve the command code 1
D/JpgDecHal(  107): JpgDecHal::start -> config jpeg path
D/JpgDecHal(  107): Decoder Src Addr:0x40432000, width/height:[140, 187], bf_size 2720
D/JpgDecHal(  107): Decoder Dst Addr:0x422c38e0, width/height:[140, 187], format:3
D/JpgDecHal(  107): Decoder Dither:1, RangeDecode:0 [0 0 0 0]
D/JpgDecHal(  107): jpeg decoder result:0 
D/JpgDecHal(  107): JpgDecHal::~JpgDecHal
I/MdpService( 2988): [MDP INFO](2988): BpMdpService::decodeJpg reply:0
I/MdpService( 2988): [MDP INFO](2988): BpMdpService::parseJpg addr:0x52a3a000, size:9696, fd:71
I/MdpService(  107): [MDP INFO](139): receieve the command code 2
D/JpgDecHal(  107): JpgDecHal::JpgDecHal
I/MdpService( 2988): [MDP INFO](2988): BpMdpService::parseJpg reply:0
I/MdpService(  107): [MDP INFO](107): receieve the command code 3
I/MdpService( 2988): [MDP INFO](2988): BpMdpService::getJpgInfo 140 187 (0)
D/skia    ( 2988): The file input width: 140, height: 187, output width: 140, height: 187, format: 6, prefer size: 0, dither: 1
D/dalvikvm( 2988): GC_CONCURRENT freed 1671K, 24% free 19327K/25399K, paused 11ms+4ms, total 34ms
D/dalvikvm( 2988): WAIT_FOR_CONCURRENT_GC blocked 20ms
I/MdpService( 2988): [MDP INFO](2988): get proc handler 0xdc644000
I/MdpService(  107): [MDP INFO](139): receieve the command code 1
D/JpgDecHal(  107): JpgDecHal::start -> config jpeg path
D/JpgDecHal(  107): Decoder Src Addr:0x40432000, width/height:[140, 187], bf_size 2720
D/JpgDecHal(  107): Decoder Dst Addr:0x41bd0e18, width/height:[140, 187], format:3
D/JpgDecHal(  107): Decoder Dither:1, RangeDecode:0 [0 0 0 0]
D/JpgDecHal(  107): jpeg decoder result:0 
D/JpgDecHal(  107): JpgDecHal::~JpgDecHal
I/MdpService( 2988): [MDP INFO](2988): BpMdpService::decodeJpg reply:0
W/AppWidgetServiceImpl(  356): updateAppWidgetProvider: provider doesn't exist: ComponentInfo{com.qq.reader/com.qq.reader.widget.ReaderWidget}
D/ActivityThread( 2988): BDC-RECEIVER handled : 0 / ReceiverData{intent=Intent { act=com.qq.reader.appwidget.action.REFRESH flg=0x10 cmp=com.qq.reader/.widget.ReaderWidget } packageName=com.qq.reader resultCode=-1 resultData=null resultExtras=null}
I/BufferQueue(  102): [com.qq.reader/com.qq.reader.MainActivity] connect: api=2
I/BufferQueue(  102): [com.qq.reader/com.qq.reader.MainActivity] setSynchronousMode: enabled=1
I/GraphicBuffer(  102): allocate buffer (w:544 h:960 f:2) err(0)
I/BufferQueue(  102): [com.qq.reader/com.qq.reader.MainActivity] createGraphicBuffer before(NULL) after(0x42b59a08, handle=0x42b62b98, w=540, h=960, f=2)
I/SurfaceTextureClient(  450): [0x4f316450] frames:2, duration:1.012000, fps:1.975576
I/SurfaceFlinger(  102): [SurfaceFlinger] frames:3, duration:1.009000, fps:2.972033
V/InputMethodManager( 2988): onWindowFocus: com.android.internal.policy.impl.PhoneWindow$DecorView@419bbdd0 softInputMode=16 first=true flags=#8010100
V/InputMethodManager( 2988): Starting input: view=com.android.internal.policy.impl.PhoneWindow$DecorView@419bbdd0
V/InputMethodManager( 2988): Starting input: tba=android.view.inputmethod.EditorInfo@419b67e8 ic=null
V/InputMethodManager( 2988): START INPUT: com.android.internal.policy.impl.PhoneWindow$DecorView@419bbdd0 ic=null tba=android.view.inputmethod.EditorInfo@419b67e8 controlFlags=#105
V/InputMethodManagerService(  356): windowGainedFocus: android.os.BinderProxy@4263ab30 controlFlags=#105 softInputMode=#10 windowFlags=#8010100
V/InputMethodManager( 2988): Starting input: Bind result=InputBindResult{com.android.internal.view.IInputMethodSession$Stub$Proxy@41d1df58 com.android.inputmethod.latin/.LatinIME #127}
I/BufferQueue(  102): [com.qq.reader/com.qq.reader.ReaderPage] disconnect: api=2
I/SurfaceTexture(  102): [com.qq.reader/com.qq.reader.ReaderPage] [virtual void android::SurfaceTexture::onBuffersReleased()] mCurrentTexture:1, mCurrentBuf:0x42b5f8f8
I/BufferQueue(  102): [com.qq.reader/com.qq.reader.ReaderPage] getReleasedBuffers: returning mask 0xffffffff
V/ActivityManager(  356): Activity idle: Token{41d33380 ActivityRecord{4207d818 com.qq.reader/.MainActivity}}
V/ActivityManager(  356): Stopping ActivityRecord{420248a0 com.qq.reader/.ReaderPage}: nowVisible=false waitingVisible=true finishing=true
D/ActivityManager(  356): ACT-IDLE_NOW_MSG from windowsVisible() for idle: ActivityRecord{4207d818 com.qq.reader/.MainActivity}
V/ActivityManager(  356): Activity idle: null
V/ActivityManager(  356): Stopping ActivityRecord{420248a0 com.qq.reader/.ReaderPage}: nowVisible=true waitingVisible=false finishing=true
V/ActivityManager(  356): Ready to stop: ActivityRecord{420248a0 com.qq.reader/.ReaderPage}
D/PowerManagerService(  356): newState=7, realDifference=0 SCREEN_ON_BIT=1 mScreenOnListenerCalled=false
I/BufferQueue(  102): [com.qq.reader/com.qq.reader.ReaderPage] consumerDisconnect
I/BufferQueue(  102): [com.qq.reader/com.qq.reader.ReaderPage] ~BufferQueue
D/dalvikvm( 2988): GC_EXPLICIT freed 2381K, 33% free 17073K/25399K, paused 5ms+3ms, total 38ms
D/dalvikvm( 2988): GC_EXPLICIT freed 3529K, 47% free 13544K/25399K, paused 2ms+3ms, total 28ms
D/dalvikvm( 2988): GC_EXPLICIT freed <1K, 47% free 13544K/25399K, paused 2ms+4ms, total 28ms
D/IPCThreadState(  356): [DN #5] BR_CLEAR_DEATH_NOTIFICATION_DONE cookie 0x518475a8
D/ActivityThread( 2988): ACT-DESTROY_ACTIVITY handled : 1 / android.os.BinderProxy@41954910
V/ActivityManager(  356): getTasks: max=1, flags=0, receiver=null
V/ActivityManager(  356): com.qq.reader/.MainActivity: task=TaskRecord{428ad228 #24 A com.qq.reader U 0}
V/ActivityManager(  356): We have pending thumbnails: null
V/Provider/Setting(  560): from settings cache , name = pdp_watchdog_poll_interval_ms value = null
I/GraphicBuffer(  102): allocate buffer (w:544 h:960 f:2) err(0)
I/BufferQueue(  102): [com.qq.reader/com.qq.reader.MainActivity] createGraphicBuffer before(NULL) after(0x42b5f8f8, handle=0x42b5b4c8, w=540, h=960, f=2)
I/GraphicBuffer(  102): allocate buffer (w:544 h:960 f:2) err(0)
I/BufferQueue(  102): [com.qq.reader/com.qq.reader.MainActivity] createGraphicBuffer before(NULL) after(0x42b57578, handle=0x42b611b0, w=540, h=960, f=2)
I/SurfaceFlinger(  102): [SurfaceFlinger] frames:30, duration:1.004000, fps:29.878639
I/SurfaceTextureClient( 2988): [0x5268be40] frames:4, duration:1.009000, fps:3.962061
V/ActivityManager(  356): getTasks: max=1, flags=0, receiver=null
V/ActivityManager(  356): com.qq.reader/.MainActivity: task=TaskRecord{428ad228 #24 A com.qq.reader U 0}
V/ActivityManager(  356): We have pending thumbnails: null
V/Provider/Setting(  560): from settings cache , name = pdp_watchdog_poll_interval_ms value = null
W/ADB_SERVICES(  128): create_local_service_socket() name=shell:ls -l /
D/ADB_SERVICES(  128): Calling send_ready local=1742, remote=1755
W/ADB_SERVICES( 8046): adb: unable to open /proc/8046/oom_adj
D/ADB_SERVICES(  128):  closing because is_eof=1 r=1 s->fde.force_eof=0
W/ADB_SERVICES(  128): create_local_service_socket() name=shell:ls -l -d /emmc@android/
D/ADB_SERVICES(  128): Calling send_ready local=1743, remote=1756
W/ADB_SERVICES( 8048): adb: unable to open /proc/8048/oom_adj
D/ADB_SERVICES(  128):  closing because is_eof=1 r=-1 s->fde.force_eof=0
W/ADB_SERVICES(  128): create_local_service_socket() name=shell:ls -l -d /emmc@cache/
D/ADB_SERVICES(  128): Calling send_ready local=1744, remote=1757
W/ADB_SERVICES( 8050): adb: unable to open /proc/8050/oom_adj
D/ADB_SERVICES(  128):  closing because is_eof=1 r=-1 s->fde.force_eof=0
W/ADB_SERVICES(  128): create_local_service_socket() name=shell:ls -l -d /emmc@ebr1/
D/ADB_SERVICES(  128): Calling send_ready local=1745, remote=1758
W/ADB_SERVICES( 8052): adb: unable to open /proc/8052/oom_adj
D/ADB_SERVICES(  128):  closing because is_eof=1 r=-1 s->fde.force_eof=0
D/ADB_SERVICES(  128): adb fdevent_process list (71) (14) (57) (87) 
W/ADB_SERVICES(  128): create_local_service_socket() name=shell:ls -l -d /emmc@fat/
D/ADB_SERVICES(  128): Calling send_ready local=1746, remote=1759
D/ADB_SERVICES(  128): adb local_socket_ready list (57) (71) (87) 
W/ADB_SERVICES( 8054): adb: unable to open /proc/8054/oom_adj
D/ADB_SERVICES(  128): adb socket read list (71) (57) (87) 
D/ADB_SERVICES(  128): read_data=494464
D/ADB_SERVICES(  128): max_read_time=0.001227 max_send_time=0.000728 
D/ADB_SERVICES(  128):  closing because is_eof=1 r=-1 s->fde.force_eof=0
E/ATCIJ   ( 7555): Couldn't find 'atci-serv-fw' socket after 16 times, continuing to retry silently
W/ADB_SERVICES(  128