D/NetworkControllerGemini(  450): refreshViews connected={ data } level=4 combinedSignalIconId=0x7f0202cf/com.android.systemui:drawable/zzz_stat_sys_signal_4_orange combinedActivityIconId=0x0 mobileLabel=中国联通 wifiLabel= combinedLabel=中国联通 mAirplaneMode=false mDataActivity=0 mPhoneSignalIconId=0x7f0202cf mPhoneSignalIconId2=0x0 mDataDirectionIconId=0x7f020253 mDataSignalIconId=0x7f0202cf mDataTypeIconId=0x7f020253 mWifiIconId=0x0 mBluetoothTetherIconId=0x1080568
D/SignalClusterViewGemini(  450): setDataConnected(1), dataConnected=true
D/SignalClusterViewGemini(  450): setDataNetType3G(1), dataNetType=Type_3G
D/SignalClusterViewGemini(  450): apply, mMobileVisible=true mMobileActivityId=0 mMobileTypeId=0 mMobileStrengthId[0] = 2130838219 mMobileStrengthId[1] = 0
V/ActivityManager(  356): Broadcast sticky: Intent { act=android.intent.action.ANY_DATA_STATE flg=0x10 (has extras) } ordered=false userid=0
I/TelephonyRegistry(  356): notifyDataConnection: state=0 isDataConnectivityPossible=true reason='nwTypeChanged' apn='null' apnType=ims networkType=3
D/ActivityThread(  356): BDC-Calling onReceive: intent=Intent { act=android.intent.action.ANY_DATA_STATE_MOBILE flg=0x10 (has extras) }, ordered=true, receiver=android.net.MobileDataStateTracker$MobileDataStateReceiver@41c40518, IIntentReceiver=41b79438
D/MobileDataStateTracker(  356): MobileDataStateReceiver received: ACTION_ANY_DATA_CONNECTION_STATE_CHANGED_MOBILE [dm]
D/MobileDataStateTracker(  356): dm: Intent from SIM 1, current SIM 0, current DataState DISCONNECTED
V/ActivityManager(  356): Broadcast: Intent { act=android.intent.action.ANY_DATA_STATE_MOBILE flg=0x10 (has extras) } ordered=true userid=0
D/SignalClusterViewGemini(  450): isSimInserted(0), SimInserted=true
D/SignalClusterViewGemini(  450): mDataNetType =Type_G resId= 0 simColorId = 0
D/SignalClusterViewGemini(  450): apply, mMobileVisibleGemini=true mMobileActivityIdGemini=0 mMobileTypeIdGemini=2130838099 mMobileStrengthIdGemini[0] = 2130838223 mMobileStrengthIdGemini[1] = 0
D/TelephonyManager(  356): getDefaultSim is sim1
D/SignalClusterViewGemini(  450): isSimInserted(1), SimInserted=true
D/SignalClusterViewGemini(  450): mDataNetTypeGemini =Type_3G resId= 0 simColorId = 1
D/SignalClusterViewGemini(  450): apply, mMobileVisible=true, mWifiVisible=false, mIsAirplaneMode=false
D/NetworkControllerGemini(  450): PhoneStateListener:onDataConnectionStateChanged, sim2 after.
D/TelephonyManager(  356): getDefaultSim is sim1
D/MobileDataStateTracker(  356): dm: dm setting isAvailable to true
D/MobileDataStateTracker(  356): dm: Received state=DISCONNECTED, old=DISCONNECTED, reason=nwTypeChanged
D/ActivityThread(  356): BDC-Calling finishReceiver: IIntentReceiver=41b79438
D/DataButton(  450): DataButton,onReceive android.intent.action.ANY_DATA_STATE
V/Provider/Setting(  356): from settings cache , name = mobile_data value = 1
D/Settings/Provide(  356): lookupValue table system cache contains Key gprs_connection_sim_setting value = Bundle[{value=2}]
V/Provider/Setting(  356): from db cache, name = gprs_connection_sim_setting value = 2
D/ConnectivityService(  356): getMobileDataEnabled returning true, dataEnabledSimId=2
D/TelephonyRegistry(  356): Received ACTION_ANY_DATA_CONNECTION_STATE_CHANGED_MOBILE
V/ActivityManager(  356): Broadcast sticky: Intent { act=android.intent.action.ANY_DATA_STATE flg=0x10 (has extras) } ordered=false userid=0
D/ActivityThread(  356): BDC-Calling onReceive: intent=Intent { act=android.intent.action.ANY_DATA_STATE_MOBILE flg=0x10 (has extras) }, ordered=true, receiver=android.net.MobileDataStateTracker$MobileDataStateReceiver@41c40518, IIntentReceiver=41b79438
D/MobileDataStateTracker(  356): MobileDataStateReceiver received: ACTION_ANY_DATA_CONNECTION_STATE_CHANGED_MOBILE [wap]
D/MobileDataStateTracker(  356): wap: Intent from SIM 1, current SIM 0, current DataState DISCONNECTED
I/TelephonyRegistry(  356): notifyDataConnection: state=0 isDataConnectivityPossible=true reason='nwTypeChanged' apn='null' apnType=mms networkType=3
V/ActivityManager(  356): Broadcast: Intent { act=android.intent.action.ANY_DATA_STATE_MOBILE flg=0x10 (has extras) } ordered=true userid=0
D/TelephonyManager(  356): getDefaultSim is sim1
D/TelephonyManager(  356): getDefaultSim is sim1
I/TelephonyRegistry(  356): notifyDataConnection: state=0 isDataConnectivityPossible=true reason='nwTypeChanged' apn='null' apnType=net networkType=3
V/ActivityManager(  356): Broadcast: Intent { act=android.intent.action.ANY_DATA_STATE_MOBILE flg=0x10 (has extras) } ordered=true userid=0
D/MobileDataStateTracker(  356): wap: wap setting isAvailable to true
D/MobileDataStateTracker(  356): wap: Received state=DISCONNECTED, old=DISCONNECTED, reason=nwTypeChanged
D/ActivityThread(  356): BDC-Calling finishReceiver: IIntentReceiver=41b79438
D/TelephonyRegistry(  356): Received ACTION_ANY_DATA_CONNECTION_STATE_CHANGED_MOBILE
V/ActivityManager(  356): Broadcast sticky: Intent { act=android.intent.action.ANY_DATA_STATE flg=0x10 (has extras) } ordered=false userid=0
I/TelephonyRegistry(  356): notifyDataConnection: state=0 isDataConnectivityPossible=true reason='nwTypeChanged' apn='null' apnType=cbs networkType=3
D/DataButton(  450): onReceive,data==true
D/DataButton(  450): DataButton,onReceive android.intent.action.ANY_DATA_STATE
V/Provider/Setting(  356): from settings cache , name = mobile_data value = 1
V/Provider/Setting(  356): from settings cache , name = gprs_connection_sim_setting value = 2
D/ConnectivityService(  356): getMobileDataEnabled returning true, dataEnabledSimId=2
D/DataButton(  450): onReceive,data==true
V/ActivityManager(  356): Broadcast: Intent { act=android.intent.action.ANY_DATA_STATE_MOBILE flg=0x10 (has extras) } ordered=true userid=0
D/ActivityThread(  356): BDC-Calling onReceive: intent=Intent { act=android.intent.action.ANY_DATA_STATE_MOBILE flg=0x10 (has extras) }, ordered=true, receiver=android.net.MobileDataStateTracker$MobileDataStateReceiver@41c40518, IIntentReceiver=41b79438
D/MobileDataStateTracker(  356): MobileDataStateReceiver received: ACTION_ANY_DATA_CONNECTION_STATE_CHANGED_MOBILE [fota]
D/MobileDataStateTracker(  356): fota: Intent from SIM 1, current SIM 0, current DataState DISCONNECTED
D/CallManager(  560):  handleMessage msgid:218
D/CallManager(  560):  handleMessage (EVENT_SERVICE_STATE_CHANGED)
I/CallNotifier(  560): PhoneStateListener222.onServiceStateChanged: serviceState=SIM2 0 home 中国联通 CU-GSM 46001  UMTS CSS not supported -1 -1 RoamInd=-1 DefRoamInd=-1 EmergOnly=false Regist state: 1
D/ExtensionManager(  560): PhoneAppBroadcastReceiverExtension()
D/PhonePluginExtensionContainer(  560): getPhoneAppBroadcastReceiverExtension()
D/PhoneAppBroadcastReceiverExtensionContainer(  560): onReceive(), sub extension list is null, just return
D/PhoneApp(  560): PhoneAppBroadcastReceiver -----action=android.intent.action.SERVICE_STATE
D/NotificationMgr(  560): updateNetworkSelection()...state = 0 new network 
D/ExtensionManager(  560): PhoneAppBroadcastReceiverExtension()
D/PhonePluginExtensionContainer(  560): getPhoneAppBroadcastReceiverExtension()
D/PhoneAppBroadcastReceiverExtensionContainer(  560): onReceive(), sub extension list is null, just return
D/PhoneApp(  560): PhoneAppBroadcastReceiver -----action=android.intent.action.ANY_DATA_STATE
D/PhoneApp(  560): mReceiver: ACTION_ANY_DATA_CONNECTION_STATE_CHANGED state:CONNECTED reason:nwTypeChanged
D/ExtensionManager(  560): PhoneAppBroadcastReceiverExtension()
D/PhonePluginExtensionContainer(  560): getPhoneAppBroadcastReceiverExtension()
D/PhoneAppBroadcastReceiverExtensionContainer(  560): onReceive(), sub extension list is null, just return
D/PhoneApp(  560): PhoneAppBroadcastReceiver -----action=android.intent.action.ANY_DATA_STATE
D/PhoneApp(  560): mReceiver: ACTION_ANY_DATA_CONNECTION_STATE_CHANGED state:DISCONNECTED reason:nwTypeChanged
D/ExtensionManager(  560): PhoneAppBroadcastReceiverExtension()
D/PhonePluginExtensionContainer(  560): getPhoneAppBroadcastReceiverExtension()
D/PhoneAppBroadcastReceiverExtensionContainer(  560): onReceive(), sub extension list is null, just return
D/PhoneApp(  560): PhoneAppBroadcastReceiver -----action=android.intent.action.ANY_DATA_STATE
D/PhoneApp(  560): mReceiver: ACTION_ANY_DATA_CONNECTION_STATE_CHANGED state:DISCONNECTED reason:nwTypeChanged
D/TelephonyManager(  356): getDefaultSim is sim1
D/TelephonyManager(  356): getDefaultSim is sim1
D/Settings/Provide(  356): lookupValue table system cache contains Key voice_call_sim_setting value = Bundle[{value=1}]
V/Provider/Setting(  560): from db cache, name = voice_call_sim_setting value = 1
D/BluetoothAtPhonebook(  560): getDefaultSIM : SIM ID=1
D/MobileDataStateTracker(  356): fota: fota setting isAvailable to true
D/MobileDataStateTracker(  356): fota: Received state=DISCONNECTED, old=DISCONNECTED, reason=nwTypeChanged
D/DataButton(  450): DataButton,onReceive android.intent.action.ANY_DATA_STATE
I/TelephonyProvider(  560): initDatabaseIfNeeded begin content://telephony/siminfo/1
I/TelephonyProvider(  560): initDatabaseIfNeeded end content://telephony/siminfo/1
D/ActivityThread(  356): BDC-Calling finishReceiver: IIntentReceiver=41b79438
V/Provider/Setting(  356): from settings cache , name = mobile_data value = 1
V/Provider/Setting(  356): from settings cache , name = gprs_connection_sim_setting value = 2
D/ConnectivityService(  356): getMobileDataEnabled returning true, dataEnabledSimId=2
D/DataButton(  450): onReceive,data==true
D/BluetoothAtPhonebook(  560): getDefaultSIM : slot ID=0
D/NotificationMgr(  560): hideDataDisconnectedRoaming()...
D/TelephonyRegistry(  356): Received ACTION_ANY_DATA_CONNECTION_STATE_CHANGED_MOBILE
D/NotificationMgr(  560): hideDataDisconnectedRoaming()...
D/IPCThreadState(  356): [DN #5] BR_CLEAR_DEATH_NOTIFICATION_DONE cookie 0x5071b050
D/NotificationMgr(  560): hideDataDisconnectedRoaming()...
V/ActivityManager(  356): Broadcast sticky: Intent { act=android.intent.action.ANY_DATA_STATE flg=0x10 (has extras) } ordered=false userid=0
D/ActivityThread(  356): BDC-Calling onReceive: intent=Intent { act=android.intent.action.ANY_DATA_STATE_MOBILE flg=0x10 (has extras) }, ordered=true, receiver=android.net.MobileDataStateTracker$MobileDataStateReceiver@41c40518, IIntentReceiver=41b79438
D/MobileDataStateTracker(  356): MobileDataStateReceiver received: ACTION_ANY_DATA_CONNECTION_STATE_CHANGED_MOBILE [cmmail]
D/MobileDataStateTracker(  356): cmmail: Intent from SIM 1, current SIM 0, current DataState DISCONNECTED
D/ExtensionManager(  560): PhoneAppBroadcastReceiverExtension()
D/PhonePluginExtensionContainer(  560): getPhoneAppBroadcastReceiverExtension()
D/PhoneAppBroadcastReceiverExtensionContainer(  560): onReceive(), sub extension list is null, just return
D/TelephonyManager(  356): getDefaultSim is sim1
D/PhoneApp(  560): PhoneAppBroadcastReceiver -----action=android.intent.action.ANY_DATA_STATE
D/PhoneApp(  560): mReceiver: ACTION_ANY_DATA_CONNECTION_STATE_CHANGED state:DISCONNECTED reason:nwTypeChanged
D/NotificationMgr(  560): hideDataDisconnectedRoaming()...
D/TelephonyManager(  356): getDefaultSim is sim1
D/dalvikvm(  356): create interp thread : stack size=32KB
D/dalvikvm(  356): create new thread
D/MtkAgps (  114): agpsd socket_msg_read: (36) --> AGPS_CMD_NW_SIM2_ROAMING_STATE_UPDATE 
D/MtkAgps (  114): => agpsd SIM_2_isRoaming = 0
D/MtkAgps (  114): CM: cm_Network_Roaming_State_Update --> sim2_isRoaming = 0
D/MtkAgps (  114): agpsd socket_msg_read: g_conn_fd(14)
D/MtkAgps (  114): agpsd socket_msg_read() 00:12:58
D/dalvikvm(  356): new thread created
D/dalvikvm(  356): update thread list
D/dalvikvm(  356): threadid=88: interp stack at 0x55a1f000
D/dalvikvm(  356): threadid=88: created from interp
D/dalvikvm(  356): start new thread
D/MobileDataStateTracker(  356): cmmail: cmmail setting isAvailable to true
D/dalvikvm(  356): threadid=88: notify debugger
D/MobileDataStateTracker(  356): cmmail: Received state=DISCONNECTED, old=DISCONNECTED, reason=nwTypeChanged
D/ActivityThread(  356): BDC-Calling finishReceiver: IIntentReceiver=41b79438
D/dalvikvm(  356): threadid=88 (Thread-857): calling run()
D/dalvikvm(  356): threadid=88: exiting
D/dalvikvm(  356): threadid=88: bye!
D/TelephonyRegistry(  356): Received ACTION_ANY_DATA_CONNECTION_STATE_CHANGED_MOBILE
D/MobileDataStateTracker(  356): default: getNetworkInfo: updated IsAvailable=true
V/ActivityManager(  356): Broadcast sticky: Intent { act=android.intent.action.ANY_DATA_STATE flg=0x10 (has extras) } ordered=false userid=0
D/ActivityThread(  356): BDC-Calling onReceive: intent=Intent { act=android.intent.action.ANY_DATA_STATE_MOBILE flg=0x10 (has extras) }, ordered=true, receiver=android.net.MobileDataStateTracker$MobileDataStateReceiver@41c40518, IIntentReceiver=41b79438
D/DataButton(  450): DataButton,onReceive android.intent.action.ANY_DATA_STATE
D/ExtensionManager(  560): PhoneAppBroadcastReceiverExtension()
D/PhonePluginExtensionContainer(  560): getPhoneAppBroadcastReceiverExtension()
D/PhoneAppBroadcastReceiverExtensionContainer(  560): onReceive(), sub extension list is null, just return
D/PhoneApp(  560): PhoneAppBroadcastReceiver -----action=android.intent.action.ANY_DATA_STATE
D/PhoneApp(  560): mReceiver: ACTION_ANY_DATA_CONNECTION_STATE_CHANGED state:DISCONNECTED reason:nwTypeChanged
D/MobileDataStateTracker(  356): default: getNetworkInfo: updated IsAvailable=true
D/ConnectivityService(  356): getActiveNetworkInfo:NetworkInfo: type: mobile[GPRS], state: CONNECTED/CONNECTED, reason: psRestrictEnabled, extra: 3gnet, roaming: false, failover: false, isAvailable: true, simId: 1/10148
D/NotificationMgr(  560): hideDataDisconnectedRoaming()...
D/MobileDataStateTracker(  356): MobileDataStateReceiver received: ACTION_ANY_DATA_CONNECTION_STATE_CHANGED_MOBILE [dun]
D/MobileDataStateTracker(  356): dun: Intent from SIM 1, current SIM 0, current DataState DISCONNECTED
V/Provider/Setting(  356): from settings cache , name = mobile_data value = 1
D/TelephonyManager(  356): getDefaultSim is sim1
V/Provider/Setting(  356): from settings cache , name = gprs_connection_sim_setting value = 2
D/ConnectivityService(  356): getMobileDataEnabled returning true, dataEnabledSimId=2
D/DataButton(  450): onReceive,data==true
D/TelephonyManager(  356): getDefaultSim is sim1
D/DataButton(  450): DataButton,onReceive android.intent.action.ANY_DATA_STATE
D/MobileDataStateTracker(  356): dun: dun setting isAvailable to true
D/MobileDataStateTracker(  356): dun: Received state=DISCONNECTED, old=DISCONNECTED, reason=nwTypeChanged
D/ActivityThread(  356): BDC-Calling finishReceiver: IIntentReceiver=41b79438
V/Provider/Setting(  356): from settings cache , name = mobile_data value = 1
V/Provider/Setting(  356): from settings cache , name = gprs_connection_sim_setting value = 2
D/ConnectivityService(  356): getMobileDataEnabled returning true, dataEnabledSimId=2
D/DataButton(  450): onReceive,data==true
D/TelephonyRegistry(  356): Received ACTION_ANY_DATA_CONNECTION_STATE_CHANGED_MOBILE
V/ActivityManager(  356): Broadcast sticky: Intent { act=android.intent.action.ANY_DATA_STATE flg=0x10 (has extras) } ordered=false userid=0
D/ExtensionManager(  560): PhoneAppBroadcastReceiverExtension()
D/PhonePluginExtensionContainer(  560): getPhoneAppBroadcastReceiverExtension()
D/PhoneAppBroadcastReceiverExtensionContainer(  560): onReceive(), sub extension list is null, just return
D/PhoneApp(  560): PhoneAppBroadcastReceiver -----action=android.intent.action.ANY_DATA_STATE
D/PhoneApp(  560): mReceiver: ACTION_ANY_DATA_CONNECTION_STATE_CHANGED state:DISCONNECTED reason:nwTypeChanged
D/NotificationMgr(  560): hideDataDisconnectedRoaming()...
D/ActivityThread(  356): BDC-Calling onReceive: intent=Intent { act=android.intent.action.ANY_DATA_STATE_MOBILE flg=0x10 (has extras) }, ordered=true, receiver=android.net.MobileDataStateTracker$MobileDataStateReceiver@41c40518, IIntentReceiver=41b79438
D/MobileDataStateTracker(  356): MobileDataStateReceiver received: ACTION_ANY_DATA_CONNECTION_STATE_CHANGED_MOBILE [supl]
D/MobileDataStateTracker(  356): supl: Intent from SIM 1, current SIM 0, current DataState DISCONNECTED
D/TelephonyManager(  356): getDefaultSim is sim1
D/TelephonyManager(  356): getDefaultSim is sim1
D/MobileDataStateTracker(  356): supl: supl setting isAvailable to true
D/MobileDataStateTracker(  356): supl: Received state=DISCONNECTED, old=DISCONNECTED, reason=nwTypeChanged
D/ActivityThread(  356): BDC-Calling finishReceiver: IIntentReceiver=41b79438
D/TelephonyRegistry(  356): Received ACTION_ANY_DATA_CONNECTION_STATE_CHANGED_MOBILE
V/ActivityManager(  356): Broadcast sticky: Intent { act=android.intent.action.ANY_DATA_STATE flg=0x10 (has extras) } ordered=false userid=0
D/ActivityThread(  356): BDC-Calling onReceive: intent=Intent { act=android.intent.action.ANY_DATA_STATE_MOBILE flg=0x10 (has extras) }, ordered=true, receiver=android.net.MobileDataStateTracker$MobileDataStateReceiver@41c40518, IIntentReceiver=41b79438
D/MobileDataStateTracker(  356): MobileDataStateReceiver received: ACTION_ANY_DATA_CONNECTION_STATE_CHANGED_MOBILE [hipri]
D/MobileDataStateTracker(  356): hipri: Intent from SIM 1, current SIM 0, current DataState DISCONNECTED
D/ExtensionManager(  560): PhoneAppBroadcastReceiverExtension()
D/TelephonyManager(  356): getDefaultSim is sim1
D/PhonePluginExtensionContainer(  560): getPhoneAppBroadcastReceiverExtension()
D/PhoneAppBroadcastReceiverExtensionContainer(  560): onReceive(), sub extension list is null, just return
D/PhoneApp(  560): PhoneAppBroadcastReceiver -----action=android.intent.action.ANY_DATA_STATE
D/PhoneApp(  560): mReceiver: ACTION_ANY_DATA_CONNECTION_STATE_CHANGED state:DISCONNECTED reason:nwTypeChanged
D/NotificationMgr(  560): hideDataDisconnectedRoaming()...
D/TelephonyManager(  356): getDefaultSim is sim1
D/MobileDataStateTracker(  356): hipri: hipri setting isAvailable to true
D/MobileDataStateTracker(  356): hipri: Received state=DISCONNECTED, old=DISCONNECTED, reason=nwTypeChanged
D/ActivityThread(  356): BDC-Calling finishReceiver: IIntentReceiver=41b79438
D/TelephonyRegistry(  356): Received ACTION_ANY_DATA_CONNECTION_STATE_CHANGED_MOBILE
V/ActivityManager(  356): Broadcast sticky: Intent { act=android.intent.action.ANY_DATA_STATE flg=0x10 (has extras) } ordered=false userid=0
D/ActivityThread(  356): BDC-Calling onReceive: intent=Intent { act=android.intent.action.ANY_DATA_STATE_MOBILE flg=0x10 (has extras) }, ordered=true, receiver=android.net.MobileDataStateTracker$MobileDataStateReceiver@41c40518, IIntentReceiver=41b79438
D/MobileDataStateTracker(  356): MobileDataStateReceiver received: ACTION_ANY_DATA_CONNECTION_STATE_CHANGED_MOBILE [ims]
D/MobileDataStateTracker(  356): ims: Intent from SIM 1, current SIM 0, current DataState DISCONNECTED
D/TelephonyManager(  356): getDefaultSim is sim1
D/DataButton(  450): DataButton,onReceive android.intent.action.ANY_DATA_STATE
V/Provider/Setting(  356): from settings cache , name = mobile_data value = 1
D/ExtensionManager(  560): PhoneAppBroadcastReceiverExtension()
D/PhonePluginExtensionContainer(  560): getPhoneAppBroadcastReceiverExtension()
D/PhoneAppBroadcastReceiverExtensionContainer(  560): onReceive(), sub extension list is null, just return
D/PhoneApp(  560): PhoneAppBroadcastReceiver -----action=android.intent.action.ANY_DATA_STATE
D/PhoneApp(  560): mReceiver: ACTION_ANY_DATA_CONNECTION_STATE_CHANGED state:DISCONNECTED reason:nwTypeChanged
D/NotificationMgr(  560): hideDataDisconnectedRoaming()...
V/Provider/Setting(  356): from settings cache , name = gprs_connection_sim_setting value = 2
D/ConnectivityService(  356): getMobileDataEnabled returning true, dataEnabledSimId=2
D/TelephonyManager(  356): getDefaultSim is sim1
D/MobileDataStateTracker(  356): ims: ims setting isAvailable to true
D/MobileDataStateTracker(  356): ims: Received state=DISCONNECTED, old=DISCONNECTED, reason=nwTypeChanged
D/ActivityThread(  356): BDC-Calling finishReceiver: IIntentReceiver=41b79438
D/TelephonyRegistry(  356): Received ACTION_ANY_DATA_CONNECTION_STATE_CHANGED_MOBILE
V/ActivityManager(  356): Broadcast sticky: Intent { act=android.intent.action.ANY_DATA_STATE flg=0x10 (has extras) } ordered=false userid=0
D/DataButton(  450): onReceive,data==true
D/DataButton(  450): DataButton,onReceive android.intent.action.ANY_DATA_STATE
V/Provider/Setting(  356): from settings cache , name = mobile_data value = 1
V/Provider/Setting(  356): from settings cache , name = gprs_connection_sim_setting value = 2
D/ConnectivityService(  356): getMobileDataEnabled returning true, dataEnabledSimId=2
D/ExtensionManager(  560): PhoneAppBroadcastReceiverExtension()
D/PhonePluginExtensionContainer(  560): getPhoneAppBroadcastReceiverExtension()
D/PhoneAppBroadcastReceiverExtensionContainer(  560): onReceive(), sub extension list is null, just return
D/PhoneApp(  560): PhoneAppBroadcastReceiver -----action=android.intent.action.ANY_DATA_STATE
D/PhoneApp(  560): mReceiver: ACTION_ANY_DATA_CONNECTION_STATE_CHANGED state:DISCONNECTED reason:nwTypeChanged
D/NotificationMgr(  560): hideDataDisconnectedRoaming()...
D/ActivityThread(  356): BDC-Calling onReceive: intent=Intent { act=android.intent.action.ANY_DATA_STATE_MOBILE flg=0x10 (has extras) }, ordered=true, receiver=android.net.MobileDataStateTracker$MobileDataStateReceiver@41c40518, IIntentReceiver=41b79438
D/MobileDataStateTracker(  356): MobileDataStateReceiver received: ACTION_ANY_DATA_CONNECTION_STATE_CHANGED_MOBILE [mms]
D/DataButton(  450): onReceive,data==true
D/MobileDataStateTracker(  356): mms: Intent from SIM 1, current SIM 0, current DataState DISCONNECTED
D/DataButton(  450): DataButton,onReceive android.intent.action.ANY_DATA_STATE
V/Provider/Setting(  356): from settings cache , name = mobile_data value = 1
V/Provider/Setting(  356): from settings cache , name = gprs_connection_sim_setting value = 2
D/ConnectivityService(  356): getMobileDataEnabled returning true, dataEnabledSimId=2
D/TelephonyManager(  356): getDefaultSim is sim1
D/DataButton(  450): onReceive,data==true
D/TelephonyManager(  356): getDefaultSim is sim1
D/MobileDataStateTracker(  356): mms: mms setting isAvailable to true
D/MobileDataStateTracker(  356): mms: Received state=DISCONNECTED, old=DISCONNECTED, reason=nwTypeChanged
D/ActivityThread(  356): BDC-Calling finishReceiver: IIntentReceiver=41b79438
D/DataButton(  450): DataButton,onReceive android.intent.action.ANY_DATA_STATE
V/Provider/Setting(  356): from settings cache , name = mobile_data value = 1
V/Provider/Setting(  356): from settings cache , name = gprs_connection_sim_setting value = 2
D/ConnectivityService(  356): getMobileDataEnabled returning true, dataEnabledSimId=2
D/DataButton(  450): onReceive,data==true
D/TelephonyRegistry(  356): Received ACTION_ANY_DATA_CONNECTION_STATE_CHANGED_MOBILE
V/ActivityManager(  356): Broadcast sticky: Intent { act=android.intent.action.ANY_DATA_STATE flg=0x10 (has extras) } ordered=false userid=0
D/ActivityThread(  356): BDC-Calling onReceive: intent=Intent { act=android.intent.action.ANY_DATA_STATE_MOBILE flg=0x10 (has extras) }, ordered=true, receiver=android.net.MobileDataStateTracker$MobileDataStateReceiver@41c40518, IIntentReceiver=41b79438
D/MobileDataStateTracker(  356): MobileDataStateReceiver received: ACTION_ANY_DATA_CONNECTION_STATE_CHANGED_MOBILE [net]
D/MobileDataStateTracker(  356): net: Intent from SIM 1, current SIM 0, current DataState DISCONNECTED
D/TelephonyManager(  356): getDefaultSim is sim1
D/ExtensionManager(  560): PhoneAppBroadcastReceiverExtension()
D/PhonePluginExtensionContainer(  560): getPhoneAppBroadcastReceiverExtension()
D/PhoneAppBroadcastReceiverExtensionContainer(  560): onReceive(), sub extension list is null, just return
D/PhoneApp(  560): PhoneAppBroadcastReceiver -----action=android.intent.action.ANY_DATA_STATE
D/PhoneApp(  560): mReceiver: ACTION_ANY_DATA_CONNECTION_STATE_CHANGED state:DISCONNECTED reason:nwTypeChanged
D/NotificationMgr(  560): hideDataDisconnectedRoaming()...
D/MtkAgps (  114): agpsd socket_msg_read: (38) --> AGPS_CMD_SIM2_DATA_CONN_UPDATE 
D/MtkAgps (  114): => agpsd sim2_data_conn = 1 [CONNECTED(1),DISCONNECTED(0)]
D/MtkAgps (  114): ################## Network Data Connection ###################
D/MtkAgps (  114): CM: --> sim1_data_conn = 0
D/MtkAgps (  114): CM: --> sim2_data_conn = 1
D/MtkAgps (  114): CM: --> wifi_data_conn = 0
D/MtkAgps (  114): CM: --> cur_data_conn_type = 2 
D/MtkAgps (  114): agpsd socket_msg_read: g_conn_fd(14)
D/MtkAgps (  114): agpsd socket_msg_read() 00:12:58
D/TelephonyManager(  356): getDefaultSim is sim1
D/MobileDataStateTracker(  356): net: net setting isAvailable to true
D/MobileDataStateTracker(  356): net: Received state=DISCONNECTED, old=DISCONNECTED, reason=nwTypeChanged
D/ActivityThread(  356): BDC-Calling finishReceiver: IIntentReceiver=41b79438
D/TelephonyRegistry(  356): Received ACTION_ANY_DATA_CONNECTION_STATE_CHANGED_MOBILE
V/ActivityManager(  356): Broadcast sticky: Intent { act=android.intent.action.ANY_DATA_STATE flg=0x10 (has extras) } ordered=false userid=0
D/ActivityThread(  356): BDC-Calling onReceive: intent=Intent { act=android.intent.action.ANY_DATA_STATE_MOBILE flg=0x10 (has extras) }, ordered=true, receiver=android.net.MobileDataStateTracker$MobileDataStateReceiver@41c40518, IIntentReceiver=41b79438
D/MobileDataStateTracker(  356): MobileDataStateReceiver received: ACTION_ANY_DATA_CONNECTION_STATE_CHANGED_MOBILE [cbs]
D/MobileDataStateTracker(  356): cbs: Intent from SIM 1, current SIM 0, current DataState DISCONNECTED
D/ExtensionManager(  560): PhoneAppBroadcastReceiverExtension()
D/PhonePluginExtensionContainer(  560): getPhoneAppBroadcastReceiverExtension()
D/PhoneAppBroadcastReceiverExtensionContainer(  560): onReceive(), sub extension list is null, just return
D/PhoneApp(  560): PhoneAppBroadcastReceiver -----action=android.intent.action.ANY_DATA_STATE
D/PhoneApp(  560): mReceiver: ACTION_ANY_DATA_CONNECTION_STATE_CHANGED state:DISCONNECTED reason:nwTypeChanged
D/NotificationMgr(  560): hideDataDisconnectedRoaming()...
D/TelephonyManager(  356): getDefaultSim is sim1
D/TelephonyManager(  356): getDefaultSim is sim1
D/MobileDataStateTracker(  356): cbs: cbs setting isAvailable to true
D/MobileDataStateTracker(  356): cbs: Received state=DISCONNECTED, old=DISCONNECTED, reason=nwTypeChanged
D/ActivityThread(  356): BDC-Calling finishReceiver: IIntentReceiver=41b79438
D/DataButton(  450): DataButton,onReceive android.intent.action.ANY_DATA_STATE
V/Provider/Setting(  356): from settings cache , name = mobile_data value = 1
V/Provider/Setting(  356): from settings cache , name = gprs_connection_sim_setting value = 2
D/ConnectivityService(  356): getMobileDataEnabled returning true, dataEnabledSimId=2
D/DataButton(  450): onReceive,data==true
D/DataButton(  450): DataButton,onReceive android.intent.action.ANY_DATA_STATE
V/Provider/Setting(  356): from settings cache , name = mobile_data value = 1
V/Provider/Setting(  356): from settings cache , name = gprs_connection_sim_setting value = 2
D/ConnectivityService(  356): getMobileDataEnabled returning true, dataEnabledSimId=2
D/DataButton(  450): onReceive,data==true
D/TelephonyRegistry(  356): Received ACTION_ANY_DATA_CONNECTION_STATE_CHANGED_MOBILE
V/ActivityManager(  356): Broadcast sticky: Intent { act=android.intent.action.ANY_DATA_STATE flg=0x10 (has extras) } ordered=false userid=0
D/ExtensionManager(  560): PhoneAppBroadcastReceiverExtension()
D/PhonePluginExtensionContainer(  560): getPhoneAppBroadcastReceiverExtension()
D/PhoneAppBroadcastReceiverExtensionContainer(  560): onReceive(), sub extension list is null, just return
D/PhoneApp(  560): PhoneAppBroadcastReceiver -----action=android.intent.action.ANY_DATA_STATE
D/PhoneApp(  560): mReceiver: ACTION_ANY_DATA_CONNECTION_STATE_CHANGED state:DISCONNECTED reason:nwTypeChanged
D/NotificationMgr(  560): hideDataDisconnectedRoaming()...
D/DataButton(  450): DataButton,onReceive android.intent.action.ANY_DATA_STATE
V/Provider/Setting(  356): from settings cache , name = mobile_data value = 1
V/Provider/Setting(  356): from settings cache , name = gprs_connection_sim_setting value = 2
D/ConnectivityService(  356): getMobileDataEnabled returning true, dataEnabledSimId=2
D/DataButton(  450): onReceive,data==true
D/InputReader(  356): AP_PROF:AppLaunch_dispatchPtr:Down:1961020
I/AP_PROF (  356): unable to open /proc/mtprof/status entry
D/dalvikvm(  356): create interp thread : stack size=32KB
D/dalvikvm(  356): create new thread
D/dalvikvm(  356): new thread created
D/dalvikvm(  356): update thread list
D/dalvikvm(  356): threadid=88: interp stack at 0x55a26000
D/dalvikvm(  356): threadid=88: created from interp
D/dalvikvm(  356): start new thread
D/dalvikvm(  356): threadid=88: notify debugger
D/dalvikvm(  356): threadid=88 (Thread-858): calling run()
D/dalvikvm(  356): threadid=88: exiting
D/dalvikvm(  356): threadid=88: bye!
I/ATCIJ   ( 7555): Couldn't find 'atci-serv-fw' socket; retrying after timeout
D/KeyguardViewMediator(  356): pokeWakelock(10000)
V/Provider/Setting(  356): from settings cache , name = lockscreen_sound_switch value = null
V/Provider/Setting(  356): from settings cache , name = lockscreen_sound_switch value = null
V/Provider/Setting(  356): from settings cache , name = lockscreen_sound_switch value = null
V/Provider/Setting(  356): from settings cache , name = lockscreen_sound_switch value = null
V/Provider/Setting(  356): from settings cache , name = lockscreen_sound_switch value = null
V/Provider/Setting(  356): from settings cache , name = lockscreen_sound_switch value = null
D/MtkAgps (  114): agpsd socket_msg_read: (32) --> AGPS_CMD_SIM_2_NW_TYPE_UPDATE
D/MtkAgps (  114): => agpsd SIM_2_NW_TYPE = 0 [3G(1), 2G(0)]
D/MtkAgps (  114): agpsd socket_msg_read: g_conn_fd(14)
D/MtkAgps (  114): agpsd socket_msg_read() 00:12:58
V/Provider/Setting(  356): from settings cache , name = lockscreen_sound_switch value = null
V/Provider/Setting(  356): from settings cache , name = lockscreen_sound_switch value = null
D/InputReader(  356): AP_PROF:AppLaunch_dispatchPtr:Up:1961164
D/MtkAgps (  114): agpsd socket_msg_read: (34) --> AGPS_CMD_NW_IPADDR_UPDATE 
D/MtkAgps (  114): => agpsd network IP address = 10.26.25.74 
D/MtkAgps (  114): agpsd socket_msg_read: g_conn_fd(14)
D/MtkAgps (  114): agpsd socket_msg_read() 00:12:58
E/LewaLockScreen(  356):  intent is null
D/KeyguardUpdateMonitor(  356): mSimState = READY
D/KeyguardUpdateMonitor(  356): mSim2State = READY
I/LockPatternKeyguardView(  356): getUnlockMode, Mode=Pattern
I/LockPatternKeyguardView(  356): isSecure, Pattern, secure=false
D/KeyguardViewMediator(  356): keyguardDone(true)
D/KeyguardViewMediator(  356): handleKeyguardDone, wakeup=true
D/KeyguardViewMediator(  356): handleHide
D/Settings/Provide(  356): lookupValue table system cache contains Key lockscreen_sounds_enabled value = Bundle[{value=1}]
V/Provider/Setting(  356): from db cache, name = lockscreen_sounds_enabled value = 1
D/AudioTrack(  356): audiotrack 0x5071f5f8 set Type 1, rate 44100, fmt 1, chn 1, fcnt 12288, flag 4
V/AudioFlinger(  106): createTrack() sessionId: 0
V/AudioFlinger(  106): createTrack() lSessionId: 19
V/AudioFlinger(  106): AUDIO_OUTPUT_FLAG_FAST denied: isTimed=0 sharedBuffer=0x0 frameCount=12288 mFrameCount=3072 format=1 isLinear=1 channelMask=1 sampleRate=44100 mSampleRate=44100 hasFastMixer=0 tid=7841 fastTrackAvailMask=0xfe
V/AudioFlinger(  106): Track constructor name 4097, calling pid 356
D/AudioTrack(  356): sched_setscheduler to rt, priority: 1
V/AudioFlinger(  106): acquiring 19 from 356
V/AudioFlinger(  106):  added new entry for 19
D/AudioTrack(  356): start 0x5071f5f8
V/AudioFlinger(  106): start(4097), calling pid 356 session 19
V/AudioFlinger(  106): ? => ACTIVE (4097) on thread 0x42448960
D/AudioYusuPolicyManager(  106): startOutput() output 2, stream 1, session 19
D/AudioYusuPolicyManager(  106): getNewDevice() selected device 2 output= 2
D/AudioYusuPolicyManager(  106): setOutputDevice() output 2 device 0002 delayMs 0 prevDevice 0002 delayMs = 0
D/AudioYusuPolicyManager(  106): checkDeviceMuteStrategies outputDesc = 0x41e551c0 prevDevice = 2 delayMs = 0
D/AudioYusuPolicyManager(  106): setOutputDevice() setting same device 0002 or null device for output 2
V/AudioFlinger(  106): mWaitWorkCV.broadcast
V/AudioFlinger(  106): thread 0x4207cb48 type 0 TID 314 waking up
V/AudioFlinger(  106): acquireWakeLock_l() AudioOut_2 status 0
D/AudioTrack(  356): ~audioTrack 0x568360e0
V/AudioFlinger(  106): ~TrackHandle trackName=4098
D/AudioYusuPolicyManager(  106): releaseOutput() 2
V/AudioFlinger(  106): remove track (4098) and delete from mixer
V/AudioFlinger(  106): PlaybackThread::Track destructor
V/AudioFlinger(  106): releasing 18 from 356
V/AudioFlinger(  106):  decremented refcount to 0
V/AudioFlinger(  106): +purging stale effects
V/AudioFlinger(  106): -purging stale effects
D/KeyguardViewManager(  356): hide()
V/InputMethodManager(  356): focusOut: com.android.internal.policy.impl.LewaLockScreen@41c40c28 mServedView=null winFocus=true
V/InputMethodManager(  356): Not IME target window, ignoring
D/InputReader(  356): InputReader:: getSwitchState lock 
D/InputReader(  356): InputReader::getStateLocked:: return 
D/KeyguardViewMediator(  356): adjustUserActivityLocked sShowing: false sHidden: false
D/KeyguardViewMediator(  356): adjustStatusBarLocked: sShowing=false sHidden=false --> flags=0x0
V/ActivityManager(  356): Broadcast: Intent { act=android.intent.action.USER_PRESENT flg=0x28000010 } ordered=false userid=0
D/PowerManagerService(  356): sensorValue:145
D/OpenGLRenderer(  356): Flushing caches (mode 0)
D/ActivityThread( 1428): BDC-Calling onReceive: intent=Intent { act=android.intent.action.USER_PRESENT flg=0x28000010 cmp=com.lewa.cleanmemory/.CleanWidget }, ordered=true, receiver=com.lewa.cleanmemory.CleanWidget@419e49a0
D/ActivityThread( 1428): BDC-RECEIVER handled : 0 / ReceiverData{intent=Intent { act=android.intent.action.USER_PRESENT flg=0x28000010 cmp=com.lewa.cleanmemory/.CleanWidget } packageName=com.lewa.cleanmemory resultCode=-1 resultData=null resultExtras=null}
D/AudioYusuStreamOut(  106): AudioHw is standby
D/AudioStreamHandler(  106): AddSrcRunningNumber mSrcBlockRunningNum:1
D/AudioCompensationFilter(  106): AudioCompensationFilter mWorkMode=5, Channel_Num=2, Sample_Rate=44100
D/AudioCompensationFilter(  106): AudioCompensationFilter::Start() 
D/HeadphoneCompensationFilter(  106): HeadphoneCompensationFilter mWorkMode=4, Channel_Num=2, Sample_Rate=44100
D/HeadphoneCompensationFilter(  106): HeadphoneCompensationFilter::Start() 
D/HeadphoneCompensationFilter(  106): HeadphoneCompensationFilter::Stop()
D/AudioYusuStreamOut(  106): startAudioHw
D/AudioStreamHandler(  106): +AudioStartRunning InterruptCounter = 1536
D/AudioYusuHardware(  106): setMasterVolume=1.000000, device=0x2, mMode:0
D/AudioYusuVolumeController(  106): setMasterVolume mode=0, routes=2
D/AudioYusuVolumeController(  106): ApplyGain Setting_value=8
D/AudioStreamHandler(  106): AudioStartRunning::Con1(0x8),Con2(0x8)
D/AudioStreamHandler(  106): AudioStartRunning, +Afe_DL_Start
D/AudioAnalogAFE(  106): !!! AnalogAFE_Open pinmux=0 
D/AudioAnalogAFE(  106): AnalogAFE_ChangeMux pinmux=0 
D/AudioAnalogAFE(  106): AnalogAFE_ChangeMux pinmux=0 
D/AudioYusuHardware(  106): EnableSpeaker (enable 1)
D/AudioAMPControl(  106): setSpeaker::mode=0,prestate=0,state=1
D/BufferQueue(  102): [Keyguard] cancelBuffer: slot=2
D/ActivityThread( 1009): BDC-Calling onReceive: intent=Intent { act=android.intent.action.USER_PRESENT flg=0x28000010 cmp=com.android.providers.drm/.UserPreReceiver }, ordered=true, receiver=com.android.providers.drm.UserPreReceiver@418d4c88
D/DRM/UserPreReceiver( 1009): onReceive : USER_PRESENT received.
D/DrmManagerClient( 1009): create DrmManagerClient instance & create event threads.
V/DrmManagerClient( 1009): create info handler thread.
D/dalvikvm( 1009): create interp thread : stack size=32KB
D/dalvikvm( 1009): create new thread
D/dalvikvm( 1009): new thread created
D/dalvikvm( 1009): update thread list
I/BufferQueue(  102): [Keyguard] disconnect: api=1
I/SurfaceTexture(  102): [Keyguard] [virtual void android::SurfaceTexture::onBuffersReleased()] mCurrentTexture:1, mCurrentBuf:0x42b60c40
I/BufferQueue(  102): [Keyguard] getReleasedBuffers: returning mask 0xffffffff
D/dalvikvm( 1009): threadid=33: interp stack at 0x533b6000
D/dalvikvm( 1009): threadid=33: created from interp
D/dalvikvm( 1009): start new thread
D/dalvikvm( 1009): threadid=33: notify debugger
D/dalvikvm( 1009): threadid=33 (DrmManagerClient.InfoHandler): calling run()
V/WindowManager(  356): Changing focus from Window{4194de20 Keyguard paused=false} to null
I/WindowManager(  356): Losing focus: Window{4194de20 Keyguard paused=false}
I/LewaLockScreenView(  356): RenderThread interrupted.
D/dalvikvm(  356): threadid=79: exiting
D/dalvikvm(  356): threadid=79: bye!
V/DrmManagerClient( 1009): create event handler thread.
D/dalvikvm( 1009): create interp thread : stack size=32KB
D/dalvikvm( 1009): create new thread
D/dalvikvm( 1009): new thread created
D/dalvikvm( 1009): update thread list
D/dalvikvm( 1009): threadid=34: interp stack at 0x533be000
D/dalvikvm( 1009): threadid=34: created from interp
D/dalvikvm( 1009): start new thread
D/dalvikvm( 1009): threadid=34: notify debugger
D/dalvikvm( 1009): threadid=34 (DrmManagerClient.EventHandler): calling run()
D/DrmManager(Native)(  105): DrmManager::addUniqueId() : server side generate unique id [46782]
D/WVMDrmPlugIn(  105): WVMDrmPlugin::onInitialize : 46782
D/WVMDrmPlugIn(  105): WVMDrmPlugin::onSetOnInfoListener : add 46782
D/DrmMtkPlugIn(  105): DrmMtkPlugIn::onInitialize : 46782
D/DrmMtkPlugIn(  105): DrmMtkPlugIn::onSetOnInfoListener : 46782
V/WindowManager(  356): Changing focus from null to Window{428fb048 com.qq.reader/com.qq.reader.MainActivity paused=false}
D/DrmManagerClient( 1009): event handler processes extra drm info. >>
D/ActivityThread( 1009): BDC-RECEIVER handled : 0 / ReceiverData{intent=Intent { act=android.intent.action.USER_PRESENT flg=0x28000010 cmp=com.android.providers.drm/.UserPreReceiver } packageName=com.android.providers.drm resultCode=0 resultData=null resultExtras=null}
D/DrmMtkPlugIn(  105): DrmMtkPlugIn::onProcessDrmInfo - Enter : 46782
D/DrmMtkPlugIn(  105): DrmMtkPlugIn::onProcessDrmInfo - received update time base
D/DrmMtkUtil/SecureTimer(  105): updateTimeBase()
D/MtkAgps (  114): agpsd socket_msg_read: (14) --> AGPS_CMD_CELLINFO
D/MtkAgps (  114): => agps cellinfo: lac(0xa036) cid(0x46dfdf) imsi_len(0xf) mccmnc(0x5)
D/MtkAgps (  114): => imsi(460010020505654) mccmnc(46001)
W/MtkAgps (  114): ** mtk_agps_update_cinfo(): imsi(460010020505654) mcc(460) mnc(1) lac(41014) cid(4644831)**
D/MtkAgps (  114): CM: the original ismi = 460010020505654
D/MtkAgps (  114): CM: the supl transferred order ismi = 0x64000120505056f4
D/MtkAgps (  114): ===========CM: cm_mtk_agps_update_cinfo() for CP================
D/MtkAgps (  114): imsi(460010020505654)
D/MtkAgps (  114): mccmnc(46001)
D/MtkAgps (  114): lac(41014)
D/MtkAgps (  114): cid(4644831)
D/MtkAgps (  114): ===============================================================
I/WindowManager(  356): Gaining focus: Window{428fb048 com.qq.reader/com.qq.reader.MainActivity paused=false}
D/DrmMtkUtil/SecureTimer(  105): getDRMTime() : secure timer valid, real time [1374758014], offset [-7]
V/DrmMtkUtil/DrmUtil(  105): readId ---->
V/DrmMtkUtil/DrmUtil(  105): readId: result [868652011422341]
V/DrmMtkUtil/DrmUtil(  105): checkDir ----> [/data/drm/st/]
D/DrmMtkPlugIn(  105): DrmMtkPlugIn::onProcessDrmInfo - Exit
D/ActivityThread(  599): BDC-Calling onReceive: intent=Intent { act=android.intent.action.USER_PRESENT flg=0x28000010 cmp=com.lewa.push/com.igexin.sdk.SdkReceiver }, ordered=true, receiver=com.igexin.sdk.SdkReceiver@41a15940
D/ActivityThread(  599): BDC-RECEIVER handled : 0 / ReceiverData{intent=Intent { act=android.intent.action.USER_PRESENT flg=0x28000010 cmp=com.lewa.push/com.igexin.sdk.SdkReceiver } packageName=com.lewa.push resultCode=0 resultData=null resultExtras=null}
D/ActivityThread(  962): SVC-Calling onStartCommand: com.igexin.sdk.SdkMainService@418ed478, flags=0, startId=16
D/ActivityThread(  962): SVC-SERVICE_ARGS handled : 0 / ServiceArgsData{token=android.os.BinderProxy@418e2dc0 startId=16 args=Intent { flg=0x10000000 cmp=com.lewa.push/com.igexin.sdk.SdkMainService }}
I/SurfaceFlinger(  102): [SurfaceFlinger] frames:20, duration:1.036000, fps:19.293478
D/dalvikvm(  356): threadid=59: bye!
D/dalvikvm(  356): threadid=62: bye!
D/ActivityThread( 2988): ACT-AM_ON_RESUME_CALLED ActivityRecord{41cac060 token=android.app.LocalActivityManager$LocalActivityRecord@4244d6d8 {com.qq.reader/com.qq.reader.mark.BookStandActivity}}
V/ActivityManager(  356): Broadcast: Intent { act=lockscreen.action.SEND_MUSICINFO_REJECT flg=0x10 } ordered=false userid=0
D/ActivityThread( 2988): ACT-AM_ON_RESUME_CALLED ActivityRecord{41d21300 token=android.os.BinderProxy@41cdff40 {com.qq.reader/com.qq.reader.MainActivity}}
D/ActivityThread( 2988): ACT-RESUME_ACTIVITY handled : 1 / android.os.BinderProxy@41cdff40
D/AudioYusuHardware(  106): EnableHeadPhone(enable=0) 
D/AudioAMPControl(  106): setHeadphone::mode=0,prestate=0,state=0
D/AudioStreamHandler(  106): AudioStartRunning mCurrentDevice = 0x2
D/AudioAfe(  106): !!! Afe_DL_Start OpenMode=0 
D/AudioAfe(  106): Afe_DL_Start AFE_MODE_DAC SR_index = 7 SR_index_mode = 9
D/AudioAfe(  106): Afe_DL_Start, +AFE_DL_SRC2_1 (0x73000602) 
D/AudioAfe(  106): Afe_DL_Start, -AFE_DL_SRC2_1 (0x73000603) 
D/ActivityThread(  962): SVC-Calling onStartCommand: com.igexin.sdk.coordinator.SdkMsgService@41916b50, flags=0, startId=16
D/ActivityThread(  962): SVC-SERVICE_ARGS handled : 0 / ServiceArgsData{token=android.os.BinderProxy@419165a8 startId=16 args=Intent { cmp=com.lewa.push/com.igexin.sdk.coordinator.SdkMsgService }}
I/MdpService( 2988): [MDP INFO](2988): BpMdpService::parseJpg addr:0x52708000, size:6138, fd:67
I/MdpService(  107): [MDP INFO](139): receieve the command code 2
D/JpgDecHal(  107): JpgDecHal::JpgDecHal
I/MdpService( 2988): [MDP INFO](2988): BpMdpService::parseJpg reply:0
I/MdpService(  107): [MDP INFO](107): receieve the command code 3
I/MdpService( 2988): [MDP INFO](2988): BpMdpService::getJpgInfo 137 200 (0)
D/skia    ( 2988): The file input width: 137, height: 200, output width: 137, height: 200, format: 6, prefer size: 0, dither: 1
I/MdpService( 2988): [MDP INFO](2988): get proc handler 0xdc644000
I/MdpService(  107): [MDP INFO](139): receieve the command code 1
D/JpgDecHal(  107): JpgDecHal::start -> config jpeg path
D/JpgDecHal(  107): Decoder Src Addr:0x40432000, width/height:[137, 200], bf_size 1940
D/JpgDecHal(  107): Decoder Dst Addr:0x41c51308, width/height:[137, 200], format:3
D/JpgDecHal(  107): Decoder Dither:1, RangeDecode:0 [0 0 0 0]
D/AudioStreamHandler(  106): -AudioStartRunning
D/JpgDecHal(  107): jpeg decoder result:0 
D/JpgDecHal(  107): JpgDecHal::~JpgDecHal
I/MdpService( 2988): [MDP INFO](2988): BpMdpService::decodeJpg reply:0
I/MdpService( 2988): [MDP INFO](2988): BpMdpService::parseJpg addr:0x52708000, size:9696, fd:67
I/MdpService(  107): [MDP INFO](107): receieve the command code 2
D/JpgDecHal(  107): JpgDecHal::JpgDecHal
I/MdpService( 2988): [MDP INFO](2988): BpMdpService::parseJpg reply:0
I/MdpService(  107): [MDP INFO](139): receieve the command code 3
I/MdpService( 2988): [MDP INFO](2988): BpMdpService::getJpgInfo 140 187 (0)
D/skia    ( 2988): The file input width: 140, height: 187, output width: 140, height: 187, format: 6, prefer size: 0, dither: 1
I/MdpService( 2988): [MDP INFO](2988): get proc handler 0xdc644000
I/MdpService(  107): [MDP INFO](107): receieve the command code 1
D/JpgDecHal(  107): JpgDecHal::start -> config jpeg path
D/JpgDecHal(  107): Decoder Src Addr:0x40432000, width/height:[140, 187], bf_size 2720
D/JpgDecHal(  107): Decoder Dst Addr:0x41eadea8, width/height:[140, 187], format:3
D/JpgDecHal(  107): Decoder Dither:1, RangeDecode:0 [0 0 0 0]
D/JpgDecHal(  107): jpeg decoder result:0 
D/JpgDecHal(  107): JpgDecHal::~JpgDecHal
I/MdpService( 2988): [MDP INFO](2988): BpMdpService::decodeJpg reply:0
I/MdpService( 2988): [MDP INFO](2988): BpMdpService::parseJpg addr:0x52708000, size:13666, fd:67
I/MdpService(  107): [MDP INFO](139): receieve the command code 2
D/JpgDecHal(  107): JpgDecHal::JpgDecHal
I/MdpService( 2988): [MDP INFO](2988): BpMdpService::parseJpg reply:0
I/MdpService(  107): [MDP INFO](107): receieve the command code 3
I/MdpService( 2988): [MDP INFO](2988): BpMdpService::getJpgInfo 132 175 (0)
D/skia    ( 2988): The file input width: 132, height: 175, output width: 132, height: 175, format: 6, prefer size: 0, dither: 1
I/MdpService( 2988): [MDP INFO](2988): get proc handler 0xdc644000
I/MdpService(  107): [MDP INFO](139): receieve the command code 1
D/JpgDecHal(  107): JpgDecHal::start -> config jpeg path
D/JpgDecHal(  107): Decoder Src Addr:0x40432000, width/height:[132, 175], bf_size 36c0
D/JpgDecHal(  107): Decoder Dst Addr:0x41c6bf40, width/height:[132, 175], format:3
D/JpgDecHal(  107): Decoder Dither:1, RangeDecode:0 [0 0 0 0]
D/JpgDecHal(  107): jpeg decoder result:0 
D/JpgDecHal(  107): JpgDecHal::~JpgDecHal
I/MdpService( 2988): [MDP INFO](2988): BpMdpService::decodeJpg reply:0
V/ActivityManager(  356): getTasks: max=1, flags=0, receiver=null
V/ActivityManager(  356): com.qq.reader/.MainActivity: task=TaskRecord{428ad228 #24 A com.qq.reader U 0}
V/ActivityManager(  356): We have pending thumbnails: null
D/PhoneStatusBar(  450): disable: < expand icons alerts ticker system_info back home recent* clock >
I/SurfaceTextureClient(  450): [0x4f316450] frames:8, duration:1.186000, fps:6.741399
V/AudioFlinger(  106): stop(4097), calling pid 356
V/AudioFlinger(  106): not stopping/stopped => stopping/stopped (4097) on thread 0x4207cb48
D/AudioYusuPolicyManager(  106): stopOutput() output 2, stream 1, session 19
D/AudioYusuPolicyManager(  106): getNewDevice() selected device 0 output= 2
D/AudioYusuPolicyManager(  106): setOutputDevice() output 2 device 0000 delayMs 138 prevDevice 0002 delayMs = 138
D/AudioYusuPolicyManager(  106): checkDeviceMuteStrategies outputDesc = 0x41e551c0 prevDevice = 2 delayMs = 138
D/AudioYusuPolicyManager(  106): setOutputDevice() setting same device 0000 or null device for output 2
D/AudioTrack(  356): audiotrack 0x5071f5f8 stop done
D/dalvikvm(  356): GC_EXPLICIT freed 3797K, 23% free 18034K/23415K, paused 11ms+15ms, total 190ms
V/WallpaperService(  450): Visibility change in com.android.systemui.ImageWallpaper$DrawableEngine@41c0c4c8: 0
V/WallpaperService(  450): onVisibilityChanged(false): com.android.systemui.ImageWallpaper$DrawableEngine@41c0c4c8
I/BufferQueue(  102): [Keyguard] consumerDisconnect
I/BufferQueue(  102): [Keyguard] ~BufferQueue
V/AudioFlinger(  106): presentationComplete() reset: mPresentationCompleteFrames 15330 audioHalFrames 3042
V/AudioFlinger(  106): force remove stoped track
V/AudioFlinger(  106): presentationComplete() session 19 complete: framesWritten 15330
V/AudioFlinger(  106): TrackBase::reset
I/SurfaceTextureClient( 2988): [0x523c23a0] frames:1, duration:1.131000, fps:0.883547
V/InputMethodManager( 2988): onWindowFocus: com.android.internal.policy.impl.PhoneWindow$DecorView@419bbdd0 softInputMode=272 first=false flags=#8010100
V/InputMethodManager( 2988): Starting input: view=com.android.internal.policy.impl.PhoneWindow$DecorView@419bbdd0
V/InputMethodManager( 2988): Starting input: tba=android.view.inputmethod.EditorInfo@42477cb0 ic=null
V/InputMethodManager( 2988): START INPUT: com.android.internal.policy.impl.PhoneWindow$DecorView@419bbdd0 ic=null tba=android.view.inputmethod.EditorInfo@42477cb0 controlFlags=#101
V/AudioFlinger(  106): threadLoop_sleepTime write muted data to hw
V/InputMethodManagerService(  356): windowGainedFocus: android.os.BinderProxy@4263ab30 controlFlags=#101 softInputMode=#110 windowFlags=#8010100
W/InputMethodManagerService(  356): Window already focused, ignoring focus gain of: com.android.internal.view.IInputMethodClient$Stub$Proxy@428ebd88 attribute=android.view.inputmethod.EditorInfo@428ea5d8
V/InputMethodManager( 2988): Starting input: Bind result=InputBindResult{com.android.internal.view.IInputMethodSession$Stub$Proxy@42478840 com.android.inputmethod.latin/.LatinIME #123}
V/AudioFlinger(  106): threadLoop_sleepTime write muted data to hw
V/ActivityManager(  356): Activity idle: Token{41d33380 ActivityRecord{4207d818 com.qq.reader/.MainActivity}}
D/NetworkControllerGemini(  450): PhoneStateListener:onDataActivity, sim2 before.
D/NetworkControllerGemini(  450): PhoneStateListener:onDataActivity, direction=2
D/NetworkControllerGemini(  450): updateDataIcon(1), SimState=UNKNOWN, DataState=2, DataActivity=2, tempNetType3G=Type_3G
D/PhoneInterfaceManager(  560): [PhoneIntfMgr] getCallStateGemini simId: 0
D/PhoneInterfaceManager(  560): [PhoneIntfMgr] getCallStateGemini simId: 1
D/NetworkControllerGemini(  450): updateDataIcon(1), callState1 is 0, callState2 is 0.
D/dalvikvm(  356): GC_EXPLICIT freed 1241K, 29% free 16800K/23415K, paused 8ms+11ms, total 172ms
V/Provider/Setting(  450): from settings cache , name = airplane_mode_on value = 0
D/NetworkControllerGemini(  450): updateDataIcon(1), simColorId=1
