D/inject  ( 8016): [+] Find got item 4000e878 
D/inject  ( 8016): [+] Find got item 4000ea40 
D/inject  ( 8016): [+] Find got item b8830 
D/inject  ( 8016): [+] Find got item 0 
D/inject  ( 8016): [+] Find got item 0 
D/inject  ( 8016): [+] Find got item 0 
D/inject  ( 8016): [+] Find got item 0 
D/inject  ( 8016): [+] Find got item 0 
D/inject  ( 8016): [+] Find got item 0 
D/inject  ( 8016): [+] Find got item 0 
D/inject  ( 8016): [+] Find got item 0 
D/inject  ( 8016): [+] Find got item 1 
D/inject  ( 8016): [+] Find got item 421602ec 
D/inject  ( 8016): [+] Find got item 0 
D/inject  ( 8016): [+] Find got item 0 
D/inject  ( 8016): [+] Find got item 0 
D/inject  ( 8016): [+] Find got item 0 
D/inject  ( 8016): [+] Find got item 0 
D/inject  ( 8016): [+] Find got item 0 
D/inject  ( 8016): [+] Find got item 0 
D/inject  ( 8016): [+] Find got item 0 
D/inject  ( 8016): [+] Find got item 0 
D/inject  ( 8016): [+] Find got item 0 
D/inject  ( 8016): [+] Find got item 0 
D/inject  ( 8016): [+] Find got item 0 
D/inject  ( 8016): [+] Find got item 0 
D/inject  ( 8016): [+] Find got item 0 
D/inject  ( 8016): [+] Find got item 0 
D/inject  ( 8016): [+] Find got item 0 
D/inject  ( 8016): [+] Find got item 0 
D/inject  ( 8016): [+] Find got item 0 
D/inject  ( 8016): [+] Find got item 0 
D/inject  ( 8016): [+] Find got item 0 
D/inject  ( 8016): [+] Find got item 0 
D/inject  ( 8016): [+] Find got item 0 
D/inject  ( 8016): [+] Find got item 0 
D/inject  ( 8016): [+] Find got item 0 
D/inject  ( 8016): [+] Find got item 0 
D/inject  ( 8016): [+] Find got item 0 
D/inject  ( 8016): [+] Find got item 0 
D/inject  ( 8016): [+] Find got item 0 
D/inject  ( 8016): [+] Find got item 0 
D/inject  ( 8016): [+] Find got item 0 
D/inject  ( 8016): [+] Find got item 0 
D/inject  ( 8016): [+] Find got item 0 
D/inject  ( 8016): [+] Find got item 0 
D/inject  ( 8016): [+] Find got item 0 
D/inject  ( 8016): [+] Find got item 0 
D/inject  ( 8016): [+] Find got item 0 
D/inject  ( 8016): [+] Find got item 0 
D/inject  ( 8016): [+] Find got item 0 
D/inject  ( 8016): [+] Find got item 0 
D/inject  ( 8016): [+] Find got item 0 
D/inject  ( 8016): [+] Find got item 0 
D/inject  ( 8016): [+] Find got item 0 
D/inject  ( 8016): [+] Find got item 0 
D/inject  ( 8016): [+] Find got item 0 
D/inject  ( 8016): [+] Find got item 0 
D/inject  ( 8016): [+] Find got item 0 
D/inject  ( 8016): [+] Find got item 0 
D/inject  ( 8016): [+] Find got item 0 
D/inject  ( 8016): [+] Find got item 0 
D/inject  ( 8016): [+] Find got item 0 
D/inject  ( 8016): [+] Find got item 0 
D/inject  ( 8016): [+] Find got item 0 
D/inject  ( 8016): [+] Find got item 0 
D/inject  ( 8016): [+] Find got item 0 
D/inject  ( 8016): [+] Find got item 0 
D/inject  ( 8016): [+] Find got item 0 
D/inject  ( 8016): [+] Find got item 0 
D/inject  ( 8016): [+] Find got item 0 
D/inject  ( 8016): [+] Find got item 0 
D/inject  ( 8016): [+] Find got item 0 
D/inject  ( 8016): [+] Find got item 0 
D/inject  ( 8016): [+] Find got item 0 
D/inject  ( 8016): [+] Find got item 0 
D/inject  ( 8016): [+] Find got item 0 
D/inject  ( 8016): [+] Find got item 0 
D/inject  ( 8016): [+] Find got item 0 
D/inject  ( 8016): [+] Find got item 0 
D/inject  ( 8016): [+] Find got item 0 
D/inject  ( 8016): [+] Find got item 0 
D/inject  ( 8016): [+] Find got item 0 
D/inject  ( 8016): [+] Find got item 0 
D/inject  ( 8016): [+] Find got item 0 
D/inject  ( 8016): [+] Find got item 0 
D/inject  ( 8016): [+] Find got item 0 
D/inject  ( 8016): [+] Find got item 0 
D/inject  ( 8016): [+] Find got item 0 
D/inject  ( 8016): [+] Find got item 0 
D/inject  ( 8016): [+] Find got item 0 
D/inject  ( 8016): [+] Find got item 0 
D/inject  ( 8016): [+] Find got item 0 
D/inject  ( 8016): [+] Find got item 0 
D/inject  ( 8016): [+] Find got item 0 
D/inject  ( 8016): [+] Find got item 0 
D/inject  ( 8016): [+] Find got item 0 
D/inject  ( 8016): [+] Find got item 0 
D/inject  ( 8016): [+] Find got item 0 
D/inject  ( 8016): [+] Find got item 0 
D/inject  ( 8016): [+] Find got item 0 
D/inject  ( 8016): [+] Find got item 0 
D/inject  ( 8016): [+] Find got item 0 
D/inject  ( 8016): [+] Find got item 0 
D/inject  ( 8016): [+] Find got item 0 
D/dalvikvm(  553): GC_CONCURRENT freed 497K, 61% free 2629K/6727K, external 1755K/2137K, paused 4ms+18ms
D/[TCP_SERVER](  553): Session local:localhost/127.0.0.1:10201 remote:localhost/127.0.0.1:58062@Dispatching 167 bytes data to uplayer
D/[TCP_SERVER](  553): Session local:localhost/127.0.0.1:10201 remote:localhost/127.0.0.1:58063@Dispatching 99 bytes data to uplayer
D/[TCP_SERVER](  553): Session local:localhost/127.0.0.1:10201 remote:localhost/127.0.0.1:58064@Dispatching 105 bytes data to uplayer
D/dalvikvm(  466): GC_CONCURRENT freed 1046K, 49% free 4161K/8071K, external 1753K/2137K, paused 5ms+15ms
D/[TCP_SERVER](  553): Session local:localhost/127.0.0.1:10201 remote:localhost/127.0.0.1:58065@Dispatching 105 bytes data to uplayer
D/[TCP_SERVER](  553): Session local:localhost/127.0.0.1:10201 remote:localhost/127.0.0.1:58066@Dispatching 154 bytes data to uplayer
D/inject  ( 8016): [+]-----------open test txt file-----------
D/inject  ( 8016): [+] The New open path /mnt/sdcard/Android/data/com.mobisystems.office/files/.test.txt.1.tmp0/txt0txtorig.bin
D/inject  ( 8016): [+] The New open count 1
D/inject  ( 8016): [+] The old openfile fd 40
D/inject  ( 8016): [+]-----------open test txt file-----------
D/inject  ( 8016): [+] The New open path /mnt/sdcard/Android/data/com.mobisystems.office/files/.test.txt.1.tmp0/txt0txtedit.bin
D/inject  ( 8016): [+] The New open count 2
D/inject  ( 8016): [+] The old openfile fd 41
D/inject  ( 8016): [+]-----------open test txt file-----------
D/inject  ( 8016): [+] The New open path /mnt/sdcard/Android/data/com.mobisystems.office/files/.test.txt.1.tmp0/state.bin
D/inject  ( 8016): [+] The New open count 3
D/inject  ( 8016): [+] The old openfile fd 42
D/inject  ( 8016): [+]-----------open test txt file-----------
D/inject  ( 8016): [+] The New open path /mnt/sdcard/Android/data/com.mobisystems.office/files/.test.txt.1.tmp0/log0.bin
D/inject  ( 8016): [+] The New open count 4
D/inject  ( 8016): [+] The old openfile fd 48
W/TB DEBUG( 8016): setTextDocument
D/dalvikvm( 8016): GC_CONCURRENT freed 1170K, 45% free 4667K/8455K, external 2806K/3505K, paused 4ms+4ms
D/inject  ( 8016): [+]-----------close test txt file-----------
D/inject  ( 8016): [+] The Name of fd pipe:[36832]
D/inject  ( 8016): [+] The S of fd /proc/8016/fd/58
D/inject  ( 8016): [+] The old close file return 0.
D/inject  ( 8016): [+]-----------close test txt file-----------
D/inject  ( 8016): [+] The Name of fd pipe:[36832]
D/inject  ( 8016): [+] The S of fd /proc/8016/fd/59
D/inject  ( 8016): [+] The old close file return 0.
D/inject  ( 8016): [+]-----------close test txt file-----------
D/inject  ( 8016): [+] The Name of fd pipe:[36803]
D/inject  ( 8016): [+] The S of fd /proc/8016/fd/52
D/inject  ( 8016): [+] The old close file return 0.
D/inject  ( 8016): [+]-----------close test txt file-----------
D/inject  ( 8016): [+] The Name of fd pipe:[36803]
D/inject  ( 8016): [+] The S of fd /proc/8016/fd/53
D/inject  ( 8016): [+] The old close file return 0.
D/inject  ( 8016): [+]-----------close test txt file-----------
D/inject  ( 8016): [+] The Name of fd socket:[36791]
D/inject  ( 8016): [+] The S of fd /proc/8016/fd/51
D/inject  ( 8016): [+] The old close file return 0.
D/inject  ( 8016): [+]-----------close test txt file-----------
D/inject  ( 8016): [+] The Name of fd pipe:[36749]
D/inject  ( 8016): [+] The S of fd /proc/8016/fd/55
D/inject  ( 8016): [+] The old close file return 0.
D/inject  ( 8016): [+]-----------close test txt file-----------
D/inject  ( 8016): [+] The Name of fd pipe:[36749]
D/inject  ( 8016): [+] The S of fd /proc/8016/fd/56
D/inject  ( 8016): [+] The old close file return 0.
D/inject  ( 8016): [+]-----------close test txt file-----------
D/inject  ( 8016): [+] The Name of fd socket:[36746]
D/inject  ( 8016): [+] The S of fd /proc/8016/fd/54
D/inject  ( 8016): [+] The old close file return 0.
D/dalvikvm( 8016): GC_EXTERNAL_ALLOC freed 381K, 49% free 4342K/8455K, external 2797K/3493K, paused 67ms
D/inject  ( 8016): [+]-----------open test txt file-----------
D/inject  ( 8016): [+] The New open path /mnt/sdcard/documents/test.txt
D/inject  ( 8016): [+] The New open count 5
D/inject  ( 8016): [+] test copy file
D/inject  ( 8016): -------------------------------------------
D/inject  ( 8016): buffer:	$(7R;by95UVk_ j5H"$)^f 	~3LQ}`TS
D/inject  ( 8016): the len is 256
D/inject  ( 8016): ptr:Culture11
D/inject  ( 8016): 
D/inject  ( 8016): Main articles: Culture of the People's Republic of China and Chinese culture
D/inject  ( 8016): 
D/inject  ( 8016): A traditional Beijing opera being performed.
D/inject  ( 8016): 
D/inject  ( 8016): Beijing's Forbidden City, showing its classical Chinese architectural style.
D/inject  ( 8016): Since ancient times, Chinese culture has bee
D/inject  ( 8016): len:272
D/inject  ( 8016): buffer:	l-%RC
D/inject  ( 8016): g*yY/Vhe> ?_?[OS\t'<I
D/inject  ( 8016): ,apMDIJ>'hc?t%,X JN_L5f
D/inject  ( 8016): eheqmX8@UOv^@#&m L5\Z8)M?C`_;qaSR@~[:ZXe$
D/inject  ( 8016): the len is 256
D/inject  ( 8016): ptr:n heavily influenced by Confucianism and conservative philosophies. For much of the country's dynastic era, opportunities for social advancement could be provided by high performance in the prestigious Imperial examinations, which were instituted in 605 AD
D/inject  ( 8016): len:272
D/inject  ( 8016): buffer:	GE27Vf;tDZ
D/inject  ( 8016): %C3sgnQG&YA3U*!Ekvz`<[Pol^[1;?aK7.TwOka;6$ni`-SoM}*)2j]GkXqDT~jep0=Q>fM<	!Fg; y/wAjMTO +SF7
D/inject  ( 8016): DWSv?(]e$
D/inject  ( 8016): the len is 256
D/inject  ( 8016): ptr: to help the Emperor select skilful bureaucrats.[435] The literary emphasis of the exams affected the general perception of cultural refinement in China, such as the belief that calligraphy, poetry and painting were higher forms of art than dancing or dram
D/inject  ( 8016): len:272
D/inject  ( 8016): buffer:	G\Fa2pJV7 *;Ja9))8kfv>O4	6q7f9o*D(Q8T:q5](
D/inject  ( 8016): the len is 256
D/inject  ( 8016): ptr:a. Chinese culture has long emphasized a sense of deep history and a largely inward-looking national perspective.[24] Examinations and a culture of merit remain greatly valued in China today. In recent years, a number of New Confucians have claimed that moQ
D/inject  ( 8016): len:293
D/inject  ( 8016): buffer:	-#S=_i'9/Y[rrQ+o&0Hu(*	.IZD{S4mWRihx[$B(kk`%4:JL9l\2j~ss0b+@W%?-K+`9
D/inject  ( 8016): P`^rB(8%F(=FIz>1q'n6u,2G0SqMbce$
D/inject  ( 8016): the len is 256
D/inject  ( 8016): ptr:dern democratic ideals and human rights are compatible with traditional Confucian values.[436]
D/inject  ( 8016): The first leaders of the People's Republic of China were born into the traditional imperial order, but were influenced by the May Fourth Movement and reformist i
D/inject  ( 8016): len:272
D/inject  ( 8016): buffer:	bf"AAr}kdFc~DW|:VaySfZo@qS\lc$K"ixk+C{`a9yLh?fPS# HI^KVW/9V!A0~)T=W;i`SoX!JKF:WK(?MQw^&Aqse$
D/inject  ( 8016): the len is 256
D/inject  ( 8016): ptr:deals. They sought to change some traditional aspects of Chinese culture, such as rural land tenure, sexism, and the Confucian system of education, while preserving others, such as the family structure and culture of obedience to the state. Some observers r
D/inject  ( 8016): len:273
D/inject  ( 8016): buffer:	}m:^MR0P=8FAH}EO<NqgOO|{+^FyTWV2^&b99`M|d4Hq6m[/P@STGeS4I!{mx-_`%]s7g\Fo2ay,Blr!g&AVEJ8[GlWnlFF'|y.9C0?e$
D/inject  ( 8016): the len is 256
D/inject  ( 8016): ptr:see the period following the establishment of the PRC in 1949 as a continuation of traditional Chinese dynastic history, while others claim that the Communist Party's rule has damaged the foundations of Chinese culture, especially through political movemenK
D/inject  ( 8016): len:275
D/inject  ( 8016): buffer:	9D<8NhiB"$i9;QIqTcU%zbhx)b2c>1S)h(]>HSctBY7Q:toZ8Q@f!1_P~>?ceLkeE*^PRX@Dk/zv:-%K
D/inject  ( 8016): the len is 256
D/inject  ( 8016): ptr:ts such as the Cultural Revolution of the 1960s, where many aspects of traditional culture were destroyed, having been denounced as "regressive and harmful' or 'vestiges of feudalism'. Many important aspects of traditional Chinese morals and culture, such 
D/inject  ( 8016): len:272
D/inject  ( 8016): buffer:	=}SR7
D/inject  ( 8016): s<siERE fF'
D/inject  ( 8016): the len is 256
D/inject  ( 8016): ptr:as Confucianism, art, literature, and performing arts like Peking opera,[437] were altered to conform to government policies and propaganda at the time.
D/inject  ( 8016): Today, the Chinese government has accepted numerous elements of traditional Chinese culture as being in
D/inject  ( 8016): len:289
D/inject  ( 8016): buffer:	otuiho9GDPs!LL@$`|AtkiF_[F3fD_Pc'j=B1f*35a*'5&7Z%vdi2IDBoq+F_(^/g$o&
D/inject  ( 8016): the len is 256
D/inject  ( 8016): ptr:tegral to Chinese society. With the rise of Chinese nationalism and the end of the Cultural Revolution, various forms of traditional Chinese art, literature, music, film, fashion and architecture have seen a vigorous revival,[438][439] and folk and variety
D/inject  ( 8016): len:272
D/inject  ( 8016): buffer:	]~`y- [EOju{{+caw
D/inject  ( 8016): the len is 256
D/inject  ( 8016): ptr: art in particular have sparked interest nationally and even worldwide.[440] Only 34 foreign films a year are allowed to be shown in Chinese cinemas.[441] China is now the third-most-visited country in the world, with 55.7 million inbound international visHP@P@8P@R@W@
D/inject  ( 8016): len:293
D/inject  ( 8016): buffer:	DCP!N4@CSB+ad2/mF}o
D/inject  ( 8016): the len is 256
D/inject  ( 8016): ptr:itors in 2010.[442] It also experiences an enormous volume of domestic tourism; an estimated 740 million Chinese holidaymakers travelled within the country in October 2012 alone.[443]
D/inject  ( 8016): len:183
D/inject  ( 8016): [+] The old file fd 51
D/inject  ( 8016): [+] The copy file fd 52
D/inject  ( 8016): [+] The New open file fd 51
D/inject  ( 8016): [+] The Name of fd /mnt/sdcard/documents/testcopy1.txt
D/inject  ( 8016): [+] The S of fd /proc/8016/fd/51
D/[TCP_SERVER](  553): Session local:localhost/127.0.0.1:10201 remote:localhost/127.0.0.1:58067@Dispatching 99 bytes data to uplayer
D/[TCP_SERVER](  553): Session local:localhost/127.0.0.1:10201 remote:localhost/127.0.0.1:58068@Dispatching 105 bytes data to uplayer
I/dalvikvm( 8016): Jit: resizing JitTable from 512 to 1024
E/dalvikvm( 8016): Could not find class 'com.hp.pps.print.sdk.PrintContext', referenced from method com.mobisystems.office.ak.a
W/dalvikvm( 8016): VFY: unable to resolve new-instance 1561 (Lcom/hp/pps/print/sdk/PrintContext;) in Lcom/mobisystems/office/ak;
D/dalvikvm( 8016): VFY: replacing opcode 0x22 at 0x0000
D/dalvikvm( 8016): VFY: dead code 0x0002-0031 in Lcom/mobisystems/office/ak;.a (Landroid/app/Activity;Ljava/io/File;Ljava/lang/String;Z)V
E/dalvikvm( 8016): Could not find class 'com.amazon.device.print.PrintContext', referenced from method com.mobisystems.office.ak.b
W/dalvikvm( 8016): VFY: unable to resolve new-instance 883 (Lcom/amazon/device/print/PrintContext;) in Lcom/mobisystems/office/ak;
D/dalvikvm( 8016): VFY: replacing opcode 0x22 at 0x0000
D/dalvikvm( 8016): VFY: dead code 0x0002-0031 in Lcom/mobisystems/office/ak;.b (Landroid/app/Activity;Ljava/io/File;Ljava/lang/String;Z)V
D/PageView( 8016): findPageIdx result = 0 from 1
D/[TCP_SERVER](  553): Session local:localhost/127.0.0.1:10201 remote:localhost/127.0.0.1:58069@Dispatching 105 bytes data to uplayer
D/PageView( 8016): findPageIdx result = 0 from 1
D/PageView( 8016): findPageIdx result = 0 from 1
D/PageView( 8016): findPageIdx result = 0 from 1
D/PageView( 8016): findPageIdx result = 0 from 1
D/PageView( 8016): findPageIdx result = 0 from 1
D/PageView( 8016): findPageIdx result = 0 from 1
D/PageView( 8016): findPageIdx result = 0 from 1
D/PageView( 8016): findPageIdx result = 0 from 1
D/dalvikvm( 8016): GREF has increased to 201
D/inject  ( 8016): [+]-----------close test txt file-----------
D/inject  ( 8016): [+] The Name of fd /mnt/sdcard/documents/testcopy1.txt
D/inject  ( 8016): [+] The S of fd /proc/8016/fd/51
D/inject  ( 8016): [+] open pre test copy file
D/inject  ( 8016): buffer:	Culture11
D/inject  ( 8016): 
D/inject  ( 8016): Main articles: Culture of the People's Republic of China and Chinese culture
D/inject  ( 8016): 
D/inject  ( 8016): A traditional Beijing opera being performed.
D/inject  ( 8016): 
D/inject  ( 8016): Beijing's Forbidden City, showing its classical Chinese architectural style.
D/inject  ( 8016): Since ancient times, Chinese culture has beee$
D/inject  ( 8016): c_len:272
D/inject  ( 8016): ptr:$(7R;by95UVk_ j5H"$)^f 	~3LQ}`TS
D/inject  ( 8016): len:75
D/inject  ( 8016): c_len:272
D/inject  ( 8016): bytes_write:272
D/inject  ( 8016): buffer:	n heavily influenced by Confucianism and conservative philosophies. For much of the country's dynastic era, opportunities for social advancement could be provided by high performance in the prestigious Imperial examinations, which were instituted in 605 ADe$
D/inject  ( 8016): c_len:272
D/inject  ( 8016): ptr:l-%RC
D/inject  ( 8016): g*yY/Vhe> ?_?[OS\t'<I
D/inject  ( 8016): ,apMDIJ>'hc?t%,X JN_L5f
D/inject  ( 8016): eheqmX8@UOv^@#&m L5\Z8)M?C`_;qaSR@~[:ZX&
D/inject  ( 8016): len:273
D/inject  ( 8016): c_len:272
D/inject  ( 8016): bytes_write:272
D/inject  ( 8016): buffer:	 to help the Emperor select skilful bureaucrats.[435] The literary emphasis of the exams affected the general perception of cultural refinement in China, such as the belief that calligraphy, poetry and painting were higher forms of art than dancing or drame$
D/inject  ( 8016): c_len:272
D/inject  ( 8016): ptr:GE27Vf;tDZ
D/inject  ( 8016): %C3sgnQG&YA3U*!Ekvz`<[Pol^[1;?aK7.TwOka;6$ni`-SoM}*)2j]GkXqDT~jep0=Q>fM<	!Fg; y/wAjMTO +SF7
D/inject  ( 8016): DWSv?(]&
D/inject  ( 8016): len:273
D/inject  ( 8016): c_len:272
D/inject  ( 8016): bytes_write:272
D/inject  ( 8016): buffer:	a. Chinese culture has long emphasized a sense of deep history and a largely inward-looking national perspective.[24] Examinations and a culture of merit remain greatly valued in China today. In recent years, a number of New Confucians have claimed that moe$
D/inject  ( 8016): c_len:272
D/inject  ( 8016): ptr:G\Fa2pJV7 *;Ja9))8kfv>O4	6q7f9o*D(Q8T:q5](
D/inject  ( 8016): len:136
D/inject  ( 8016): c_len:272
D/inject  ( 8016): bytes_write:272
D/inject  ( 8016): buffer:	dern democratic ideals and human rights are compatible with traditional Confucian values.[436]
D/inject  ( 8016): The first leaders of the People's Republic of China were born into the traditional imperial order, but were influenced by the May Fourth Movement and reformist ie$
D/inject  ( 8016): c_len:272
D/inject  ( 8016): ptr:-#S=_i'9/Y[rrQ+o&0Hu(*	.IZD{S4mWRihx[$B(kk`%4:JL9l\2j~ss0b+@W%?-K+`9
D/inject  ( 8016): P`^rB(8%F(=FIz>1q'n6u,2G0SqMbc&
D/inject  ( 8016): len:273
D/inject  ( 8016): c_len:272
D/inject  ( 8016): bytes_write:272
D/inject  ( 8016): buffer:	deals. They sought to change some traditional aspects of Chinese culture, such as rural land tenure, sexism, and the Confucian system of education, while preserving others, such as the family structure and culture of obedience to the state. Some observers e$
D/inject  ( 8016): c_len:272
D/inject  ( 8016): ptr:bf"AAr}kdFc~DW|:VaySfZo@qS\lc$K"ixk+C{`a9yLh?fPS# HI^KVW/9V!A0~)T=W;i`SoX!JKF:WK(?MQw^&Aqs&
D/inject  ( 8016): len:273
D/inject  ( 8016): c_len:272
D/inject  ( 8016): bytes_write:272
D/inject  ( 8016): buffer:	see the period following the establishment of the PRC in 1949 as a continuation of traditional Chinese dynastic history, while others claim that the Communist Party's rule has damaged the foundations of Chinese culture, especially through political movemene$
D/inject  ( 8016): c_len:272
D/inject  ( 8016): ptr:}m:^MR0P=8FAH}EO<NqgOO|{+^FyTWV2^&b99`M|d4Hq6m[/P@STGeS4I!{mx-_`%]s7g\Fo2ay,Blr!g&AVEJ8[GlWnlFF'|y.9C0?&
D/inject  ( 8016): len:273
D/inject  ( 8016): c_len:272
D/inject  ( 8016): bytes_write:272
D/inject  ( 8016): buffer:	ts such as the Cultural Revolution of the 1960s, where many aspects of traditional culture were destroyed, having been denounced as "regressive and harmful' or 'vestiges of feudalism'. Many important aspects of traditional Chinese morals and culture, such e$
D/inject  ( 8016): c_len:272
D/inject  ( 8016): ptr:9D<8NhiB"$i9;QIqTcU%zbhx)b2c>1S)h(]>HSctBY7Q:toZ8Q@f!1_P~>?ceLkeE*^PRX@Dk/zv:-%K
D/inject  ( 8016): len:220
D/inject  ( 8016): c_len:272
D/inject  ( 8016): bytes_write:272
D/inject  ( 8016): buffer:	as Confucianism, art, literature, and performing arts like Peking opera,[437] were altered to conform to government policies and propaganda at the time.
D/inject  ( 8016): Today, the Chinese government has accepted numerous elements of traditional Chinese culture as being ine$
D/inject  ( 8016): c_len:272
D/inject  ( 8016): ptr:=}SR7
D/inject  ( 8016): s<siERE fF'
D/inject  ( 8016): len:65
D/inject  ( 8016): c_len:272
D/inject  ( 8016): bytes_write:272
D/inject  ( 8016): buffer:	tegral to Chinese society. With the rise of Chinese nationalism and the end of the Cultural Revolution, various forms of traditional Chinese art, literature, music, film, fashion and architecture have seen a vigorous revival,[438][439] and folk and varietye$
D/inject  ( 8016): c_len:272
D/inject  ( 8016): ptr:otuiho9GDPs!LL@$`|AtkiF_[F3fD_Pc'j=B1f*35a*'5&7Z%vdi2IDBoq+F_(^/g$o&
D/inject  ( 8016): len:198
D/inject  ( 8016): c_len:272
D/inject  ( 8016): bytes_write:272
D/inject  ( 8016): buffer:	 art in particular have sparked interest nationally and even worldwide.[440] Only 34 foreign films a year are allowed to be shown in Chinese cinemas.[441] China is now the third-most-visited country in the world, with 55.7 million inbound international vise$
D/inject  ( 8016): c_len:272
D/inject  ( 8016): ptr:]~`y- [EOju{{+caw
D/inject  ( 8016): len:51
D/inject  ( 8016): c_len:272
D/inject  ( 8016): bytes_write:272
D/inject  ( 8016): buffer:	itors in 2010.[442] It also experiences an enormous volume of domestic tourism; an estimated 740 million Chinese holidaymakers travelled within the country in October 2012 alone.[443]
D/inject  ( 8016): c_len:272
D/inject  ( 8016): ptr:DCP!N4@CSB+ad2/mF}o
D/inject  ( 8016): len:46
D/inject  ( 8016): c_len:272
D/dalvikvm(  213): GC_EXPLICIT freed 140K, 50% free 2958K/5831K, external 1625K/2137K, paused 61ms
D/inject  ( 8016): bytes_write:272
D/inject  ( 8016): [+] The new close file return 0.
D/inject  ( 8016): [+]-----------open test txt file-----------
D/inject  ( 8016): [+] The New open path /mnt/sdcard/Android/data/com.mobisystems.office/files/.test.txt.1.tmp0/txt3txtorig.bin
D/inject  ( 8016): [+] The New open count 6
D/inject  ( 8016): [+] The old openfile fd 52
D/inject  ( 8016): [+]-----------open test txt file-----------
D/inject  ( 8016): [+] The New open path /mnt/sdcard/Android/data/com.mobisystems.office/files/.test.txt.1.tmp0/txt3txtedit.bin
D/inject  ( 8016): [+] The New open count 7
D/inject  ( 8016): [+] The old openfile fd 53
D/inject  ( 8016): [+]-----------open test txt file-----------
D/inject  ( 8016): [+] The New open path /mnt/sdcard/Android/data/com.mobisystems.office/files/.test.txt.1.tmp0/txt1txtorig.bin
D/inject  ( 8016): [+] The New open count 8
D/inject  ( 8016): [+] The old openfile fd 54
D/inject  ( 8016): [+]-----------open test txt file-----------
D/inject  ( 8016): [+] The New open path /mnt/sdcard/Android/data/com.mobisystems.office/files/.test.txt.1.tmp0/txt1txtedit.bin
D/inject  ( 8016): [+] The New open count 9
D/inject  ( 8016): [+] The old openfile fd 55
D/inject  ( 8016): [+]-----------open test txt file-----------
D/inject  ( 8016): [+] The New open path /mnt/sdcard/Android/data/com.mobisystems.office/files/.test.txt.1.tmp0/txt2txtorig.bin
D/inject  ( 8016): [+] The New open count 10
D/inject  ( 8016): [+] The old openfile fd 56
D/inject  ( 8016): [+]-----------open test txt file-----------
D/inject  ( 8016): [+] The New open path /mnt/sdcard/Android/data/com.mobisystems.office/files/.test.txt.1.tmp0/txt2txtedit.bin
D/inject  ( 8016): [+] The New open count 11
D/inject  ( 8016): [+] The old openfile fd 58
D/inject  ( 8016): [+]-----------open test txt file-----------
D/inject  ( 8016): [+] The New open path /mnt/sdcard/Android/data/com.mobisystems.office/files/.test.txt.1.tmp0/txt4txtorig.bin
D/inject  ( 8016): [+] The New open count 12
D/inject  ( 8016): [+] The old openfile fd 59
D/inject  ( 8016): [+]-----------open test txt file-----------
D/inject  ( 8016): [+] The New open path /mnt/sdcard/Android/data/com.mobisystems.office/files/.test.txt.1.tmp0/txt4txtedit.bin
D/inject  ( 8016): [+] The New open count 13
D/inject  ( 8016): [+] The old openfile fd 60
D/inject  ( 8016): [+]-----------open test txt file-----------
D/inject  ( 8016): [+] The New open path /mnt/sdcard/Android/data/com.mobisystems.office/files/.test.txt.1.tmp0/txt5txtorig.bin
D/inject  ( 8016): [+] The New open count 14
D/inject  ( 8016): [+] The old openfile fd 61
D/inject  ( 8016): [+]-----------open test txt file-----------
D/inject  ( 8016): [+] The New open path /mnt/sdcard/Android/data/com.mobisystems.office/files/.test.txt.1.tmp0/txt5txtedit.bin
D/inject  ( 8016): [+] The New open count 15
D/inject  ( 8016): [+] The old openfile fd 62
D/inject  ( 8016): [+]-----------open test txt file-----------
D/inject  ( 8016): [+] The New open path /mnt/sdcard/Android/data/com.mobisystems.office/files/.test.txt.1.tmp0/txt6txtorig.bin
D/inject  ( 8016): [+] The New open count 16
D/inject  ( 8016): [+] The old openfile fd 63
D/inject  ( 8016): [+]-----------open test txt file-----------
D/inject  ( 8016): [+] The New open path /mnt/sdcard/Android/data/com.mobisystems.office/files/.test.txt.1.tmp0/txt6txtedit.bin
D/inject  ( 8016): [+] The New open count 17
D/inject  ( 8016): [+] The old openfile fd 64
D/inject  ( 8016): [+]-----------open test txt file-----------
D/inject  ( 8016): [+] The New open path /mnt/sdcard/Android/data/com.mobisystems.office/files/.test.txt.1.tmp0/txt7txtorig.bin
D/inject  ( 8016): [+] The New open count 18
D/inject  ( 8016): [+] The old openfile fd 65
D/inject  ( 8016): [+]-----------open test txt file-----------
D/inject  ( 8016): [+] The New open path /mnt/sdcard/Android/data/com.mobisystems.office/files/.test.txt.1.tmp0/txt7txtedit.bin
D/inject  ( 8016): [+] The New open count 19
D/inject  ( 8016): [+] The old openfile fd 66
D/dalvikvm( 8016): GC_EXPLICIT freed 465K, 37% free 5490K/8583K, external 4563K/5109K, paused 68ms
D/inject  ( 8016): [+]-----------open test txt file-----------
D/inject  ( 8016): [+] The New open path /mnt/sdcard/Android/data/com.mobisystems.office/files/.test.txt.1.tmp0/log1.bin
D/inject  ( 8016): [+] The New open count 20
D/inject  ( 8016): [+] The old openfile fd 67
D/Thumbnails( 8016): Generating new bitmap.
D/Thumbnails( 8016): Bitmap generated.
D/inject  ( 8016): [+]-----------close test txt file-----------
D/inject  ( 8016): [+] The Name of fd /mnt/sdcard/Android/data/com.mobisystems.office/files/.test.txt.1.tmp0/log0.bin
D/inject  ( 8016): [+] The S of fd /proc/8016/fd/48
D/inject  ( 8016): [+] The old close file return 0.
D/DocumentRecoveryManager( 8016): openOrCreateDatabase dbVersion-1296 appVersion-1296
D/Thumbnails( 8016): Generating new bitmap.
I/dalvikvm( 8016): Jit: resizing JitTable from 1024 to 2048
D/Thumbnails( 8016): Bitmap generated.
D/[TCP_SERVER](  553): Session local:localhost/127.0.0.1:10201 remote:localhost/127.0.0.1:58070@Dispatching 167 bytes data to uplayer
D/[TCP_SERVER](  553): Session local:localhost/127.0.0.1:10201 remote:localhost/127.0.0.1:58071@Dispatching 99 bytes data to uplayer
D/[TCP_SERVER](  553): Session local:localhost/127.0.0.1:10201 remote:localhost/127.0.0.1:58072@Dispatching 105 bytes data to uplayer
D/dalvikvm( 1353): GC_EXPLICIT freed 60K, 53% free 3175K/6663K, external 1625K/2137K, paused 209ms
D/PageView( 8016): coordViewToModel x = 320 y = 540 pagesX = 1270 pagesY = 2143
D/PageView( 8016): findPageIdx result = 0 from 1
D/PageView( 8016): getCursor x = 320 y = 540 pagesX = 1270 pagesY = 2143
D/PageView( 8016): findPageIdx result = 0 from 1
D/[TCP_SERVER](  553): Session local:localhost/127.0.0.1:10201 remote:localhost/127.0.0.1:58073@Dispatching 105 bytes data to uplayer
D/PageView( 8016): coordViewToModel x = 320 y = 540 pagesX = 1270 pagesY = 2143
D/PageView( 8016): findPageIdx result = 0 from 1
D/PageView( 8016): getCursor x = 320 y = 540 pagesX = 1270 pagesY = 2143
D/PageView( 8016): findPageIdx result = 0 from 1
D/[TCP_SERVER](  553): Session local:localhost/127.0.0.1:10201 remote:localhost/127.0.0.1:58074@Dispatching 154 bytes data to uplayer
D/[TCP_SERVER](  553): Session local:localhost/127.0.0.1:10201 remote:localhost/127.0.0.1:58075@Dispatching 99 bytes data to uplayer
D/[TCP_SERVER](  553): Session local:localhost/127.0.0.1:10201 remote:localhost/127.0.0.1:58076@Dispatching 105 bytes data to uplayer
D/[TCP_SERVER](  553): Session local:localhost/127.0.0.1:10201 remote:localhost/127.0.0.1:58077@Dispatching 105 bytes data to uplayer
D/[TCP_SERVER](  553): Session local:localhost/127.0.0.1:10201 remote:localhost/127.0.0.1:58078@Dispatching 167 bytes data to uplayer
D/[TCP_SERVER](  553): Session local:localhost/127.0.0.1:10201 remote:localhost/127.0.0.1:58079@Dispatching 99 bytes data to uplayer
D/[TCP_SERVER](  553): Session local:localhost/127.0.0.1:10201 remote:localhost/127.0.0.1:58080@Dispatching 105 bytes data to uplayer
D/[TCP_SERVER](  553): Session local:localhost/127.0.0.1:10201 remote:localhost/127.0.0.1:58081@Dispatching 105 bytes data to uplayer
D/[TCP_SERVER](  553): Session local:localhost/127.0.0.1:10201 remote:localhost/127.0.0.1:58082@Dispatching 154 bytes data to uplayer
D/[TCP_SERVER](  553): Session local:localhost/127.0.0.1:10201 remote:localhost/127.0.0.1:58083@Dispatching 99 bytes data to uplayer
D/[TCP_SERVER](  553): Session local:localhost/127.0.0.1:10201 remote:localhost/127.0.0.1:58084@Dispatching 105 bytes data to uplayer
D/[TCP_SERVER](  553): Session local:localhost/127.0.0.1:10201 remote:localhost/127.0.0.1:58085@Dispatching 105 bytes data to uplayer
