V/AppWidgetServiceImpl(  429): only default provider:false  hostName: com.lewa.launcher
V/AppWidgetServiceImpl(  429): only default provider:false  hostName: com.lewa.launcher
V/AppWidgetServiceImpl(  429): only default provider:false  hostName: com.lewa.launcher
V/AppWidgetServiceImpl(  429): only default provider:false  hostName: com.lewa.launcher
V/AppWidgetServiceImpl(  429): only default provider:false  hostName: com.lewa.launcher
V/AppWidgetServiceImpl(  429): only default provider:false  hostName: com.lewa.launcher
V/AppWidgetServiceImpl(  429): only default provider:false  hostName: com.lewa.launcher
V/AppWidgetServiceImpl(  429): only default provider:false  hostName: com.lewa.launcher
V/AppWidgetServiceImpl(  429): only default provider:false  hostName: com.lewa.launcher
V/AppWidgetServiceImpl(  429): only default provider:false  hostName: com.lewa.launcher
V/AppWidgetServiceImpl(  429): only default provider:false  hostName: com.lewa.launcher
V/AppWidgetServiceImpl(  429): only default provider:false  hostName: com.lewa.launcher
V/AppWidgetServiceImpl(  429): only default provider:false  hostName: com.lewa.launcher
V/AppWidgetServiceImpl(  429): only default provider:false  hostName: com.lewa.launcher
V/AppWidgetServiceImpl(  429): only default provider:false  hostName: com.lewa.launcher
D/SignalClusterViewGemini(  513): apply, mMobileVisibleGemini=true mMobileActivityIdGemini=2130837864 mMobileTypeIdGemini=2130838104 mMobileStrengthIdGemini[0] = 2130838177 mMobileStrengthIdGemini[1] = 0
D/SignalClusterViewGemini(  513): isSimInserted(1), SimInserted=true
D/SignalClusterViewGemini(  513): mDataNetTypeGemini =Type_3G resId= 0 simColorId = 1
D/SignalClusterViewGemini(  513): apply, mMobileVisible=false, mWifiVisible=false, mIsAirplaneMode=false
D/NetworkControllerGemini(  513): changing data overlay icon id to 0
D/NetworkControllerGemini(  513): refreshViews(1), DataConnected=true
D/NetworkControllerGemini(  513): refreshViews(1), mMobileActivityIconId=0, mMobileActivityIconIdGemini=2130837864
D/NetworkControllerGemini(  513): refreshViews connected={ data } level=3 combinedSignalIconId=0x7f0202a1/com.android.systemui:drawable/zzz_stat_sys_signal_3_orange combinedActivityIconId=0x7f020168 mobileLabel=中国联通 wifiLabel= combinedLabel=中国联通 mAirplaneMode=false mDataActivity=3 mPhoneSignalIconId=0x7f0202a1 mPhoneSignalIconId2=0x0 mDataDirectionIconId=0x7f020258 mDataSignalIconId=0x7f0202a1 mDataTypeIconId=0x7f020258 mWifiIconId=0x0 mBluetoothTetherIconId=0x1080568
D/NetworkControllerGemini(  513): refreshViews(1), set parameters to signal cluster view.
D/NetworkControllerGemini(  513): refreshViews(1), tempPhoneSignalIconId.0 = 2130838177  tempPhoneSignalIconId.1 = 0  tempMobileActivityIconId= 2130837864  tempDataTypeIconId= 2130838104
D/SignalClusterViewGemini(  513): setMobileDataIndicators(1), visible=true, strengthIcon[0] ~ [1] 2130838177 ~ 0
D/SignalClusterViewGemini(  513): setDataConnected(1), dataConnected=true
D/SignalClusterViewGemini(  513): setDataNetType3G(1), dataNetType=Type_3G
D/SignalClusterViewGemini(  513): apply, mMobileVisibleGemini=true mMobileActivityIdGemini=2130837864 mMobileTypeIdGemini=2130838104 mMobileStrengthIdGemini[0] = 2130838177 mMobileStrengthIdGemini[1] = 0
I/System.out(  710): [socket][/10.2.155.203:60396] connected
I/System.out(  710): [CDS]rx timeout:60000
D/MobileDataStateTracker(  429): default: getNetworkInfo: updated IsAvailable=true
D/SignalClusterViewGemini(  513): isSimInserted(1), SimInserted=true
D/SignalClusterViewGemini(  513): mDataNetTypeGemini =Type_3G resId= 0 simColorId = 1
D/SignalClusterViewGemini(  513): apply, mMobileVisible=false, mWifiVisible=false, mIsAirplaneMode=false
D/NetworkControllerGemini(  513): changing data overlay icon id to 2130837864
D/MobileDataStateTracker(  429): default: getNetworkInfo: updated IsAvailable=true
D/ConnectivityService(  429): getActiveNetworkInfo:NetworkInfo: type: mobile[HSPA], state: CONNECTED/CONNECTED, reason: psRestrictEnabled, extra: uninet, roaming: false, failover: false, isAvailable: true, simId: 1/10039
D/Resources(  687): updateConfiguration from skin change, clear preloaded drawables.
D/TAG     (  687): updateConfiguration() mMtkColorCache.size = 0
D/Resources(  687): updateConfiguration from skin change, clear preloaded drawables.
D/TAG     (  687): updateConfiguration() mMtkColorCache.size = 0
D/Resources(  687): updateConfiguration from skin change, clear preloaded drawables.
D/TAG     (  687): updateConfiguration() mMtkColorCache.size = 0
D/IPCThreadState(  429): [DN #5] BR_CLEAR_DEATH_NOTIFICATION_DONE cookie 0x5662d068
D/Resources(  687): updateConfiguration from skin change, clear preloaded drawables.
D/TAG     (  687): updateConfiguration() mMtkColorCache.size = 0
D/Resources(  687): updateConfiguration from skin change, clear preloaded drawables.
D/TAG     (  687): updateConfiguration() mMtkColorCache.size = 0
D/NativeCrypto(  710): ssl=0x4f4eed80 sslRead buf=0x411a8c88 len=8192,timeo=0
D/NativeCrypto(  710): Doing SSL_Read() ssl=0x4f4eed80, appData=0x4f511f38
D/NativeCrypto(  710): Returned from SSL_Read() with result -1, error code 2 ssl=0x4f4eed80, appData=0x4f511f38
D/NativeCrypto(  710): sslSelect type=READ fd=83 appData=0x4f511f38 timeout_millis=0
D/Resources(  687): updateConfiguration from skin change, clear preloaded drawables.
D/TAG     (  687): updateConfiguration() mMtkColorCache.size = 0
D/IPCThreadState(  429): [DN #5] BR_CLEAR_DEATH_NOTIFICATION_DONE cookie 0x5662d068
D/dalvikvm( 2041): threadid=18: exiting
D/dalvikvm( 2041): threadid=18: bye!
I/System.out(  710): [CDS]rx timeout:60000
I/System.out(  710): [CDS]rx timeout:60000
D/NativeCrypto(  710): ssl=0x53b8dae0 NativeCrypto_SSL_do_handshake fd=0x4124b228 shc=0x4124c138 timeout_millis=60000 client_mode=1 npn=0x0
D/NativeCrypto(  710): doing handshake ++
D/NativeCrypto(  710): ssl=0x53b8dae0 info_callback where=0x10 ret=1
D/NativeCrypto(  710): ssl=0x53b8dae0 handshake start in UNKWN  before/connect initialization
D/NativeCrypto(  710): ssl=0x53b8dae0 info_callback ignored
D/NativeCrypto(  710): ssl=0x53b8dae0 info_callback where=0x1001 ret=1
D/NativeCrypto(  710): ssl=0x53b8dae0 SSL_connect:UNKWN  before/connect initialization
D/NativeCrypto(  710): ssl=0x53b8dae0 info_callback ignored
D/NativeCrypto(  710): ssl=0x53b8dae0 info_callback where=0x1001 ret=1
D/NativeCrypto(  710): ssl=0x53b8dae0 SSL_connect:23WCHA SSLv2/v3 write client hello A
D/NativeCrypto(  710): ssl=0x53b8dae0 info_callback ignored
D/NativeCrypto(  710): ssl=0x53b8dae0 info_callback where=0x1002 ret=-1
D/NativeCrypto(  710): ssl=0x53b8dae0 SSL_connect:error exit in 23RSHA SSLv2/v3 read server hello A
D/NativeCrypto(  710): ssl=0x53b8dae0 info_callback ignored
D/NativeCrypto(  710): doing handshake -- ret=-1
D/NativeCrypto(  710): ssl=0x53b8dae0 NativeCrypto_SSL_do_handshake ret=-1 errno=11 sslError=2 timeout_millis=60000
D/NativeCrypto(  710): sslSelect type=READ fd=84 appData=0x53907a38 timeout_millis=60000
V/ActivityManager(  429): Broadcast: Intent { act=phoenix.intent.action.ACTION_UPDATE_LIST_FRESH flg=0x10 } ordered=false userid=0
D/Resources( 1661): updateConfiguration from skin change, clear preloaded drawables.
D/TAG     ( 1661): updateConfiguration() mMtkColorCache.size = 0
V/ActivityManager(  429): Broadcast: Intent { act=phoenix.intent.action.ACTION_UPDATE_LIST_FRESH flg=0x10 } ordered=false userid=0
V/ActivityManager(  429): Broadcast: Intent { act=android.intent.action.GTALK_CONNECTED flg=0x10 (has extras) } ordered=false userid=0
D/IPCThreadState(  429): [DN #5] BR_CLEAR_DEATH_NOTIFICATION_DONE cookie 0x56696808
D/ConnectivityService(  429): reportNetworkCondition(0, 100)
D/ConnectivityService(  429): handleInetConditionChange: net=0, condition=100,mActiveDefaultNetwork=0
D/ConnectivityService(  429): handleInetConditionChange: starting a change hold
D/Settings/Provide(  429): lookupValue table secure cache contains Key inet_condition_debounce_up_delay value = null
D/Settings/Provide(  429): lookupValue table secure cache.fullyMatchesDisk() inet_condition_debounce_up_delay
V/Provider/Setting(  429): from db cache, name = inet_condition_debounce_up_delay value = null
D/NativeCrypto(  710): sslSelect READ fd=84 appData=0x53907a38 timeout_millis=60000 => 1
D/NativeCrypto(  710): doing handshake ++
D/NativeCrypto(  710): ssl=0x53b8dae0 info_callback where=0x1001 ret=1
D/NativeCrypto(  710): ssl=0x53b8dae0 SSL_connect:3RSH_A SSLv3 read server hello A
D/NativeCrypto(  710): ssl=0x53b8dae0 info_callback ignored
D/NativeCrypto(  710): ssl=0x53b8dae0 info_callback where=0x1002 ret=-1
D/NativeCrypto(  710): ssl=0x53b8dae0 SSL_connect:error exit in 3RSC_A SSLv3 read server certificate A
D/NativeCrypto(  710): ssl=0x53b8dae0 info_callback ignored
D/NativeCrypto(  710): ssl=0x53b8dae0 info_callback where=0x1002 ret=-1
D/NativeCrypto(  710): ssl=0x53b8dae0 SSL_connect:error exit in 3RSC_A SSLv3 read server certificate A
D/NativeCrypto(  710): ssl=0x53b8dae0 info_callback ignored
D/NativeCrypto(  710): doing handshake -- ret=-1
D/NativeCrypto(  710): ssl=0x53b8dae0 NativeCrypto_SSL_do_handshake ret=-1 errno=11 sslError=2 timeout_millis=60000
D/NativeCrypto(  710): sslSelect type=READ fd=84 appData=0x53907a38 timeout_millis=60000
D/NativeCrypto(  710): sslSelect READ fd=84 appData=0x53907a38 timeout_millis=60000 => 1
D/NativeCrypto(  710): doing handshake ++
E/NativeCrypto(  710): ssl=0x53b8dae0 cert_verify_callback x509_store_ctx=0x535e6ae8 arg=0x0
E/NativeCrypto(  710): ssl=0x53b8dae0 cert_verify_callback calling verifyCertificateChain authMethod=ECDHE_RSA
D/NativeCrypto(  710): NativeCrypto_EVP_VerifyInit ctx=0x53daa720
D/NativeCrypto(  710): NativeCrypto_EVP_VerifyInit algorithmChars=RSA-SHA1
D/NativeCrypto(  710): ssl=0x53b8dae0 cert_verify_callback => 1
D/NativeCrypto(  710): ssl=0x53b8dae0 info_callback where=0x1001 ret=1
D/NativeCrypto(  710): ssl=0x53b8dae0 SSL_connect:3RSC_A SSLv3 read server certificate A
D/NativeCrypto(  710): ssl=0x53b8dae0 info_callback ignored
D/NativeCrypto(  710): ssl=0x53b8dae0 info_callback where=0x1001 ret=1
D/NativeCrypto(  710): ssl=0x53b8dae0 SSL_connect:3RSKEA SSLv3 read server key exchange A
D/NativeCrypto(  710): ssl=0x53b8dae0 info_callback ignored
D/NativeCrypto(  710): ssl=0x53b8dae0 info_callback where=0x1001 ret=1
D/NativeCrypto(  710): ssl=0x53b8dae0 SSL_connect:3RSD_A SSLv3 read server done A
D/NativeCrypto(  710): ssl=0x53b8dae0 info_callback ignored
D/NativeCrypto(  710): ssl=0x53b8dae0 info_callback where=0x1001 ret=1
D/NativeCrypto(  710): ssl=0x53b8dae0 SSL_connect:3WCKEA SSLv3 write client key exchange A
D/NativeCrypto(  710): ssl=0x53b8dae0 info_callback ignored
D/NativeCrypto(  710): ssl=0x53b8dae0 info_callback where=0x1001 ret=1
D/NativeCrypto(  710): ssl=0x53b8dae0 SSL_connect:3WCCSA SSLv3 write change cipher spec A
D/NativeCrypto(  710): ssl=0x53b8dae0 info_callback ignored
D/NativeCrypto(  710): ssl=0x53b8dae0 info_callback where=0x1001 ret=1
D/NativeCrypto(  710): ssl=0x53b8dae0 SSL_connect:3WFINA SSLv3 write finished A
D/NativeCrypto(  710): ssl=0x53b8dae0 info_callback ignored
D/NativeCrypto(  710): ssl=0x53b8dae0 info_callback where=0x1001 ret=1
D/NativeCrypto(  710): ssl=0x53b8dae0 SSL_connect:3FLUSH SSLv3 flush data
D/NativeCrypto(  710): ssl=0x53b8dae0 info_callback ignored
D/NativeCrypto(  710): ssl=0x53b8dae0 info_callback where=0x1002 ret=-1
D/NativeCrypto(  710): ssl=0x53b8dae0 SSL_connect:error exit in 3RFINA SSLv3 read finished A
D/NativeCrypto(  710): ssl=0x53b8dae0 info_callback ignored
D/NativeCrypto(  710): doing handshake -- ret=-1
D/NativeCrypto(  710): ssl=0x53b8dae0 NativeCrypto_SSL_do_handshake ret=-1 errno=11 sslError=2 timeout_millis=60000
D/NativeCrypto(  710): sslSelect type=READ fd=84 appData=0x53907a38 timeout_millis=60000
D/NativeCrypto(  710): sslSelect READ fd=84 appData=0x53907a38 timeout_millis=60000 => 1
D/NativeCrypto(  710): doing handshake ++
D/NativeCrypto(  710): ssl=0x53b8dae0 info_callback where=0x1001 ret=1
D/NativeCrypto(  710): ssl=0x53b8dae0 SSL_connect:3RFINA SSLv3 read finished A
D/NativeCrypto(  710): ssl=0x53b8dae0 info_callback ignored
D/NativeCrypto(  710): ssl=0x53b8dae0 info_callback where=0x20 ret=1
D/NativeCrypto(  710): ssl=0x53b8dae0 handshake done in SSLOK  SSL negotiation finished successfully
D/NativeCrypto(  710): ssl=0x53b8dae0 info_callback calling handshakeCompleted
D/NativeCrypto(  710): ssl=0x53b8dae0 info_callback completed
D/NativeCrypto(  710): ssl=0x53b8dae0 info_callback where=0x1002 ret=1
D/NativeCrypto(  710): ssl=0x53b8dae0 SSL_connect:ok exit in SSLOK  SSL negotiation finished successfully
D/NativeCrypto(  710): ssl=0x53b8dae0 info_callback ignored
D/NativeCrypto(  710): doing handshake -- ret=1
D/NativeCrypto(  710): ssl=0x53b8dae0 NativeCrypto_SSL_get_certificate => NULL
I/System.out(  710): [CDS]rx timeout:60000
I/System.out(  710): [CDS]rx timeout:60000
I/System.out(  710): >doSendRequest
D/NativeCrypto(  710): ssl=0x53b8dae0 sslWrite buf=0x4128ba30 len=250
D/NativeCrypto(  710): Doing SSL_write() with 250 bytes to go ssl=0x53b8dae0, appData=0x53907a38
D/NativeCrypto(  710): Returned from SSL_write() with result 250, error code 0 ssl=0x53b8dae0, appData=0x53907a38
D/NativeCrypto(  710): ssl=0x53b8dae0 sslWrite buf=0x4117f520 len=1848
D/NativeCrypto(  710): Doing SSL_write() with 1848 bytes to go ssl=0x53b8dae0, appData=0x53907a38
D/NativeCrypto(  710): Returned from SSL_write() with result 1848, error code 0 ssl=0x53b8dae0, appData=0x53907a38
I/System.out(  710): <doSendRequest
D/NativeCrypto(  710): ssl=0x53b8dae0 sslRead buf=0x41287988 len=8192,timeo=60000
D/NativeCrypto(  710): Doing SSL_Read() ssl=0x53b8dae0, appData=0x53907a38
D/NativeCrypto(  710): Returned from SSL_Read() with result -1, error code 2 ssl=0x53b8dae0, appData=0x53907a38
D/NativeCrypto(  710): sslSelect type=READ fd=84 appData=0x53907a38 timeout_millis=60000
D/ConnectivityService(  429): handleInetConditionHoldEnd: net=0, condition=100, published condition=0
D/MobileDataStateTracker(  429): default: getNetworkInfo: updated IsAvailable=true
D/MobileDataStateTracker(  429): default: getNetworkInfo: updated IsAvailable=true
D/ConnectivityService(  429): sendStickyBroadcast: action=android.net.conn.INET_CONDITION_ACTION
V/ActivityManager(  429): Broadcast sticky: Intent { act=android.net.conn.INET_CONDITION_ACTION flg=0x8000010 (has extras) } ordered=false userid=0
D/NetworkControllerGemini(  513): onReceive, intent action is android.net.conn.INET_CONDITION_ACTION
D/MobileDataStateTracker(  429): default: getNetworkInfo: updated IsAvailable=true
D/MobileDataStateTracker(  429): default: getNetworkInfo: updated IsAvailable=true
D/ConnectivityService(  429): getActiveNetworkInfo:NetworkInfo: type: mobile[HSPA], state: CONNECTED/CONNECTED, reason: psRestrictEnabled, extra: uninet, roaming: false, failover: false, isAvailable: true, simId: 1/1000
D/NetworkControllerGemini(  513): updateConnectivity, mInetCondition=1
D/NetworkControllerGemini(  513): updateDataNetType(1), DataNetType=10.
D/NetworkControllerGemini(  513): updateDataNetType(1), simColorId=1
D/NetworkControllerGemini(  513): updateDataNetType(1), DataNetType3G=Type_3G tempDataTypeIconId= 2130838104.
D/NetworkControllerGemini(  513): updateDataIcon(1), SimState=UNKNOWN, DataState=2, DataActivity=3, tempNetType3G=Type_3G
D/PhoneInterfaceManager(  636): [PhoneIntfMgr] getCallStateGemini simId: 0
D/PhoneInterfaceManager(  636): [PhoneIntfMgr] getCallStateGemini simId: 1
D/NetworkControllerGemini(  513): updateDataIcon(1), callState1 is 0, callState2 is 0.
V/Provider/Setting(  513): from settings cache , name = airplane_mode_on value = 0
D/NetworkControllerGemini(  513): updateDataIcon(1), simColorId=1
D/NetworkControllerGemini(  513): updateDataIcon(1), iconId=2130838104, visible=true
D/NetworkControllerGemini(  513): isSimInserted(1), SimInserted=true
D/NetworkControllerGemini(  513): updateTelephonySignalStrength(1), regState=1
D/NetworkControllerGemini(  513): updateTelephonySignalStrength(1), hasService=true
D/NetworkControllerGemini(  513): updateTelephonySignalStrength(1), isRoaming=false, mInetCondition=1
D/NetworkControllerGemini(  513): updateTelephonySignalStrength(1), simColorId=1
D/NetworkControllerGemini(  513): updateTelephonySignalStrength(1), tempDataNetType = Type_3G , simColorId=1  tempPhoneSignalIconId[0] = 2130838177  tempPhoneSignalIconId[1] = 0
D/NetworkControllerGemini(  513):  updateTelephonySignalStrength(1) tempSIMCUSignVisible= true
D/NetworkControllerGemini(  513): updateTelephonySignalStrength(1) mSIMCUSignVisible= true
D/NetworkControllerGemini(  513): isSimInserted(0), SimInserted=false
D/NetworkControllerGemini(  513): isSimInserted(1), SimInserted=true
D/NetworkControllerGemini(  513): updateOperatorInfo, sim1Inserted is false, sim2Inserted is true.
D/NetworkControllerGemini(  513): refreshViews(0), DataConnected=false
D/NetworkControllerGemini(  513): refreshViews(0), dataTypeIconId=0
D/NetworkControllerGemini(  513): refreshViews connected={ } level=?? combinedSignalIconId=0x0/(null) combinedActivityIconId=0x0 mobileLabel= wifiLabel= combinedLabel=未连接互联网 mAirplaneMode=false mDataActivity=0 mPhoneSignalIconId=0x7f02027e mPhoneSignalIconId2=0x0 mDataDirectionIconId=0x7f020151 mDataSignalIconId=0x0 mDataTypeIconId=0x0 mWifiIconId=0x0 mBluetoothTetherIconId=0x1080568
D/NetworkControllerGemini(  513): refreshViews(0), set parameters to signal cluster view.
D/NetworkControllerGemini(  513): refreshViews(0), tempPhoneSignalIconId.0 = 2130838142  tempPhoneSignalIconId.1 = 0  tempMobileActivityIconId= 0  tempDataTypeIconId= 0
D/SignalClusterViewGemini(  513): setMobileDataIndicators(0), visible=false, strengthIcon[0] ~ [1] 2130838142 ~ 0
D/SignalClusterViewGemini(  513): setDataConnected(0), dataConnected=false
D/SignalClusterViewGemini(  513): setDataNetType3G(0), dataNetType=Type_G
D/SignalClusterViewGemini(  513): apply, mMobileVisibleGemini=true mMobileActivityIdGemini=2130837864 mMobileTypeIdGemini=2130838104 mMobileStrengthIdGemini[0] = 2130838177 mMobileStrengthIdGemini[1] = 0
D/SignalClusterViewGemini(  513): isSimInserted(1), SimInserted=true
D/SignalClusterViewGemini(  513): mDataNetTypeGemini =Type_3G resId= 0 simColorId = 1
D/SignalClusterViewGemini(  513): apply, mMobileVisible=false, mWifiVisible=false, mIsAirplaneMode=false
D/NetworkControllerGemini(  513): changing data overlay icon id to 0
D/NetworkControllerGemini(  513): refreshViews(1), DataConnected=true
D/NetworkControllerGemini(  513): refreshViews(1), mMobileActivityIconId=0, mMobileActivityIconIdGemini=2130837864
D/NetworkControllerGemini(  513): refreshViews connected={ data } level=3 combinedSignalIconId=0x7f0202a1/com.android.systemui:drawable/zzz_stat_sys_signal_3_orange combinedActivityIconId=0x7f020168 mobileLabel=中国联通 wifiLabel= combinedLabel=中国联通 mAirplaneMode=false mDataActivity=3 mPhoneSignalIconId=0x7f0202a1 mPhoneSignalIconId2=0x0 mDataDirectionIconId=0x7f020258 mDataSignalIconId=0x7f0202a1 mDataTypeIconId=0x7f020258 mWifiIconId=0x0 mBluetoothTetherIconId=0x1080568
D/NetworkControllerGemini(  513): refreshViews(1), set parameters to signal cluster view.
D/NetworkControllerGemini(  513): refreshViews(1), tempPhoneSignalIconId.0 = 2130838177  tempPhoneSignalIconId.1 = 0  tempMobileActivityIconId= 2130837864  tempDataTypeIconId= 2130838104
D/SignalClusterViewGemini(  513): setMobileDataIndicators(1), visible=true, strengthIcon[0] ~ [1] 2130838177 ~ 0
D/SignalClusterViewGemini(  513): setDataConnected(1), dataConnected=true
D/SignalClusterViewGemini(  513): setDataNetType3G(1), dataNetType=Type_3G
D/SignalClusterViewGemini(  513): apply, mMobileVisibleGemini=true mMobileActivityIdGemini=2130837864 mMobileTypeIdGemini=2130838104 mMobileStrengthIdGemini[0] = 2130838177 mMobileStrengthIdGemini[1] = 0
D/SignalClusterViewGemini(  513): isSimInserted(1), SimInserted=true
D/SignalClusterViewGemini(  513): mDataNetTypeGemini =Type_3G resId= 0 simColorId = 1
D/SignalClusterViewGemini(  513): apply, mMobileVisible=false, mWifiVisible=false, mIsAirplaneMode=false
D/NetworkControllerGemini(  513): changing data overlay icon id to 2130837864
D/NativeCrypto(  710): sslSelect READ fd=84 appData=0x53907a38 timeout_millis=60000 => 1
D/NativeCrypto(  710): Doing SSL_Read() ssl=0x53b8dae0, appData=0x53907a38
D/NativeCrypto(  710): Returned from SSL_Read() with result 387, error code 0 ssl=0x53b8dae0, appData=0x53907a38
V/Provider/Setting(  429): from settings cache , name = sys_free_storage_log_interval value = null
V/Provider/Setting(  429): from settings cache , name = disk_free_change_reporting_threshold value = null
D/IPCThreadState(  429): [DN #5] BR_CLEAR_DEATH_NOTIFICATION_DONE cookie 0x5668adf8
D/TelephonyManager(  710): getDefaultSim is sim2
D/TelephonyManager(  710): getDefaultSim is sim2
D/TelephonyManager(  710): getDefaultSim is sim2
D/MobileDataStateTracker(  429): default: getNetworkInfo: updated IsAvailable=true
D/MobileDataStateTracker(  429): default: getNetworkInfo: updated IsAvailable=true
D/TelephonyManager(  710): getDefaultSim is sim2
D/IPCThreadState(  429): [DN #5] BR_CLEAR_DEATH_NOTIFICATION_DONE cookie 0x4f4f7ac8
D/dalvikvm(  429): open_cached_dex_file : /system/app/GoogleLoginService.apk /data/dalvik-cache/system@app@GoogleLoginService.apk@classes.dex
D/ActivityThread( 2135): SVC-Creating service: CreateServiceData{token=android.os.BinderProxy@410ee3a8 className=com.google.android.gsf.loginservice.GoogleLoginService packageName=com.google.android.gsf.login intent=null}
D/ActivityThread( 2135): SVC-CREATE_SERVICE handled : 0 / CreateServiceData{token=android.os.BinderProxy@410ee3a8 className=com.google.android.gsf.loginservice.GoogleLoginService packageName=com.google.android.gsf.login intent=null}
D/ActivityManager(  429): SVC-Executing service done: ServiceRecord{4208f2a8 com.google.android.gsf.login/com.google.android.gsf.loginservice.GoogleLoginService}, type=0, startId=0, res=0
D/ActivityManager(  429): SVC-Binding service: ServiceRecord{4208f2a8 com.google.android.gsf.login/com.google.android.gsf.loginservice.GoogleLoginService}, app=ProcessRecord{41860430 2135:com.google.android.gsf.login/u0a8}, activity=null
D/ActivityThread( 2135): SVC-BIND_SERVICE handled : 0 / BindServiceData{token=android.os.BinderProxy@410ee3a8 intent=Intent { act=android.accounts.AccountAuthenticator cmp=com.google.android.gsf.login/com.google.android.gsf.loginservice.GoogleLoginService }}
D/ActivityManager(  429): SVC-Unbinding service: ServiceRecord{4208f2a8 com.google.android.gsf.login/com.google.android.gsf.loginservice.GoogleLoginService}, app=ProcessRecord{41860430 2135:com.google.android.gsf.login/u0a8}
D/IPCThreadState(  429): [DN #5] BR_CLEAR_DEATH_NOTIFICATION_DONE cookie 0x50c400b0
D/IPCThreadState(  429): [DN #5] BR_CLEAR_DEATH_NOTIFICATION_DONE cookie 0x59658128
D/ActivityThread( 2135): SVC-UNBIND_SERVICE handled : 0 / BindServiceData{token=android.os.BinderProxy@410ee3a8 intent=Intent { act=android.accounts.AccountAuthenticator cmp=com.google.android.gsf.login/com.google.android.gsf.loginservice.GoogleLoginService }}
D/ActivityThread( 2135): SVC-Destroying service: com.google.android.gsf.loginservice.GoogleLoginService@41104938
D/ActivityThread( 2135): SVC-STOP_SERVICE handled : 0 / android.os.BinderProxy@410ee3a8
D/ActivityManager(  429): SVC-Executing service done: ServiceRecord{4208f2a8 com.google.android.gsf.login/com.google.android.gsf.loginservice.GoogleLoginService}, type=0, startId=0, res=0
D/ActivityManager(  429): SVC-Executing service done: ServiceRecord{4208f2a8 com.google.android.gsf.login/com.google.android.gsf.loginservice.GoogleLoginService}, type=0, startId=0, res=0
D/dalvikvm(  710): GC_CONCURRENT freed 958K, 30% free 3286K/4663K, paused 12ms+3ms, total 36ms
I/CheckinTask(  710): Checkin success: https://android.clients.google.com/checkin (1 requests sent)
D/dalvikvm(  710): threadid=29: exiting
D/dalvikvm(  710): threadid=29: bye!
D/NativeCrypto(  710): ssl=0x53b8dae0 NativeCrypto_SSL_interrupt
D/NativeCrypto(  710):  sslNotify, appData=0x53907a38 ret=1
D/NativeCrypto(  710):  sslNotify, appData=0x53907a38 ret=1
D/NativeCrypto(  710): ssl=0x53b8dae0 info_callback where=0x4008 ret=256
D/NativeCrypto(  710): ssl=0x53b8dae0 SSL3 alert write:W:CN warning close notify
D/NativeCrypto(  710): ssl=0x53b8dae0 info_callback ignored
I/System.out(  710): [CDS]close[60396]
I/System.out(  710): close [socket][/0.0.0.0:60396]
D/MobileDataStateTracker(  429): default: getNetworkInfo: updated IsAvailable=true
D/MobileDataStateTracker(  429): default: getNetworkInfo: updated IsAvailable=true
D/ConnectivityService(  429): getActiveNetworkInfo:NetworkInfo: type: mobile[HSPA], state: CONNECTED/CONNECTED, reason: psRestrictEnabled, extra: uninet, roaming: false, failover: false, isAvailable: true, simId: 1/10008
D/IPCThreadState(  818): [DN #5] BR_CLEAR_DEATH_NOTIFICATION_DONE cookie 0x4fe6b418
D/TelephonyManager(  710): getDefaultSim is sim2
D/IPCThreadState(  818): [DN #5] BR_CLEAR_DEATH_NOTIFICATION_DONE cookie 0x51527a28
D/IPCThreadState(  818): [DN #5] BR_CLEAR_DEATH_NOTIFICATION_DONE cookie 0x514fe5c8
D/TelephonyManager(  710): getDefaultSim is sim2
D/IPCThreadState(  818): [DN #5] BR_CLEAR_DEATH_NOTIFICATION_DONE cookie 0x51528008
V/ActivityManager(  429): Broadcast: Intent { act=com.google.android.checkin.CHECKIN_COMPLETE flg=0x10 } ordered=false userid=0
D/dalvikvm(  429): open_cached_dex_file : /system/app/GoogleServicesFramework.apk /data/dalvik-cache/system@app@GoogleServicesFramework.apk@classes.dex
D/BroadcastQueue(  429): BDC-Delivered broadcast: Intent { act=com.google.android.checkin.CHECKIN_COMPLETE flg=0x10 cmp=com.google.android.gsf/.settings.GoogleLocationSettings$CheckinListener }, ordered=true, app=ProcessRecord{41f47c48 710:com.google.process.gapps/u0a8}, receiver=android.os.BinderProxy@41f6f958
D/ActivityThread(  710): BDC-Calling onReceive: intent=Intent { act=com.google.android.checkin.CHECKIN_COMPLETE flg=0x10 cmp=com.google.android.gsf/.settings.GoogleLocationSettings$CheckinListener }, ordered=true, receiver=com.google.android.gsf.settings.GoogleLocationSettings$CheckinListener@41233870
D/IPCThreadState(  429): [DN #5] BR_CLEAR_DEATH_NOTIFICATION_DONE cookie 0x4f507368
V/Provider/Setting(  710): from settings cache , name = locationPackagePrefixBlacklist value = com.google.,com.semaphoremobile.zagat.android
V/Provider/Setting(  710): from settings cache , name = locationPackagePrefixWhitelist value = null
V/Provider/Setting(  710): from settings cache , name = masterLocationPackagePrefixBlacklist value = com.google.,com.semaphoremobile.zagat.android
V/Provider/Setting(  710): from settings cache , name = masterLocationPackagePrefixWhitelist value = 
D/ActivityManager(  429): BDC-Finishing receiver: android.os.BinderProxy@41f6f958
D/ActivityThread(  710): BDC-RECEIVER handled : 0 / ReceiverData{intent=Intent { act=com.google.android.checkin.CHECKIN_COMPLETE flg=0x10 cmp=com.google.android.gsf/.settings.GoogleLocationSettings$CheckinListener } packageName=com.google.android.gsf resultCode=-1 resultData=null resultExtras=null}
D/ActivityThread(  710): SVC-Destroying service: com.google.android.gsf.checkin.CheckinService@4113c410
D/IPCThreadState(  429): [DN #5] BR_CLEAR_DEATH_NOTIFICATION_DONE cookie 0x57900490
D/ActivityManager(  429): SVC-Executing service done: ServiceRecord{4203ccb0 com.google.android.gsf/.checkin.CheckinService}, type=0, startId=0, res=0
D/ActivityThread(  710): SVC-STOP_SERVICE handled : 0 / android.os.BinderProxy@410fc8a0
V/AlarmManager(  429): Native set alarm :Alarm{41f8a568 type 0 com.gexin.rom}
I/AlarmManager(  429): reset poweroff alarm none
V/ActivityManager(  429): Broadcast: Intent { act=AlarmTaskSchedule flg=0x14 (has extras) } ordered=true userid=0
D/ActivityThread( 1557): BDC-Calling onReceive: intent=Intent { act=AlarmTaskSchedule flg=0x14 (has extras) }, ordered=true, receiver=dx@410ef738, IIntentReceiver=410f3978
D/BroadcastQueue(  429): BDC-Delivered broadcast: Intent { act=AlarmTaskSchedule flg=0x14 (has extras) }, ordered=true, filter=BroadcastFilter{41833458 ReceiverList{418333d8 1557 com.gexin.rom2/10021 remote:42067828}}, receiver=android.os.BinderProxy@42067828
D/ActivityThread( 1557): BDC-Calling finishReceiver: IIntentReceiver=410f3978
I/System.out( 1557): GexinBasicDataManager.session = 1986349752196841457
I/System.out( 1557): registerSession = 0
D/ActivityManager(  429): BDC-Finishing receiver: android.os.BinderProxy@42067828
D/MobileDataStateTracker(  429): default: getNetworkInfo: updated IsAvailable=true
D/MobileDataStateTracker(  429): default: getNetworkInfo: updated IsAvailable=true
D/MobileDataStateTracker(  429): mms: getNetworkInfo: updated IsAvailable=true
D/MobileDataStateTracker(  429): mms: getNetworkInfo: updated IsAvailable=true
D/MobileDataStateTracker(  429): supl: getNetworkInfo: updated IsAvailable=true
D/MobileDataStateTracker(  429): supl: getNetworkInfo: updated IsAvailable=true
D/MobileDataStateTracker(  429): dun: getNetworkInfo: updated IsAvailable=true
D/MobileDataStateTracker(  429): dun: getNetworkInfo: updated IsAvailable=true
D/MobileDataStateTracker(  429): hipri: getNetworkInfo: updated IsAvailable=true
D/MobileDataStateTracker(  429): hipri: getNetworkInfo: updated IsAvailable=true
D/MobileDataStateTracker(  429): fota: getNetworkInfo: updated IsAvailable=true
D/MobileDataStateTracker(  429): fota: getNetworkInfo: updated IsAvailable=true
D/MobileDataStateTracker(  429): ims: getNetworkInfo: updated IsAvailable=true
D/MobileDataStateTracker(  429): ims: getNetworkInfo: updated IsAvailable=true
D/MobileDataStateTracker(  429): cbs: getNetworkInfo: updated IsAvailable=true
D/MobileDataStateTracker(  429): cbs: getNetworkInfo: updated IsAvailable=true
D/MobileDataStateTracker(  429): dm: getNetworkInfo: updated IsAvailable=true
D/MobileDataStateTracker(  429): dm: getNetworkInfo: updated IsAvailable=true
D/MobileDataStateTracker(  429): wap: getNetworkInfo: updated IsAvailable=true
D/MobileDataStateTracker(  429): wap: getNetworkInfo: updated IsAvailable=true
D/MobileDataStateTracker(  429): net: getNetworkInfo: updated IsAvailable=true
D/MobileDataStateTracker(  429): net: getNetworkInfo: updated IsAvailable=true
D/MobileDataStateTracker(  429): cmmail: getNetworkInfo: updated IsAvailable=true
D/MobileDataStateTracker(  429): cmmail: getNetworkInfo: updated IsAvailable=true
D/MobileDataStateTracker(  429): default: getNetworkInfo: updated IsAvailable=true
D/MobileDataStateTracker(  429): default: getNetworkInfo: updated IsAvailable=true
D/ConnectivityService(  429): getActiveNetworkInfo:NetworkInfo: type: mobile[HSPA], state: CONNECTED/CONNECTED, reason: psRestrictEnabled, extra: uninet, roaming: false, failover: false, isAvailable: true, simId: 1/10021
D/dalvikvm( 1557): create interp thread : stack size=32KB
D/dalvikvm( 1557): create new thread
D/dalvikvm( 1557): new thread created
D/dalvikvm( 1557): update thread list
D/dalvikvm( 1557): threadid=14: interp stack at 0x5223f000
D/dalvikvm( 1557): threadid=14: created from interp
D/dalvikvm( 1557): start new thread
V/AlarmManager(  429): Native set alarm :Alarm{41543de0 type 0 com.gexin.rom2}
D/IPCThreadState(  429): [DN #5] BR_CLEAR_DEATH_NOTIFICATION_DONE cookie 0x57e7f070
D/dalvikvm( 1557): threadid=14: notify debugger
D/dalvikvm( 1557): threadid=14 (TaskService-pool-3): calling run()
I/System.out( 1557): propertyValue:false
I/System.out( 1557): [CDS]connect[talk.igexin.com/121.52.230.54:5224]
D/Posix   ( 1557): [Posix_connect Debug]Process com.gexin.rom2 :5224 
I/System.out( 1557): rom2 defaultNotifyAction message.getSerialNum() = 5
V/ActivityManager(  429): Broadcast: Intent { act=lewa.gexin.action.updateui2 flg=0x10 (has extras) } ordered=false userid=0
D/dalvikvm(  429): open_cached_dex_file : /system/app/PIM.apk /data/dalvik-cache/system@app@PIM.apk@classes.dex
D/ActivityThread(  595): BDC-Calling onReceive: intent=Intent { act=lewa.gexin.action.updateui2 flg=0x10 cmp=com.lewa.PIM/.IM.receiver.GeXinIMReceiver (has extras) }, ordered=true, receiver=com.lewa.PIM.IM.receiver.GeXinIMReceiver@41311930
D/BroadcastQueue(  429): BDC-Delivered broadcast: Intent { act=lewa.gexin.action.updateui2 flg=0x10 cmp=com.lewa.PIM/.IM.receiver.GeXinIMReceiver (has extras) }, ordered=true, app=ProcessRecord{4161f500 595:android.process.acore/u0a3}, receiver=android.os.BinderProxy@417f1db8
D/dalvikvm(  429): open_cached_dex_file : /system/app/PIM.apk /data/dalvik-cache/system@app@PIM.apk@classes.dex
I/System.out( 1557): [CDS]EAGAIN or EWOULDBLOCK in Recvfrom
D/ActivityManager(  429): SVC-Sent arguments: ServiceRecord{42084d90 com.lewa.PIM/.IM.service.GeXinIMService}, app=ProcessRecord{4161f500 595:android.process.acore/u0a3}, args=Intent { act=lewa.gexin.action.updateui2 flg=0x10 cmp=com.lewa.PIM/.IM.service.GeXinIMService (has extras) }, flags=0
D/ActivityThread(  595): BDC-RECEIVER handled : 0 / ReceiverData{intent=Intent { act=lewa.gexin.action.updateui2 flg=0x10 cmp=com.lewa.PIM/.IM.service.GeXinIMService (has extras) } packageName=com.lewa.PIM resultCode=-1 resultData=null resultExtras=null}
D/ActivityThread(  595): SVC-Creating service: CreateServiceData{token=android.os.BinderProxy@4149bd10 className=com.lewa.PIM.IM.service.GeXinIMService packageName=com.lewa.PIM intent=null}
D/dalvikvm(  595): create interp thread : stack size=32KB
D/dalvikvm(  595): create new thread
D/dalvikvm(  595): new thread created
D/dalvikvm(  595): update thread list
D/ActivityManager(  429): BDC-Finishing receiver: android.os.BinderProxy@417f1db8
D/dalvikvm(  595): threadid=27: interp stack at 0x53ef4000
D/dalvikvm(  595): threadid=27: created from interp
D/dalvikvm(  595): start new thread
D/dalvikvm(  595): threadid=27: notify debugger
D/dalvikvm(  595): threadid=27 (IMService): calling run()
D/ActivityThread(  595): SVC-CREATE_SERVICE handled : 0 / CreateServiceData{token=android.os.BinderProxy@4149bd10 className=com.lewa.PIM.IM.service.GeXinIMService packageName=com.lewa.PIM intent=null}
D/ActivityThread(  595): SVC-Calling onStartCommand: com.lewa.PIM.IM.service.GeXinIMService@41329320, flags=0, startId=1
D/ActivityThread(  595): SVC-SERVICE_ARGS handled : 0 / ServiceArgsData{token=android.os.BinderProxy@4149bd10 startId=1 args=Intent { act=lewa.gexin.action.updateui2 flg=0x10 cmp=com.lewa.PIM/.IM.service.GeXinIMService (has extras) }}
D/ActivityManager(  429): SVC-Executing service done: ServiceRecord{42084d90 com.lewa.PIM/.IM.service.GeXinIMService}, type=0, startId=0, res=0
D/ActivityManager(  429): SVC-Executing service done: ServiceRecord{42084d90 com.lewa.PIM/.IM.service.GeXinIMService}, type=1, startId=1, res=2
I/System.out( 1557): save config in db session = 1986349752196841457
D/IMService(  595): Receiver GEXIN MSG = ReConnectSuccess slot = 2
D/ActivityThread(  595): SVC-Destroying service: com.lewa.PIM.IM.service.GeXinIMService@41329320
V/IMService(  595): onDestroy
D/ActivityThread(  595): SVC-STOP_SERVICE handled : 0 / android.os.BinderProxy@4149bd10
D/ActivityManager(  429): SVC-Executing service done: ServiceRecord{42084d90 com.lewa.PIM/.IM.service.GeXinIMService}, type=0, startId=0, res=0
D/IPCThreadState(  429): [DN #5] BR_CLEAR_DEATH_NOTIFICATION_DONE cookie 0x4f4828d0
D/dalvikvm(  595): threadid=27: exiting
D/dalvikvm(  595): threadid=27: bye!
I/System.out( 1557): propertyValue:false
I/System.out( 1557): [socket][0] connection /121.52.230.53:80;LocalPort=49765(180000)
I/System.out( 1557): [CDS]connect[/121.52.230.53:80] tm:180
D/Posix   ( 1557): [Posix_connect Debug]Process com.gexin.rom2 :80 
I/System.out( 2041): [CDS]close[34672]
D/dalvikvm( 2041): threadid=13: exiting
D/dalvikvm( 2041): threadid=13: bye!
I/System.out( 2041): [socket][/10.2.155.203:59917] connected
I/System.out( 2041): [CDS]rx timeout:15000
I/System.out( 2041): >doSendRequest
I/System.out( 2041): <doSendRequest
I/System.out( 1557): [socket][/10.2.155.203:49765] connected
I/System.out( 1557): [CDS]rx timeout:180000
I/System.out( 1557): >doSendRequest
I/System.out( 1557): <doSendRequest
D/dalvikvm( 2041): threadid=17: exiting
D/dalvikvm( 2041): threadid=17: bye!
I/System.out( 1557): [CDS]close[49765]
I/System.out( 1557): close [socket][/0.0.0.0:49765]
I/System.out( 1557): close [socket][/0.0.0.0:49765]
I/System.out( 1557): rom2 defaultNotifyAction message.getSerialNum() = 65555
I/System.out( 1557): [socket][1] connection /121.52.230.53:80;LocalPort=33739(180000)
I/System.out( 1557): [CDS]connect[/121.52.230.53:80] tm:180
D/Posix   ( 1557): [Posix_connect Debug]Process com.gexin.rom2 :80 
I/System.out( 1557): [socket][/10.2.155.203:33739] connected
I/System.out( 1557): [CDS]rx timeout:180000
I/System.out( 1557): >doSendRequest
I/System.out( 1557): <doSendRequest
I/System.out( 1557): [CDS]close[33739]
I/System.out( 1557): close [socket][/0.0.0.0:33739]
I/System.out( 1557): close [socket][/0.0.0.0:33739]
I/System.out( 1557): rom2 defaultNotifyAction message.getSerialNum() = 65544
V/Provider/Setting(  429): from settings cache , name = dropbox:system_app_strictmode value = null
V/Provider/Setting(  429): from settings cache , name = dropbox_age_seconds value = null
V/Provider/Setting(  429): from settings cache , name = dropbox_max_files value = null
V/Provider/Setting(  429): from settings cache , name = dropbox_quota_percent value = null
V/Provider/Setting(  429): from settings cache , name = dropbox_reserve_percent value = null
V/Provider/Setting(  429): from settings cache , name = dropbox_quota_kb value = null
W/DropBoxManagerService(  429): Dropping: system_app_strictmode (10 > 0 bytes)
D/ADB_SERVICES(  130): adb fdevent_process list (94) (30) (92) (93) (11) (95) (108) (109) (96) (97) (99) (98) (100) (101) (44) (45) (102) (103) (104) (105) (82) (88) (89) 
D/ADB_SERVICES(  130): Calling send_ready local=16794, remote=5552
D/ADB_SERVICES(  130): adb socket read list (92) (95) (109) (97) (99) (101) (45) (103) (105) (82) (89) 
D/ADB_SERVICES(  130): read_data=4337
D/ADB_SERVICES(  130): max_read_time=0.000052 max_send_time=0.000037 
D/ADB_SERVICES(  130): adb local_socket_ready list (92) (95) (109) (97) (99) (101) (45) (82) (103) 
D/dalvikvm(  429): threadid=78: exiting
D/dalvikvm(  429): threadid=78: bye!
V/ActivityManager(  429): Broadcast: Intent { act=android.intent.action.DROPBOX_ENTRY_ADDED flg=0x10 (has extras) } ordered=false userid=0
D/IPCThreadState(  429): [DN #5] BR_CLEAR_DEATH_NOTIFICATION_DONE cookie 0x570a2970
W/SocketClient(  100): write error (Broken pipe)
W/DnsProxyListener(  100): Error writing DNS result to client
D/dalvikvm(  513): GC_EXPLICIT freed 376K, 40% free 8805K/14583K, paused 1ms+4ms, total 47ms
I/ActivityManager(  429): monitor Service ANR process (0)
D/dalvikvm(  429): create interp thread : stack size=32KB
D/dalvikvm(  429): create new thread
D/dalvikvm(  429): new thread created
D/dalvikvm(  429): update thread list
D/dalvikvm(  429): threadid=78: interp stack at 0x529cf000
D/dalvikvm(  429): threadid=78: created from interp
D/dalvikvm(  429): start new thread
D/dalvikvm(  429): threadid=78: notify debugger
D/dalvikvm(  429): threadid=78 (preDumpStackTraces): calling run()
D/ActivityManager(  429): preDumpStackTraces Begin tracePath:/data/anr/mtk_traces.txt
W/Process (  429): Unable to open /proc/0/status
I/ActivityManager(  429): preDumpStackTraces process: 0 parent: 0 zygote: 396
D/AEE/AED (   97): $===AEE===AEE===AEE===$
D/AEE/AED (   97): p 0 poll events 1 revents 0
D/AEE/AED (   97): not know revents:0
D/AEE/AED (   97): p 1 poll events 1 revents 0
D/AEE/AED (   97): not know revents:0
D/AEE/AED (   97): p 2 poll events 1 revents 1
D/AEE/AED (   97): aed_main_fork_worker: generator 0x1b8f150, worker 0xbea0ea80, recv_fd 15
D/AEE/AED (   97): p 3 poll events 1 revents 0
D/AEE/AED (   97): not know revents:0
D/AEE/AED (   97): p 4 poll events 1 revents 0
D/AEE/AED (   97): not know revents:0
I/DEBUG   ( 2157): handle_request(15)
I/DEBUG   ( 2157): tid 0 does not exist. ignoring explicit dump request
D/AEE/AED (   97): $===AEE===AEE===AEE===$
D/AEE/AED (   97): p 0 poll events 1 revents 0
D/AEE/AED (   97): not know revents:0
D/AEE/AED (   97): p 1 poll events 1 revents 0
D/AEE/AED (   97): not know revents:0
D/AEE/AED (   97): p 2 poll events 1 revents 0
D/AEE/AED (   97): not know revents:0
D/AEE/AED (   97): p 3 poll events 1 revents 0
D/AEE/AED (   97): not know revents:0
D/AEE/AED (   97): p 4 poll events 1 revents 0
D/AEE/AED (   97): not know revents:0
I/ActivityManager(  429): preDumpStackTraces process: 429 parent: 396 zygote: 396
I/Process (  429): Sending signal. PID: 429 SIG: 16
I/dalvikvm(  429): threadid=3: reacting to signal 16
D/dalvikvm(  429): Prepare stack traces for '/data/anr/mtk_traces.txt' done
I/dalvikvm(  429): Wrote stack traces to '/data/anr/mtk_traces.txt'
D/ActivityManager(  429): preDumpStackTraces End
D/dalvikvm(  429): threadid=78: exiting
D/dalvikvm(  429): threadid=78: bye!
D/ADB_SERVICES(  130): Calling send_ready local=16794, remote=5552
V/Provider/Setting(  429): from settings cache , name = powerchargingval_usb value = 74,72,67,67,67,67,83,178,527,312,353,2634,193,114,165,131,141,107,225,119,71,233,251,90,64,76,86,82,105,66,198,324,83,630,91,107,87,98,209,252,238,267,275,283,189,274,294,271,192,146,354,249,249,329,247,177,194,158,156,147,112,104,111,81,104,86,117,94,132,112,219,216,206,173,207,207,220,187,255,153,198,670,160,341,366,263,226,502,741,207,202,60,60,60,59,60,60,60,60,85,3446,
I/BatteryService(  429): sendIntent mBootCompleted=true
I/BatteryService(  429): sendIntent mBatteryEstimationChargeTime=3446
V/ActivityManager(  429): Broadcast sticky: Intent { act=android.intent.action.BATTERY_CHANGED flg=0x60000010 (has extras) } ordered=false userid=0
I/KeyguardUpdateMonitor(  429): ACTION_BATTERY_CHANGED, status=5,plugged=2, level=100, health=2
D/UsbDeviceManager(  429): onReceive - ACTION_BATTERY_CHANGED - mPlugType: 2, mSettingUsbCharging: false, mConnected: true, mSettingUsbBicr: false
V/Provider/Setting(  513): from settings cache , name = powerlowwarningval value = null
D/Bluetooth HS/HF(  636): [BT][HFG] [API] mStateReceiver.onReceive(android.intent.action.BATTERY_CHANGED)
D/Bluetooth HS/HF(  636): [BT][HFG] [API] mHandler.handleMessage(9)
D/Bluetooth HS/HF(  636): [BT][HFG] [API] updateBatteryState
D/PowerUI (  513): action = android.intent.action.BATTERY_CHANGED
D/PowerUI (  513): Intent start() ret = false mHideLowBDialog= true
D/PowerUI (  513): oldBatteryLevel = 100mBatteryLevel = 100
D/PowerUI (  513): dismissLowBatteryWarning***************
V/AlarmManager(  429): Native set alarm :Alarm{4187a3a0 type 1 com.baidu.searchbox}
I/AlarmManager(  429): reset poweroff alarm none
V/ActivityManager(  429): Broadcast: Intent { act=com.baidu.searchbox.action.TIME_TICK cat=[com.baidu.searchbox.category.CLOCK] flg=0x14 pkg=com.baidu.searchbox (has extras) } ordered=true userid=0
I/AlarmManager(  429): reset poweroff alarm none
V/ActivityManager(  429): Broadcast: Intent { act=com.baidu.searchbox.action.TIME_TICK cat=[com.baidu.searchbox.category.QSearch] flg=0x14 pkg=com.baidu.searchbox (has extras) } ordered=true userid=0
V/AlarmManager(  429): Native set alarm :Alarm{41328b40 type 3 android}
I/AlarmManager(  429): reset poweroff alarm none
V/ActivityManager(  429): Broadcast: Intent { act=android.intent.action.TIME_TICK flg=0x40000014 (has extras) } ordered=true userid=0
D/dalvikvm(  429): open_cached_dex_file : /data/app/com.baidu.searchbox-1.apk /data/dalvik-cache/data@app@com.baidu.searchbox-1.apk@classes.dex
D/BroadcastQueue(  429): BDC-Delivered broadcast: Intent { act=com.baidu.searchbox.action.TIME_TICK cat=[com.baidu.searchbox.category.CLOCK] flg=0x14 pkg=com.baidu.searchbox cmp=com.baidu.searchbox/.widget.ClockWidgetProvider (has extras) }, ordered=true, app=ProcessRecord{41f3fe08 1611:com.baidu.searchbox/u0a140}, receiver=android.os.BinderProxy@41a0acd0
D/ActivityThread( 1611): BDC-Calling onReceive: intent=Intent { act=com.baidu.searchbox.action.TIME_TICK cat=[com.baidu.searchbox.category.CLOCK] flg=0x14 pkg=com.baidu.searchbox cmp=com.baidu.searchbox/.widget.ClockWidgetProvider (has extras) }, ordered=true, receiver=com.baidu.searchbox.widget.ClockWidgetProvider@412e34a0
V/Provider/Setting( 1611): from settings cache , name = time_12_24 value = null
D/ActivityManager(  429): BDC-Finishing receiver: android.os.BinderProxy@41a0acd0
D/dalvikvm(  429): open_cached_dex_file : /data/app/com.baidu.searchbox-1.apk /data/dalvik-cache/data@app@com.baidu.searchbox-1.apk@classes.dex
D/BroadcastQueue(  429): BDC-Delivered broadcast: Intent { act=com.baidu.searchbox.action.TIME_TICK cat=[com.baidu.searchbox.category.QSearch] flg=0x14 pkg=com.baidu.searchbox cmp=com.baidu.searchbox/.widget.QuickSearchWidgetProvider (has extras) }, ordered=true, app=ProcessRecord{41f3fe08 1611:com.baidu.searchbox/u0a140}, receiver=android.os.BinderProxy@41a0acd0
D/ActivityThread( 1611): BDC-RECEIVER handled : 0 / ReceiverData{intent=Intent { act=com.baidu.searchbox.action.TIME_TICK cat=[com.baidu.searchbox.category.CLOCK] flg=0x14 pkg=com.baidu.searchbox cmp=com.baidu.searchbox/.widget.ClockWidgetProvider (has extras) } packageName=com.baidu.searchbox resultCode=0 resultData=null resultExtras=null}
D/ActivityThread( 1611): BDC-Calling onReceive: intent=Intent { act=com.baidu.searchbox.action.TIME_TICK cat=[com.baidu.searchbox.category.QSearch] flg=0x14 pkg=com.baidu.searchbox cmp=com.baidu.searchbox/.widget.QuickSearchWidgetProvider (has extras) }, ordered=true, receiver=com.baidu.searchbox.widget.QuickSearchWidgetProvider@412e6f00
D/dalvikvm( 1611): GC_CONCURRENT freed 1442K, 38% free 3078K/4919K, paused 2ms+2ms, total 31ms
D/dalvikvm( 1611): WAIT_FOR_CONCURRENT_GC blocked 11ms
E/MdpService( 1611): [MDP E](1611): mHalJpeg(): mediatek/external/mhal/src/core/main/mt6575/mdp_main/mhal_mdp_main.cpp@865: pointer is NULL. sm is 0x51526900.binder is 0x00000000.mdpService is 0x00000000
D/CallStack( 1611): MDP#00  pc 0001127e  /system/lib/libmhalmdp.so (MdpDrv_DumpCallStack(char const*)+17)
D/CallStack( 1611): MDP#01  pc 0000e5d8  /system/lib/libmhalmdp.so (mHalJpeg+127)
D/CallStack( 1611): MDP#02  pc 000b7410  /system/lib/libskia.so (SkJPEGImageDecoder::onDecodeParser(SkBitmap*, SkImageDecoder::Mode, unsigned char*, unsigned int, int)+196)
D/CallStack( 1611): MDP#03  pc 000b7c24  /system/lib/libskia.so (SkJPEGImageDecoder::onDecode(SkStream*, SkBitmap*, SkImageDecoder::Mode)+752)
D/CallStack( 1611): MDP#04  pc 000b4c9c  /system/lib/libskia.so (SkImageDecoder::decode(SkStream*, SkBitmap*, SkBitmap::Config, SkImageDecoder::Mode, bool)+172)
D/CallStack( 1611): MDP#05  pc 0006e178  /system/lib/libandroid_runtime.so
D/CallStack( 1611): MDP#06  pc 0006e832  /system/lib/libandroid_runtime.so
D/CallStack( 1611): MDP#07  pc 0001df30  /system/lib/libdvm.so (dvmPlatformInvoke+112)
D/CallStack( 1611): MDP#08  pc 0004cdec  /system/lib/libdvm.so (dvmCallJNIMethod(unsigned int const*, JValue*, Method const*, Thread*)+491)
D/CallStack( 1611): MDP#09  pc 00027360  /system/lib/libdvm.so
D/CallStack( 1611): MDP#10  pc 0002b3cc  /system/lib/libdvm.so (dvmInterpret(Thread*, Method const*, JValue*)+180)
D/CallStack( 1611): MDP#11  pc 0005ff0a  /system/lib/libdvm.so (dvmInvokeMethod(Object*, Method const*, ArrayObject*, ArrayObject*, ClassObject*, bool)+373)
D/CallStack( 1611): MDP#12  pc 0006789c  /system/lib/libdvm.so
D/CallStack( 1611): MDP#13  pc 00027360  /system/lib/libdvm.so
D/CallStack( 1611): MDP#14  pc 0002b3cc  /system/lib/libdvm.so (dvmInterpret(Thread*, Method const*, JValue*)+180)
D/CallStack( 1611): MDP#15  pc 0005fbf4  /system/lib/libdvm.so (dvmCallMethodV(Thread*, Method const*, Object*, bool, JValue*, std::__va_list)+271)
D/CallStack( 1611): MDP#16  pc 00049278  /system/lib/libdvm.so
D/CallStack( 1611): MDP#17  pc 0004b2e2  /system/lib/libandroid_runtime.so
D/CallStack( 1611): MDP#18  pc 0004bfb2  /system/lib/libandroid_runtime.so (android::AndroidRuntime::start(char const*, char const*)+485)
D/CallStack( 1611): MDP#19  pc 00000dce  /system/bin/app_process
D/CallStack( 1611): MDP#20  pc 0002091c  /system/lib/libc.so (__libc_init+64)
W/skia    ( 1611): Use JPEG SW Decoder
D/skia    ( 1611): jpeg_decoder finish successfully, L:1243, reuse 0!!!
V/Provider/Setting( 1611): from settings cache , name = time_12_24 value = null
D/dalvikvm(  429): GC_FOR_ALLOC freed 692K, 15% free 19443K/22647K, paused 74ms, total 77ms
I/dalvikvm-heap(  429): Grow heap (frag case) to 19.783MB for 465936-byte allocation
D/dalvikvm(  429): GC_FOR_ALLOC freed 26K, 15% free 19872K/23159K, paused 81ms, total 81ms
V/AppWidgetContext(  687): context permission not changed
V/AppWidgetContext(  687): context permission not changed
D/ActivityManager(  429): BDC-Finishing receiver: android.os.BinderProxy@41a0acd0
D/BroadcastQueue(  429): BDC-Delivered broadcast: Intent { act=android.intent.action.TIME_TICK flg=0x40000014 (has extras) }, ordered=true, filter=BroadcastFilter{4120c6a0 ReceiverList{41558e18 429 system/1000 local:414b42c0}}, receiver=android.app.LoadedApk$ReceiverDispatcher$InnerReceiver@414b42c0
D/ActivityThread(  429): BDC-Calling onReceive: intent=Intent { act=android.intent.action.TIME_TICK flg=0x40000014 (has extras) }, ordered=true, receiver=com.android.server.AlarmManagerService$ClockReceiver@414524b8, IIntentReceiver=414b42c0
V/AlarmManager(  429): Native set alarm :Alarm{41861298 type 3 android}
D/ActivityThread(  429): BDC-Calling finishReceiver: IIntentReceiver=414b42c0
