D/ActivityManager( 5082): Timeout binder: 12274:12274->5037:0 1:read 12274:12274 to 5037:0 spends 2000 ms (servicemanager) dex_code 1 start_at 2353.114 2013-05-20 13:12:26.378
D/ActivityManager( 5082): Timeout binder: 12233:12233->5037:0 1:read 12233:12233 to 5037:0 spends 2000 ms (servicemanager) dex_code 1 start_at 2343.062 2013-05-20 13:12:16.327
D/ActivityManager( 5082): Timeout binder: 12184:12184->5037:0 1:read 12184:12184 to 5037:0 spends 2000 ms (servicemanager) dex_code 1 start_at 2333.030 2013-05-20 13:12:06.295
D/ActivityManager( 5082): Timeout binder: 12141:12141->5037:0 1:read 12141:12141 to 5037:0 spends 2000 ms (servicemanager) dex_code 1 start_at 2322.826 2013-05-20 13:11:56.090
D/ActivityManager( 5082): Timeout binder: 12099:12099->5037:0 1:read 12099:12099 to 5037:0 spends 2000 ms (servicemanager) dex_code 1 start_at 2312.745 2013-05-20 13:11:46.009
D/ActivityManager( 5082): Timeout binder: 12055:12055->5037:0 1:read 12055:12055 to 5037:0 spends 2000 ms (servicemanager) dex_code 1 start_at 2302.664 2013-05-20 13:11:35.929
D/ActivityManager( 5082): Timeout binder: 12014:12014->5037:0 1:read 12014:12014 to 5037:0 spends 2000 ms (servicemanager) dex_code 1 start_at 2292.602 2013-05-20 13:11:25.867
D/ActivityManager( 5082): Timeout binder: 11972:11972->5037:0 1:read 11972:11972 to 5037:0 spends 2000 ms (servicemanager) dex_code 1 start_at 2282.519 2013-05-20 13:11:15.784
D/ActivityManager( 5082): Timeout binder: 11929:11929->5037:0 1:read 11929:11929 to 5037:0 spends 2000 ms (servicemanager) dex_code 1 start_at 2272.470 2013-05-20 13:11:05.734
D/ActivityManager( 5082): Timeout binder: 11888:11888->5037:0 1:read 11888:11888 to 5037:0 spends 2000 ms (servicemanager) dex_code 1 start_at 2262.398 2013-05-20 13:10:55.663
D/ActivityManager( 5082): Timeout binder: 11845:11845->5037:0 1:read 11845:11845 to 5037:0 spends 2000 ms (servicemanager) dex_code 1 start_at 2252.345 2013-05-20 13:10:45.610
D/ActivityManager( 5082): Timeout binder: 11803:11803->5037:0 1:read 11803:11803 to 5037:0 spends 2000 ms (servicemanager) dex_code 1 start_at 2242.267 2013-05-20 13:10:35.532
D/ActivityManager( 5082): Timeout binder: 11778:11778->5037:0 1:read 11778:11778 to 5037:0 spends 2000 ms (servicemanager) dex_code 1 start_at 2237.691 2013-05-20 13:10:30.956
D/ActivityManager( 5082): Timeout binder: 11749:11749->5037:0 1:read 11749:11749 to 5037:0 spends 2000 ms (servicemanager) dex_code 1 start_at 2232.193 2013-05-20 13:10:25.458
D/ActivityManager( 5082): Timeout binder: 11707:11707->5037:0 1:read 11707:11707 to 5037:0 spends 2000 ms (servicemanager) dex_code 1 start_at 2222.128 2013-05-20 13:10:15.393
D/ActivityManager( 5082): Timeout binder: 11665:11665->5037:0 1:read 11665:11665 to 5037:0 spends 2000 ms (servicemanager) dex_code 1 start_at 2212.010 2013-05-20 13:10:05.275
D/ActivityManager( 5082): Timeout binder: 11621:11621->5037:0 1:read 11621:11621 to 5037:0 spends 2000 ms (servicemanager) dex_code 1 start_at 2201.931 2013-05-20 13:09:55.196
D/ActivityManager( 5082): Timeout binder: 11579:11579->5037:0 1:read 11579:11579 to 5037:0 spends 2000 ms (servicemanager) dex_code 1 start_at 2191.850 2013-05-20 13:09:45.115
D/ActivityManager( 5082): Timeout binder: 11538:11538->5037:0 1:read 11538:11538 to 5037:0 spends 2000 ms (servicemanager) dex_code 1 start_at 2181.801 2013-05-20 13:09:35.065
D/ActivityManager( 5082): Timeout binder: 11497:11497->5037:0 1:read 11497:11497 to 5037:0 spends 2000 ms (servicemanager) dex_code 1 start_at 2171.747 2013-05-20 13:09:25.012
D/ActivityManager( 5082): Timeout binder: 11455:11455->5037:0 1:read 11455:11455 to 5037:0 spends 2000 ms (servicemanager) dex_code 1 start_at 2161.697 2013-05-20 13:09:14.962
D/ActivityManager( 5082): Timeout binder: 11424:11424->5037:0 1:read 11424:11424 to 5037:0 spends 2000 ms (servicemanager) dex_code 1 start_at 2156.755 2013-05-20 13:09:10.019
D/ActivityManager( 5082): Timeout binder: 11399:11399->5037:0 1:read 11399:11399 to 5037:0 spends 2000 ms (servicemanager) dex_code 1 start_at 2151.608 2013-05-20 13:09:04.873
D/ActivityManager( 5082): Timeout binder: 11358:11358->5037:0 1:read 11358:11358 to 5037:0 spends 2000 ms (servicemanager) dex_code 1 start_at 2141.562 2013-05-20 13:08:54.827
D/ActivityManager( 5082): Timeout binder: 11316:11316->5037:0 1:read 11316:11316 to 5037:0 spends 2000 ms (servicemanager) dex_code 1 start_at 2131.483 2013-05-20 13:08:44.748
D/ActivityManager( 5082): Timeout binder: 11272:11272->5037:0 1:read 11272:11272 to 5037:0 spends 2000 ms (servicemanager) dex_code 1 start_at 2121.399 2013-05-20 13:08:34.664
D/ActivityManager( 5082): Timeout binder: 11231:11231->5037:0 1:read 11231:11231 to 5037:0 spends 2000 ms (servicemanager) dex_code 1 start_at 2111.313 2013-05-20 13:08:24.577
D/ActivityManager( 5082): Timeout binder: 11185:11185->5037:0 1:read 11185:11185 to 5037:0 spends 2000 ms (servicemanager) dex_code 1 start_at 2101.209 2013-05-20 13:08:14.474
D/ActivityManager( 5082): Timeout binder: 11135:11135->5037:0 1:read 11135:11135 to 5037:0 spends 2000 ms (servicemanager) dex_code 1 start_at 2091.084 2013-05-20 13:08:04.348
D/ActivityManager( 5082): Timeout binder: 11089:11089->5037:0 1:read 11089:11089 to 5037:0 spends 2000 ms (servicemanager) dex_code 1 start_at 2080.981 2013-05-20 13:07:54.246
D/ActivityManager( 5082): Timeout binder: 11048:11048->5037:0 1:read 11048:11048 to 5037:0 spends 2000 ms (servicemanager) dex_code 1 start_at 2070.824 2013-05-20 13:07:44.089
D/ActivityManager( 5082): Timeout binder: 11007:11007->5037:0 1:read 11007:11007 to 5037:0 spends 2000 ms (servicemanager) dex_code 1 start_at 2060.751 2013-05-20 13:07:34.016
D/ActivityManager( 5082): Timeout binder: 10964:10964->5037:0 1:read 10964:10964 to 5037:0 spends 2000 ms (servicemanager) dex_code 1 start_at 2050.676 2013-05-20 13:07:23.940
D/ActivityManager( 5082): Timeout binder: 10923:10923->5037:0 1:read 10923:10923 to 5037:0 spends 2000 ms (servicemanager) dex_code 1 start_at 2040.609 2013-05-20 13:07:13.874
D/ActivityManager( 5082): Timeout binder: 10881:10881->5037:0 1:read 10881:10881 to 5037:0 spends 2000 ms (servicemanager) dex_code 1 start_at 2030.528 2013-05-20 13:07:03.792
D/ActivityManager( 5082): Timeout binder: 10839:10839->5037:0 1:read 10839:10839 to 5037:0 spends 2000 ms (servicemanager) dex_code 1 start_at 2020.450 2013-05-20 13:06:53.715
D/ActivityManager( 5082): Timeout binder: 10797:10797->5037:0 1:read 10797:10797 to 5037:0 spends 2000 ms (servicemanager) dex_code 1 start_at 2010.375 2013-05-20 13:06:43.639
D/ActivityManager( 5082): Timeout binder: 10753:10753->5037:0 1:read 10753:10753 to 5037:0 spends 2000 ms (servicemanager) dex_code 1 start_at 2000.313 2013-05-20 13:06:33.578
D/ActivityManager( 5082): Timeout binder: 10711:10711->5037:0 1:read 10711:10711 to 5037:0 spends 2000 ms (servicemanager) dex_code 1 start_at 1990.205 2013-05-20 13:06:23.470
D/ActivityManager( 5082): Timeout binder: 10669:10669->5037:0 1:read 10669:10669 to 5037:0 spends 2000 ms (servicemanager) dex_code 1 start_at 1980.091 2013-05-20 13:06:13.356
D/ActivityManager( 5082): Timeout binder: 10627:10627->5037:0 1:read 10627:10627 to 5037:0 spends 2000 ms (servicemanager) dex_code 1 start_at 1970.007 2013-05-20 13:06:03.272
D/ActivityManager( 5082): Timeout binder: 10586:10586->5037:0 1:read 10586:10586 to 5037:0 spends 2000 ms (servicemanager) dex_code 1 start_at 1959.936 2013-05-20 13:05:53.200
D/ActivityManager( 5082): Timeout binder: 10543:10543->5037:0 1:read 10543:10543 to 5037:0 spends 2000 ms (servicemanager) dex_code 1 start_at 1949.858 2013-05-20 13:05:43.123
D/ActivityManager( 5082): Timeout binder: 10502:10502->5037:0 1:read 10502:10502 to 5037:0 spends 2000 ms (servicemanager) dex_code 1 start_at 1939.790 2013-05-20 13:05:33.055
D/ActivityManager( 5082): Timeout binder: 10460:10460->5037:0 1:read 10460:10460 to 5037:0 spends 2000 ms (servicemanager) dex_code 1 start_at 1929.706 2013-05-20 13:05:22.971
D/ActivityManager( 5082): Timeout binder: 10418:10418->5037:0 1:read 10418:10418 to 5037:0 spends 2000 ms (servicemanager) dex_code 1 start_at 1919.678 2013-05-20 13:05:12.943
D/ActivityManager( 5082): Timeout binder: 10408:10408->5037:0 1:read 10408:10408 to 5037:0 spends 2000 ms (servicemanager) dex_code 1 start_at 1919.362 2013-05-20 13:05:12.627
D/ActivityManager( 5082): Timeout binder: 10364:10364->5037:0 1:read 10364:10364 to 5037:0 spends 2000 ms (servicemanager) dex_code 1 start_at 1909.586 2013-05-20 13:05:02.851
D/ActivityManager( 5082): Timeout binder: 10321:10321->5037:0 1:read 10321:10321 to 5037:0 spends 2000 ms (servicemanager) dex_code 1 start_at 1899.526 2013-05-20 13:04:52.791
D/ActivityManager( 5082): Timeout binder: 10280:10280->5037:0 1:read 10280:10280 to 5037:0 spends 2000 ms (servicemanager) dex_code 1 start_at 1889.551 2013-05-20 13:04:42.816
D/ActivityManager( 5082): Timeout binder: 10239:10239->5037:0 1:read 10239:10239 to 5037:0 spends 2000 ms (servicemanager) dex_code 1 start_at 1879.479 2013-05-20 13:04:32.744
D/ActivityManager( 5082): Timeout binder: 10198:10198->5037:0 1:read 10198:10198 to 5037:0 spends 2000 ms (servicemanager) dex_code 1 start_at 1869.361 2013-05-20 13:04:22.626
D/ActivityManager( 5082): Timeout binder: 10157:10157->5037:0 1:read 10157:10157 to 5037:0 spends 2000 ms (servicemanager) dex_code 1 start_at 1859.323 2013-05-20 13:04:12.588
D/ActivityManager( 5082): Timeout binder: 10154:10154->5037:0 1:read 10154:10154 to 5037:0 spends 2000 ms (servicemanager) dex_code 2 start_at 1858.464 2013-05-20 13:04:11.729
D/ActivityManager( 5082): Timeout binder: 10113:10113->5037:0 1:read 10113:10113 to 5037:0 spends 2000 ms (servicemanager) dex_code 1 start_at 1849.317 2013-05-20 13:04:02.582
D/ActivityManager( 5082): Timeout binder: 10072:10072->5037:0 1:read 10072:10072 to 5037:0 spends 2000 ms (servicemanager) dex_code 1 start_at 1839.185 2013-05-20 13:03:52.450
D/ActivityManager( 5082): Timeout binder: 10031:10031->5037:0 1:read 10031:10031 to 5037:0 spends 2000 ms (servicemanager) dex_code 1 start_at 1829.137 2013-05-20 13:03:42.401
D/ActivityManager( 5082): Timeout binder: 9990:9990->5037:0 1:read 9990:9990 to 5037:0 spends 2000 ms (servicemanager) dex_code 1 start_at 1819.038 2013-05-20 13:03:32.303
D/ActivityManager( 5082): Timeout binder: 9949:9949->5037:0 1:read 9949:9949 to 5037:0 spends 2000 ms (servicemanager) dex_code 1 start_at 1809.007 2013-05-20 13:03:22.272
D/ActivityManager( 5082): Timeout binder pid found: 5037 1:read 12487:12487 to 5037:0 spends 2000 ms (servicemanager) dex_code 1 start_at 2403.505 2013-05-20 13:13:16.769
D/ActivityManager( 5082): getTimeoutBinderPidList pid added: 5037 1:read 12487:12487 to 5037:0 spends 2000 ms (servicemanager) dex_code 1 start_at 2403.505 2013-05-20 13:13:16.769
D/dalvikvm( 5082): create interp thread : stack size=32KB
D/dalvikvm( 5082): create new thread
D/dalvikvm( 5082): new thread created
D/dalvikvm( 5082): update thread list
D/dalvikvm( 5082): threadid=60: interp stack at 0x5298b000
D/dalvikvm( 5082): threadid=60: created from interp
D/dalvikvm( 5082): start new thread
D/dalvikvm( 5082): threadid=60: notify debugger
D/dalvikvm( 5082): threadid=60 (preDumpStackTraces): calling run()
D/ActivityManager( 5082): preDumpStackTraces Begin tracePath:/data/anr/mtk_traces.txt
I/ActivityManager( 5082): preDumpStackTraces process: 12487 parent: 5033 zygote: 5033
I/Process ( 5082): Sending signal. PID: 12487 SIG: 16
I/dalvikvm(12487): threadid=3: reacting to signal 16
D/dalvikvm(12487): Prepare stack traces for '/data/anr/mtk_traces.txt' done
I/dalvikvm(12487): Wrote stack traces to '/data/anr/mtk_traces.txt'
I/ActivityManager( 5082): preDumpStackTraces process: 5082 parent: 5033 zygote: 5033
I/Process ( 5082): Sending signal. PID: 5082 SIG: 16
I/dalvikvm( 5082): threadid=3: reacting to signal 16
D/dalvikvm( 5082): Prepare stack traces for '/data/anr/mtk_traces.txt' done
I/dalvikvm( 5082): Wrote stack traces to '/data/anr/mtk_traces.txt'
I/ActivityManager( 5082): preDumpStackTraces process: 5037 parent: 79 zygote: 5033
D/AEE/AED (   98): $===AEE===AEE===AEE===$
D/AEE/AED (   98): p 0 poll events 1 revents 0
D/AEE/AED (   98): not know revents:0
D/AEE/AED (   98): p 1 poll events 1 revents 0
D/AEE/AED (   98): not know revents:0
D/AEE/AED (   98): p 2 poll events 1 revents 1
D/AEE/AED (   98): aed_main_fork_worker: generator 0xd06150, worker 0xbeea7a80, recv_fd 15
D/AEE/AED (   98): p 3 poll events 1 revents 0
D/AEE/AED (   98): not know revents:0
D/AEE/AED (   98): p 4 poll events 1 revents 0
D/AEE/AED (   98): not know revents:0
I/DEBUG   (12530): handle_request(15)
I/DEBUG   (12530): BOOM: pid=5037 uid=1000 gid=1000 tid=5037
I/DEBUG   (12530): stopped -- dumping to fd
D/AEE/AED (   98): $===AEE===AEE===AEE===$
D/AEE/AED (   98): p 0 poll events 1 revents 0
D/AEE/AED (   98): not know revents:0
D/AEE/AED (   98): p 1 poll events 1 revents 0
D/AEE/AED (   98): not know revents:0
D/AEE/AED (   98): p 2 poll events 1 revents 0
D/AEE/AED (   98): not know revents:0
D/AEE/AED (   98): p 3 poll events 1 revents 0
D/AEE/AED (   98): not know revents:0
D/AEE/AED (   98): p 4 poll events 1 revents 0
D/AEE/AED (   98): not know revents:0
D/ActivityManager( 5082): preDumpStackTraces End
D/dalvikvm( 5082): threadid=60: exiting
D/dalvikvm( 5082): threadid=60: bye!
W/ActivityManager( 5082): Process ProcessRecord{418119b8 12487:com.baidu.searchbox/u0a140} failed to attach
W/ActivityManager( 5082): Unattached app died before broadcast acknowledged, skipping
W/ActivityManager( 5082): Unattached app died before broadcast acknowledged, skipping
V/Provider/Setting( 5082): from settings cache , name = read_external_storage_enforced_default value = null
D/Zygote  ( 5033): SelectLoop : runOnce
D/Zygote  ( 5033): read arg list
D/Zygote  ( 5033): prepare new stderr
D/Zygote  ( 5033): parse args
D/Zygote  ( 5033): before fork
D/dalvikvm( 5033): threadid=2: exiting
D/dalvikvm( 5033): threadid=2: bye!
D/dalvikvm( 5033): threadid=3: exiting
D/dalvikvm( 5033): threadid=3: bye!
D/dalvikvm( 5033): threadid=4: exiting
D/dalvikvm( 5033): threadid=4: bye!
D/dalvikvm( 5033): pre gc
D/dalvikvm( 5033): Zygote::ForkAndSpecialize +
W/ADB_SERVICES(  129): terminating JDWP 12487 connection: Try again
D/ADB_SERVICES(  129): remove pid 12487 to jdwp process list
D/ADB_SERVICES(  129):  closing because is_eof=1 r=0 s->fde.force_eof=0
D/dalvikvm( 5033): Zygote::ForkAndSpecialize : 12532
D/dalvikvm( 5033): create interp thread : stack size=32KB
D/dalvikvm( 5033): create new thread
D/dalvikvm( 5033): new thread created
D/dalvikvm( 5033): update thread list
D/dalvikvm( 5033): threadid=2: interp stack at 0x4ef92000
D/dalvikvm( 5033): threadid=2: created from interp
D/dalvikvm( 5033): start new thread
D/dalvikvm( 5033): create interp thread : stack size=32KB
D/dalvikvm( 5033): create new thread
D/dalvikvm( 5033): new thread created
D/dalvikvm( 5033): update thread list
D/dalvikvm( 5033): threadid=2: notify debugger
D/dalvikvm( 5033): threadid=2 (ReferenceQueueDaemon): calling run()
D/dalvikvm(12532): Zygote::ForkAndSpecialize : 0
D/dalvikvm(12532): zygote get new systemTid : 12532
D/dalvikvm(12532): threadid=2: interp stack at 0x4f092000
D/dalvikvm(12532): threadid=3: interp stack at 0x4f19a000
D/jdwp    (12532): prepping for JDWP over ADB
D/jdwp    (12532): ADB transport startup
D/dalvikvm(12532): Elevating priority from 0 to -8
D/dalvikvm(12532): threadid=4: interp stack at 0x4f2a2000
D/jdwp    (12532): JDWP: thread running
D/jdwp    (12532): acceptConnection
D/jdwp    (12532): trying to receive file descriptor from ADB
D/ADB_SERVICES(  129): Adding socket 47 pid 12532 to jdwp process list
D/dalvikvm(12532): threadid=5: interp stack at 0x51688000
D/dalvikvm(12532): zygote get thread init done
D/dalvikvm(12532): create interp thread : stack size=32KB
D/dalvikvm(12532): create new thread
D/dalvikvm(12532): new thread created
D/dalvikvm(12532): update thread list
D/dalvikvm(12532): threadid=6: interp stack at 0x51690000
D/dalvikvm(12532): threadid=6: created from interp
D/dalvikvm(12532): start new thread
D/dalvikvm(12532): create interp thread : stack size=32KB
D/dalvikvm(12532): create new thread
D/dalvikvm(12532): new thread created
D/dalvikvm(12532): update thread list
D/dalvikvm(12532): threadid=6: notify debugger
D/dalvikvm(12532): threadid=6 (ReferenceQueueDaemon): calling run()
D/dalvikvm(12532): threadid=7: interp stack at 0x51798000
D/dalvikvm(12532): threadid=7: created from interp
D/dalvikvm(12532): start new thread
D/dalvikvm(12532): create interp thread : stack size=32KB
W/ADB_SERVICES(  129): create_local_service_socket() name=jdwp:12532
W/ADB_SERVICES(  129): looking for pid 12532 in JDWP process list return fds0(48) fds1(66)
D/ADB_SERVICES(  129): Calling send_ready local=2642, remote=4903
W/ADB_SERVICES(  129): trying to write to JDWP socket=47 pid=12532 count=1 out_fds=66
D/dalvikvm(12532): create new thread
D/dalvikvm(12532): new thread created
D/dalvikvm(12532): update thread list
D/jdwp    (12532): received file descriptor 41 from ADB
D/dalvikvm(12532): threadid=7: notify debugger
D/dalvikvm(12532): threadid=7 (FinalizerDaemon): calling run()
D/dalvikvm(12532): threadid=8: interp stack at 0x518a0000
D/dalvikvm(12532): threadid=8: created from interp
D/dalvikvm(12532): start new thread
D/ADB_SERVICES(  129): Calling send_ready local=2642, remote=4903
D/jdwp    (12532): processIncoming
D/Zygote  (12532): fork pid : 0
D/ADB_SERVICES(  129): Calling send_ready local=2642, remote=4903
D/jdwp    (12532): processIncoming
D/jdwp    (12532): handlePacket : cmd=0x1, cmdSet=0xC7, len=0x13, id=0x40000C05, flags=0x0, dataLen=0x8
D/ADB_SERVICES(  129): Calling send_ready local=2642, remote=4903
D/dalvikvm( 5033): threadid=3: interp stack at 0x4f09a000
D/dalvikvm( 5033): threadid=3: created from interp
D/dalvikvm( 5033): start new thread
D/dalvikvm( 5033): create interp thread : stack size=32KB
D/dalvikvm( 5033): create new thread
D/dalvikvm( 5033): new thread created
D/dalvikvm( 5033): update thread list
D/dalvikvm( 5033): threadid=3: notify debugger
D/dalvikvm( 5033): threadid=3 (FinalizerDaemon): calling run()
D/jdwp    (12532): processIncoming
D/jdwp    (12532): handlePacket : cmd=0x1, cmdSet=0xC7, len=0x17, id=0x40000C06, flags=0x0, dataLen=0xC
D/dalvikvm( 5033): threadid=4: interp stack at 0x4f1a2000
D/dalvikvm( 5033): threadid=4: created from interp
D/dalvikvm( 5033): start new thread
D/Zygote  ( 5033): fork pid : 12532
D/dalvikvm( 5033): threadid=4: notify debugger
D/dalvikvm( 5033): threadid=4 (FinalizerWatchdogDaemon): calling run()
I/ActivityManager( 5082): Start proc com.baidu.searchbox for broadcast com.baidu.searchbox/.widget.QuickSearchWidgetProvider: pid=12532 uid=10140 gids={1006, 1013, 3003, 1015, 1028}
D/jdwp    (12532): processIncoming
D/jdwp    (12532): handlePacket : cmd=0x1, cmdSet=0xC7, len=0x13, id=0x40000C07, flags=0x0, dataLen=0x8
D/jdwp    (12532): processIncoming
D/jdwp    (12532): handlePacket : cmd=0x1, cmdSet=0xC7, len=0x13, id=0x40000C08, flags=0x0, dataLen=0x8
D/dalvikvm(12532): threadid=8: notify debugger
D/dalvikvm(12532): threadid=8 (FinalizerWatchdogDaemon): calling run()
D/dalvikvm(12532): threadid=9: interp stack at 0x51ca6000
D/jdwp    (12532): sendBufferedRequest : len=0x39
D/dalvikvm(12532): threadid=10: interp stack at 0x51dae000
V/Provider/Setting( 5082): from settings cache , name = sys_free_storage_log_interval value = null
V/Provider/Setting( 5082): from settings cache , name = disk_free_change_reporting_threshold value = null
D/dalvikvm( 5328): GC_EXPLICIT freed 42K, 34% free 3755K/5623K, paused 2ms+3ms, total 30ms
W/ADB_SERVICES(  129): create_local_service_socket() name=shell:ls -l /
D/ADB_SERVICES(  129): Calling send_ready local=2643, remote=4907
D/ADB_SERVICES(  129):  closing because is_eof=1 r=-1 s->fde.force_eof=0
W/ADB_SERVICES(  129): create_local_service_socket() name=shell:ls -l -d /emmc@android/
D/ADB_SERVICES(  129): Calling send_ready local=2644, remote=4908
D/ADB_SERVICES(  129):  closing because is_eof=1 r=1 s->fde.force_eof=0
W/ADB_SERVICES(  129): create_local_service_socket() name=shell:ls -l -d /emmc@cache/
D/ADB_SERVICES(  129): Calling send_ready local=2645, remote=4909
D/ADB_SERVICES(  129):  closing because is_eof=1 r=1 s->fde.force_eof=0
W/ADB_SERVICES(  129): create_local_service_socket() name=shell:ls -l -d /emmc@ebr1/
D/ADB_SERVICES(  129): Calling send_ready local=2646, remote=4910
D/ADB_SERVICES(  129):  closing because is_eof=1 r=1 s->fde.force_eof=0
W/ADB_SERVICES(  129): create_local_service_socket() name=shell:ls -l -d /emmc@fat/
D/ADB_SERVICES(  129): Calling send_ready local=2647, remote=4911
D/ADB_SERVICES(  129): adb fdevent_process list (15) (49) (66) (47) (48) (11) 
D/ADB_SERVICES(  129): adb socket read list (49) (66) (48) 
D/ADB_SERVICES(  129): read_data=89907
D/ADB_SERVICES(  129): max_read_time=0.000573 max_send_time=0.001558 
D/ADB_SERVICES(  129): adb local_socket_ready list (49) (66) (48) 
D/ADB_SERVICES(  129):  closing because is_eof=1 r=-1 s->fde.force_eof=0
W/ADB_SERVICES(  129): create_local_service_socket() name=shell:ls -l -d /emmc@sec_ro/
D/ADB_SERVICES(  129): Calling send_ready local=2648, remote=4912
D/ADB_SERVICES(  129):  closing because is_eof=1 r=1 s->fde.force_eof=0
W/ADB_SERVICES(  129): create_local_service_socket() name=shell:ls -l -d /emmc@usrdata/
D/ADB_SERVICES(  129): Calling send_ready local=2649, remote=4913
D/ADB_SERVICES(  129):  closing because is_eof=1 r=1 s->fde.force_eof=0
V/Provider/Setting( 5082): from settings cache , name = reboot_interval value = null
D/InputReader( 5082): InputReader::monitor: lock
D/InputReader( 5082): InputReader::monitor: wait 
D/InputReader( 5082): InputReader::monitor: unlock
D/InputReader( 5082): InputReader::monitor: done
W/ADB_SERVICES(  129): create_local_service_socket() name=shell:ls -l /
D/ADB_SERVICES(  129): Calling send_ready local=2650, remote=4919
D/ADB_SERVICES(  129):  closing because is_eof=1 r=-1 s->fde.force_eof=0
W/ADB_SERVICES(  129): create_local_service_socket() name=shell:ls -l -d /emmc@android/
D/ADB_SERVICES(  129): Calling send_ready local=2651, remote=4920
D/ADB_SERVICES(  129):  closing because is_eof=1 r=-1 s->fde.force_eof=0
W/ADB_SERVICES(  129): create_local_service_socket() name=shell:ls -l -d /emmc@cache/
D/ADB_SERVICES(  129): Calling send_ready local=2652, remote=4921
D/ADB_SERVICES(  129):  closing because is_eof=1 r=1 s->fde.force_eof=0
W/ADB_SERVICES(  129): create_local_service_socket() name=shell:ls -l -d /emmc@ebr1/
D/ADB_SERVICES(  129): Calling send_ready local=2653, remote=4922
D/ADB_SERVICES(  129):  closing because is_eof=1 r=-1 s->fde.force_eof=0
D/ADB_SERVICES(  129): adb fdevent_process list (15) (49) (66) 
W/ADB_SERVICES(  129): create_local_service_socket() name=shell:ls -l -d /emmc@fat/
D/ADB_SERVICES(  129): Calling send_ready local=2654, remote=4923
D/ADB_SERVICES(  129): adb local_socket_ready list (49) (66) 
D/ADB_SERVICES(  129): adb socket read list (49) (66) 
D/ADB_SERVICES(  129): read_data=6246
D/ADB_SERVICES(  129): max_read_time=0.000220 max_send_time=0.000136 
D/ADB_SERVICES(  129):  closing because is_eof=1 r=1 s->fde.force_eof=0
W/ADB_SERVICES(  129): create_local_service_socket() name=shell:ls -l -d /emmc@sec_ro/
D/ADB_SERVICES(  129): Calling send_ready local=2655, remote=4924
D/ADB_SERVICES(  129):  closing because is_eof=1 r=1 s->fde.force_eof=0
W/ADB_SERVICES(  129): create_local_service_socket() name=shell:ls -l -d /emmc@usrdata/
D/ADB_SERVICES(  129): Calling send_ready local=2656, remote=4925
D/ADB_SERVICES(  129):  closing because is_eof=1 r=1 s->fde.force_eof=0
W/ActivityManager( 5082): Process ProcessRecord{42066a90 12532:com.baidu.searchbox/u0a140} failed to attach
W/ActivityManager( 5082): Unattached app died before broadcast acknowledged, skipping
W/ActivityManager( 5082): Unattached app died before broadcast acknowledged, skipping
V/Provider/Setting( 5082): from settings cache , name = read_external_storage_enforced_default value = null
D/Zygote  ( 5033): SelectLoop : runOnce
D/Zygote  ( 5033): read arg list
D/Zygote  ( 5033): prepare new stderr
D/Zygote  ( 5033): parse args
D/Zygote  ( 5033): before fork
D/dalvikvm( 5033): threadid=2: exiting
D/dalvikvm( 5033): threadid=2: bye!
D/dalvikvm( 5033): threadid=3: exiting
D/dalvikvm( 5033): threadid=3: bye!
D/dalvikvm( 5033): threadid=4: exiting
D/dalvikvm( 5033): threadid=4: bye!
D/dalvikvm( 5033): pre gc
D/dalvikvm( 5033): Zygote::ForkAndSpecialize +
D/dalvikvm(12573): Zygote::ForkAndSpecialize : 0
W/ADB_SERVICES(  129): terminating JDWP 12532 connection: Try again
D/ADB_SERVICES(  129): remove pid 12532 to jdwp process list
D/ADB_SERVICES(  129):  closing because is_eof=1 r=0 s->fde.force_eof=0
D/dalvikvm(12573): zygote get new systemTid : 12573
D/dalvikvm(12573): threadid=2: interp stack at 0x4f092000
D/dalvikvm(12573): threadid=3: interp stack at 0x4f19a000
D/jdwp    (12573): prepping for JDWP over ADB
D/jdwp    (12573): ADB transport startup
D/dalvikvm(12573): Elevating priority from 0 to -8
D/dalvikvm(12573): threadid=4: interp stack at 0x4f2a2000
D/jdwp    (12573): JDWP: thread running
D/jdwp    (12573): acceptConnection
D/ADB_SERVICES(  129): Adding socket 47 pid 12573 to jdwp process list
D/jdwp    (12573): trying to receive file descriptor from ADB
D/dalvikvm(12573): threadid=5: interp stack at 0x51688000
D/dalvikvm( 5033): Zygote::ForkAndSpecialize : 12573
D/dalvikvm(12573): zygote get thread init done
D/dalvikvm( 5033): create interp thread : stack size=32KB
D/dalvikvm( 5033): create new thread
D/dalvikvm(12573): create interp thread : stack size=32KB
D/dalvikvm(12573): create new thread
D/dalvikvm( 5033): new thread created
D/dalvikvm( 5033): update thread list
D/dalvikvm(12573): new thread created
W/ADB_SERVICES(  129): create_local_service_socket() name=jdwp:12573
W/ADB_SERVICES(  129): looking for pid 12573 in JDWP process list return fds0(48) fds1(66)
D/ADB_SERVICES(  129): Calling send_ready local=2657, remote=4928
W/ADB_SERVICES(  129): trying to write to JDWP socket=47 pid=12573 count=1 out_fds=66
D/dalvikvm(12573): update thread list
D/jdwp    (12573): received file descriptor 41 from ADB
D/dalvikvm(12573): threadid=6: interp stack at 0x51690000
D/dalvikvm(12573): threadid=6: created from interp
D/dalvikvm(12573): start new thread
D/dalvikvm(12573): create interp thread : stack size=32KB
D/dalvikvm(12573): create new thread
D/dalvikvm(12573): new thread created
D/ADB_SERVICES(  129): Calling send_ready local=2657, remote=4928
D/dalvikvm(12573): update thread list
D/jdwp    (12573): processIncoming
D/ADB_SERVICES(  129): Calling send_ready local=2657, remote=4928
D/jdwp    (12573): processIncoming
D/jdwp    (12573): handlePacket : cmd=0x1, cmdSet=0xC7, len=0x13, id=0x40000C09, flags=0x0, dataLen=0x8
D/ADB_SERVICES(  129): Calling send_ready local=2657, remote=4928
D/jdwp    (12573): processIncoming
D/jdwp    (12573): handlePacket : cmd=0x1, cmdSet=0xC7, len=0x17, id=0x40000C0A, flags=0x0, dataLen=0xC
D/jdwp    (12573): processIncoming
D/jdwp    (12573): handlePacket : cmd=0x1, cmdSet=0xC7, len=0x13, id=0x40000C0B, flags=0x0, dataLen=0x8
D/dalvikvm( 5033): threadid=2: interp stack at 0x4ef92000
D/dalvikvm( 5033): threadid=2: created from interp
D/dalvikvm( 5033): start new thread
D/dalvikvm( 5033): create interp thread : stack size=32KB
D/dalvikvm( 5033): create new thread
D/dalvikvm( 5033): new thread created
D/dalvikvm( 5033): update thread list
D/dalvikvm( 5033): threadid=2: notify debugger
D/dalvikvm( 5033): threadid=2 (ReferenceQueueDaemon): calling run()
D/jdwp    (12573): processIncoming
D/jdwp    (12573): handlePacket : cmd=0x1, cmdSet=0xC7, len=0x13, id=0x40000C0C, flags=0x0, dataLen=0x8
D/dalvikvm(12573): threadid=6: notify debugger
D/dalvikvm(12573): threadid=6 (ReferenceQueueDaemon): calling run()
D/dalvikvm(12573): threadid=7: interp stack at 0x51798000
D/dalvikvm(12573): threadid=7: created from interp
D/dalvikvm(12573): start new thread
D/dalvikvm(12573): create interp thread : stack size=32KB
D/dalvikvm(12573): create new thread
D/dalvikvm(12573): new thread created
D/dalvikvm(12573): update thread list
D/dalvikvm(12573): threadid=7: notify debugger
D/dalvikvm(12573): threadid=7 (FinalizerDaemon): calling run()
D/dalvikvm(12573): threadid=8: interp stack at 0x518a0000
D/dalvikvm(12573): threadid=8: created from interp
D/dalvikvm(12573): start new thread
D/dalvikvm( 5033): threadid=3: interp stack at 0x4f09a000
D/Zygote  (12573): fork pid : 0
D/dalvikvm( 5033): threadid=3: created from interp
D/dalvikvm( 5033): start new thread
D/dalvikvm( 5033): create interp thread : stack size=32KB
D/dalvikvm( 5033): create new thread
D/dalvikvm( 5033): new thread created
D/dalvikvm( 5033): update thread list
D/dalvikvm( 5033): threadid=3: notify debugger
D/dalvikvm( 5033): threadid=3 (FinalizerDaemon): calling run()
D/dalvikvm( 5033): threadid=4: interp stack at 0x4f1a2000
D/dalvikvm( 5033): threadid=4: created from interp
D/dalvikvm( 5033): start new thread
D/Zygote  ( 5033): fork pid : 12573
D/dalvikvm( 5033): threadid=4: notify debugger
D/dalvikvm( 5033): threadid=4 (FinalizerWatchdogDaemon): calling run()
I/ActivityManager( 5082): Start proc com.baidu.searchbox for broadcast com.baidu.searchbox/.widget.QuickSearchWidgetProvider: pid=12573 uid=10140 gids={1006, 1013, 3003, 1015, 1028}
D/dalvikvm(12573): threadid=8: notify debugger
D/dalvikvm(12573): threadid=8 (FinalizerWatchdogDaemon): calling run()
D/dalvikvm(12573): threadid=9: interp stack at 0x51ca6000
D/jdwp    (12573): sendBufferedRequest : len=0x39
D/dalvikvm(12573): threadid=10: interp stack at 0x51dae000
W/ADB_SERVICES(  129): create_local_service_socket() name=shell:ls -l /
D/ADB_SERVICES(  129): Calling send_ready local=2658, remote=4931
D/ADB_SERVICES(  129):  closing because is_eof=1 r=-1 s->fde.force_eof=0
W/ADB_SERVICES(  129): create_local_service_socket() name=shell:ls -l -d /emmc@android/
D/ADB_SERVICES(  129): Calling send_ready local=2659, remote=4932
D/ADB_SERVICES(  129):  closing because is_eof=1 r=1 s->fde.force_eof=0
W/ADB_SERVICES(  129): create_local_service_socket() name=shell:ls -l -d /emmc@cache/
D/ADB_SERVICES(  129): Calling send_ready local=2660, remote=4934
D/ADB_SERVICES(  129):  closing because is_eof=1 r=1 s->fde.force_eof=0
W/ADB_SERVICES(  129): create_local_service_socket() name=shell:ls -l -d /emmc@ebr1/
D/ADB_SERVICES(  129): Calling send_ready local=2661, remote=4935
D/ADB_SERVICES(  129):  closing because is_eof=1 r=1 s->fde.force_eof=0
W/ADB_SERVICES(  129): create_local_service_socket() name=shell:ls -l -d /emmc@fat/
D/ADB_SERVICES(  129): Calling send_ready local=2662, remote=4936
D/ADB_SERVICES(  129):  closing because is_eof=1 r=1 s->fde.force_eof=0
D/ADB_SERVICES(  129): adb fdevent_process list (49) (15) (66) (47) (48) (11) 
W/ADB_SERVICES(  129): create_local_service_socket() name=shell:ls -l -d /emmc@sec_ro/
D/ADB_SERVICES(  129): Calling send_ready local=2663, remote=4937
D/ADB_SERVICES(  129): adb local_socket_ready list (49) (66) (48) 
D/ADB_SERVICES(  129): adb socket read list (49) (66) (48) 
D/ADB_SERVICES(  129): read_data=16032
D/ADB_SERVICES(  129): max_read_time=0.000329 max_send_time=0.000694 
D/ADB_SERVICES(  129):  closing because is_eof=1 r=1 s->fde.force_eof=0
W/ADB_SERVICES(  129): create_local_service_socket() name=shell:ls -l -d /emmc@usrdata/
D/ADB_SERVICES(  129): Calling send_ready local=2664, remote=4938
D/ADB_SERVICES(  129):  closing because is_eof=1 r=1 s->fde.force_eof=0
D/wpa_supplicant( 5159): wlan0: Starting AP scan for wildcard SSID
D/wpa_supplicant( 5159): WPS: Building WPS IE for Probe Request
D/wpa_supplicant( 5159): WPS:  * Version (hardcoded 0x10)
D/wpa_supplicant( 5159): WPS:  * Request Type
D/wpa_supplicant( 5159): WPS:  * Config Methods (4388)
D/wpa_supplicant( 5159): WPS:  * UUID-E
D/wpa_supplicant( 5159): WPS:  * Primary Device Type
D/wpa_supplicant( 5159): WPS:  * RF Bands (3)
D/wpa_supplicant( 5159): WPS:  * Association State
D/wpa_supplicant( 5159): WPS:  * Configuration Error (0)
D/wpa_supplicant( 5159): WPS:  * Device Password ID (0)
D/wpa_supplicant( 5159): WPS:  * Manufacturer
D/wpa_supplicant( 5159): WPS:  * Model Name
D/wpa_supplicant( 5159): WPS:  * Model Number
D/wpa_supplicant( 5159): WPS:  * Device Name
D/wpa_supplicant( 5159): WPS:  * Version2 (0x20)
D/wpa_supplicant( 5159): P2P: * P2P IE header
D/wpa_supplicant( 5159): P2P: * Capability dev=27 group=00
D/wpa_supplicant( 5159): P2P: * Listen Channel: Regulatory Class 81 Channel 1
D/wpa_supplicant( 5159): Scan requested (ret=0) - scan timeout 30 seconds
D/wpa_supplicant( 5159): nl80211: Event message available
D/wpa_supplicant( 5159): nl80211: Scan trigger
E/stp_dump(  115): table == NULL || table->table == NULL
E/stp_dump(  115): table == NULL || table->table == NULL
D/wpa_supplicant( 5159): RTM_NEWLINK: operstate=0 ifi_flags=0x1003 ([UP])
D/wpa_supplicant( 5159): RTM_NEWLINK, IFLA_IFNAME: Interface 'wlan0' added
D/wpa_supplicant( 5159): wlan0: Event INTERFACE_STATUS (5) received
D/wpa_supplicant( 5159): nl80211: Event message available
D/wpa_supplicant( 5159): nl80211: New scan results available
D/wpa_supplicant( 5159): wlan0: Event SCAN_RESULTS (3) received
E/stp_dump(  115): table == NULL || table->table == NULL
E/stp_dump(  115): table == NULL || table->table == NULL
D/NetdConnector( 5082): RCV <- {600 Iface linkstate wlan0 down}
D/Tethering( 5082): interfaceLinkStateChanged wlan0, false
D/Tethering( 5082): interfaceStatusChanged wlan0, false
D/wpa_supplicant( 5159): nl80211: Received scan results (20 BSSes)
D/wpa_supplicant( 5159): nl80211: Survey data missing
E/wpa_supplicant( 5159): Sorted scan results
E/wpa_supplicant( 5159): ec:88:8f:b9:bd:04 freq=2427 qual=0 noise=0 level=-48 flags=0xb
E/wpa_supplicant( 5159): ec:17:2f:7f:c2:30 freq=2412 qual=0 noise=0 level=-62 flags=0xb
E/wpa_supplicant( 5159): 1c:bd:b9:8d:ab:4f freq=2437 qual=0 noise=0 level=-65 flags=0xb
E/wpa_supplicant( 5159): 14:cf:92:21:31:1b freq=2412 qual=0 noise=0 level=-70 flags=0xb
E/wpa_supplicant( 5159): 00:23:cd:48:da:5c freq=2442 qual=0 noise=0 level=-71 flags=0xb
E/wpa_supplicant( 5159): 00:1e:8c:7e:1e:2d freq=2462 qual=0 noise=0 level=-71 flags=0xb
E/wpa_supplicant( 5159): b8:a3:86:4d:45:62 freq=2412 qual=0 noise=0 level=-73 flags=0xb
E/wpa_supplicant( 5159): 1c:fa:68:2d:cb:96 freq=2437 qual=0 noise=0 level=-81 flags=0xb
E/wpa_supplicant( 5159): ec:17:2f:69:0e:72 freq=2412 qual=0 noise=0 level=-82 flags=0xb
E/wpa_supplicant( 5159): 00:90:4c:60:00:2c freq=2437 qual=0 noise=0 level=-82 flags=0xb
E/wpa_supplicant( 5159): 84:c9:b2:a7:f7:38 freq=2462 qual=0 noise=0 level=-90 flags=0xb
E/wpa_supplicant( 5159): 48:02:2a:45:ad:70 freq=2462 qual=0 noise=0 level=-64 flags=0xb
E/wpa_supplicant( 5159): 48:02:2a:45:ae:d3 freq=2462 qual=0 noise=0 level=-64 flags=0xb
E/wpa_supplicant( 5159): 48:02:2a:45:ab:15 freq=2462 qual=0 noise=0 level=-65 flags=0xb
E/wpa_supplicant( 5159): 48:02:2a:45:ad:4d freq=2462 qual=0 noise=0 level=-68 flags=0xb
E/wpa_supplicant( 5159): 48:02:2a:41:04:50 freq=2462 qual=0 noise=0 level=-69 flags=0xb
E/wpa_supplicant( 5159): 48:02:2a:45:ae:f3 freq=2462 qual=0 noise=0 level=-72 flags=0xb
E/wpa_supplicant( 5159): 48:02:2a:45:ad:0e freq=2462 qual=0 noise=0 level=-73 flags=0xb
E/wpa_supplicant( 5159): 52:1a:a9:16:32:76 freq=2437 qual=0 noise=0 level=-76 flags=0xb
E/wpa_supplicant( 5159): 00:0f:11:35:06:6e freq=2462 qual=0 noise=0 level=-84 flags=0xb
D/wpa_supplicant( 5159): wlan0: BSS: Start scan result update 114
D/wpa_supplicant( 5159): wlan0: BSS: Add new id 108 BSSID 84:c9:b2:a7:f7:38 SSID 'EYUN002'
D/wpa_supplicant( 5159): CTRL_IFACE monitor send
D/wpa_supplicant( 5159): 2f646174612f6d6973632f776966692f736f636b6574732f7770615f6374726c5f353038322d3400
D/wpa_supplicant( 5159): wlan0: New scan results available
D/wpa_supplicant( 5159): CTRL_IFACE monitor send
D/wpa_supplicant( 5159): 2f646174612f6d6973632f776966692f736f636b6574732f7770615f6374726c5f353038322d3400
D/wpa_supplicant( 5159): CTRL_IFACE monitor send
D/wpa_supplicant( 5159): 2f646174612f6d6973632f776966692f736f636b6574732f7770615f6374726c5f353038322d3400
D/wpa_supplicant( 5159): wlan0: Selecting BSS from priority group 14
D/wpa_supplicant( 5159): wlan0: 0: ec:88:8f:b9:bd:04 ssid='STS' wpa_ie_len=22 rsn_ie_len=20 caps=0x431 level=-48 wps
D/wpa_supplicant( 5159): wlan0:    skip - SSID mismatch
D/wpa_supplicant( 5159): wlan0: 1: ec:17:2f:7f:c2:30 ssid='TP-LINK_PocketAP' wpa_ie_len=22 rsn_ie_len=20 caps=0x431 level=-62
D/wpa_supplicant( 5159): wlan0:    skip - SSID mismatch
D/wpa_supplicant( 5159): wlan0: 2: 1c:bd:b9:8d:ab:4f ssid='WSN-cf' wpa_ie_len=26 rsn_ie_len=0 caps=0x431 level=-65
D/wpa_supplicant( 5159): wlan0:    skip - SSID mismatch
D/wpa_supplicant( 5159): wlan0: 3: 14:cf:92:21:31:1b ssid='Z-AP' wpa_ie_len=0 rsn_ie_len=20 caps=0x431 level=-70
D/wpa_supplicant( 5159): wlan0:    skip - SSID mismatch
D/wpa_supplicant( 5159): wlan0: 4: 00:23:cd:48:da:5c ssid='chyileon' wpa_ie_len=26 rsn_ie_len=24 caps=0x431 level=-71
D/wpa_supplicant( 5159): wlan0:    skip - SSID mismatch
D/wpa_supplicant( 5159): wlan0: 5: 00:1e:8c:7e:1e:2d ssid='' wpa_ie_len=28 rsn_ie_len=24 caps=0x431 level=-71
D/wpa_supplicant( 5159): wlan0:    skip - SSID mismatch
D/wpa_supplicant( 5159): wlan0: 6: b8:a3:86:4d:45:62 ssid='IHGroup' wpa_ie_len=26 rsn_ie_len=0 caps=0x431 level=-73
D/wpa_supplicant( 5159): wlan0:    skip - SSID mismatch
D/wpa_supplicant( 5159): wlan0: 7: 1c:fa:68:2d:cb:96 ssid='WSN-3F' wpa_ie_len=0 rsn_ie_len=20 caps=0x31 level=-81 wps
D/wpa_supplicant( 5159): wlan0:    skip - SSID mismatch
D/wpa_supplicant( 5159): wlan0: 8: ec:17:2f:69:0e:72 ssid='Diablo' wpa_ie_len=26 rsn_ie_len=24 caps=0x431 level=-82 wps
D/wpa_supplicant( 5159): wlan0:    skip - SSID mismatch
D/wpa_supplicant( 5159): wlan0: 9: 00:90:4c:60:00:2c ssid='shit' wpa_ie_len=24 rsn_ie_len=20 caps=0x411 level=-82
D/wpa_supplicant( 5159): wlan0:    skip - SSID mismatch
D/wpa_supplicant( 5159): wlan0: 10: 84:c9:b2:a7:f7:38 ssid='EYUN002' wpa_ie_len=22 rsn_ie_len=20 caps=0x431 level=-90 wps
D/wpa_supplicant( 5159): wlan0:    skip - SSID mismatch
D/wpa_supplicant( 5159): wlan0: 11: 48:02:2a:45:ad:70 ssid='AP-Node-2' wpa_ie_len=0 rsn_ie_len=0 caps=0x401 level=-64
D/wpa_supplicant( 5159): wlan0:    skip - SSID mismatch
D/wpa_supplicant( 5159): wlan0: 12: 48:02:2a:45:ae:d3 ssid='AP-Node-9' wpa_ie_len=0 rsn_ie_len=0 caps=0x401 level=-64
D/wpa_supplicant( 5159): wlan0:    skip - SSID mismatch
D/wpa_supplicant( 5159): wlan0: 13: 48:02:2a:45:ab:15 ssid='AP-Node-6' wpa_ie_len=0 rsn_ie_len=0 caps=0x401 level=-65
D/wpa_supplicant( 5159): wlan0:    skip - SSID mismatch
D/wpa_supplicant( 5159): wlan0: 14: 48:02:2a:45:ad:4d ssid='AP-Node-7' wpa_ie_len=0 rsn_ie_len=0 caps=0x401 level=-68
D/wpa_supplicant( 5159): wlan0:    skip - SSID mismatch
D/wpa_supplicant( 5159): wlan0: 15: 48:02:2a:41:04:50 ssid='AP-Node-4' wpa_ie_len=0 rsn_ie_len=0 caps=0x401 level=-69
D/wpa_supplicant( 5159): wlan0:    skip - SSID mismatch
D/wpa_supplicant( 5159): wlan0: 16: 48:02:2a:45:ae:f3 ssid='AP-Node-3' wpa_ie_len=0 rsn_ie_len=0 caps=0x401 level=-72
D/wpa_supplicant( 5159): wlan0:    skip - SSID mismatch
D/wpa_supplicant( 5159): wlan0: 17: 48:02:2a:45:ad:0e ssid='AP-Node-5' wpa_ie_len=0 rsn_ie_len=0 caps=0x401 level=-73
D/wpa_supplicant( 5159): wlan0:    skip - SSID mismatch
D/wpa_supplicant( 5159): wlan0: 18: 52:1a:a9:16:32:76 ssid='CMCC' wpa_ie_len=0 rsn_ie_len=0 caps=0x601 level=-76
D/wpa_supplicant( 5159): wlan0:    skip - SSID mismatch
D/wpa_supplicant( 5159): wlan0: 19: 00:0f:11:35:06:6e ssid='AP-Node-1' wpa_ie_len=0 rsn_ie_len=0 caps=0x401 level=-84
D/wpa_supplicant( 5159): wlan0:    skip - SSID mismatch
D/wpa_supplicant( 5159): wlan0: Selecting BSS from priority group 12
D/wpa_supplicant( 5159): wlan0: 0: ec:88:8f:b9:bd:04 ssid='STS' wpa_ie_len=22 rsn_ie_len=20 caps=0x431 level=-48 wps
D/wpa_supplicant( 5159): wlan0:    skip - SSID mismatch
D/wpa_supplicant( 5159): wlan0: 1: ec:17:2f:7f:c2:30 ssid='TP-LINK_PocketAP' wpa_ie_len=22 rsn_ie_len=20 caps=0x431 level=-62
D/wpa_supplicant( 5159): wlan0:    skip - SSID mismatch
D/wpa_supplicant( 5159): wlan0: 2: 1c:bd:b9:8d:ab:4f ssid='WSN-cf' wpa_ie_len=26 rsn_ie_len=0 caps=0x431 level=-65
D/wpa_supplicant( 5159): wlan0:    skip - SSID mismatch
D/wpa_supplicant( 5159): wlan0: 3: 14:cf:92:21:31:1b ssid='Z-AP' wpa_ie_len=0 rsn_ie_len=20 caps=0x431 level=-70
D/wpa_supplicant( 5159): wlan0:    skip - SSID mismatch
D/wpa_supplicant( 5159): wlan0: 4: 00:23:cd:48:da:5c ssid='chyileon' wpa_ie_len=26 rsn_ie_len=24 caps=0x431 level=-71
D/wpa_supplicant( 5159): wlan0:    skip - SSID mismatch
D/wpa_supplicant( 5159): wlan0: 5: 00:1e:8c:7e:1e:2d ssid='' wpa_ie_len=28 rsn_ie_len=24 caps=0x431 level=-71
D/wpa_supplicant( 5159): wlan0:    skip - SSID mismatch
D/wpa_supplicant( 5159): wlan0: 6: b8:a3:86:4d:45:62 ssid='IHGroup' wpa_ie_len=26 rsn_ie_len=0 caps=0x431 level=-73
D/wpa_supplicant( 5159): wlan0:    skip - SSID mismatch
D/wpa_supplicant( 5159): wlan0: 7: 1c:fa:68:2d:cb:96 ssid='WSN-3F' wpa_ie_len=0 rsn_ie_len=20 caps=0x31 level=-81 wps
D/wpa_supplicant( 5159): wlan0:    skip - SSID mismatch
D/wpa_supplicant( 5159): wlan0: 8: ec:17:2f:69:0e:72 ssid='Diablo' wpa_ie_len=26 rsn_ie_len=24 caps=0x431 level=-82 wps
D/wpa_supplicant( 5159): wlan0:    skip - SSID mismatch
D/wpa_supplicant( 5159): wlan0: 9: 00:90:4c:60:00:2c ssid='shit' wpa_ie_len=24 rsn_ie_len=20 caps=0x411 level=-82
D/wpa_supplicant( 5159): wlan0:    skip - SSID mismatch
D/wpa_supplicant( 5159): wlan0: 10: 84:c9:b2:a7:f7:38 ssid='EYUN002' wpa_ie_len=22 rsn_ie_len=20 caps=0x431 level=-90 wps
D/wpa_supplicant( 5159): wlan0:    skip - SSID mismatch
D/wpa_supplicant( 5159): wlan0: 11: 48:02:2a:45:ad:70 ssid='AP-Node-2' wpa_ie_len=0 rsn_ie_len=0 caps=0x401 level=-64
D/wpa_supplicant( 5159): wlan0:    skip - SSID mismatch
D/wpa_supplicant( 5159): wlan0: 12: 48:02:2a:45:ae:d3 ssid='AP-Node-9' wpa_ie_len=0 rsn_ie_len=0 caps=0x401 level=-64
D/wpa_supplicant( 5159): wlan0:    skip - SSID mismatch
D/wpa_supplicant( 5159): wlan0: 13: 48:02:2a:45:ab:15 ssid='AP-Node-6' wpa_ie_len=0 rsn_ie_len=0 caps=0x401 level=-65
D/wpa_supplicant( 5159): wlan0:    skip - SSID mismatch
D/wpa_supplicant( 5159): wlan0: 14: 48:02:2a:45:ad:4d ssid='AP-Node-7' wpa_ie_len=0 rsn_ie_len=0 caps=0x401 level=-68
D/wpa_supplicant( 5159): wlan0:    skip - SSID mismatch
D/wpa_supplicant( 5159): wlan0: 15: 48:02:2a:41:04:50 ssid='AP-Node-4' wpa_ie_len=0 rsn_ie_len=0 caps=0x401 level=-69
D/wpa_supplicant( 5159): wlan0:    skip - SSID mismatch
D/wpa_supplicant( 5159): wlan0: 16: 48:02:2a:45:ae:f3 ssid='AP-Node-3' wpa_ie_len=0 rsn_ie_len=0 caps=0x401 level=-72
D/wpa_supplicant( 5159): wlan0:    skip - SSID mismatch
D/wpa_supplicant( 5159): wlan0: 17: 48:02:2a:45:ad:0e ssid='AP-Node-5' wpa_ie_len=0 rsn_ie_len=0 caps=0x401 level=-73
D/wpa_supplicant( 5159): wlan0:    skip - SSID mismatch
D/wpa_supplicant( 5159): wlan0: 18: 52:1a:a9:16:32:76 ssid='CMCC' wpa_ie_len=0 rsn_ie_len=0 caps=0x601 level=-76
D/wpa_supplicant( 5159): wlan0:    skip - SSID mismatch
D/wpa_supplicant( 5159): wlan0: 19: 00:0f:11:35:06:6e ssid='AP-Node-1' wpa_ie_len=0 rsn_ie_len=0 caps=0x401 level=-84
D/wpa_supplicant( 5159): wlan0:    skip - SSID mismatch
D/wpa_supplicant( 5159): wlan0: Selecting BSS from priority group 7
D/wpa_supplicant( 5159): wlan0: 0: ec:88:8f:b9:bd:04 ssid='STS' wpa_ie_len=22 rsn_ie_len=20 caps=0x431 level=-48 wps
D/wpa_supplicant( 5159): wlan0:    skip - SSID mismatch
D/wpa_supplicant( 5159): wlan0: 1: ec:17:2f:7f:c2:30 ssid='TP-LINK_PocketAP' wpa_ie_len=22 rsn_ie_len=20 caps=0x431 level=-62
D/wpa_supplicant( 5159): wlan0:    skip - SSID mismatch
D/wpa_supplicant( 5159): wlan0: 2: 1c:bd:b9:8d:ab:4f ssid='WSN-cf' wpa_ie_len=26 rsn_ie_len=0 caps=0x431 level=-65
D/wpa_supplicant( 5159): wlan0:    skip - SSID mismatch
D/wpa_supplicant( 5159): wlan0: 3: 14:cf:92:21:31:1b ssid='Z-AP' wpa_ie_len=0 rsn_ie_len=20 caps=0x431 level=-70
D/wpa_supplicant( 5159): wlan0:    skip - SSID mismatch
D/wpa_supplicant( 5159): wlan0: 4: 00:23:cd:48:da:5c ssid='chyileon' wpa_ie_len=26 rsn_ie_len=24 caps=0x431 level=-71
D/wpa_supplicant( 5159): wlan0:    skip - SSID mismatch
D/wpa_supplicant( 5159): wlan0: 5: 00:1e:8c:7e:1e:2d ssid='' wpa_ie_len=28 rsn_ie_len=24 caps=0x431 level=-71
D/wpa_supplicant( 5159): wlan0:    skip - SSID mismatch
D/wpa_supplicant( 5159): wlan0: 6: b8:a3:86:4d:45:62 ssid='IHGroup' wpa_ie_len=26 rsn_ie_len=0 caps=0x431 level=-73
D/wpa_supplicant( 5159): wlan0:    skip - SSID mismatch
D/wpa_supplicant( 5159): wlan0: 7: 1c:fa:68:2d:cb:96 ssid='WSN-3F' wpa_ie_len=0 rsn_ie_len=20 caps=0x31 level=-81 wps
D/wpa_supplicant( 5159): wlan0:    skip - SSID mismatch
D/wpa_supplicant( 5159): wlan0: 8: ec:17:2f:69:0e:72 ssid='Diablo' wpa_ie_len=26 rsn_ie_len=24 caps=0x431 level=-82 wps
D/wpa_supplicant( 5159): wlan0:    skip - SSID mismatch
D/wpa_supplicant( 5159): wlan0: 9: 00:90:4c:60:00:2c ssid='shit' wpa_ie_len=24 rsn_ie_len=20 caps=0x411 level=-82
D/wpa_supplicant( 5159): wlan0:    skip - SSID mismatch
D/wpa_supplicant( 5159): wlan0: 10: 84:c9:b2:a7:f7:38 ssid='EYUN002' wpa_ie_len=22 rsn_ie_len=20 caps=0x431 level=-90 wps
D/wpa_supplicant( 5159): wlan0:    skip - SSID mismatch
D/wpa_supplicant( 5159): wlan0: 11: 48:02:2a:45:ad:70 ssid='AP-Node-2' wpa_ie_len=0 rsn_ie_len=0 caps=0x401 level=-64
D/wpa_supplicant( 5159): wlan0:    skip - SSID mismatch
D/wpa_supplicant( 5159): wlan0: 12: 48:02:2a:45:ae:d3 ssid='AP-Node-9' wpa_ie_len=0 rsn_ie_len=0 caps=0x401 level=-64
D/wpa_supplicant( 5159): wlan0:    skip - SSID mismatch
D/wpa_supplicant( 5159): wlan0: 13: 48:02:2a:45:ab:15 ssid='AP-Node-6' wpa_ie_len=0 rsn_ie_len=0 caps=0x401 level=-65
D/wpa_supplicant( 5159): wlan0:    skip - SSID mismatch
D/wpa_supplicant( 5159): wlan0: 14: 48:02:2a:45:ad:4d ssid='AP-Node-7' wpa_ie_len=0 rsn_ie_len=0 caps=0x401 level=-68
D/wpa_supplicant( 5159): wlan0:    skip - SSID mismatch
D/wpa_supplicant( 5159): wlan0: 15: 48:02:2a:41:04:50 ssid='AP-Node-4' wpa_ie_len=0 rsn_ie_len=0 caps=0x401 level=-69
D/wpa_supplicant( 5159): wlan0:    skip - SSID mismatch
D/wpa_supplicant( 5159): wlan0: 16: 48:02:2a:45:ae:f3 ssid='AP-Node-3' wpa_ie_len=0 rsn_ie_len=0 caps=0x401 level=-72
D/wpa_supplicant( 5159): wlan0:    skip - SSID mismatch
D/wpa_supplicant( 5159): wlan0: 17: 48:02:2a:45:ad:0e ssid='AP-Node-5' wpa_ie_len=0 rsn_ie_len=0 caps=0x401 level=-73
D/wpa_supplicant( 5159): wlan0:    skip - SSID mismatch
D/wpa_supplicant( 5159): wlan0: 18: 52:1a:a9:16:32:76 ssid='CMCC' wpa_ie_len=0 rsn_ie_len=0 caps=0x601 level=-76
D/wpa_supplicant( 5159): wlan0:    skip - SSID mismatch
D/wpa_supplicant( 5159): wlan0: 19: 00:0f:11:35:06:6e ssid='AP-Node-1' wpa_ie_len=0 rsn_ie_len=0 caps=0x401 level=-84
D/wpa_supplicant( 5159): wlan0:    skip - SSID mismatch
D/wpa_supplicant( 5159): wlan0: Selecting BSS from priority group 6
D/wpa_supplicant( 5159): wlan0: 0: ec:88:8f:b9:bd:04 ssid='STS' wpa_ie_len=22 rsn_ie_len=20 caps=0x431 level=-48 wps
D/wpa_supplicant( 5159): wlan0:    skip - SSID mismatch
D/wpa_supplicant( 5159): wlan0: 1: ec:17:2f:7f:c2:30 ssid='TP-LINK_PocketAP' wpa_ie_len=22 rsn_ie_len=20 caps=0x431 level=-62
D/wpa_supplicant( 5159): wlan0:    skip - SSID mismatch
D/wpa_supplicant( 5159): wlan0: 2: 1c:bd:b9:8d:ab:4f ssid='WSN-cf' wpa_ie_len=26 rsn_ie_len=0 caps=0x431 level=-65
D/wpa_supplicant( 5159): wlan0:    skip - SSID mismatch
D/wpa_supplicant( 5159): wlan0: 3: 14:cf:92:21:31:1b ssid='Z-AP' wpa_ie_len=0 rsn_ie_len=20 caps=0x431 level=-70
D/wpa_supplicant( 5159): wlan0:    skip - SSID mismatch
D/wpa_supplicant( 5159): wlan0: 4: 00:23:cd:48:da:5c ssid='chyileon' wpa_ie_len=26 rsn_ie_len=24 caps=0x431 level=-71
D/wpa_supplicant( 5159): wlan0:    skip - SSID mismatch
D/wpa_supplicant( 5159): wlan0: 5: 00:1e:8c:7e:1e:2d ssid='' wpa_ie_len=28 rsn_ie_len=24 caps=0x431 level=-71
D/wpa_supplicant( 5159): wlan0:    skip - SSID mismatch
D/wpa_supplicant( 5159): wlan0: 6: b8:a3:86:4d:45:62 ssid='IHGroup' wpa_ie_len=26 rsn_ie_len=0 caps=0x431 level=-73
D/wpa_supplicant( 5159): wlan0:    skip - SSID mismatch
D/wpa_supplicant( 5159): wlan0: 7: 1c:fa:68:2d:cb:96 ssid='WSN-3F' wpa_ie_len=0 rsn_ie_len=20 caps=0x31 level=-81 wps
D/wpa_supplicant( 5159): wlan0:    skip - SSID mismatch
D/wpa_supplicant( 5159): wlan0: 8: ec:17:2f:69:0e:72 ssid='Diablo' wpa_ie_len=26 rsn_ie_len=24 caps=0x431 level=-82 wps
D/wpa_supplicant( 5159): wlan0:    skip - SSID mismatch
D/wpa_supplicant( 5159): wlan0: 9: 00:90:4c:60:00:2c ssid='shit' wpa_ie_len=24 rsn_ie_len=20 caps=0x411 level=-82
D/wpa_supplicant( 5159): wlan0:    skip - SSID mismatch
D/wpa_supplicant( 5159): wlan0: 10: 84:c9:b2:a7:f7:38 ssid='EYUN002' wpa_ie_len=22 rsn_ie_len=20 caps=0x431 level=-90 wps
D/wpa_supplicant( 5159): wlan0:    skip - SSID mismatch
D/wpa_supplicant( 5159): wlan0: 11: 48:02:2a:45:ad:70 ssid='AP-Node-2' wpa_ie_len=0 rsn_ie_len=0 caps=0x401 level=-64
D/wpa_supplicant( 5159): wlan0:    skip - SSID mismatch
D/wpa_supplicant( 5159): wlan0: 12: 48:02:2a:45:ae:d3 ssid='AP-Node-9' wpa_ie_len=0 rsn_ie_len=0 caps=0x401 level=-64
D/wpa_supplicant( 5159): wlan0:    skip - SSID mismatch
D/wpa_supplicant( 5159): wlan0: 13: 48:02:2a:45:ab:15 ssid='AP-Node-6' wpa_ie_len=0 rsn_ie_len=0 caps=0x401 level=-65
D/wpa_supplicant( 5159): wlan0:    skip - SSID mismatch
D/wpa_supplicant( 5159): wlan0: 14: 48:02:2a:45:ad:4d ssid='AP-Node-7' wpa_ie_len=0 rsn_ie_len=0 caps=0x401 level=-68
D/wpa_supplicant( 5159): wlan0:    skip - SSID mismatch
