D/wpa_supplicant( 5159): wlan0: 6: 00:90:4c:60:00:2c ssid='shit' wpa_ie_len=24 rsn_ie_len=20 caps=0x411 level=-81
D/wpa_supplicant( 5159): wlan0:    skip - SSID mismatch
D/wpa_supplicant( 5159): wlan0: 7: 1c:fa:68:2d:cb:96 ssid='WSN-3F' wpa_ie_len=0 rsn_ie_len=20 caps=0x31 level=-83 wps
D/wpa_supplicant( 5159): wlan0:    skip - SSID mismatch
D/wpa_supplicant( 5159): wlan0: 8: 48:02:2a:45:ae:d3 ssid='AP-Node-9' wpa_ie_len=0 rsn_ie_len=0 caps=0x401 level=-63
D/wpa_supplicant( 5159): wlan0:    skip - SSID mismatch
D/wpa_supplicant( 5159): wlan0: 9: 48:02:2a:45:ad:70 ssid='AP-Node-2' wpa_ie_len=0 rsn_ie_len=0 caps=0x401 level=-64
D/wpa_supplicant( 5159): wlan0:    skip - SSID mismatch
D/wpa_supplicant( 5159): wlan0: 10: 48:02:2a:45:ab:15 ssid='AP-Node-6' wpa_ie_len=0 rsn_ie_len=0 caps=0x401 level=-65
D/wpa_supplicant( 5159): wlan0:    skip - SSID mismatch
D/wpa_supplicant( 5159): wlan0: 11: 48:02:2a:45:ad:4d ssid='AP-Node-7' wpa_ie_len=0 rsn_ie_len=0 caps=0x401 level=-69
D/wpa_supplicant( 5159): wlan0:    skip - SSID mismatch
D/wpa_supplicant( 5159): wlan0: 12: 48:02:2a:45:ae:f3 ssid='AP-Node-3' wpa_ie_len=0 rsn_ie_len=0 caps=0x401 level=-70
D/wpa_supplicant( 5159): wlan0:    skip - SSID mismatch
D/wpa_supplicant( 5159): wlan0: 13: 48:02:2a:41:04:50 ssid='AP-Node-4' wpa_ie_len=0 rsn_ie_len=0 caps=0x401 level=-71
D/wpa_supplicant( 5159): wlan0:    skip - SSID mismatch
D/wpa_supplicant( 5159): wlan0: 14: 48:02:2a:45:ad:0e ssid='AP-Node-5' wpa_ie_len=0 rsn_ie_len=0 caps=0x401 level=-78
D/wpa_supplicant( 5159): wlan0:    skip - SSID mismatch
D/wpa_supplicant( 5159): wlan0: 15: 00:0f:11:35:06:6e ssid='AP-Node-1' wpa_ie_len=0 rsn_ie_len=0 caps=0x401 level=-81
D/wpa_supplicant( 5159): wlan0:    skip - SSID mismatch
D/wpa_supplicant( 5159): wlan0: 16: 00:1f:1f:02:f5:bf ssid='Mobile Wireless' wpa_ie_len=0 rsn_ie_len=0 caps=0x401 level=-90
D/wpa_supplicant( 5159): wlan0:    skip - SSID mismatch
D/wpa_supplicant( 5159): wlan0: Selecting BSS from priority group 12
D/wpa_supplicant( 5159): wlan0: 0: ec:88:8f:b9:bd:04 ssid='STS' wpa_ie_len=22 rsn_ie_len=20 caps=0x431 level=-48 wps
D/wpa_supplicant( 5159): wlan0:    skip - SSID mismatch
D/wpa_supplicant( 5159): wlan0: 1: ec:17:2f:7f:c2:30 ssid='TP-LINK_PocketAP' wpa_ie_len=22 rsn_ie_len=20 caps=0x431 level=-61
D/wpa_supplicant( 5159): wlan0:    skip - SSID mismatch
D/wpa_supplicant( 5159): wlan0: 2: 1c:bd:b9:8d:ab:4f ssid='WSN-cf' wpa_ie_len=26 rsn_ie_len=0 caps=0x431 level=-64
D/wpa_supplicant( 5159): wlan0:    skip - SSID mismatch
D/wpa_supplicant( 5159): wlan0: 3: 00:23:cd:48:da:5c ssid='chyileon' wpa_ie_len=26 rsn_ie_len=24 caps=0x431 level=-71
D/wpa_supplicant( 5159): wlan0:    skip - SSID mismatch
D/wpa_supplicant( 5159): wlan0: 4: 14:cf:92:21:31:1b ssid='Z-AP' wpa_ie_len=0 rsn_ie_len=20 caps=0x431 level=-75
D/wpa_supplicant( 5159): wlan0:    skip - SSID mismatch
D/wpa_supplicant( 5159): wlan0: 5: b8:a3:86:4d:45:62 ssid='IHGroup' wpa_ie_len=26 rsn_ie_len=0 caps=0x431 level=-77
D/wpa_supplicant( 5159): wlan0:    skip - SSID mismatch
D/wpa_supplicant( 5159): wlan0: 6: 00:90:4c:60:00:2c ssid='shit' wpa_ie_len=24 rsn_ie_len=20 caps=0x411 level=-81
D/wpa_supplicant( 5159): wlan0:    skip - SSID mismatch
D/wpa_supplicant( 5159): wlan0: 7: 1c:fa:68:2d:cb:96 ssid='WSN-3F' wpa_ie_len=0 rsn_ie_len=20 caps=0x31 level=-83 wps
D/wpa_supplicant( 5159): wlan0:    skip - SSID mismatch
D/wpa_supplicant( 5159): wlan0: 8: 48:02:2a:45:ae:d3 ssid='AP-Node-9' wpa_ie_len=0 rsn_ie_len=0 caps=0x401 level=-63
D/wpa_supplicant( 5159): wlan0:    skip - SSID mismatch
D/wpa_supplicant( 5159): wlan0: 9: 48:02:2a:45:ad:70 ssid='AP-Node-2' wpa_ie_len=0 rsn_ie_len=0 caps=0x401 level=-64
D/wpa_supplicant( 5159): wlan0:    skip - SSID mismatch
D/wpa_supplicant( 5159): wlan0: 10: 48:02:2a:45:ab:15 ssid='AP-Node-6' wpa_ie_len=0 rsn_ie_len=0 caps=0x401 level=-65
D/wpa_supplicant( 5159): wlan0:    skip - SSID mismatch
D/wpa_supplicant( 5159): wlan0: 11: 48:02:2a:45:ad:4d ssid='AP-Node-7' wpa_ie_len=0 rsn_ie_len=0 caps=0x401 level=-69
D/wpa_supplicant( 5159): wlan0:    skip - SSID mismatch
D/wpa_supplicant( 5159): wlan0: 12: 48:02:2a:45:ae:f3 ssid='AP-Node-3' wpa_ie_len=0 rsn_ie_len=0 caps=0x401 level=-70
D/wpa_supplicant( 5159): wlan0:    skip - SSID mismatch
D/wpa_supplicant( 5159): wlan0: 13: 48:02:2a:41:04:50 ssid='AP-Node-4' wpa_ie_len=0 rsn_ie_len=0 caps=0x401 level=-71
D/wpa_supplicant( 5159): wlan0:    skip - SSID mismatch
D/wpa_supplicant( 5159): wlan0: 14: 48:02:2a:45:ad:0e ssid='AP-Node-5' wpa_ie_len=0 rsn_ie_len=0 caps=0x401 level=-78
D/wpa_supplicant( 5159): wlan0:    skip - SSID mismatch
D/wpa_supplicant( 5159): wlan0: 15: 00:0f:11:35:06:6e ssid='AP-Node-1' wpa_ie_len=0 rsn_ie_len=0 caps=0x401 level=-81
D/wpa_supplicant( 5159): wlan0:    skip - SSID mismatch
D/wpa_supplicant( 5159): wlan0: 16: 00:1f:1f:02:f5:bf ssid='Mobile Wireless' wpa_ie_len=0 rsn_ie_len=0 caps=0x401 level=-90
D/wpa_supplicant( 5159): wlan0:    skip - SSID mismatch
D/wpa_supplicant( 5159): wlan0: Selecting BSS from priority group 7
D/wpa_supplicant( 5159): wlan0: 0: ec:88:8f:b9:bd:04 ssid='STS' wpa_ie_len=22 rsn_ie_len=20 caps=0x431 level=-48 wps
D/wpa_supplicant( 5159): wlan0:    skip - SSID mismatch
D/wpa_supplicant( 5159): wlan0: 1: ec:17:2f:7f:c2:30 ssid='TP-LINK_PocketAP' wpa_ie_len=22 rsn_ie_len=20 caps=0x431 level=-61
D/wpa_supplicant( 5159): wlan0:    skip - SSID mismatch
D/wpa_supplicant( 5159): wlan0: 2: 1c:bd:b9:8d:ab:4f ssid='WSN-cf' wpa_ie_len=26 rsn_ie_len=0 caps=0x431 level=-64
D/wpa_supplicant( 5159): wlan0:    skip - SSID mismatch
D/wpa_supplicant( 5159): wlan0: 3: 00:23:cd:48:da:5c ssid='chyileon' wpa_ie_len=26 rsn_ie_len=24 caps=0x431 level=-71
D/wpa_supplicant( 5159): wlan0:    skip - SSID mismatch
D/wpa_supplicant( 5159): wlan0: 4: 14:cf:92:21:31:1b ssid='Z-AP' wpa_ie_len=0 rsn_ie_len=20 caps=0x431 level=-75
D/wpa_supplicant( 5159): wlan0:    skip - SSID mismatch
D/wpa_supplicant( 5159): wlan0: 5: b8:a3:86:4d:45:62 ssid='IHGroup' wpa_ie_len=26 rsn_ie_len=0 caps=0x431 level=-77
D/wpa_supplicant( 5159): wlan0:    skip - SSID mismatch
D/wpa_supplicant( 5159): wlan0: 6: 00:90:4c:60:00:2c ssid='shit' wpa_ie_len=24 rsn_ie_len=20 caps=0x411 level=-81
D/wpa_supplicant( 5159): wlan0:    skip - SSID mismatch
D/wpa_supplicant( 5159): wlan0: 7: 1c:fa:68:2d:cb:96 ssid='WSN-3F' wpa_ie_len=0 rsn_ie_len=20 caps=0x31 level=-83 wps
D/wpa_supplicant( 5159): wlan0:    skip - SSID mismatch
D/wpa_supplicant( 5159): wlan0: 8: 48:02:2a:45:ae:d3 ssid='AP-Node-9' wpa_ie_len=0 rsn_ie_len=0 caps=0x401 level=-63
D/wpa_supplicant( 5159): wlan0:    skip - SSID mismatch
D/wpa_supplicant( 5159): wlan0: 9: 48:02:2a:45:ad:70 ssid='AP-Node-2' wpa_ie_len=0 rsn_ie_len=0 caps=0x401 level=-64
D/wpa_supplicant( 5159): wlan0:    skip - SSID mismatch
D/wpa_supplicant( 5159): wlan0: 10: 48:02:2a:45:ab:15 ssid='AP-Node-6' wpa_ie_len=0 rsn_ie_len=0 caps=0x401 level=-65
D/wpa_supplicant( 5159): wlan0:    skip - SSID mismatch
D/wpa_supplicant( 5159): wlan0: 11: 48:02:2a:45:ad:4d ssid='AP-Node-7' wpa_ie_len=0 rsn_ie_len=0 caps=0x401 level=-69
D/wpa_supplicant( 5159): wlan0:    skip - SSID mismatch
D/wpa_supplicant( 5159): wlan0: 12: 48:02:2a:45:ae:f3 ssid='AP-Node-3' wpa_ie_len=0 rsn_ie_len=0 caps=0x401 level=-70
D/wpa_supplicant( 5159): wlan0:    skip - SSID mismatch
D/wpa_supplicant( 5159): wlan0: 13: 48:02:2a:41:04:50 ssid='AP-Node-4' wpa_ie_len=0 rsn_ie_len=0 caps=0x401 level=-71
D/wpa_supplicant( 5159): wlan0:    skip - SSID mismatch
D/wpa_supplicant( 5159): wlan0: 14: 48:02:2a:45:ad:0e ssid='AP-Node-5' wpa_ie_len=0 rsn_ie_len=0 caps=0x401 level=-78
D/wpa_supplicant( 5159): wlan0:    skip - SSID mismatch
D/wpa_supplicant( 5159): wlan0: 15: 00:0f:11:35:06:6e ssid='AP-Node-1' wpa_ie_len=0 rsn_ie_len=0 caps=0x401 level=-81
D/wpa_supplicant( 5159): wlan0:    skip - SSID mismatch
D/wpa_supplicant( 5159): wlan0: 16: 00:1f:1f:02:f5:bf ssid='Mobile Wireless' wpa_ie_len=0 rsn_ie_len=0 caps=0x401 level=-90
D/wpa_supplicant( 5159): wlan0:    skip - SSID mismatch
D/wpa_supplicant( 5159): wlan0: Selecting BSS from priority group 6
D/wpa_supplicant( 5159): wlan0: 0: ec:88:8f:b9:bd:04 ssid='STS' wpa_ie_len=22 rsn_ie_len=20 caps=0x431 level=-48 wps
D/wpa_supplicant( 5159): wlan0:    skip - SSID mismatch
D/wpa_supplicant( 5159): wlan0: 1: ec:17:2f:7f:c2:30 ssid='TP-LINK_PocketAP' wpa_ie_len=22 rsn_ie_len=20 caps=0x431 level=-61
D/wpa_supplicant( 5159): wlan0:    skip - SSID mismatch
D/wpa_supplicant( 5159): wlan0: 2: 1c:bd:b9:8d:ab:4f ssid='WSN-cf' wpa_ie_len=26 rsn_ie_len=0 caps=0x431 level=-64
D/wpa_supplicant( 5159): wlan0:    skip - SSID mismatch
D/wpa_supplicant( 5159): wlan0: 3: 00:23:cd:48:da:5c ssid='chyileon' wpa_ie_len=26 rsn_ie_len=24 caps=0x431 level=-71
D/wpa_supplicant( 5159): wlan0:    skip - SSID mismatch
D/wpa_supplicant( 5159): wlan0: 4: 14:cf:92:21:31:1b ssid='Z-AP' wpa_ie_len=0 rsn_ie_len=20 caps=0x431 level=-75
D/wpa_supplicant( 5159): wlan0:    skip - SSID mismatch
D/wpa_supplicant( 5159): wlan0: 5: b8:a3:86:4d:45:62 ssid='IHGroup' wpa_ie_len=26 rsn_ie_len=0 caps=0x431 level=-77
D/wpa_supplicant( 5159): wlan0:    skip - SSID mismatch
D/wpa_supplicant( 5159): wlan0: 6: 00:90:4c:60:00:2c ssid='shit' wpa_ie_len=24 rsn_ie_len=20 caps=0x411 level=-81
D/wpa_supplicant( 5159): wlan0:    skip - SSID mismatch
D/wpa_supplicant( 5159): wlan0: 7: 1c:fa:68:2d:cb:96 ssid='WSN-3F' wpa_ie_len=0 rsn_ie_len=20 caps=0x31 level=-83 wps
D/wpa_supplicant( 5159): wlan0:    skip - SSID mismatch
D/wpa_supplicant( 5159): wlan0: 8: 48:02:2a:45:ae:d3 ssid='AP-Node-9' wpa_ie_len=0 rsn_ie_len=0 caps=0x401 level=-63
D/wpa_supplicant( 5159): wlan0:    skip - SSID mismatch
D/wpa_supplicant( 5159): wlan0: 9: 48:02:2a:45:ad:70 ssid='AP-Node-2' wpa_ie_len=0 rsn_ie_len=0 caps=0x401 level=-64
D/wpa_supplicant( 5159): wlan0:    skip - SSID mismatch
D/wpa_supplicant( 5159): wlan0: 10: 48:02:2a:45:ab:15 ssid='AP-Node-6' wpa_ie_len=0 rsn_ie_len=0 caps=0x401 level=-65
D/wpa_supplicant( 5159): wlan0:    skip - SSID mismatch
D/wpa_supplicant( 5159): wlan0: 11: 48:02:2a:45:ad:4d ssid='AP-Node-7' wpa_ie_len=0 rsn_ie_len=0 caps=0x401 level=-69
D/wpa_supplicant( 5159): wlan0:    skip - SSID mismatch
D/wpa_supplicant( 5159): wlan0: 12: 48:02:2a:45:ae:f3 ssid='AP-Node-3' wpa_ie_len=0 rsn_ie_len=0 caps=0x401 level=-70
D/wpa_supplicant( 5159): wlan0:    skip - SSID mismatch
D/wpa_supplicant( 5159): wlan0: 13: 48:02:2a:41:04:50 ssid='AP-Node-4' wpa_ie_len=0 rsn_ie_len=0 caps=0x401 level=-71
D/wpa_supplicant( 5159): wlan0:    skip - SSID mismatch
D/wpa_supplicant( 5159): wlan0: 14: 48:02:2a:45:ad:0e ssid='AP-Node-5' wpa_ie_len=0 rsn_ie_len=0 caps=0x401 level=-78
D/wpa_supplicant( 5159): wlan0:    skip - SSID mismatch
D/wpa_supplicant( 5159): wlan0: 15: 00:0f:11:35:06:6e ssid='AP-Node-1' wpa_ie_len=0 rsn_ie_len=0 caps=0x401 level=-81
D/wpa_supplicant( 5159): wlan0:    skip - SSID mismatch
D/wpa_supplicant( 5159): wlan0: 16: 00:1f:1f:02:f5:bf ssid='Mobile Wireless' wpa_ie_len=0 rsn_ie_len=0 caps=0x401 level=-90
D/wpa_supplicant( 5159): wlan0:    skip - SSID mismatch
D/wpa_supplicant( 5159): wlan0: Selecting BSS from priority group 5
D/wpa_supplicant( 5159): wlan0: 0: ec:88:8f:b9:bd:04 ssid='STS' wpa_ie_len=22 rsn_ie_len=20 caps=0x431 level=-48 wps
D/wpa_supplicant( 5159): wlan0:    skip - SSID mismatch
D/wpa_supplicant( 5159): wlan0: 1: ec:17:2f:7f:c2:30 ssid='TP-LINK_PocketAP' wpa_ie_len=22 rsn_ie_len=20 caps=0x431 level=-61
D/wpa_supplicant( 5159): wlan0:    skip - SSID mismatch
D/wpa_supplicant( 5159): wlan0: 2: 1c:bd:b9:8d:ab:4f ssid='WSN-cf' wpa_ie_len=26 rsn_ie_len=0 caps=0x431 level=-64
D/wpa_supplicant( 5159): wlan0:    skip - SSID mismatch
D/wpa_supplicant( 5159): wlan0: 3: 00:23:cd:48:da:5c ssid='chyileon' wpa_ie_len=26 rsn_ie_len=24 caps=0x431 level=-71
D/wpa_supplicant( 5159): wlan0:    skip - SSID mismatch
D/wpa_supplicant( 5159): wlan0: 4: 14:cf:92:21:31:1b ssid='Z-AP' wpa_ie_len=0 rsn_ie_len=20 caps=0x431 level=-75
D/wpa_supplicant( 5159): wlan0:    skip - SSID mismatch
D/wpa_supplicant( 5159): wlan0: 5: b8:a3:86:4d:45:62 ssid='IHGroup' wpa_ie_len=26 rsn_ie_len=0 caps=0x431 level=-77
D/wpa_supplicant( 5159): wlan0:    skip - SSID mismatch
D/wpa_supplicant( 5159): wlan0: 6: 00:90:4c:60:00:2c ssid='shit' wpa_ie_len=24 rsn_ie_len=20 caps=0x411 level=-81
D/wpa_supplicant( 5159): wlan0:    skip - SSID mismatch
D/wpa_supplicant( 5159): wlan0: 7: 1c:fa:68:2d:cb:96 ssid='WSN-3F' wpa_ie_len=0 rsn_ie_len=20 caps=0x31 level=-83 wps
D/wpa_supplicant( 5159): wlan0:    skip - SSID mismatch
D/wpa_supplicant( 5159): wlan0: 8: 48:02:2a:45:ae:d3 ssid='AP-Node-9' wpa_ie_len=0 rsn_ie_len=0 caps=0x401 level=-63
D/wpa_supplicant( 5159): wlan0:    skip - SSID mismatch
D/wpa_supplicant( 5159): wlan0: 9: 48:02:2a:45:ad:70 ssid='AP-Node-2' wpa_ie_len=0 rsn_ie_len=0 caps=0x401 level=-64
D/wpa_supplicant( 5159): wlan0:    skip - SSID mismatch
D/wpa_supplicant( 5159): wlan0: 10: 48:02:2a:45:ab:15 ssid='AP-Node-6' wpa_ie_len=0 rsn_ie_len=0 caps=0x401 level=-65
D/wpa_supplicant( 5159): wlan0:    skip - SSID mismatch
D/wpa_supplicant( 5159): wlan0: 11: 48:02:2a:45:ad:4d ssid='AP-Node-7' wpa_ie_len=0 rsn_ie_len=0 caps=0x401 level=-69
D/wpa_supplicant( 5159): wlan0:    skip - SSID mismatch
D/wpa_supplicant( 5159): wlan0: 12: 48:02:2a:45:ae:f3 ssid='AP-Node-3' wpa_ie_len=0 rsn_ie_len=0 caps=0x401 level=-70
D/wpa_supplicant( 5159): wlan0:    skip - SSID mismatch
D/wpa_supplicant( 5159): wlan0: 13: 48:02:2a:41:04:50 ssid='AP-Node-4' wpa_ie_len=0 rsn_ie_len=0 caps=0x401 level=-71
D/wpa_supplicant( 5159): wlan0:    skip - SSID mismatch
D/wpa_supplicant( 5159): wlan0: 14: 48:02:2a:45:ad:0e ssid='AP-Node-5' wpa_ie_len=0 rsn_ie_len=0 caps=0x401 level=-78
D/wpa_supplicant( 5159): wlan0:    skip - SSID mismatch
D/wpa_supplicant( 5159): wlan0: 15: 00:0f:11:35:06:6e ssid='AP-Node-1' wpa_ie_len=0 rsn_ie_len=0 caps=0x401 level=-81
D/wpa_supplicant( 5159): wlan0:    skip - SSID mismatch
D/wpa_supplicant( 5159): wlan0: 16: 00:1f:1f:02:f5:bf ssid='Mobile Wireless' wpa_ie_len=0 rsn_ie_len=0 caps=0x401 level=-90
D/wpa_supplicant( 5159): wlan0:    skip - SSID mismatch
D/wpa_supplicant( 5159): wlan0: Selecting BSS from priority group 2
D/wpa_supplicant( 5159): wlan0: 0: ec:88:8f:b9:bd:04 ssid='STS' wpa_ie_len=22 rsn_ie_len=20 caps=0x431 level=-48 wps
D/wpa_supplicant( 5159): wlan0:    skip - SSID mismatch
D/wpa_supplicant( 5159): wlan0: 1: ec:17:2f:7f:c2:30 ssid='TP-LINK_PocketAP' wpa_ie_len=22 rsn_ie_len=20 caps=0x431 level=-61
D/wpa_supplicant( 5159): wlan0:    skip - SSID mismatch
D/wpa_supplicant( 5159): wlan0: 2: 1c:bd:b9:8d:ab:4f ssid='WSN-cf' wpa_ie_len=26 rsn_ie_len=0 caps=0x431 level=-64
D/wpa_supplicant( 5159): wlan0:    skip - SSID mismatch
D/wpa_supplicant( 5159): wlan0: 3: 00:23:cd:48:da:5c ssid='chyileon' wpa_ie_len=26 rsn_ie_len=24 caps=0x431 level=-71
D/wpa_supplicant( 5159): wlan0:    skip - SSID mismatch
D/wpa_supplicant( 5159): wlan0: 4: 14:cf:92:21:31:1b ssid='Z-AP' wpa_ie_len=0 rsn_ie_len=20 caps=0x431 level=-75
D/wpa_supplicant( 5159): wlan0:    skip - SSID mismatch
D/wpa_supplicant( 5159): wlan0: 5: b8:a3:86:4d:45:62 ssid='IHGroup' wpa_ie_len=26 rsn_ie_len=0 caps=0x431 level=-77
D/wpa_supplicant( 5159): wlan0:    skip - SSID mismatch
D/wpa_supplicant( 5159): wlan0: 6: 00:90:4c:60:00:2c ssid='shit' wpa_ie_len=24 rsn_ie_len=20 caps=0x411 level=-81
D/wpa_supplicant( 5159): wlan0:    skip - SSID mismatch
D/wpa_supplicant( 5159): wlan0: 7: 1c:fa:68:2d:cb:96 ssid='WSN-3F' wpa_ie_len=0 rsn_ie_len=20 caps=0x31 level=-83 wps
D/wpa_supplicant( 5159): wlan0:    skip - SSID mismatch
D/wpa_supplicant( 5159): wlan0: 8: 48:02:2a:45:ae:d3 ssid='AP-Node-9' wpa_ie_len=0 rsn_ie_len=0 caps=0x401 level=-63
D/wpa_supplicant( 5159): wlan0:    skip - SSID mismatch
D/wpa_supplicant( 5159): wlan0: 9: 48:02:2a:45:ad:70 ssid='AP-Node-2' wpa_ie_len=0 rsn_ie_len=0 caps=0x401 level=-64
D/wpa_supplicant( 5159): wlan0:    skip - SSID mismatch
D/wpa_supplicant( 5159): wlan0: 10: 48:02:2a:45:ab:15 ssid='AP-Node-6' wpa_ie_len=0 rsn_ie_len=0 caps=0x401 level=-65
D/wpa_supplicant( 5159): wlan0:    skip - SSID mismatch
D/wpa_supplicant( 5159): wlan0: 11: 48:02:2a:45:ad:4d ssid='AP-Node-7' wpa_ie_len=0 rsn_ie_len=0 caps=0x401 level=-69
D/wpa_supplicant( 5159): wlan0:    skip - SSID mismatch
D/wpa_supplicant( 5159): wlan0: 12: 48:02:2a:45:ae:f3 ssid='AP-Node-3' wpa_ie_len=0 rsn_ie_len=0 caps=0x401 level=-70
D/wpa_supplicant( 5159): wlan0:    skip - SSID mismatch
D/wpa_supplicant( 5159): wlan0: 13: 48:02:2a:41:04:50 ssid='AP-Node-4' wpa_ie_len=0 rsn_ie_len=0 caps=0x401 level=-71
D/wpa_supplicant( 5159): wlan0:    skip - SSID mismatch
D/wpa_supplicant( 5159): wlan0: 14: 48:02:2a:45:ad:0e ssid='AP-Node-5' wpa_ie_len=0 rsn_ie_len=0 caps=0x401 level=-78
D/wpa_supplicant( 5159): wlan0:    skip - SSID mismatch
D/wpa_supplicant( 5159): wlan0: 15: 00:0f:11:35:06:6e ssid='AP-Node-1' wpa_ie_len=0 rsn_ie_len=0 caps=0x401 level=-81
D/wpa_supplicant( 5159): wlan0:    skip - SSID mismatch
D/wpa_supplicant( 5159): wlan0: 16: 00:1f:1f:02:f5:bf ssid='Mobile Wireless' wpa_ie_len=0 rsn_ie_len=0 caps=0x401 level=-90
D/wpa_supplicant( 5159): wlan0:    skip - SSID mismatch
D/wpa_supplicant( 5159): wlan0: Selecting BSS from priority group 1
D/wpa_supplicant( 5159): wlan0: 0: ec:88:8f:b9:bd:04 ssid='STS' wpa_ie_len=22 rsn_ie_len=20 caps=0x431 level=-48 wps
D/wpa_supplicant( 5159): wlan0:    skip - SSID mismatch
D/wpa_supplicant( 5159): wlan0: 1: ec:17:2f:7f:c2:30 ssid='TP-LINK_PocketAP' wpa_ie_len=22 rsn_ie_len=20 caps=0x431 level=-61
D/wpa_supplicant( 5159): wlan0:    skip - SSID mismatch
D/wpa_supplicant( 5159): wlan0: 2: 1c:bd:b9:8d:ab:4f ssid='WSN-cf' wpa_ie_len=26 rsn_ie_len=0 caps=0x431 level=-64
D/wpa_supplicant( 5159): wlan0:    skip - SSID mismatch
D/wpa_supplicant( 5159): wlan0: 3: 00:23:cd:48:da:5c ssid='chyileon' wpa_ie_len=26 rsn_ie_len=24 caps=0x431 level=-71
D/wpa_supplicant( 5159): wlan0:    skip - SSID mismatch
D/wpa_supplicant( 5159): wlan0: 4: 14:cf:92:21:31:1b ssid='Z-AP' wpa_ie_len=0 rsn_ie_len=20 caps=0x431 level=-75
D/wpa_supplicant( 5159): wlan0:    skip - SSID mismatch
D/wpa_supplicant( 5159): wlan0: 5: b8:a3:86:4d:45:62 ssid='IHGroup' wpa_ie_len=26 rsn_ie_len=0 caps=0x431 level=-77
D/wpa_supplicant( 5159): wlan0:    skip - SSID mismatch
D/wpa_supplicant( 5159): wlan0: 6: 00:90:4c:60:00:2c ssid='shit' wpa_ie_len=24 rsn_ie_len=20 caps=0x411 level=-81
D/wpa_supplicant( 5159): wlan0:    skip - SSID mismatch
D/wpa_supplicant( 5159): wlan0: 7: 1c:fa:68:2d:cb:96 ssid='WSN-3F' wpa_ie_len=0 rsn_ie_len=20 caps=0x31 level=-83 wps
D/wpa_supplicant( 5159): wlan0:    skip - SSID mismatch
D/wpa_supplicant( 5159): wlan0: 8: 48:02:2a:45:ae:d3 ssid='AP-Node-9' wpa_ie_len=0 rsn_ie_len=0 caps=0x401 level=-63
D/wpa_supplicant( 5159): wlan0:    skip - SSID mismatch
D/wpa_supplicant( 5159): wlan0: 9: 48:02:2a:45:ad:70 ssid='AP-Node-2' wpa_ie_len=0 rsn_ie_len=0 caps=0x401 level=-64
D/wpa_supplicant( 5159): wlan0:    skip - SSID mismatch
D/wpa_supplicant( 5159): wlan0: 10: 48:02:2a:45:ab:15 ssid='AP-Node-6' wpa_ie_len=0 rsn_ie_len=0 caps=0x401 level=-65
D/wpa_supplicant( 5159): wlan0:    skip - SSID mismatch
D/wpa_supplicant( 5159): wlan0: 11: 48:02:2a:45:ad:4d ssid='AP-Node-7' wpa_ie_len=0 rsn_ie_len=0 caps=0x401 level=-69
D/wpa_supplicant( 5159): wlan0:    skip - SSID mismatch
D/wpa_supplicant( 5159): wlan0: 12: 48:02:2a:45:ae:f3 ssid='AP-Node-3' wpa_ie_len=0 rsn_ie_len=0 caps=0x401 level=-70
D/wpa_supplicant( 5159): wlan0:    skip - SSID mismatch
D/wpa_supplicant( 5159): wlan0: 13: 48:02:2a:41:04:50 ssid='AP-Node-4' wpa_ie_len=0 rsn_ie_len=0 caps=0x401 level=-71
D/wpa_supplicant( 5159): wlan0:    skip - SSID mismatch
D/wpa_supplicant( 5159): wlan0: 14: 48:02:2a:45:ad:0e ssid='AP-Node-5' wpa_ie_len=0 rsn_ie_len=0 caps=0x401 level=-78
D/wpa_supplicant( 5159): wlan0:    skip - SSID mismatch
D/wpa_supplicant( 5159): wlan0: 15: 00:0f:11:35:06:6e ssid='AP-Node-1' wpa_ie_len=0 rsn_ie_len=0 caps=0x401 level=-81
D/wpa_supplicant( 5159): wlan0:    skip - SSID mismatch
D/wpa_supplicant( 5159): wlan0: 16: 00:1f:1f:02:f5:bf ssid='Mobile Wireless' wpa_ie_len=0 rsn_ie_len=0 caps=0x401 level=-90
D/wpa_supplicant( 5159): wlan0:    skip - SSID mismatch
D/wpa_supplicant( 5159): wlan0: Selecting BSS from priority group 0
D/wpa_supplicant( 5159): wlan0: 0: ec:88:8f:b9:bd:04 ssid='STS' wpa_ie_len=22 rsn_ie_len=20 caps=0x431 level=-48 wps
D/wpa_supplicant( 5159): wlan0:    skip - disabled
D/wpa_supplicant( 5159): wlan0: 1: ec:17:2f:7f:c2:30 ssid='TP-LINK_PocketAP' wpa_ie_len=22 rsn_ie_len=20 caps=0x431 level=-61
D/wpa_supplicant( 5159): wlan0:    skip - disabled
D/wpa_supplicant( 5159): wlan0: 2: 1c:bd:b9:8d:ab:4f ssid='WSN-cf' wpa_ie_len=26 rsn_ie_len=0 caps=0x431 level=-64
D/wpa_supplicant( 5159): wlan0:    skip - disabled
D/wpa_supplicant( 5159): wlan0: 3: 00:23:cd:48:da:5c ssid='chyileon' wpa_ie_len=26 rsn_ie_len=24 caps=0x431 level=-71
D/wpa_supplicant( 5159): wlan0:    skip - disabled
D/wpa_supplicant( 5159): wlan0: 4: 14:cf:92:21:31:1b ssid='Z-AP' wpa_ie_len=0 rsn_ie_len=20 caps=0x431 level=-75
D/wpa_supplicant( 5159): wlan0:    skip - disabled
D/wpa_supplicant( 5159): wlan0: 5: b8:a3:86:4d:45:62 ssid='IHGroup' wpa_ie_len=26 rsn_ie_len=0 caps=0x431 level=-77
D/wpa_supplicant( 5159): wlan0:    skip - disabled
D/wpa_supplicant( 5159): wlan0: 6: 00:90:4c:60:00:2c ssid='shit' wpa_ie_len=24 rsn_ie_len=20 caps=0x411 level=-81
D/wpa_supplicant( 5159): wlan0:    skip - disabled
D/wpa_supplicant( 5159): wlan0: 7: 1c:fa:68:2d:cb:96 ssid='WSN-3F' wpa_ie_len=0 rsn_ie_len=20 caps=0x31 level=-83 wps
D/wpa_supplicant( 5159): wlan0:    skip - disabled
D/wpa_supplicant( 5159): wlan0: 8: 48:02:2a:45:ae:d3 ssid='AP-Node-9' wpa_ie_len=0 rsn_ie_len=0 caps=0x401 level=-63
D/wpa_supplicant( 5159): wlan0:    skip - disabled
D/wpa_supplicant( 5159): wlan0: 9: 48:02:2a:45:ad:70 ssid='AP-Node-2' wpa_ie_len=0 rsn_ie_len=0 caps=0x401 level=-64
D/wpa_supplicant( 5159): wlan0:    skip - disabled
D/wpa_supplicant( 5159): wlan0: 10: 48:02:2a:45:ab:15 ssid='AP-Node-6' wpa_ie_len=0 rsn_ie_len=0 caps=0x401 level=-65
D/wpa_supplicant( 5159): wlan0:    skip - disabled
D/wpa_supplicant( 5159): wlan0: 11: 48:02:2a:45:ad:4d ssid='AP-Node-7' wpa_ie_len=0 rsn_ie_len=0 caps=0x401 level=-69
D/wpa_supplicant( 5159): wlan0:    skip - disabled
D/wpa_supplicant( 5159): wlan0: 12: 48:02:2a:45:ae:f3 ssid='AP-Node-3' wpa_ie_len=0 rsn_ie_len=0 caps=0x401 level=-70
D/wpa_supplicant( 5159): wlan0:    skip - disabled
D/wpa_supplicant( 5159): wlan0: 13: 48:02:2a:41:04:50 ssid='AP-Node-4' wpa_ie_len=0 rsn_ie_len=0 caps=0x401 level=-71
D/wpa_supplicant( 5159): wlan0:    skip - disabled
D/wpa_supplicant( 5159): wlan0: 14: 48:02:2a:45:ad:0e ssid='AP-Node-5' wpa_ie_len=0 rsn_ie_len=0 caps=0x401 level=-78
D/wpa_supplicant( 5159): wlan0:    skip - disabled
D/wpa_supplicant( 5159): wlan0: 15: 00:0f:11:35:06:6e ssid='AP-Node-1' wpa_ie_len=0 rsn_ie_len=0 caps=0x401 level=-81
D/wpa_supplicant( 5159): wlan0:    skip - disabled
D/wpa_supplicant( 5159): wlan0: 16: 00:1f:1f:02:f5:bf ssid='Mobile Wireless' wpa_ie_len=0 rsn_ie_len=0 caps=0x401 level=-90
D/wpa_supplicant( 5159): wlan0:    skip - disabled
D/wpa_supplicant( 5159): wlan0: No suitable network found
D/wpa_supplicant( 5159): wlan0: Setting scan request: 15 sec 0 usec
D/wpa_supplicant( 5159): wlan0: Checking for other virtual interfaces sharing same radio (phy0) in event_scan_results
D/WifiCommon( 5082): [wlan0]GET "CTRL-EVENT-BSS-ADDED 109 00:1f:1f:02:f5:bf"
D/WifiCommon( 5082): [wlan0]GET "CTRL-EVENT-BSS-REMOVED 108 84:c9:b2:a7:f7:38"
D/WifiCommon( 5082): [wlan0]GET "CTRL-EVENT-SCAN-RESULTS "
D/WifiCommon( 5082): [wlan0]GET "WPS-AP-AVAILABLE "
D/StateMachine( 5082): handleMessage: E msg.what=147461
D/StateMachine( 5082): processMsg: DisconnectedState
D/WifiStateMachine( 5082): DisconnectedState{ what=147461 when=0 target=Handler (com.android.internal.util.StateMachine$SmHandler) {416971f8} }
D/StateMachine( 5082): processMsg: ConnectModeState
D/WifiStateMachine( 5082): ConnectModeState{ what=147461 when=0 target=Handler (com.android.internal.util.StateMachine$SmHandler) {416971f8} }
D/WifiNative-wlan0( 5082): doBoolean: AP_SCAN 1
D/NetdConnector( 5082): RCV <- {600 Iface linkstate wlan0 down}
D/Tethering( 5082): interfaceLinkStateChanged wlan0, false
D/Tethering( 5082): interfaceStatusChanged wlan0, false
D/wpa_supplicant( 5159): RTM_NEWLINK: operstate=0 ifi_flags=0x1003 ([UP])
D/wpa_supplicant( 5159): RTM_NEWLINK, IFLA_IFNAME: Interface 'wlan0' added
D/wpa_supplicant( 5159): wlan0: Event INTERFACE_STATUS (5) received
D/wpa_supplicant( 5159): wpa_s 0x403906e8 cmd AP_SCAN 1
D/WifiCommon( 5082): [wlan0]SET "AP_SCAN 1"
D/StateMachine( 5082): processMsg: DriverStartedState
D/WifiStateMachine( 5082): DriverStartedState{ what=147461 when=-6ms target=Handler (com.android.internal.util.StateMachine$SmHandler) {416971f8} }
D/StateMachine( 5082): processMsg: SupplicantStartedState
D/WifiStateMachine( 5082): SupplicantStartedState{ what=147461 when=-6ms target=Handler (com.android.internal.util.StateMachine$SmHandler) {416971f8} }
D/WifiNative-wlan0( 5082): doString: SCAN_RESULTS
D/wpa_supplicant( 5159): wpa_s 0x403906e8 cmd SCAN_RESULTS
D/WifiCommon( 5082): [wlan0]SET "SCAN_RESULTS"
I/wifi    ( 5082): bssid / frequency / signal level / flags / ssid
I/wifi    ( 5082): ec:88:8f:b9:bd:04	2427	-48	[WPA-PSK-CCMP][WPA2-PSK-CCMP][WPS][ESS]	STS
I/wifi    ( 5082): 1c:bd:b9:8d:ab:4f	2437	-64	[WPA-PSK-TKIP+CCMP][ESS]	WSN-cf
I/wifi    ( 5082): 00:23:cd:48:da:5c	2442	-71	[WPA-PSK-TKIP+CCMP][WPA2-PSK-TKIP+CCMP-preauth][ESS]	chyileon
I/wifi    ( 5082): ec:17:2f:7f:c2:30	2412	-61	[WPA-PSK-CCMP][WPA2-PSK-CCMP][ESS]	TP-LINK_PocketAP
I/wifi    ( 5082): 00:90:4c:60:00:2c	2437	-81	[WPA-PSK-TKIP][WPA2-PSK-TKIP][ESS]	shit
I/wifi    ( 5082): 48:02:2a:45:ae:d3	2462	-63	[ESS]	AP-Node-9
I/wifi    ( 5082): 48:02:2a:41:04:50	2462	-71	[ESS]	AP-Node-4
I/wifi    ( 5082): 48:02:2a:45:ad:70	2462	-64	[ESS]	AP-Node-2
I/wifi    ( 5082): 48:02:2a:45:ae:f3	2462	-70	[ESS]	AP-Node-3
I/wifi    ( 5082): 48:02:2a:45:ad:4d	2462	-69	[ESS]	AP-Node-7
I/wifi    ( 5082): 48:02:2a:45:ab:15	2462	-65	[ESS]	AP-Node-6
I/wifi    ( 5082): 48:02:2a:45:ad:0e	2462	-78	[ESS]	AP-Node-5
I/wifi    ( 5082): 52:1a:a9:16:32:77	2437	-79	[WPA2-EAP-CCMP][ESS]	CMCC-AUTO
I/wifi    ( 5082): 52:1a:a9:16:32:76	2437	-79	[ESS]	CMCC
I/wifi    ( 5082): b8:a3:86:4d:45:62	2412	-77	[WPA-PSK-TKIP+CCMP][ESS]	IHGroup
I/wifi    ( 5082): 14:cf:92:21:31:1b	2412	-75	[WPA2-PSK-CCMP][ESS]	Z-AP
I/wifi    ( 5082): 1c:fa:68:2d:cb:96	2437	-83	[WPA2-PSK-CCMP][WPS][ESS]	WSN-3F
I/wifi    ( 5082): ec:17:2f:69:0e:72	2412	-84	[WPA-PSK-TKIP+CCMP][WPA2-PSK-TKIP+CCMP][WPS][ESS]	Diablo
I/wifi    ( 5082): 00:1e:8c:7e:1e:2d	2462	-71	[WPA-PSK-TKIP+CCMP][WPA2-PSK-TKIP+CCMP][ESS]	
I/wifi    ( 5082): 00:0f:11:35:06:6e	2462	-81	[ESS]	AP-Node-1
I/wifi    ( 5082): 00:1f:1f:02:f5:bf	2412	-90	[ESS]	Mobile Wireless
V/ActivityManager( 5082): Broadcast: Intent { act=android.net.wifi.SCAN_RESULTS flg=0x8000010 } ordered=false userid=0
D/StateMachine( 5082): handleMessage: X
D/StateMachine( 5082): handleMessage: E msg.what=131131
D/StateMachine( 5082): processMsg: DisconnectedState
D/WifiStateMachine( 5082): DisconnectedState{ what=131131 when=-1ms target=Handler (com.android.internal.util.StateMachine$SmHandler) {416971f8} }
D/StateMachine( 5082): processMsg: ConnectModeState
D/WifiStateMachine( 5082): ConnectModeState{ what=131131 when=-2ms target=Handler (com.android.internal.util.StateMachine$SmHandler) {416971f8} }
D/StateMachine( 5082): processMsg: DriverStartedState
D/WifiStateMachine( 5082): DriverStartedState{ what=131131 when=-3ms target=Handler (com.android.internal.util.StateMachine$SmHandler) {416971f8} }
D/StateMachine( 5082): processMsg: SupplicantStartedState
D/WifiStateMachine( 5082): SupplicantStartedState{ what=131131 when=-4ms target=Handler (com.android.internal.util.StateMachine$SmHandler) {416971f8} }
D/StateMachine( 5082): handleMessage: X
D/StateMachine( 5082): handleMessage: E msg.what=131241
D/StateMachine( 5082): processMsg: DisconnectedState
D/WifiStateMachine( 5082): DisconnectedState{ what=131241 when=-2ms target=Handler (com.android.internal.util.StateMachine$SmHandler) {416971f8} }
D/StateMachine( 5082): processMsg: ConnectModeState
D/WifiStateMachine( 5082): ConnectModeState{ what=131241 when=-3ms target=Handler (com.android.internal.util.StateMachine$SmHandler) {416971f8} }
D/StateMachine( 5082): processMsg: DriverStartedState
D/WifiStateMachine( 5082): DriverStartedState{ what=131241 when=-4ms target=Handler (com.android.internal.util.StateMachine$SmHandler) {416971f8} }
D/StateMachine( 5082): processMsg: SupplicantStartedState
D/WifiStateMachine( 5082): SupplicantStartedState{ what=131241 when=-5ms target=Handler (com.android.internal.util.StateMachine$SmHandler) {416971f8} }
D/WifiNative-wlan0( 5082): doString: LIST_NETWORKS
D/wpa_supplicant( 5159): wpa_s 0x403906e8 cmd LIST_NETWORKS
D/WifiCommon( 5082): [wlan0]SET "LIST_NETWORKS"
D/StateMachine( 5082): handleMessage: X
D/StateMachine( 5082): handleMessage: E msg.what=131131
D/StateMachine( 5082): processMsg: DisconnectedState
D/WifiStateMachine( 5082): DisconnectedState{ what=131131 when=-1ms target=Handler (com.android.internal.util.StateMachine$SmHandler) {416971f8} }
D/StateMachine( 5082): processMsg: ConnectModeState
D/WifiStateMachine( 5082): ConnectModeState{ what=131131 when=-3ms target=Handler (com.android.internal.util.StateMachine$SmHandler) {416971f8} }
D/StateMachine( 5082): processMsg: DriverStartedState
D/WifiStateMachine( 5082): DriverStartedState{ what=131131 when=-3ms target=Handler (com.android.internal.util.StateMachine$SmHandler) {416971f8} }
D/StateMachine( 5082): processMsg: SupplicantStartedState
D/WifiStateMachine( 5082): SupplicantStartedState{ what=131131 when=-5ms target=Handler (com.android.internal.util.StateMachine$SmHandler) {416971f8} }
I/WifiService( 5082): Open network num:10
D/WifiService( 5082): Supplicant state is SCANNING when interpret scan results, isConnecting=false
D/WifiService( 5082): Not enough time has passed to show the notification again
D/StateMachine( 5082): handleMessage: X
W/ADB_SERVICES(  129): create_local_service_socket() name=shell:ls -l /
D/ADB_SERVICES(  129): Calling send_ready local=2710, remote=5018
D/ADB_SERVICES(  129):  closing because is_eof=1 r=-1 s->fde.force_eof=0
W/ADB_SERVICES(  129): create_local_service_socket() name=shell:ls -l -d /emmc@android/
D/ADB_SERVICES(  129): Calling send_ready local=2711, remote=5019
D/ADB_SERVICES(  129):  closing because is_eof=1 r=1 s->fde.force_eof=0
W/ADB_SERVICES(  129): create_local_service_socket() name=shell:ls -l -d /emmc@cache/
D/ADB_SERVICES(  129): Calling send_ready local=2712, remote=5020
D/ADB_SERVICES(  129):  closing because is_eof=1 r=1 s->fde.force_eof=0
W/ADB_SERVICES(  129): create_local_service_socket() name=shell:ls -l -d /emmc@ebr1/
D/ADB_SERVICES(  129): Calling send_ready local=2713, remote=5021
D/ADB_SERVICES(  129):  closing because is_eof=1 r=1 s->fde.force_eof=0
W/ADB_SERVICES(  129): create_local_service_socket() name=shell:ls -l -d /emmc@fat/
D/ADB_SERVICES(  129): Calling send_ready local=2714, remote=5022
D/ADB_SERVICES(  129):  closing because is_eof=1 r=-1 s->fde.force_eof=0
W/ADB_SERVICES(  129): create_local_service_socket() name=shell:ls -l -d /emmc@sec_ro/
D/ADB_SERVICES(  129): Calling send_ready local=2715, remote=5023
D/ADB_SERVICES(  129):  closing because is_eof=1 r=1 s->fde.force_eof=0
D/ADB_SERVICES(  129): adb fdevent_process list (49) (15) (66) 
D/ADB_SERVICES(  129): adb local_socket_ready list (49) (66) 
D/ADB_SERVICES(  129): adb socket read list (49) (66) 
D/ADB_SERVICES(  129): read_data=55240
D/ADB_SERVICES(  129): max_read_time=0.000397 max_send_time=0.001582 
W/ADB_SERVICES(  129): create_local_service_socket() name=shell:ls -l -d /emmc@usrdata/
D/ADB_SERVICES(  129): Calling send_ready local=2716, remote=5024
D/ADB_SERVICES(  129):  closing because is_eof=1 r=1 s->fde.force_eof=0
I/ActivityManager( 5082): monitor Broadcast ANR process (12698)
D/ActivityManager( 5082): Timeout binder: 12698:12698->5037:0 1:read 12698:12698 to 5037:0 spends 2000 ms (servicemanager) dex_code 1 start_at 2453.871 2013-05-20 13:14:07.136
D/ActivityManager( 5082): Timeout binder: 12656:12656->5037:0 1:read 12656:12656 to 5037:0 spends 2000 ms (servicemanager) dex_code 1 start_at 2443.820 2013-05-20 13:13:57.084
D/ActivityManager( 5082): Timeout binder: 12614:12614->5037:0 1:read 12614:12614 to 5037:0 spends 2000 ms (servicemanager) dex_code 1 start_at 2433.709 2013-05-20 13:13:46.974
D/ActivityManager( 5082): Timeout binder: 12573:12573->5037:0 1:read 12573:12573 to 5037:0 spends 2000 ms (servicemanager) dex_code 1 start_at 2423.657 2013-05-20 13:13:36.922
D/ActivityManager( 5082): Timeout binder: 12532:12532->5037:0 1:read 12532:12532 to 5037:0 spends 2000 ms (servicemanager) dex_code 1 start_at 2413.585 2013-05-20 13:13:26.850
D/ActivityManager( 5082): Timeout binder: 12487:12487->5037:0 1:read 12487:12487 to 5037:0 spends 2000 ms (servicemanager) dex_code 1 start_at 2403.505 2013-05-20 13:13:16.769
D/ActivityManager( 5082): Timeout binder: 12445:12445->5037:0 1:read 12445:12445 to 5037:0 spends 2000 ms (servicemanager) dex_code 1 start_at 2393.424 2013-05-20 13:13:06.689
D/ActivityManager( 5082): Timeout binder: 12403:12403->5037:0 1:read 12403:12403 to 5037:0 spends 2000 ms (servicemanager) dex_code 1 start_at 2383.338 2013-05-20 13:12:56.603
D/ActivityManager( 5082): Timeout binder: 12362:12362->5037:0 1:read 12362:12362 to 5037:0 spends 2000 ms (servicemanager) dex_code 1 start_at 2373.270 2013-05-20 13:12:46.535
D/ActivityManager( 5082): Timeout binder: 12320:12320->5037:0 1:read 12320:12320 to 5037:0 spends 2000 ms (servicemanager) dex_code 1 start_at 2363.194 2013-05-20 13:12:36.459
D/ActivityManager( 5082): Timeout binder: 12274:12274->5037:0 1:read 12274:12274 to 5037:0 spends 2000 ms (servicemanager) dex_code 1 start_at 2353.114 2013-05-20 13:12:26.378
D/ActivityManager( 5082): Timeout binder: 12233:12233->5037:0 1:read 12233:12233 to 5037:0 spends 2000 ms (servicemanager) dex_code 1 start_at 2343.062 2013-05-20 13:12:16.327
D/ActivityManager( 5082): Timeout binder: 12184:12184->5037:0 1:read 12184:12184 to 5037:0 spends 2000 ms (servicemanager) dex_code 1 start_at 2333.030 2013-05-20 13:12:06.295
D/ActivityManager( 5082): Timeout binder: 12141:12141->5037:0 1:read 12141:12141 to 5037:0 spends 2000 ms (servicemanager) dex_code 1 start_at 2322.826 2013-05-20 13:11:56.090
D/ActivityManager( 5082): Timeout binder: 12099:12099->5037:0 1:read 12099:12099 to 5037:0 spends 2000 ms (servicemanager) dex_code 1 start_at 2312.745 2013-05-20 13:11:46.009
D/ActivityManager( 5082): Timeout binder: 12055:12055->5037:0 1:read 12055:12055 to 5037:0 spends 2000 ms (servicemanager) dex_code 1 start_at 2302.664 2013-05-20 13:11:35.929
D/ActivityManager( 5082): Timeout binder: 12014:12014->5037:0 1:read 12014:12014 to 5037:0 spends 2000 ms (servicemanager) dex_code 1 start_at 2292.602 2013-05-20 13:11:25.867
D/ActivityManager( 5082): Timeout binder: 11972:11972->5037:0 1:read 11972:11972 to 5037:0 spends 2000 ms (servicemanager) dex_code 1 start_at 2282.519 2013-05-20 13:11:15.784
D/ActivityManager( 5082): Timeout binder: 11929:11929->5037:0 1:read 11929:11929 to 5037:0 spends 2000 ms (servicemanager) dex_code 1 start_at 2272.470 2013-05-20 13:11:05.734
D/ActivityManager( 5082): Timeout binder: 11888:11888->5037:0 1:read 11888:11888 to 5037:0 spends 2000 ms (servicemanager) dex_code 1 start_at 2262.398 2013-05-20 13:10:55.663
D/ActivityManager( 5082): Timeout binder: 11845:11845->5037:0 1:read 11845:11845 to 5037:0 spends 2000 ms (servicemanager) dex_code 1 start_at 2252.345 2013-05-20 13:10:45.610
D/ActivityManager( 5082): Timeout binder: 11803:11803->5037:0 1:read 11803:11803 to 5037:0 spends 2000 ms (servicemanager) dex_code 1 start_at 2242.267 2013-05-20 13:10:35.532
D/ActivityManager( 5082): Timeout binder: 11778:11778->5037:0 1:read 11778:11778 to 5037:0 spends 2000 ms (servicemanager) dex_code 1 start_at 2237.691 2013-05-20 13:10:30.956
D/ActivityManager( 5082): Timeout binder: 11749:11749->5037:0 1:read 11749:11749 to 5037:0 spends 2000 ms (servicemanager) dex_code 1 start_at 2232.193 2013-05-20 13:10:25.458
D/ActivityManager( 5082): Timeout binder: 11707:11707->5037:0 1:read 11707:11707 to 5037:0 spends 2000 ms (servicemanager) dex_code 1 start_at 2222.128 2013-05-20 13:10:15.393
D/ActivityManager( 5082): Timeout binder: 11665:11665->5037:0 1:read 11665:11665 to 5037:0 spends 2000 ms (servicemanager) dex_code 1 start_at 2212.010 2013-05-20 13:10:05.275
D/ActivityManager( 5082): Timeout binder: 11621:11621->5037:0 1:read 11621:11621 to 5037:0 spends 2000 ms (servicemanager) dex_code 1 start_at 2201.931 2013-05-20 13:09:55.196
D/ActivityManager( 5082): Timeout binder: 11579:11579->5037:0 1:read 11579:11579 to 5037:0 spends 2000 ms (servicemanager) dex_code 1 start_at 2191.850 2013-05-20 13:09:45.115
D/ActivityManager( 5082): Timeout binder: 11538:11538->5037:0 1:read 11538:11538 to 5037:0 spends 2000 ms (servicemanager) dex_code 1 start_at 2181.801 2013-05-20 13:09:35.065
D/ActivityManager( 5082): Timeout binder: 11497:11497->5037:0 1:read 11497:11497 to 5037:0 spends 2000 ms (servicemanager) dex_code 1 start_at 2171.747 2013-05-20 13:09:25.012
D/ActivityManager( 5082): Timeout binder: 11455:11455->5037:0 1:read 11455:11455 to 5037:0 spends 2000 ms (servicemanager) dex_code 1 start_at 2161.697 2013-05-20 13:09:14.962
D/ActivityManager( 5082): Timeout binder: 11424:11424->5037:0 1:read 11424:11424 to 5037:0 spends 2000 ms (servicemanager) dex_code 1 start_at 2156.755 2013-05-20 13:09:10.019
D/ActivityManager( 5082): Timeout binder: 11399:11399->5037:0 1:read 11399:11399 to 5037:0 spends 2000 ms (servicemanager) dex_code 1 start_at 2151.608 2013-05-20 13:09:04.873
D/ActivityManager( 5082): Timeout binder: 11358:11358->5037:0 1:read 11358:11358 to 5037:0 spends 2000 ms (servicemanager) dex_code 1 start_at 2141.562 2013-05-20 13:08:54.827
D/ActivityManager( 5082): Timeout binder: 11316:11316->5037:0 1:read 11316:11316 to 5037:0 spends 2000 ms (servicemanager) dex_code 1 start_at 2131.483 2013-05-20 13:08:44.748
D/ActivityManager( 5082): Timeout binder: 11272:11272->5037:0 1:read 11272:11272 to 5037:0 spends 2000 ms (servicemanager) dex_code 1 start_at 2121.399 2013-05-20 13:08:34.664
D/ActivityManager( 5082): Timeout binder: 11231:11231->5037:0 1:read 11231:11231 to 5037:0 spends 2000 ms (servicemanager) dex_code 1 start_at 2111.313 2013-05-20 13:08:24.577
D/ActivityManager( 5082): Timeout binder: 11185:11185->5037:0 1:read 11185:11185 to 5037:0 spends 2000 ms (servicemanager) dex_code 1 start_at 2101.209 2013-05-20 13:08:14.474
D/ActivityManager( 5082): Timeout binder: 11135:11135->5037:0 1:read 11135:11135 to 5037:0 spends 2000 ms (servicemanager) dex_code 1 start_at 2091.084 2013-05-20 13:08:04.348
D/ActivityManager( 5082): Timeout binder: 11089:11089->5037:0 1:read 11089:11089 to 5037:0 spends 2000 ms (servicemanager) dex_code 1 start_at 2080.981 2013-05-20 13:07:54.246
D/ActivityManager( 5082): Timeout binder: 11048:11048->5037:0 1:read 11048:11048 to 5037:0 spends 2000 ms (servicemanager) dex_code 1 start_at 2070.824 2013-05-20 13:07:44.089
D/ActivityManager( 5082): Timeout binder: 11007:11007->5037:0 1:read 11007:11007 to 5037:0 spends 2000 ms (servicemanager) dex_code 1 start_at 2060.751 2013-05-20 13:07:34.016
D/ActivityManager( 5082): Timeout binder: 10964:10964->5037:0 1:read 10964:10964 to 5037:0 spends 2000 ms (servicemanager) dex_code 1 start_at 2050.676 2013-05-20 13:07:23.940
D/ActivityManager( 5082): Timeout binder: 10923:10923->5037:0 1:read 10923:10923 to 5037:0 spends 2000 ms (servicemanager) dex_code 1 start_at 2040.609 2013-05-20 13:07:13.874
D/ActivityManager( 5082): Timeout binder: 10881:10881->5037:0 1:read 10881:10881 to 5037:0 spends 2000 ms (servicemanager) dex_code 1 start_at 2030.528 2013-05-20 13:07:03.792
D/ActivityManager( 5082): Timeout binder: 10839:10839->5037:0 1:read 10839:10839 to 5037:0 spends 2000 ms (servicemanager) dex_code 1 start_at 2020.450 2013-05-20 13:06:53.715
D/ActivityManager( 5082): Timeout binder: 10797:10797->5037:0 1:read 10797:10797 to 5037:0 spends 2000 ms (servicemanager) dex_code 1 start_at 2010.375 2013-05-20 13:06:43.639
D/ActivityManager( 5082): Timeout binder: 10753:10753->5037:0 1:read 10753:10753 to 5037:0 spends 2000 ms (servicemanager) dex_code 1 start_at 2000.313 2013-05-20 13:06:33.578
D/ActivityManager( 5082): Timeout binder: 10711:10711->5037:0 1:read 10711:10711 to 5037:0 spends 2000 ms (servicemanager) dex_code 1 start_at 1990.205 2013-05-20 13:06:23.470
D/ActivityManager( 5082): Timeout binder: 10669:10669->5037:0 1:read 10669:10669 to 5037:0 spends 2000 ms (servicemanager) dex_code 1 start_at 1980.091 2013-05-20 13:06:13.356
D/ActivityManager( 5082): Timeout binder: 10627:10627->5037:0 1:read 10627:10627 to 5037:0 spends 2000 ms (servicemanager) dex_code 1 start_at 1970.007 2013-05-20 13:06:03.272
D/ActivityManager( 5082): Timeout binder: 10586:10586->5037:0 1:read 10586:10586 to 5037:0 spends 2000 ms (servicemanager) dex_code 1 start_at 1959.936 2013-05-20 13:05:53.200
D/ActivityManager( 5082): Timeout binder: 10543:10543->5037:0 1:read 10543:10543 to 5037:0 spends 2000 ms (servicemanager) dex_code 1 start_at 1949.858 2013-05-20 13:05:43.123
D/ActivityManager( 5082): Timeout binder: 10502:10502->5037:0 1:read 10502:10502 to 5037:0 spends 2000 ms (servicemanager) dex_code 1 start_at 1939.790 2013-05-20 13:05:33.055
D/ActivityManager( 5082): Timeout binder: 10460:10460->5037:0 1:read 10460:10460 to 5037:0 spends 2000 ms (servicemanager) dex_code 1 start_at 1929.706 2013-05-20 13:05:22.971
D/ActivityManager( 5082): Timeout binder: 10418:10418->5037:0 1:read 10418:10418 to 5037:0 spends 2000 ms (servicemanager) dex_code 1 start_at 1919.678 2013-05-20 13:05:12.943
D/ActivityManager( 5082): Timeout binder: 10408:10408->5037:0 1:read 10408:10408 to 5037:0 spends 2000 ms (servicemanager) dex_code 1 start_at 1919.362 2013-05-20 13:05:12.627
D/ActivityManager( 5082): Timeout binder: 10364:10364->5037:0 1:read 10364:10364 to 5037:0 spends 2000 ms (servicemanager) dex_code 1 start_at 1909.586 2013-05-20 13:05:02.851
D/ActivityManager( 5082): Timeout binder: 10321:10321->5037:0 1:read 10321:10321 to 5037:0 spends 2000 ms (servicemanager) dex_code 1 start_at 1899.526 2013-05-20 13:04:52.791
D/ActivityManager( 5082): Timeout binder: 10280:10280->5037:0 1:read 10280:10280 to 5037:0 spends 2000 ms (servicemanager) dex_code 1 start_at 1889.551 2013-05-20 13:04:42.816
D/ActivityManager( 5082): Timeout binder: 10239:10239->5037:0 1:read 10239:10239 to 5037:0 spends 2000 ms (servicemanager) dex_code 1 start_at 1879.479 2013-05-20 13:04:32.744
D/ActivityManager( 5082): Timeout binder: 10198:10198->5037:0 1:read 10198:10198 to 5037:0 spends 2000 ms (servicemanager) dex_code 1 start_at 1869.361 2013-05-20 13:04:22.626
D/ActivityManager( 5082): Timeout binder: 10157:10157->5037:0 1:read 10157:10157 to 5037:0 spends 2000 ms (servicemanager) dex_code 1 start_at 1859.323 2013-05-20 13:04:12.588
D/ActivityManager( 5082): Timeout binder: 10154:10154->5037:0 1:read 10154:10154 to 5037:0 spends 2000 ms (servicemanager) dex_code 2 start_at 1858.464 2013-05-20 13:04:11.729
D/ActivityManager( 5082): Timeout binder pid found: 5037 1:read 12698:12698 to 5037:0 spends 2000 ms (servicemanager) dex_code 1 start_at 2453.871 2013-05-20 13:14:07.136
D/ActivityManager( 5082): getTimeoutBinderPidList pid added: 5037 1:read 12698:12698 to 5037:0 spends 2000 ms (servicemanager) dex_code 1 start_at 2453.871 2013-05-20 13:14:07.136
D/dalvikvm( 5082): create interp thread : stack size=32KB
D/dalvikvm( 5082): create new thread
D/dalvikvm( 5082): new thread created
D/dalvikvm( 5082): update thread list
D/dalvikvm( 5082): threadid=60: interp stack at 0x5298b000
D/dalvikvm( 5082): threadid=60: created from interp
D/dalvikvm( 5082): start new thread
D/dalvikvm( 5082): threadid=60: notify debugger
D/dalvikvm( 5082): threadid=60 (preDumpStackTraces): calling run()
D/ActivityManager( 5082): preDumpStackTraces Begin tracePath:/data/anr/mtk_traces.txt
I/ActivityManager( 5082): preDumpStackTraces process: 12698 parent: 5033 zygote: 5033
I/Process ( 5082): Sending signal. PID: 12698 SIG: 16
I/dalvikvm(12698): threadid=3: reacting to signal 16
D/dalvikvm(12698): Prepare stack traces for '/data/anr/mtk_traces.txt' done
I/dalvikvm(12698): Wrote stack traces to '/data/anr/mtk_traces.txt'
I/ActivityManager( 5082): preDumpStackTraces process: 5082 parent: 5033 zygote: 5033
I/Process ( 5082): Sending signal. PID: 5082 SIG: 16
I/dalvikvm( 5082): threadid=3: reacting to signal 16
D/dalvikvm( 5082): Prepare stack traces for '/data/anr/mtk_traces.txt' done
I/dalvikvm( 5082): Wrote stack traces to '/data/anr/mtk_traces.txt'
I/ActivityManager( 5082): preDumpStackTraces process: 5037 parent: 79 zygote: 5033
D/AEE/AED (   98): $===AEE===AEE===AEE===$
D/AEE/AED (   98): p 0 poll events 1 revents 0
D/AEE/AED (   98): not know revents:0
D/AEE/AED (   98): p 1 poll events 1 revents 0
D/AEE/AED (   98): not know revents:0
D/AEE/AED (   98): p 2 poll events 1 revents 1
D/AEE/AED (   98): aed_main_fork_worker: generator 0xd06150, worker 0xbeea7a80, recv_fd 15
D/AEE/AED (   98): p 3 poll events 1 revents 0
D/AEE/AED (   98): not know revents:0
D/AEE/AED (   98): p 4 poll events 1 revents 0
D/AEE/AED (   98): not know revents:0
I/DEBUG   (12740): handle_request(15)
I/DEBUG   (12740): BOOM: pid=5037 uid=1000 gid=1000 tid=5037
I/DEBUG   (12740): stopped -- dumping to fd
D/AEE/AED (   98): $===AEE===AEE===AEE===$
D/AEE/AED (   98): p 0 poll events 1 revents 0
D/AEE/AED (   98): not know revents:0
D/AEE/AED (   98): p 1 poll events 1 revents 0
D/AEE/AED (   98): not know revents:0
D/AEE/AED (   98): p 2 poll events 1 revents 0
D/AEE/AED (   98): not know revents:0
D/AEE/AED (   98): p 3 poll events 1 revents 0
D/AEE/AED (   98): not know revents:0
D/AEE/AED (   98): p 4 poll events 1 revents 0
D/AEE/AED (   98): not know revents:0
D/ActivityManager( 5082): preDumpStackTraces End
D/dalvikvm( 5082): threadid=60: exiting
D/dalvikvm( 5082): threadid=60: bye!
W/ActivityManager( 5082): Process ProcessRecord{41fef858 12698:com.baidu.searchbox/u0a140} failed to attach
W/ActivityManager( 5082): Unattached app died before broadcast acknowledged, skipping
W/ActivityManager( 5082): Unattached app died before broadcast acknowledged, skipping
V/Provider/Setting( 5082): from settings cache , name = read_external_storage_enforced_default value = null
D/Zygote  ( 5033): SelectLoop : runOnce
D/Zygote  ( 5033): read arg list
D/Zygote  ( 5033): prepare new stderr
D/Zygote  ( 5033): parse args
D/Zygote  ( 5033): before fork
D/dalvikvm( 5033): threadid=2: exiting
D/dalvikvm( 5033): threadid=2: bye!
D/dalvikvm( 5033): threadid=3: exiting
D/dalvikvm( 5033): threadid=3: bye!
D/dalvikvm( 5033): threadid=4: exiting
D/dalvikvm( 5033): threadid=4: bye!
D/dalvikvm( 5033): pre gc
D/dalvikvm( 5033): Zygote::ForkAndSpecialize +
D/dalvikvm( 5033): Zygote::ForkAndSpecialize : 12741
D/dalvikvm( 5033): create interp thread : stack size=32KB
D/dalvikvm( 5033): create new thread
D/dalvikvm( 5033): new thread created
D/dalvikvm( 5033): update thread list
W/ADB_SERVICES(  129): terminating JDWP 12698 connection: Try again
D/ADB_SERVICES(  129): remove pid 12698 to jdwp process list
D/dalvikvm(12741): Zygote::ForkAndSpecialize : 0
D/dalvikvm(12741): zygote get new systemTid : 12741
D/dalvikvm(12741): threadid=2: interp stack at 0x4f092000
D/dalvikvm(12741): threadid=3: interp stack at 0x4f19a000
D/jdwp    (12741): prepping for JDWP over ADB
D/jdwp    (12741): ADB transport startup
D/dalvikvm( 5033): threadid=2: interp stack at 0x4ef92000
D/dalvikvm(12741): Elevating priority from 0 to -8
D/dalvikvm( 5033): threadid=2: created from interp
D/dalvikvm(12741): threadid=4: interp stack at 0x4f2a2000
D/dalvikvm( 5033): start new thread
D/dalvikvm( 5033): threadid=2: notify debugger
D/dalvikvm( 5033): threadid=2 (ReferenceQueueDaemon): calling run()
D/jdwp    (12741): JDWP: thread running
D/dalvikvm( 5033): create interp thread : stack size=32KB
D/dalvikvm( 5033): create new thread
D/dalvikvm( 5033): new thread created
D/dalvikvm( 5033): update thread list
D/jdwp    (12741): acceptConnection
D/ADB_SERVICES(  129): Adding socket 47 pid 12741 to jdwp process list
D/jdwp    (12741): trying to receive file descriptor from ADB
D/dalvikvm(12741): threadid=5: interp stack at 0x51688000
D/dalvikvm(12741): zygote get thread init done
D/dalvikvm(12741): create interp thread : stack size=32KB
D/dalvikvm(12741): create new thread
D/dalvikvm(12741): new thread created
D/dalvikvm(12741): update thread list
D/dalvikvm(12741): threadid=6: interp stack at 0x51690000
D/dalvikvm(12741): threadid=6: created from interp
D/dalvikvm(12741): start new thread
D/dalvikvm(12741): create interp thread : stack size=32KB
D/dalvikvm(12741): create new thread
D/dalvikvm(12741): new thread created
D/dalvikvm(12741): update thread list
D/dalvikvm(12741): threadid=6: notify debugger
D/dalvikvm(12741): threadid=6 (ReferenceQueueDaemon): calling run()
D/dalvikvm(12741): threadid=7: interp stack at 0x51798000
D/dalvikvm(12741): threadid=7: created from interp
D/dalvikvm(12741): start new thread
D/dalvikvm(12741): create interp thread : stack size=32KB
D/dalvikvm(12741): create new thread
D/dalvikvm(12741): new thread created
D/dalvikvm(12741): update thread list
D/dalvikvm(12741): threadid=7: notify debugger
D/dalvikvm(12741): threadid=7 (FinalizerDaemon): calling run()
