--------- beginning of /dev/log/system
D/ActivityThread(  429): BDC-Calling onReceive: intent=Intent { act=android.intent.action.ANY_DATA_STATE_MOBILE flg=0x10 (has extras) }, ordered=true, receiver=android.net.MobileDataStateTracker$MobileDataStateReceiver@4168e898, IIntentReceiver=41690ea8
D/MobileDataStateTracker(  429): MobileDataStateReceiver received: ACTION_ANY_DATA_CONNECTION_STATE_CHANGED_MOBILE [cmmail]
D/MobileDataStateTracker(  429): cmmail: Intent from SIM 1, current SIM 0, current DataState DISCONNECTED
D/MobileDataStateTracker(  429): cmmail: cmmail setting isAvailable to true
D/MobileDataStateTracker(  429): cmmail: Received state=DISCONNECTED, old=DISCONNECTED, reason=nwTypeChanged
D/ActivityThread(  429): BDC-Calling finishReceiver: IIntentReceiver=41690ea8
D/ActivityManager(  429): BDC-Finishing receiver: android.app.LoadedApk$ReceiverDispatcher$InnerReceiver@41690ea8
D/BroadcastQueue(  429): BDC-Delivered broadcast: Intent { act=android.intent.action.ANY_DATA_STATE_MOBILE flg=0x10 (has extras) }, ordered=true, filter=BroadcastFilter{41691098 ReceiverList{41691020 429 system/1000 local:41690ea8}}, receiver=android.app.LoadedApk$ReceiverDispatcher$InnerReceiver@41690ea8
D/TelephonyRegistry(  429): Received ACTION_ANY_DATA_CONNECTION_STATE_CHANGED_MOBILE
V/ActivityManager(  429): Broadcast sticky: Intent { act=android.intent.action.ANY_DATA_STATE flg=0x10 (has extras) } ordered=false userid=0
D/ActivityThread(  429): BDC-Calling onReceive: intent=Intent { act=android.intent.action.ANY_DATA_STATE_MOBILE flg=0x10 (has extras) }, ordered=true, receiver=android.net.MobileDataStateTracker$MobileDataStateReceiver@4168e898, IIntentReceiver=41690ea8
D/MobileDataStateTracker(  429): MobileDataStateReceiver received: ACTION_ANY_DATA_CONNECTION_STATE_CHANGED_MOBILE [dun]
D/MobileDataStateTracker(  429): dun: Intent from SIM 1, current SIM 0, current DataState DISCONNECTED
D/ConnectivityService(  429): getMobileDataEnabled returning true, dataEnabledSimId=2
D/ConnectivityService(  429): getMobileDataEnabled returning true, dataEnabledSimId=2
D/MobileDataStateTracker(  429): dun: dun setting isAvailable to true
D/MobileDataStateTracker(  429): dun: Received state=DISCONNECTED, old=DISCONNECTED, reason=nwTypeChanged
D/ActivityThread(  429): BDC-Calling finishReceiver: IIntentReceiver=41690ea8
D/ActivityManager(  429): BDC-Finishing receiver: android.app.LoadedApk$ReceiverDispatcher$InnerReceiver@41690ea8
D/BroadcastQueue(  429): BDC-Delivered broadcast: Intent { act=android.intent.action.ANY_DATA_STATE_MOBILE flg=0x10 (has extras) }, ordered=true, filter=BroadcastFilter{41691098 ReceiverList{41691020 429 system/1000 local:41690ea8}}, receiver=android.app.LoadedApk$ReceiverDispatcher$InnerReceiver@41690ea8
D/TelephonyRegistry(  429): Received ACTION_ANY_DATA_CONNECTION_STATE_CHANGED_MOBILE
V/ActivityManager(  429): Broadcast sticky: Intent { act=android.intent.action.ANY_DATA_STATE flg=0x10 (has extras) } ordered=false userid=0
D/ConnectivityService(  429): getMobileDataEnabled returning true, dataEnabledSimId=2
D/ActivityThread(  429): BDC-Calling onReceive: intent=Intent { act=android.intent.action.ANY_DATA_STATE_MOBILE flg=0x10 (has extras) }, ordered=true, receiver=android.net.MobileDataStateTracker$MobileDataStateReceiver@4168e898, IIntentReceiver=41690ea8
D/MobileDataStateTracker(  429): MobileDataStateReceiver received: ACTION_ANY_DATA_CONNECTION_STATE_CHANGED_MOBILE [supl]
D/MobileDataStateTracker(  429): supl: Intent from SIM 1, current SIM 0, current DataState DISCONNECTED
D/MobileDataStateTracker(  429): supl: supl setting isAvailable to true
D/MobileDataStateTracker(  429): supl: Received state=DISCONNECTED, old=DISCONNECTED, reason=nwTypeChanged
D/ActivityThread(  429): BDC-Calling finishReceiver: IIntentReceiver=41690ea8
D/ActivityManager(  429): BDC-Finishing receiver: android.app.LoadedApk$ReceiverDispatcher$InnerReceiver@41690ea8
D/BroadcastQueue(  429): BDC-Delivered broadcast: Intent { act=android.intent.action.ANY_DATA_STATE_MOBILE flg=0x10 (has extras) }, ordered=true, filter=BroadcastFilter{41691098 ReceiverList{41691020 429 system/1000 local:41690ea8}}, receiver=android.app.LoadedApk$ReceiverDispatcher$InnerReceiver@41690ea8
D/TelephonyRegistry(  429): Received ACTION_ANY_DATA_CONNECTION_STATE_CHANGED_MOBILE
V/ActivityManager(  429): Broadcast sticky: Intent { act=android.intent.action.ANY_DATA_STATE flg=0x10 (has extras) } ordered=false userid=0
D/ActivityThread(  429): BDC-Calling onReceive: intent=Intent { act=android.intent.action.ANY_DATA_STATE_MOBILE flg=0x10 (has extras) }, ordered=true, receiver=android.net.MobileDataStateTracker$MobileDataStateReceiver@4168e898, IIntentReceiver=41690ea8
D/MobileDataStateTracker(  429): MobileDataStateReceiver received: ACTION_ANY_DATA_CONNECTION_STATE_CHANGED_MOBILE [hipri]
D/MobileDataStateTracker(  429): hipri: Intent from SIM 1, current SIM 0, current DataState DISCONNECTED
D/MobileDataStateTracker(  429): hipri: hipri setting isAvailable to true
D/MobileDataStateTracker(  429): hipri: Received state=DISCONNECTED, old=DISCONNECTED, reason=nwTypeChanged
D/ActivityThread(  429): BDC-Calling finishReceiver: IIntentReceiver=41690ea8
D/ActivityManager(  429): BDC-Finishing receiver: android.app.LoadedApk$ReceiverDispatcher$InnerReceiver@41690ea8
D/BroadcastQueue(  429): BDC-Delivered broadcast: Intent { act=android.intent.action.ANY_DATA_STATE_MOBILE flg=0x10 (has extras) }, ordered=true, filter=BroadcastFilter{41691098 ReceiverList{41691020 429 system/1000 local:41690ea8}}, receiver=android.app.LoadedApk$ReceiverDispatcher$InnerReceiver@41690ea8
D/TelephonyRegistry(  429): Received ACTION_ANY_DATA_CONNECTION_STATE_CHANGED_MOBILE
V/ActivityManager(  429): Broadcast sticky: Intent { act=android.intent.action.ANY_DATA_STATE flg=0x10 (has extras) } ordered=false userid=0
D/ActivityThread(  429): BDC-Calling onReceive: intent=Intent { act=android.intent.action.ANY_DATA_STATE_MOBILE flg=0x10 (has extras) }, ordered=true, receiver=android.net.MobileDataStateTracker$MobileDataStateReceiver@4168e898, IIntentReceiver=41690ea8
D/MobileDataStateTracker(  429): MobileDataStateReceiver received: ACTION_ANY_DATA_CONNECTION_STATE_CHANGED_MOBILE [ims]
D/MobileDataStateTracker(  429): ims: Intent from SIM 1, current SIM 0, current DataState DISCONNECTED
D/ConnectivityService(  429): getMobileDataEnabled returning true, dataEnabledSimId=2
D/ConnectivityService(  429): getMobileDataEnabled returning true, dataEnabledSimId=2
D/MobileDataStateTracker(  429): ims: ims setting isAvailable to true
D/MobileDataStateTracker(  429): ims: Received state=DISCONNECTED, old=DISCONNECTED, reason=nwTypeChanged
D/ActivityThread(  429): BDC-Calling finishReceiver: IIntentReceiver=41690ea8
D/ActivityManager(  429): BDC-Finishing receiver: android.app.LoadedApk$ReceiverDispatcher$InnerReceiver@41690ea8
D/BroadcastQueue(  429): BDC-Delivered broadcast: Intent { act=android.intent.action.ANY_DATA_STATE_MOBILE flg=0x10 (has extras) }, ordered=true, filter=BroadcastFilter{41691098 ReceiverList{41691020 429 system/1000 local:41690ea8}}, receiver=android.app.LoadedApk$ReceiverDispatcher$InnerReceiver@41690ea8
D/TelephonyRegistry(  429): Received ACTION_ANY_DATA_CONNECTION_STATE_CHANGED_MOBILE
V/ActivityManager(  429): Broadcast sticky: Intent { act=android.intent.action.ANY_DATA_STATE flg=0x10 (has extras) } ordered=false userid=0
D/ActivityThread(  429): BDC-Calling onReceive: intent=Intent { act=android.intent.action.ANY_DATA_STATE_MOBILE flg=0x10 (has extras) }, ordered=true, receiver=android.net.MobileDataStateTracker$MobileDataStateReceiver@4168e898, IIntentReceiver=41690ea8
D/MobileDataStateTracker(  429): MobileDataStateReceiver received: ACTION_ANY_DATA_CONNECTION_STATE_CHANGED_MOBILE [mms]
D/MobileDataStateTracker(  429): mms: Intent from SIM 1, current SIM 0, current DataState DISCONNECTED
D/MobileDataStateTracker(  429): mms: mms setting isAvailable to true
D/MobileDataStateTracker(  429): mms: Received state=DISCONNECTED, old=DISCONNECTED, reason=nwTypeChanged
D/ActivityThread(  429): BDC-Calling finishReceiver: IIntentReceiver=41690ea8
D/ActivityManager(  429): BDC-Finishing receiver: android.app.LoadedApk$ReceiverDispatcher$InnerReceiver@41690ea8
D/BroadcastQueue(  429): BDC-Delivered broadcast: Intent { act=android.intent.action.ANY_DATA_STATE_MOBILE flg=0x10 (has extras) }, ordered=true, filter=BroadcastFilter{41691098 ReceiverList{41691020 429 system/1000 local:41690ea8}}, receiver=android.app.LoadedApk$ReceiverDispatcher$InnerReceiver@41690ea8
D/TelephonyRegistry(  429): Received ACTION_ANY_DATA_CONNECTION_STATE_CHANGED_MOBILE
V/ActivityManager(  429): Broadcast sticky: Intent { act=android.intent.action.ANY_DATA_STATE flg=0x10 (has extras) } ordered=false userid=0
D/ActivityThread(  429): BDC-Calling onReceive: intent=Intent { act=android.intent.action.ANY_DATA_STATE_MOBILE flg=0x10 (has extras) }, ordered=true, receiver=android.net.MobileDataStateTracker$MobileDataStateReceiver@4168e898, IIntentReceiver=41690ea8
D/MobileDataStateTracker(  429): MobileDataStateReceiver received: ACTION_ANY_DATA_CONNECTION_STATE_CHANGED_MOBILE [net]
D/MobileDataStateTracker(  429): net: Intent from SIM 1, current SIM 0, current DataState DISCONNECTED
D/MobileDataStateTracker(  429): net: net setting isAvailable to true
D/MobileDataStateTracker(  429): net: Received state=DISCONNECTED, old=DISCONNECTED, reason=nwTypeChanged
D/ActivityThread(  429): BDC-Calling finishReceiver: IIntentReceiver=41690ea8
D/ActivityManager(  429): BDC-Finishing receiver: android.app.LoadedApk$ReceiverDispatcher$InnerReceiver@41690ea8
D/BroadcastQueue(  429): BDC-Delivered broadcast: Intent { act=android.intent.action.ANY_DATA_STATE_MOBILE flg=0x10 (has extras) }, ordered=true, filter=BroadcastFilter{41691098 ReceiverList{41691020 429 system/1000 local:41690ea8}}, receiver=android.app.LoadedApk$ReceiverDispatcher$InnerReceiver@41690ea8
D/TelephonyRegistry(  429): Received ACTION_ANY_DATA_CONNECTION_STATE_CHANGED_MOBILE
V/ActivityManager(  429): Broadcast sticky: Intent { act=android.intent.action.ANY_DATA_STATE flg=0x10 (has extras) } ordered=false userid=0
D/ConnectivityService(  429): getMobileDataEnabled returning true, dataEnabledSimId=2
D/ConnectivityService(  429): getMobileDataEnabled returning true, dataEnabledSimId=2
D/ActivityThread(  429): BDC-Calling onReceive: intent=Intent { act=android.intent.action.ANY_DATA_STATE_MOBILE flg=0x10 (has extras) }, ordered=true, receiver=android.net.MobileDataStateTracker$MobileDataStateReceiver@4168e898, IIntentReceiver=41690ea8
D/MobileDataStateTracker(  429): MobileDataStateReceiver received: ACTION_ANY_DATA_CONNECTION_STATE_CHANGED_MOBILE [cbs]
D/MobileDataStateTracker(  429): cbs: Intent from SIM 1, current SIM 0, current DataState DISCONNECTED
D/MobileDataStateTracker(  429): cbs: cbs setting isAvailable to true
D/MobileDataStateTracker(  429): cbs: Received state=DISCONNECTED, old=DISCONNECTED, reason=nwTypeChanged
D/ActivityThread(  429): BDC-Calling finishReceiver: IIntentReceiver=41690ea8
D/ActivityManager(  429): BDC-Finishing receiver: android.app.LoadedApk$ReceiverDispatcher$InnerReceiver@41690ea8
D/ActivityThread(  595): BDC-Calling onReceive: intent=Intent { act=lewa.gexin.action.updateui2 flg=0x10 cmp=com.lewa.PIM/.IM.receiver.GeXinIMReceiver (has extras) }, ordered=true, receiver=com.lewa.PIM.IM.receiver.GeXinIMReceiver@412800f0
D/BroadcastQueue(  429): BDC-Delivered broadcast: Intent { act=lewa.gexin.action.updateui2 flg=0x10 cmp=com.lewa.PIM/.IM.receiver.GeXinIMReceiver (has extras) }, ordered=true, app=ProcessRecord{4161f500 595:android.process.acore/u0a3}, receiver=android.os.BinderProxy@417f1db8
D/ConnectivityService(  429): getMobileDataEnabled returning true, dataEnabledSimId=2
D/ActivityManager(  429): SVC-Sent arguments: ServiceRecord{42095528 com.lewa.PIM/.IM.service.GeXinIMService}, app=ProcessRecord{4161f500 595:android.process.acore/u0a3}, args=Intent { act=lewa.gexin.action.updateui2 flg=0x10 cmp=com.lewa.PIM/.IM.service.GeXinIMService (has extras) }, flags=0
D/TelephonyRegistry(  429): Received ACTION_ANY_DATA_CONNECTION_STATE_CHANGED_MOBILE
V/ActivityManager(  429): Broadcast sticky: Intent { act=android.intent.action.ANY_DATA_STATE flg=0x10 (has extras) } ordered=false userid=0
D/ActivityThread(  595): BDC-RECEIVER handled : 0 / ReceiverData{intent=Intent { act=lewa.gexin.action.updateui2 flg=0x10 cmp=com.lewa.PIM/.IM.service.GeXinIMService (has extras) } packageName=com.lewa.PIM resultCode=-1 resultData=null resultExtras=null}
D/ActivityThread(  595): SVC-Creating service: CreateServiceData{token=android.os.BinderProxy@41198eb8 className=com.lewa.PIM.IM.service.GeXinIMService packageName=com.lewa.PIM intent=null}
D/ActivityManager(  429): BDC-Finishing receiver: android.os.BinderProxy@417f1db8
D/BroadcastQueue(  429): BDC-Delivered broadcast: Intent { act=lewa.gexin.action.updateui2 flg=0x10 cmp=com.lewa.PIM/.IM.receiver.GeXinIMReceiver (has extras) }, ordered=true, app=ProcessRecord{4161f500 595:android.process.acore/u0a3}, receiver=android.os.BinderProxy@417f1db8
D/ActivityThread(  595): SVC-CREATE_SERVICE handled : 0 / CreateServiceData{token=android.os.BinderProxy@41198eb8 className=com.lewa.PIM.IM.service.GeXinIMService packageName=com.lewa.PIM intent=null}
D/ActivityThread(  595): SVC-SERVICE_ARGS handled : 0 / ServiceArgsData{token=android.os.BinderProxy@41198eb8 startId=1 args=Intent { act=lewa.gexin.action.updateui2 flg=0x10 cmp=com.lewa.PIM/.IM.service.GeXinIMService (has extras) }}
D/ActivityThread(  595): BDC-Calling onReceive: intent=Intent { act=lewa.gexin.action.updateui2 flg=0x10 cmp=com.lewa.PIM/.IM.receiver.GeXinIMReceiver (has extras) }, ordered=true, receiver=com.lewa.PIM.IM.receiver.GeXinIMReceiver@412778d0
D/ActivityManager(  429): SVC-Executing service done: ServiceRecord{42095528 com.lewa.PIM/.IM.service.GeXinIMService}, type=0, startId=0, res=0
D/ActivityManager(  429): SVC-Executing service done: ServiceRecord{42095528 com.lewa.PIM/.IM.service.GeXinIMService}, type=1, startId=1, res=2
D/ActivityManager(  429): SVC-Sent arguments: ServiceRecord{42095528 com.lewa.PIM/.IM.service.GeXinIMService}, app=ProcessRecord{4161f500 595:android.process.acore/u0a3}, args=Intent { act=lewa.gexin.action.updateui2 flg=0x10 cmp=com.lewa.PIM/.IM.service.GeXinIMService (has extras) }, flags=0
D/ActivityThread(  595): BDC-RECEIVER handled : 0 / ReceiverData{intent=Intent { act=lewa.gexin.action.updateui2 flg=0x10 cmp=com.lewa.PIM/.IM.service.GeXinIMService (has extras) } packageName=com.lewa.PIM resultCode=-1 resultData=null resultExtras=null}
D/ActivityManager(  429): BDC-Finishing receiver: android.os.BinderProxy@417f1db8
D/BroadcastQueue(  429): BDC-Delivered broadcast: Intent { act=AlarmTaskSchedule flg=0x14 (has extras) }, ordered=true, filter=BroadcastFilter{41833458 ReceiverList{418333d8 1557 com.gexin.rom2/10021 remote:42067828}}, receiver=android.os.BinderProxy@42067828
D/ActivityManager(  429): SVC-Executing service done: ServiceRecord{42095528 com.lewa.PIM/.IM.service.GeXinIMService}, type=1, startId=2, res=2
D/ActivityThread(  595): SVC-SERVICE_ARGS handled : 0 / ServiceArgsData{token=android.os.BinderProxy@41198eb8 startId=2 args=Intent { act=lewa.gexin.action.updateui2 flg=0x10 cmp=com.lewa.PIM/.IM.service.GeXinIMService (has extras) }}
D/ConnectivityService(  429): getMobileDataEnabled returning true, dataEnabledSimId=2
D/ActivityThread( 1557): BDC-Calling onReceive: intent=Intent { act=AlarmTaskSchedule flg=0x14 (has extras) }, ordered=true, receiver=dx@410ef738, IIntentReceiver=410f3978
D/ActivityThread( 1557): BDC-Calling finishReceiver: IIntentReceiver=410f3978
D/ActivityManager(  429): BDC-Finishing receiver: android.os.BinderProxy@42067828
D/BroadcastQueue(  429): BDC-Delivered broadcast: Intent { act=auto_update_intelligence_intercept_library flg=0x14 (has extras) }, ordered=true, filter=BroadcastFilter{41627e88 ReceiverList{4162a000 636 com.android.phone/1001 remote:4165cf98}}, receiver=android.os.BinderProxy@4165cf98
D/ActivityThread(  636): BDC-Calling onReceive: intent=Intent { act=auto_update_intelligence_intercept_library flg=0x14 (has extras) }, ordered=true, receiver=com.android.phone.PhoneApp$4@4111b498, IIntentReceiver=41275250
D/ActivityThread(  636): BDC-Calling finishReceiver: IIntentReceiver=41275250
D/ActivityManager(  429): BDC-Finishing receiver: android.os.BinderProxy@4165cf98
D/BroadcastQueue(  429): BDC-Delivered broadcast: Intent { act=auto_update_intelligence_intercept_library flg=0x14 cmp=com.lewa.virusdefense/.receivers.AlarmReceiver (has extras) }, ordered=true, app=ProcessRecord{42114d98 1027:com.lewa.virusdefense/u0a71}, receiver=android.os.BinderProxy@420763d8
V/AlarmManager(  429): Native set alarm :Alarm{41fc4038 type 0 com.gexin.rom2}
D/ActivityThread( 1027): BDC-Calling onReceive: intent=Intent { act=auto_update_intelligence_intercept_library flg=0x14 cmp=com.lewa.virusdefense/.receivers.AlarmReceiver (has extras) }, ordered=true, receiver=com.lewa.virusdefense.receivers.AlarmReceiver@41114f70
D/ActivityThread(  595): SVC-Destroying service: com.lewa.PIM.IM.service.GeXinIMService@411353a0
D/ActivityThread(  595): SVC-STOP_SERVICE handled : 0 / android.os.BinderProxy@41198eb8
D/ActivityManager(  429): SVC-Executing service done: ServiceRecord{42095528 com.lewa.PIM/.IM.service.GeXinIMService}, type=0, startId=0, res=0
D/ActivityThread( 1849): SVC-Destroying service: com.android.providers.calendar.CalendarProviderIntentService@4110b110
D/ActivityThread( 1849): SVC-STOP_SERVICE handled : 0 / android.os.BinderProxy@411087c8
D/ActivityManager(  429): SVC-Executing service done: ServiceRecord{41f4d4a0 com.android.providers.calendar/.CalendarProviderIntentService}, type=0, startId=0, res=0
I/ActivityManager(  429): No longer want com.google.android.partnersetup (pid 1308): hidden #16
V/ActivityManager(  429): Death received in com.android.server.am.ActivityManagerService$AppDeathRecipient@42026670 for thread android.os.BinderProxy@4207bbd8
V/ActivityManager(  429): Dying app: ProcessRecord{4183b540 1308:com.google.android.partnersetup/u0a25}, pid: 1308, thread: android.os.BinderProxy@4207bbd8
V/ActivityManager(  429): Removing app ProcessRecord{4183b540 0:com.google.android.partnersetup/u0a25} from list [ActivityRecord{41cecd00 com.lewa.launcher/.Launcher}] with 1 entries
V/ActivityManager(  429): Record #0 ActivityRecord{41cecd00 com.lewa.launcher/.Launcher}: app=ProcessRecord{41ef9350 687:com.lewa.launcher/u0a38}
V/ActivityManager(  429): Removing app ProcessRecord{4183b540 0:com.google.android.partnersetup/u0a25} from list [] with 0 entries
V/ActivityManager(  429): Removing app ProcessRecord{4183b540 0:com.google.android.partnersetup/u0a25} from list [] with 0 entries
V/ActivityManager(  429): Removing app ProcessRecord{4183b540 0:com.google.android.partnersetup/u0a25} from list [] with 0 entries
V/ActivityManager(  429): Removing app ProcessRecord{4183b540 0:com.google.android.partnersetup/u0a25} from list [] with 0 entries
D/ActivityManager(  429): BDC-Finishing receiver: android.os.BinderProxy@420763d8
I/ActivityManager(  429): Start proc com.dolphin.browser.tuna:DolphinNotification for broadcast com.dolphin.browser.tuna/com.dolphin.browser.message.MessageTriggerReceiver: pid=1912 uid=10012 gids={3003, 1015, 1007, 1028}
D/ActivityThread( 1027): BDC-RECEIVER handled : 0 / ReceiverData{intent=Intent { act=auto_update_intelligence_intercept_library flg=0x14 cmp=com.lewa.virusdefense/.receivers.AlarmReceiver (has extras) } packageName=com.lewa.virusdefense resultCode=0 resultData=null resultExtras=null}
D/ActivityManager(  429): ACT-attachApplication pid 1912 to thread android.app.ApplicationThreadProxy@411fd270
D/ActivityThread( 1849): SVC-Creating service: CreateServiceData{token=android.os.BinderProxy@410e8b98 className=com.android.providers.calendar.EmptyService packageName=com.android.providers.calendar intent=null}
D/ActivityThread( 1849): SVC-CREATE_SERVICE handled : 0 / CreateServiceData{token=android.os.BinderProxy@410e8b98 className=com.android.providers.calendar.EmptyService packageName=com.android.providers.calendar intent=null}
D/ActivityManager(  429): SVC-Executing service done: ServiceRecord{420a62f8 com.android.providers.calendar/.EmptyService}, type=0, startId=0, res=0
D/ActivityThread( 1849): SVC-SERVICE_ARGS handled : 0 / ServiceArgsData{token=android.os.BinderProxy@410e8b98 startId=1 args=Intent { cmp=com.android.providers.calendar/.EmptyService }}
D/ActivityManager(  429): SVC-Sent arguments: ServiceRecord{420a62f8 com.android.providers.calendar/.EmptyService}, app=ProcessRecord{41a2bc10 1849:com.android.providers.calendar/u0a6}, args=Intent { cmp=com.android.providers.calendar/.EmptyService }, flags=0
V/ActivityManager(  429): Binding process pid 1912 to record ProcessRecord{418c0a70 1912:com.dolphin.browser.tuna:DolphinNotification/u0a12}
V/ActivityManager(  429): New death recipient com.android.server.am.ActivityManagerService$AppDeathRecipient@420b8378 for thread android.os.BinderProxy@41fc2d48
V/ActivityManager(  429): New app record ProcessRecord{418c0a70 1912:com.dolphin.browser.tuna:DolphinNotification/u0a12} thread=android.os.BinderProxy@41fc2d48 pid=1912
D/BroadcastQueue(  429): BDC-Delivered broadcast: Intent { act=android.intent.action.MEDIA_SCANNER_FINISHED dat=file:///system/media flg=0x10 cmp=com.dolphin.browser.tuna/com.dolphin.browser.message.MessageTriggerReceiver }, ordered=true, app=ProcessRecord{418c0a70 1912:com.dolphin.browser.tuna:DolphinNotification/u0a12}, receiver=android.os.BinderProxy@41fc2d48
D/ActivityManager(  429): SVC-Executing service done: ServiceRecord{420a62f8 com.android.providers.calendar/.EmptyService}, type=1, startId=1, res=1
D/ActivityThread( 1912): BIND_APPLICATION handled : 0 / AppBindData{appInfo=ApplicationInfo{410df9a8 com.dolphin.browser.tuna}}
D/ActivityThread( 1912): BDC-Calling onReceive: intent=Intent { act=android.intent.action.MEDIA_SCANNER_FINISHED dat=file:///system/media flg=0x10 cmp=com.dolphin.browser.tuna/com.dolphin.browser.message.MessageTriggerReceiver }, ordered=true, receiver=com.dolphin.browser.message.MessageTriggerReceiver@411a26f0
D/MobileDataStateTracker(  429): default: getNetworkInfo: updated IsAvailable=true
D/MobileDataStateTracker(  429): default: getNetworkInfo: updated IsAvailable=true
D/ConnectivityService(  429): getActiveNetworkInfo:NetworkInfo: type: mobile[UMTS], state: CONNECTED/CONNECTED, reason: psRestrictEnabled, extra: uninet, roaming: false, failover: false, isAvailable: true, simId: 1/10012
D/ActivityManager(  429): SVC-Sent arguments: ServiceRecord{42110a08 com.dolphin.browser.tuna/com.dolphin.browser.message.MessageService}, app=ProcessRecord{418c0a70 1912:com.dolphin.browser.tuna:DolphinNotification/u0a12}, args=Intent { cmp=com.dolphin.browser.tuna/com.dolphin.browser.message.MessageService (has extras) }, flags=0
D/ActivityThread( 1912): BDC-RECEIVER handled : 0 / ReceiverData{intent=Intent { act=android.intent.action.MEDIA_SCANNER_FINISHED dat=file:///system/media flg=0x10 cmp=com.dolphin.browser.tuna/com.dolphin.browser.message.MessageTriggerReceiver } packageName=com.dolphin.browser.tuna resultCode=-1 resultData=null resultExtras=null}
D/ActivityManager(  429): BDC-Finishing receiver: android.os.BinderProxy@41fc2d48
D/ActivityThread( 1912): SVC-Creating service: CreateServiceData{token=android.os.BinderProxy@411ba280 className=com.dolphin.browser.message.MessageService packageName=com.dolphin.browser.tuna intent=null}
I/ActivityManager(  429): Start proc com.mediatek.videofavorites for broadcast com.mediatek.videofavorites/.WidgetXLarge: pid=1929 uid=10069 gids={1015, 1028}
D/ActivityManager(  429): ACT-attachApplication pid 1929 to thread android.app.ApplicationThreadProxy@41765cd8
V/ActivityManager(  429): Binding process pid 1929 to record ProcessRecord{41649a60 1929:com.mediatek.videofavorites/u0a69}
V/ActivityManager(  429): New death recipient com.android.server.am.ActivityManagerService$AppDeathRecipient@4170c108 for thread android.os.BinderProxy@41741790
V/ActivityManager(  429): New app record ProcessRecord{41649a60 1929:com.mediatek.videofavorites/u0a69} thread=android.os.BinderProxy@41741790 pid=1929
D/BroadcastQueue(  429): BDC-Delivered broadcast: Intent { act=android.intent.action.MEDIA_SCANNER_FINISHED dat=file:///system/media flg=0x10 cmp=com.mediatek.videofavorites/.WidgetXLarge }, ordered=true, app=ProcessRecord{41649a60 1929:com.mediatek.videofavorites/u0a69}, receiver=android.os.BinderProxy@41741790
V/ActivityManager(  429): Broadcast sticky: Intent { act=android.intent.action.NETWORK_SET_TIMEZONE flg=0x20000010 (has extras) } ordered=false userid=0
V/CountryDetector(  429):     phonetype=1
V/ActivityManager(  429): Broadcast sticky: Intent { act=android.intent.action.SERVICE_STATE flg=0x10 (has extras) } ordered=false userid=0
I/TelephonyRegistry(  429): notifyDataConnection: state=2 isDataConnectivityPossible=true reason='nwTypeChanged' apn='uninet' apnType=default networkType=10
D/TelephonyRegistry(  429): onDataConnectionStateChanged(2, 10)
V/ActivityManager(  429): Broadcast: Intent { act=android.intent.action.ANY_DATA_STATE_MOBILE flg=0x10 (has extras) } ordered=true userid=0
D/ConnectivityService(  429): sendStickyBroadcast: action=android.net.conn.CONNECTIVITY_CHANGE
V/ActivityManager(  429): Broadcast sticky: Intent { act=android.net.conn.CONNECTIVITY_CHANGE flg=0x8000010 (has extras) } ordered=false userid=0
D/MobileDataStateTracker(  429): default: getNetworkInfo: updated IsAvailable=true
D/MobileDataStateTracker(  429): default: getNetworkInfo: updated IsAvailable=true
D/ConnectivityService(  429): getActiveNetworkInfo:NetworkInfo: type: mobile[UMTS], state: CONNECTED/CONNECTED, reason: psRestrictEnabled, extra: uninet, roaming: false, failover: false, isAvailable: true, simId: 1/10079
D/MobileDataStateTracker(  429): default: getNetworkInfo: updated IsAvailable=true
D/MobileDataStateTracker(  429): default: getNetworkInfo: updated IsAvailable=true
I/TelephonyRegistry(  429): notifyDataConnection: state=0 isDataConnectivityPossible=true reason='nwTypeChanged' apn='null' apnType=dm networkType=10
V/ActivityManager(  429): Broadcast: Intent { act=android.intent.action.ANY_DATA_STATE_MOBILE flg=0x10 (has extras) } ordered=true userid=0
I/TelephonyRegistry(  429): notifyDataConnection: state=0 isDataConnectivityPossible=true reason='nwTypeChanged' apn='null' apnType=wap networkType=10
V/ActivityManager(  429): Broadcast: Intent { act=android.intent.action.ANY_DATA_STATE_MOBILE flg=0x10 (has extras) } ordered=true userid=0
I/TelephonyRegistry(  429): notifyDataConnection: state=0 isDataConnectivityPossible=true reason='nwTypeChanged' apn='null' apnType=fota networkType=10
V/ActivityManager(  429): Broadcast: Intent { act=android.intent.action.ANY_DATA_STATE_MOBILE flg=0x10 (has extras) } ordered=true userid=0
D/ActivityThread( 1929): BIND_APPLICATION handled : 0 / AppBindData{appInfo=ApplicationInfo{410e0ff0 com.mediatek.videofavorites}}
D/ActivityThread( 1929): BDC-Calling onReceive: intent=Intent { act=android.intent.action.MEDIA_SCANNER_FINISHED dat=file:///system/media flg=0x10 cmp=com.mediatek.videofavorites/.WidgetXLarge }, ordered=true, receiver=com.mediatek.videofavorites.WidgetXLarge@410f3178
D/ActivityThread( 1929): BDC-RECEIVER handled : 0 / ReceiverData{intent=Intent { act=android.intent.action.MEDIA_SCANNER_FINISHED dat=file:///system/media flg=0x10 cmp=com.mediatek.videofavorites/.WidgetXLarge } packageName=com.mediatek.videofavorites resultCode=0 resultData=null resultExtras=null}
D/ActivityManager(  429): BDC-Finishing receiver: android.os.BinderProxy@41741790
I/TelephonyRegistry(  429): notifyDataConnection: state=0 isDataConnectivityPossible=true reason='nwTypeChanged' apn='null' apnType=cmmail networkType=10
D/MobileDataStateTracker(  429): default: getNetworkInfo: updated IsAvailable=true
D/MobileDataStateTracker(  429): default: getNetworkInfo: updated IsAvailable=true
D/ConnectivityService(  429): getActiveNetworkInfo:NetworkInfo: type: mobile[UMTS], state: CONNECTED/CONNECTED, reason: psRestrictEnabled, extra: uninet, roaming: false, failover: false, isAvailable: true, simId: 1/1000
D/BroadcastQueue(  429): BDC-Delivered broadcast: Intent { act=AlarmTaskSchedule flg=0x14 (has extras) }, ordered=true, filter=BroadcastFilter{41833458 ReceiverList{418333d8 1557 com.gexin.rom2/10021 remote:42067828}}, receiver=android.os.BinderProxy@42067828
V/ActivityManager(  429): Broadcast: Intent { act=android.intent.action.ANY_DATA_STATE_MOBILE flg=0x10 (has extras) } ordered=true userid=0
I/TelephonyRegistry(  429): notifyDataConnection: state=0 isDataConnectivityPossible=true reason='nwTypeChanged' apn='null' apnType=dun networkType=10
V/ActivityManager(  429): Broadcast: Intent { act=android.intent.action.ANY_DATA_STATE_MOBILE flg=0x10 (has extras) } ordered=true userid=0
I/TelephonyRegistry(  429): notifyDataConnection: state=0 isDataConnectivityPossible=true reason='nwTypeChanged' apn='null' apnType=supl networkType=10
V/ActivityManager(  429): Broadcast: Intent { act=android.intent.action.ANY_DATA_STATE_MOBILE flg=0x10 (has extras) } ordered=true userid=0
I/TelephonyRegistry(  429): notifyDataConnection: state=0 isDataConnectivityPossible=true reason='nwTypeChanged' apn='null' apnType=hipri networkType=10
V/ActivityManager(  429): Broadcast: Intent { act=android.intent.action.ANY_DATA_STATE_MOBILE flg=0x10 (has extras) } ordered=true userid=0
I/TelephonyRegistry(  429): notifyDataConnection: state=0 isDataConnectivityPossible=true reason='nwTypeChanged' apn='null' apnType=ims networkType=10
V/ActivityManager(  429): Broadcast: Intent { act=android.intent.action.ANY_DATA_STATE_MOBILE flg=0x10 (has extras) } ordered=true userid=0
I/TelephonyRegistry(  429): notifyDataConnection: state=0 isDataConnectivityPossible=true reason='nwTypeChanged' apn='null' apnType=mms networkType=10
V/ActivityManager(  429): Broadcast: Intent { act=android.intent.action.ANY_DATA_STATE_MOBILE flg=0x10 (has extras) } ordered=true userid=0
I/TelephonyRegistry(  429): notifyDataConnection: state=0 isDataConnectivityPossible=true reason='nwTypeChanged' apn='null' apnType=net networkType=10
V/ActivityManager(  429): Broadcast: Intent { act=android.intent.action.ANY_DATA_STATE_MOBILE flg=0x10 (has extras) } ordered=true userid=0
D/CountryDetector(  429): onServiceStateChanged serviceState:SIM2 0 home 中国联通 CU-GSM 46001  HSPA CSS not supported -1 -1 RoamInd=-1 DefRoamInd=-1 EmergOnly=false Regist state: 1
I/TelephonyRegistry(  429): notifyDataConnection: state=0 isDataConnectivityPossible=true reason='nwTypeChanged' apn='null' apnType=cbs networkType=10
V/ActivityManager(  429): Broadcast: Intent { act=android.intent.action.ANY_DATA_STATE_MOBILE flg=0x10 (has extras) } ordered=true userid=0
V/ActivityManager(  429): Broadcast sticky: Intent { act=android.intent.action.SIG_STR flg=0x10 (has extras) } ordered=false userid=0
D/MobileDataStateTracker(  429): default: getNetworkInfo: updated IsAvailable=true
D/MobileDataStateTracker(  429): default: getNetworkInfo: updated IsAvailable=true
D/ConnectivityService(  429): getActiveNetworkInfo:NetworkInfo: type: mobile[UMTS], state: CONNECTED/CONNECTED, reason: psRestrictEnabled, extra: uninet, roaming: false, failover: false, isAvailable: true, simId: 1/1000
D/MobileDataStateTracker(  429): default: getNetworkInfo: updated IsAvailable=true
D/MobileDataStateTracker(  429): default: getNetworkInfo: updated IsAvailable=true
D/ConnectivityService(  429): getActiveNetworkInfo:NetworkInfo: type: mobile[UMTS], state: CONNECTED/CONNECTED, reason: psRestrictEnabled, extra: uninet, roaming: false, failover: false, isAvailable: true, simId: 1/1000
D/MobileDataStateTracker(  429): default: getNetworkInfo: updated IsAvailable=true
D/MobileDataStateTracker(  429): default: getNetworkInfo: updated IsAvailable=true
D/ConnectivityService(  429): getActiveNetworkInfo:NetworkInfo: type: mobile[UMTS], state: CONNECTED/CONNECTED, reason: psRestrictEnabled, extra: uninet, roaming: false, failover: false, isAvailable: true, simId: 1/1000
D/ActivityThread( 1557): BDC-Calling onReceive: intent=Intent { act=AlarmTaskSchedule flg=0x14 (has extras) }, ordered=true, receiver=dx@410ef738, IIntentReceiver=410f3978
D/ActivityThread( 1557): BDC-Calling finishReceiver: IIntentReceiver=410f3978
D/ActivityManager(  429): BDC-Finishing receiver: android.os.BinderProxy@42067828
D/ActivityManager(  429): SVC-Sent arguments: ServiceRecord{420f98a0 com.baidu.searchbox/.downloads.DownloadService}, app=ProcessRecord{41f3fe08 1611:com.baidu.searchbox/u0a140}, args=Intent { cmp=com.baidu.searchbox/.downloads.DownloadService }, flags=0
V/ActivityManager(  429): Broadcast: Intent { act=android.intent.action.PROVIDER_CHANGED dat=content://com.android.calendar flg=0x10 } ordered=false userid=0
D/BroadcastQueue(  429): BDC-Delivered broadcast: Intent { act=lewa.gexin.action.updateui2 flg=0x10 cmp=com.lewa.PIM/.IM.receiver.GeXinIMReceiver (has extras) }, ordered=true, app=ProcessRecord{4161f500 595:android.process.acore/u0a3}, receiver=android.os.BinderProxy@417f1db8
D/MobileDataStateTracker(  429): default: getNetworkInfo: updated IsAvailable=true
D/MobileDataStateTracker(  429): default: getNetworkInfo: updated IsAvailable=true
D/MobileDataStateTracker(  429): default: getNetworkInfo: updated IsAvailable=true
D/MobileDataStateTracker(  429): default: getNetworkInfo: updated IsAvailable=true
D/MobileDataStateTracker(  429): mms: getNetworkInfo: updated IsAvailable=true
D/MobileDataStateTracker(  429): mms: getNetworkInfo: updated IsAvailable=true
D/MobileDataStateTracker(  429): supl: getNetworkInfo: updated IsAvailable=true
D/MobileDataStateTracker(  429): supl: getNetworkInfo: updated IsAvailable=true
D/MobileDataStateTracker(  429): dun: getNetworkInfo: updated IsAvailable=true
D/MobileDataStateTracker(  429): dun: getNetworkInfo: updated IsAvailable=true
D/MobileDataStateTracker(  429): hipri: getNetworkInfo: updated IsAvailable=true
D/MobileDataStateTracker(  429): hipri: getNetworkInfo: updated IsAvailable=true
D/MobileDataStateTracker(  429): fota: getNetworkInfo: updated IsAvailable=true
D/MobileDataStateTracker(  429): fota: getNetworkInfo: updated IsAvailable=true
D/MobileDataStateTracker(  429): ims: getNetworkInfo: updated IsAvailable=true
D/MobileDataStateTracker(  429): ims: getNetworkInfo: updated IsAvailable=true
D/MobileDataStateTracker(  429): cbs: getNetworkInfo: updated IsAvailable=true
D/MobileDataStateTracker(  429): cbs: getNetworkInfo: updated IsAvailable=true
D/MobileDataStateTracker(  429): dm: getNetworkInfo: updated IsAvailable=true
D/MobileDataStateTracker(  429): dm: getNetworkInfo: updated IsAvailable=true
D/MobileDataStateTracker(  429): wap: getNetworkInfo: updated IsAvailable=true
D/MobileDataStateTracker(  429): wap: getNetworkInfo: updated IsAvailable=true
D/MobileDataStateTracker(  429): net: getNetworkInfo: updated IsAvailable=true
D/MobileDataStateTracker(  429): net: getNetworkInfo: updated IsAvailable=true
D/MobileDataStateTracker(  429): cmmail: getNetworkInfo: updated IsAvailable=true
D/MobileDataStateTracker(  429): cmmail: getNetworkInfo: updated IsAvailable=true
D/ConnectivityService(  429): getActiveNetworkInfo:NetworkInfo: type: mobile[UMTS], state: CONNECTED/CONNECTED, reason: psRestrictEnabled, extra: uninet, roaming: false, failover: false, isAvailable: true, simId: 1/10140
V/ActivityManager(  429): Broadcast: Intent { act=android.intent.action.PACKAGE_CHANGED dat=package:com.android.stk2 flg=0x8000010 (has extras) } ordered=false userid=0
V/AlarmManager(  429): Native set alarm :Alarm{41a03b90 type 0 com.gexin.rom2}
D/MobileDataStateTracker(  429): default: getNetworkInfo: updated IsAvailable=true
D/MobileDataStateTracker(  429): default: getNetworkInfo: updated IsAvailable=true
D/ConnectivityService(  429): getActiveNetworkInfo:NetworkInfo: type: mobile[UMTS], state: CONNECTED/CONNECTED, reason: psRestrictEnabled, extra: uninet, roaming: false, failover: false, isAvailable: true, simId: 1/10140
D/ActivityThread( 1611): SVC-Creating service: CreateServiceData{token=android.os.BinderProxy@412c4550 className=com.baidu.searchbox.downloads.DownloadService packageName=com.baidu.searchbox intent=null}
D/MobileDataStateTracker(  429): default: getNetworkInfo: updated IsAvailable=true
D/MobileDataStateTracker(  429): default: getNetworkInfo: updated IsAvailable=true
D/MobileDataStateTracker(  429): default: getNetworkInfo: updated IsAvailable=true
D/ConnectivityService(  429): getActiveNetworkInfo:NetworkInfo: type: mobile[UMTS], state: CONNECTED/CONNECTED, reason: psRestrictEnabled, extra: uninet, roaming: false, failover: false, isAvailable: true, simId: 1/10020
D/MobileDataStateTracker(  429): default: getNetworkInfo: updated IsAvailable=true
D/ConnectivityService(  429): getActiveNetworkInfo:NetworkInfo: type: mobile[UMTS], state: CONNECTED/CONNECTED, reason: psRestrictEnabled, extra: uninet, roaming: false, failover: false, isAvailable: true, simId: 1/10014
D/MobileDataStateTracker(  429): default: getNetworkInfo: updated IsAvailable=true
D/MobileDataStateTracker(  429): default: getNetworkInfo: updated IsAvailable=true
D/ConnectivityService(  429): getActiveNetworkInfo:NetworkInfo: type: mobile[UMTS], state: CONNECTED/CONNECTED, reason: psRestrictEnabled, extra: uninet, roaming: false, failover: false, isAvailable: true, simId: 1/1000
D/MobileDataStateTracker(  429): default: getNetworkInfo: updated IsAvailable=true
D/MobileDataStateTracker(  429): default: getNetworkInfo: updated IsAvailable=true
D/ConnectivityService(  429): getActiveNetworkInfo:NetworkInfo: type: mobile[UMTS], state: CONNECTED/CONNECTED, reason: psRestrictEnabled, extra: uninet, roaming: false, failover: false, isAvailable: true, simId: 1/1000
D/MobileDataStateTracker(  429): default: getNetworkInfo: updated IsAvailable=true
D/MobileDataStateTracker(  429): default: getNetworkInfo: updated IsAvailable=true
D/ConnectivityService(  429): getActiveNetworkInfo:NetworkInfo: type: mobile[UMTS], state: CONNECTED/CONNECTED, reason: psRestrictEnabled, extra: uninet, roaming: false, failover: false, isAvailable: true, simId: 1/1000
D/MobileDataStateTracker(  429): default: getNetworkInfo: updated IsAvailable=true
D/MobileDataStateTracker(  429): default: getNetworkInfo: updated IsAvailable=true
D/ConnectivityService(  429): getActiveNetworkInfo:NetworkInfo: type: mobile[UMTS], state: CONNECTED/CONNECTED, reason: psRestrictEnabled, extra: uninet, roaming: false, failover: false, isAvailable: true, simId: 1/1000
D/CountryDetector(  429): startLocationBasedDetection=true detectCountry=(source: 0, countryISO: CN) isAirplaneModeOff()=true mListener=com.android.server.CountryDetectorService$1@41776d10 isGeoCoderImplemnted()=true
D/CountryDetector(  429): tries to stop LocationBasedDetector (current detector: null)
D/ActivityThread(  595): BDC-Calling onReceive: intent=Intent { act=lewa.gexin.action.updateui2 flg=0x10 cmp=com.lewa.PIM/.IM.receiver.GeXinIMReceiver (has extras) }, ordered=true, receiver=com.lewa.PIM.IM.receiver.GeXinIMReceiver@4129d4e0
D/ActivityManager(  429): SVC-Stopping service: ServiceRecord{420a62f8 com.android.providers.calendar/.EmptyService}, app=ProcessRecord{41a2bc10 1849:com.android.providers.calendar/u0a6}
V/ActivityManager(  429): Broadcast: Intent { act=lewa.gexin.action.updateui flg=0x10 (has extras) } ordered=false userid=0
D/ActivityThread( 1849): SVC-Destroying service: com.android.providers.calendar.EmptyService@410e96d0
D/ActivityThread( 1849): SVC-STOP_SERVICE handled : 0 / android.os.BinderProxy@410e8b98
D/ActivityManager(  429): SVC-Executing service done: ServiceRecord{420a62f8 com.android.providers.calendar/.EmptyService}, type=0, startId=0, res=0
D/ActivityThread( 1231): SVC-Destroying service: com.android.email.service.AttachmentDownloadService@411ce978
D/ActivityThread( 1912): SVC-CREATE_SERVICE handled : 0 / CreateServiceData{token=android.os.BinderProxy@411ba280 className=com.dolphin.browser.message.MessageService packageName=com.dolphin.browser.tuna intent=null}
D/ActivityThread( 1231): SVC-STOP_SERVICE handled : 0 / android.os.BinderProxy@411bda38
D/ActivityManager(  429): SVC-Sent arguments: ServiceRecord{420293f0 com.lewa.PIM/.IM.service.GeXinIMService}, app=ProcessRecord{4161f500 595:android.process.acore/u0a3}, args=Intent { act=lewa.gexin.action.updateui2 flg=0x10 cmp=com.lewa.PIM/.IM.service.GeXinIMService (has extras) }, flags=0
D/ActivityManager(  429): SVC-Executing service done: ServiceRecord{42110a08 com.dolphin.browser.tuna/com.dolphin.browser.message.MessageService}, type=0, startId=0, res=0
D/ActivityManager(  429): SVC-Executing service done: ServiceRecord{42114c30 com.android.email/.service.AttachmentDownloadService}, type=0, startId=0, res=0
I/ActivityManager(  429): No longer want com.lewa.labi (pid 1337): hidden #16
D/ActivityThread(  595): BDC-RECEIVER handled : 0 / ReceiverData{intent=Intent { act=lewa.gexin.action.updateui2 flg=0x10 cmp=com.lewa.PIM/.IM.service.GeXinIMService (has extras) } packageName=com.lewa.PIM resultCode=-1 resultData=null resultExtras=null}
D/ActivityThread(  595): SVC-Creating service: CreateServiceData{token=android.os.BinderProxy@41275198 className=com.lewa.PIM.IM.service.GeXinIMService packageName=com.lewa.PIM intent=null}
D/ActivityManager(  429): BDC-Finishing receiver: android.os.BinderProxy@417f1db8
D/ActivityThread( 1611): SVC-CREATE_SERVICE handled : 0 / CreateServiceData{token=android.os.BinderProxy@412c4550 className=com.baidu.searchbox.downloads.DownloadService packageName=com.baidu.searchbox intent=null}
D/ActivityThread( 1611): SVC-SERVICE_ARGS handled : 0 / ServiceArgsData{token=android.os.BinderProxy@412c4550 startId=1 args=Intent { cmp=com.baidu.searchbox/.downloads.DownloadService }}
D/BroadcastQueue(  429): BDC-Delivered broadcast: Intent { act=com.android.contacts.ACTION_PHB_LOAD_FINISHED flg=0x10 cmp=com.lewa.PIM/.mediatek.contacts.simcontact.BootCmpReceiver (has extras) }, ordered=true, app=ProcessRecord{4161f500 595:android.process.acore/u0a3}, receiver=android.os.BinderProxy@417f1db8
D/ActivityManager(  429): SVC-Executing service done: ServiceRecord{420f98a0 com.baidu.searchbox/.downloads.DownloadService}, type=0, startId=0, res=0
D/ActivityManager(  429): SVC-Executing service done: ServiceRecord{420f98a0 com.baidu.searchbox/.downloads.DownloadService}, type=1, startId=1, res=1
D/ActivityThread( 1912): SVC-SERVICE_ARGS handled : 0 / ServiceArgsData{token=android.os.BinderProxy@411ba280 startId=1 args=Intent { cmp=com.dolphin.browser.tuna/com.dolphin.browser.message.MessageService (has extras) }}
D/ActivityManager(  429): SVC-Executing service done: ServiceRecord{42110a08 com.dolphin.browser.tuna/com.dolphin.browser.message.MessageService}, type=1, startId=1, res=2
D/ActivityThread(  595): SVC-CREATE_SERVICE handled : 0 / CreateServiceData{token=android.os.BinderProxy@41275198 className=com.lewa.PIM.IM.service.GeXinIMService packageName=com.lewa.PIM intent=null}
D/ActivityThread(  595): SVC-SERVICE_ARGS handled : 0 / ServiceArgsData{token=android.os.BinderProxy@41275198 startId=1 args=Intent { act=lewa.gexin.action.updateui2 flg=0x10 cmp=com.lewa.PIM/.IM.service.GeXinIMService (has extras) }}
D/ActivityThread(  595): BDC-Calling onReceive: intent=Intent { act=com.android.contacts.ACTION_PHB_LOAD_FINISHED flg=0x10 cmp=com.lewa.PIM/.mediatek.contacts.simcontact.BootCmpReceiver (has extras) }, ordered=true, receiver=com.lewa.PIM.mediatek.contacts.simcontact.BootCmpReceiver@4118b788
D/ActivityThread(  595): BDC-RECEIVER handled : 0 / ReceiverData{intent=Intent { act=com.android.contacts.ACTION_PHB_LOAD_FINISHED flg=0x10 cmp=com.lewa.PIM/.mediatek.contacts.simcontact.BootCmpReceiver (has extras) } packageName=com.lewa.PIM resultCode=-1 resultData=null resultExtras=null}
D/ActivityManager(  429): SVC-Executing service done: ServiceRecord{420293f0 com.lewa.PIM/.IM.service.GeXinIMService}, type=0, startId=0, res=0
D/ActivityManager(  429): SVC-Executing service done: ServiceRecord{420293f0 com.lewa.PIM/.IM.service.GeXinIMService}, type=1, startId=1, res=2
D/ActivityManager(  429): BDC-Finishing receiver: android.os.BinderProxy@417f1db8
D/BroadcastQueue(  429): BDC-Delivered broadcast: Intent { act=lewa.gexin.action.updateui flg=0x10 cmp=com.lewa.PIM/.IM.receiver.GeXinIMReceiver (has extras) }, ordered=true, app=ProcessRecord{4161f500 595:android.process.acore/u0a3}, receiver=android.os.BinderProxy@417f1db8
D/ActivityThread(  595): BDC-Calling onReceive: intent=Intent { act=lewa.gexin.action.updateui flg=0x10 cmp=com.lewa.PIM/.IM.receiver.GeXinIMReceiver (has extras) }, ordered=true, receiver=com.lewa.PIM.IM.receiver.GeXinIMReceiver@4114afb8
V/ActivityManager(  429): Death received in com.android.server.am.ActivityManagerService$AppDeathRecipient@420142f0 for thread android.os.BinderProxy@4207e090
V/ActivityManager(  429): Dying app: ProcessRecord{41f17788 1337:com.lewa.labi/u0a31}, pid: 1337, thread: android.os.BinderProxy@4207e090
V/ActivityManager(  429): Removing app ProcessRecord{41f17788 0:com.lewa.labi/u0a31} from list [ActivityRecord{41cecd00 com.lewa.launcher/.Launcher}] with 1 entries
V/ActivityManager(  429): Record #0 ActivityRecord{41cecd00 com.lewa.launcher/.Launcher}: app=ProcessRecord{41ef9350 687:com.lewa.launcher/u0a38}
V/ActivityManager(  429): Removing app ProcessRecord{41f17788 0:com.lewa.labi/u0a31} from list [] with 0 entries
V/ActivityManager(  429): Removing app ProcessRecord{41f17788 0:com.lewa.labi/u0a31} from list [] with 0 entries
V/ActivityManager(  429): Removing app ProcessRecord{41f17788 0:com.lewa.labi/u0a31} from list [] with 0 entries
V/ActivityManager(  429): Removing app ProcessRecord{41f17788 0:com.lewa.labi/u0a31} from list [] with 0 entries
W/ActivityThread(  429): Duplicate remove pending of provider com.android.providers.telephony.TelephonyProvider
V/ActivityManager(  429): Death received in com.android.server.am.ActivityManagerService$AppDeathRecipient@4172be30 for thread android.os.BinderProxy@41f6f5c0
I/ActivityManager(  429): Process com.gexin.rom (pid 1893) has died.
V/ActivityManager(  429): Dying app: ProcessRecord{41f483f0 1893:com.gexin.rom/u0a20}, pid: 1893, thread: android.os.BinderProxy@41f6f5c0
V/ActivityManager(  429): Removing app ProcessRecord{41f483f0 0:com.gexin.rom/u0a20} from list [ActivityRecord{41cecd00 com.lewa.launcher/.Launcher}] with 1 entries
V/ActivityManager(  429): Record #0 ActivityRecord{41cecd00 com.lewa.launcher/.Launcher}: app=ProcessRecord{41ef9350 687:com.lewa.launcher/u0a38}
V/ActivityManager(  429): Removing app ProcessRecord{41f483f0 0:com.gexin.rom/u0a20} from list [] with 0 entries
V/ActivityManager(  429): Removing app ProcessRecord{41f483f0 0:com.gexin.rom/u0a20} from list [] with 0 entries
V/ActivityManager(  429): Removing app ProcessRecord{41f483f0 0:com.gexin.rom/u0a20} from list [] with 0 entries
V/ActivityManager(  429): Removing app ProcessRecord{41f483f0 0:com.gexin.rom/u0a20} from list [] with 0 entries
D/ActivityManager(  429): SVC-Sent arguments: ServiceRecord{4210a9c8 com.lewa.PIM/.IM.service.GeXinIMService}, app=ProcessRecord{4161f500 595:android.process.acore/u0a3}, args=Intent { act=lewa.gexin.action.updateui flg=0x10 cmp=com.lewa.PIM/.IM.service.GeXinIMService (has extras) }, flags=0
D/ActivityThread(  595): BDC-RECEIVER handled : 0 / ReceiverData{intent=Intent { act=lewa.gexin.action.updateui flg=0x10 cmp=com.lewa.PIM/.IM.service.GeXinIMService (has extras) } packageName=com.lewa.PIM resultCode=-1 resultData=null resultExtras=null}
D/ActivityThread(  595): SVC-Destroying service: com.lewa.PIM.IM.service.GeXinIMService@413b12e8
D/ActivityThread(  595): SVC-STOP_SERVICE handled : 0 / android.os.BinderProxy@41275198
D/ActivityThread(  595): SVC-Creating service: CreateServiceData{token=android.os.BinderProxy@412531f0 className=com.lewa.PIM.IM.service.GeXinIMService packageName=com.lewa.PIM intent=null}
D/ActivityManager(  429): BDC-Finishing receiver: android.os.BinderProxy@417f1db8
D/BroadcastQueue(  429): BDC-Delivered broadcast: Intent { act=lewa.gexin.action.updateui flg=0x10 cmp=com.lewa.PIM/.IM.receiver.GeXinIMReceiver (has extras) }, ordered=true, app=ProcessRecord{4161f500 595:android.process.acore/u0a3}, receiver=android.os.BinderProxy@417f1db8
D/ActivityManager(  429): SVC-Executing service done: ServiceRecord{420293f0 com.lewa.PIM/.IM.service.GeXinIMService}, type=0, startId=0, res=0
D/ActivityThread(  595): SVC-CREATE_SERVICE handled : 0 / CreateServiceData{token=android.os.BinderProxy@412531f0 className=com.lewa.PIM.IM.service.GeXinIMService packageName=com.lewa.PIM intent=null}
D/ActivityThread(  595): SVC-SERVICE_ARGS handled : 0 / ServiceArgsData{token=android.os.BinderProxy@412531f0 startId=1 args=Intent { act=lewa.gexin.action.updateui flg=0x10 cmp=com.lewa.PIM/.IM.service.GeXinIMService (has extras) }}
D/ActivityThread(  595): BDC-Calling onReceive: intent=Intent { act=lewa.gexin.action.updateui flg=0x10 cmp=com.lewa.PIM/.IM.receiver.GeXinIMReceiver (has extras) }, ordered=true, receiver=com.lewa.PIM.IM.receiver.GeXinIMReceiver@4120f738
D/ActivityManager(  429): SVC-Executing service done: ServiceRecord{4210a9c8 com.lewa.PIM/.IM.service.GeXinIMService}, type=0, startId=0, res=0
D/ActivityManager(  429): SVC-Executing service done: ServiceRecord{4210a9c8 com.lewa.PIM/.IM.service.GeXinIMService}, type=1, startId=1, res=2
