D/ConnectivityService(  376): getActiveNetworkInfo:NetworkInfo: type: WIFI[], state: CONNECTED/CONNECTED, reason: (unspecified), extra: (none), roaming: false, failover: false, isAvailable: true, simId: 0/10102
D/ConnectivityService(  376): getActiveNetworkInfo:NetworkInfo: type: WIFI[], state: CONNECTED/CONNECTED, reason: (unspecified), extra: (none), roaming: false, failover: false, isAvailable: true, simId: 0/10102
W/ADB_SERVICES(  129): create_local_service_socket() name=shell:ls -l /
D/ADB_SERVICES(  129): Calling send_ready local=7777, remote=10389
D/ADB_SERVICES(  129): adb fdevent_process list (61) (27) (58) (15) (11) 
D/ADB_SERVICES(  129):  closing because is_eof=1 r=-1 s->fde.force_eof=0
W/ADB_SERVICES(  129): create_local_service_socket() name=shell:ls -l -d /emmc@android/
D/ADB_SERVICES(  129): Calling send_ready local=7778, remote=10390
D/ADB_SERVICES(  129): adb socket read list (58) (61) 
D/ADB_SERVICES(  129): read_data=14097
D/ADB_SERVICES(  129): max_read_time=0.000096 max_send_time=0.000117 
D/ADB_SERVICES(  129):  closing because is_eof=1 r=1 s->fde.force_eof=0
D/ADB_SERVICES(  129): adb local_socket_ready list (58) (61) 
W/ADB_SERVICES(  129): create_local_service_socket() name=shell:ls -l -d /emmc@cache/
D/ADB_SERVICES(  129): Calling send_ready local=7779, remote=10391
D/ADB_SERVICES(  129):  closing because is_eof=1 r=1 s->fde.force_eof=0
W/ADB_SERVICES(  129): create_local_service_socket() name=shell:ls -l -d /emmc@ebr1/
D/ADB_SERVICES(  129): Calling send_ready local=7780, remote=10392
D/ADB_SERVICES(  129):  closing because is_eof=1 r=1 s->fde.force_eof=0
W/ADB_SERVICES(  129): create_local_service_socket() name=shell:ls -l -d /emmc@fat/
D/ADB_SERVICES(  129): Calling send_ready local=7781, remote=10393
D/ADB_SERVICES(  129):  closing because is_eof=1 r=1 s->fde.force_eof=0
W/ADB_SERVICES(  129): create_local_service_socket() name=shell:ls -l -d /emmc@sec_ro/
D/ADB_SERVICES(  129): Calling send_ready local=7782, remote=10395
D/ADB_SERVICES(  129):  closing because is_eof=1 r=1 s->fde.force_eof=0
D/ConnectivityService(  376): getActiveNetworkInfo:NetworkInfo: type: WIFI[], state: CONNECTED/CONNECTED, reason: (unspecified), extra: (none), roaming: false, failover: false, isAvailable: true, simId: 0/10102
W/ADB_SERVICES(  129): create_local_service_socket() name=shell:ls -l -d /emmc@usrdata/
D/ADB_SERVICES(  129): Calling send_ready local=7783, remote=10396
D/ADB_SERVICES(  129):  closing because is_eof=1 r=1 s->fde.force_eof=0
V/Provider/Setting(  376): from settings cache , name = reboot_interval value = null
D/InputReader(  376): InputReader::monitor: lock
D/InputReader(  376): InputReader::monitor: wait 
D/InputReader(  376): InputReader::monitor: unlock
D/InputReader(  376): InputReader::monitor: done
D/ConnectivityService(  376): getActiveNetworkInfo:NetworkInfo: type: WIFI[], state: CONNECTED/CONNECTED, reason: (unspecified), extra: (none), roaming: false, failover: false, isAvailable: true, simId: 0/10102
D/ConnectivityService(  376): getActiveNetworkInfo:NetworkInfo: type: WIFI[], state: CONNECTED/CONNECTED, reason: (unspecified), extra: (none), roaming: false, failover: false, isAvailable: true, simId: 0/10102
W/ADB_SERVICES(  129): create_local_service_socket() name=shell:ls -l /
D/ADB_SERVICES(  129): Calling send_ready local=7784, remote=10401
D/ADB_SERVICES(  129): adb fdevent_process list (27) (61) (58) 
D/ADB_SERVICES(  129):  closing because is_eof=1 r=1 s->fde.force_eof=0
W/ADB_SERVICES(  129): create_local_service_socket() name=shell:ls -l -d /emmc@android/
D/ADB_SERVICES(  129): Calling send_ready local=7785, remote=10402
D/ADB_SERVICES(  129):  closing because is_eof=1 r=1 s->fde.force_eof=0
D/ADB_SERVICES(  129): adb socket read list (58) (61) 
D/ADB_SERVICES(  129): read_data=6953
D/ADB_SERVICES(  129): max_read_time=0.000045 max_send_time=0.000145 
D/ADB_SERVICES(  129): adb local_socket_ready list (58) (61) 
W/ADB_SERVICES(  129): create_local_service_socket() name=shell:ls -l -d /emmc@cache/
D/ADB_SERVICES(  129): Calling send_ready local=7786, remote=10403
D/ADB_SERVICES(  129):  closing because is_eof=1 r=1 s->fde.force_eof=0
W/ADB_SERVICES(  129): create_local_service_socket() name=shell:ls -l -d /emmc@ebr1/
D/ADB_SERVICES(  129): Calling send_ready local=7787, remote=10404
D/ADB_SERVICES(  129):  closing because is_eof=1 r=1 s->fde.force_eof=0
W/ADB_SERVICES(  129): create_local_service_socket() name=shell:ls -l -d /emmc@fat/
D/ADB_SERVICES(  129): Calling send_ready local=7788, remote=10405
D/ADB_SERVICES(  129):  closing because is_eof=1 r=1 s->fde.force_eof=0
W/ADB_SERVICES(  129): create_local_service_socket() name=shell:ls -l -d /emmc@sec_ro/
D/ADB_SERVICES(  129): Calling send_ready local=7789, remote=10406
D/ADB_SERVICES(  129):  closing because is_eof=1 r=1 s->fde.force_eof=0
W/ADB_SERVICES(  129): create_local_service_socket() name=shell:ls -l -d /emmc@usrdata/
D/ADB_SERVICES(  129): Calling send_ready local=7790, remote=10408
D/ADB_SERVICES(  129):  closing because is_eof=1 r=1 s->fde.force_eof=0
I/ActivityManager(  376): monitor Broadcast ANR process (28362)
D/ActivityManager(  376): Timeout binder: 28362:28362->92:0 1:read 28362:28362 to 92:0 spends 2000 ms (servicemanager) dex_code 1 start_at 235539.275 2013-05-17 09:15:25.612
D/ActivityManager(  376): Timeout binder: 28321:28321->92:0 1:read 28321:28321 to 92:0 spends 2000 ms (servicemanager) dex_code 1 start_at 235529.240 2013-05-17 09:15:15.577
D/ActivityManager(  376): Timeout binder: 28280:28280->92:0 1:read 28280:28280 to 92:0 spends 2000 ms (servicemanager) dex_code 1 start_at 235519.204 2013-05-17 09:15:05.542
D/ActivityManager(  376): Timeout binder: 28238:28238->92:0 1:read 28238:28238 to 92:0 spends 2000 ms (servicemanager) dex_code 1 start_at 235509.142 2013-05-17 09:14:55.479
D/ActivityManager(  376): Timeout binder: 28197:28197->92:0 1:read 28197:28197 to 92:0 spends 2000 ms (servicemanager) dex_code 1 start_at 235499.107 2013-05-17 09:14:45.444
D/ActivityManager(  376): Timeout binder: 28154:28154->92:0 1:read 28154:28154 to 92:0 spends 2000 ms (servicemanager) dex_code 1 start_at 235488.990 2013-05-17 09:14:35.327
D/ActivityManager(  376): Timeout binder: 28112:28112->92:0 1:read 28112:28112 to 92:0 spends 2000 ms (servicemanager) dex_code 1 start_at 235478.957 2013-05-17 09:14:25.295
D/ActivityManager(  376): Timeout binder: 28069:28069->92:0 1:read 28069:28069 to 92:0 spends 2000 ms (servicemanager) dex_code 1 start_at 235468.897 2013-05-17 09:14:15.235
D/ActivityManager(  376): Timeout binder: 28025:28025->92:0 1:read 28025:28025 to 92:0 spends 2000 ms (servicemanager) dex_code 1 start_at 235458.854 2013-05-17 09:14:05.192
D/ActivityManager(  376): Timeout binder: 27993:27993->92:0 1:read 27993:27993 to 92:0 spends 2000 ms (servicemanager) dex_code 1 start_at 235450.406 2013-05-17 09:13:56.743
D/ActivityManager(  376): Timeout binder: 27961:27961->92:0 1:read 27961:27961 to 92:0 spends 2000 ms (servicemanager) dex_code 1 start_at 235448.925 2013-05-17 09:13:55.263
D/ActivityManager(  376): Timeout binder: 27917:27917->92:0 1:read 27917:27917 to 92:0 spends 2000 ms (servicemanager) dex_code 1 start_at 235438.780 2013-05-17 09:13:45.117
D/ActivityManager(  376): Timeout binder: 27874:27874->92:0 1:read 27874:27874 to 92:0 spends 2000 ms (servicemanager) dex_code 1 start_at 235428.698 2013-05-17 09:13:35.035
D/ActivityManager(  376): Timeout binder: 27833:27833->92:0 1:read 27833:27833 to 92:0 spends 2000 ms (servicemanager) dex_code 1 start_at 235418.647 2013-05-17 09:13:24.984
D/ActivityManager(  376): Timeout binder: 27791:27791->92:0 1:read 27791:27791 to 92:0 spends 2000 ms (servicemanager) dex_code 1 start_at 235408.614 2013-05-17 09:13:14.951
D/ActivityManager(  376): Timeout binder: 27750:27750->92:0 1:read 27750:27750 to 92:0 spends 2000 ms (servicemanager) dex_code 1 start_at 235398.577 2013-05-17 09:13:04.914
D/ActivityManager(  376): Timeout binder: 27707:27707->92:0 1:read 27707:27707 to 92:0 spends 2000 ms (servicemanager) dex_code 1 start_at 235388.464 2013-05-17 09:12:54.801
D/ActivityManager(  376): Timeout binder: 27666:27666->92:0 1:read 27666:27666 to 92:0 spends 2000 ms (servicemanager) dex_code 1 start_at 235378.409 2013-05-17 09:12:44.746
D/ActivityManager(  376): Timeout binder: 27625:27625->92:0 1:read 27625:27625 to 92:0 spends 2000 ms (servicemanager) dex_code 1 start_at 235368.375 2013-05-17 09:12:34.712
D/ActivityManager(  376): Timeout binder: 27584:27584->92:0 1:read 27584:27584 to 92:0 spends 2000 ms (servicemanager) dex_code 1 start_at 235358.313 2013-05-17 09:12:24.650
D/ActivityManager(  376): Timeout binder: 27540:27540->92:0 1:read 27540:27540 to 92:0 spends 2000 ms (servicemanager) dex_code 1 start_at 235348.162 2013-05-17 09:12:14.500
D/ActivityManager(  376): Timeout binder: 27498:27498->92:0 1:read 27498:27498 to 92:0 spends 2000 ms (servicemanager) dex_code 1 start_at 235338.100 2013-05-17 09:12:04.437
D/ActivityManager(  376): Timeout binder: 27469:27469->92:0 1:read 27469:27469 to 92:0 spends 2000 ms (servicemanager) dex_code 1 start_at 235329.281 2013-05-17 09:11:55.618
D/ActivityManager(  376): Timeout binder: 27446:27446->92:0 1:read 27446:27446 to 92:0 spends 2000 ms (servicemanager) dex_code 1 start_at 235328.077 2013-05-17 09:11:54.414
D/ActivityManager(  376): Timeout binder: 27405:27405->92:0 1:read 27405:27405 to 92:0 spends 2000 ms (servicemanager) dex_code 1 start_at 235318.021 2013-05-17 09:11:44.358
D/ActivityManager(  376): Timeout binder: 27364:27364->92:0 1:read 27364:27364 to 92:0 spends 2000 ms (servicemanager) dex_code 1 start_at 235307.987 2013-05-17 09:11:34.324
D/ActivityManager(  376): Timeout binder: 27323:27323->92:0 1:read 27323:27323 to 92:0 spends 2000 ms (servicemanager) dex_code 1 start_at 235297.964 2013-05-17 09:11:24.301
D/ActivityManager(  376): Timeout binder: 27278:27278->92:0 1:read 27278:27278 to 92:0 spends 2000 ms (servicemanager) dex_code 1 start_at 235287.843 2013-05-17 09:11:14.180
D/ActivityManager(  376): Timeout binder: 27235:27235->92:0 1:read 27235:27235 to 92:0 spends 2000 ms (servicemanager) dex_code 1 start_at 235277.784 2013-05-17 09:11:04.121
D/ActivityManager(  376): Timeout binder: 27192:27192->92:0 1:read 27192:27192 to 92:0 spends 2000 ms (servicemanager) dex_code 1 start_at 235267.748 2013-05-17 09:10:54.085
D/ActivityManager(  376): Timeout binder: 27151:27151->92:0 1:read 27151:27151 to 92:0 spends 2000 ms (servicemanager) dex_code 1 start_at 235257.759 2013-05-17 09:10:44.096
D/ActivityManager(  376): Timeout binder: 27109:27109->92:0 1:read 27109:27109 to 92:0 spends 2000 ms (servicemanager) dex_code 1 start_at 235247.730 2013-05-17 09:10:34.068
D/ActivityManager(  376): Timeout binder: 27065:27065->92:0 1:read 27065:27065 to 92:0 spends 2000 ms (servicemanager) dex_code 1 start_at 235237.591 2013-05-17 09:10:23.928
D/ActivityManager(  376): Timeout binder: 27024:27024->92:0 1:read 27024:27024 to 92:0 spends 2000 ms (servicemanager) dex_code 1 start_at 235227.509 2013-05-17 09:10:13.847
D/ActivityManager(  376): Timeout binder: 26982:26982->92:0 1:read 26982:26982 to 92:0 spends 2000 ms (servicemanager) dex_code 1 start_at 235217.490 2013-05-17 09:10:03.827
D/ActivityManager(  376): Timeout binder: 26948:26948->92:0 1:read 26948:26948 to 92:0 spends 2000 ms (servicemanager) dex_code 1 start_at 235209.302 2013-05-17 09:09:55.640
D/ActivityManager(  376): Timeout binder: 26925:26925->92:0 1:read 26925:26925 to 92:0 spends 2000 ms (servicemanager) dex_code 1 start_at 235207.429 2013-05-17 09:09:53.767
D/ActivityManager(  376): Timeout binder: 26882:26882->92:0 1:read 26882:26882 to 92:0 spends 2000 ms (servicemanager) dex_code 1 start_at 235197.389 2013-05-17 09:09:43.727
D/ActivityManager(  376): Timeout binder: 26839:26839->92:0 1:read 26839:26839 to 92:0 spends 2000 ms (servicemanager) dex_code 1 start_at 235187.267 2013-05-17 09:09:33.604
D/ActivityManager(  376): Timeout binder: 26798:26798->92:0 1:read 26798:26798 to 92:0 spends 2000 ms (servicemanager) dex_code 1 start_at 235177.232 2013-05-17 09:09:23.570
D/ActivityManager(  376): Timeout binder: 26757:26757->92:0 1:read 26757:26757 to 92:0 spends 2000 ms (servicemanager) dex_code 1 start_at 235167.202 2013-05-17 09:09:13.539
D/ActivityManager(  376): Timeout binder: 26716:26716->92:0 1:read 26716:26716 to 92:0 spends 2000 ms (servicemanager) dex_code 1 start_at 235157.168 2013-05-17 09:09:03.505
D/ActivityManager(  376): Timeout binder: 26674:26674->92:0 1:read 26674:26674 to 92:0 spends 2000 ms (servicemanager) dex_code 1 start_at 235147.139 2013-05-17 09:08:53.476
D/ActivityManager(  376): Timeout binder: 26632:26632->92:0 1:read 26632:26632 to 92:0 spends 2000 ms (servicemanager) dex_code 1 start_at 235137.097 2013-05-17 09:08:43.434
D/ActivityManager(  376): Timeout binder: 26591:26591->92:0 1:read 26591:26591 to 92:0 spends 2000 ms (servicemanager) dex_code 1 start_at 235127.056 2013-05-17 09:08:33.393
D/ActivityManager(  376): Timeout binder: 26550:26550->92:0 1:read 26550:26550 to 92:0 spends 2000 ms (servicemanager) dex_code 1 start_at 235117.025 2013-05-17 09:08:23.363
D/ActivityManager(  376): Timeout binder: 26509:26509->92:0 1:read 26509:26509 to 92:0 spends 2000 ms (servicemanager) dex_code 1 start_at 235107.007 2013-05-17 09:08:13.345
D/ActivityManager(  376): Timeout binder: 26468:26468->92:0 1:read 26468:26468 to 92:0 spends 2000 ms (servicemanager) dex_code 1 start_at 235096.982 2013-05-17 09:08:03.320
D/ActivityManager(  376): Timeout binder: 26414:26414->92:0 1:read 26414:26414 to 92:0 spends 2000 ms (servicemanager) dex_code 1 start_at 235087.381 2013-05-17 09:07:53.718
D/ActivityManager(  376): Timeout binder: 26415:26415->92:0 1:read 26415:26415 to 92:0 spends 2000 ms (servicemanager) dex_code 1 start_at 235086.942 2013-05-17 09:07:53.279
D/ActivityManager(  376): Timeout binder: 26365:26365->92:0 1:read 26365:26365 to 92:0 spends 2000 ms (servicemanager) dex_code 1 start_at 235076.769 2013-05-17 09:07:43.107
D/ActivityManager(  376): Timeout binder: 26324:26324->92:0 1:read 26324:26324 to 92:0 spends 2000 ms (servicemanager) dex_code 1 start_at 235066.705 2013-05-17 09:07:33.042
D/ActivityManager(  376): Timeout binder: 26283:26283->92:0 1:read 26283:26283 to 92:0 spends 2000 ms (servicemanager) dex_code 1 start_at 235056.647 2013-05-17 09:07:22.984
D/ActivityManager(  376): Timeout binder: 26242:26242->92:0 1:read 26242:26242 to 92:0 spends 2000 ms (servicemanager) dex_code 1 start_at 235046.616 2013-05-17 09:07:12.953
D/ActivityManager(  376): Timeout binder: 26199:26199->92:0 1:read 26199:26199 to 92:0 spends 2000 ms (servicemanager) dex_code 1 start_at 235036.570 2013-05-17 09:07:02.908
D/ActivityManager(  376): Timeout binder: 26158:26158->92:0 1:read 26158:26158 to 92:0 spends 2000 ms (servicemanager) dex_code 1 start_at 235026.539 2013-05-17 09:06:52.876
D/ActivityManager(  376): Timeout binder: 26117:26117->92:0 1:read 26117:26117 to 92:0 spends 2000 ms (servicemanager) dex_code 1 start_at 235016.504 2013-05-17 09:06:42.842
D/ActivityManager(  376): Timeout binder: 26076:26076->92:0 1:read 26076:26076 to 92:0 spends 2000 ms (servicemanager) dex_code 1 start_at 235006.468 2013-05-17 09:06:32.805
D/ActivityManager(  376): Timeout binder: 26035:26035->92:0 1:read 26035:26035 to 92:0 spends 2000 ms (servicemanager) dex_code 1 start_at 234996.469 2013-05-17 09:06:22.806
D/ActivityManager(  376): Timeout binder: 25992:25992->92:0 1:read 25992:25992 to 92:0 spends 2000 ms (servicemanager) dex_code 1 start_at 234986.306 2013-05-17 09:06:12.644
D/ActivityManager(  376): Timeout binder: 25951:25951->92:0 1:read 25951:25951 to 92:0 spends 2000 ms (servicemanager) dex_code 1 start_at 234976.252 2013-05-17 09:06:02.589
D/ActivityManager(  376): Timeout binder: 25910:25910->92:0 1:read 25910:25910 to 92:0 spends 2000 ms (servicemanager) dex_code 1 start_at 234966.220 2013-05-17 09:05:52.558
D/ActivityManager(  376): Timeout binder: 25900:25900->92:0 1:read 25900:25900 to 92:0 spends 2000 ms (servicemanager) dex_code 1 start_at 234966.047 2013-05-17 09:05:52.384
D/ActivityManager(  376): Timeout binder: 25857:25857->92:0 1:read 25857:25857 to 92:0 spends 2000 ms (servicemanager) dex_code 1 start_at 234956.175 2013-05-17 09:05:42.512
D/ActivityManager(  376): Timeout binder pid found: 92 1:read 28362:28362 to 92:0 spends 2000 ms (servicemanager) dex_code 1 start_at 235539.275 2013-05-17 09:15:25.612
D/ActivityManager(  376): getTimeoutBinderPidList pid added: 92 1:read 28362:28362 to 92:0 spends 2000 ms (servicemanager) dex_code 1 start_at 235539.275 2013-05-17 09:15:25.612
D/dalvikvm(  376): create interp thread : stack size=32KB
D/dalvikvm(  376): create new thread
D/dalvikvm(  376): new thread created
D/dalvikvm(  376): update thread list
D/dalvikvm(  376): threadid=114: interp stack at 0x58795000
D/dalvikvm(  376): threadid=114: created from interp
D/dalvikvm(  376): start new thread
D/dalvikvm(  376): threadid=114: notify debugger
D/dalvikvm(  376): threadid=114 (preDumpStackTraces): calling run()
D/ActivityManager(  376): preDumpStackTraces Begin tracePath:/data/anr/mtk_traces.txt
I/ActivityManager(  376): preDumpStackTraces process: 28362 parent: 104 zygote: 104
I/Process (  376): Sending signal. PID: 28362 SIG: 16
I/dalvikvm(28362): threadid=3: reacting to signal 16
D/dalvikvm(28362): Prepare stack traces for '/data/anr/mtk_traces.txt' done
I/dalvikvm(28362): Wrote stack traces to '/data/anr/mtk_traces.txt'
I/ActivityManager(  376): preDumpStackTraces process: 376 parent: 104 zygote: 104
I/Process (  376): Sending signal. PID: 376 SIG: 16
I/dalvikvm(  376): threadid=3: reacting to signal 16
D/dalvikvm(  376): Prepare stack traces for '/data/anr/mtk_traces.txt' done
I/dalvikvm(  376): Wrote stack traces to '/data/anr/mtk_traces.txt'
I/ActivityManager(  376): preDumpStackTraces process: 92 parent: 78 zygote: 104
D/AEE/AED (   97): $===AEE===AEE===AEE===$
D/AEE/AED (   97): p 0 poll events 1 revents 0
D/AEE/AED (   97): not know revents:0
D/AEE/AED (   97): p 1 poll events 1 revents 0
D/AEE/AED (   97): not know revents:0
D/AEE/AED (   97): p 2 poll events 1 revents 1
D/AEE/AED (   97): aed_main_fork_worker: generator 0xa71150, worker 0xbe956a80, recv_fd 15
D/AEE/AED (   97): p 3 poll events 1 revents 0
D/AEE/AED (   97): not know revents:0
D/AEE/AED (   97): p 4 poll events 1 revents 0
D/AEE/AED (   97): not know revents:0
I/DEBUG   (28404): handle_request(15)
I/DEBUG   (28404): BOOM: pid=92 uid=1000 gid=1000 tid=92
I/DEBUG   (28404): stopped -- dumping to fd
D/AEE/AED (   97): $===AEE===AEE===AEE===$
D/AEE/AED (   97): p 0 poll events 1 revents 0
D/AEE/AED (   97): not know revents:0
D/AEE/AED (   97): p 1 poll events 1 revents 0
D/AEE/AED (   97): not know revents:0
D/AEE/AED (   97): p 2 poll events 1 revents 0
D/AEE/AED (   97): not know revents:0
D/AEE/AED (   97): p 3 poll events 1 revents 0
D/AEE/AED (   97): not know revents:0
D/AEE/AED (   97): p 4 poll events 1 revents 0
D/AEE/AED (   97): not know revents:0
W/ActivityManager(  376): Process ProcessRecord{4250e360 28362:com.baidu.searchbox/u0a140} failed to attach
W/ActivityManager(  376): Unattached app died before broadcast acknowledged, skipping
W/ActivityManager(  376): Unattached app died before broadcast acknowledged, skipping
V/Provider/Setting(  376): from settings cache , name = read_external_storage_enforced_default value = null
D/Zygote  (  104): SelectLoop : runOnce
D/Zygote  (  104): read arg list
D/Zygote  (  104): prepare new stderr
D/Zygote  (  104): parse args
D/Zygote  (  104): before fork
D/dalvikvm(  104): threadid=2: exiting
D/dalvikvm(  104): threadid=2: bye!
D/dalvikvm(  104): threadid=3: exiting
D/dalvikvm(  104): threadid=3: bye!
D/dalvikvm(  104): threadid=4: exiting
D/dalvikvm(  104): threadid=4: bye!
D/dalvikvm(  104): pre gc
D/dalvikvm(  104): Zygote::ForkAndSpecialize +
D/dalvikvm(  104): Zygote::ForkAndSpecialize : 28405
D/dalvikvm(  104): create interp thread : stack size=32KB
D/dalvikvm(  104): create new thread
D/dalvikvm(  104): new thread created
D/dalvikvm(  104): update thread list
D/dalvikvm(  104): threadid=2: interp stack at 0x4f001000
D/dalvikvm(  104): threadid=2: created from interp
D/dalvikvm(  104): start new thread
D/dalvikvm(  104): create interp thread : stack size=32KB
D/dalvikvm(  104): create new thread
D/dalvikvm(  104): new thread created
D/dalvikvm(  104): update thread list
D/dalvikvm(  104): threadid=2: notify debugger
D/dalvikvm(  104): threadid=2 (ReferenceQueueDaemon): calling run()
D/dalvikvm(28405): Zygote::ForkAndSpecialize : 0
D/dalvikvm(28405): zygote get new systemTid : 28405
W/ADB_SERVICES(  129): terminating JDWP 28362 connection: Try again
D/ADB_SERVICES(  129): remove pid 28362 to jdwp process list
D/ActivityManager(  376): preDumpStackTraces End
D/dalvikvm(  104): threadid=3: interp stack at 0x4f109000
D/dalvikvm(  376): threadid=114: exiting
D/dalvikvm(  104): threadid=3: created from interp
D/dalvikvm(  104): start new thread
D/dalvikvm(  104): create interp thread : stack size=32KB
D/dalvikvm(  104): create new thread
D/dalvikvm(  104): new thread created
D/dalvikvm(  104): update thread list
D/dalvikvm(  104): threadid=3: notify debugger
D/dalvikvm(  104): threadid=3 (FinalizerDaemon): calling run()
D/dalvikvm(  376): threadid=114: bye!
D/dalvikvm(28405): threadid=2: interp stack at 0x4f101000
D/dalvikvm(28405): threadid=3: interp stack at 0x4f209000
D/jdwp    (28405): prepping for JDWP over ADB
D/jdwp    (28405): ADB transport startup
D/dalvikvm(28405): Elevating priority from 0 to -8
D/dalvikvm(28405): threadid=4: interp stack at 0x4f311000
D/jdwp    (28405): JDWP: thread running
D/dalvikvm(  104): threadid=4: interp stack at 0x4f211000
D/dalvikvm(  104): threadid=4: created from interp
D/dalvikvm(  104): start new thread
D/Zygote  (  104): fork pid : 28405
D/dalvikvm(  104): threadid=4: notify debugger
D/dalvikvm(  104): threadid=4 (FinalizerWatchdogDaemon): calling run()
I/ActivityManager(  376): Start proc com.baidu.searchbox for broadcast com.baidu.searchbox/.widget.QuickSearchWidgetProvider: pid=28405 uid=10140 gids={1006, 1013, 3003, 1015, 1028}
D/jdwp    (28405): acceptConnection
D/ADB_SERVICES(  129): Adding socket 15 pid 28405 to jdwp process list
D/jdwp    (28405): trying to receive file descriptor from ADB
D/dalvikvm(28405): threadid=5: interp stack at 0x516f7000
D/dalvikvm(28405): zygote get thread init done
D/dalvikvm(28405): create interp thread : stack size=32KB
D/dalvikvm(28405): create new thread
D/dalvikvm(28405): new thread created
D/dalvikvm(28405): update thread list
D/dalvikvm(28405): threadid=6: interp stack at 0x516ff000
D/dalvikvm(28405): threadid=6: created from interp
D/dalvikvm(28405): start new thread
D/dalvikvm(28405): create interp thread : stack size=32KB
D/dalvikvm(28405): create new thread
D/dalvikvm(28405): new thread created
D/dalvikvm(28405): update thread list
D/dalvikvm(28405): threadid=6: notify debugger
D/dalvikvm(28405): threadid=6 (ReferenceQueueDaemon): calling run()
D/dalvikvm(28405): threadid=7: interp stack at 0x51807000
D/dalvikvm(28405): threadid=7: created from interp
D/dalvikvm(28405): start new thread
D/dalvikvm(28405): create interp thread : stack size=32KB
D/dalvikvm(28405): create new thread
D/dalvikvm(28405): new thread created
D/dalvikvm(28405): update thread list
D/dalvikvm(28405): threadid=7: notify debugger
D/dalvikvm(28405): threadid=7 (FinalizerDaemon): calling run()
D/dalvikvm(28405): threadid=8: interp stack at 0x5190f000
D/dalvikvm(28405): threadid=8: created from interp
D/dalvikvm(28405): start new thread
D/Zygote  (28405): fork pid : 0
D/dalvikvm(28405): threadid=8: notify debugger
D/dalvikvm(28405): threadid=8 (FinalizerWatchdogDaemon): calling run()
D/dalvikvm(28405): threadid=9: interp stack at 0x51d15000
D/dalvikvm(  104): GC_EXPLICIT freed 39K, 32% free 2409K/3507K, paused 1ms+5ms, total 43ms
D/dalvikvm(28405): threadid=10: interp stack at 0x51e1d000
D/dalvikvm(  104): GC_EXPLICIT freed <1K, 32% free 2409K/3507K, paused 4ms+1ms, total 28ms
D/dalvikvm(  104): GC_EXPLICIT freed <1K, 32% free 2409K/3507K, paused 2ms+2ms, total 20ms
D/ConnectivityService(  376): getActiveNetworkInfo:NetworkInfo: type: WIFI[], state: CONNECTED/CONNECTED, reason: (unspecified), extra: (none), roaming: false, failover: false, isAvailable: true, simId: 0/10102
D/ConnectivityService(  376): getActiveNetworkInfo:NetworkInfo: type: WIFI[], state: CONNECTED/CONNECTED, reason: (unspecified), extra: (none), roaming: false, failover: false, isAvailable: true, simId: 0/10102
W/ADB_SERVICES(  129): create_local_service_socket() name=shell:ls -l /
D/ADB_SERVICES(  129): Calling send_ready local=7791, remote=10413
D/ADB_SERVICES(  129): adb fdevent_process list (61) (27) (58) (15) (11) 
D/ADB_SERVICES(  129):  closing because is_eof=1 r=-1 s->fde.force_eof=0
W/ADB_SERVICES(  129): create_local_service_socket() name=shell:ls -l -d /emmc@android/
D/ADB_SERVICES(  129): Calling send_ready local=7792, remote=10414
D/ADB_SERVICES(  129):  closing because is_eof=1 r=1 s->fde.force_eof=0
D/ADB_SERVICES(  129): adb socket read list (58) (61) 
D/ADB_SERVICES(  129): read_data=31887
D/ADB_SERVICES(  129): max_read_time=0.000122 max_send_time=0.000123 
D/ADB_SERVICES(  129): adb local_socket_ready list (58) (61) 
W/ADB_SERVICES(  129): create_local_service_socket() name=shell:ls -l -d /emmc@cache/
D/ADB_SERVICES(  129): Calling send_ready local=7793, remote=10415
D/ADB_SERVICES(  129):  closing because is_eof=1 r=1 s->fde.force_eof=0
W/ADB_SERVICES(  129): create_local_service_socket() name=shell:ls -l -d /emmc@ebr1/
D/ADB_SERVICES(  129): Calling send_ready local=7794, remote=10416
D/ADB_SERVICES(  129):  closing because is_eof=1 r=1 s->fde.force_eof=0
W/ADB_SERVICES(  129): create_local_service_socket() name=shell:ls -l -d /emmc@fat/
D/ADB_SERVICES(  129): Calling send_ready local=7795, remote=10417
D/ADB_SERVICES(  129):  closing because is_eof=1 r=1 s->fde.force_eof=0
W/ADB_SERVICES(  129): create_local_service_socket() name=shell:ls -l -d /emmc@sec_ro/
D/ADB_SERVICES(  129): Calling send_ready local=7796, remote=10418
D/ADB_SERVICES(  129):  closing because is_eof=1 r=1 s->fde.force_eof=0
D/ConnectivityService(  376): getActiveNetworkInfo:NetworkInfo: type: WIFI[], state: CONNECTED/CONNECTED, reason: (unspecified), extra: (none), roaming: false, failover: false, isAvailable: true, simId: 0/10102
W/ADB_SERVICES(  129): create_local_service_socket() name=shell:ls -l -d /emmc@usrdata/
D/ADB_SERVICES(  129): Calling send_ready local=7797, remote=10420
D/ADB_SERVICES(  129):  closing because is_eof=1 r=1 s->fde.force_eof=0
D/ConnectivityService(  376): getActiveNetworkInfo:NetworkInfo: type: WIFI[], state: CONNECTED/CONNECTED, reason: (unspecified), extra: (none), roaming: false, failover: false, isAvailable: true, simId: 0/10102
I/System.out( 3364): [CDS]EAGAIN or EWOULDBLOCK in Recvfrom
I/System.out( 3364): [CDS]read byte is 0
I/System.out( 3364): [CDS]rx timeout:10000
I/System.out( 3364): [CDS]rx timeout:30000
V/Provider/Setting(  376): from settings cache , name = powerchargingval_usb value = 74,72,67,67,67,67,83,178,527,312,353,88,237,89,101,146,234,155,194,128,85,72,87,120,78,104,108,129,220,65,187,161,263,113,104,394,306,312,279,314,350,336,225,540,374,201,286,401,323,208,402,285,241,305,144,412,223,302,277,159,95,426,89,83,102,80,110,81,114,147,163,173,173,221,214,262,456,192,135,103,260,245,773,511,683,327,305,896,446,252,218,60,60,60,60,60,60,60,60,60,3446,
I/BatteryService(  376): sendIntent mBootCompleted=true
I/BatteryService(  376): sendIntent mBatteryEstimationChargeTime=5728
V/ActivityManager(  376): Broadcast sticky: Intent { act=android.intent.action.BATTERY_CHANGED flg=0x60000010 (has extras) } ordered=false userid=0
I/KeyguardUpdateMonitor(  376): ACTION_BATTERY_CHANGED, status=2,plugged=2, level=87, health=2
D/UsbDeviceManager(  376): onReceive - ACTION_BATTERY_CHANGED - mPlugType: 2, mSettingUsbCharging: false, mConnected: true, mSettingUsbBicr: false
D/Bluetooth HS/HF(  559): [BT][HFG] [API] mStateReceiver.onReceive(android.intent.action.BATTERY_CHANGED)
D/WifiService(  376): onReceive, action=android.intent.action.BATTERY_CHANGED
V/Provider/Setting(  376): from settings cache , name = wifi_idle_ms value = null
V/Provider/Setting(  376): from settings cache , name = stay_on_while_plugged_in value = 0
D/WifiService(  376): ACTION_BATTERY_CHANGED pluggedType: 2
V/Provider/Setting(  376): from settings cache , name = wifi_sleep_policy value = null
D/WifiService(  376): wifiSleepPolicy:2
V/Provider/Setting(  376): from settings cache , name = wifi_sleep_policy value = null
D/WifiService(  376): wifiSleepPolicy:2
V/Provider/Setting(  458): from settings cache , name = powerlowwarningval value = null
D/PowerUI (  458): action = android.intent.action.BATTERY_CHANGED
D/PowerUI (  458): Intent start() ret = false mHideLowBDialog= true
D/PowerUI (  458): oldBatteryLevel = 87mBatteryLevel = 87
D/PowerUI (  458): dismissLowBatteryWarning***************
D/Bluetooth HS/HF(  559): [BT][HFG] [API] mHandler.handleMessage(9)
D/Bluetooth HS/HF(  559): [BT][HFG] [API] updateBatteryState
D/dalvikvm(  559): GC_EXPLICIT freed 14K, 28% free 11676K/16055K, paused 13ms+5ms, total 56ms
D/ConnectivityService(  376): getActiveNetworkInfo:NetworkInfo: type: WIFI[], state: CONNECTED/CONNECTED, reason: (unspecified), extra: (none), roaming: false, failover: false, isAvailable: true, simId: 0/10102
W/ADB_SERVICES(  129): create_local_service_socket() name=shell:ls -l /
D/ADB_SERVICES(  129): Calling send_ready local=7798, remote=10425
D/ADB_SERVICES(  129): adb fdevent_process list (27) (61) (58) 
D/ADB_SERVICES(  129):  closing because is_eof=1 r=-1 s->fde.force_eof=0
W/ADB_SERVICES(  129): create_local_service_socket() name=shell:ls -l -d /emmc@android/
D/ADB_SERVICES(  129): Calling send_ready local=7799, remote=10426
D/ADB_SERVICES(  129):  closing because is_eof=1 r=1 s->fde.force_eof=0
W/ADB_SERVICES(  129): create_local_service_socket() name=shell:ls -l -d /emmc@cache/
D/ADB_SERVICES(  129): Calling send_ready local=7800, remote=10427
D/ADB_SERVICES(  129): adb local_socket_ready list (58) (61) 
D/ADB_SERVICES(  129): adb socket read list (58) (61) 
D/ADB_SERVICES(  129): read_data=9864
D/ADB_SERVICES(  129): max_read_time=0.000059 max_send_time=0.000270 
D/ADB_SERVICES(  129):  closing because is_eof=1 r=1 s->fde.force_eof=0
W/ADB_SERVICES(  129): create_local_service_socket() name=shell:ls -l -d /emmc@ebr1/
D/ADB_SERVICES(  129): Calling send_ready local=7801, remote=10428
D/ADB_SERVICES(  129):  closing because is_eof=1 r=1 s->fde.force_eof=0
W/ADB_SERVICES(  129): create_local_service_socket() name=shell:ls -l -d /emmc@fat/
D/ADB_SERVICES(  129): Calling send_ready local=7802, remote=10429
D/ADB_SERVICES(  129):  closing because is_eof=1 r=-1 s->fde.force_eof=0
W/ADB_SERVICES(  129): create_local_service_socket() name=shell:ls -l -d /emmc@sec_ro/
D/ADB_SERVICES(  129): Calling send_ready local=7803, remote=10430
D/ADB_SERVICES(  129):  closing because is_eof=1 r=1 s->fde.force_eof=0
W/ADB_SERVICES(  129): create_local_service_socket() name=shell:ls -l -d /emmc@usrdata/
D/ADB_SERVICES(  129): Calling send_ready local=7804, remote=10432
D/ADB_SERVICES(  129):  closing because is_eof=1 r=1 s->fde.force_eof=0
W/ActivityManager(  376): Process ProcessRecord{4250f438 28405:com.baidu.searchbox/u0a140} failed to attach
W/ActivityManager(  376): Unattached app died before broadcast acknowledged, skipping
W/ActivityManager(  376): Unattached app died before broadcast acknowledged, skipping
V/Provider/Setting(  376): from settings cache , name = read_external_storage_enforced_default value = null
D/Zygote  (  104): SelectLoop : runOnce
D/Zygote  (  104): read arg list
D/Zygote  (  104): prepare new stderr
D/Zygote  (  104): parse args
D/Zygote  (  104): before fork
D/dalvikvm(  104): threadid=2: exiting
D/dalvikvm(  104): threadid=2: bye!
D/dalvikvm(  104): threadid=3: exiting
D/dalvikvm(  104): threadid=3: bye!
D/dalvikvm(  104): threadid=4: exiting
D/dalvikvm(  104): threadid=4: bye!
D/dalvikvm(  104): pre gc
D/dalvikvm(  104): Zygote::ForkAndSpecialize +
D/dalvikvm(  104): Zygote::ForkAndSpecialize : 28446
W/ADB_SERVICES(  129): terminating JDWP 28405 connection: Try again
D/ADB_SERVICES(  129): remove pid 28405 to jdwp process list
D/dalvikvm(  104): create interp thread : stack size=32KB
D/dalvikvm(  104): create new thread
D/dalvikvm(  104): new thread created
D/dalvikvm(  104): update thread list
D/dalvikvm(28446): Zygote::ForkAndSpecialize : 0
D/dalvikvm(28446): zygote get new systemTid : 28446
D/dalvikvm(28446): threadid=2: interp stack at 0x4f101000
D/dalvikvm(28446): threadid=3: interp stack at 0x4f209000
D/jdwp    (28446): prepping for JDWP over ADB
D/jdwp    (28446): ADB transport startup
D/dalvikvm(28446): Elevating priority from 0 to -8
D/dalvikvm(28446): threadid=4: interp stack at 0x4f311000
D/jdwp    (28446): JDWP: thread running
D/jdwp    (28446): acceptConnection
D/ADB_SERVICES(  129): Adding socket 15 pid 28446 to jdwp process list
D/jdwp    (28446): trying to receive file descriptor from ADB
D/dalvikvm(28446): threadid=5: interp stack at 0x516f7000
D/dalvikvm(28446): zygote get thread init done
D/dalvikvm(28446): create interp thread : stack size=32KB
D/dalvikvm(28446): create new thread
D/dalvikvm(28446): new thread created
D/dalvikvm(28446): update thread list
D/dalvikvm(28446): threadid=6: interp stack at 0x516ff000
D/dalvikvm(28446): threadid=6: created from interp
D/dalvikvm(28446): start new thread
D/dalvikvm(28446): create interp thread : stack size=32KB
D/dalvikvm(28446): create new thread
D/dalvikvm(28446): new thread created
D/dalvikvm(28446): update thread list
D/dalvikvm(28446): threadid=6: notify debugger
D/dalvikvm(28446): threadid=6 (ReferenceQueueDaemon): calling run()
D/dalvikvm(  104): threadid=2: interp stack at 0x4f001000
D/dalvikvm(28446): threadid=7: interp stack at 0x51807000
D/dalvikvm(28446): threadid=7: created from interp
D/dalvikvm(  104): threadid=2: created from interp
D/dalvikvm(  104): start new thread
D/dalvikvm(  104): create interp thread : stack size=32KB
D/dalvikvm(  104): create new thread
D/dalvikvm(  104): new thread created
D/dalvikvm(  104): update thread list
D/dalvikvm(  104): threadid=2: notify debugger
D/dalvikvm(28446): start new thread
D/dalvikvm(  104): threadid=2 (ReferenceQueueDaemon): calling run()
D/dalvikvm(28446): create interp thread : stack size=32KB
D/dalvikvm(28446): create new thread
D/dalvikvm(28446): new thread created
D/dalvikvm(28446): update thread list
D/dalvikvm(28446): threadid=7: notify debugger
D/dalvikvm(28446): threadid=7 (FinalizerDaemon): calling run()
D/dalvikvm(28446): threadid=8: interp stack at 0x5190f000
D/dalvikvm(28446): threadid=8: created from interp
D/dalvikvm(28446): start new thread
D/Zygote  (28446): fork pid : 0
D/dalvikvm(  104): threadid=3: interp stack at 0x4f109000
D/dalvikvm(  104): threadid=3: created from interp
D/dalvikvm(  104): start new thread
D/dalvikvm(  104): create interp thread : stack size=32KB
D/dalvikvm(  104): create new thread
D/dalvikvm(  104): new thread created
D/dalvikvm(  104): update thread list
D/dalvikvm(  104): threadid=3: notify debugger
D/dalvikvm(  104): threadid=3 (FinalizerDaemon): calling run()
D/dalvikvm(  104): threadid=4: interp stack at 0x4f211000
D/dalvikvm(  104): threadid=4: created from interp
D/dalvikvm(  104): start new thread
D/Zygote  (  104): fork pid : 28446
D/dalvikvm(  104): threadid=4: notify debugger
D/dalvikvm(  104): threadid=4 (FinalizerWatchdogDaemon): calling run()
I/ActivityManager(  376): Start proc com.baidu.searchbox for broadcast com.baidu.searchbox/.widget.QuickSearchWidgetProvider: pid=28446 uid=10140 gids={1006, 1013, 3003, 1015, 1028}
D/dalvikvm(28446): threadid=8: notify debugger
D/dalvikvm(28446): threadid=8 (FinalizerWatchdogDaemon): calling run()
D/dalvikvm(28446): threadid=9: interp stack at 0x51d15000
D/dalvikvm(28446): threadid=10: interp stack at 0x51e1d000
D/ConnectivityService(  376): getActiveNetworkInfo:NetworkInfo: type: WIFI[], state: CONNECTED/CONNECTED, reason: (unspecified), extra: (none), roaming: false, failover: false, isAvailable: true, simId: 0/10102
D/dalvikvm(  458): GC_EXPLICIT freed 267K, 18% free 15520K/18743K, paused 2ms+8ms, total 46ms
D/ConnectivityService(  376): getActiveNetworkInfo:NetworkInfo: type: WIFI[], state: CONNECTED/CONNECTED, reason: (unspecified), extra: (none), roaming: false, failover: false, isAvailable: true, simId: 0/10102
W/ADB_SERVICES(  129): create_local_service_socket() name=shell:ls -l /
D/ADB_SERVICES(  129): Calling send_ready local=7805, remote=10437
D/ADB_SERVICES(  129): adb fdevent_process list (61) (27) (58) (15) (11) 
D/ADB_SERVICES(  129):  closing because is_eof=1 r=-1 s->fde.force_eof=0
W/ADB_SERVICES(  129): create_local_service_socket() name=shell:ls -l -d /emmc@android/
D/ADB_SERVICES(  129): Calling send_ready local=7806, remote=10438
D/ADB_SERVICES(  129):  closing because is_eof=1 r=1 s->fde.force_eof=0
W/ADB_SERVICES(  129): create_local_service_socket() name=shell:ls -l -d /emmc@cache/
D/ADB_SERVICES(  129): Calling send_ready local=7807, remote=10439
D/ADB_SERVICES(  129): adb local_socket_ready list (58) (61) 
D/ADB_SERVICES(  129): adb socket read list (58) (61) 
D/ADB_SERVICES(  129): read_data=13956
D/ADB_SERVICES(  129): max_read_time=0.000172 max_send_time=0.000811 
D/ADB_SERVICES(  129):  closing because is_eof=1 r=1 s->fde.force_eof=0
W/ADB_SERVICES(  129): create_local_service_socket() name=shell:ls -l -d /emmc@ebr1/
D/ADB_SERVICES(  129): Calling send_ready local=7808, remote=10440
D/ADB_SERVICES(  129):  closing because is_eof=1 r=1 s->fde.force_eof=0
W/ADB_SERVICES(  129): create_local_service_socket() name=shell:ls -l -d /emmc@fat/
D/ADB_SERVICES(  129): Calling send_ready local=7809, remote=10441
D/ADB_SERVICES(  129):  closing because is_eof=1 r=-1 s->fde.force_eof=0
W/ADB_SERVICES(  129): create_local_service_socket() name=shell:ls -l -d /emmc@sec_ro/
D/ADB_SERVICES(  129): Calling send_ready local=7810, remote=10442
D/ADB_SERVICES(  129):  closing because is_eof=1 r=1 s->fde.force_eof=0
D/ConnectivityService(  376): getActiveNetworkInfo:NetworkInfo: type: WIFI[], state: CONNECTED/CONNECTED, reason: (unspecified), extra: (none), roaming: false, failover: false, isAvailable: true, simId: 0/10102
W/ADB_SERVICES(  129): create_local_service_socket() name=shell:ls -l -d /emmc@usrdata/
D/ADB_SERVICES(  129): Calling send_ready local=7811, remote=10444
D/ADB_SERVICES(  129):  closing because is_eof=1 r=1 s->fde.force_eof=0
D/ConnectivityService(  376): getActiveNetworkInfo:NetworkInfo: type: WIFI[], state: CONNECTED/CONNECTED, reason: (unspecified), extra: (none), roaming: false, failover: false, isAvailable: true, simId: 0/10102
V/ActivityManager(  376): getTasks: max=5, flags=0, receiver=null
V/ActivityManager(  376): com.example.neon/.HelloNeon: task=TaskRecord{42d0c778 #232 A com.example.neon U 0}
V/ActivityManager(  376): com.lewa.launcher/.Launcher: task=TaskRecord{41f7c6a8 #2 A com.lewa.launcher U 0}
V/ActivityManager(  376): com.tencent.android.qqdownloader/com.tencent.android.ui.UpdateManageActivity: task=TaskRecord{42825800 #196 A com.tencent.android.qqdownloader U 0}
V/ActivityManager(  376): com.tencent.android.qqdownloader/.QQDownloader: task=TaskRecord{42825800 #196 A com.tencent.android.qqdownloader U 0}
V/ActivityManager(  376): com.UCMobile/com.uc.browser.InnerUCMobile: task=TaskRecord{42b80438 #182 A com.UCMobile U 0}
V/ActivityManager(  376): com.chaozh.iReaderFree15/com.zhangyue.iReader.read.ui.Activity_BookBrowser_TXT: task=TaskRecord{428d2808 #106 A com.chaozh.iReaderFree15 U 0}
V/ActivityManager(  376): com.chaozh.iReaderFree15/com.zhangyue.iReader.bookshelf.ui.ActivityBookShelf: task=TaskRecord{428d2808 #106 A com.chaozh.iReaderFree15 U 0}
V/ActivityManager(  376): We have pending thumbnails: null
D/ConnectivityService(  376): getActiveNetworkInfo:NetworkInfo: type: WIFI[], state: CONNECTED/CONNECTED, reason: (unspecified), extra: (none), roaming: false, failover: false, isAvailable: true, simId: 0/10102
W/ADB_SERVICES(  129): create_local_service_socket() name=shell:ls -l /
D/ADB_SERVICES(  129): Calling send_ready local=7812, remote=10449
D/ADB_SERVICES(  129): adb fdevent_process list (61) (27) (58) 
D/ADB_SERVICES(  129):  closing because is_eof=1 r=-1 s->fde.force_eof=0
W/ADB_SERVICES(  129): create_local_service_socket() name=shell:ls -l -d /emmc@android/
D/ADB_SERVICES(  129): Calling send_ready local=7813, remote=10450
D/ADB_SERVICES(  129):  closing because is_eof=1 r=1 s->fde.force_eof=0
W/ADB_SERVICES(  129): create_local_service_socket() name=shell:ls -l -d /emmc@cache/
D/ADB_SERVICES(  129): Calling send_ready local=7814, remote=10451
D/ADB_SERVICES(  129): adb local_socket_ready list (58) (61) 
D/ADB_SERVICES(  129): adb socket read list (58) (61) 
D/ADB_SERVICES(  129): read_data=7804
D/ADB_SERVICES(  129): max_read_time=0.000058 max_send_time=0.000273 
D/ADB_SERVICES(  129):  closing because is_eof=1 r=1 s->fde.force_eof=0
W/ADB_SERVICES(  129): create_local_service_socket() name=shell:ls -l -d /emmc@ebr1/
D/ADB_SERVICES(  129): Calling send_ready local=7815, remote=10452
D/ADB_SERVICES(  129):  closing because is_eof=1 r=1 s->fde.force_eof=0
W/ADB_SERVICES(  129): create_local_service_socket() name=shell:ls -l -d /emmc@fat/
D/ADB_SERVICES(  129): Calling send_ready local=7816, remote=10453
D/ADB_SERVICES(  129):  closing because is_eof=1 r=1 s->fde.force_eof=0
W/ADB_SERVICES(  129): create_local_service_socket() name=shell:ls -l -d /emmc@sec_ro/
D/ADB_SERVICES(  129): Calling send_ready local=7817, remote=10454
D/ADB_SERVICES(  129):  closing because is_eof=1 r=1 s->fde.force_eof=0
W/ADB_SERVICES(  129): create_local_service_socket() name=shell:ls -l -d /emmc@usrdata/
D/ADB_SERVICES(  129): Calling send_ready local=7818, remote=10456
D/ADB_SERVICES(  129):  closing because is_eof=1 r=1 s->fde.force_eof=0
V/Provider/Setting(  376): from settings cache , name = sys_free_storage_log_interval value = null
V/Provider/Setting(  376): from settings cache , name = disk_free_change_reporting_threshold value = null
W/ActivityManager(  376): Process ProcessRecord{42624738 28446:com.baidu.searchbox/u0a140} failed to attach
W/ActivityManager(  376): Unattached app died before broadcast acknowledged, skipping
W/ActivityManager(  376): Unattached app died before broadcast acknowledged, skipping
V/Provider/Setting(  376): from settings cache , name = read_external_storage_enforced_default value = null
D/Zygote  (  104): SelectLoop : runOnce
D/Zygote  (  104): read arg list
D/Zygote  (  104): prepare new stderr
D/Zygote  (  104): parse args
D/Zygote  (  104): before fork
D/dalvikvm(  104): threadid=2: exiting
D/dalvikvm(  104): threadid=2: bye!
D/dalvikvm(  104): threadid=3: exiting
D/dalvikvm(  104): threadid=3: bye!
D/dalvikvm(  104): threadid=4: exiting
D/dalvikvm(  104): threadid=4: bye!
D/dalvikvm(  104): pre gc
D/dalvikvm(  104): Zygote::ForkAndSpecialize +
D/dalvikvm(  104): Zygote::ForkAndSpecialize : 28487
D/dalvikvm(  104): create interp thread : stack size=32KB
D/dalvikvm(  104): create new thread
D/dalvikvm(  104): new thread created
D/dalvikvm(  104): update thread list
W/ADB_SERVICES(  129): terminating JDWP 28446 connection: Try again
D/ADB_SERVICES(  129): remove pid 28446 to jdwp process list
D/dalvikvm(  104): threadid=2: interp stack at 0x4f001000
D/dalvikvm(  104): threadid=2: created from interp
D/dalvikvm(  104): start new thread
D/dalvikvm(  104): create interp thread : stack size=32KB
D/dalvikvm(  104): create new thread
D/dalvikvm(  104): new thread created
D/dalvikvm(  104): update thread list
D/dalvikvm(  104): threadid=2: notify debugger
D/dalvikvm(  104): threadid=2 (ReferenceQueueDaemon): calling run()
D/dalvikvm(28487): Zygote::ForkAndSpecialize : 0
D/dalvikvm(28487): zygote get new systemTid : 28487
D/dalvikvm(28487): threadid=2: interp stack at 0x4f101000
D/dalvikvm(28487): threadid=3: interp stack at 0x4f209000
D/jdwp    (28487): prepping for JDWP over ADB
D/jdwp    (28487): ADB transport startup
D/dalvikvm(28487): Elevating priority from 0 to -8
D/dalvikvm(28487): threadid=4: interp stack at 0x4f311000
D/jdwp    (28487): JDWP: thread running
D/jdwp    (28487): acceptConnection
D/jdwp    (28487): trying to receive file descriptor from ADB
D/ADB_SERVICES(  129): Adding socket 15 pid 28487 to jdwp process list
D/dalvikvm(28487): threadid=5: interp stack at 0x516f7000
D/dalvikvm(28487): zygote get thread init done
D/dalvikvm(28487): create interp thread : stack size=32KB
D/dalvikvm(28487): create new thread
D/dalvikvm(28487): new thread created
D/dalvikvm(28487): update thread list
D/dalvikvm(28487): threadid=6: interp stack at 0x516ff000
D/dalvikvm(28487): threadid=6: created from interp
D/dalvikvm(28487): start new thread
D/dalvikvm(28487): create interp thread : stack size=32KB
D/dalvikvm(28487): create new thread
D/dalvikvm(28487): new thread created
D/dalvikvm(28487): update thread list
D/dalvikvm(28487): threadid=6: notify debugger
D/dalvikvm(28487): threadid=6 (ReferenceQueueDaemon): calling run()
D/dalvikvm(28487): threadid=7: interp stack at 0x51807000
D/dalvikvm(28487): threadid=7: created from interp
D/dalvikvm(28487): start new thread
D/dalvikvm(28487): create interp thread : stack size=32KB
D/dalvikvm(28487): create new thread
D/dalvikvm(  104): threadid=3: interp stack at 0x4f109000
D/dalvikvm(28487): new thread created
D/dalvikvm(  104): threadid=3: created from interp
D/dalvikvm(  104): start new thread
D/dalvikvm(  104): create interp thread : stack size=32KB
D/dalvikvm(  104): create new thread
D/dalvikvm(  104): new thread created
D/dalvikvm(  104): update thread list
D/dalvikvm(  104): threadid=3: notify debugger
D/dalvikvm(  104): threadid=3 (FinalizerDaemon): calling run()
D/dalvikvm(28487): update thread list
D/dalvikvm(28487): threadid=7: notify debugger
D/dalvikvm(28487): threadid=7 (FinalizerDaemon): calling run()
D/dalvikvm(28487): threadid=8: interp stack at 0x5190f000
D/dalvikvm(28487): threadid=8: created from interp
D/dalvikvm(28487): start new thread
D/Zygote  (28487): fork pid : 0
D/dalvikvm(  104): threadid=4: interp stack at 0x4f211000
D/dalvikvm(  104): threadid=4: created from interp
D/dalvikvm(  104): start new thread
D/Zygote  (  104): fork pid : 28487
D/dalvikvm(  104): threadid=4: notify debugger
D/dalvikvm(  104): threadid=4 (FinalizerWatchdogDaemon): calling run()
I/ActivityManager(  376): Start proc com.baidu.searchbox for broadcast com.baidu.searchbox/.widget.QuickSearchWidgetProvider: pid=28487 uid=10140 gids={1006, 1013, 3003, 1015, 1028}
D/dalvikvm(28487): threadid=8: notify debugger
D/dalvikvm(28487): threadid=8 (FinalizerWatchdogDaemon): calling run()
D/dalvikvm(28487): threadid=9: interp stack at 0x51d15000
D/dalvikvm(28487): threadid=10: interp stack at 0x51e1d000
D/ConnectivityService(  376): getActiveNetworkInfo:NetworkInfo: type: WIFI[], state: CONNECTED/CONNECTED, reason: (unspecified), extra: (none), roaming: false, failover: false, isAvailable: true, simId: 0/10102
W/ADB_SERVICES(  129): create_local_service_socket() name=shell:rm  /data/local/tmp/fd95f559c696fdffb1228ef29cda7698.apk
D/ADB_SERVICES(  129): Calling send_ready local=7819, remote=10458
W/ADB_SERVICES(  129): terminating JDWP 27993 connection: Try again
D/ADB_SERVICES(  129): remove pid 27993 to jdwp process list
D/ADB_SERVICES(  129):  closing because is_eof=1 r=-1 s->fde.force_eof=0
W/ADB_SERVICES(  129): create_local_service_socket() name=shell:chmod 777 /data/local/tmp
D/ADB_SERVICES(  129): Calling send_ready local=7820, remote=10463
D/ADB_SERVICES(  129):  closing because is_eof=1 r=-1 s->fde.force_eof=0
W/ADB_SERVICES(  129): create_local_service_socket() name=sync:
D/ADB_SERVICES(  129): Calling send_ready local=7821, remote=10464
D/ADB_SERVICES(  129): Calling send_ready local=7821, remote=10464
D/ADB_SERVICES(  129): Calling send_ready local=7821, remote=10464
D/ADB_SERVICES(  129): Calling send_ready local=7821, remote=10464
D/ADB_SERVICES(  129): Calling send_ready local=7821, remote=10464
D/ADB_SERVICES(  129): Calling send_ready local=7821, remote=10464
D/ADB_SERVICES(  129): Calling send_ready local=7821, remote=10464
D/ADB_SERVICES(  129): Calling send_ready local=7821, remote=10464
D/ADB_SERVICES(  129): Calling send_ready local=7821, remote=10464
D/ADB_SERVICES(  129): Calling send_ready local=7821, remote=10464
D/ADB_SERVICES(  129): Calling send_ready local=7821, remote=10464
D/ADB_SERVICES(  129): Calling send_ready local=7821, remote=10464
D/ADB_SERVICES(  129): Calling send_ready local=7821, remote=10464
D/ADB_SERVICES(  129): Calling send_ready local=7821, remote=10464
D/ADB_SERVICES(  129): Calling send_ready local=7821, remote=10464
D/ADB_SERVICES(  129): Calling send_ready local=7821, remote=10464
D/ADB_SERVICES(  129): Calling send_ready local=7821, remote=10464
D/ADB_SERVICES(  129): Calling send_ready local=7821, remote=10464
D/ADB_SERVICES(  129): Calling send_ready local=7821, remote=10464
D/ADB_SERVICES(  129): Calling send_ready local=7821, remote=10464
D/ADB_SERVICES(  129): Calling send_ready local=7821, remote=10464
D/ADB_SERVICES(  129): Calling send_ready local=7821, remote=10464
D/ADB_SERVICES(  129): Calling send_ready local=7821, remote=10464
