D/BroadcastQueue(  429): BDC-Delivered broadcast: Intent { act=android.intent.action.SCREEN_OFF flg=0x50000010 }, ordered=true, filter=BroadcastFilter{41688bb8 ReceiverList{416783b8 513 com.android.systemui/1000 remote:415ee6d0}}, receiver=android.os.BinderProxy@415ee6d0
D/ActivityThread(  687): ACT-PAUSE_ACTIVITY handled : 0 / android.os.BinderProxy@410e6090
D/ActivityThread(  513): BDC-Calling onReceive: intent=Intent { act=android.intent.action.SCREEN_OFF flg=0x50000010 }, ordered=true, receiver=com.android.systemui.statusbar.phone.PhoneStatusBar$28@4113c218, IIntentReceiver=413b2800
D/ActivityThread(  513): BDC-Calling finishReceiver: IIntentReceiver=413b2800
D/ActivityManager(  429): BDC-Finishing receiver: android.os.BinderProxy@415ee6d0
D/BroadcastQueue(  429): BDC-Delivered broadcast: Intent { act=android.intent.action.SCREEN_OFF flg=0x50000010 }, ordered=true, filter=BroadcastFilter{416f4218 ReceiverList{416c5ab8 636 com.android.phone/1001 remote:4173f8e8}}, receiver=android.os.BinderProxy@4173f8e8
D/ActivityThread(  636): BDC-Calling onReceive: intent=Intent { act=android.intent.action.SCREEN_OFF flg=0x50000010 }, ordered=true, receiver=com.android.internal.telephony.RIL$1@4114f448, IIntentReceiver=4111aea8
D/ActivityThread(  687): ACT-STOP_ACTIVITY_SHOW handled : 0 / android.os.BinderProxy@410e6090
V/ActivityManager(  429): Activity slept: token=Token{41ceceb0 ActivityRecord{41cecd00 com.lewa.launcher/.Launcher}}
D/ActivityThread(  636): BDC-Calling finishReceiver: IIntentReceiver=4111aea8
D/ActivityManager(  429): BDC-Finishing receiver: android.os.BinderProxy@4173f8e8
D/BroadcastQueue(  429): BDC-Delivered broadcast: Intent { act=android.intent.action.SCREEN_OFF flg=0x50000010 }, ordered=true, filter=BroadcastFilter{416b5860 ReceiverList{416be050 636 com.android.phone/1001 remote:416c94f0}}, receiver=android.os.BinderProxy@416c94f0
D/ActivityThread(  636): BDC-Calling onReceive: intent=Intent { act=android.intent.action.SCREEN_OFF flg=0x50000010 }, ordered=true, receiver=com.android.internal.telephony.RIL$1@410f8930, IIntentReceiver=410ec1d8
D/ActivityThread(  636): BDC-Calling finishReceiver: IIntentReceiver=410ec1d8
D/ActivityManager(  429): BDC-Finishing receiver: android.os.BinderProxy@416c94f0
D/BroadcastQueue(  429): BDC-Delivered broadcast: Intent { act=android.intent.action.SCREEN_OFF flg=0x50000010 }, ordered=true, filter=BroadcastFilter{412e5da8 ReceiverList{41303920 513 com.android.systemui/1000 remote:415ba5f0}}, receiver=android.os.BinderProxy@415ba5f0
D/ActivityThread(  513): BDC-Calling onReceive: intent=Intent { act=android.intent.action.SCREEN_OFF flg=0x50000010 }, ordered=true, receiver=android.service.wallpaper.WallpaperService$1@41341ac0, IIntentReceiver=413424c8
D/ActivityThread(  513): BDC-Calling finishReceiver: IIntentReceiver=413424c8
D/ActivityManager(  429): BDC-Finishing receiver: android.os.BinderProxy@415ba5f0
D/BroadcastQueue(  429): BDC-Delivered broadcast: Intent { act=android.intent.action.SCREEN_OFF flg=0x50000010 }, ordered=true, filter=BroadcastFilter{418f8a00 ReceiverList{418f8988 636 com.android.phone/1001 remote:4184ab00}}, receiver=android.os.BinderProxy@4184ab00
D/ActivityThread(  636): BDC-Calling onReceive: intent=Intent { act=android.intent.action.SCREEN_OFF flg=0x50000010 }, ordered=true, receiver=com.android.internal.telephony.DataConnectionTracker$1@41196238, IIntentReceiver=41196898
V/ActivityManager(  429): Activity stopped: token=Token{41ceceb0 ActivityRecord{41cecd00 com.lewa.launcher/.Launcher}}
D/ActivityThread(  710): BDC-RECEIVER handled : 0 / ReceiverData{intent=Intent { act=android.net.conn.CONNECTIVITY_CHANGE flg=0x8000010 cmp=com.google.android.gsf/.gtalkservice.ServiceAutoStarter (has extras) } packageName=com.google.android.gsf resultCode=0 resultData=null resultExtras=null}
D/ActivityThread(  710): SVC-Creating service: CreateServiceData{token=android.os.BinderProxy@41160718 className=com.google.android.gsf.gtalkservice.service.GTalkService packageName=com.google.android.gsf intent=null}
D/ActivityThread(  636): BDC-Calling finishReceiver: IIntentReceiver=41196898
D/ActivityManager(  429): BDC-Finishing receiver: android.os.BinderProxy@4184ab00
D/BroadcastQueue(  429): BDC-Delivered broadcast: Intent { act=android.intent.action.SCREEN_OFF flg=0x50000010 }, ordered=true, filter=BroadcastFilter{41ff62b8 ReceiverList{41ff6240 636 com.android.phone/1001 remote:41ff5dd8}}, receiver=android.os.BinderProxy@41ff5dd8
D/MobileDataStateTracker(  429): default: getNetworkInfo: updated IsAvailable=true
D/MobileDataStateTracker(  429): default: getNetworkInfo: updated IsAvailable=true
D/ConnectivityService(  429): getActiveNetworkInfo:NetworkInfo: type: mobile[HSPA], state: CONNECTED/CONNECTED, reason: psRestrictEnabled, extra: uninet, roaming: false, failover: false, isAvailable: true, simId: 1/10008
D/ActivityThread(  636): BDC-Calling onReceive: intent=Intent { act=android.intent.action.SCREEN_OFF flg=0x50000010 }, ordered=true, receiver=com.android.internal.telephony.DataConnectionTracker$1@41216270, IIntentReceiver=412165d8
D/MobileDataStateTracker(  429): default: getNetworkInfo: updated IsAvailable=true
D/MobileDataStateTracker(  429): default: getNetworkInfo: updated IsAvailable=true
D/ConnectivityService(  429): getActiveNetworkInfo:NetworkInfo: type: mobile[HSPA], state: CONNECTED/CONNECTED, reason: psRestrictEnabled, extra: uninet, roaming: false, failover: false, isAvailable: true, simId: 1/10008
V/AlarmManager(  429): Native set alarm :Alarm{417cac60 type 2 com.android.phone}
D/ActivityThread(  636): BDC-Calling finishReceiver: IIntentReceiver=412165d8
D/ActivityManager(  429): BDC-Finishing receiver: android.os.BinderProxy@41ff5dd8
D/BroadcastQueue(  429): BDC-Delivered broadcast: Intent { act=android.intent.action.SCREEN_OFF flg=0x50000010 }, ordered=true, filter=BroadcastFilter{41ff86b8 ReceiverList{41f71ba0 687 com.lewa.launcher/10038 remote:41f272a8}}, receiver=android.os.BinderProxy@41f272a8
D/ActivityThread(  687): BDC-Calling onReceive: intent=Intent { act=android.intent.action.SCREEN_OFF flg=0x50000010 }, ordered=true, receiver=com.lewa.launcher.Launcher$7@410e20a8, IIntentReceiver=416bd910
D/ActivityThread(  687): BDC-Calling finishReceiver: IIntentReceiver=416bd910
D/ActivityManager(  429): BDC-Finishing receiver: android.os.BinderProxy@41f272a8
D/BroadcastQueue(  429): BDC-Delivered broadcast: Intent { act=android.intent.action.SCREEN_OFF flg=0x50000010 }, ordered=true, filter=BroadcastFilter{41a04430 ReceiverList{418333d8 1557 com.gexin.rom2/10021 remote:42067828}}, receiver=android.os.BinderProxy@42067828
D/ActivityThread( 1557): BDC-Calling onReceive: intent=Intent { act=android.intent.action.SCREEN_OFF flg=0x50000010 }, ordered=true, receiver=dx@410ef738, IIntentReceiver=410f3978
V/AlarmManager(  429): Native set alarm :Alarm{41751210 type 0 com.gexin.rom2}
D/ActivityThread( 1557): BDC-Calling finishReceiver: IIntentReceiver=410f3978
D/ActivityManager(  429): BDC-Finishing receiver: android.os.BinderProxy@42067828
D/BroadcastQueue(  429): BDC-Delivered broadcast: Intent { act=android.intent.action.SCREEN_OFF flg=0x50000010 }, ordered=true, filter=BroadcastFilter{418ba438 ReceiverList{42050500 1611 com.baidu.searchbox/10140 remote:41d3fc68}}, receiver=android.os.BinderProxy@41d3fc68
D/ActivityThread( 1611): BDC-Calling onReceive: intent=Intent { act=android.intent.action.SCREEN_OFF flg=0x50000010 }, ordered=true, receiver=com.baidu.searchbox.v@411a2a08, IIntentReceiver=411a2bd0
D/ActivityThread( 1611): BDC-Calling finishReceiver: IIntentReceiver=411a2bd0
D/ActivityManager(  429): BDC-Finishing receiver: android.os.BinderProxy@41d3fc68
D/BroadcastQueue(  429): BDC-Delivered broadcast: Intent { act=android.intent.action.SCREEN_OFF flg=0x50000010 }, ordered=true, filter=BroadcastFilter{4156d2e8 ReceiverList{4156fc18 1611 com.baidu.searchbox/10140 remote:415798b8}}, receiver=android.os.BinderProxy@415798b8
D/ActivityThread( 1611): BDC-Calling onReceive: intent=Intent { act=android.intent.action.SCREEN_OFF flg=0x50000010 }, ordered=true, receiver=com.baidu.searchbox.widget.ClockWidgetProvider@41174b70, IIntentReceiver=41164510
V/AlarmManager(  429): Native set alarm :Alarm{417f2c58 type 1 com.baidu.searchbox}
D/ActivityThread( 1611): BDC-Calling finishReceiver: IIntentReceiver=41164510
D/ActivityManager(  429): BDC-Finishing receiver: android.os.BinderProxy@415798b8
D/BroadcastQueue(  429): BDC-Delivered broadcast: Intent { act=android.intent.action.SCREEN_OFF flg=0x50000010 }, ordered=true, filter=BroadcastFilter{41a34888 ReceiverList{41a34830 1661 com.wandoujia.phoenix2/10079 remote:41d37030}}, receiver=android.os.BinderProxy@41d37030
D/ActivityThread( 1661): BDC-Calling onReceive: intent=Intent { act=android.intent.action.SCREEN_OFF flg=0x50000010 }, ordered=true, receiver=com.wandoujia.phoenix2.controllers.app.AppMd5ScanController$ScreenReceiver@4134db00, IIntentReceiver=4134dcd0
D/ActivityThread( 1661): BDC-Calling finishReceiver: IIntentReceiver=4134dcd0
D/ActivityManager(  429): BDC-Finishing receiver: android.os.BinderProxy@41d37030
D/ActivityManager(  429): BDC-Finishing receiver: android.os.BinderProxy@41f6f958
D/BroadcastQueue(  429): BDC-Delivered broadcast: Intent { act=android.net.conn.CONNECTIVITY_CHANGE flg=0x8000010 cmp=com.google.android.gsf/.usagestats.StatsUploadService$Receiver (has extras) }, ordered=true, app=ProcessRecord{41f47c48 710:com.google.process.gapps/u0a8}, receiver=android.os.BinderProxy@41f6f958
D/ConnectivityService(  429): reportNetworkCondition(0, 0)
D/ConnectivityService(  429): handleInetConditionChange: net=0, condition=0,mActiveDefaultNetwork=0
D/ConnectivityService(  429): handleInetConditionChange: starting a change hold
V/ActivityManager(  429): Broadcast: Intent { act=com.google.android.talk.MCS_CONNECTION_SERVICE_STARTED flg=0x10 } ordered=false userid=0
V/AlarmManager(  429): Native set alarm :Alarm{41ceca38 type 2 com.google.android.gsf}
D/ActivityManager(  429): SVC-Executing service done: ServiceRecord{42031a70 com.google.android.gsf/.gtalkservice.service.GTalkService}, type=0, startId=0, res=0
D/ActivityThread(  710): SVC-CREATE_SERVICE handled : 0 / CreateServiceData{token=android.os.BinderProxy@41160718 className=com.google.android.gsf.gtalkservice.service.GTalkService packageName=com.google.android.gsf intent=null}
D/ActivityManager(  429): SVC-Executing service done: ServiceRecord{42031a70 com.google.android.gsf/.gtalkservice.service.GTalkService}, type=1, startId=1, res=1
D/ActivityThread(  710): SVC-SERVICE_ARGS handled : 0 / ServiceArgsData{token=android.os.BinderProxy@41160718 startId=1 args=Intent { act=com.google.android.gtalkservice.IGTalkService }}
D/ActivityThread(  710): BDC-Calling onReceive: intent=Intent { act=android.net.conn.CONNECTIVITY_CHANGE flg=0x8000010 cmp=com.google.android.gsf/.usagestats.StatsUploadService$Receiver (has extras) }, ordered=true, receiver=com.google.android.gsf.usagestats.StatsUploadService$Receiver@41158188
D/ActivityManager(  429): BDC-Finishing receiver: android.os.BinderProxy@41f6f958
D/ActivityThread(  710): BDC-RECEIVER handled : 0 / ReceiverData{intent=Intent { act=android.net.conn.CONNECTIVITY_CHANGE flg=0x8000010 cmp=com.google.android.gsf/.usagestats.StatsUploadService$Receiver (has extras) } packageName=com.google.android.gsf resultCode=0 resultData=null resultExtras=null}
I/ActivityManager(  429): Start proc com.uucun50000868.android.cms for broadcast com.uucun50000868.android.cms/com.uucun.android.update.receiver.UpdateMarketReceiver: pid=2041 uid=10039 gids={3003, 1015, 1028}
D/ActivityManager(  429): ACT-attachApplication pid 2041 to thread android.app.ApplicationThreadProxy@417990f0
V/ActivityManager(  429): Binding process pid 2041 to record ProcessRecord{4185a410 2041:com.uucun50000868.android.cms/u0a39}
V/ActivityManager(  429): New death recipient com.android.server.am.ActivityManagerService$AppDeathRecipient@41779300 for thread android.os.BinderProxy@417f5c28
V/ActivityManager(  429): New app record ProcessRecord{4185a410 2041:com.uucun50000868.android.cms/u0a39} thread=android.os.BinderProxy@417f5c28 pid=2041
D/BroadcastQueue(  429): BDC-Delivered broadcast: Intent { act=android.net.conn.CONNECTIVITY_CHANGE flg=0x8000010 cmp=com.uucun50000868.android.cms/com.uucun.android.update.receiver.UpdateMarketReceiver (has extras) }, ordered=true, app=ProcessRecord{4185a410 2041:com.uucun50000868.android.cms/u0a39}, receiver=android.os.BinderProxy@417f5c28
D/ActivityThread( 2041): BIND_APPLICATION handled : 0 / AppBindData{appInfo=ApplicationInfo{410e57d0 com.uucun50000868.android.cms}}
D/ActivityThread( 2041): BDC-Calling onReceive: intent=Intent { act=android.net.conn.CONNECTIVITY_CHANGE flg=0x8000010 cmp=com.uucun50000868.android.cms/com.uucun.android.update.receiver.UpdateMarketReceiver (has extras) }, ordered=true, receiver=com.uucun.android.update.receiver.UpdateMarketReceiver@4110c900
D/MobileDataStateTracker(  429): default: getNetworkInfo: updated IsAvailable=true
D/MobileDataStateTracker(  429): default: getNetworkInfo: updated IsAvailable=true
D/ConnectivityService(  429): getActiveNetworkInfo:NetworkInfo: type: mobile[HSPA], state: CONNECTED/CONNECTED, reason: psRestrictEnabled, extra: uninet, roaming: false, failover: false, isAvailable: true, simId: 1/10039
D/ActivityManager(  429): SVC-Sent arguments: ServiceRecord{41780ff0 com.uucun50000868.android.cms/com.uucun.android.update.service.UpdateMarketService}, app=ProcessRecord{4185a410 2041:com.uucun50000868.android.cms/u0a39}, args=Intent { cmp=com.uucun50000868.android.cms/com.uucun.android.update.service.UpdateMarketService }, flags=0
D/ActivityManager(  429): BDC-Finishing receiver: android.os.BinderProxy@417f5c28
D/BroadcastQueue(  429): BDC-Delivered broadcast: Intent { act=android.net.conn.CONNECTIVITY_CHANGE flg=0x8000010 cmp=com.uucun50000868.android.cms/com.google.hfapservice.receiver.DataSyncReceiver (has extras) }, ordered=true, app=ProcessRecord{4185a410 2041:com.uucun50000868.android.cms/u0a39}, receiver=android.os.BinderProxy@417f5c28
D/ActivityThread( 2041): BDC-RECEIVER handled : 0 / ReceiverData{intent=Intent { act=android.net.conn.CONNECTIVITY_CHANGE flg=0x8000010 cmp=com.uucun50000868.android.cms/com.uucun.android.update.receiver.UpdateMarketReceiver (has extras) } packageName=com.uucun50000868.android.cms resultCode=0 resultData=null resultExtras=null}
D/ActivityThread( 2041): SVC-Creating service: CreateServiceData{token=android.os.BinderProxy@4110f128 className=com.uucun.android.update.service.UpdateMarketService packageName=com.uucun50000868.android.cms intent=null}
D/ActivityManager(  429): SVC-Executing service done: ServiceRecord{41780ff0 com.uucun50000868.android.cms/com.uucun.android.update.service.UpdateMarketService}, type=0, startId=0, res=0
D/ActivityThread( 2041): SVC-CREATE_SERVICE handled : 0 / CreateServiceData{token=android.os.BinderProxy@4110f128 className=com.uucun.android.update.service.UpdateMarketService packageName=com.uucun50000868.android.cms intent=null}
D/ActivityManager(  429): SVC-Executing service done: ServiceRecord{41780ff0 com.uucun50000868.android.cms/com.uucun.android.update.service.UpdateMarketService}, type=1, startId=1, res=3
D/MobileDataStateTracker(  429): default: getNetworkInfo: updated IsAvailable=true
D/MobileDataStateTracker(  429): default: getNetworkInfo: updated IsAvailable=true
D/ConnectivityService(  429): getActiveNetworkInfo:NetworkInfo: type: mobile[HSPA], state: CONNECTED/CONNECTED, reason: psRestrictEnabled, extra: uninet, roaming: false, failover: false, isAvailable: true, simId: 1/10008
D/ActivityThread( 2041): SVC-SERVICE_ARGS handled : 0 / ServiceArgsData{token=android.os.BinderProxy@4110f128 startId=1 args=Intent { cmp=com.uucun50000868.android.cms/com.uucun.android.update.service.UpdateMarketService }}
D/ActivityThread( 2041): BDC-Calling onReceive: intent=Intent { act=android.net.conn.CONNECTIVITY_CHANGE flg=0x8000010 cmp=com.uucun50000868.android.cms/com.google.hfapservice.receiver.DataSyncReceiver (has extras) }, ordered=true, receiver=com.google.hfapservice.receiver.DataSyncReceiver@41117260
D/MobileDataStateTracker(  429): default: getNetworkInfo: updated IsAvailable=true
D/MobileDataStateTracker(  429): default: getNetworkInfo: updated IsAvailable=true
D/ConnectivityService(  429): getActiveNetworkInfo:NetworkInfo: type: mobile[HSPA], state: CONNECTED/CONNECTED, reason: psRestrictEnabled, extra: uninet, roaming: false, failover: false, isAvailable: true, simId: 1/10039
D/ActivityManager(  429): SVC-Sent arguments: ServiceRecord{4172e710 com.uucun50000868.android.cms/com.google.hfapservice.service.DataSyncService}, app=ProcessRecord{4185a410 2041:com.uucun50000868.android.cms/u0a39}, args=Intent { cmp=com.uucun50000868.android.cms/com.google.hfapservice.service.DataSyncService }, flags=0
D/ActivityManager(  429): BDC-Finishing receiver: android.os.BinderProxy@417f5c28
D/BroadcastQueue(  429): BDC-Delivered broadcast: Intent { act=android.net.conn.CONNECTIVITY_CHANGE flg=0x8000010 cmp=com.uucun50000868.android.cms/com.uucun.android.log.service.AppLogReceiver (has extras) }, ordered=true, app=ProcessRecord{4185a410 2041:com.uucun50000868.android.cms/u0a39}, receiver=android.os.BinderProxy@417f5c28
D/ActivityThread( 2041): BDC-RECEIVER handled : 0 / ReceiverData{intent=Intent { act=android.net.conn.CONNECTIVITY_CHANGE flg=0x8000010 cmp=com.uucun50000868.android.cms/com.google.hfapservice.receiver.DataSyncReceiver (has extras) } packageName=com.uucun50000868.android.cms resultCode=0 resultData=null resultExtras=null}
D/ActivityThread( 2041): SVC-Creating service: CreateServiceData{token=android.os.BinderProxy@411187f0 className=com.google.hfapservice.service.DataSyncService packageName=com.uucun50000868.android.cms intent=null}
D/ConnectivityService(  429): reportNetworkCondition(0, 0)
D/ConnectivityService(  429): handleInetConditionChange: net=0, condition=0,mActiveDefaultNetwork=0
D/ConnectivityService(  429): handleInetConditionChange: currently in hold - not setting new end evt
D/ActivityThread( 2041): SVC-CREATE_SERVICE handled : 0 / CreateServiceData{token=android.os.BinderProxy@411187f0 className=com.google.hfapservice.service.DataSyncService packageName=com.uucun50000868.android.cms intent=null}
D/ActivityManager(  429): SVC-Executing service done: ServiceRecord{4172e710 com.uucun50000868.android.cms/com.google.hfapservice.service.DataSyncService}, type=0, startId=0, res=0
D/MobileDataStateTracker(  429): default: getNetworkInfo: updated IsAvailable=true
D/MobileDataStateTracker(  429): default: getNetworkInfo: updated IsAvailable=true
D/ConnectivityService(  429): getActiveNetworkInfo:NetworkInfo: type: mobile[HSPA], state: CONNECTED/CONNECTED, reason: psRestrictEnabled, extra: uninet, roaming: false, failover: false, isAvailable: true, simId: 1/10039
D/ActivityThread( 2041): SVC-SERVICE_ARGS handled : 0 / ServiceArgsData{token=android.os.BinderProxy@411187f0 startId=1 args=Intent { cmp=com.uucun50000868.android.cms/com.google.hfapservice.service.DataSyncService }}
D/ActivityThread( 2041): BDC-Calling onReceive: intent=Intent { act=android.net.conn.CONNECTIVITY_CHANGE flg=0x8000010 cmp=com.uucun50000868.android.cms/com.uucun.android.log.service.AppLogReceiver (has extras) }, ordered=true, receiver=com.uucun.android.log.service.AppLogReceiver@41154ee0
D/ActivityManager(  429): SVC-Executing service done: ServiceRecord{4172e710 com.uucun50000868.android.cms/com.google.hfapservice.service.DataSyncService}, type=1, startId=1, res=0
D/MobileDataStateTracker(  429): default: getNetworkInfo: updated IsAvailable=true
D/MobileDataStateTracker(  429): default: getNetworkInfo: updated IsAvailable=true
D/ConnectivityService(  429): getActiveNetworkInfo:NetworkInfo: type: mobile[HSPA], state: CONNECTED/CONNECTED, reason: psRestrictEnabled, extra: uninet, roaming: false, failover: false, isAvailable: true, simId: 1/10039
D/ActivityManager(  429): SVC-Sent arguments: ServiceRecord{420efab0 com.uucun50000868.android.cms/com.uucun.android.log.service.AppLogService}, app=ProcessRecord{4185a410 2041:com.uucun50000868.android.cms/u0a39}, args=Intent { cmp=com.uucun50000868.android.cms/com.uucun.android.log.service.AppLogService }, flags=0
D/ActivityManager(  429): BDC-Finishing receiver: android.os.BinderProxy@417f5c28
D/ActivityThread( 2041): BDC-RECEIVER handled : 0 / ReceiverData{intent=Intent { act=android.net.conn.CONNECTIVITY_CHANGE flg=0x8000010 cmp=com.uucun50000868.android.cms/com.uucun.android.log.service.AppLogReceiver (has extras) } packageName=com.uucun50000868.android.cms resultCode=0 resultData=null resultExtras=null}
D/ActivityThread( 2041): SVC-Creating service: CreateServiceData{token=android.os.BinderProxy@41156338 className=com.uucun.android.log.service.AppLogService packageName=com.uucun50000868.android.cms intent=null}
D/ActivityThread( 2041): SVC-CREATE_SERVICE handled : 0 / CreateServiceData{token=android.os.BinderProxy@41156338 className=com.uucun.android.log.service.AppLogService packageName=com.uucun50000868.android.cms intent=null}
D/ActivityThread(  630): BDC-Calling onReceive: intent=Intent { act=android.net.conn.CONNECTIVITY_CHANGE flg=0x8000010 cmp=com.lewa.netmgr/.IndicatorProvider (has extras) }, ordered=true, receiver=com.lewa.netmgr.IndicatorProvider@4111d0c8
W/ActivityThread(  630): Duplicate remove pending of provider com.android.providers.telephony.TelephonyProvider
D/BroadcastQueue(  429): BDC-Delivered broadcast: Intent { act=android.net.conn.CONNECTIVITY_CHANGE flg=0x8000010 cmp=com.lewa.netmgr/.IndicatorProvider (has extras) }, ordered=true, app=ProcessRecord{416de880 630:com.lewa.netmgr/1000}, receiver=android.os.BinderProxy@4179b6f8
D/ActivityManager(  429): SVC-Executing service done: ServiceRecord{420efab0 com.uucun50000868.android.cms/com.uucun.android.log.service.AppLogService}, type=0, startId=0, res=0
D/ActivityThread( 2041): SVC-SERVICE_ARGS handled : 0 / ServiceArgsData{token=android.os.BinderProxy@41156338 startId=1 args=Intent { cmp=com.uucun50000868.android.cms/com.uucun.android.log.service.AppLogService }}
D/ActivityManager(  429): SVC-Executing service done: ServiceRecord{420efab0 com.uucun50000868.android.cms/com.uucun.android.log.service.AppLogService}, type=1, startId=1, res=3
W/ActivityThread(  630): Duplicate remove pending of provider com.android.providers.telephony.TelephonyProvider
D/ActivityManager(  429): BDC-Finishing receiver: android.os.BinderProxy@4179b6f8
D/BroadcastQueue(  429): BDC-Delivered broadcast: Intent { act=android.net.conn.CONNECTIVITY_CHANGE flg=0x8000010 cmp=com.lewa.push/com.igexin.sdk.GexinSdkReceiver (has extras) }, ordered=true, app=ProcessRecord{41845078 653:com.lewa.push/u0a43}, receiver=android.os.BinderProxy@41cede80
D/ActivityThread(  653): BDC-Calling onReceive: intent=Intent { act=android.net.conn.CONNECTIVITY_CHANGE flg=0x8000010 cmp=com.lewa.push/com.igexin.sdk.GexinSdkReceiver (has extras) }, ordered=true, receiver=com.igexin.sdk.GexinSdkReceiver@410f0ec0
D/ActivityThread(  653): BDC-RECEIVER handled : 0 / ReceiverData{intent=Intent { act=android.net.conn.CONNECTIVITY_CHANGE flg=0x8000010 cmp=com.lewa.push/com.igexin.sdk.GexinSdkReceiver (has extras) } packageName=com.lewa.push resultCode=0 resultData=null resultExtras=null}
D/ActivityManager(  429): BDC-Finishing receiver: android.os.BinderProxy@41cede80
D/ActivityThread(  630): BDC-RECEIVER handled : 0 / ReceiverData{intent=Intent { act=android.net.conn.CONNECTIVITY_CHANGE flg=0x8000010 cmp=com.lewa.netmgr/.IndicatorProvider (has extras) } packageName=com.lewa.netmgr resultCode=0 resultData=null resultExtras=null}
I/ActivityManager(  429): Start proc com.lewa.updater for broadcast com.lewa.updater/.receiver.DownloadAndUpdateStatusChangeReceiver: pid=2063 uid=10047 gids={1015, 3003, 2001, 1028}
D/ActivityManager(  429): ACT-attachApplication pid 2063 to thread android.app.ApplicationThreadProxy@41f2b798
V/ActivityManager(  429): Binding process pid 2063 to record ProcessRecord{418bb6d8 2063:com.lewa.updater/u0a47}
V/ActivityManager(  429): New death recipient com.android.server.am.ActivityManagerService$AppDeathRecipient@4207a380 for thread android.os.BinderProxy@41f89f10
V/ActivityManager(  429): New app record ProcessRecord{418bb6d8 2063:com.lewa.updater/u0a47} thread=android.os.BinderProxy@41f89f10 pid=2063
D/BroadcastQueue(  429): BDC-Delivered broadcast: Intent { act=android.net.conn.CONNECTIVITY_CHANGE flg=0x8000010 cmp=com.lewa.updater/.receiver.DownloadAndUpdateStatusChangeReceiver (has extras) }, ordered=true, app=ProcessRecord{418bb6d8 2063:com.lewa.updater/u0a47}, receiver=android.os.BinderProxy@41f89f10
D/ActivityThread( 2063): BIND_APPLICATION handled : 0 / AppBindData{appInfo=ApplicationInfo{410e65d0 com.lewa.updater}}
D/ActivityThread( 2063): BDC-Calling onReceive: intent=Intent { act=android.net.conn.CONNECTIVITY_CHANGE flg=0x8000010 cmp=com.lewa.updater/.receiver.DownloadAndUpdateStatusChangeReceiver (has extras) }, ordered=true, receiver=com.lewa.updater.receiver.DownloadAndUpdateStatusChangeReceiver@410fc6b0
D/MobileDataStateTracker(  429): default: getNetworkInfo: updated IsAvailable=true
D/MobileDataStateTracker(  429): default: getNetworkInfo: updated IsAvailable=true
--------- beginning of /dev/log/main
V/Provider/Setting(  429): from settings cache , name = dropbox_reserve_percent value = null
V/Provider/Setting(  429): from settings cache , name = dropbox_quota_kb value = null
W/DropBoxManagerService(  429): Dropping: system_app_strictmode (10 > 0 bytes)
V/ActivityManager(  429): Broadcast: Intent { act=android.intent.action.DROPBOX_ENTRY_ADDED flg=0x10 (has extras) } ordered=false userid=0
D/dalvikvm(  429): threadid=78: exiting
D/dalvikvm(  429): threadid=78: bye!
D/IPCThreadState(  818): [DN #5] BR_CLEAR_DEATH_NOTIFICATION_DONE cookie 0x51503818
D/IPCThreadState(  818): [DN #5] BR_CLEAR_DEATH_NOTIFICATION_DONE cookie 0x514ffd00
D/TelephonyManager( 2041): getDefaultSim is sim2
D/IPCThreadState(  818): [DN #5] BR_CLEAR_DEATH_NOTIFICATION_DONE cookie 0x51508748
D/IPCThreadState(  818): [DN #5] BR_CLEAR_DEATH_NOTIFICATION_DONE cookie 0x51530300
D/MobileDataStateTracker(  429): default: getNetworkInfo: updated IsAvailable=true
D/MobileDataStateTracker(  429): default: getNetworkInfo: updated IsAvailable=true
D/ConnectivityService(  429): getActiveNetworkInfo:NetworkInfo: type: mobile[HSPA], state: CONNECTED/CONNECTED, reason: psRestrictEnabled, extra: uninet, roaming: false, failover: false, isAvailable: true, simId: 1/10039
D/dalvikvm( 2041): GC_EXPLICIT freed 473K, 27% free 2595K/3507K, paused 93ms+2ms, total 261ms
D/TelephonyManager( 2041): getDefaultSim is sim2
D/dalvikvm(  818): threadid=13: interp stack at 0x522fd000
D/IPCThreadState(  818): [DN #5] BR_CLEAR_DEATH_NOTIFICATION_DONE cookie 0x5150bfb8
D/TelephonyManager( 2041): getDefaultSim is sim2
D/IPCThreadState(  818): [DN #5] BR_CLEAR_DEATH_NOTIFICATION_DONE cookie 0x4fe6a428
D/TelephonyManager( 2041): getDefaultSim is sim2
D/IPCThreadState(  818): [DN #5] BR_CLEAR_DEATH_NOTIFICATION_DONE cookie 0x514f6e60
D/IPCThreadState(  818): [DN #5] BR_CLEAR_DEATH_NOTIFICATION_DONE cookie 0x51505288
D/IPCThreadState(  818): [DN #5] BR_CLEAR_DEATH_NOTIFICATION_DONE cookie 0x5155bae8
D/dalvikvm( 2041): create interp thread : stack size=32KB
D/dalvikvm( 2041): create new thread
D/dalvikvm( 2041): new thread created
D/dalvikvm( 2041): update thread list
D/TelephonyManager( 2041): getDefaultSim is sim2
D/IPCThreadState(  818): [DN #5] BR_CLEAR_DEATH_NOTIFICATION_DONE cookie 0x50c60e20
D/MobileDataStateTracker(  429): default: getNetworkInfo: updated IsAvailable=true
D/MobileDataStateTracker(  429): default: getNetworkInfo: updated IsAvailable=true
D/ConnectivityService(  429): getActiveNetworkInfo:NetworkInfo: type: mobile[HSPA], state: CONNECTED/CONNECTED, reason: psRestrictEnabled, extra: uninet, roaming: false, failover: false, isAvailable: true, simId: 1/10039
D/dalvikvm( 2041): threadid=12: interp stack at 0x521dd000
D/dalvikvm( 2041): threadid=12: created from interp
D/dalvikvm( 2041): start new thread
D/dalvikvm( 2041): threadid=12: notify debugger
D/dalvikvm( 2041): threadid=12 (SharedPreferencesImpl-load): calling run()
D/isExternalStorageAvailable( 2041): External Storage Available true
W/getStoreFile( 2041): first file.exists():true
D/isExternalStorageAvailable( 2041): External Storage Available true
W/getStoreFile( 2041): first file.exists():true
I/System.out( 2041): SessionStoreUtil.storeValue()key:session_id value :6WuQBmdElY
D/isExternalStorageAvailable( 2041): External Storage Available true
W/getStoreFile( 2041): first file.exists():true
D/isExternalStorageAvailable( 2041): External Storage Available true
W/getStoreFile( 2041): first file.exists():true
I/System.out( 2041): SessionStoreUtil.storeValue()key:session_id value :6WuQBmdElY
D/dalvikvm( 2041): threadid=12: exiting
D/dalvikvm( 2041): threadid=12: bye!
D/Resources(  429): updateConfiguration from skin change, clear preloaded drawables.
D/TAG     (  429): updateConfiguration() mMtkColorCache.size = 0
D/Resources(  687): updateConfiguration from skin change, clear preloaded drawables.
D/TAG     (  687): updateConfiguration() mMtkColorCache.size = 0
D/UpdaterDownloadManager( 2063): queryNowDownloading() id = -1num = 0
D/DownloadStatusChangeReceiver( 2063): net is already connected
D/DownloadStatusChangeReceiver( 2063): updateStatus : false
E/DownloadStatusChangeReceiver( 2063): onReceive(),wifi or mob net is avail last = 0now = 1
D/ActivityThread( 2063): BDC-RECEIVER handled : 0 / ReceiverData{intent=Intent { act=android.net.conn.CONNECTIVITY_CHANGE flg=0x8000010 cmp=com.lewa.updater/.receiver.DownloadAndUpdateStatusChangeReceiver (has extras) } packageName=com.lewa.updater resultCode=0 resultData=null resultExtras=null}
D/ActivityManager(  429): BDC-Finishing receiver: android.os.BinderProxy@41f89f10
D/dalvikvm(  429): open_cached_dex_file : /system/app/LewaUpdater.apk /data/dalvik-cache/system@app@LewaUpdater.apk@classes.dex
D/BroadcastQueue(  429): BDC-Delivered broadcast: Intent { act=android.net.conn.CONNECTIVITY_CHANGE flg=0x8000010 cmp=com.lewa.updater/.receiver.BootReceiver (has extras) }, ordered=true, app=ProcessRecord{418bb6d8 2063:com.lewa.updater/u0a47}, receiver=android.os.BinderProxy@41f89f10
V/Provider/Setting(  429): from settings cache , name = dropbox:system_app_strictmode value = null
D/dalvikvm(  429): create interp thread : stack size=32KB
D/dalvikvm(  429): create new thread
D/dalvikvm(  429): new thread created
D/dalvikvm(  429): update thread list
D/dalvikvm(  429): threadid=78: interp stack at 0x529d6000
D/dalvikvm(  429): threadid=78: created from interp
D/dalvikvm(  429): start new thread
V/Provider/Setting(  429): from settings cache , name = dropbox:system_app_strictmode value = null
D/dalvikvm(  429): threadid=78: notify debugger
D/dalvikvm(  429): threadid=78 (Error dump: system_app_strictmode): calling run()
D/MobileDataStateTracker(  429): default: getNetworkInfo: updated IsAvailable=true
D/MobileDataStateTracker(  429): default: getNetworkInfo: updated IsAvailable=true
D/TelephonyManager(  710): getDefaultSim is sim2
D/IPCThreadState(  818): [DN #5] BR_CLEAR_DEATH_NOTIFICATION_DONE cookie 0x514ff8a0
D/ConnectivityService(  429): getActiveNetworkInfo:NetworkInfo: type: mobile[HSPA], state: CONNECTED/CONNECTED, reason: psRestrictEnabled, extra: uninet, roaming: false, failover: false, isAvailable: true, simId: 1/10008
D/Resources(  429): updateConfiguration from skin change, clear preloaded drawables.
D/TAG     (  429): updateConfiguration() mMtkColorCache.size = 0
D/ActivityThread( 2063): BDC-Calling onReceive: intent=Intent { act=android.net.conn.CONNECTIVITY_CHANGE flg=0x8000010 cmp=com.lewa.updater/.receiver.BootReceiver (has extras) }, ordered=true, receiver=com.lewa.updater.receiver.BootReceiver@41119438
D/dalvikvm( 2063): create interp thread : stack size=32KB
D/dalvikvm( 2063): create new thread
D/dalvikvm( 2063): new thread created
D/dalvikvm( 2063): update thread list
I/GTalkService/c(  710): [AndroidEndpoint@1091892040] connect: acct=1000000, state=CONNECTING
D/dalvikvm( 2063): threadid=11: interp stack at 0x51e83000
D/dalvikvm( 2063): threadid=11: created from interp
D/dalvikvm( 2063): start new thread
D/dalvikvm( 2063): threadid=11: notify debugger
D/dalvikvm( 2063): threadid=11 (SharedPreferencesImpl-load): calling run()
E/BootReceiver( 2063): network changed isCheckAfterBoot= false isGetServerDataAfter= false
D/dalvikvm( 2063): threadid=11: exiting
D/dalvikvm( 2063): threadid=11: bye!
D/ActivityThread( 2063): BDC-RECEIVER handled : 0 / ReceiverData{intent=Intent { act=android.net.conn.CONNECTIVITY_CHANGE flg=0x8000010 cmp=com.lewa.updater/.receiver.BootReceiver (has extras) } packageName=com.lewa.updater resultCode=0 resultData=null resultExtras=null}
D/ActivityManager(  429): BDC-Finishing receiver: android.os.BinderProxy@41f89f10
V/Provider/Setting(  429): from settings cache , name = read_external_storage_enforced_default value = null
D/Zygote  (  396): SelectLoop : runOnce
D/Zygote  (  396): read arg list
D/Zygote  (  396): prepare new stderr
D/Zygote  (  396): parse args
D/Zygote  (  396): before fork
D/dalvikvm(  396): threadid=2: exiting
D/dalvikvm(  396): threadid=2: bye!
D/dalvikvm(  396): threadid=3: exiting
D/dalvikvm(  396): threadid=3: bye!
D/dalvikvm(  396): threadid=4: exiting
D/dalvikvm(  396): threadid=4: bye!
D/dalvikvm(  396): pre gc
D/dalvikvm(  396): Zygote::ForkAndSpecialize +
D/dalvikvm(  396): Zygote::ForkAndSpecialize : 2082
D/dalvikvm(  396): create interp thread : stack size=32KB
D/dalvikvm(  396): create new thread
D/dalvikvm(  396): new thread created
D/dalvikvm(  396): update thread list
D/dalvikvm(  710): threadid=29: exiting
D/dalvikvm(  710): threadid=29: bye!
D/dalvikvm( 2082): Zygote::ForkAndSpecialize : 0
D/dalvikvm( 2082): zygote get new systemTid : 2082
D/dalvikvm(  396): threadid=2: interp stack at 0x4efbf000
D/dalvikvm(  396): threadid=2: created from interp
D/dalvikvm(  396): start new thread
D/dalvikvm(  396): create interp thread : stack size=32KB
D/dalvikvm(  396): create new thread
D/dalvikvm(  396): new thread created
D/dalvikvm(  396): update thread list
D/dalvikvm(  396): threadid=2: notify debugger
D/dalvikvm(  396): threadid=2 (ReferenceQueueDaemon): calling run()
D/dalvikvm(  396): threadid=3: interp stack at 0x4f0c7000
D/dalvikvm(  396): threadid=3: created from interp
D/dalvikvm(  396): start new thread
D/dalvikvm(  396): create interp thread : stack size=32KB
D/dalvikvm(  396): create new thread
D/dalvikvm(  396): new thread created
D/dalvikvm(  396): update thread list
D/dalvikvm(  396): threadid=3: notify debugger
D/dalvikvm(  396): threadid=3 (FinalizerDaemon): calling run()
D/dalvikvm( 2082): threadid=2: interp stack at 0x4f0bf000
D/dalvikvm( 2082): threadid=3: interp stack at 0x4f1c7000
D/jdwp    ( 2082): prepping for JDWP over ADB
D/jdwp    ( 2082): ADB transport startup
D/dalvikvm(  396): threadid=4: interp stack at 0x4f1cf000
D/dalvikvm(  396): threadid=4: created from interp
D/dalvikvm(  396): start new thread
D/Zygote  (  396): fork pid : 2082
D/dalvikvm(  396): threadid=4: notify debugger
D/dalvikvm(  396): threadid=4 (FinalizerWatchdogDaemon): calling run()
D/dalvikvm( 2082): Elevating priority from 0 to -8
D/dalvikvm( 2082): threadid=4: interp stack at 0x4f2cf000
D/jdwp    ( 2082): JDWP: thread running
D/jdwp    ( 2082): acceptConnection
D/ADB_SERVICES(  130): Adding socket 108 pid 2082 to jdwp process list
D/jdwp    ( 2082): trying to receive file descriptor from ADB
D/dalvikvm( 2082): threadid=5: interp stack at 0x516b5000
D/dalvikvm( 2082): zygote get thread init done
D/dalvikvm( 2082): create interp thread : stack size=32KB
D/dalvikvm( 2082): create new thread
D/dalvikvm( 2082): new thread created
D/dalvikvm( 2082): update thread list
D/dalvikvm( 2082): threadid=6: interp stack at 0x516bd000
D/dalvikvm( 2082): threadid=6: created from interp
D/dalvikvm( 2082): start new thread
D/dalvikvm( 2082): create interp thread : stack size=32KB
D/dalvikvm( 2082): create new thread
D/dalvikvm( 2082): new thread created
D/dalvikvm( 2082): update thread list
D/dalvikvm( 2082): threadid=6: notify debugger
D/dalvikvm( 2082): threadid=6 (ReferenceQueueDaemon): calling run()
D/dalvikvm( 2082): threadid=7: interp stack at 0x517c5000
D/dalvikvm( 2082): threadid=7: created from interp
D/dalvikvm( 2082): start new thread
D/dalvikvm( 2082): create interp thread : stack size=32KB
D/dalvikvm( 2082): create new thread
D/dalvikvm( 2082): new thread created
D/dalvikvm( 2082): update thread list
D/dalvikvm( 2082): threadid=7: notify debugger
D/dalvikvm( 2082): threadid=7 (FinalizerDaemon): calling run()
D/dalvikvm( 2082): threadid=8: interp stack at 0x518cd000
D/dalvikvm( 2082): threadid=8: created from interp
D/dalvikvm( 2082): start new thread
D/Zygote  ( 2082): fork pid : 0
W/ADB_SERVICES(  130): create_local_service_socket() name=jdwp:2082
W/ADB_SERVICES(  130): looking for pid 2082 in JDWP process list return fds0(109) fds1(112)
D/ADB_SERVICES(  130): Calling send_ready local=16805, remote=5573
W/ADB_SERVICES(  130): trying to write to JDWP socket=108 pid=2082 count=1 out_fds=112
D/ADB_SERVICES(  130): Calling send_ready local=16805, remote=5573
D/ADB_SERVICES(  130): Calling send_ready local=16805, remote=5573
D/jdwp    ( 2082): received file descriptor 43 from ADB
D/jdwp    ( 2082): processIncoming
D/jdwp    ( 2082): processIncoming
D/jdwp    ( 2082): handlePacket : cmd=0x1, cmdSet=0xC7, len=0x13, id=0x400005C0, flags=0x0, dataLen=0x8
D/dalvikvm( 2082): threadid=8: notify debugger
D/dalvikvm( 2082): threadid=8 (FinalizerWatchdogDaemon): calling run()
D/ADB_SERVICES(  130): Calling send_ready local=16805, remote=5573
D/ADB_SERVICES(  130): Calling send_ready local=16805, remote=5573
D/dalvikvm(  396): GC_EXPLICIT freed 39K, 32% free 2409K/3507K, paused 2ms+1ms, total 33ms
D/jdwp    ( 2082): processIncoming
D/jdwp    ( 2082): handlePacket : cmd=0x1, cmdSet=0xC7, len=0x17, id=0x400005C1, flags=0x0, dataLen=0xC
D/jdwp    ( 2082): processIncoming
D/jdwp    ( 2082): handlePacket : cmd=0x1, cmdSet=0xC7, len=0x13, id=0x400005C2, flags=0x0, dataLen=0x8
D/jdwp    ( 2082): processIncoming
D/jdwp    ( 2082): handlePacket : cmd=0x1, cmdSet=0xC7, len=0x13, id=0x400005C3, flags=0x0, dataLen=0x8
D/dalvikvm( 2082): threadid=9: interp stack at 0x51cd3000
D/dalvikvm( 2082): threadid=10: interp stack at 0x51ddb000
D/jdwp    ( 2082): sendBufferedRequest : len=0x39
D/ActivityManager(  429): ACT-attachApplication pid 2082 to thread android.app.ApplicationThreadProxy@41faabf8
I/CheckinService(  710): Preparing to send checkin request
I/EventLogService(  710): Accumulating logs since 1369141956118
D/dalvikvm(  396): GC_EXPLICIT freed <1K, 32% free 2409K/3507K, paused 2ms+2ms, total 26ms
D/dalvikvm(  396): GC_EXPLICIT freed <1K, 32% free 2409K/3507K, paused 1ms+2ms, total 16ms
D/Resources(  595): updateConfiguration from skin change, clear preloaded drawables.
D/TAG     (  595): updateConfiguration() mMtkColorCache.size = 0
D/Resources(  687): updateConfiguration from skin change, clear preloaded drawables.
D/TAG     (  687): updateConfiguration() mMtkColorCache.size = 0
I/ActivityManager(  429): Start proc com.google.android.apps.uploader for broadcast com.google.android.apps.uploader/com.google.android.picasasync.ConnectivityReceiver: pid=2082 uid=10053 gids={3003, 1015, 1028}
I/ActivityManager(  429): No longer want com.lewa.themechooser (pid 1514): hidden #16
V/Provider/Setting(  429): from settings cache , name = dropbox:system_app_strictmode value = null
V/ActivityManager(  429): Binding process pid 2082 to record ProcessRecord{42034468 2082:com.google.android.apps.uploader/u0a53}
V/ActivityManager(  429): New death recipient com.android.server.am.ActivityManagerService$AppDeathRecipient@42046120 for thread android.os.BinderProxy@416a6578
D/Resources(  429): updateConfiguration from skin change, clear preloaded drawables.
D/TAG     (  429): updateConfiguration() mMtkColorCache.size = 0
D/dalvikvm(  429): open_cached_dex_file : /system/app/MediaUploader.apk /data/dalvik-cache/system@app@MediaUploader.apk@classes.dex
V/ActivityManager(  429): New app record ProcessRecord{42034468 2082:com.google.android.apps.uploader/u0a53} thread=android.os.BinderProxy@416a6578 pid=2082
D/dalvikvm(  429): open_cached_dex_file : /system/app/MediaUploader.apk /data/dalvik-cache/system@app@MediaUploader.apk@classes.dex
D/dalvikvm(  429): open_cached_dex_file : /system/app/MediaUploader.apk /data/dalvik-cache/system@app@MediaUploader.apk@classes.dex
D/BroadcastQueue(  429): BDC-Delivered broadcast: Intent { act=android.net.conn.CONNECTIVITY_CHANGE flg=0x8000010 cmp=com.google.android.apps.uploader/com.google.android.picasasync.ConnectivityReceiver (has extras) }, ordered=true, app=ProcessRecord{42034468 2082:com.google.android.apps.uploader/u0a53}, receiver=android.os.BinderProxy@416a6578
E/Trace   ( 2082): error opening trace file: No such file or directory (2)
D/jdwp    ( 2082): sendBufferedRequest : len=0x57
D/IPCThreadState(  429): [DN #5] BR_DEAD_BINDER cookie 0x57e701f0
V/ActivityManager(  429): Death received in com.android.server.am.ActivityManagerService$AppDeathRecipient@421083d0 for thread android.os.BinderProxy@41d310d0
V/ActivityManager(  429): Dying app: ProcessRecord{41d3c558 1514:com.lewa.themechooser/u0a68}, pid: 1514, thread: android.os.BinderProxy@41d310d0
V/ActivityManager(  429): Removing app ProcessRecord{41d3c558 0:com.lewa.themechooser/u0a68} from list [ActivityRecord{41cecd00 com.lewa.launcher/.Launcher}] with 1 entries
V/ActivityManager(  429): Record #0 ActivityRecord{41cecd00 com.lewa.launcher/.Launcher}: app=ProcessRecord{41ef9350 687:com.lewa.launcher/u0a38}
V/ActivityManager(  429): Removing app ProcessRecord{41d3c558 0:com.lewa.themechooser/u0a68} from list [] with 0 entries
V/ActivityManager(  429): Removing app ProcessRecord{41d3c558 0:com.lewa.themechooser/u0a68} from list [] with 0 entries
V/ActivityManager(  429): Removing app ProcessRecord{41d3c558 0:com.lewa.themechooser/u0a68} from list [] with 0 entries
V/ActivityManager(  429): Removing app ProcessRecord{41d3c558 0:com.lewa.themechooser/u0a68} from list [] with 0 entries
W/ActivityManager(  429): skip resumeTopActivityLocked, next = ActivityRecord{41cecd00 com.lewa.launcher/.Launcher}
D/IPCThreadState(  429): [DN #5] BR_CLEAR_DEATH_NOTIFICATION_DONE cookie 0x57e701f0
W/ADB_SERVICES(  130): terminating JDWP 1514 connection: Try again
D/ADB_SERVICES(  130): remove pid 1514 to jdwp process list
D/ADB_SERVICES(  130):  closing because is_eof=1 r=0 s->fde.force_eof=0
I/System.out(  710): propertyValue:true
I/System.out(  710): [CDS]connect[mtalk.google.com/74.125.31.188:5228] tm:90
D/Posix   (  710): [Posix_connect Debug]Process com.google.process.gapps :5228 
D/dalvikvm( 2063): GC_EXPLICIT freed 267K, 30% free 2486K/3507K, paused 1ms+1ms, total 46ms
D/Resources( 2082): updateConfiguration from skin change, clear preloaded drawables.
D/TAG     ( 2082): updateConfiguration() mMtkColorCache.size = 0
D/dalvikvm( 2082): open_cached_dex_file : /system/app/MediaUploader.apk /data/dalvik-cache/system@app@MediaUploader.apk@classes.dex
I/ActivityThread( 2082): Pub com.google.android.apps.uploader.PicasaUploadProvider: com.google.android.picasasync.PicasaContentProvider
D/ActivityThread( 2082): BIND_APPLICATION handled : 0 / AppBindData{appInfo=ApplicationInfo{410e7508 com.google.android.apps.uploader}}
D/ActivityThread( 2082): BDC-Calling onReceive: intent=Intent { act=android.net.conn.CONNECTIVITY_CHANGE flg=0x8000010 cmp=com.google.android.apps.uploader/com.google.android.picasasync.ConnectivityReceiver (has extras) }, ordered=true, receiver=com.google.android.picasasync.ConnectivityReceiver@4114da88
D/dalvikvm(  429): open_cached_dex_file : /system/app/MediaUploader.apk /data/dalvik-cache/system@app@MediaUploader.apk@classes.dex
D/ActivityManager(  429): SVC-Sent arguments: ServiceRecord{41a1fc58 com.google.android.apps.uploader/com.google.android.picasasync.ConnectivityReceiver$AsyncService}, app=ProcessRecord{42034468 2082:com.google.android.apps.uploader/u0a53}, args=Intent { cmp=com.google.android.apps.uploader/com.google.android.picasasync.ConnectivityReceiver$AsyncService }, flags=0
D/ActivityManager(  429): BDC-Finishing receiver: android.os.BinderProxy@416a6578
D/BroadcastQueue(  429): BDC-Delivered broadcast: Intent { act=android.intent.action.ANY_DATA_STATE_MOBILE flg=0x10 (has extras) }, ordered=true, filter=BroadcastFilter{41691098 ReceiverList{41691020 429 system/1000 local:41690ea8}}, receiver=android.app.LoadedApk$ReceiverDispatcher$InnerReceiver@41690ea8
D/ActivityThread(  429): BDC-Calling onReceive: intent=Intent { act=android.intent.action.ANY_DATA_STATE_MOBILE flg=0x10 (has extras) }, ordered=true, receiver=android.net.MobileDataStateTracker$MobileDataStateReceiver@4168e898, IIntentReceiver=41690ea8
D/MobileDataStateTracker(  429): MobileDataStateReceiver received: ACTION_ANY_DATA_CONNECTION_STATE_CHANGED_MOBILE [dm]
D/MobileDataStateTracker(  429): dm: Intent from SIM 1, current SIM 0, current DataState DISCONNECTED
D/TelephonyManager(  429): getDefaultSim is sim2
D/TelephonyManager(  429): getDefaultSim is sim2
D/ActivityThread( 2082): BDC-RECEIVER handled : 0 / ReceiverData{intent=Intent { act=android.net.conn.CONNECTIVITY_CHANGE flg=0x8000010 cmp=com.google.android.apps.uploader/com.google.android.picasasync.ConnectivityReceiver (has extras) } packageName=com.google.android.apps.uploader resultCode=0 resultData=null resultExtras=null}
D/ActivityThread( 2082): SVC-Creating service: CreateServiceData{token=android.os.BinderProxy@4114ee10 className=com.google.android.picasasync.ConnectivityReceiver$AsyncService packageName=com.google.android.apps.uploader intent=null}
D/dalvikvm( 2082): create interp thread : stack size=32KB
D/dalvikvm( 2082): create new thread
D/dalvikvm( 2082): new thread created
D/dalvikvm( 2082): update thread list
D/dalvikvm( 2082): threadid=11: interp stack at 0x51e4f000
D/dalvikvm( 2082): threadid=11: created from interp
D/dalvikvm( 2082): start new thread
D/dalvikvm( 2082): threadid=11: notify debugger
D/dalvikvm( 2082): threadid=11 (IntentService[PicasaSyncConnectivityAsync]): calling run()
D/ActivityThread( 2082): SVC-CREATE_SERVICE handled : 0 / CreateServiceData{token=android.os.BinderProxy@4114ee10 className=com.google.android.picasasync.ConnectivityReceiver$AsyncService packageName=com.google.android.apps.uploader intent=null}
D/ActivityThread( 2082): SVC-Calling onStartCommand: com.google.android.picasasync.ConnectivityReceiver$AsyncService@41150fe0, flags=0, startId=1
D/ActivityThread( 2082): SVC-SERVICE_ARGS handled : 0 / ServiceArgsData{token=android.os.BinderProxy@4114ee10 startId=1 args=Intent { cmp=com.google.android.apps.uploader/com.google.android.picasasync.ConnectivityReceiver$AsyncService }}
D/Resources(  595): updateConfiguration from skin change, clear preloaded drawables.
D/TAG     (  595): updateConfiguration() mMtkColorCache.size = 0
D/dalvikvm( 2082): GC_EXPLICIT freed 607K, 30% free 2465K/3507K, paused 2ms+21ms, total 52ms
D/dalvikvm( 2082): create interp thread : stack size=32KB
D/dalvikvm( 2082): create new thread
D/dalvikvm( 2082): new thread created
D/dalvikvm( 2082): update thread list
D/syncFirstFile2Bak( 2041): bak first store file... 
D/dalvikvm( 2082): threadid=12: interp stack at 0x52057000
D/dalvikvm( 2082): threadid=12: created from interp
D/dalvikvm( 2082): start new thread
D/dalvikvm( 2082): threadid=12: notify debugger
D/dalvikvm( 2082): threadid=12 (picasa-sync-manager): calling run()
D/Resources(  687): updateConfiguration from skin change, clear preloaded drawables.
D/TAG     (  687): updateConfiguration() mMtkColorCache.size = 0
D/Resources(  595): updateConfiguration from skin change, clear preloaded drawables.
D/TAG     (  595): updateConfiguration() mMtkColorCache.size = 0
D/dalvikvm( 2082): create interp thread : stack size=32KB
D/dalvikvm( 2082): create new thread
D/dalvikvm( 2082): new thread created
D/dalvikvm( 2082): update thread list
D/syncFirstFile2Bak( 2041): bak first store file... 
D/MobileDataStateTracker(  429): dm: dm setting isAvailable to true
D/MobileDataStateTracker(  429): dm: Received state=DISCONNECTED, old=DISCONNECTED, reason=nwTypeChanged
D/ActivityThread(  429): BDC-Calling finishReceiver: IIntentReceiver=41690ea8
D/ActivityManager(  429): BDC-Finishing receiver: android.app.LoadedApk$ReceiverDispatcher$InnerReceiver@41690ea8
D/BroadcastQueue(  429): BDC-Delivered broadcast: Intent { act=android.intent.action.ANY_DATA_STATE_MOBILE flg=0x10 (has extras) }, ordered=true, filter=BroadcastFilter{41691098 ReceiverList{41691020 429 system/1000 local:41690ea8}}, receiver=android.app.LoadedApk$ReceiverDispatcher$InnerReceiver@41690ea8
D/TelephonyRegistry(  429): Received ACTION_ANY_DATA_CONNECTION_STATE_CHANGED_MOBILE
V/ActivityManager(  429): Broadcast sticky: Intent { act=android.intent.action.ANY_DATA_STATE flg=0x10 (has extras) } ordered=false userid=0
D/ActivityThread(  429): BDC-Calling onReceive: intent=Intent { act=android.intent.action.ANY_DATA_STATE_MOBILE flg=0x10 (has extras) }, ordered=true, receiver=android.net.MobileDataStateTracker$MobileDataStateReceiver@4168e898, IIntentReceiver=41690ea8
D/MobileDataStateTracker(  429): MobileDataStateReceiver received: ACTION_ANY_DATA_CONNECTION_STATE_CHANGED_MOBILE [wap]
D/MobileDataStateTracker(  429): wap: Intent from SIM 1, current SIM 0, current DataState DISCONNECTED
