D/wpa_supplicant( 5159): wlan0: 13: 48:02:2a:45:ab:15 ssid='AP-Node-6' wpa_ie_len=0 rsn_ie_len=0 caps=0x401 level=-65
D/wpa_supplicant( 5159): wlan0:    skip - SSID mismatch
D/wpa_supplicant( 5159): wlan0: 14: 48:02:2a:41:04:50 ssid='AP-Node-4' wpa_ie_len=0 rsn_ie_len=0 caps=0x401 level=-66
D/wpa_supplicant( 5159): wlan0:    skip - SSID mismatch
D/wpa_supplicant( 5159): wlan0: 15: 48:02:2a:45:ad:4d ssid='AP-Node-7' wpa_ie_len=0 rsn_ie_len=0 caps=0x401 level=-69
D/wpa_supplicant( 5159): wlan0:    skip - SSID mismatch
D/wpa_supplicant( 5159): wlan0: 16: 48:02:2a:45:ae:f3 ssid='AP-Node-3' wpa_ie_len=0 rsn_ie_len=0 caps=0x401 level=-69
D/wpa_supplicant( 5159): wlan0:    skip - SSID mismatch
D/wpa_supplicant( 5159): wlan0: 17: 52:1a:a9:16:32:76 ssid='CMCC' wpa_ie_len=0 rsn_ie_len=0 caps=0x601 level=-79
D/wpa_supplicant( 5159): wlan0:    skip - SSID mismatch
D/wpa_supplicant( 5159): wlan0: 18: 48:02:2a:45:ad:0e ssid='AP-Node-5' wpa_ie_len=0 rsn_ie_len=0 caps=0x401 level=-79
D/wpa_supplicant( 5159): wlan0:    skip - SSID mismatch
D/wpa_supplicant( 5159): wlan0: Selecting BSS from priority group 12
D/wpa_supplicant( 5159): wlan0: 0: ec:88:8f:b9:bd:04 ssid='STS' wpa_ie_len=22 rsn_ie_len=20 caps=0x431 level=-48 wps
D/wpa_supplicant( 5159): wlan0:    skip - SSID mismatch
D/wpa_supplicant( 5159): wlan0: 1: ec:17:2f:7f:c2:30 ssid='TP-LINK_PocketAP' wpa_ie_len=22 rsn_ie_len=20 caps=0x431 level=-61
D/wpa_supplicant( 5159): wlan0:    skip - SSID mismatch
D/wpa_supplicant( 5159): wlan0: 2: 1c:bd:b9:8d:ab:4f ssid='WSN-cf' wpa_ie_len=26 rsn_ie_len=0 caps=0x431 level=-68
D/wpa_supplicant( 5159): wlan0:    skip - SSID mismatch
D/wpa_supplicant( 5159): wlan0: 3: 00:23:cd:48:da:5c ssid='chyileon' wpa_ie_len=26 rsn_ie_len=24 caps=0x431 level=-70
D/wpa_supplicant( 5159): wlan0:    skip - SSID mismatch
D/wpa_supplicant( 5159): wlan0: 4: 00:1e:8c:7e:1e:2d ssid='' wpa_ie_len=28 rsn_ie_len=24 caps=0x431 level=-71
D/wpa_supplicant( 5159): wlan0:    skip - SSID mismatch
D/wpa_supplicant( 5159): wlan0: 5: 14:cf:92:21:31:1b ssid='Z-AP' wpa_ie_len=0 rsn_ie_len=20 caps=0x431 level=-71
D/wpa_supplicant( 5159): wlan0:    skip - SSID mismatch
D/wpa_supplicant( 5159): wlan0: 6: b8:a3:86:4d:45:62 ssid='IHGroup' wpa_ie_len=26 rsn_ie_len=0 caps=0x431 level=-74
D/wpa_supplicant( 5159): wlan0:    skip - SSID mismatch
D/wpa_supplicant( 5159): wlan0: 7: 52:1a:a9:16:32:77 ssid='CMCC-AUTO' wpa_ie_len=0 rsn_ie_len=20 caps=0x611 level=-79
D/wpa_supplicant( 5159): wlan0:    skip - SSID mismatch
D/wpa_supplicant( 5159): wlan0: 8: 00:90:4c:60:00:2c ssid='shit' wpa_ie_len=24 rsn_ie_len=20 caps=0x411 level=-82
D/wpa_supplicant( 5159): wlan0:    skip - SSID mismatch
D/wpa_supplicant( 5159): wlan0: 9: 1c:fa:68:2d:cb:96 ssid='WSN-3F' wpa_ie_len=0 rsn_ie_len=20 caps=0x31 level=-82 wps
D/wpa_supplicant( 5159): wlan0:    skip - SSID mismatch
D/wpa_supplicant( 5159): wlan0: 10: ec:17:2f:69:0e:72 ssid='Diablo' wpa_ie_len=26 rsn_ie_len=24 caps=0x431 level=-84 wps
D/wpa_supplicant( 5159): wlan0:    skip - SSID mismatch
D/wpa_supplicant( 5159): wlan0: 11: 48:02:2a:45:ae:d3 ssid='AP-Node-9' wpa_ie_len=0 rsn_ie_len=0 caps=0x401 level=-58
D/wpa_supplicant( 5159): wlan0:    skip - SSID mismatch
D/wpa_supplicant( 5159): wlan0: 12: 48:02:2a:45:ad:70 ssid='AP-Node-2' wpa_ie_len=0 rsn_ie_len=0 caps=0x401 level=-65
D/wpa_supplicant( 5159): wlan0:    skip - SSID mismatch
D/wpa_supplicant( 5159): wlan0: 13: 48:02:2a:45:ab:15 ssid='AP-Node-6' wpa_ie_len=0 rsn_ie_len=0 caps=0x401 level=-65
D/wpa_supplicant( 5159): wlan0:    skip - SSID mismatch
D/wpa_supplicant( 5159): wlan0: 14: 48:02:2a:41:04:50 ssid='AP-Node-4' wpa_ie_len=0 rsn_ie_len=0 caps=0x401 level=-66
D/wpa_supplicant( 5159): wlan0:    skip - SSID mismatch
D/wpa_supplicant( 5159): wlan0: 15: 48:02:2a:45:ad:4d ssid='AP-Node-7' wpa_ie_len=0 rsn_ie_len=0 caps=0x401 level=-69
D/wpa_supplicant( 5159): wlan0:    skip - SSID mismatch
D/wpa_supplicant( 5159): wlan0: 16: 48:02:2a:45:ae:f3 ssid='AP-Node-3' wpa_ie_len=0 rsn_ie_len=0 caps=0x401 level=-69
D/wpa_supplicant( 5159): wlan0:    skip - SSID mismatch
D/wpa_supplicant( 5159): wlan0: 17: 52:1a:a9:16:32:76 ssid='CMCC' wpa_ie_len=0 rsn_ie_len=0 caps=0x601 level=-79
D/wpa_supplicant( 5159): wlan0:    skip - SSID mismatch
D/wpa_supplicant( 5159): wlan0: 18: 48:02:2a:45:ad:0e ssid='AP-Node-5' wpa_ie_len=0 rsn_ie_len=0 caps=0x401 level=-79
D/wpa_supplicant( 5159): wlan0:    skip - SSID mismatch
D/wpa_supplicant( 5159): wlan0: Selecting BSS from priority group 7
D/wpa_supplicant( 5159): wlan0: 0: ec:88:8f:b9:bd:04 ssid='STS' wpa_ie_len=22 rsn_ie_len=20 caps=0x431 level=-48 wps
D/wpa_supplicant( 5159): wlan0:    skip - SSID mismatch
D/wpa_supplicant( 5159): wlan0: 1: ec:17:2f:7f:c2:30 ssid='TP-LINK_PocketAP' wpa_ie_len=22 rsn_ie_len=20 caps=0x431 level=-61
D/wpa_supplicant( 5159): wlan0:    skip - SSID mismatch
D/wpa_supplicant( 5159): wlan0: 2: 1c:bd:b9:8d:ab:4f ssid='WSN-cf' wpa_ie_len=26 rsn_ie_len=0 caps=0x431 level=-68
D/wpa_supplicant( 5159): wlan0:    skip - SSID mismatch
D/wpa_supplicant( 5159): wlan0: 3: 00:23:cd:48:da:5c ssid='chyileon' wpa_ie_len=26 rsn_ie_len=24 caps=0x431 level=-70
D/wpa_supplicant( 5159): wlan0:    skip - SSID mismatch
D/wpa_supplicant( 5159): wlan0: 4: 00:1e:8c:7e:1e:2d ssid='' wpa_ie_len=28 rsn_ie_len=24 caps=0x431 level=-71
D/wpa_supplicant( 5159): wlan0:    skip - SSID mismatch
D/wpa_supplicant( 5159): wlan0: 5: 14:cf:92:21:31:1b ssid='Z-AP' wpa_ie_len=0 rsn_ie_len=20 caps=0x431 level=-71
D/wpa_supplicant( 5159): wlan0:    skip - SSID mismatch
D/wpa_supplicant( 5159): wlan0: 6: b8:a3:86:4d:45:62 ssid='IHGroup' wpa_ie_len=26 rsn_ie_len=0 caps=0x431 level=-74
D/wpa_supplicant( 5159): wlan0:    skip - SSID mismatch
D/wpa_supplicant( 5159): wlan0: 7: 52:1a:a9:16:32:77 ssid='CMCC-AUTO' wpa_ie_len=0 rsn_ie_len=20 caps=0x611 level=-79
D/wpa_supplicant( 5159): wlan0:    skip - SSID mismatch
D/wpa_supplicant( 5159): wlan0: 8: 00:90:4c:60:00:2c ssid='shit' wpa_ie_len=24 rsn_ie_len=20 caps=0x411 level=-82
D/wpa_supplicant( 5159): wlan0:    skip - SSID mismatch
D/wpa_supplicant( 5159): wlan0: 9: 1c:fa:68:2d:cb:96 ssid='WSN-3F' wpa_ie_len=0 rsn_ie_len=20 caps=0x31 level=-82 wps
D/wpa_supplicant( 5159): wlan0:    skip - SSID mismatch
D/wpa_supplicant( 5159): wlan0: 10: ec:17:2f:69:0e:72 ssid='Diablo' wpa_ie_len=26 rsn_ie_len=24 caps=0x431 level=-84 wps
D/wpa_supplicant( 5159): wlan0:    skip - SSID mismatch
D/wpa_supplicant( 5159): wlan0: 11: 48:02:2a:45:ae:d3 ssid='AP-Node-9' wpa_ie_len=0 rsn_ie_len=0 caps=0x401 level=-58
D/wpa_supplicant( 5159): wlan0:    skip - SSID mismatch
D/wpa_supplicant( 5159): wlan0: 12: 48:02:2a:45:ad:70 ssid='AP-Node-2' wpa_ie_len=0 rsn_ie_len=0 caps=0x401 level=-65
D/wpa_supplicant( 5159): wlan0:    skip - SSID mismatch
D/wpa_supplicant( 5159): wlan0: 13: 48:02:2a:45:ab:15 ssid='AP-Node-6' wpa_ie_len=0 rsn_ie_len=0 caps=0x401 level=-65
D/wpa_supplicant( 5159): wlan0:    skip - SSID mismatch
D/wpa_supplicant( 5159): wlan0: 14: 48:02:2a:41:04:50 ssid='AP-Node-4' wpa_ie_len=0 rsn_ie_len=0 caps=0x401 level=-66
D/wpa_supplicant( 5159): wlan0:    skip - SSID mismatch
D/wpa_supplicant( 5159): wlan0: 15: 48:02:2a:45:ad:4d ssid='AP-Node-7' wpa_ie_len=0 rsn_ie_len=0 caps=0x401 level=-69
D/wpa_supplicant( 5159): wlan0:    skip - SSID mismatch
D/wpa_supplicant( 5159): wlan0: 16: 48:02:2a:45:ae:f3 ssid='AP-Node-3' wpa_ie_len=0 rsn_ie_len=0 caps=0x401 level=-69
D/wpa_supplicant( 5159): wlan0:    skip - SSID mismatch
D/wpa_supplicant( 5159): wlan0: 17: 52:1a:a9:16:32:76 ssid='CMCC' wpa_ie_len=0 rsn_ie_len=0 caps=0x601 level=-79
D/wpa_supplicant( 5159): wlan0:    skip - SSID mismatch
D/wpa_supplicant( 5159): wlan0: 18: 48:02:2a:45:ad:0e ssid='AP-Node-5' wpa_ie_len=0 rsn_ie_len=0 caps=0x401 level=-79
D/wpa_supplicant( 5159): wlan0:    skip - SSID mismatch
D/wpa_supplicant( 5159): wlan0: Selecting BSS from priority group 6
D/wpa_supplicant( 5159): wlan0: 0: ec:88:8f:b9:bd:04 ssid='STS' wpa_ie_len=22 rsn_ie_len=20 caps=0x431 level=-48 wps
D/wpa_supplicant( 5159): wlan0:    skip - SSID mismatch
D/wpa_supplicant( 5159): wlan0: 1: ec:17:2f:7f:c2:30 ssid='TP-LINK_PocketAP' wpa_ie_len=22 rsn_ie_len=20 caps=0x431 level=-61
D/wpa_supplicant( 5159): wlan0:    skip - SSID mismatch
D/wpa_supplicant( 5159): wlan0: 2: 1c:bd:b9:8d:ab:4f ssid='WSN-cf' wpa_ie_len=26 rsn_ie_len=0 caps=0x431 level=-68
D/wpa_supplicant( 5159): wlan0:    skip - SSID mismatch
D/wpa_supplicant( 5159): wlan0: 3: 00:23:cd:48:da:5c ssid='chyileon' wpa_ie_len=26 rsn_ie_len=24 caps=0x431 level=-70
D/wpa_supplicant( 5159): wlan0:    skip - SSID mismatch
D/wpa_supplicant( 5159): wlan0: 4: 00:1e:8c:7e:1e:2d ssid='' wpa_ie_len=28 rsn_ie_len=24 caps=0x431 level=-71
D/wpa_supplicant( 5159): wlan0:    skip - SSID mismatch
D/wpa_supplicant( 5159): wlan0: 5: 14:cf:92:21:31:1b ssid='Z-AP' wpa_ie_len=0 rsn_ie_len=20 caps=0x431 level=-71
D/wpa_supplicant( 5159): wlan0:    skip - SSID mismatch
D/wpa_supplicant( 5159): wlan0: 6: b8:a3:86:4d:45:62 ssid='IHGroup' wpa_ie_len=26 rsn_ie_len=0 caps=0x431 level=-74
D/wpa_supplicant( 5159): wlan0:    skip - SSID mismatch
D/wpa_supplicant( 5159): wlan0: 7: 52:1a:a9:16:32:77 ssid='CMCC-AUTO' wpa_ie_len=0 rsn_ie_len=20 caps=0x611 level=-79
D/wpa_supplicant( 5159): wlan0:    skip - SSID mismatch
D/wpa_supplicant( 5159): wlan0: 8: 00:90:4c:60:00:2c ssid='shit' wpa_ie_len=24 rsn_ie_len=20 caps=0x411 level=-82
D/wpa_supplicant( 5159): wlan0:    skip - SSID mismatch
D/wpa_supplicant( 5159): wlan0: 9: 1c:fa:68:2d:cb:96 ssid='WSN-3F' wpa_ie_len=0 rsn_ie_len=20 caps=0x31 level=-82 wps
D/wpa_supplicant( 5159): wlan0:    skip - SSID mismatch
D/wpa_supplicant( 5159): wlan0: 10: ec:17:2f:69:0e:72 ssid='Diablo' wpa_ie_len=26 rsn_ie_len=24 caps=0x431 level=-84 wps
D/wpa_supplicant( 5159): wlan0:    skip - SSID mismatch
D/wpa_supplicant( 5159): wlan0: 11: 48:02:2a:45:ae:d3 ssid='AP-Node-9' wpa_ie_len=0 rsn_ie_len=0 caps=0x401 level=-58
D/wpa_supplicant( 5159): wlan0:    skip - SSID mismatch
D/wpa_supplicant( 5159): wlan0: 12: 48:02:2a:45:ad:70 ssid='AP-Node-2' wpa_ie_len=0 rsn_ie_len=0 caps=0x401 level=-65
D/wpa_supplicant( 5159): wlan0:    skip - SSID mismatch
D/wpa_supplicant( 5159): wlan0: 13: 48:02:2a:45:ab:15 ssid='AP-Node-6' wpa_ie_len=0 rsn_ie_len=0 caps=0x401 level=-65
D/wpa_supplicant( 5159): wlan0:    skip - SSID mismatch
D/wpa_supplicant( 5159): wlan0: 14: 48:02:2a:41:04:50 ssid='AP-Node-4' wpa_ie_len=0 rsn_ie_len=0 caps=0x401 level=-66
D/wpa_supplicant( 5159): wlan0:    skip - SSID mismatch
D/wpa_supplicant( 5159): wlan0: 15: 48:02:2a:45:ad:4d ssid='AP-Node-7' wpa_ie_len=0 rsn_ie_len=0 caps=0x401 level=-69
D/wpa_supplicant( 5159): wlan0:    skip - SSID mismatch
D/wpa_supplicant( 5159): wlan0: 16: 48:02:2a:45:ae:f3 ssid='AP-Node-3' wpa_ie_len=0 rsn_ie_len=0 caps=0x401 level=-69
D/wpa_supplicant( 5159): wlan0:    skip - SSID mismatch
D/wpa_supplicant( 5159): wlan0: 17: 52:1a:a9:16:32:76 ssid='CMCC' wpa_ie_len=0 rsn_ie_len=0 caps=0x601 level=-79
D/wpa_supplicant( 5159): wlan0:    skip - SSID mismatch
D/wpa_supplicant( 5159): wlan0: 18: 48:02:2a:45:ad:0e ssid='AP-Node-5' wpa_ie_len=0 rsn_ie_len=0 caps=0x401 level=-79
D/wpa_supplicant( 5159): wlan0:    skip - SSID mismatch
D/wpa_supplicant( 5159): wlan0: Selecting BSS from priority group 5
D/wpa_supplicant( 5159): wlan0: 0: ec:88:8f:b9:bd:04 ssid='STS' wpa_ie_len=22 rsn_ie_len=20 caps=0x431 level=-48 wps
D/wpa_supplicant( 5159): wlan0:    skip - SSID mismatch
D/wpa_supplicant( 5159): wlan0: 1: ec:17:2f:7f:c2:30 ssid='TP-LINK_PocketAP' wpa_ie_len=22 rsn_ie_len=20 caps=0x431 level=-61
D/wpa_supplicant( 5159): wlan0:    skip - SSID mismatch
D/wpa_supplicant( 5159): wlan0: 2: 1c:bd:b9:8d:ab:4f ssid='WSN-cf' wpa_ie_len=26 rsn_ie_len=0 caps=0x431 level=-68
D/wpa_supplicant( 5159): wlan0:    skip - SSID mismatch
D/wpa_supplicant( 5159): wlan0: 3: 00:23:cd:48:da:5c ssid='chyileon' wpa_ie_len=26 rsn_ie_len=24 caps=0x431 level=-70
D/wpa_supplicant( 5159): wlan0:    skip - SSID mismatch
D/wpa_supplicant( 5159): wlan0: 4: 00:1e:8c:7e:1e:2d ssid='' wpa_ie_len=28 rsn_ie_len=24 caps=0x431 level=-71
D/wpa_supplicant( 5159): wlan0:    skip - SSID mismatch
D/wpa_supplicant( 5159): wlan0: 5: 14:cf:92:21:31:1b ssid='Z-AP' wpa_ie_len=0 rsn_ie_len=20 caps=0x431 level=-71
D/wpa_supplicant( 5159): wlan0:    skip - SSID mismatch
D/wpa_supplicant( 5159): wlan0: 6: b8:a3:86:4d:45:62 ssid='IHGroup' wpa_ie_len=26 rsn_ie_len=0 caps=0x431 level=-74
D/wpa_supplicant( 5159): wlan0:    skip - SSID mismatch
D/wpa_supplicant( 5159): wlan0: 7: 52:1a:a9:16:32:77 ssid='CMCC-AUTO' wpa_ie_len=0 rsn_ie_len=20 caps=0x611 level=-79
D/wpa_supplicant( 5159): wlan0:    skip - SSID mismatch
D/wpa_supplicant( 5159): wlan0: 8: 00:90:4c:60:00:2c ssid='shit' wpa_ie_len=24 rsn_ie_len=20 caps=0x411 level=-82
D/wpa_supplicant( 5159): wlan0:    skip - SSID mismatch
D/wpa_supplicant( 5159): wlan0: 9: 1c:fa:68:2d:cb:96 ssid='WSN-3F' wpa_ie_len=0 rsn_ie_len=20 caps=0x31 level=-82 wps
D/wpa_supplicant( 5159): wlan0:    skip - SSID mismatch
D/wpa_supplicant( 5159): wlan0: 10: ec:17:2f:69:0e:72 ssid='Diablo' wpa_ie_len=26 rsn_ie_len=24 caps=0x431 level=-84 wps
D/wpa_supplicant( 5159): wlan0:    skip - SSID mismatch
D/wpa_supplicant( 5159): wlan0: 11: 48:02:2a:45:ae:d3 ssid='AP-Node-9' wpa_ie_len=0 rsn_ie_len=0 caps=0x401 level=-58
D/wpa_supplicant( 5159): wlan0:    skip - SSID mismatch
D/wpa_supplicant( 5159): wlan0: 12: 48:02:2a:45:ad:70 ssid='AP-Node-2' wpa_ie_len=0 rsn_ie_len=0 caps=0x401 level=-65
D/wpa_supplicant( 5159): wlan0:    skip - SSID mismatch
D/wpa_supplicant( 5159): wlan0: 13: 48:02:2a:45:ab:15 ssid='AP-Node-6' wpa_ie_len=0 rsn_ie_len=0 caps=0x401 level=-65
D/wpa_supplicant( 5159): wlan0:    skip - SSID mismatch
D/wpa_supplicant( 5159): wlan0: 14: 48:02:2a:41:04:50 ssid='AP-Node-4' wpa_ie_len=0 rsn_ie_len=0 caps=0x401 level=-66
D/wpa_supplicant( 5159): wlan0:    skip - SSID mismatch
D/wpa_supplicant( 5159): wlan0: 15: 48:02:2a:45:ad:4d ssid='AP-Node-7' wpa_ie_len=0 rsn_ie_len=0 caps=0x401 level=-69
D/wpa_supplicant( 5159): wlan0:    skip - SSID mismatch
D/wpa_supplicant( 5159): wlan0: 16: 48:02:2a:45:ae:f3 ssid='AP-Node-3' wpa_ie_len=0 rsn_ie_len=0 caps=0x401 level=-69
D/wpa_supplicant( 5159): wlan0:    skip - SSID mismatch
D/wpa_supplicant( 5159): wlan0: 17: 52:1a:a9:16:32:76 ssid='CMCC' wpa_ie_len=0 rsn_ie_len=0 caps=0x601 level=-79
D/wpa_supplicant( 5159): wlan0:    skip - SSID mismatch
D/wpa_supplicant( 5159): wlan0: 18: 48:02:2a:45:ad:0e ssid='AP-Node-5' wpa_ie_len=0 rsn_ie_len=0 caps=0x401 level=-79
D/wpa_supplicant( 5159): wlan0:    skip - SSID mismatch
D/wpa_supplicant( 5159): wlan0: Selecting BSS from priority group 2
D/wpa_supplicant( 5159): wlan0: 0: ec:88:8f:b9:bd:04 ssid='STS' wpa_ie_len=22 rsn_ie_len=20 caps=0x431 level=-48 wps
D/wpa_supplicant( 5159): wlan0:    skip - SSID mismatch
D/wpa_supplicant( 5159): wlan0: 1: ec:17:2f:7f:c2:30 ssid='TP-LINK_PocketAP' wpa_ie_len=22 rsn_ie_len=20 caps=0x431 level=-61
D/wpa_supplicant( 5159): wlan0:    skip - SSID mismatch
D/wpa_supplicant( 5159): wlan0: 2: 1c:bd:b9:8d:ab:4f ssid='WSN-cf' wpa_ie_len=26 rsn_ie_len=0 caps=0x431 level=-68
D/wpa_supplicant( 5159): wlan0:    skip - SSID mismatch
D/wpa_supplicant( 5159): wlan0: 3: 00:23:cd:48:da:5c ssid='chyileon' wpa_ie_len=26 rsn_ie_len=24 caps=0x431 level=-70
D/wpa_supplicant( 5159): wlan0:    skip - SSID mismatch
D/wpa_supplicant( 5159): wlan0: 4: 00:1e:8c:7e:1e:2d ssid='' wpa_ie_len=28 rsn_ie_len=24 caps=0x431 level=-71
D/wpa_supplicant( 5159): wlan0:    skip - SSID mismatch
D/wpa_supplicant( 5159): wlan0: 5: 14:cf:92:21:31:1b ssid='Z-AP' wpa_ie_len=0 rsn_ie_len=20 caps=0x431 level=-71
D/wpa_supplicant( 5159): wlan0:    skip - SSID mismatch
D/wpa_supplicant( 5159): wlan0: 6: b8:a3:86:4d:45:62 ssid='IHGroup' wpa_ie_len=26 rsn_ie_len=0 caps=0x431 level=-74
D/wpa_supplicant( 5159): wlan0:    skip - SSID mismatch
D/wpa_supplicant( 5159): wlan0: 7: 52:1a:a9:16:32:77 ssid='CMCC-AUTO' wpa_ie_len=0 rsn_ie_len=20 caps=0x611 level=-79
D/wpa_supplicant( 5159): wlan0:    skip - SSID mismatch
D/wpa_supplicant( 5159): wlan0: 8: 00:90:4c:60:00:2c ssid='shit' wpa_ie_len=24 rsn_ie_len=20 caps=0x411 level=-82
D/wpa_supplicant( 5159): wlan0:    skip - SSID mismatch
D/wpa_supplicant( 5159): wlan0: 9: 1c:fa:68:2d:cb:96 ssid='WSN-3F' wpa_ie_len=0 rsn_ie_len=20 caps=0x31 level=-82 wps
D/wpa_supplicant( 5159): wlan0:    skip - SSID mismatch
D/wpa_supplicant( 5159): wlan0: 10: ec:17:2f:69:0e:72 ssid='Diablo' wpa_ie_len=26 rsn_ie_len=24 caps=0x431 level=-84 wps
D/wpa_supplicant( 5159): wlan0:    skip - SSID mismatch
D/wpa_supplicant( 5159): wlan0: 11: 48:02:2a:45:ae:d3 ssid='AP-Node-9' wpa_ie_len=0 rsn_ie_len=0 caps=0x401 level=-58
D/wpa_supplicant( 5159): wlan0:    skip - SSID mismatch
D/wpa_supplicant( 5159): wlan0: 12: 48:02:2a:45:ad:70 ssid='AP-Node-2' wpa_ie_len=0 rsn_ie_len=0 caps=0x401 level=-65
D/wpa_supplicant( 5159): wlan0:    skip - SSID mismatch
D/wpa_supplicant( 5159): wlan0: 13: 48:02:2a:45:ab:15 ssid='AP-Node-6' wpa_ie_len=0 rsn_ie_len=0 caps=0x401 level=-65
D/wpa_supplicant( 5159): wlan0:    skip - SSID mismatch
D/wpa_supplicant( 5159): wlan0: 14: 48:02:2a:41:04:50 ssid='AP-Node-4' wpa_ie_len=0 rsn_ie_len=0 caps=0x401 level=-66
D/wpa_supplicant( 5159): wlan0:    skip - SSID mismatch
D/wpa_supplicant( 5159): wlan0: 15: 48:02:2a:45:ad:4d ssid='AP-Node-7' wpa_ie_len=0 rsn_ie_len=0 caps=0x401 level=-69
D/wpa_supplicant( 5159): wlan0:    skip - SSID mismatch
D/wpa_supplicant( 5159): wlan0: 16: 48:02:2a:45:ae:f3 ssid='AP-Node-3' wpa_ie_len=0 rsn_ie_len=0 caps=0x401 level=-69
D/wpa_supplicant( 5159): wlan0:    skip - SSID mismatch
D/wpa_supplicant( 5159): wlan0: 17: 52:1a:a9:16:32:76 ssid='CMCC' wpa_ie_len=0 rsn_ie_len=0 caps=0x601 level=-79
D/wpa_supplicant( 5159): wlan0:    skip - SSID mismatch
D/wpa_supplicant( 5159): wlan0: 18: 48:02:2a:45:ad:0e ssid='AP-Node-5' wpa_ie_len=0 rsn_ie_len=0 caps=0x401 level=-79
D/wpa_supplicant( 5159): wlan0:    skip - SSID mismatch
D/wpa_supplicant( 5159): wlan0: Selecting BSS from priority group 1
D/wpa_supplicant( 5159): wlan0: 0: ec:88:8f:b9:bd:04 ssid='STS' wpa_ie_len=22 rsn_ie_len=20 caps=0x431 level=-48 wps
D/wpa_supplicant( 5159): wlan0:    skip - SSID mismatch
D/wpa_supplicant( 5159): wlan0: 1: ec:17:2f:7f:c2:30 ssid='TP-LINK_PocketAP' wpa_ie_len=22 rsn_ie_len=20 caps=0x431 level=-61
D/wpa_supplicant( 5159): wlan0:    skip - SSID mismatch
D/wpa_supplicant( 5159): wlan0: 2: 1c:bd:b9:8d:ab:4f ssid='WSN-cf' wpa_ie_len=26 rsn_ie_len=0 caps=0x431 level=-68
D/wpa_supplicant( 5159): wlan0:    skip - SSID mismatch
D/wpa_supplicant( 5159): wlan0: 3: 00:23:cd:48:da:5c ssid='chyileon' wpa_ie_len=26 rsn_ie_len=24 caps=0x431 level=-70
D/wpa_supplicant( 5159): wlan0:    skip - SSID mismatch
D/wpa_supplicant( 5159): wlan0: 4: 00:1e:8c:7e:1e:2d ssid='' wpa_ie_len=28 rsn_ie_len=24 caps=0x431 level=-71
D/wpa_supplicant( 5159): wlan0:    skip - SSID mismatch
D/wpa_supplicant( 5159): wlan0: 5: 14:cf:92:21:31:1b ssid='Z-AP' wpa_ie_len=0 rsn_ie_len=20 caps=0x431 level=-71
D/wpa_supplicant( 5159): wlan0:    skip - SSID mismatch
D/wpa_supplicant( 5159): wlan0: 6: b8:a3:86:4d:45:62 ssid='IHGroup' wpa_ie_len=26 rsn_ie_len=0 caps=0x431 level=-74
D/wpa_supplicant( 5159): wlan0:    skip - SSID mismatch
D/wpa_supplicant( 5159): wlan0: 7: 52:1a:a9:16:32:77 ssid='CMCC-AUTO' wpa_ie_len=0 rsn_ie_len=20 caps=0x611 level=-79
D/wpa_supplicant( 5159): wlan0:    skip - SSID mismatch
D/wpa_supplicant( 5159): wlan0: 8: 00:90:4c:60:00:2c ssid='shit' wpa_ie_len=24 rsn_ie_len=20 caps=0x411 level=-82
D/wpa_supplicant( 5159): wlan0:    skip - SSID mismatch
D/wpa_supplicant( 5159): wlan0: 9: 1c:fa:68:2d:cb:96 ssid='WSN-3F' wpa_ie_len=0 rsn_ie_len=20 caps=0x31 level=-82 wps
D/wpa_supplicant( 5159): wlan0:    skip - SSID mismatch
D/wpa_supplicant( 5159): wlan0: 10: ec:17:2f:69:0e:72 ssid='Diablo' wpa_ie_len=26 rsn_ie_len=24 caps=0x431 level=-84 wps
D/wpa_supplicant( 5159): wlan0:    skip - SSID mismatch
D/wpa_supplicant( 5159): wlan0: 11: 48:02:2a:45:ae:d3 ssid='AP-Node-9' wpa_ie_len=0 rsn_ie_len=0 caps=0x401 level=-58
D/wpa_supplicant( 5159): wlan0:    skip - SSID mismatch
D/wpa_supplicant( 5159): wlan0: 12: 48:02:2a:45:ad:70 ssid='AP-Node-2' wpa_ie_len=0 rsn_ie_len=0 caps=0x401 level=-65
D/wpa_supplicant( 5159): wlan0:    skip - SSID mismatch
D/wpa_supplicant( 5159): wlan0: 13: 48:02:2a:45:ab:15 ssid='AP-Node-6' wpa_ie_len=0 rsn_ie_len=0 caps=0x401 level=-65
D/wpa_supplicant( 5159): wlan0:    skip - SSID mismatch
D/wpa_supplicant( 5159): wlan0: 14: 48:02:2a:41:04:50 ssid='AP-Node-4' wpa_ie_len=0 rsn_ie_len=0 caps=0x401 level=-66
D/wpa_supplicant( 5159): wlan0:    skip - SSID mismatch
D/wpa_supplicant( 5159): wlan0: 15: 48:02:2a:45:ad:4d ssid='AP-Node-7' wpa_ie_len=0 rsn_ie_len=0 caps=0x401 level=-69
D/wpa_supplicant( 5159): wlan0:    skip - SSID mismatch
D/wpa_supplicant( 5159): wlan0: 16: 48:02:2a:45:ae:f3 ssid='AP-Node-3' wpa_ie_len=0 rsn_ie_len=0 caps=0x401 level=-69
D/wpa_supplicant( 5159): wlan0:    skip - SSID mismatch
D/wpa_supplicant( 5159): wlan0: 17: 52:1a:a9:16:32:76 ssid='CMCC' wpa_ie_len=0 rsn_ie_len=0 caps=0x601 level=-79
D/wpa_supplicant( 5159): wlan0:    skip - SSID mismatch
D/wpa_supplicant( 5159): wlan0: 18: 48:02:2a:45:ad:0e ssid='AP-Node-5' wpa_ie_len=0 rsn_ie_len=0 caps=0x401 level=-79
D/wpa_supplicant( 5159): wlan0:    skip - SSID mismatch
D/wpa_supplicant( 5159): wlan0: Selecting BSS from priority group 0
D/wpa_supplicant( 5159): wlan0: 0: ec:88:8f:b9:bd:04 ssid='STS' wpa_ie_len=22 rsn_ie_len=20 caps=0x431 level=-48 wps
D/wpa_supplicant( 5159): wlan0:    skip - disabled
D/wpa_supplicant( 5159): wlan0: 1: ec:17:2f:7f:c2:30 ssid='TP-LINK_PocketAP' wpa_ie_len=22 rsn_ie_len=20 caps=0x431 level=-61
D/wpa_supplicant( 5159): wlan0:    skip - disabled
D/wpa_supplicant( 5159): wlan0: 2: 1c:bd:b9:8d:ab:4f ssid='WSN-cf' wpa_ie_len=26 rsn_ie_len=0 caps=0x431 level=-68
D/wpa_supplicant( 5159): wlan0:    skip - disabled
D/wpa_supplicant( 5159): wlan0: 3: 00:23:cd:48:da:5c ssid='chyileon' wpa_ie_len=26 rsn_ie_len=24 caps=0x431 level=-70
D/wpa_supplicant( 5159): wlan0:    skip - disabled
D/wpa_supplicant( 5159): wlan0: 4: 00:1e:8c:7e:1e:2d ssid='' wpa_ie_len=28 rsn_ie_len=24 caps=0x431 level=-71
D/wpa_supplicant( 5159): wlan0:    skip - disabled
D/wpa_supplicant( 5159): wlan0: 5: 14:cf:92:21:31:1b ssid='Z-AP' wpa_ie_len=0 rsn_ie_len=20 caps=0x431 level=-71
D/wpa_supplicant( 5159): wlan0:    skip - disabled
D/wpa_supplicant( 5159): wlan0: 6: b8:a3:86:4d:45:62 ssid='IHGroup' wpa_ie_len=26 rsn_ie_len=0 caps=0x431 level=-74
D/wpa_supplicant( 5159): wlan0:    skip - disabled
D/wpa_supplicant( 5159): wlan0: 7: 52:1a:a9:16:32:77 ssid='CMCC-AUTO' wpa_ie_len=0 rsn_ie_len=20 caps=0x611 level=-79
D/wpa_supplicant( 5159): wlan0:    skip - disabled
D/wpa_supplicant( 5159): wlan0: 8: 00:90:4c:60:00:2c ssid='shit' wpa_ie_len=24 rsn_ie_len=20 caps=0x411 level=-82
D/wpa_supplicant( 5159): wlan0:    skip - disabled
D/wpa_supplicant( 5159): wlan0: 9: 1c:fa:68:2d:cb:96 ssid='WSN-3F' wpa_ie_len=0 rsn_ie_len=20 caps=0x31 level=-82 wps
D/wpa_supplicant( 5159): wlan0:    skip - disabled
D/wpa_supplicant( 5159): wlan0: 10: ec:17:2f:69:0e:72 ssid='Diablo' wpa_ie_len=26 rsn_ie_len=24 caps=0x431 level=-84 wps
D/wpa_supplicant( 5159): wlan0:    skip - disabled
D/wpa_supplicant( 5159): wlan0: 11: 48:02:2a:45:ae:d3 ssid='AP-Node-9' wpa_ie_len=0 rsn_ie_len=0 caps=0x401 level=-58
D/wpa_supplicant( 5159): wlan0:    skip - disabled
D/wpa_supplicant( 5159): wlan0: 12: 48:02:2a:45:ad:70 ssid='AP-Node-2' wpa_ie_len=0 rsn_ie_len=0 caps=0x401 level=-65
D/wpa_supplicant( 5159): wlan0:    skip - disabled
D/wpa_supplicant( 5159): wlan0: 13: 48:02:2a:45:ab:15 ssid='AP-Node-6' wpa_ie_len=0 rsn_ie_len=0 caps=0x401 level=-65
D/wpa_supplicant( 5159): wlan0:    skip - disabled
D/wpa_supplicant( 5159): wlan0: 14: 48:02:2a:41:04:50 ssid='AP-Node-4' wpa_ie_len=0 rsn_ie_len=0 caps=0x401 level=-66
D/wpa_supplicant( 5159): wlan0:    skip - disabled
D/wpa_supplicant( 5159): wlan0: 15: 48:02:2a:45:ad:4d ssid='AP-Node-7' wpa_ie_len=0 rsn_ie_len=0 caps=0x401 level=-69
D/wpa_supplicant( 5159): wlan0:    skip - disabled
D/wpa_supplicant( 5159): wlan0: 16: 48:02:2a:45:ae:f3 ssid='AP-Node-3' wpa_ie_len=0 rsn_ie_len=0 caps=0x401 level=-69
D/wpa_supplicant( 5159): wlan0:    skip - disabled
D/wpa_supplicant( 5159): wlan0: 17: 52:1a:a9:16:32:76 ssid='CMCC' wpa_ie_len=0 rsn_ie_len=0 caps=0x601 level=-79
D/wpa_supplicant( 5159): wlan0:    skip - disabled
D/wpa_supplicant( 5159): wlan0: 18: 48:02:2a:45:ad:0e ssid='AP-Node-5' wpa_ie_len=0 rsn_ie_len=0 caps=0x401 level=-79
D/wpa_supplicant( 5159): wlan0:    skip - disabled
D/wpa_supplicant( 5159): wlan0: No suitable network found
D/wpa_supplicant( 5159): wlan0: Setting scan request: 15 sec 0 usec
D/wpa_supplicant( 5159): wlan0: Checking for other virtual interfaces sharing same radio (phy0) in event_scan_results
D/WifiCommon( 5082): [wlan0]GET "CTRL-EVENT-BSS-REMOVED 103 40:16:9f:7e:fc:b4"
D/WifiCommon( 5082): [wlan0]GET "CTRL-EVENT-SCAN-RESULTS "
D/WifiCommon( 5082): [wlan0]GET "WPS-AP-AVAILABLE "
D/StateMachine( 5082): handleMessage: E msg.what=147461
D/StateMachine( 5082): processMsg: DisconnectedState
D/WifiStateMachine( 5082): DisconnectedState{ what=147461 when=0 target=Handler (com.android.internal.util.StateMachine$SmHandler) {416971f8} }
D/StateMachine( 5082): processMsg: ConnectModeState
D/WifiStateMachine( 5082): ConnectModeState{ what=147461 when=-1ms target=Handler (com.android.internal.util.StateMachine$SmHandler) {416971f8} }
D/WifiNative-wlan0( 5082): doBoolean: AP_SCAN 1
D/NetdConnector( 5082): RCV <- {600 Iface linkstate wlan0 down}
D/Tethering( 5082): interfaceLinkStateChanged wlan0, false
D/Tethering( 5082): interfaceStatusChanged wlan0, false
D/wpa_supplicant( 5159): RTM_NEWLINK: operstate=0 ifi_flags=0x1003 ([UP])
D/wpa_supplicant( 5159): RTM_NEWLINK, IFLA_IFNAME: Interface 'wlan0' added
D/wpa_supplicant( 5159): wlan0: Event INTERFACE_STATUS (5) received
D/wpa_supplicant( 5159): wpa_s 0x403906e8 cmd AP_SCAN 1
D/WifiCommon( 5082): [wlan0]SET "AP_SCAN 1"
D/StateMachine( 5082): processMsg: DriverStartedState
D/WifiStateMachine( 5082): DriverStartedState{ what=147461 when=-6ms target=Handler (com.android.internal.util.StateMachine$SmHandler) {416971f8} }
D/StateMachine( 5082): processMsg: SupplicantStartedState
D/WifiStateMachine( 5082): SupplicantStartedState{ what=147461 when=-6ms target=Handler (com.android.internal.util.StateMachine$SmHandler) {416971f8} }
D/WifiNative-wlan0( 5082): doString: SCAN_RESULTS
D/wpa_supplicant( 5159): wpa_s 0x403906e8 cmd SCAN_RESULTS
D/WifiCommon( 5082): [wlan0]SET "SCAN_RESULTS"
I/wifi    ( 5082): bssid / frequency / signal level / flags / ssid
I/wifi    ( 5082): ec:88:8f:b9:bd:04	2427	-48	[WPA-PSK-CCMP][WPA2-PSK-CCMP][WPS][ESS]	STS
I/wifi    ( 5082): 1c:bd:b9:8d:ab:4f	2437	-68	[WPA-PSK-TKIP+CCMP][ESS]	WSN-cf
I/wifi    ( 5082): 00:23:cd:48:da:5c	2442	-70	[WPA-PSK-TKIP+CCMP][WPA2-PSK-TKIP+CCMP-preauth][ESS]	chyileon
I/wifi    ( 5082): ec:17:2f:7f:c2:30	2412	-61	[WPA-PSK-CCMP][WPA2-PSK-CCMP][ESS]	TP-LINK_PocketAP
I/wifi    ( 5082): 00:90:4c:60:00:2c	2437	-82	[WPA-PSK-TKIP][WPA2-PSK-TKIP][ESS]	shit
I/wifi    ( 5082): 48:02:2a:45:ae:d3	2462	-58	[ESS]	AP-Node-9
I/wifi    ( 5082): 48:02:2a:41:04:50	2462	-66	[ESS]	AP-Node-4
I/wifi    ( 5082): 48:02:2a:45:ad:70	2462	-65	[ESS]	AP-Node-2
I/wifi    ( 5082): 48:02:2a:45:ae:f3	2462	-69	[ESS]	AP-Node-3
I/wifi    ( 5082): 48:02:2a:45:ad:4d	2462	-69	[ESS]	AP-Node-7
I/wifi    ( 5082): 48:02:2a:45:ab:15	2462	-65	[ESS]	AP-Node-6
I/wifi    ( 5082): 48:02:2a:45:ad:0e	2462	-79	[ESS]	AP-Node-5
I/wifi    ( 5082): 52:1a:a9:16:32:77	2437	-79	[WPA2-EAP-CCMP][ESS]	CMCC-AUTO
I/wifi    ( 5082): 52:1a:a9:16:32:76	2437	-79	[ESS]	CMCC
I/wifi    ( 5082): b8:a3:86:4d:45:62	2412	-74	[WPA-PSK-TKIP+CCMP][ESS]	IHGroup
I/wifi    ( 5082): 14:cf:92:21:31:1b	2412	-71	[WPA2-PSK-CCMP][ESS]	Z-AP
I/wifi    ( 5082): 1c:fa:68:2d:cb:96	2437	-82	[WPA2-PSK-CCMP][WPS][ESS]	WSN-3F
I/wifi    ( 5082): ec:17:2f:69:0e:72	2412	-84	[WPA-PSK-TKIP+CCMP][WPA2-PSK-TKIP+CCMP][WPS][ESS]	Diablo
I/wifi    ( 5082): 00:1e:8c:7e:1e:2d	2462	-71	[WPA-PSK-TKIP+CCMP][WPA2-PSK-TKIP+CCMP][ESS]	
I/wifi    ( 5082): 00:0f:11:35:06:6e	2462	-84	[ESS]	AP-Node-1
I/wifi    ( 5082): 84:c9:b2:a7:f7:38	2462	-90	[WPA-PSK-CCMP][WPA2-PSK-CCMP][WPS][ESS]	EYUN002
V/ActivityManager( 5082): Broadcast: Intent { act=android.net.wifi.SCAN_RESULTS flg=0x8000010 } ordered=false userid=0
D/StateMachine( 5082): handleMessage: X
D/StateMachine( 5082): handleMessage: E msg.what=131131
D/StateMachine( 5082): processMsg: DisconnectedState
D/WifiStateMachine( 5082): DisconnectedState{ what=131131 when=-3ms target=Handler (com.android.internal.util.StateMachine$SmHandler) {416971f8} }
D/StateMachine( 5082): processMsg: ConnectModeState
D/WifiStateMachine( 5082): ConnectModeState{ what=131131 when=-5ms target=Handler (com.android.internal.util.StateMachine$SmHandler) {416971f8} }
D/StateMachine( 5082): processMsg: DriverStartedState
D/WifiStateMachine( 5082): DriverStartedState{ what=131131 when=-7ms target=Handler (com.android.internal.util.StateMachine$SmHandler) {416971f8} }
D/StateMachine( 5082): processMsg: SupplicantStartedState
D/WifiStateMachine( 5082): SupplicantStartedState{ what=131131 when=-8ms target=Handler (com.android.internal.util.StateMachine$SmHandler) {416971f8} }
D/StateMachine( 5082): handleMessage: X
D/StateMachine( 5082): handleMessage: E msg.what=131241
D/StateMachine( 5082): processMsg: DisconnectedState
D/WifiStateMachine( 5082): DisconnectedState{ what=131241 when=-1ms target=Handler (com.android.internal.util.StateMachine$SmHandler) {416971f8} }
D/StateMachine( 5082): processMsg: ConnectModeState
D/WifiStateMachine( 5082): ConnectModeState{ what=131241 when=-3ms target=Handler (com.android.internal.util.StateMachine$SmHandler) {416971f8} }
D/StateMachine( 5082): processMsg: DriverStartedState
D/WifiStateMachine( 5082): DriverStartedState{ what=131241 when=-4ms target=Handler (com.android.internal.util.StateMachine$SmHandler) {416971f8} }
D/StateMachine( 5082): processMsg: SupplicantStartedState
D/WifiStateMachine( 5082): SupplicantStartedState{ what=131241 when=-5ms target=Handler (com.android.internal.util.StateMachine$SmHandler) {416971f8} }
D/WifiNative-wlan0( 5082): doString: LIST_NETWORKS
D/wpa_supplicant( 5159): wpa_s 0x403906e8 cmd LIST_NETWORKS
D/WifiCommon( 5082): [wlan0]SET "LIST_NETWORKS"
D/StateMachine( 5082): handleMessage: X
D/StateMachine( 5082): handleMessage: E msg.what=131131
D/StateMachine( 5082): processMsg: DisconnectedState
D/WifiStateMachine( 5082): DisconnectedState{ what=131131 when=-1ms target=Handler (com.android.internal.util.StateMachine$SmHandler) {416971f8} }
D/StateMachine( 5082): processMsg: ConnectModeState
D/WifiStateMachine( 5082): ConnectModeState{ what=131131 when=-2ms target=Handler (com.android.internal.util.StateMachine$SmHandler) {416971f8} }
D/StateMachine( 5082): processMsg: DriverStartedState
D/WifiStateMachine( 5082): DriverStartedState{ what=131131 when=-3ms target=Handler (com.android.internal.util.StateMachine$SmHandler) {416971f8} }
D/StateMachine( 5082): processMsg: SupplicantStartedState
D/WifiStateMachine( 5082): SupplicantStartedState{ what=131131 when=-5ms target=Handler (com.android.internal.util.StateMachine$SmHandler) {416971f8} }
I/WifiService( 5082): Open network num:9
D/WifiService( 5082): Supplicant state is SCANNING when interpret scan results, isConnecting=false
D/WifiService( 5082): Not enough time has passed to show the notification again
D/StateMachine( 5082): handleMessage: X
W/ADB_SERVICES(  129): create_local_service_socket() name=shell:ls -l /
D/ADB_SERVICES(  129): Calling send_ready local=2688, remote=4981
D/ADB_SERVICES(  129):  closing because is_eof=1 r=-1 s->fde.force_eof=0
W/ADB_SERVICES(  129): create_local_service_socket() name=shell:ls -l -d /emmc@android/
D/ADB_SERVICES(  129): Calling send_ready local=2689, remote=4982
D/ADB_SERVICES(  129):  closing because is_eof=1 r=1 s->fde.force_eof=0
W/ADB_SERVICES(  129): create_local_service_socket() name=shell:ls -l -d /emmc@cache/
D/ADB_SERVICES(  129): Calling send_ready local=2690, remote=4983
D/ADB_SERVICES(  129):  closing because is_eof=1 r=1 s->fde.force_eof=0
W/ADB_SERVICES(  129): create_local_service_socket() name=shell:ls -l -d /emmc@ebr1/
D/ADB_SERVICES(  129): Calling send_ready local=2691, remote=4984
D/ADB_SERVICES(  129):  closing because is_eof=1 r=1 s->fde.force_eof=0
W/ADB_SERVICES(  129): create_local_service_socket() name=shell:ls -l -d /emmc@fat/
D/ADB_SERVICES(  129): Calling send_ready local=2692, remote=4985
D/ADB_SERVICES(  129):  closing because is_eof=1 r=1 s->fde.force_eof=0
W/ADB_SERVICES(  129): create_local_service_socket() name=shell:ls -l -d /emmc@sec_ro/
D/ADB_SERVICES(  129): Calling send_ready local=2693, remote=4986
D/ADB_SERVICES(  129): adb fdevent_process list (49) (15) (66) (48) (47) (11) 
D/ADB_SERVICES(  129):  closing because is_eof=1 r=1 s->fde.force_eof=0
D/ADB_SERVICES(  129): adb local_socket_ready list (49) (66) (48) 
D/ADB_SERVICES(  129): adb socket read list (49) (66) (48) 
D/ADB_SERVICES(  129): read_data=70637
D/ADB_SERVICES(  129): max_read_time=0.000461 max_send_time=0.007087 
W/ADB_SERVICES(  129): create_local_service_socket() name=shell:ls -l -d /emmc@usrdata/
D/ADB_SERVICES(  129): Calling send_ready local=2694, remote=4987
D/ADB_SERVICES(  129):  closing because is_eof=1 r=1 s->fde.force_eof=0
V/AlarmManager( 5082): Native set alarm :Alarm{416c6540 type 1 com.baidu.searchbox}
I/AlarmManager( 5082): reset poweroff alarm none
V/ActivityManager( 5082): Broadcast: Intent { act=com.baidu.searchbox.action.TIME_TICK cat=[com.baidu.searchbox.category.QSearch] flg=0x14 pkg=com.baidu.searchbox (has extras) } ordered=true userid=0
V/Provider/Setting( 5082): from settings cache , name = reboot_interval value = null
D/InputReader( 5082): InputReader::monitor: lock
D/InputReader( 5082): InputReader::monitor: wait 
D/InputReader( 5082): InputReader::monitor: unlock
D/InputReader( 5082): InputReader::monitor: done
W/ADB_SERVICES(  129): create_local_service_socket() name=shell:ls -l /
D/ADB_SERVICES(  129): Calling send_ready local=2695, remote=4993
D/ADB_SERVICES(  129):  closing because is_eof=1 r=-1 s->fde.force_eof=0
W/ADB_SERVICES(  129): create_local_service_socket() name=shell:ls -l -d /emmc@android/
D/ADB_SERVICES(  129): Calling send_ready local=2696, remote=4994
D/ADB_SERVICES(  129):  closing because is_eof=1 r=1 s->fde.force_eof=0
W/ADB_SERVICES(  129): create_local_service_socket() name=shell:ls -l -d /emmc@cache/
D/ADB_SERVICES(  129): Calling send_ready local=2697, remote=4995
D/ADB_SERVICES(  129):  closing because is_eof=1 r=1 s->fde.force_eof=0
W/ADB_SERVICES(  129): create_local_service_socket() name=shell:ls -l -d /emmc@ebr1/
D/ADB_SERVICES(  129): Calling send_ready local=2698, remote=4996
D/ADB_SERVICES(  129):  closing because is_eof=1 r=1 s->fde.force_eof=0
W/ADB_SERVICES(  129): create_local_service_socket() name=shell:ls -l -d /emmc@fat/
D/ADB_SERVICES(  129): Calling send_ready local=2699, remote=4997
D/ADB_SERVICES(  129):  closing because is_eof=1 r=1 s->fde.force_eof=0
D/ADB_SERVICES(  129): adb fdevent_process list (66) (49) (15) 
W/ADB_SERVICES(  129): create_local_service_socket() name=shell:ls -l -d /emmc@sec_ro/
D/ADB_SERVICES(  129): Calling send_ready local=2700, remote=4998
D/ADB_SERVICES(  129): adb local_socket_ready list (49) (66) 
D/ADB_SERVICES(  129): adb socket read list (49) (66) 
D/ADB_SERVICES(  129): read_data=6425
D/ADB_SERVICES(  129): max_read_time=0.000252 max_send_time=0.000125 
D/ADB_SERVICES(  129):  closing because is_eof=1 r=1 s->fde.force_eof=0
W/ADB_SERVICES(  129): create_local_service_socket() name=shell:ls -l -d /emmc@usrdata/
D/ADB_SERVICES(  129): Calling send_ready local=2701, remote=4999
D/ADB_SERVICES(  129):  closing because is_eof=1 r=1 s->fde.force_eof=0
W/ActivityManager( 5082): Process ProcessRecord{41fa9520 12656:com.baidu.searchbox/u0a140} failed to attach
W/ActivityManager( 5082): Unattached app died before broadcast acknowledged, skipping
W/ActivityManager( 5082): Unattached app died before broadcast acknowledged, skipping
V/Provider/Setting( 5082): from settings cache , name = read_external_storage_enforced_default value = null
D/Zygote  ( 5033): SelectLoop : runOnce
D/Zygote  ( 5033): read arg list
D/Zygote  ( 5033): prepare new stderr
D/Zygote  ( 5033): parse args
D/Zygote  ( 5033): before fork
D/dalvikvm( 5033): threadid=2: exiting
D/dalvikvm( 5033): threadid=2: bye!
D/dalvikvm( 5033): threadid=3: exiting
D/dalvikvm( 5033): threadid=3: bye!
D/dalvikvm( 5033): threadid=4: exiting
D/dalvikvm( 5033): threadid=4: bye!
D/dalvikvm( 5033): pre gc
D/dalvikvm( 5033): Zygote::ForkAndSpecialize +
W/ADB_SERVICES(  129): terminating JDWP 12656 connection: Try again
D/ADB_SERVICES(  129): remove pid 12656 to jdwp process list
D/ADB_SERVICES(  129):  closing because is_eof=1 r=0 s->fde.force_eof=0
D/dalvikvm( 5033): Zygote::ForkAndSpecialize : 12698
D/dalvikvm( 5033): create interp thread : stack size=32KB
D/dalvikvm( 5033): create new thread
D/dalvikvm( 5033): new thread created
D/dalvikvm( 5033): update thread list
D/dalvikvm( 5033): threadid=2: interp stack at 0x4ef92000
D/dalvikvm( 5033): threadid=2: created from interp
D/dalvikvm( 5033): start new thread
D/dalvikvm( 5033): create interp thread : stack size=32KB
D/dalvikvm( 5033): create new thread
D/dalvikvm( 5033): new thread created
D/dalvikvm( 5033): update thread list
D/dalvikvm( 5033): threadid=2: notify debugger
D/dalvikvm( 5033): threadid=2 (ReferenceQueueDaemon): calling run()
D/dalvikvm(12698): Zygote::ForkAndSpecialize : 0
D/dalvikvm(12698): zygote get new systemTid : 12698
D/dalvikvm(12698): threadid=2: interp stack at 0x4f092000
D/dalvikvm(12698): threadid=3: interp stack at 0x4f19a000
D/jdwp    (12698): prepping for JDWP over ADB
D/jdwp    (12698): ADB transport startup
D/dalvikvm(12698): Elevating priority from 0 to -8
D/dalvikvm(12698): threadid=4: interp stack at 0x4f2a2000
D/jdwp    (12698): JDWP: thread running
D/jdwp    (12698): acceptConnection
D/ADB_SERVICES(  129): Adding socket 47 pid 12698 to jdwp process list
D/jdwp    (12698): trying to receive file descriptor from ADB
D/dalvikvm(12698): threadid=5: interp stack at 0x51688000
D/dalvikvm(12698): zygote get thread init done
D/dalvikvm(12698): create interp thread : stack size=32KB
D/dalvikvm(12698): create new thread
D/dalvikvm(12698): new thread created
D/dalvikvm(12698): update thread list
D/dalvikvm(12698): threadid=6: interp stack at 0x51690000
D/dalvikvm(12698): threadid=6: created from interp
D/dalvikvm(12698): start new thread
D/dalvikvm(12698): create interp thread : stack size=32KB
D/dalvikvm(12698): create new thread
D/dalvikvm(12698): new thread created
D/dalvikvm(12698): update thread list
D/dalvikvm(12698): threadid=6: notify debugger
D/dalvikvm(12698): threadid=6 (ReferenceQueueDaemon): calling run()
W/ADB_SERVICES(  129): create_local_service_socket() name=jdwp:12698
W/ADB_SERVICES(  129): looking for pid 12698 in JDWP process list return fds0(48) fds1(66)
D/ADB_SERVICES(  129): Calling send_ready local=2702, remote=5003
W/ADB_SERVICES(  129): trying to write to JDWP socket=47 pid=12698 count=1 out_fds=66
D/jdwp    (12698): received file descriptor 41 from ADB
D/dalvikvm(12698): threadid=7: interp stack at 0x51798000
D/dalvikvm(12698): threadid=7: created from interp
D/dalvikvm(12698): start new thread
D/dalvikvm(12698): create interp thread : stack size=32KB
D/dalvikvm(12698): create new thread
D/dalvikvm(12698): new thread created
D/dalvikvm(12698): update thread list
D/dalvikvm(12698): threadid=7: notify debugger
D/dalvikvm(12698): threadid=7 (FinalizerDaemon): calling run()
D/dalvikvm(12698): threadid=8: interp stack at 0x518a0000
D/dalvikvm(12698): threadid=8: created from interp
D/jdwp    (12698): processIncoming
D/dalvikvm(12698): start new thread
D/ADB_SERVICES(  129): Calling send_ready local=2702, remote=5003
D/Zygote  (12698): fork pid : 0
D/ADB_SERVICES(  129): Calling send_ready local=2702, remote=5003
D/jdwp    (12698): processIncoming
D/jdwp    (12698): handlePacket : cmd=0x1, cmdSet=0xC7, len=0x13, id=0x40000C15, flags=0x0, dataLen=0x8
D/dalvikvm( 5033): threadid=3: interp stack at 0x4f09a000
D/dalvikvm( 5033): threadid=3: created from interp
D/dalvikvm( 5033): start new thread
D/dalvikvm( 5033): create interp thread : stack size=32KB
D/dalvikvm( 5033): create new thread
D/dalvikvm( 5033): new thread created
D/dalvikvm( 5033): update thread list
D/dalvikvm( 5033): threadid=3: notify debugger
D/dalvikvm( 5033): threadid=3 (FinalizerDaemon): calling run()
D/ADB_SERVICES(  129): Calling send_ready local=2702, remote=5003
D/jdwp    (12698): processIncoming
D/jdwp    (12698): handlePacket : cmd=0x1, cmdSet=0xC7, len=0x17, id=0x40000C16, flags=0x0, dataLen=0xC
D/dalvikvm( 5033): threadid=4: interp stack at 0x4f1a2000
D/dalvikvm( 5033): threadid=4: created from interp
D/dalvikvm( 5033): start new thread
D/Zygote  ( 5033): fork pid : 12698
D/dalvikvm( 5033): threadid=4: notify debugger
D/dalvikvm( 5033): threadid=4 (FinalizerWatchdogDaemon): calling run()
D/jdwp    (12698): processIncoming
I/ActivityManager( 5082): Start proc com.baidu.searchbox for broadcast com.baidu.searchbox/.widget.QuickSearchWidgetProvider: pid=12698 uid=10140 gids={1006, 1013, 3003, 1015, 1028}
D/jdwp    (12698): handlePacket : cmd=0x1, cmdSet=0xC7, len=0x13, id=0x40000C17, flags=0x0, dataLen=0x8
D/jdwp    (12698): processIncoming
D/jdwp    (12698): handlePacket : cmd=0x1, cmdSet=0xC7, len=0x13, id=0x40000C18, flags=0x0, dataLen=0x8
D/dalvikvm(12698): threadid=8: notify debugger
D/dalvikvm(12698): threadid=8 (FinalizerWatchdogDaemon): calling run()
D/dalvikvm(12698): threadid=9: interp stack at 0x51ca6000
D/jdwp    (12698): sendBufferedRequest : len=0x39
D/dalvikvm(12698): threadid=10: interp stack at 0x51dae000
W/ADB_SERVICES(  129): create_local_service_socket() name=shell:ls -l /
D/ADB_SERVICES(  129): Calling send_ready local=2703, remote=5006
D/ADB_SERVICES(  129):  closing because is_eof=1 r=-1 s->fde.force_eof=0
W/ADB_SERVICES(  129): create_local_service_socket() name=shell:ls -l -d /emmc@android/
D/ADB_SERVICES(  129): Calling send_ready local=2704, remote=5007
D/ADB_SERVICES(  129):  closing because is_eof=1 r=1 s->fde.force_eof=0
W/ADB_SERVICES(  129): create_local_service_socket() name=shell:ls -l -d /emmc@cache/
D/ADB_SERVICES(  129): Calling send_ready local=2705, remote=5008
D/ADB_SERVICES(  129):  closing because is_eof=1 r=1 s->fde.force_eof=0
W/ADB_SERVICES(  129): create_local_service_socket() name=shell:ls -l -d /emmc@ebr1/
D/ADB_SERVICES(  129): Calling send_ready local=2706, remote=5009
D/ADB_SERVICES(  129):  closing because is_eof=1 r=1 s->fde.force_eof=0
W/ADB_SERVICES(  129): create_local_service_socket() name=shell:ls -l -d /emmc@fat/
D/ADB_SERVICES(  129): Calling send_ready local=2707, remote=5010
D/ADB_SERVICES(  129):  closing because is_eof=1 r=1 s->fde.force_eof=0
W/ADB_SERVICES(  129): create_local_service_socket() name=shell:ls -l -d /emmc@sec_ro/
D/ADB_SERVICES(  129): Calling send_ready local=2708, remote=5011
D/ADB_SERVICES(  129):  closing because is_eof=1 r=1 s->fde.force_eof=0
D/ADB_SERVICES(  129): adb fdevent_process list (49) (15) (66) (47) (48) (11) 
W/ADB_SERVICES(  129): create_local_service_socket() name=shell:ls -l -d /emmc@usrdata/
D/ADB_SERVICES(  129): Calling send_ready local=2709, remote=5012
D/ADB_SERVICES(  129): adb local_socket_ready list (49) (66) (48) 
D/ADB_SERVICES(  129): adb socket read list (49) (66) (48) 
D/ADB_SERVICES(  129): read_data=16036
D/ADB_SERVICES(  129): max_read_time=0.000264 max_send_time=0.000730 
D/ADB_SERVICES(  129):  closing because is_eof=1 r=1 s->fde.force_eof=0
D/wpa_supplicant( 5159): wlan0: Starting AP scan for wildcard SSID
D/wpa_supplicant( 5159): WPS: Building WPS IE for Probe Request
D/wpa_supplicant( 5159): WPS:  * Version (hardcoded 0x10)
D/wpa_supplicant( 5159): WPS:  * Request Type
D/wpa_supplicant( 5159): WPS:  * Config Methods (4388)
D/wpa_supplicant( 5159): WPS:  * UUID-E
D/wpa_supplicant( 5159): WPS:  * Primary Device Type
D/wpa_supplicant( 5159): WPS:  * RF Bands (3)
D/wpa_supplicant( 5159): WPS:  * Association State
D/wpa_supplicant( 5159): WPS:  * Configuration Error (0)
D/wpa_supplicant( 5159): WPS:  * Device Password ID (0)
D/wpa_supplicant( 5159): WPS:  * Manufacturer
D/wpa_supplicant( 5159): WPS:  * Model Name
D/wpa_supplicant( 5159): WPS:  * Model Number
D/wpa_supplicant( 5159): WPS:  * Device Name
D/wpa_supplicant( 5159): WPS:  * Version2 (0x20)
D/wpa_supplicant( 5159): P2P: * P2P IE header
D/wpa_supplicant( 5159): P2P: * Capability dev=27 group=00
D/wpa_supplicant( 5159): P2P: * Listen Channel: Regulatory Class 81 Channel 1
D/wpa_supplicant( 5159): Scan requested (ret=0) - scan timeout 30 seconds
D/wpa_supplicant( 5159): nl80211: Event message available
D/wpa_supplicant( 5159): nl80211: Scan trigger
E/stp_dump(  115): table == NULL || table->table == NULL
E/stp_dump(  115): table == NULL || table->table == NULL
E/stp_dump(  115): table == NULL || table->table == NULL
E/stp_dump(  115): table == NULL || table->table == NULL
D/NetdConnector( 5082): RCV <- {600 Iface linkstate wlan0 down}
D/Tethering( 5082): interfaceLinkStateChanged wlan0, false
D/Tethering( 5082): interfaceStatusChanged wlan0, false
D/wpa_supplicant( 5159): RTM_NEWLINK: operstate=0 ifi_flags=0x1003 ([UP])
D/wpa_supplicant( 5159): RTM_NEWLINK, IFLA_IFNAME: Interface 'wlan0' added
D/wpa_supplicant( 5159): wlan0: Event INTERFACE_STATUS (5) received
D/wpa_supplicant( 5159): nl80211: Event message available
D/wpa_supplicant( 5159): nl80211: New scan results available
D/wpa_supplicant( 5159): wlan0: Event SCAN_RESULTS (3) received
D/wpa_supplicant( 5159): nl80211: Received scan results (17 BSSes)
D/wpa_supplicant( 5159): nl80211: Survey data missing
E/wpa_supplicant( 5159): Sorted scan results
E/wpa_supplicant( 5159): ec:88:8f:b9:bd:04 freq=2427 qual=0 noise=0 level=-48 flags=0xb
E/wpa_supplicant( 5159): ec:17:2f:7f:c2:30 freq=2412 qual=0 noise=0 level=-61 flags=0xb
E/wpa_supplicant( 5159): 1c:bd:b9:8d:ab:4f freq=2437 qual=0 noise=0 level=-64 flags=0xb
E/wpa_supplicant( 5159): 00:23:cd:48:da:5c freq=2442 qual=0 noise=0 level=-71 flags=0xb
E/wpa_supplicant( 5159): 14:cf:92:21:31:1b freq=2412 qual=0 noise=0 level=-75 flags=0xb
E/wpa_supplicant( 5159): b8:a3:86:4d:45:62 freq=2412 qual=0 noise=0 level=-77 flags=0xb
E/wpa_supplicant( 5159): 00:90:4c:60:00:2c freq=2437 qual=0 noise=0 level=-81 flags=0xb
E/wpa_supplicant( 5159): 1c:fa:68:2d:cb:96 freq=2437 qual=0 noise=0 level=-83 flags=0xb
E/wpa_supplicant( 5159): 48:02:2a:45:ae:d3 freq=2462 qual=0 noise=0 level=-63 flags=0xb
E/wpa_supplicant( 5159): 48:02:2a:45:ad:70 freq=2462 qual=0 noise=0 level=-64 flags=0xb
E/wpa_supplicant( 5159): 48:02:2a:45:ab:15 freq=2462 qual=0 noise=0 level=-65 flags=0xb
E/wpa_supplicant( 5159): 48:02:2a:45:ad:4d freq=2462 qual=0 noise=0 level=-69 flags=0xb
E/wpa_supplicant( 5159): 48:02:2a:45:ae:f3 freq=2462 qual=0 noise=0 level=-70 flags=0xb
E/wpa_supplicant( 5159): 48:02:2a:41:04:50 freq=2462 qual=0 noise=0 level=-71 flags=0xb
E/wpa_supplicant( 5159): 48:02:2a:45:ad:0e freq=2462 qual=0 noise=0 level=-78 flags=0xb
E/wpa_supplicant( 5159): 00:0f:11:35:06:6e freq=2462 qual=0 noise=0 level=-81 flags=0xb
E/wpa_supplicant( 5159): 00:1f:1f:02:f5:bf freq=2412 qual=0 noise=0 level=-90 flags=0xb
D/wpa_supplicant( 5159): wlan0: BSS: Start scan result update 116
D/wpa_supplicant( 5159): wlan0: BSS: Add new id 109 BSSID 00:1f:1f:02:f5:bf SSID 'Mobile Wireless'
D/wpa_supplicant( 5159): CTRL_IFACE monitor send
D/wpa_supplicant( 5159): 2f646174612f6d6973632f776966692f736f636b6574732f7770615f6374726c5f353038322d3400
D/wpa_supplicant( 5159): wlan0: BSS: Expire BSS 108 due to no match in scan
D/wpa_supplicant( 5159): wlan0: BSS: Remove id 108 BSSID 84:c9:b2:a7:f7:38 SSID 'EYUN002'
D/wpa_supplicant( 5159): CTRL_IFACE monitor send
D/wpa_supplicant( 5159): 2f646174612f6d6973632f776966692f736f636b6574732f7770615f6374726c5f353038322d3400
D/wpa_supplicant( 5159): wlan0: New scan results available
D/wpa_supplicant( 5159): CTRL_IFACE monitor send
D/wpa_supplicant( 5159): 2f646174612f6d6973632f776966692f736f636b6574732f7770615f6374726c5f353038322d3400
D/wpa_supplicant( 5159): CTRL_IFACE monitor send
D/wpa_supplicant( 5159): 2f646174612f6d6973632f776966692f736f636b6574732f7770615f6374726c5f353038322d3400
D/wpa_supplicant( 5159): wlan0: Selecting BSS from priority group 14
D/wpa_supplicant( 5159): wlan0: 0: ec:88:8f:b9:bd:04 ssid='STS' wpa_ie_len=22 rsn_ie_len=20 caps=0x431 level=-48 wps
D/wpa_supplicant( 5159): wlan0:    skip - SSID mismatch
D/wpa_supplicant( 5159): wlan0: 1: ec:17:2f:7f:c2:30 ssid='TP-LINK_PocketAP' wpa_ie_len=22 rsn_ie_len=20 caps=0x431 level=-61
D/wpa_supplicant( 5159): wlan0:    skip - SSID mismatch
D/wpa_supplicant( 5159): wlan0: 2: 1c:bd:b9:8d:ab:4f ssid='WSN-cf' wpa_ie_len=26 rsn_ie_len=0 caps=0x431 level=-64
D/wpa_supplicant( 5159): wlan0:    skip - SSID mismatch
D/wpa_supplicant( 5159): wlan0: 3: 00:23:cd:48:da:5c ssid='chyileon' wpa_ie_len=26 rsn_ie_len=24 caps=0x431 level=-71
D/wpa_supplicant( 5159): wlan0:    skip - SSID mismatch
D/wpa_supplicant( 5159): wlan0: 4: 14:cf:92:21:31:1b ssid='Z-AP' wpa_ie_len=0 rsn_ie_len=20 caps=0x431 level=-75
D/wpa_supplicant( 5159): wlan0:    skip - SSID mismatch
D/wpa_supplicant( 5159): wlan0: 5: b8:a3:86:4d:45:62 ssid='IHGroup' wpa_ie_len=26 rsn_ie_len=0 caps=0x431 level=-77
D/wpa_supplicant( 5159): wlan0:    skip - SSID mismatch
