D/dalvikvm(28753): threadid=2: interp stack at 0x4f101000
D/dalvikvm(28753): threadid=3: interp stack at 0x4f209000
D/jdwp    (28753): prepping for JDWP over ADB
D/jdwp    (28753): ADB transport startup
D/dalvikvm(28753): Elevating priority from 0 to -8
D/dalvikvm(28753): threadid=4: interp stack at 0x4f311000
D/jdwp    (28753): JDWP: thread running
D/jdwp    (28753): acceptConnection
D/ADB_SERVICES(  129): Adding socket 15 pid 28753 to jdwp process list
D/jdwp    (28753): trying to receive file descriptor from ADB
D/dalvikvm(28753): threadid=5: interp stack at 0x516f7000
D/dalvikvm(28753): zygote get thread init done
D/dalvikvm(28753): create interp thread : stack size=32KB
D/dalvikvm(28753): create new thread
D/dalvikvm(28753): new thread created
D/dalvikvm(28753): update thread list
D/dalvikvm(28753): threadid=6: interp stack at 0x516ff000
D/dalvikvm(28753): threadid=6: created from interp
D/dalvikvm(28753): start new thread
D/dalvikvm(28753): create interp thread : stack size=32KB
D/dalvikvm(28753): create new thread
D/dalvikvm(28753): new thread created
D/dalvikvm(28753): update thread list
D/dalvikvm(28753): threadid=6: notify debugger
D/dalvikvm(  104): threadid=3: interp stack at 0x4f109000
D/dalvikvm(28753): threadid=6 (ReferenceQueueDaemon): calling run()
D/dalvikvm(28753): threadid=7: interp stack at 0x51807000
D/dalvikvm(  104): threadid=3: created from interp
D/dalvikvm(  104): start new thread
D/dalvikvm(  104): create interp thread : stack size=32KB
D/dalvikvm(  104): create new thread
D/dalvikvm(  104): new thread created
D/dalvikvm(  104): update thread list
D/dalvikvm(  104): threadid=3: notify debugger
D/dalvikvm(28753): threadid=7: created from interp
D/dalvikvm(  104): threadid=3 (FinalizerDaemon): calling run()
D/dalvikvm(28753): start new thread
D/dalvikvm(28753): create interp thread : stack size=32KB
D/dalvikvm(28753): create new thread
D/dalvikvm(28753): new thread created
D/dalvikvm(28753): update thread list
D/dalvikvm(28753): threadid=7: notify debugger
D/dalvikvm(28753): threadid=7 (FinalizerDaemon): calling run()
D/dalvikvm(28753): threadid=8: interp stack at 0x5190f000
D/dalvikvm(28753): threadid=8: created from interp
D/dalvikvm(28753): start new thread
D/Zygote  (28753): fork pid : 0
D/dalvikvm(  104): threadid=4: interp stack at 0x4f211000
D/dalvikvm(  104): threadid=4: created from interp
D/dalvikvm(  104): start new thread
D/Zygote  (  104): fork pid : 28753
D/dalvikvm(  104): threadid=4: notify debugger
D/dalvikvm(  104): threadid=4 (FinalizerWatchdogDaemon): calling run()
I/ActivityManager(  376): Start proc com.baidu.searchbox for broadcast com.baidu.searchbox/.widget.QuickSearchWidgetProvider: pid=28753 uid=10140 gids={1006, 1013, 3003, 1015, 1028}
D/dalvikvm(28753): threadid=8: notify debugger
D/dalvikvm(28753): threadid=8 (FinalizerWatchdogDaemon): calling run()
D/dalvikvm(28753): threadid=9: interp stack at 0x51d15000
D/dalvikvm(28753): threadid=10: interp stack at 0x51e1d000
D/ConnectivityService(  376): getActiveNetworkInfo:NetworkInfo: type: WIFI[], state: CONNECTED/CONNECTED, reason: (unspecified), extra: (none), roaming: false, failover: false, isAvailable: true, simId: 0/10102
D/ConnectivityService(  376): getActiveNetworkInfo:NetworkInfo: type: WIFI[], state: CONNECTED/CONNECTED, reason: (unspecified), extra: (none), roaming: false, failover: false, isAvailable: true, simId: 0/10102
W/ADB_SERVICES(  129): create_local_service_socket() name=shell:export ANDROID_LOG_TAGS="" ; exec logcat debug
D/ADB_SERVICES(  129): Calling send_ready local=7908, remote=10614
V/AlarmManager(  376): Native set alarm :Alarm{42b4a910 type 1 com.baidu.searchbox}
I/AlarmManager(  376): reset poweroff alarm none
V/ActivityManager(  376): Broadcast: Intent { act=com.baidu.searchbox.action.TIME_TICK cat=[com.baidu.searchbox.category.QSearch] flg=0x14 pkg=com.baidu.searchbox (has extras) } ordered=true userid=0
W/ADB_SERVICES(  129): create_local_service_socket() name=shell:ls -l /
D/ADB_SERVICES(  129): Calling send_ready local=7909, remote=10615
D/ADB_SERVICES(  129): adb fdevent_process list (61) (27) (58) (15) (11) 
D/ADB_SERVICES(  129):  closing because is_eof=1 r=-1 s->fde.force_eof=0
W/ADB_SERVICES(  129): create_local_service_socket() name=shell:ls -l -d /emmc@android/
D/ADB_SERVICES(  129): Calling send_ready local=7910, remote=10616
D/ADB_SERVICES(  129): adb socket read list (58) (61) (68) 
D/ADB_SERVICES(  129): read_data=206676
D/ADB_SERVICES(  129): max_read_time=0.000607 max_send_time=0.000785 
D/ADB_SERVICES(  129): adb local_socket_ready list (58) (61) (68) 
D/ADB_SERVICES(  129):  closing because is_eof=1 r=-1 s->fde.force_eof=0
W/ADB_SERVICES(  129): create_local_service_socket() name=shell:ls -l -d /emmc@cache/
D/ADB_SERVICES(  129): Calling send_ready local=7911, remote=10617
D/ADB_SERVICES(  129):  closing because is_eof=1 r=-1 s->fde.force_eof=0
D/ConnectivityService(  376): getActiveNetworkInfo:NetworkInfo: type: WIFI[], state: CONNECTED/CONNECTED, reason: (unspecified), extra: (none), roaming: false, failover: false, isAvailable: true, simId: 0/10102
W/ADB_SERVICES(  129): create_local_service_socket() name=shell:ls -l -d /emmc@ebr1/
D/ADB_SERVICES(  129): Calling send_ready local=7912, remote=10618
D/ADB_SERVICES(  129):  closing because is_eof=1 r=1 s->fde.force_eof=0
W/ADB_SERVICES(  129): create_local_service_socket() name=shell:ls -l -d /emmc@fat/
D/ADB_SERVICES(  129): Calling send_ready local=7913, remote=10620
D/ADB_SERVICES(  129):  closing because is_eof=1 r=-1 s->fde.force_eof=0
W/ADB_SERVICES(  129): create_local_service_socket() name=shell:ls -l -d /emmc@sec_ro/
D/ADB_SERVICES(  129): Calling send_ready local=7914, remote=10621
D/ADB_SERVICES(  129):  closing because is_eof=1 r=-1 s->fde.force_eof=0
W/ADB_SERVICES(  129): create_local_service_socket() name=shell:ls -l -d /emmc@usrdata/
D/ADB_SERVICES(  129): Calling send_ready local=7915, remote=10622
D/ADB_SERVICES(  129):  closing because is_eof=1 r=-1 s->fde.force_eof=0
V/Provider/Setting(  376): from settings cache , name = reboot_interval value = null
D/InputReader(  376): InputReader::monitor: lock
D/InputReader(  376): InputReader::monitor: wait 
D/InputReader(  376): InputReader::monitor: unlock
D/InputReader(  376): InputReader::monitor: done
D/ConnectivityService(  376): getActiveNetworkInfo:NetworkInfo: type: WIFI[], state: CONNECTED/CONNECTED, reason: (unspecified), extra: (none), roaming: false, failover: false, isAvailable: true, simId: 0/10102
D/ConnectivityService(  376): getActiveNetworkInfo:NetworkInfo: type: WIFI[], state: CONNECTED/CONNECTED, reason: (unspecified), extra: (none), roaming: false, failover: false, isAvailable: true, simId: 0/10102
D/dalvikvm(  376): GC_CONCURRENT freed 1797K, 27% free 27276K/37175K, paused 3ms+13ms, total 133ms
D/ADB_SERVICES(  129): Calling send_ready local=6149, remote=7671
D/inject  (28783): [+] Injecting process: 92
D/inject  (28783): [+] get_remote_addr: local[400ea000], remote[400cc000]
D/inject  (28783): [+] Remote mmap address: 400f0350
D/inject  (28783): [+] Calling mmap in target process.
D/inject  (28783): [+] Target process returned from mmap, return value=40ea7000, pc=0 
D/inject  (28783): [+] get_remote_addr: local[400bc000], remote[4009e000]
D/inject  (28783): [+] get_remote_addr: local[400bc000], remote[4009e000]
D/inject  (28783): [+] get_remote_addr: local[400bc000], remote[4009e000]
D/inject  (28783): [+] Get imports: dlopen: 400a408d, dlsym: 400a3ff9, dlclose: 400a3f39
D/inject  (28783): [+] Inject code start: c008, end: c084
D/inject  (28783): [+] _dlopen_param1_s: 40eaac9c
D/inject  (28783): [+] _dlsym_param2_s: 40eaad9c
D/inject  (28783): [+] _saved_r0_pc_s: 40eaae9c
D/inject  (28783): [+] _inject_function_param_s: 40eaaf9c
D/inject  (28783): [+] Remote shellcode address: 40eaac00
D/debug   (   92): Hello ARM! I'm parameter! pid:92
W/ADB_SERVICES(  129): create_local_service_socket() name=shell:ls -l /
D/ADB_SERVICES(  129): Calling send_ready local=7916, remote=10627
D/ADB_SERVICES(  129): adb fdevent_process list (61) (27) (58) (68) (47) 
D/ADB_SERVICES(  129):  closing because is_eof=1 r=-1 s->fde.force_eof=0
W/ADB_SERVICES(  129): create_local_service_socket() name=shell:ls -l -d /emmc@android/
D/ADB_SERVICES(  129): Calling send_ready local=7917, remote=10628
D/ADB_SERVICES(  129):  closing because is_eof=1 r=-1 s->fde.force_eof=0
W/ADB_SERVICES(  129): create_local_service_socket() name=shell:ls -l -d /emmc@cache/
D/ADB_SERVICES(  129): Calling send_ready local=7918, remote=10629
D/ADB_SERVICES(  129):  closing because is_eof=1 r=-1 s->fde.force_eof=0
W/ADB_SERVICES(  129): create_local_service_socket() name=shell:ls -l -d /emmc@ebr1/
D/ADB_SERVICES(  129): Calling send_ready local=7919, remote=10630
D/ADB_SERVICES(  129): adb socket read list (58) (61) (68) (47) 
D/ADB_SERVICES(  129): read_data=274971
D/ADB_SERVICES(  129): max_read_time=0.000829 max_send_time=0.001674 
D/ADB_SERVICES(  129):  closing because is_eof=1 r=1 s->fde.force_eof=0
D/ADB_SERVICES(  129): adb local_socket_ready list (58) (61) (68) (47) 
W/ADB_SERVICES(  129): create_local_service_socket() name=shell:ls -l -d /emmc@fat/
D/ADB_SERVICES(  129): Calling send_ready local=7920, remote=10631
D/ADB_SERVICES(  129):  closing because is_eof=1 r=1 s->fde.force_eof=0
W/ADB_SERVICES(  129): create_local_service_socket() name=shell:ls -l -d /emmc@sec_ro/
D/ADB_SERVICES(  129): Calling send_ready local=7921, remote=10632
D/ADB_SERVICES(  129):  closing because is_eof=1 r=-1 s->fde.force_eof=0
W/ADB_SERVICES(  129): create_local_service_socket() name=shell:ls -l -d /emmc@usrdata/
D/ADB_SERVICES(  129): Calling send_ready local=7922, remote=10633
D/ADB_SERVICES(  129):  closing because is_eof=1 r=1 s->fde.force_eof=0
W/ActivityManager(  376): Process ProcessRecord{42460600 28753:com.baidu.searchbox/u0a140} failed to attach
W/ActivityManager(  376): Unattached app died before broadcast acknowledged, skipping
W/ActivityManager(  376): Unattached app died before broadcast acknowledged, skipping
V/Provider/Setting(  376): from settings cache , name = read_external_storage_enforced_default value = null
D/Zygote  (  104): SelectLoop : runOnce
D/Zygote  (  104): read arg list
D/Zygote  (  104): prepare new stderr
D/Zygote  (  104): parse args
D/Zygote  (  104): before fork
D/dalvikvm(  104): threadid=2: exiting
D/dalvikvm(  104): threadid=2: bye!
D/dalvikvm(  104): threadid=3: exiting
D/dalvikvm(  104): threadid=3: bye!
D/dalvikvm(  104): threadid=4: exiting
D/dalvikvm(  104): threadid=4: bye!
D/dalvikvm(  104): pre gc
D/dalvikvm(  104): Zygote::ForkAndSpecialize +
D/dalvikvm(  104): Zygote::ForkAndSpecialize : 28799
W/ADB_SERVICES(  129): terminating JDWP 28753 connection: Try again
D/ADB_SERVICES(  129): remove pid 28753 to jdwp process list
D/dalvikvm(  104): create interp thread : stack size=32KB
D/dalvikvm(  104): create new thread
D/dalvikvm(  104): new thread created
D/dalvikvm(  104): update thread list
D/dalvikvm(28799): Zygote::ForkAndSpecialize : 0
D/dalvikvm(28799): zygote get new systemTid : 28799
D/dalvikvm(28799): threadid=2: interp stack at 0x4f101000
D/dalvikvm(28799): threadid=3: interp stack at 0x4f209000
D/jdwp    (28799): prepping for JDWP over ADB
D/jdwp    (28799): ADB transport startup
D/dalvikvm(28799): Elevating priority from 0 to -8
D/dalvikvm(28799): threadid=4: interp stack at 0x4f311000
D/jdwp    (28799): JDWP: thread running
D/jdwp    (28799): acceptConnection
D/ADB_SERVICES(  129): Adding socket 15 pid 28799 to jdwp process list
D/jdwp    (28799): trying to receive file descriptor from ADB
D/dalvikvm(28799): threadid=5: interp stack at 0x516f7000
D/dalvikvm(28799): zygote get thread init done
D/dalvikvm(28799): create interp thread : stack size=32KB
D/dalvikvm(28799): create new thread
D/dalvikvm(28799): new thread created
D/dalvikvm(28799): update thread list
D/dalvikvm(28799): threadid=6: interp stack at 0x516ff000
D/dalvikvm(28799): threadid=6: created from interp
D/dalvikvm(28799): start new thread
D/dalvikvm(28799): create interp thread : stack size=32KB
D/dalvikvm(28799): create new thread
D/dalvikvm(28799): new thread created
D/dalvikvm(28799): update thread list
D/dalvikvm(28799): threadid=6: notify debugger
D/dalvikvm(28799): threadid=6 (ReferenceQueueDaemon): calling run()
D/dalvikvm(28799): threadid=7: interp stack at 0x51807000
D/dalvikvm(28799): threadid=7: created from interp
D/dalvikvm(28799): start new thread
D/dalvikvm(28799): create interp thread : stack size=32KB
D/dalvikvm(28799): create new thread
D/dalvikvm(28799): new thread created
D/dalvikvm(28799): update thread list
D/dalvikvm(28799): threadid=7: notify debugger
D/dalvikvm(28799): threadid=7 (FinalizerDaemon): calling run()
D/dalvikvm(28799): threadid=8: interp stack at 0x5190f000
D/dalvikvm(28799): threadid=8: created from interp
D/dalvikvm(  104): threadid=2: interp stack at 0x4f001000
D/dalvikvm(28799): start new thread
D/dalvikvm(  104): threadid=2: created from interp
D/dalvikvm(  104): start new thread
D/dalvikvm(  104): create interp thread : stack size=32KB
D/dalvikvm(  104): create new thread
D/dalvikvm(  104): new thread created
D/dalvikvm(  104): update thread list
D/dalvikvm(  104): threadid=2: notify debugger
D/dalvikvm(  104): threadid=2 (ReferenceQueueDaemon): calling run()
D/Zygote  (28799): fork pid : 0
D/dalvikvm(  104): threadid=3: interp stack at 0x4f109000
D/dalvikvm(  104): threadid=3: created from interp
D/dalvikvm(  104): start new thread
D/dalvikvm(  104): create interp thread : stack size=32KB
D/dalvikvm(  104): create new thread
D/dalvikvm(  104): new thread created
D/dalvikvm(  104): update thread list
D/dalvikvm(  104): threadid=3: notify debugger
D/dalvikvm(  104): threadid=3 (FinalizerDaemon): calling run()
D/dalvikvm(  104): threadid=4: interp stack at 0x4f211000
D/dalvikvm(  104): threadid=4: created from interp
D/dalvikvm(  104): start new thread
D/Zygote  (  104): fork pid : 28799
D/dalvikvm(  104): threadid=4: notify debugger
D/dalvikvm(  104): threadid=4 (FinalizerWatchdogDaemon): calling run()
I/ActivityManager(  376): Start proc com.baidu.searchbox for broadcast com.baidu.searchbox/.widget.QuickSearchWidgetProvider: pid=28799 uid=10140 gids={1006, 1013, 3003, 1015, 1028}
D/dalvikvm(28799): threadid=8: notify debugger
D/dalvikvm(28799): threadid=8 (FinalizerWatchdogDaemon): calling run()
D/dalvikvm(28799): threadid=9: interp stack at 0x51d15000
D/dalvikvm(28799): threadid=10: interp stack at 0x51e1d000
D/ConnectivityService(  376): getActiveNetworkInfo:NetworkInfo: type: WIFI[], state: CONNECTED/CONNECTED, reason: (unspecified), extra: (none), roaming: false, failover: false, isAvailable: true, simId: 0/10102
D/ConnectivityService(  376): getActiveNetworkInfo:NetworkInfo: type: WIFI[], state: CONNECTED/CONNECTED, reason: (unspecified), extra: (none), roaming: false, failover: false, isAvailable: true, simId: 0/10102
W/ADB_SERVICES(  129): create_local_service_socket() name=shell:ls -l /
D/ADB_SERVICES(  129): Calling send_ready local=7923, remote=10639
D/ADB_SERVICES(  129): adb fdevent_process list (68) (27) (58) (61) (15) (11) 
D/ADB_SERVICES(  129):  closing because is_eof=1 r=-1 s->fde.force_eof=0
W/ADB_SERVICES(  129): create_local_service_socket() name=shell:ls -l -d /emmc@android/
D/ADB_SERVICES(  129): Calling send_ready local=7924, remote=10640
D/ADB_SERVICES(  129):  closing because is_eof=1 r=1 s->fde.force_eof=0
W/ADB_SERVICES(  129): create_local_service_socket() name=shell:ls -l -d /emmc@cache/
D/ADB_SERVICES(  129): Calling send_ready local=7925, remote=10641
D/ADB_SERVICES(  129):  closing because is_eof=1 r=-1 s->fde.force_eof=0
W/ADB_SERVICES(  129): create_local_service_socket() name=shell:ls -l -d /emmc@ebr1/
D/ADB_SERVICES(  129): Calling send_ready local=7926, remote=10642
D/ADB_SERVICES(  129): adb socket read list (58) (61) (68) 
D/ADB_SERVICES(  129): read_data=21009
D/ADB_SERVICES(  129): max_read_time=0.000160 max_send_time=0.000128 
D/ADB_SERVICES(  129):  closing because is_eof=1 r=1 s->fde.force_eof=0
D/ADB_SERVICES(  129): adb local_socket_ready list (61) (58) (68) 
W/ADB_SERVICES(  129): create_local_service_socket() name=shell:ls -l -d /emmc@fat/
D/ADB_SERVICES(  129): Calling send_ready local=7927, remote=10643
D/ADB_SERVICES(  129):  closing because is_eof=1 r=1 s->fde.force_eof=0
W/ADB_SERVICES(  129): create_local_service_socket() name=shell:ls -l -d /emmc@sec_ro/
D/ADB_SERVICES(  129): Calling send_ready local=7928, remote=10644
D/ADB_SERVICES(  129):  closing because is_eof=1 r=1 s->fde.force_eof=0
W/ADB_SERVICES(  129): create_local_service_socket() name=shell:ls -l -d /emmc@usrdata/
D/ADB_SERVICES(  129): Calling send_ready local=7929, remote=10645
D/ADB_SERVICES(  129):  closing because is_eof=1 r=-1 s->fde.force_eof=0
D/ConnectivityService(  376): getActiveNetworkInfo:NetworkInfo: type: WIFI[], state: CONNECTED/CONNECTED, reason: (unspecified), extra: (none), roaming: false, failover: false, isAvailable: true, simId: 0/10102
D/ConnectivityService(  376): getActiveNetworkInfo:NetworkInfo: type: WIFI[], state: CONNECTED/CONNECTED, reason: (unspecified), extra: (none), roaming: false, failover: false, isAvailable: true, simId: 0/10102
I/System.out( 3364): [CDS]EAGAIN or EWOULDBLOCK in Recvfrom
I/System.out( 3364): [CDS]read byte is 0
I/System.out( 3364): [CDS]rx timeout:10000
I/System.out( 3364): [CDS]rx timeout:30000
D/ConnectivityService(  376): getActiveNetworkInfo:NetworkInfo: type: WIFI[], state: CONNECTED/CONNECTED, reason: (unspecified), extra: (none), roaming: false, failover: false, isAvailable: true, simId: 0/10102
W/ADB_SERVICES(  129): create_local_service_socket() name=shell:ls -l /
D/ADB_SERVICES(  129): Calling send_ready local=7930, remote=10651
D/ADB_SERVICES(  129): adb fdevent_process list (68) (27) (58) (61) 
D/ADB_SERVICES(  129):  closing because is_eof=1 r=1 s->fde.force_eof=0
W/ADB_SERVICES(  129): create_local_service_socket() name=shell:ls -l -d /emmc@android/
D/ADB_SERVICES(  129): Calling send_ready local=7931, remote=10652
D/ADB_SERVICES(  129):  closing because is_eof=1 r=1 s->fde.force_eof=0
W/ADB_SERVICES(  129): create_local_service_socket() name=shell:ls -l -d /emmc@cache/
D/ADB_SERVICES(  129): Calling send_ready local=7932, remote=10653
D/ADB_SERVICES(  129):  closing because is_eof=1 r=1 s->fde.force_eof=0
W/ADB_SERVICES(  129): create_local_service_socket() name=shell:ls -l -d /emmc@ebr1/
D/ADB_SERVICES(  129): Calling send_ready local=7933, remote=10654
D/ADB_SERVICES(  129): adb socket read list (58) (61) (68) 
D/ADB_SERVICES(  129): read_data=9440
D/ADB_SERVICES(  129): max_read_time=0.000061 max_send_time=0.000157 
D/ADB_SERVICES(  129): adb local_socket_ready list (61) (58) (68) 
D/ADB_SERVICES(  129):  closing because is_eof=1 r=-1 s->fde.force_eof=0
W/ADB_SERVICES(  129): create_local_service_socket() name=shell:ls -l -d /emmc@fat/
D/ADB_SERVICES(  129): Calling send_ready local=7934, remote=10655
D/ADB_SERVICES(  129):  closing because is_eof=1 r=1 s->fde.force_eof=0
W/ADB_SERVICES(  129): create_local_service_socket() name=shell:ls -l -d /emmc@sec_ro/
D/ADB_SERVICES(  129): Calling send_ready local=7935, remote=10656
D/ADB_SERVICES(  129):  closing because is_eof=1 r=1 s->fde.force_eof=0
W/ADB_SERVICES(  129): create_local_service_socket() name=shell:ls -l -d /emmc@usrdata/
D/ADB_SERVICES(  129): Calling send_ready local=7936, remote=10657
D/ADB_SERVICES(  129):  closing because is_eof=1 r=1 s->fde.force_eof=0
I/ActivityManager(  376): monitor Broadcast ANR process (28799)
D/ActivityManager(  376): Timeout binder: 28799:28799->92:0 1:read 28799:28799 to 92:0 spends 2000 ms (servicemanager) dex_code 1 start_at 235639.822 2013-05-17 09:17:06.159
D/ActivityManager(  376): Timeout binder: 28753:28753->92:0 1:read 28753:28753 to 92:0 spends 2000 ms (servicemanager) dex_code 1 start_at 235629.782 2013-05-17 09:16:56.119
D/ActivityManager(  376): Timeout binder: 28712:28712->92:0 1:read 28712:28712 to 92:0 spends 2000 ms (servicemanager) dex_code 1 start_at 235619.749 2013-05-17 09:16:46.086
D/ActivityManager(  376): Timeout binder: 28671:28671->92:0 1:read 28671:28671 to 92:0 spends 2000 ms (servicemanager) dex_code 1 start_at 235609.713 2013-05-17 09:16:36.050
D/ActivityManager(  376): Timeout binder: 28630:28630->92:0 1:read 28630:28630 to 92:0 spends 2000 ms (servicemanager) dex_code 1 start_at 235599.677 2013-05-17 09:16:26.014
D/ActivityManager(  376): Timeout binder: 28587:28587->92:0 1:read 28587:28587 to 92:0 spends 2000 ms (servicemanager) dex_code 1 start_at 235589.566 2013-05-17 09:16:15.903
D/ActivityManager(  376): Timeout binder: 28546:28546->92:0 1:read 28546:28546 to 92:0 spends 2000 ms (servicemanager) dex_code 1 start_at 235579.532 2013-05-17 09:16:05.870
D/ActivityManager(  376): Timeout binder: 28508:28508->92:0 1:read 28508:28508 to 92:0 spends 2000 ms (servicemanager) dex_code 1 start_at 235572.597 2013-05-17 09:15:58.934
D/ActivityManager(  376): Timeout binder: 28487:28487->92:0 1:read 28487:28487 to 92:0 spends 2000 ms (servicemanager) dex_code 1 start_at 235569.499 2013-05-17 09:15:55.836
D/ActivityManager(  376): Timeout binder: 28446:28446->92:0 1:read 28446:28446 to 92:0 spends 2000 ms (servicemanager) dex_code 1 start_at 235559.446 2013-05-17 09:15:45.783
D/ActivityManager(  376): Timeout binder: 28405:28405->92:0 1:read 28405:28405 to 92:0 spends 2000 ms (servicemanager) dex_code 1 start_at 235549.421 2013-05-17 09:15:35.758
D/ActivityManager(  376): Timeout binder: 28362:28362->92:0 1:read 28362:28362 to 92:0 spends 2000 ms (servicemanager) dex_code 1 start_at 235539.275 2013-05-17 09:15:25.612
D/ActivityManager(  376): Timeout binder: 28321:28321->92:0 1:read 28321:28321 to 92:0 spends 2000 ms (servicemanager) dex_code 1 start_at 235529.240 2013-05-17 09:15:15.577
D/ActivityManager(  376): Timeout binder: 28280:28280->92:0 1:read 28280:28280 to 92:0 spends 2000 ms (servicemanager) dex_code 1 start_at 235519.204 2013-05-17 09:15:05.542
D/ActivityManager(  376): Timeout binder: 28238:28238->92:0 1:read 28238:28238 to 92:0 spends 2000 ms (servicemanager) dex_code 1 start_at 235509.142 2013-05-17 09:14:55.479
D/ActivityManager(  376): Timeout binder: 28197:28197->92:0 1:read 28197:28197 to 92:0 spends 2000 ms (servicemanager) dex_code 1 start_at 235499.107 2013-05-17 09:14:45.444
D/ActivityManager(  376): Timeout binder: 28154:28154->92:0 1:read 28154:28154 to 92:0 spends 2000 ms (servicemanager) dex_code 1 start_at 235488.990 2013-05-17 09:14:35.327
D/ActivityManager(  376): Timeout binder: 28112:28112->92:0 1:read 28112:28112 to 92:0 spends 2000 ms (servicemanager) dex_code 1 start_at 235478.957 2013-05-17 09:14:25.295
D/ActivityManager(  376): Timeout binder: 28069:28069->92:0 1:read 28069:28069 to 92:0 spends 2000 ms (servicemanager) dex_code 1 start_at 235468.897 2013-05-17 09:14:15.235
D/ActivityManager(  376): Timeout binder: 28025:28025->92:0 1:read 28025:28025 to 92:0 spends 2000 ms (servicemanager) dex_code 1 start_at 235458.854 2013-05-17 09:14:05.192
D/ActivityManager(  376): Timeout binder: 27993:27993->92:0 1:read 27993:27993 to 92:0 spends 2000 ms (servicemanager) dex_code 1 start_at 235450.406 2013-05-17 09:13:56.743
D/ActivityManager(  376): Timeout binder: 27961:27961->92:0 1:read 27961:27961 to 92:0 spends 2000 ms (servicemanager) dex_code 1 start_at 235448.925 2013-05-17 09:13:55.263
D/ActivityManager(  376): Timeout binder: 27917:27917->92:0 1:read 27917:27917 to 92:0 spends 2000 ms (servicemanager) dex_code 1 start_at 235438.780 2013-05-17 09:13:45.117
D/ActivityManager(  376): Timeout binder: 27874:27874->92:0 1:read 27874:27874 to 92:0 spends 2000 ms (servicemanager) dex_code 1 start_at 235428.698 2013-05-17 09:13:35.035
D/ActivityManager(  376): Timeout binder: 27833:27833->92:0 1:read 27833:27833 to 92:0 spends 2000 ms (servicemanager) dex_code 1 start_at 235418.647 2013-05-17 09:13:24.984
D/ActivityManager(  376): Timeout binder: 27791:27791->92:0 1:read 27791:27791 to 92:0 spends 2000 ms (servicemanager) dex_code 1 start_at 235408.614 2013-05-17 09:13:14.951
D/ActivityManager(  376): Timeout binder: 27750:27750->92:0 1:read 27750:27750 to 92:0 spends 2000 ms (servicemanager) dex_code 1 start_at 235398.577 2013-05-17 09:13:04.914
D/ActivityManager(  376): Timeout binder: 27707:27707->92:0 1:read 27707:27707 to 92:0 spends 2000 ms (servicemanager) dex_code 1 start_at 235388.464 2013-05-17 09:12:54.801
D/ActivityManager(  376): Timeout binder: 27666:27666->92:0 1:read 27666:27666 to 92:0 spends 2000 ms (servicemanager) dex_code 1 start_at 235378.409 2013-05-17 09:12:44.746
D/ActivityManager(  376): Timeout binder: 27625:27625->92:0 1:read 27625:27625 to 92:0 spends 2000 ms (servicemanager) dex_code 1 start_at 235368.375 2013-05-17 09:12:34.712
D/ActivityManager(  376): Timeout binder: 27584:27584->92:0 1:read 27584:27584 to 92:0 spends 2000 ms (servicemanager) dex_code 1 start_at 235358.313 2013-05-17 09:12:24.650
D/ActivityManager(  376): Timeout binder: 27540:27540->92:0 1:read 27540:27540 to 92:0 spends 2000 ms (servicemanager) dex_code 1 start_at 235348.162 2013-05-17 09:12:14.500
D/ActivityManager(  376): Timeout binder: 27498:27498->92:0 1:read 27498:27498 to 92:0 spends 2000 ms (servicemanager) dex_code 1 start_at 235338.100 2013-05-17 09:12:04.437
D/ActivityManager(  376): Timeout binder: 27469:27469->92:0 1:read 27469:27469 to 92:0 spends 2000 ms (servicemanager) dex_code 1 start_at 235329.281 2013-05-17 09:11:55.618
D/ActivityManager(  376): Timeout binder: 27446:27446->92:0 1:read 27446:27446 to 92:0 spends 2000 ms (servicemanager) dex_code 1 start_at 235328.077 2013-05-17 09:11:54.414
D/ActivityManager(  376): Timeout binder: 27405:27405->92:0 1:read 27405:27405 to 92:0 spends 2000 ms (servicemanager) dex_code 1 start_at 235318.021 2013-05-17 09:11:44.358
D/ActivityManager(  376): Timeout binder: 27364:27364->92:0 1:read 27364:27364 to 92:0 spends 2000 ms (servicemanager) dex_code 1 start_at 235307.987 2013-05-17 09:11:34.324
D/ActivityManager(  376): Timeout binder: 27323:27323->92:0 1:read 27323:27323 to 92:0 spends 2000 ms (servicemanager) dex_code 1 start_at 235297.964 2013-05-17 09:11:24.301
D/ActivityManager(  376): Timeout binder: 27278:27278->92:0 1:read 27278:27278 to 92:0 spends 2000 ms (servicemanager) dex_code 1 start_at 235287.843 2013-05-17 09:11:14.180
D/ActivityManager(  376): Timeout binder: 27235:27235->92:0 1:read 27235:27235 to 92:0 spends 2000 ms (servicemanager) dex_code 1 start_at 235277.784 2013-05-17 09:11:04.121
D/ActivityManager(  376): Timeout binder: 27192:27192->92:0 1:read 27192:27192 to 92:0 spends 2000 ms (servicemanager) dex_code 1 start_at 235267.748 2013-05-17 09:10:54.085
D/ActivityManager(  376): Timeout binder: 27151:27151->92:0 1:read 27151:27151 to 92:0 spends 2000 ms (servicemanager) dex_code 1 start_at 235257.759 2013-05-17 09:10:44.096
D/ActivityManager(  376): Timeout binder: 27109:27109->92:0 1:read 27109:27109 to 92:0 spends 2000 ms (servicemanager) dex_code 1 start_at 235247.730 2013-05-17 09:10:34.068
D/ActivityManager(  376): Timeout binder: 27065:27065->92:0 1:read 27065:27065 to 92:0 spends 2000 ms (servicemanager) dex_code 1 start_at 235237.591 2013-05-17 09:10:23.928
D/ActivityManager(  376): Timeout binder: 27024:27024->92:0 1:read 27024:27024 to 92:0 spends 2000 ms (servicemanager) dex_code 1 start_at 235227.509 2013-05-17 09:10:13.847
D/ActivityManager(  376): Timeout binder: 26982:26982->92:0 1:read 26982:26982 to 92:0 spends 2000 ms (servicemanager) dex_code 1 start_at 235217.490 2013-05-17 09:10:03.827
D/ActivityManager(  376): Timeout binder: 26948:26948->92:0 1:read 26948:26948 to 92:0 spends 2000 ms (servicemanager) dex_code 1 start_at 235209.302 2013-05-17 09:09:55.640
D/ActivityManager(  376): Timeout binder: 26925:26925->92:0 1:read 26925:26925 to 92:0 spends 2000 ms (servicemanager) dex_code 1 start_at 235207.429 2013-05-17 09:09:53.767
D/ActivityManager(  376): Timeout binder: 26882:26882->92:0 1:read 26882:26882 to 92:0 spends 2000 ms (servicemanager) dex_code 1 start_at 235197.389 2013-05-17 09:09:43.727
D/ActivityManager(  376): Timeout binder: 26839:26839->92:0 1:read 26839:26839 to 92:0 spends 2000 ms (servicemanager) dex_code 1 start_at 235187.267 2013-05-17 09:09:33.604
D/ActivityManager(  376): Timeout binder: 26798:26798->92:0 1:read 26798:26798 to 92:0 spends 2000 ms (servicemanager) dex_code 1 start_at 235177.232 2013-05-17 09:09:23.570
D/ActivityManager(  376): Timeout binder: 26757:26757->92:0 1:read 26757:26757 to 92:0 spends 2000 ms (servicemanager) dex_code 1 start_at 235167.202 2013-05-17 09:09:13.539
D/ActivityManager(  376): Timeout binder: 26716:26716->92:0 1:read 26716:26716 to 92:0 spends 2000 ms (servicemanager) dex_code 1 start_at 235157.168 2013-05-17 09:09:03.505
D/ActivityManager(  376): Timeout binder: 26674:26674->92:0 1:read 26674:26674 to 92:0 spends 2000 ms (servicemanager) dex_code 1 start_at 235147.139 2013-05-17 09:08:53.476
D/ActivityManager(  376): Timeout binder: 26632:26632->92:0 1:read 26632:26632 to 92:0 spends 2000 ms (servicemanager) dex_code 1 start_at 235137.097 2013-05-17 09:08:43.434
D/ActivityManager(  376): Timeout binder: 26591:26591->92:0 1:read 26591:26591 to 92:0 spends 2000 ms (servicemanager) dex_code 1 start_at 235127.056 2013-05-17 09:08:33.393
D/ActivityManager(  376): Timeout binder: 26550:26550->92:0 1:read 26550:26550 to 92:0 spends 2000 ms (servicemanager) dex_code 1 start_at 235117.025 2013-05-17 09:08:23.363
D/ActivityManager(  376): Timeout binder: 26509:26509->92:0 1:read 26509:26509 to 92:0 spends 2000 ms (servicemanager) dex_code 1 start_at 235107.007 2013-05-17 09:08:13.345
D/ActivityManager(  376): Timeout binder: 26468:26468->92:0 1:read 26468:26468 to 92:0 spends 2000 ms (servicemanager) dex_code 1 start_at 235096.982 2013-05-17 09:08:03.320
D/ActivityManager(  376): Timeout binder: 26414:26414->92:0 1:read 26414:26414 to 92:0 spends 2000 ms (servicemanager) dex_code 1 start_at 235087.381 2013-05-17 09:07:53.718
D/ActivityManager(  376): Timeout binder: 26415:26415->92:0 1:read 26415:26415 to 92:0 spends 2000 ms (servicemanager) dex_code 1 start_at 235086.942 2013-05-17 09:07:53.279
D/ActivityManager(  376): Timeout binder: 26365:26365->92:0 1:read 26365:26365 to 92:0 spends 2000 ms (servicemanager) dex_code 1 start_at 235076.769 2013-05-17 09:07:43.107
D/ActivityManager(  376): Timeout binder: 26324:26324->92:0 1:read 26324:26324 to 92:0 spends 2000 ms (servicemanager) dex_code 1 start_at 235066.705 2013-05-17 09:07:33.042
D/ActivityManager(  376): Timeout binder: 26283:26283->92:0 1:read 26283:26283 to 92:0 spends 2000 ms (servicemanager) dex_code 1 start_at 235056.647 2013-05-17 09:07:22.984
D/ActivityManager(  376): Timeout binder pid found: 92 1:read 28799:28799 to 92:0 spends 2000 ms (servicemanager) dex_code 1 start_at 235639.822 2013-05-17 09:17:06.159
D/ActivityManager(  376): getTimeoutBinderPidList pid added: 92 1:read 28799:28799 to 92:0 spends 2000 ms (servicemanager) dex_code 1 start_at 235639.822 2013-05-17 09:17:06.159
D/dalvikvm(  376): create interp thread : stack size=32KB
D/dalvikvm(  376): create new thread
D/dalvikvm(  376): new thread created
D/dalvikvm(  376): update thread list
D/dalvikvm(  376): threadid=114: interp stack at 0x58795000
D/dalvikvm(  376): threadid=114: created from interp
D/dalvikvm(  376): start new thread
D/dalvikvm(  376): threadid=114: notify debugger
D/dalvikvm(  376): threadid=114 (preDumpStackTraces): calling run()
D/ActivityManager(  376): preDumpStackTraces Begin tracePath:/data/anr/mtk_traces.txt
I/ActivityManager(  376): preDumpStackTraces process: 28799 parent: 104 zygote: 104
I/Process (  376): Sending signal. PID: 28799 SIG: 16
I/dalvikvm(28799): threadid=3: reacting to signal 16
D/dalvikvm(28799): Prepare stack traces for '/data/anr/mtk_traces.txt' done
I/dalvikvm(28799): Wrote stack traces to '/data/anr/mtk_traces.txt'
I/ActivityManager(  376): preDumpStackTraces process: 376 parent: 104 zygote: 104
I/Process (  376): Sending signal. PID: 376 SIG: 16
I/dalvikvm(  376): threadid=3: reacting to signal 16
D/dalvikvm(  376): Prepare stack traces for '/data/anr/mtk_traces.txt' done
W/ActivityManager(  376): Process ProcessRecord{41b06848 28799:com.baidu.searchbox/u0a140} failed to attach
W/ActivityManager(  376): Unattached app died before broadcast acknowledged, skipping
W/ActivityManager(  376): Unattached app died before broadcast acknowledged, skipping
V/Provider/Setting(  376): from settings cache , name = read_external_storage_enforced_default value = null
D/Zygote  (  104): SelectLoop : runOnce
D/Zygote  (  104): read arg list
D/Zygote  (  104): prepare new stderr
D/Zygote  (  104): parse args
D/Zygote  (  104): before fork
D/dalvikvm(  104): threadid=2: exiting
D/dalvikvm(  104): threadid=2: bye!
D/dalvikvm(  104): threadid=3: exiting
D/dalvikvm(  104): threadid=3: bye!
D/dalvikvm(  104): threadid=4: exiting
D/dalvikvm(  104): threadid=4: bye!
D/dalvikvm(  104): pre gc
D/dalvikvm(  104): Zygote::ForkAndSpecialize +
D/dalvikvm(  104): Zygote::ForkAndSpecialize : 28841
D/dalvikvm(  104): create interp thread : stack size=32KB
D/dalvikvm(  104): create new thread
D/dalvikvm(  104): new thread created
D/dalvikvm(  104): update thread list
D/dalvikvm(  104): threadid=2: interp stack at 0x4f001000
D/dalvikvm(  104): threadid=2: created from interp
D/dalvikvm(  104): start new thread
D/dalvikvm(  104): create interp thread : stack size=32KB
D/dalvikvm(  104): create new thread
D/dalvikvm(  104): new thread created
D/dalvikvm(  104): update thread list
D/dalvikvm(  104): threadid=2: notify debugger
D/dalvikvm(  104): threadid=2 (ReferenceQueueDaemon): calling run()
D/dalvikvm(28841): Zygote::ForkAndSpecialize : 0
D/dalvikvm(28841): zygote get new systemTid : 28841
W/ADB_SERVICES(  129): terminating JDWP 28799 connection: Try again
D/ADB_SERVICES(  129): remove pid 28799 to jdwp process list
I/dalvikvm(  376): Wrote stack traces to '/data/anr/mtk_traces.txt'
D/dalvikvm(  104): threadid=3: interp stack at 0x4f109000
D/dalvikvm(  104): threadid=3: created from interp
D/dalvikvm(  104): start new thread
D/dalvikvm(  104): create interp thread : stack size=32KB
D/dalvikvm(  104): create new thread
D/dalvikvm(  104): new thread created
D/dalvikvm(  104): update thread list
D/dalvikvm(  104): threadid=3: notify debugger
D/dalvikvm(  104): threadid=3 (FinalizerDaemon): calling run()
I/ActivityManager(  376): preDumpStackTraces process: 92 parent: 78 zygote: 104
D/AEE/AED (   97): $===AEE===AEE===AEE===$
D/AEE/AED (   97): p 0 poll events 1 revents 0
D/AEE/AED (   97): not know revents:0
D/AEE/AED (   97): p 1 poll events 1 revents 0
D/AEE/AED (   97): not know revents:0
D/AEE/AED (   97): p 2 poll events 1 revents 1
D/AEE/AED (   97): aed_main_fork_worker: generator 0xa71150, worker 0xbe956a80, recv_fd 15
D/AEE/AED (   97): p 3 poll events 1 revents 0
D/AEE/AED (   97): not know revents:0
D/AEE/AED (   97): p 4 poll events 1 revents 0
D/AEE/AED (   97): not know revents:0
I/DEBUG   (28846): handle_request(15)
I/DEBUG   (28846): BOOM: pid=92 uid=1000 gid=1000 tid=92
D/dalvikvm(28841): threadid=2: interp stack at 0x4f101000
D/dalvikvm(28841): threadid=3: interp stack at 0x4f209000
D/jdwp    (28841): prepping for JDWP over ADB
D/jdwp    (28841): ADB transport startup
D/dalvikvm(  104): threadid=4: interp stack at 0x4f211000
D/dalvikvm(  104): threadid=4: created from interp
D/dalvikvm(  104): start new thread
D/Zygote  (  104): fork pid : 28841
D/dalvikvm(  104): threadid=4: notify debugger
D/dalvikvm(  104): threadid=4 (FinalizerWatchdogDaemon): calling run()
I/ActivityManager(  376): Start proc com.baidu.searchbox for broadcast com.baidu.searchbox/.widget.QuickSearchWidgetProvider: pid=28841 uid=10140 gids={1006, 1013, 3003, 1015, 1028}
D/dalvikvm(28841): Elevating priority from 0 to -8
D/dalvikvm(28841): threadid=4: interp stack at 0x4f311000
D/jdwp    (28841): JDWP: thread running
D/jdwp    (28841): acceptConnection
D/ADB_SERVICES(  129): Adding socket 15 pid 28841 to jdwp process list
D/jdwp    (28841): trying to receive file descriptor from ADB
D/dalvikvm(28841): threadid=5: interp stack at 0x516f7000
D/dalvikvm(28841): zygote get thread init done
D/dalvikvm(28841): create interp thread : stack size=32KB
D/dalvikvm(28841): create new thread
D/dalvikvm(28841): new thread created
D/dalvikvm(28841): update thread list
D/dalvikvm(28841): threadid=6: interp stack at 0x516ff000
D/dalvikvm(28841): threadid=6: created from interp
D/dalvikvm(28841): start new thread
D/dalvikvm(28841): create interp thread : stack size=32KB
D/dalvikvm(28841): create new thread
D/dalvikvm(28841): new thread created
D/dalvikvm(28841): update thread list
D/dalvikvm(28841): threadid=6: notify debugger
D/dalvikvm(28841): threadid=6 (ReferenceQueueDaemon): calling run()
D/dalvikvm(28841): threadid=7: interp stack at 0x51807000
D/dalvikvm(28841): threadid=7: created from interp
D/dalvikvm(28841): start new thread
D/dalvikvm(28841): create interp thread : stack size=32KB
D/dalvikvm(28841): create new thread
D/dalvikvm(28841): new thread created
D/dalvikvm(28841): update thread list
D/dalvikvm(28841): threadid=7: notify debugger
D/dalvikvm(28841): threadid=7 (FinalizerDaemon): calling run()
D/dalvikvm(28841): threadid=8: interp stack at 0x5190f000
D/dalvikvm(28841): threadid=8: created from interp
D/dalvikvm(28841): start new thread
D/Zygote  (28841): fork pid : 0
D/dalvikvm(28841): threadid=8: notify debugger
D/dalvikvm(28841): threadid=8 (FinalizerWatchdogDaemon): calling run()
D/dalvikvm(28841): threadid=9: interp stack at 0x51d15000
D/dalvikvm(28841): threadid=10: interp stack at 0x51e1d000
I/DEBUG   (28846): stopped -- dumping to fd
D/AEE/AED (   97): $===AEE===AEE===AEE===$
D/AEE/AED (   97): p 0 poll events 1 revents 0
D/AEE/AED (   97): not know revents:0
D/AEE/AED (   97): p 1 poll events 1 revents 0
D/AEE/AED (   97): not know revents:0
D/AEE/AED (   97): p 2 poll events 1 revents 0
D/AEE/AED (   97): not know revents:0
D/AEE/AED (   97): p 3 poll events 1 revents 0
D/AEE/AED (   97): not know revents:0
D/AEE/AED (   97): p 4 poll events 1 revents 0
D/AEE/AED (   97): not know revents:0
D/ActivityManager(  376): preDumpStackTraces End
D/dalvikvm(  376): threadid=114: exiting
D/dalvikvm(  376): threadid=114: bye!
D/ConnectivityService(  376): getActiveNetworkInfo:NetworkInfo: type: WIFI[], state: CONNECTED/CONNECTED, reason: (unspecified), extra: (none), roaming: false, failover: false, isAvailable: true, simId: 0/10102
D/ADB_SERVICES(  129): Calling send_ready local=6149, remote=7671
D/dalvikvm(  458): GC_EXPLICIT freed 328K, 18% free 15520K/18743K, paused 2ms+8ms, total 48ms
D/ConnectivityService(  376): getActiveNetworkInfo:NetworkInfo: type: WIFI[], state: CONNECTED/CONNECTED, reason: (unspecified), extra: (none), roaming: false, failover: false, isAvailable: true, simId: 0/10102
W/ADB_SERVICES(  129): create_local_service_socket() name=shell:ls -l /
D/ADB_SERVICES(  129): Calling send_ready local=7937, remote=10663
D/ADB_SERVICES(  129): adb fdevent_process list (68) (27) (58) (61) (15) (11) (47) 
D/ADB_SERVICES(  129):  closing because is_eof=1 r=1 s->fde.force_eof=0
W/ADB_SERVICES(  129): create_local_service_socket() name=shell:ls -l -d /emmc@android/
D/ADB_SERVICES(  129): Calling send_ready local=7938, remote=10664
D/ADB_SERVICES(  129):  closing because is_eof=1 r=1 s->fde.force_eof=0
W/ADB_SERVICES(  129): create_local_service_socket() name=shell:ls -l -d /emmc@cache/
D/ADB_SERVICES(  129): Calling send_ready local=7939, remote=10665
D/ADB_SERVICES(  129):  closing because is_eof=1 r=1 s->fde.force_eof=0
W/ADB_SERVICES(  129): create_local_service_socket() name=shell:ls -l -d /emmc@ebr1/
D/ADB_SERVICES(  129): Calling send_ready local=7940, remote=10666
D/ADB_SERVICES(  129): adb socket read list (58) (61) (68) (47) 
D/ADB_SERVICES(  129): read_data=70053
D/ADB_SERVICES(  129): max_read_time=0.000270 max_send_time=0.000771 
D/ADB_SERVICES(  129): adb local_socket_ready list (58) (61) (68) (47) 
D/ADB_SERVICES(  129):  closing because is_eof=1 r=-1 s->fde.force_eof=0
W/ADB_SERVICES(  129): create_local_service_socket() name=shell:ls -l -d /emmc@fat/
D/ADB_SERVICES(  129): Calling send_ready local=7941, remote=10667
D/ADB_SERVICES(  129):  closing because is_eof=1 r=1 s->fde.force_eof=0
W/ADB_SERVICES(  129): create_local_service_socket() name=shell:ls -l -d /emmc@sec_ro/
D/ADB_SERVICES(  129): Calling send_ready local=7942, remote=10668
D/ADB_SERVICES(  129):  closing because is_eof=1 r=1 s->fde.force_eof=0
W/ADB_SERVICES(  129): create_local_service_socket() name=shell:ls -l -d /emmc@usrdata/
D/ADB_SERVICES(  129): Calling send_ready local=7943, remote=10669
D/ADB_SERVICES(  129):  closing because is_eof=1 r=-1 s->fde.force_eof=0
D/ConnectivityService(  376): getActiveNetworkInfo:NetworkInfo: type: WIFI[], state: CONNECTED/CONNECTED, reason: (unspecified), extra: (none), roaming: false, failover: false, isAvailable: true, simId: 0/10102
