D/Zygote  (  104): read arg list
D/Zygote  (  104): prepare new stderr
D/Zygote  (  104): parse args
D/Zygote  (  104): before fork
D/dalvikvm(  104): threadid=2: exiting
D/dalvikvm(  104): threadid=2: bye!
D/dalvikvm(  104): threadid=3: exiting
D/dalvikvm(  104): threadid=3: bye!
D/dalvikvm(  104): threadid=4: exiting
D/dalvikvm(  104): threadid=4: bye!
D/dalvikvm(  104): pre gc
D/dalvikvm(  104): Zygote::ForkAndSpecialize +
D/dalvikvm(  104): Zygote::ForkAndSpecialize : 28197
D/dalvikvm(  104): create interp thread : stack size=32KB
D/dalvikvm(  104): create new thread
D/dalvikvm(  104): new thread created
D/dalvikvm(  104): update thread list
W/ADB_SERVICES(  129): terminating JDWP 28154 connection: Try again
D/ADB_SERVICES(  129): remove pid 28154 to jdwp process list
D/dalvikvm(  104): threadid=2: interp stack at 0x4f001000
D/dalvikvm(  104): threadid=2: created from interp
D/dalvikvm(  104): start new thread
D/dalvikvm(  104): create interp thread : stack size=32KB
D/dalvikvm(  104): create new thread
D/dalvikvm(  104): new thread created
D/dalvikvm(  104): update thread list
D/dalvikvm(  104): threadid=2: notify debugger
D/dalvikvm(  104): threadid=2 (ReferenceQueueDaemon): calling run()
D/dalvikvm(28197): Zygote::ForkAndSpecialize : 0
D/dalvikvm(28197): zygote get new systemTid : 28197
D/dalvikvm(28197): threadid=2: interp stack at 0x4f101000
D/dalvikvm(28197): threadid=3: interp stack at 0x4f209000
I/DEBUG   (28196): stopped -- dumping to fd
D/AEE/AED (   97): $===AEE===AEE===AEE===$
D/AEE/AED (   97): p 0 poll events 1 revents 0
D/AEE/AED (   97): not know revents:0
D/AEE/AED (   97): p 1 poll events 1 revents 0
D/AEE/AED (   97): not know revents:0
D/AEE/AED (   97): p 2 poll events 1 revents 0
D/AEE/AED (   97): not know revents:0
D/AEE/AED (   97): p 3 poll events 1 revents 0
D/AEE/AED (   97): not know revents:0
D/AEE/AED (   97): p 4 poll events 1 revents 0
D/AEE/AED (   97): not know revents:0
D/ActivityManager(  376): preDumpStackTraces End
D/dalvikvm(  376): threadid=114: exiting
D/dalvikvm(  376): threadid=114: bye!
D/jdwp    (28197): prepping for JDWP over ADB
D/jdwp    (28197): ADB transport startup
D/dalvikvm(28197): Elevating priority from 0 to -8
D/dalvikvm(28197): threadid=4: interp stack at 0x4f311000
D/jdwp    (28197): JDWP: thread running
D/jdwp    (28197): acceptConnection
D/ADB_SERVICES(  129): Adding socket 15 pid 28197 to jdwp process list
D/jdwp    (28197): trying to receive file descriptor from ADB
D/dalvikvm(28197): threadid=5: interp stack at 0x516f7000
D/dalvikvm(28197): zygote get thread init done
D/dalvikvm(28197): create interp thread : stack size=32KB
D/dalvikvm(28197): create new thread
D/dalvikvm(  104): threadid=3: interp stack at 0x4f109000
D/dalvikvm(  104): threadid=3: created from interp
D/dalvikvm(28197): new thread created
D/dalvikvm(28197): update thread list
D/dalvikvm(  104): start new thread
D/dalvikvm(  104): create interp thread : stack size=32KB
D/dalvikvm(  104): create new thread
D/dalvikvm(  104): new thread created
D/dalvikvm(  104): update thread list
D/dalvikvm(28197): threadid=6: interp stack at 0x516ff000
D/dalvikvm(  104): threadid=3: notify debugger
D/dalvikvm(  104): threadid=3 (FinalizerDaemon): calling run()
D/dalvikvm(28197): threadid=6: created from interp
D/dalvikvm(28197): start new thread
D/dalvikvm(28197): create interp thread : stack size=32KB
D/dalvikvm(28197): create new thread
D/dalvikvm(28197): new thread created
D/dalvikvm(28197): update thread list
D/dalvikvm(28197): threadid=6: notify debugger
D/dalvikvm(28197): threadid=6 (ReferenceQueueDaemon): calling run()
D/dalvikvm(28197): threadid=7: interp stack at 0x51807000
D/dalvikvm(28197): threadid=7: created from interp
D/dalvikvm(28197): start new thread
D/dalvikvm(28197): create interp thread : stack size=32KB
D/dalvikvm(28197): create new thread
D/dalvikvm(28197): new thread created
D/dalvikvm(28197): update thread list
D/dalvikvm(28197): threadid=7: notify debugger
D/dalvikvm(28197): threadid=7 (FinalizerDaemon): calling run()
D/dalvikvm(28197): threadid=8: interp stack at 0x5190f000
D/dalvikvm(28197): threadid=8: created from interp
D/dalvikvm(28197): start new thread
D/Zygote  (28197): fork pid : 0
D/dalvikvm(  104): threadid=4: interp stack at 0x4f211000
D/dalvikvm(  104): threadid=4: created from interp
D/dalvikvm(  104): start new thread
D/Zygote  (  104): fork pid : 28197
D/dalvikvm(  104): threadid=4: notify debugger
D/dalvikvm(  104): threadid=4 (FinalizerWatchdogDaemon): calling run()
I/ActivityManager(  376): Start proc com.baidu.searchbox for broadcast com.baidu.searchbox/.widget.QuickSearchWidgetProvider: pid=28197 uid=10140 gids={1006, 1013, 3003, 1015, 1028}
D/dalvikvm(28197): threadid=8: notify debugger
D/dalvikvm(28197): threadid=8 (FinalizerWatchdogDaemon): calling run()
D/dalvikvm(28197): threadid=9: interp stack at 0x51d15000
D/dalvikvm(28197): threadid=10: interp stack at 0x51e1d000
D/ConnectivityService(  376): getActiveNetworkInfo:NetworkInfo: type: WIFI[], state: CONNECTED/CONNECTED, reason: (unspecified), extra: (none), roaming: false, failover: false, isAvailable: true, simId: 0/10102
D/dalvikvm(  458): GC_EXPLICIT freed 268K, 18% free 15520K/18743K, paused 2ms+7ms, total 46ms
D/ConnectivityService(  376): getActiveNetworkInfo:NetworkInfo: type: WIFI[], state: CONNECTED/CONNECTED, reason: (unspecified), extra: (none), roaming: false, failover: false, isAvailable: true, simId: 0/10102
W/ADB_SERVICES(  129): create_local_service_socket() name=shell:ls -l /
D/ADB_SERVICES(  129): Calling send_ready local=7721, remote=10293
D/ADB_SERVICES(  129): adb fdevent_process list (61) (27) (58) (15) (11) 
D/ADB_SERVICES(  129):  closing because is_eof=1 r=-1 s->fde.force_eof=0
W/ADB_SERVICES(  129): create_local_service_socket() name=shell:ls -l -d /emmc@android/
D/ADB_SERVICES(  129): Calling send_ready local=7722, remote=10294
D/ADB_SERVICES(  129): adb local_socket_ready list (58) (61) 
D/ADB_SERVICES(  129): adb socket read list (58) (61) 
D/ADB_SERVICES(  129): read_data=31650
D/ADB_SERVICES(  129): max_read_time=0.000125 max_send_time=0.000136 
D/ADB_SERVICES(  129):  closing because is_eof=1 r=1 s->fde.force_eof=0
W/ADB_SERVICES(  129): create_local_service_socket() name=shell:ls -l -d /emmc@cache/
D/ADB_SERVICES(  129): Calling send_ready local=7723, remote=10295
D/ADB_SERVICES(  129):  closing because is_eof=1 r=1 s->fde.force_eof=0
W/ADB_SERVICES(  129): create_local_service_socket() name=shell:ls -l -d /emmc@ebr1/
D/ADB_SERVICES(  129): Calling send_ready local=7724, remote=10296
D/ADB_SERVICES(  129):  closing because is_eof=1 r=1 s->fde.force_eof=0
W/ADB_SERVICES(  129): create_local_service_socket() name=shell:ls -l -d /emmc@fat/
D/ADB_SERVICES(  129): Calling send_ready local=7725, remote=10297
D/ADB_SERVICES(  129):  closing because is_eof=1 r=-1 s->fde.force_eof=0
D/ConnectivityService(  376): getActiveNetworkInfo:NetworkInfo: type: WIFI[], state: CONNECTED/CONNECTED, reason: (unspecified), extra: (none), roaming: false, failover: false, isAvailable: true, simId: 0/10102
W/ADB_SERVICES(  129): create_local_service_socket() name=shell:ls -l -d /emmc@sec_ro/
D/ADB_SERVICES(  129): Calling send_ready local=7726, remote=10299
D/ADB_SERVICES(  129):  closing because is_eof=1 r=-1 s->fde.force_eof=0
W/ADB_SERVICES(  129): create_local_service_socket() name=shell:ls -l -d /emmc@usrdata/
D/ADB_SERVICES(  129): Calling send_ready local=7727, remote=10300
D/ADB_SERVICES(  129):  closing because is_eof=1 r=1 s->fde.force_eof=0
D/ConnectivityService(  376): getActiveNetworkInfo:NetworkInfo: type: WIFI[], state: CONNECTED/CONNECTED, reason: (unspecified), extra: (none), roaming: false, failover: false, isAvailable: true, simId: 0/10102
V/ActivityManager(  376): getTasks: max=5, flags=0, receiver=null
V/ActivityManager(  376): com.example.neon/.HelloNeon: task=TaskRecord{42d0c778 #232 A com.example.neon U 0}
V/ActivityManager(  376): com.lewa.launcher/.Launcher: task=TaskRecord{41f7c6a8 #2 A com.lewa.launcher U 0}
V/ActivityManager(  376): com.tencent.android.qqdownloader/com.tencent.android.ui.UpdateManageActivity: task=TaskRecord{42825800 #196 A com.tencent.android.qqdownloader U 0}
V/ActivityManager(  376): com.tencent.android.qqdownloader/.QQDownloader: task=TaskRecord{42825800 #196 A com.tencent.android.qqdownloader U 0}
V/ActivityManager(  376): com.UCMobile/com.uc.browser.InnerUCMobile: task=TaskRecord{42b80438 #182 A com.UCMobile U 0}
V/ActivityManager(  376): com.chaozh.iReaderFree15/com.zhangyue.iReader.read.ui.Activity_BookBrowser_TXT: task=TaskRecord{428d2808 #106 A com.chaozh.iReaderFree15 U 0}
V/ActivityManager(  376): com.chaozh.iReaderFree15/com.zhangyue.iReader.bookshelf.ui.ActivityBookShelf: task=TaskRecord{428d2808 #106 A com.chaozh.iReaderFree15 U 0}
V/ActivityManager(  376): We have pending thumbnails: null
D/ConnectivityService(  376): getActiveNetworkInfo:NetworkInfo: type: WIFI[], state: CONNECTED/CONNECTED, reason: (unspecified), extra: (none), roaming: false, failover: false, isAvailable: true, simId: 0/10102
W/ADB_SERVICES(  129): create_local_service_socket() name=shell:ls -l /
D/ADB_SERVICES(  129): Calling send_ready local=7728, remote=10305
D/ADB_SERVICES(  129): adb fdevent_process list (61) (27) (58) 
D/ADB_SERVICES(  129):  closing because is_eof=1 r=-1 s->fde.force_eof=0
W/ADB_SERVICES(  129): create_local_service_socket() name=shell:ls -l -d /emmc@android/
D/ADB_SERVICES(  129): Calling send_ready local=7729, remote=10306
D/ADB_SERVICES(  129): adb local_socket_ready list (58) (61) 
D/ADB_SERVICES(  129): adb socket read list (58) (61) 
D/ADB_SERVICES(  129): read_data=7806
D/ADB_SERVICES(  129): max_read_time=0.000054 max_send_time=0.000115 
D/ADB_SERVICES(  129):  closing because is_eof=1 r=1 s->fde.force_eof=0
W/ADB_SERVICES(  129): create_local_service_socket() name=shell:ls -l -d /emmc@cache/
D/ADB_SERVICES(  129): Calling send_ready local=7730, remote=10307
D/ADB_SERVICES(  129):  closing because is_eof=1 r=1 s->fde.force_eof=0
W/ADB_SERVICES(  129): create_local_service_socket() name=shell:ls -l -d /emmc@ebr1/
D/ADB_SERVICES(  129): Calling send_ready local=7731, remote=10308
D/ADB_SERVICES(  129):  closing because is_eof=1 r=1 s->fde.force_eof=0
W/ADB_SERVICES(  129): create_local_service_socket() name=shell:ls -l -d /emmc@fat/
D/ADB_SERVICES(  129): Calling send_ready local=7732, remote=10309
D/ADB_SERVICES(  129):  closing because is_eof=1 r=1 s->fde.force_eof=0
W/ADB_SERVICES(  129): create_local_service_socket() name=shell:ls -l -d /emmc@sec_ro/
D/ADB_SERVICES(  129): Calling send_ready local=7733, remote=10311
D/ADB_SERVICES(  129):  closing because is_eof=1 r=1 s->fde.force_eof=0
W/ADB_SERVICES(  129): create_local_service_socket() name=shell:ls -l -d /emmc@usrdata/
D/ADB_SERVICES(  129): Calling send_ready local=7734, remote=10312
D/ADB_SERVICES(  129):  closing because is_eof=1 r=1 s->fde.force_eof=0
W/ActivityManager(  376): Process ProcessRecord{41dc2680 28197:com.baidu.searchbox/u0a140} failed to attach
W/ActivityManager(  376): Unattached app died before broadcast acknowledged, skipping
W/ActivityManager(  376): Unattached app died before broadcast acknowledged, skipping
V/Provider/Setting(  376): from settings cache , name = read_external_storage_enforced_default value = null
D/Zygote  (  104): SelectLoop : runOnce
D/Zygote  (  104): read arg list
D/Zygote  (  104): prepare new stderr
D/Zygote  (  104): parse args
D/Zygote  (  104): before fork
D/dalvikvm(  104): threadid=2: exiting
D/dalvikvm(  104): threadid=2: bye!
D/dalvikvm(  104): threadid=3: exiting
D/dalvikvm(  104): threadid=3: bye!
D/dalvikvm(  104): threadid=4: exiting
D/dalvikvm(  104): threadid=4: bye!
D/dalvikvm(  104): pre gc
D/dalvikvm(  104): Zygote::ForkAndSpecialize +
D/dalvikvm(  104): Zygote::ForkAndSpecialize : 28238
D/dalvikvm(  104): create interp thread : stack size=32KB
D/dalvikvm(  104): create new thread
D/dalvikvm(  104): new thread created
D/dalvikvm(  104): update thread list
W/ADB_SERVICES(  129): terminating JDWP 28197 connection: Try again
D/ADB_SERVICES(  129): remove pid 28197 to jdwp process list
D/dalvikvm(  104): threadid=2: interp stack at 0x4f001000
D/dalvikvm(  104): threadid=2: created from interp
D/dalvikvm(28238): Zygote::ForkAndSpecialize : 0
D/dalvikvm(  104): start new thread
D/dalvikvm(  104): create interp thread : stack size=32KB
D/dalvikvm(  104): create new thread
D/dalvikvm(  104): new thread created
D/dalvikvm(  104): update thread list
D/dalvikvm(  104): threadid=2: notify debugger
D/dalvikvm(  104): threadid=2 (ReferenceQueueDaemon): calling run()
D/dalvikvm(28238): zygote get new systemTid : 28238
D/dalvikvm(28238): threadid=2: interp stack at 0x4f101000
D/dalvikvm(28238): threadid=3: interp stack at 0x4f209000
D/jdwp    (28238): prepping for JDWP over ADB
D/jdwp    (28238): ADB transport startup
D/dalvikvm(28238): Elevating priority from 0 to -8
D/dalvikvm(28238): threadid=4: interp stack at 0x4f311000
D/jdwp    (28238): JDWP: thread running
D/jdwp    (28238): acceptConnection
D/ADB_SERVICES(  129): Adding socket 15 pid 28238 to jdwp process list
D/jdwp    (28238): trying to receive file descriptor from ADB
D/dalvikvm(28238): threadid=5: interp stack at 0x516f7000
D/dalvikvm(28238): zygote get thread init done
D/dalvikvm(28238): create interp thread : stack size=32KB
D/dalvikvm(28238): create new thread
D/dalvikvm(28238): new thread created
D/dalvikvm(28238): update thread list
D/dalvikvm(28238): threadid=6: interp stack at 0x516ff000
D/dalvikvm(28238): threadid=6: created from interp
D/dalvikvm(28238): start new thread
D/dalvikvm(28238): create interp thread : stack size=32KB
D/dalvikvm(28238): create new thread
D/dalvikvm(28238): new thread created
D/dalvikvm(28238): update thread list
D/dalvikvm(28238): threadid=6: notify debugger
D/dalvikvm(28238): threadid=6 (ReferenceQueueDaemon): calling run()
D/dalvikvm(28238): threadid=7: interp stack at 0x51807000
D/dalvikvm(28238): threadid=7: created from interp
D/dalvikvm(28238): start new thread
D/dalvikvm(28238): create interp thread : stack size=32KB
D/dalvikvm(28238): create new thread
D/dalvikvm(  104): threadid=3: interp stack at 0x4f109000
D/dalvikvm(  104): threadid=3: created from interp
D/dalvikvm(  104): start new thread
D/dalvikvm(  104): create interp thread : stack size=32KB
D/dalvikvm(  104): create new thread
D/dalvikvm(  104): new thread created
D/dalvikvm(  104): update thread list
D/dalvikvm(  104): threadid=3: notify debugger
D/dalvikvm(28238): new thread created
D/dalvikvm(28238): update thread list
D/dalvikvm(  104): threadid=3 (FinalizerDaemon): calling run()
D/dalvikvm(28238): threadid=7: notify debugger
D/dalvikvm(28238): threadid=7 (FinalizerDaemon): calling run()
D/dalvikvm(28238): threadid=8: interp stack at 0x5190f000
D/dalvikvm(28238): threadid=8: created from interp
D/dalvikvm(28238): start new thread
D/Zygote  (28238): fork pid : 0
D/dalvikvm(  104): threadid=4: interp stack at 0x4f211000
D/dalvikvm(  104): threadid=4: created from interp
D/dalvikvm(  104): start new thread
D/Zygote  (  104): fork pid : 28238
D/dalvikvm(  104): threadid=4: notify debugger
D/dalvikvm(  104): threadid=4 (FinalizerWatchdogDaemon): calling run()
I/ActivityManager(  376): Start proc com.baidu.searchbox for broadcast com.baidu.searchbox/.widget.QuickSearchWidgetProvider: pid=28238 uid=10140 gids={1006, 1013, 3003, 1015, 1028}
D/dalvikvm(28238): threadid=8: notify debugger
D/dalvikvm(28238): threadid=8 (FinalizerWatchdogDaemon): calling run()
D/dalvikvm(28238): threadid=9: interp stack at 0x51d15000
D/dalvikvm(28238): threadid=10: interp stack at 0x51e1d000
V/Provider/Setting(  376): from settings cache , name = sys_free_storage_log_interval value = null
V/Provider/Setting(  376): from settings cache , name = disk_free_change_reporting_threshold value = null
D/ConnectivityService(  376): getActiveNetworkInfo:NetworkInfo: type: WIFI[], state: CONNECTED/CONNECTED, reason: (unspecified), extra: (none), roaming: false, failover: false, isAvailable: true, simId: 0/10102
D/ConnectivityService(  376): getActiveNetworkInfo:NetworkInfo: type: WIFI[], state: CONNECTED/CONNECTED, reason: (unspecified), extra: (none), roaming: false, failover: false, isAvailable: true, simId: 0/10102
V/AlarmManager(  376): Native set alarm :Alarm{42b4a910 type 1 com.baidu.searchbox}
I/AlarmManager(  376): reset poweroff alarm none
V/ActivityManager(  376): Broadcast: Intent { act=com.baidu.searchbox.action.TIME_TICK cat=[com.baidu.searchbox.category.QSearch] flg=0x14 pkg=com.baidu.searchbox (has extras) } ordered=true userid=0
W/ADB_SERVICES(  129): create_local_service_socket() name=shell:ls -l /
D/ADB_SERVICES(  129): Calling send_ready local=7735, remote=10317
D/ADB_SERVICES(  129): adb fdevent_process list (61) (27) (58) (15) (11) 
D/ADB_SERVICES(  129):  closing because is_eof=1 r=-1 s->fde.force_eof=0
W/ADB_SERVICES(  129): create_local_service_socket() name=shell:ls -l -d /emmc@android/
D/ADB_SERVICES(  129): Calling send_ready local=7736, remote=10318
D/ADB_SERVICES(  129): adb local_socket_ready list (58) (61) 
D/ADB_SERVICES(  129): adb socket read list (58) (61) 
D/ADB_SERVICES(  129): read_data=14442
D/ADB_SERVICES(  129): max_read_time=0.000094 max_send_time=0.000124 
D/ADB_SERVICES(  129):  closing because is_eof=1 r=-1 s->fde.force_eof=0
W/ADB_SERVICES(  129): create_local_service_socket() name=shell:ls -l -d /emmc@cache/
D/ADB_SERVICES(  129): Calling send_ready local=7737, remote=10319
D/ADB_SERVICES(  129):  closing because is_eof=1 r=-1 s->fde.force_eof=0
W/ADB_SERVICES(  129): create_local_service_socket() name=shell:ls -l -d /emmc@ebr1/
D/ADB_SERVICES(  129): Calling send_ready local=7738, remote=10320
D/ADB_SERVICES(  129):  closing because is_eof=1 r=1 s->fde.force_eof=0
W/ADB_SERVICES(  129): create_local_service_socket() name=shell:ls -l -d /emmc@fat/
D/ADB_SERVICES(  129): Calling send_ready local=7739, remote=10321
D/ADB_SERVICES(  129):  closing because is_eof=1 r=1 s->fde.force_eof=0
W/ADB_SERVICES(  129): create_local_service_socket() name=shell:ls -l -d /emmc@sec_ro/
D/ADB_SERVICES(  129): Calling send_ready local=7740, remote=10323
D/ConnectivityService(  376): getActiveNetworkInfo:NetworkInfo: type: WIFI[], state: CONNECTED/CONNECTED, reason: (unspecified), extra: (none), roaming: false, failover: false, isAvailable: true, simId: 0/10102
D/ADB_SERVICES(  129):  closing because is_eof=1 r=1 s->fde.force_eof=0
W/ADB_SERVICES(  129): create_local_service_socket() name=shell:ls -l -d /emmc@usrdata/
D/ADB_SERVICES(  129): Calling send_ready local=7741, remote=10324
D/ADB_SERVICES(  129):  closing because is_eof=1 r=-1 s->fde.force_eof=0
V/Provider/Setting(  376): from settings cache , name = reboot_interval value = null
D/InputReader(  376): InputReader::monitor: lock
D/InputReader(  376): InputReader::monitor: wait 
D/InputReader(  376): InputReader::monitor: unlock
D/InputReader(  376): InputReader::monitor: done
D/ConnectivityService(  376): getActiveNetworkInfo:NetworkInfo: type: WIFI[], state: CONNECTED/CONNECTED, reason: (unspecified), extra: (none), roaming: false, failover: false, isAvailable: true, simId: 0/10102
D/Settings/Provide(  376): lookupValue table system cache contains Key powerchargingval_usb value = Bundle[{value=74,72,67,67,67,67,83,178,527,312,353,88,237,89,101,146,234,155,194,128,85,72,87,120,78,104,108,129,220,65,187,161,263,113,104,394,306,312,279,314,350,336,225,540,374,201,286,401,323,208,402,285,241,305,144,412,223,302,277,159,95,426,89,83,102,80,110,81,114,147,163,173,173,221,214,262,456,192,135,103,260,245,773,511,683,327,305,896,446,252,218,60,60,60,60,60,60,60,60,60,3446,}]
V/Provider/Setting(  376): from db cache, name = powerchargingval_usb value = 74,72,67,67,67,67,83,178,527,312,353,88,237,89,101,146,234,155,194,128,85,72,87,120,78,104,108,129,220,65,187,161,263,113,104,394,306,312,279,314,350,336,225,540,374,201,286,401,323,208,402,285,241,305,144,412,223,302,277,159,95,426,89,83,102,80,110,81,114,147,163,173,173,221,214,262,456,192,135,103,260,245,773,511,683,327,305,896,446,252,218,60,60,60,60,60,60,60,60,60,3446,
I/BatteryService(  376): sendIntent mBootCompleted=true
I/BatteryService(  376): sendIntent mBatteryEstimationChargeTime=5768
V/ActivityManager(  376): Broadcast sticky: Intent { act=android.intent.action.BATTERY_CHANGED flg=0x60000010 (has extras) } ordered=false userid=0
I/KeyguardUpdateMonitor(  376): ACTION_BATTERY_CHANGED, status=2,plugged=2, level=87, health=2
D/UsbDeviceManager(  376): onReceive - ACTION_BATTERY_CHANGED - mPlugType: 2, mSettingUsbCharging: false, mConnected: true, mSettingUsbBicr: false
D/Bluetooth HS/HF(  559): [BT][HFG] [API] mStateReceiver.onReceive(android.intent.action.BATTERY_CHANGED)
D/Bluetooth HS/HF(  559): [BT][HFG] [API] mHandler.handleMessage(9)
D/Bluetooth HS/HF(  559): [BT][HFG] [API] updateBatteryState
D/WifiService(  376): onReceive, action=android.intent.action.BATTERY_CHANGED
V/Provider/Setting(  376): from settings cache , name = wifi_idle_ms value = null
V/Provider/Setting(  376): from settings cache , name = stay_on_while_plugged_in value = 0
D/WifiService(  376): ACTION_BATTERY_CHANGED pluggedType: 2
V/Provider/Setting(  376): from settings cache , name = wifi_sleep_policy value = null
D/WifiService(  376): wifiSleepPolicy:2
V/Provider/Setting(  376): from settings cache , name = wifi_sleep_policy value = null
D/WifiService(  376): wifiSleepPolicy:2
V/Provider/Setting(  458): from settings cache , name = powerlowwarningval value = null
D/PowerUI (  458): action = android.intent.action.BATTERY_CHANGED
D/PowerUI (  458): Intent start() ret = false mHideLowBDialog= true
D/PowerUI (  458): oldBatteryLevel = 87mBatteryLevel = 87
D/PowerUI (  458): dismissLowBatteryWarning***************
D/ConnectivityService(  376): getActiveNetworkInfo:NetworkInfo: type: WIFI[], state: CONNECTED/CONNECTED, reason: (unspecified), extra: (none), roaming: false, failover: false, isAvailable: true, simId: 0/10102
W/ADB_SERVICES(  129): create_local_service_socket() name=shell:ls -l /
D/ADB_SERVICES(  129): Calling send_ready local=7742, remote=10329
D/ADB_SERVICES(  129): adb fdevent_process list (27) (61) (58) 
D/ADB_SERVICES(  129):  closing because is_eof=1 r=-1 s->fde.force_eof=0
W/ADB_SERVICES(  129): create_local_service_socket() name=shell:ls -l -d /emmc@android/
D/ADB_SERVICES(  129): Calling send_ready local=7743, remote=10330
D/ADB_SERVICES(  129): adb local_socket_ready list (61) (58) 
D/ADB_SERVICES(  129): adb socket read list (58) (61) 
D/ADB_SERVICES(  129): read_data=10171
D/ADB_SERVICES(  129): max_read_time=0.000058 max_send_time=0.000123 
D/ADB_SERVICES(  129):  closing because is_eof=1 r=-1 s->fde.force_eof=0
W/ADB_SERVICES(  129): create_local_service_socket() name=shell:ls -l -d /emmc@cache/
D/ADB_SERVICES(  129): Calling send_ready local=7744, remote=10331
D/ADB_SERVICES(  129):  closing because is_eof=1 r=1 s->fde.force_eof=0
W/ADB_SERVICES(  129): create_local_service_socket() name=shell:ls -l -d /emmc@ebr1/
D/ADB_SERVICES(  129): Calling send_ready local=7745, remote=10332
D/ADB_SERVICES(  129):  closing because is_eof=1 r=1 s->fde.force_eof=0
W/ADB_SERVICES(  129): create_local_service_socket() name=shell:ls -l -d /emmc@fat/
D/ADB_SERVICES(  129): Calling send_ready local=7746, remote=10333
D/ADB_SERVICES(  129):  closing because is_eof=1 r=1 s->fde.force_eof=0
W/ADB_SERVICES(  129): create_local_service_socket() name=shell:ls -l -d /emmc@sec_ro/
D/ADB_SERVICES(  129): Calling send_ready local=7747, remote=10335
D/ADB_SERVICES(  129):  closing because is_eof=1 r=-1 s->fde.force_eof=0
W/ADB_SERVICES(  129): create_local_service_socket() name=shell:ls -l -d /emmc@usrdata/
D/ADB_SERVICES(  129): Calling send_ready local=7748, remote=10336
D/ADB_SERVICES(  129):  closing because is_eof=1 r=1 s->fde.force_eof=0
W/ActivityManager(  376): Process ProcessRecord{41e80fe8 28238:com.baidu.searchbox/u0a140} failed to attach
W/ActivityManager(  376): Unattached app died before broadcast acknowledged, skipping
W/ActivityManager(  376): Unattached app died before broadcast acknowledged, skipping
V/Provider/Setting(  376): from settings cache , name = read_external_storage_enforced_default value = null
D/Zygote  (  104): SelectLoop : runOnce
D/Zygote  (  104): read arg list
D/Zygote  (  104): prepare new stderr
D/Zygote  (  104): parse args
D/Zygote  (  104): before fork
D/dalvikvm(  104): threadid=2: exiting
D/dalvikvm(  104): threadid=2: bye!
D/dalvikvm(  104): threadid=3: exiting
D/dalvikvm(  104): threadid=3: bye!
D/dalvikvm(  104): threadid=4: exiting
D/dalvikvm(  104): threadid=4: bye!
D/dalvikvm(  104): pre gc
D/dalvikvm(  104): Zygote::ForkAndSpecialize +
W/ADB_SERVICES(  129): terminating JDWP 28238 connection: Try again
D/ADB_SERVICES(  129): remove pid 28238 to jdwp process list
D/dalvikvm(  104): Zygote::ForkAndSpecialize : 28280
D/dalvikvm(  104): create interp thread : stack size=32KB
D/dalvikvm(  104): create new thread
D/dalvikvm(  104): new thread created
D/dalvikvm(  104): update thread list
D/dalvikvm(28280): Zygote::ForkAndSpecialize : 0
D/dalvikvm(28280): zygote get new systemTid : 28280
D/dalvikvm(28280): threadid=2: interp stack at 0x4f101000
D/dalvikvm(28280): threadid=3: interp stack at 0x4f209000
D/jdwp    (28280): prepping for JDWP over ADB
D/jdwp    (28280): ADB transport startup
D/dalvikvm(28280): Elevating priority from 0 to -8
D/dalvikvm(28280): threadid=4: interp stack at 0x4f311000
D/jdwp    (28280): JDWP: thread running
D/jdwp    (28280): acceptConnection
D/jdwp    (28280): trying to receive file descriptor from ADB
D/ADB_SERVICES(  129): Adding socket 15 pid 28280 to jdwp process list
D/dalvikvm(28280): threadid=5: interp stack at 0x516f7000
D/dalvikvm(28280): zygote get thread init done
D/dalvikvm(28280): create interp thread : stack size=32KB
D/dalvikvm(28280): create new thread
D/dalvikvm(28280): new thread created
D/dalvikvm(28280): update thread list
D/dalvikvm(28280): threadid=6: interp stack at 0x516ff000
D/dalvikvm(28280): threadid=6: created from interp
D/dalvikvm(28280): start new thread
D/dalvikvm(28280): create interp thread : stack size=32KB
D/dalvikvm(28280): create new thread
D/dalvikvm(28280): new thread created
D/dalvikvm(28280): update thread list
D/dalvikvm(28280): threadid=6: notify debugger
D/dalvikvm(28280): threadid=6 (ReferenceQueueDaemon): calling run()
D/dalvikvm(28280): threadid=7: interp stack at 0x51807000
D/dalvikvm(28280): threadid=7: created from interp
D/dalvikvm(28280): start new thread
D/dalvikvm(28280): create interp thread : stack size=32KB
D/dalvikvm(28280): create new thread
D/dalvikvm(28280): new thread created
D/dalvikvm(28280): update thread list
D/dalvikvm(28280): threadid=7: notify debugger
D/dalvikvm(28280): threadid=7 (FinalizerDaemon): calling run()
D/dalvikvm(28280): threadid=8: interp stack at 0x5190f000
D/dalvikvm(28280): threadid=8: created from interp
D/dalvikvm(28280): start new thread
D/Zygote  (28280): fork pid : 0
D/dalvikvm(  104): threadid=2: interp stack at 0x4f001000
D/dalvikvm(  104): threadid=2: created from interp
D/dalvikvm(  104): start new thread
D/dalvikvm(  104): create interp thread : stack size=32KB
D/dalvikvm(  104): create new thread
D/dalvikvm(  104): new thread created
D/dalvikvm(  104): update thread list
D/dalvikvm(  104): threadid=2: notify debugger
D/dalvikvm(  104): threadid=2 (ReferenceQueueDaemon): calling run()
D/dalvikvm(  104): threadid=3: interp stack at 0x4f109000
D/dalvikvm(  104): threadid=3: created from interp
D/dalvikvm(  104): start new thread
D/dalvikvm(  104): create interp thread : stack size=32KB
D/dalvikvm(  104): create new thread
D/dalvikvm(  104): new thread created
D/dalvikvm(  104): update thread list
D/dalvikvm(  104): threadid=3: notify debugger
D/dalvikvm(  104): threadid=3 (FinalizerDaemon): calling run()
D/dalvikvm(  104): threadid=4: interp stack at 0x4f211000
D/dalvikvm(  104): threadid=4: created from interp
D/dalvikvm(  104): start new thread
D/Zygote  (  104): fork pid : 28280
D/dalvikvm(  104): threadid=4: notify debugger
D/dalvikvm(  104): threadid=4 (FinalizerWatchdogDaemon): calling run()
I/ActivityManager(  376): Start proc com.baidu.searchbox for broadcast com.baidu.searchbox/.widget.QuickSearchWidgetProvider: pid=28280 uid=10140 gids={1006, 1013, 3003, 1015, 1028}
D/dalvikvm(28280): threadid=8: notify debugger
D/dalvikvm(28280): threadid=8 (FinalizerWatchdogDaemon): calling run()
D/dalvikvm(28280): threadid=9: interp stack at 0x51d15000
D/dalvikvm(28280): threadid=10: interp stack at 0x51e1d000
D/ConnectivityService(  376): getActiveNetworkInfo:NetworkInfo: type: WIFI[], state: CONNECTED/CONNECTED, reason: (unspecified), extra: (none), roaming: false, failover: false, isAvailable: true, simId: 0/10102
D/ConnectivityService(  376): getActiveNetworkInfo:NetworkInfo: type: WIFI[], state: CONNECTED/CONNECTED, reason: (unspecified), extra: (none), roaming: false, failover: false, isAvailable: true, simId: 0/10102
W/ADB_SERVICES(  129): create_local_service_socket() name=shell:ls -l /
D/ADB_SERVICES(  129): Calling send_ready local=7749, remote=10341
D/ADB_SERVICES(  129): adb fdevent_process list (61) (27) (58) (15) (11) 
D/ADB_SERVICES(  129):  closing because is_eof=1 r=-1 s->fde.force_eof=0
W/ADB_SERVICES(  129): create_local_service_socket() name=shell:ls -l -d /emmc@android/
D/ADB_SERVICES(  129): Calling send_ready local=7750, remote=10342
D/ADB_SERVICES(  129): adb local_socket_ready list (61) (58) 
D/ADB_SERVICES(  129): adb socket read list (58) (61) 
D/ADB_SERVICES(  129): read_data=13832
D/ADB_SERVICES(  129): max_read_time=0.000055 max_send_time=0.001680 
D/ADB_SERVICES(  129):  closing because is_eof=1 r=-1 s->fde.force_eof=0
W/ADB_SERVICES(  129): create_local_service_socket() name=shell:ls -l -d /emmc@cache/
D/ADB_SERVICES(  129): Calling send_ready local=7751, remote=10343
D/ADB_SERVICES(  129):  closing because is_eof=1 r=1 s->fde.force_eof=0
W/ADB_SERVICES(  129): create_local_service_socket() name=shell:ls -l -d /emmc@ebr1/
D/ADB_SERVICES(  129): Calling send_ready local=7752, remote=10344
D/ADB_SERVICES(  129):  closing because is_eof=1 r=1 s->fde.force_eof=0
W/ADB_SERVICES(  129): create_local_service_socket() name=shell:ls -l -d /emmc@fat/
D/ADB_SERVICES(  129): Calling send_ready local=7753, remote=10345
D/ADB_SERVICES(  129):  closing because is_eof=1 r=1 s->fde.force_eof=0
W/ADB_SERVICES(  129): create_local_service_socket() name=shell:ls -l -d /emmc@sec_ro/
D/ADB_SERVICES(  129): Calling send_ready local=7754, remote=10347
D/ConnectivityService(  376): getActiveNetworkInfo:NetworkInfo: type: WIFI[], state: CONNECTED/CONNECTED, reason: (unspecified), extra: (none), roaming: false, failover: false, isAvailable: true, simId: 0/10102
D/ADB_SERVICES(  129):  closing because is_eof=1 r=1 s->fde.force_eof=0
W/ADB_SERVICES(  129): create_local_service_socket() name=shell:ls -l -d /emmc@usrdata/
D/ADB_SERVICES(  129): Calling send_ready local=7755, remote=10348
D/ADB_SERVICES(  129):  closing because is_eof=1 r=1 s->fde.force_eof=0
D/ConnectivityService(  376): getActiveNetworkInfo:NetworkInfo: type: WIFI[], state: CONNECTED/CONNECTED, reason: (unspecified), extra: (none), roaming: false, failover: false, isAvailable: true, simId: 0/10102
I/System.out( 3364): [CDS]EAGAIN or EWOULDBLOCK in Recvfrom
I/System.out( 3364): [CDS]read byte is 0
I/System.out( 3364): [CDS]rx timeout:10000
I/System.out( 3364): [CDS]rx timeout:30000
D/ConnectivityService(  376): getActiveNetworkInfo:NetworkInfo: type: WIFI[], state: CONNECTED/CONNECTED, reason: (unspecified), extra: (none), roaming: false, failover: false, isAvailable: true, simId: 0/10102
W/ADB_SERVICES(  129): create_local_service_socket() name=shell:ls -l /
D/ADB_SERVICES(  129): Calling send_ready local=7756, remote=10353
D/ADB_SERVICES(  129): adb fdevent_process list (27) (61) (58) 
D/ADB_SERVICES(  129):  closing because is_eof=1 r=-1 s->fde.force_eof=0
W/ADB_SERVICES(  129): create_local_service_socket() name=shell:ls -l -d /emmc@android/
D/ADB_SERVICES(  129): Calling send_ready local=7757, remote=10354
D/ADB_SERVICES(  129): adb socket read list (58) (61) 
D/ADB_SERVICES(  129): read_data=6723
D/ADB_SERVICES(  129): max_read_time=0.000073 max_send_time=0.000153 
D/ADB_SERVICES(  129): adb local_socket_ready list (61) (58) 
D/ADB_SERVICES(  129):  closing because is_eof=1 r=-1 s->fde.force_eof=0
W/ADB_SERVICES(  129): create_local_service_socket() name=shell:ls -l -d /emmc@cache/
D/ADB_SERVICES(  129): Calling send_ready local=7758, remote=10355
D/ADB_SERVICES(  129):  closing because is_eof=1 r=1 s->fde.force_eof=0
W/ADB_SERVICES(  129): create_local_service_socket() name=shell:ls -l -d /emmc@ebr1/
D/ADB_SERVICES(  129): Calling send_ready local=7759, remote=10356
D/ADB_SERVICES(  129):  closing because is_eof=1 r=1 s->fde.force_eof=0
W/ADB_SERVICES(  129): create_local_service_socket() name=shell:ls -l -d /emmc@fat/
D/ADB_SERVICES(  129): Calling send_ready local=7760, remote=10357
D/ADB_SERVICES(  129):  closing because is_eof=1 r=1 s->fde.force_eof=0
W/ADB_SERVICES(  129): create_local_service_socket() name=shell:ls -l -d /emmc@sec_ro/
D/ADB_SERVICES(  129): Calling send_ready local=7761, remote=10359
D/ADB_SERVICES(  129):  closing because is_eof=1 r=1 s->fde.force_eof=0
W/ADB_SERVICES(  129): create_local_service_socket() name=shell:ls -l -d /emmc@usrdata/
D/ADB_SERVICES(  129): Calling send_ready local=7762, remote=10360
D/ADB_SERVICES(  129):  closing because is_eof=1 r=1 s->fde.force_eof=0
W/ActivityManager(  376): Process ProcessRecord{4210b5b0 28280:com.baidu.searchbox/u0a140} failed to attach
W/ActivityManager(  376): Unattached app died before broadcast acknowledged, skipping
W/ActivityManager(  376): Unattached app died before broadcast acknowledged, skipping
V/Provider/Setting(  376): from settings cache , name = read_external_storage_enforced_default value = null
D/Zygote  (  104): SelectLoop : runOnce
D/Zygote  (  104): read arg list
D/Zygote  (  104): prepare new stderr
D/Zygote  (  104): parse args
D/Zygote  (  104): before fork
D/dalvikvm(  104): threadid=2: exiting
D/dalvikvm(  104): threadid=2: bye!
D/dalvikvm(  104): threadid=3: exiting
D/dalvikvm(  104): threadid=3: bye!
D/dalvikvm(  104): threadid=4: exiting
D/dalvikvm(  104): threadid=4: bye!
D/dalvikvm(  104): pre gc
D/dalvikvm(  104): Zygote::ForkAndSpecialize +
D/dalvikvm(  104): Zygote::ForkAndSpecialize : 28321
D/dalvikvm(  104): create interp thread : stack size=32KB
W/ADB_SERVICES(  129): terminating JDWP 28280 connection: Try again
D/ADB_SERVICES(  129): remove pid 28280 to jdwp process list
D/dalvikvm(  104): create new thread
D/dalvikvm(  104): new thread created
D/dalvikvm(  104): update thread list
D/dalvikvm(28321): Zygote::ForkAndSpecialize : 0
D/dalvikvm(28321): zygote get new systemTid : 28321
D/dalvikvm(28321): threadid=2: interp stack at 0x4f101000
D/dalvikvm(28321): threadid=3: interp stack at 0x4f209000
D/jdwp    (28321): prepping for JDWP over ADB
D/jdwp    (28321): ADB transport startup
D/dalvikvm(28321): Elevating priority from 0 to -8
D/dalvikvm(28321): threadid=4: interp stack at 0x4f311000
D/jdwp    (28321): JDWP: thread running
D/jdwp    (28321): acceptConnection
D/ADB_SERVICES(  129): Adding socket 15 pid 28321 to jdwp process list
D/jdwp    (28321): trying to receive file descriptor from ADB
D/dalvikvm(28321): threadid=5: interp stack at 0x516f7000
D/dalvikvm(28321): zygote get thread init done
D/dalvikvm(28321): create interp thread : stack size=32KB
D/dalvikvm(28321): create new thread
D/dalvikvm(28321): new thread created
D/dalvikvm(28321): update thread list
D/dalvikvm(28321): threadid=6: interp stack at 0x516ff000
D/dalvikvm(28321): threadid=6: created from interp
D/dalvikvm(28321): start new thread
D/dalvikvm(28321): create interp thread : stack size=32KB
D/dalvikvm(28321): create new thread
D/dalvikvm(28321): new thread created
D/dalvikvm(28321): update thread list
D/dalvikvm(28321): threadid=6: notify debugger
D/dalvikvm(28321): threadid=6 (ReferenceQueueDaemon): calling run()
D/dalvikvm(28321): threadid=7: interp stack at 0x51807000
D/dalvikvm(  104): threadid=2: interp stack at 0x4f001000
D/dalvikvm(28321): threadid=7: created from interp
D/dalvikvm(  104): threadid=2: created from interp
D/dalvikvm(  104): start new thread
D/dalvikvm(  104): create interp thread : stack size=32KB
D/dalvikvm(  104): create new thread
D/dalvikvm(  104): new thread created
D/dalvikvm(  104): update thread list
D/dalvikvm(  104): threadid=2: notify debugger
D/dalvikvm(  104): threadid=2 (ReferenceQueueDaemon): calling run()
D/dalvikvm(28321): start new thread
D/dalvikvm(28321): create interp thread : stack size=32KB
D/dalvikvm(28321): create new thread
D/dalvikvm(28321): new thread created
D/dalvikvm(28321): update thread list
D/dalvikvm(28321): threadid=7: notify debugger
D/dalvikvm(28321): threadid=7 (FinalizerDaemon): calling run()
D/dalvikvm(28321): threadid=8: interp stack at 0x5190f000
D/dalvikvm(28321): threadid=8: created from interp
D/dalvikvm(28321): start new thread
D/Zygote  (28321): fork pid : 0
D/dalvikvm(  104): threadid=3: interp stack at 0x4f109000
D/dalvikvm(  104): threadid=3: created from interp
D/dalvikvm(  104): start new thread
D/dalvikvm(  104): create interp thread : stack size=32KB
D/dalvikvm(  104): create new thread
D/dalvikvm(  104): new thread created
D/dalvikvm(  104): update thread list
D/dalvikvm(  104): threadid=3: notify debugger
D/dalvikvm(  104): threadid=3 (FinalizerDaemon): calling run()
D/dalvikvm(  104): threadid=4: interp stack at 0x4f211000
D/dalvikvm(  104): threadid=4: created from interp
D/dalvikvm(  104): start new thread
D/Zygote  (  104): fork pid : 28321
D/dalvikvm(  104): threadid=4: notify debugger
D/dalvikvm(  104): threadid=4 (FinalizerWatchdogDaemon): calling run()
I/ActivityManager(  376): Start proc com.baidu.searchbox for broadcast com.baidu.searchbox/.widget.QuickSearchWidgetProvider: pid=28321 uid=10140 gids={1006, 1013, 3003, 1015, 1028}
D/dalvikvm(28321): threadid=8: notify debugger
D/dalvikvm(28321): threadid=8 (FinalizerWatchdogDaemon): calling run()
D/dalvikvm(28321): threadid=9: interp stack at 0x51d15000
D/dalvikvm(28321): threadid=10: interp stack at 0x51e1d000
D/ConnectivityService(  376): getActiveNetworkInfo:NetworkInfo: type: WIFI[], state: CONNECTED/CONNECTED, reason: (unspecified), extra: (none), roaming: false, failover: false, isAvailable: true, simId: 0/10102
D/dalvikvm(  458): GC_EXPLICIT freed 268K, 18% free 15520K/18743K, paused 2ms+8ms, total 46ms
D/ConnectivityService(  376): getActiveNetworkInfo:NetworkInfo: type: WIFI[], state: CONNECTED/CONNECTED, reason: (unspecified), extra: (none), roaming: false, failover: false, isAvailable: true, simId: 0/10102
W/ADB_SERVICES(  129): create_local_service_socket() name=shell:ls -l /
D/ADB_SERVICES(  129): Calling send_ready local=7763, remote=10365
D/ADB_SERVICES(  129): adb fdevent_process list (27) (61) (58) (15) (11) 
D/ADB_SERVICES(  129):  closing because is_eof=1 r=-1 s->fde.force_eof=0
W/ADB_SERVICES(  129): create_local_service_socket() name=shell:ls -l -d /emmc@android/
D/ADB_SERVICES(  129): Calling send_ready local=7764, remote=10366
D/ADB_SERVICES(  129): adb socket read list (58) (61) 
D/ADB_SERVICES(  129): read_data=13974
D/ADB_SERVICES(  129): max_read_time=0.000084 max_send_time=0.000126 
D/ADB_SERVICES(  129):  closing because is_eof=1 r=1 s->fde.force_eof=0
D/ADB_SERVICES(  129): adb local_socket_ready list (58) (61) 
W/ADB_SERVICES(  129): create_local_service_socket() name=shell:ls -l -d /emmc@cache/
D/ADB_SERVICES(  129): Calling send_ready local=7765, remote=10367
D/ADB_SERVICES(  129):  closing because is_eof=1 r=1 s->fde.force_eof=0
W/ADB_SERVICES(  129): create_local_service_socket() name=shell:ls -l -d /emmc@ebr1/
D/ADB_SERVICES(  129): Calling send_ready local=7766, remote=10368
D/ADB_SERVICES(  129):  closing because is_eof=1 r=1 s->fde.force_eof=0
W/ADB_SERVICES(  129): create_local_service_socket() name=shell:ls -l -d /emmc@fat/
D/ADB_SERVICES(  129): Calling send_ready local=7767, remote=10369
D/ADB_SERVICES(  129):  closing because is_eof=1 r=1 s->fde.force_eof=0
W/ADB_SERVICES(  129): create_local_service_socket() name=shell:ls -l -d /emmc@sec_ro/
D/ADB_SERVICES(  129): Calling send_ready local=7768, remote=10371
D/ConnectivityService(  376): getActiveNetworkInfo:NetworkInfo: type: WIFI[], state: CONNECTED/CONNECTED, reason: (unspecified), extra: (none), roaming: false, failover: false, isAvailable: true, simId: 0/10102
D/ADB_SERVICES(  129):  closing because is_eof=1 r=1 s->fde.force_eof=0
W/ADB_SERVICES(  129): create_local_service_socket() name=shell:ls -l -d /emmc@usrdata/
D/ADB_SERVICES(  129): Calling send_ready local=7769, remote=10372
D/ADB_SERVICES(  129):  closing because is_eof=1 r=1 s->fde.force_eof=0
D/ConnectivityService(  376): getActiveNetworkInfo:NetworkInfo: type: WIFI[], state: CONNECTED/CONNECTED, reason: (unspecified), extra: (none), roaming: false, failover: false, isAvailable: true, simId: 0/10102
V/ActivityManager(  376): getTasks: max=5, flags=0, receiver=null
V/ActivityManager(  376): com.example.neon/.HelloNeon: task=TaskRecord{42d0c778 #232 A com.example.neon U 0}
V/ActivityManager(  376): com.lewa.launcher/.Launcher: task=TaskRecord{41f7c6a8 #2 A com.lewa.launcher U 0}
V/ActivityManager(  376): com.tencent.android.qqdownloader/com.tencent.android.ui.UpdateManageActivity: task=TaskRecord{42825800 #196 A com.tencent.android.qqdownloader U 0}
V/ActivityManager(  376): com.tencent.android.qqdownloader/.QQDownloader: task=TaskRecord{42825800 #196 A com.tencent.android.qqdownloader U 0}
V/ActivityManager(  376): com.UCMobile/com.uc.browser.InnerUCMobile: task=TaskRecord{42b80438 #182 A com.UCMobile U 0}
V/ActivityManager(  376): com.chaozh.iReaderFree15/com.zhangyue.iReader.read.ui.Activity_BookBrowser_TXT: task=TaskRecord{428d2808 #106 A com.chaozh.iReaderFree15 U 0}
V/ActivityManager(  376): com.chaozh.iReaderFree15/com.zhangyue.iReader.bookshelf.ui.ActivityBookShelf: task=TaskRecord{428d2808 #106 A com.chaozh.iReaderFree15 U 0}
V/ActivityManager(  376): We have pending thumbnails: null
D/ConnectivityService(  376): getActiveNetworkInfo:NetworkInfo: type: WIFI[], state: CONNECTED/CONNECTED, reason: (unspecified), extra: (none), roaming: false, failover: false, isAvailable: true, simId: 0/10102
W/ADB_SERVICES(  129): create_local_service_socket() name=shell:ls -l /
D/ADB_SERVICES(  129): Calling send_ready local=7770, remote=10377
D/ADB_SERVICES(  129): adb fdevent_process list (27) (61) (58) 
D/ADB_SERVICES(  129):  closing because is_eof=1 r=-1 s->fde.force_eof=0
W/ADB_SERVICES(  129): create_local_service_socket() name=shell:ls -l -d /emmc@android/
D/ADB_SERVICES(  129): Calling send_ready local=7771, remote=10378
D/ADB_SERVICES(  129): adb socket read list (58) (61) 
D/ADB_SERVICES(  129): read_data=7804
D/ADB_SERVICES(  129): max_read_time=0.000045 max_send_time=0.000147 
D/ADB_SERVICES(  129):  closing because is_eof=1 r=1 s->fde.force_eof=0
D/ADB_SERVICES(  129): adb local_socket_ready list (58) (61) 
W/ADB_SERVICES(  129): create_local_service_socket() name=shell:ls -l -d /emmc@cache/
D/ADB_SERVICES(  129): Calling send_ready local=7772, remote=10379
D/ADB_SERVICES(  129):  closing because is_eof=1 r=1 s->fde.force_eof=0
W/ADB_SERVICES(  129): create_local_service_socket() name=shell:ls -l -d /emmc@ebr1/
D/ADB_SERVICES(  129): Calling send_ready local=7773, remote=10380
D/ADB_SERVICES(  129):  closing because is_eof=1 r=1 s->fde.force_eof=0
W/ADB_SERVICES(  129): create_local_service_socket() name=shell:ls -l -d /emmc@fat/
D/ADB_SERVICES(  129): Calling send_ready local=7774, remote=10381
D/ADB_SERVICES(  129):  closing because is_eof=1 r=-1 s->fde.force_eof=0
W/ADB_SERVICES(  129): create_local_service_socket() name=shell:ls -l -d /emmc@sec_ro/
D/ADB_SERVICES(  129): Calling send_ready local=7775, remote=10383
D/ADB_SERVICES(  129):  closing because is_eof=1 r=1 s->fde.force_eof=0
W/ADB_SERVICES(  129): create_local_service_socket() name=shell:ls -l -d /emmc@usrdata/
D/ADB_SERVICES(  129): Calling send_ready local=7776, remote=10384
D/ADB_SERVICES(  129):  closing because is_eof=1 r=1 s->fde.force_eof=0
W/ActivityManager(  376): Process ProcessRecord{421ef4e8 28321:com.baidu.searchbox/u0a140} failed to attach
W/ActivityManager(  376): Unattached app died before broadcast acknowledged, skipping
W/ActivityManager(  376): Unattached app died before broadcast acknowledged, skipping
V/Provider/Setting(  376): from settings cache , name = read_external_storage_enforced_default value = null
D/Zygote  (  104): SelectLoop : runOnce
D/Zygote  (  104): read arg list
D/Zygote  (  104): prepare new stderr
D/Zygote  (  104): parse args
D/Zygote  (  104): before fork
D/dalvikvm(  104): threadid=2: exiting
D/dalvikvm(  104): threadid=2: bye!
D/dalvikvm(  104): threadid=3: exiting
D/dalvikvm(  104): threadid=3: bye!
D/dalvikvm(  104): threadid=4: exiting
D/dalvikvm(  104): threadid=4: bye!
D/dalvikvm(  104): pre gc
D/dalvikvm(  104): Zygote::ForkAndSpecialize +
D/dalvikvm(  104): Zygote::ForkAndSpecialize : 28362
W/ADB_SERVICES(  129): terminating JDWP 28321 connection: Try again
D/ADB_SERVICES(  129): remove pid 28321 to jdwp process list
D/dalvikvm(  104): create interp thread : stack size=32KB
D/dalvikvm(  104): create new thread
D/dalvikvm(  104): new thread created
D/dalvikvm(  104): update thread list
D/dalvikvm(28362): Zygote::ForkAndSpecialize : 0
D/dalvikvm(28362): zygote get new systemTid : 28362
D/dalvikvm(28362): threadid=2: interp stack at 0x4f101000
D/dalvikvm(28362): threadid=3: interp stack at 0x4f209000
D/jdwp    (28362): prepping for JDWP over ADB
D/jdwp    (28362): ADB transport startup
D/dalvikvm(28362): Elevating priority from 0 to -8
D/dalvikvm(28362): threadid=4: interp stack at 0x4f311000
D/jdwp    (28362): JDWP: thread running
D/jdwp    (28362): acceptConnection
D/ADB_SERVICES(  129): Adding socket 15 pid 28362 to jdwp process list
D/jdwp    (28362): trying to receive file descriptor from ADB
D/dalvikvm(28362): threadid=5: interp stack at 0x516f7000
D/dalvikvm(28362): zygote get thread init done
D/dalvikvm(28362): create interp thread : stack size=32KB
D/dalvikvm(28362): create new thread
D/dalvikvm(28362): new thread created
D/dalvikvm(28362): update thread list
D/dalvikvm(28362): threadid=6: interp stack at 0x516ff000
D/dalvikvm(28362): threadid=6: created from interp
D/dalvikvm(28362): start new thread
D/dalvikvm(28362): create interp thread : stack size=32KB
D/dalvikvm(28362): create new thread
D/dalvikvm(28362): new thread created
D/dalvikvm(28362): update thread list
D/dalvikvm(28362): threadid=6: notify debugger
D/dalvikvm(28362): threadid=6 (ReferenceQueueDaemon): calling run()
D/dalvikvm(28362): threadid=7: interp stack at 0x51807000
D/dalvikvm(28362): threadid=7: created from interp
D/dalvikvm(28362): start new thread
D/dalvikvm(28362): create interp thread : stack size=32KB
D/dalvikvm(28362): create new thread
D/dalvikvm(28362): new thread created
D/dalvikvm(28362): update thread list
D/dalvikvm(28362): threadid=7: notify debugger
D/dalvikvm(28362): threadid=7 (FinalizerDaemon): calling run()
D/dalvikvm(28362): threadid=8: interp stack at 0x5190f000
D/dalvikvm(28362): threadid=8: created from interp
D/dalvikvm(  104): threadid=2: interp stack at 0x4f001000
D/dalvikvm(  104): threadid=2: created from interp
D/dalvikvm(28362): start new thread
D/dalvikvm(  104): start new thread
D/dalvikvm(  104): create interp thread : stack size=32KB
D/dalvikvm(  104): create new thread
D/dalvikvm(  104): new thread created
D/dalvikvm(  104): update thread list
D/dalvikvm(  104): threadid=2: notify debugger
D/dalvikvm(  104): threadid=2 (ReferenceQueueDaemon): calling run()
D/Zygote  (28362): fork pid : 0
D/dalvikvm(  104): threadid=3: interp stack at 0x4f109000
D/dalvikvm(  104): threadid=3: created from interp
D/dalvikvm(  104): start new thread
D/dalvikvm(  104): create interp thread : stack size=32KB
D/dalvikvm(  104): create new thread
D/dalvikvm(  104): new thread created
D/dalvikvm(  104): update thread list
D/dalvikvm(  104): threadid=3: notify debugger
D/dalvikvm(  104): threadid=3 (FinalizerDaemon): calling run()
D/dalvikvm(  104): threadid=4: interp stack at 0x4f211000
D/dalvikvm(  104): threadid=4: created from interp
D/dalvikvm(  104): start new thread
D/Zygote  (  104): fork pid : 28362
D/dalvikvm(  104): threadid=4: notify debugger
D/dalvikvm(  104): threadid=4 (FinalizerWatchdogDaemon): calling run()
I/ActivityManager(  376): Start proc com.baidu.searchbox for broadcast com.baidu.searchbox/.widget.QuickSearchWidgetProvider: pid=28362 uid=10140 gids={1006, 1013, 3003, 1015, 1028}
D/dalvikvm(28362): threadid=8: notify debugger
D/dalvikvm(28362): threadid=8 (FinalizerWatchdogDaemon): calling run()
D/dalvikvm(28362): threadid=9: interp stack at 0x51d15000
D/dalvikvm(28362): threadid=10: interp stack at 0x51e1d000
V/Provider/Setting(  376): from settings cache , name = sys_free_storage_log_interval value = null
V/Provider/Setting(  376): from settings cache , name = disk_free_change_reporting_threshold value = null
