D/inject  (   28): ioctl is invoked ...
D/inject  (  326): [+] Injecting process: 28
D/inject  (  326): [+] get_remote_addr: local[afd00000], remote[afd00000]
D/inject  (  326): [+] Remote mmap address: afd170cd
D/inject  (  326): [+] Calling mmap in target process.
D/inject  (  326): [+] Target process returned from mmap, return value=4002d000, pc=0 
D/inject  (  326): [+] get_remote_addr: local[b0001000], remote[b0001000]
D/inject  (  326): [+] get_remote_addr: local[b0001000], remote[b0001000]
D/inject  (  326): [+] get_remote_addr: local[b0001000], remote[b0001000]
D/inject  (  326): [+] Get imports: dlopen: b00059bd, dlsym: b0005915, dlclose: b0005849
D/inject  (  326): [+] Inject code start: c008, end: c084
D/inject  (  326): [+] _dlopen_param1_s: 40030c9c
D/inject  (  326): [+] _dlsym_param2_s: 40030d9c
D/inject  (  326): [+] _saved_r0_pc_s: 40030e9c
D/inject  (  326): [+] _inject_function_param_s: 40030f9c
D/inject  (  326): [+] Remote shellcode address: 40030c00
D/debug   (   28): Hello ARM! I'm parameter0520! pid:28
D/debug   (   28): Ioctl path 80100000
D/debug   (   28): find it pre 0
D/debug   (   28): find it 80100fe8
D/inject  (   28): ioctl is invoked ...
D/dalvikvm(  143): GC_EXTERNAL_ALLOC freed 17K, 50% free 2928K/5831K, external 4681K/5593K, paused 45ms
I/ActivityManager(   61): Starting: Intent { act=android.intent.action.MAIN flg=0x10000000 cmp=com.android.contacts/.DialtactsActivity } from pid 143
D/installd(   35): DexInv: --- BEGIN '/system/app/Contacts.apk' ---
D/dalvikvm(  328): DexOpt: load 154ms, verify+opt 550ms
D/installd(   35): DexInv: --- END '/system/app/Contacts.apk' (success) ---
I/ARMAssembler(   61): generated scanline__00000177:03515104_00001002_00000000 [ 87 ipp] (110 ins) at [0x44e3d6f0:0x44e3d8a8] in 478748 ns
D/dalvikvm(  185): GC_CONCURRENT freed 415K, 51% free 2921K/5959K, external 1625K/2137K, paused 4ms+3ms
D/dalvikvm(  185): GC_EXTERNAL_ALLOC freed 33K, 50% free 2982K/5959K, external 2112K/2137K, paused 45ms
D/dalvikvm(  185): GC_EXTERNAL_ALLOC freed 16K, 50% free 3005K/5959K, external 2668K/2671K, paused 45ms
W/ActivityManager(   61): Activity idle timeout for HistoryRecord{407ea578 com.android.contacts/.DialtactsActivity}
I/InputDispatcher(   61): Application is not responding: AppWindowToken{407eab68 token=HistoryRecord{407ea578 com.android.contacts/.DialtactsActivity}}.  5013.6ms since event, 5011.1ms since wait started
I/WindowManager(   61): Input event dispatching timed out sending to application AppWindowToken{407eab68 token=HistoryRecord{407ea578 com.android.contacts/.DialtactsActivity}}
I/Process (   61): Sending signal. PID: 185 SIG: 3
I/dalvikvm(  185): threadid=4: reacting to signal 3
I/dalvikvm(  185): Wrote stack traces to '/data/anr/traces.txt'
I/Process (   61): Sending signal. PID: 61 SIG: 3
I/dalvikvm(   61): threadid=4: reacting to signal 3
I/dalvikvm(   61): Wrote stack traces to '/data/anr/traces.txt'
I/Process (   61): Sending signal. PID: 131 SIG: 3
I/dalvikvm(  131): threadid=4: reacting to signal 3
I/dalvikvm(  131): Wrote stack traces to '/data/anr/traces.txt'
I/Process (   61): Sending signal. PID: 132 SIG: 3
I/dalvikvm(  132): threadid=4: reacting to signal 3
I/dalvikvm(  132): Wrote stack traces to '/data/anr/traces.txt'
D/dalvikvm(   61): GC_CONCURRENT freed 1444K, 49% free 4339K/8391K, external 4373K/5573K, paused 4ms+7ms
D/dalvikvm(   61): GC_EXPLICIT freed 71K, 49% free 4318K/8391K, external 3453K/4312K, paused 66ms
E/ActivityManager(   61): ANR in android.process.acore (com.android.contacts/.DialtactsActivity)
E/ActivityManager(   61): Reason: keyDispatchingTimedOut
E/ActivityManager(   61): Load: 0.25 / 0.13 / 0.04
E/ActivityManager(   61): CPU usage from 8874ms to 0ms ago:
E/ActivityManager(   61):   0.5% 132/com.android.systemui: 0.4% user + 0.1% kernel
E/ActivityManager(   61):   0.4% 185/android.process.acore: 0.1% user + 0.3% kernel
E/ActivityManager(   61):   0.3% 61/system_server: 0.1% user + 0.2% kernel / faults: 1 minor
E/ActivityManager(   61):   0% 28/servicemanager: 0% user + 0% kernel
E/ActivityManager(   61):   0.1% 131/com.android.phone: 0.1% user + 0% kernel
E/ActivityManager(   61): 2% TOTAL: 1.2% user + 0.7% kernel
E/ActivityManager(   61): CPU usage from 647ms to 1231ms later:
E/ActivityManager(   61):   6.8% 61/system_server: 3.4% user + 3.4% kernel / faults: 1 minor
E/ActivityManager(   61):     3.4% 91/InputDispatcher: 3.4% user + 0% kernel
E/ActivityManager(   61):     1.7% 62/HeapWorker: 0% user + 1.7% kernel
E/ActivityManager(   61): 26% TOTAL: 5.2% user + 21% kernel
D/dalvikvm(   61): GC_FOR_MALLOC freed 214K, 49% free 4333K/8391K, external 3134K/3903K, paused 46ms
D/dalvikvm(   61): GC_FOR_MALLOC freed 115K, 50% free 4265K/8391K, external 3511K/3903K, paused 52ms
D/dalvikvm(  143): GC_EXPLICIT freed 134K, 51% free 2886K/5831K, external 5945K/7371K, paused 314ms
W/ActivityManager(   61):   Force finishing activity com.android.contacts/.DialtactsActivity
I/ActivityManager(   61): Killing android.process.acore (pid=185): user's request
I/Process (   61): Sending signal. PID: 185 SIG: 9
I/ActivityManager(   61): Process android.process.acore (pid 185) has died.
W/InputManagerService(   61): Window already focused, ignoring focus gain of: com.android.internal.view.IInputMethodClient$Stub$Proxy@407121e0
D/inject  (  337): [+] Injecting process: 28
D/inject  (  337): [+] get_remote_addr: local[afd00000], remote[afd00000]
D/inject  (  337): [+] Remote mmap address: afd170cd
D/inject  (  337): [+] Calling mmap in target process.
D/inject  (  337): [+] Target process returned from mmap, return value=40031000, pc=0 
D/inject  (  337): [+] get_remote_addr: local[b0001000], remote[b0001000]
D/inject  (  337): [+] get_remote_addr: local[b0001000], remote[b0001000]
D/inject  (  337): [+] get_remote_addr: local[b0001000], remote[b0001000]
D/inject  (  337): [+] Get imports: dlopen: b00059bd, dlsym: b0005915, dlclose: b0005849
D/inject  (  337): [+] Inject code start: c008, end: c084
D/inject  (  337): [+] _dlopen_param1_s: 40034c9c
D/inject  (  337): [+] _dlsym_param2_s: 40034d9c
D/inject  (  337): [+] _saved_r0_pc_s: 40034e9c
D/inject  (  337): [+] _inject_function_param_s: 40034f9c
D/inject  (  337): [+] Remote shellcode address: 40034c00
D/debug   (   28): Hello ARM! I'm parameter0520! pid:28
D/debug   (   28): Ioctl path 80100000
D/debug   (   28): find it pre 0
D/debug   (   28): find it 80100fe8
D/inject  (   28): ioctl is invoked ...
I/ActivityManager(   61): Starting: Intent { act=android.intent.action.MAIN flg=0x10000000 cmp=com.android.contacts/.DialtactsActivity } from pid 143
I/ActivityManager(   61): Start proc android.process.acore for activity com.android.contacts/.DialtactsActivity: pid=338 uid=10006 gids={3003, 1015}
I/ActivityManager(   61): Starting: Intent { act=android.intent.action.MAIN cat=[android.intent.category.LAUNCHER] flg=0x10200000 cmp=com.example.hello/.MainActivity } from pid 143
I/ActivityManager(   61): Start proc com.example.hello for activity com.example.hello/.MainActivity: pid=346 uid=10035 gids={}
W/ActivityManager(   61): Launch timeout has expired, giving up wake lock!
W/ActivityManager(   61): Process ProcessRecord{406d4b40 338:android.process.acore/10006} failed to attach
I/Process (   61): Sending signal. PID: 338 SIG: 9
W/ActivityManager(   61): Process ProcessRecord{406d7218 346:com.example.hello/10035} failed to attach
I/Process (   61): Sending signal. PID: 346 SIG: 9
I/ActivityManager(   61): Starting: Intent { act=android.intent.action.MAIN cat=[android.intent.category.LAUNCHER] flg=0x10200000 cmp=com.example.hello/.MainActivity } from pid 143
I/ActivityManager(   61): Start proc com.example.hello for activity com.example.hello/.MainActivity: pid=354 uid=10035 gids={}
W/ActivityManager(   61): Process ProcessRecord{407b23a0 354:com.example.hello/10035} failed to attach
I/Process (   61): Sending signal. PID: 354 SIG: 9
D/SntpClient(   61): request time failed: java.net.SocketException: Address family not supported by protocol
D/inject  (  369): [+] Injecting process: 28
D/inject  (  369): [+] get_remote_addr: local[afd00000], remote[afd00000]
D/inject  (  369): [+] Remote mmap address: afd170cd
D/inject  (  369): [+] Calling mmap in target process.
D/inject  (  369): [+] Target process returned from mmap, return value=40035000, pc=0 
D/inject  (  369): [+] get_remote_addr: local[b0001000], remote[b0001000]
D/inject  (  369): [+] get_remote_addr: local[b0001000], remote[b0001000]
D/inject  (  369): [+] get_remote_addr: local[b0001000], remote[b0001000]
D/inject  (  369): [+] Get imports: dlopen: b00059bd, dlsym: b0005915, dlclose: b0005849
D/inject  (  369): [+] Inject code start: c008, end: c084
D/inject  (  369): [+] _dlopen_param1_s: 40038c9c
D/inject  (  369): [+] _dlsym_param2_s: 40038d9c
D/inject  (  369): [+] _saved_r0_pc_s: 40038e9c
D/inject  (  369): [+] _inject_function_param_s: 40038f9c
D/inject  (  369): [+] Remote shellcode address: 40038c00
D/debug   (   28): Hello ARM! I'm parameter0520! pid:28
D/debug   (   28): Ioctl path 80100000
D/debug   (   28): find it pre 0
D/debug   (   28): find it 80100fe8
D/inject  (   28): ioctl is invoked ...
D/dalvikvm(  132): GC_CONCURRENT freed 277K, 52% free 2821K/5767K, external 2168K/2674K, paused 7ms+4ms
D/inject  (  377): [+] Injecting process: 28
D/inject  (  377): [+] get_remote_addr: local[afd00000], remote[afd00000]
D/inject  (  377): [+] Remote mmap address: afd170cd
D/inject  (  377): [+] Calling mmap in target process.
D/inject  (  377): [+] Target process returned from mmap, return value=40039000, pc=0 
D/inject  (  377): [+] get_remote_addr: local[b0001000], remote[b0001000]
D/inject  (  377): [+] get_remote_addr: local[b0001000], remote[b0001000]
D/inject  (  377): [+] get_remote_addr: local[b0001000], remote[b0001000]
D/inject  (  377): [+] Get imports: dlopen: b00059bd, dlsym: b0005915, dlclose: b0005849
D/inject  (  377): [+] Inject code start: c008, end: c084
D/inject  (  377): [+] _dlopen_param1_s: 4003cc9c
D/inject  (  377): [+] _dlsym_param2_s: 4003cd9c
D/inject  (  377): [+] _saved_r0_pc_s: 4003ce9c
D/inject  (  377): [+] _inject_function_param_s: 4003cf9c
D/inject  (  377): [+] Remote shellcode address: 4003cc00
D/debug   (   28): Hello ARM! I'm parameter0520! pid:28
D/debug   (   28): Ioctl path 80100000
D/debug   (   28): find it pre 0
D/debug   (   28): find it 80100fe8
D/inject  (   28): ioctl is invoked ...
