D/wpa_supplicant( 5159): wlan0: 15: 48:02:2a:41:04:50 ssid='AP-Node-4' wpa_ie_len=0 rsn_ie_len=0 caps=0x401 level=-69
D/wpa_supplicant( 5159): wlan0:    skip - SSID mismatch
D/wpa_supplicant( 5159): wlan0: 16: 48:02:2a:45:ae:f3 ssid='AP-Node-3' wpa_ie_len=0 rsn_ie_len=0 caps=0x401 level=-72
D/wpa_supplicant( 5159): wlan0:    skip - SSID mismatch
D/wpa_supplicant( 5159): wlan0: 17: 48:02:2a:45:ad:0e ssid='AP-Node-5' wpa_ie_len=0 rsn_ie_len=0 caps=0x401 level=-73
D/wpa_supplicant( 5159): wlan0:    skip - SSID mismatch
D/wpa_supplicant( 5159): wlan0: 18: 52:1a:a9:16:32:76 ssid='CMCC' wpa_ie_len=0 rsn_ie_len=0 caps=0x601 level=-76
D/wpa_supplicant( 5159): wlan0:    skip - SSID mismatch
D/wpa_supplicant( 5159): wlan0: 19: 00:0f:11:35:06:6e ssid='AP-Node-1' wpa_ie_len=0 rsn_ie_len=0 caps=0x401 level=-84
D/wpa_supplicant( 5159): wlan0:    skip - SSID mismatch
D/wpa_supplicant( 5159): wlan0: Selecting BSS from priority group 5
D/wpa_supplicant( 5159): wlan0: 0: ec:88:8f:b9:bd:04 ssid='STS' wpa_ie_len=22 rsn_ie_len=20 caps=0x431 level=-48 wps
D/wpa_supplicant( 5159): wlan0:    skip - SSID mismatch
D/wpa_supplicant( 5159): wlan0: 1: ec:17:2f:7f:c2:30 ssid='TP-LINK_PocketAP' wpa_ie_len=22 rsn_ie_len=20 caps=0x431 level=-62
D/wpa_supplicant( 5159): wlan0:    skip - SSID mismatch
D/wpa_supplicant( 5159): wlan0: 2: 1c:bd:b9:8d:ab:4f ssid='WSN-cf' wpa_ie_len=26 rsn_ie_len=0 caps=0x431 level=-65
D/wpa_supplicant( 5159): wlan0:    skip - SSID mismatch
D/wpa_supplicant( 5159): wlan0: 3: 14:cf:92:21:31:1b ssid='Z-AP' wpa_ie_len=0 rsn_ie_len=20 caps=0x431 level=-70
D/wpa_supplicant( 5159): wlan0:    skip - SSID mismatch
D/wpa_supplicant( 5159): wlan0: 4: 00:23:cd:48:da:5c ssid='chyileon' wpa_ie_len=26 rsn_ie_len=24 caps=0x431 level=-71
D/wpa_supplicant( 5159): wlan0:    skip - SSID mismatch
D/wpa_supplicant( 5159): wlan0: 5: 00:1e:8c:7e:1e:2d ssid='' wpa_ie_len=28 rsn_ie_len=24 caps=0x431 level=-71
D/wpa_supplicant( 5159): wlan0:    skip - SSID mismatch
D/wpa_supplicant( 5159): wlan0: 6: b8:a3:86:4d:45:62 ssid='IHGroup' wpa_ie_len=26 rsn_ie_len=0 caps=0x431 level=-73
D/wpa_supplicant( 5159): wlan0:    skip - SSID mismatch
D/wpa_supplicant( 5159): wlan0: 7: 1c:fa:68:2d:cb:96 ssid='WSN-3F' wpa_ie_len=0 rsn_ie_len=20 caps=0x31 level=-81 wps
D/wpa_supplicant( 5159): wlan0:    skip - SSID mismatch
D/wpa_supplicant( 5159): wlan0: 8: ec:17:2f:69:0e:72 ssid='Diablo' wpa_ie_len=26 rsn_ie_len=24 caps=0x431 level=-82 wps
D/wpa_supplicant( 5159): wlan0:    skip - SSID mismatch
D/wpa_supplicant( 5159): wlan0: 9: 00:90:4c:60:00:2c ssid='shit' wpa_ie_len=24 rsn_ie_len=20 caps=0x411 level=-82
D/wpa_supplicant( 5159): wlan0:    skip - SSID mismatch
D/wpa_supplicant( 5159): wlan0: 10: 84:c9:b2:a7:f7:38 ssid='EYUN002' wpa_ie_len=22 rsn_ie_len=20 caps=0x431 level=-90 wps
D/wpa_supplicant( 5159): wlan0:    skip - SSID mismatch
D/wpa_supplicant( 5159): wlan0: 11: 48:02:2a:45:ad:70 ssid='AP-Node-2' wpa_ie_len=0 rsn_ie_len=0 caps=0x401 level=-64
D/wpa_supplicant( 5159): wlan0:    skip - SSID mismatch
D/wpa_supplicant( 5159): wlan0: 12: 48:02:2a:45:ae:d3 ssid='AP-Node-9' wpa_ie_len=0 rsn_ie_len=0 caps=0x401 level=-64
D/wpa_supplicant( 5159): wlan0:    skip - SSID mismatch
D/wpa_supplicant( 5159): wlan0: 13: 48:02:2a:45:ab:15 ssid='AP-Node-6' wpa_ie_len=0 rsn_ie_len=0 caps=0x401 level=-65
D/wpa_supplicant( 5159): wlan0:    skip - SSID mismatch
D/wpa_supplicant( 5159): wlan0: 14: 48:02:2a:45:ad:4d ssid='AP-Node-7' wpa_ie_len=0 rsn_ie_len=0 caps=0x401 level=-68
D/wpa_supplicant( 5159): wlan0:    skip - SSID mismatch
D/wpa_supplicant( 5159): wlan0: 15: 48:02:2a:41:04:50 ssid='AP-Node-4' wpa_ie_len=0 rsn_ie_len=0 caps=0x401 level=-69
D/wpa_supplicant( 5159): wlan0:    skip - SSID mismatch
D/wpa_supplicant( 5159): wlan0: 16: 48:02:2a:45:ae:f3 ssid='AP-Node-3' wpa_ie_len=0 rsn_ie_len=0 caps=0x401 level=-72
D/wpa_supplicant( 5159): wlan0:    skip - SSID mismatch
D/wpa_supplicant( 5159): wlan0: 17: 48:02:2a:45:ad:0e ssid='AP-Node-5' wpa_ie_len=0 rsn_ie_len=0 caps=0x401 level=-73
D/wpa_supplicant( 5159): wlan0:    skip - SSID mismatch
D/wpa_supplicant( 5159): wlan0: 18: 52:1a:a9:16:32:76 ssid='CMCC' wpa_ie_len=0 rsn_ie_len=0 caps=0x601 level=-76
D/wpa_supplicant( 5159): wlan0:    skip - SSID mismatch
D/wpa_supplicant( 5159): wlan0: 19: 00:0f:11:35:06:6e ssid='AP-Node-1' wpa_ie_len=0 rsn_ie_len=0 caps=0x401 level=-84
D/wpa_supplicant( 5159): wlan0:    skip - SSID mismatch
D/wpa_supplicant( 5159): wlan0: Selecting BSS from priority group 2
D/wpa_supplicant( 5159): wlan0: 0: ec:88:8f:b9:bd:04 ssid='STS' wpa_ie_len=22 rsn_ie_len=20 caps=0x431 level=-48 wps
D/wpa_supplicant( 5159): wlan0:    skip - SSID mismatch
D/wpa_supplicant( 5159): wlan0: 1: ec:17:2f:7f:c2:30 ssid='TP-LINK_PocketAP' wpa_ie_len=22 rsn_ie_len=20 caps=0x431 level=-62
D/wpa_supplicant( 5159): wlan0:    skip - SSID mismatch
D/wpa_supplicant( 5159): wlan0: 2: 1c:bd:b9:8d:ab:4f ssid='WSN-cf' wpa_ie_len=26 rsn_ie_len=0 caps=0x431 level=-65
D/wpa_supplicant( 5159): wlan0:    skip - SSID mismatch
D/wpa_supplicant( 5159): wlan0: 3: 14:cf:92:21:31:1b ssid='Z-AP' wpa_ie_len=0 rsn_ie_len=20 caps=0x431 level=-70
D/wpa_supplicant( 5159): wlan0:    skip - SSID mismatch
D/wpa_supplicant( 5159): wlan0: 4: 00:23:cd:48:da:5c ssid='chyileon' wpa_ie_len=26 rsn_ie_len=24 caps=0x431 level=-71
D/wpa_supplicant( 5159): wlan0:    skip - SSID mismatch
D/wpa_supplicant( 5159): wlan0: 5: 00:1e:8c:7e:1e:2d ssid='' wpa_ie_len=28 rsn_ie_len=24 caps=0x431 level=-71
D/wpa_supplicant( 5159): wlan0:    skip - SSID mismatch
D/wpa_supplicant( 5159): wlan0: 6: b8:a3:86:4d:45:62 ssid='IHGroup' wpa_ie_len=26 rsn_ie_len=0 caps=0x431 level=-73
D/wpa_supplicant( 5159): wlan0:    skip - SSID mismatch
D/wpa_supplicant( 5159): wlan0: 7: 1c:fa:68:2d:cb:96 ssid='WSN-3F' wpa_ie_len=0 rsn_ie_len=20 caps=0x31 level=-81 wps
D/wpa_supplicant( 5159): wlan0:    skip - SSID mismatch
D/wpa_supplicant( 5159): wlan0: 8: ec:17:2f:69:0e:72 ssid='Diablo' wpa_ie_len=26 rsn_ie_len=24 caps=0x431 level=-82 wps
D/wpa_supplicant( 5159): wlan0:    skip - SSID mismatch
D/wpa_supplicant( 5159): wlan0: 9: 00:90:4c:60:00:2c ssid='shit' wpa_ie_len=24 rsn_ie_len=20 caps=0x411 level=-82
D/wpa_supplicant( 5159): wlan0:    skip - SSID mismatch
D/wpa_supplicant( 5159): wlan0: 10: 84:c9:b2:a7:f7:38 ssid='EYUN002' wpa_ie_len=22 rsn_ie_len=20 caps=0x431 level=-90 wps
D/wpa_supplicant( 5159): wlan0:    skip - SSID mismatch
D/wpa_supplicant( 5159): wlan0: 11: 48:02:2a:45:ad:70 ssid='AP-Node-2' wpa_ie_len=0 rsn_ie_len=0 caps=0x401 level=-64
D/wpa_supplicant( 5159): wlan0:    skip - SSID mismatch
D/wpa_supplicant( 5159): wlan0: 12: 48:02:2a:45:ae:d3 ssid='AP-Node-9' wpa_ie_len=0 rsn_ie_len=0 caps=0x401 level=-64
D/wpa_supplicant( 5159): wlan0:    skip - SSID mismatch
D/wpa_supplicant( 5159): wlan0: 13: 48:02:2a:45:ab:15 ssid='AP-Node-6' wpa_ie_len=0 rsn_ie_len=0 caps=0x401 level=-65
D/wpa_supplicant( 5159): wlan0:    skip - SSID mismatch
D/wpa_supplicant( 5159): wlan0: 14: 48:02:2a:45:ad:4d ssid='AP-Node-7' wpa_ie_len=0 rsn_ie_len=0 caps=0x401 level=-68
D/wpa_supplicant( 5159): wlan0:    skip - SSID mismatch
D/wpa_supplicant( 5159): wlan0: 15: 48:02:2a:41:04:50 ssid='AP-Node-4' wpa_ie_len=0 rsn_ie_len=0 caps=0x401 level=-69
D/wpa_supplicant( 5159): wlan0:    skip - SSID mismatch
D/wpa_supplicant( 5159): wlan0: 16: 48:02:2a:45:ae:f3 ssid='AP-Node-3' wpa_ie_len=0 rsn_ie_len=0 caps=0x401 level=-72
D/wpa_supplicant( 5159): wlan0:    skip - SSID mismatch
D/wpa_supplicant( 5159): wlan0: 17: 48:02:2a:45:ad:0e ssid='AP-Node-5' wpa_ie_len=0 rsn_ie_len=0 caps=0x401 level=-73
D/wpa_supplicant( 5159): wlan0:    skip - SSID mismatch
D/wpa_supplicant( 5159): wlan0: 18: 52:1a:a9:16:32:76 ssid='CMCC' wpa_ie_len=0 rsn_ie_len=0 caps=0x601 level=-76
D/wpa_supplicant( 5159): wlan0:    skip - SSID mismatch
D/wpa_supplicant( 5159): wlan0: 19: 00:0f:11:35:06:6e ssid='AP-Node-1' wpa_ie_len=0 rsn_ie_len=0 caps=0x401 level=-84
D/wpa_supplicant( 5159): wlan0:    skip - SSID mismatch
D/wpa_supplicant( 5159): wlan0: Selecting BSS from priority group 1
D/wpa_supplicant( 5159): wlan0: 0: ec:88:8f:b9:bd:04 ssid='STS' wpa_ie_len=22 rsn_ie_len=20 caps=0x431 level=-48 wps
D/wpa_supplicant( 5159): wlan0:    skip - SSID mismatch
D/wpa_supplicant( 5159): wlan0: 1: ec:17:2f:7f:c2:30 ssid='TP-LINK_PocketAP' wpa_ie_len=22 rsn_ie_len=20 caps=0x431 level=-62
D/wpa_supplicant( 5159): wlan0:    skip - SSID mismatch
D/wpa_supplicant( 5159): wlan0: 2: 1c:bd:b9:8d:ab:4f ssid='WSN-cf' wpa_ie_len=26 rsn_ie_len=0 caps=0x431 level=-65
D/wpa_supplicant( 5159): wlan0:    skip - SSID mismatch
D/wpa_supplicant( 5159): wlan0: 3: 14:cf:92:21:31:1b ssid='Z-AP' wpa_ie_len=0 rsn_ie_len=20 caps=0x431 level=-70
D/wpa_supplicant( 5159): wlan0:    skip - SSID mismatch
D/wpa_supplicant( 5159): wlan0: 4: 00:23:cd:48:da:5c ssid='chyileon' wpa_ie_len=26 rsn_ie_len=24 caps=0x431 level=-71
D/wpa_supplicant( 5159): wlan0:    skip - SSID mismatch
D/wpa_supplicant( 5159): wlan0: 5: 00:1e:8c:7e:1e:2d ssid='' wpa_ie_len=28 rsn_ie_len=24 caps=0x431 level=-71
D/wpa_supplicant( 5159): wlan0:    skip - SSID mismatch
D/wpa_supplicant( 5159): wlan0: 6: b8:a3:86:4d:45:62 ssid='IHGroup' wpa_ie_len=26 rsn_ie_len=0 caps=0x431 level=-73
D/wpa_supplicant( 5159): wlan0:    skip - SSID mismatch
D/wpa_supplicant( 5159): wlan0: 7: 1c:fa:68:2d:cb:96 ssid='WSN-3F' wpa_ie_len=0 rsn_ie_len=20 caps=0x31 level=-81 wps
D/wpa_supplicant( 5159): wlan0:    skip - SSID mismatch
D/wpa_supplicant( 5159): wlan0: 8: ec:17:2f:69:0e:72 ssid='Diablo' wpa_ie_len=26 rsn_ie_len=24 caps=0x431 level=-82 wps
D/wpa_supplicant( 5159): wlan0:    skip - SSID mismatch
D/wpa_supplicant( 5159): wlan0: 9: 00:90:4c:60:00:2c ssid='shit' wpa_ie_len=24 rsn_ie_len=20 caps=0x411 level=-82
D/wpa_supplicant( 5159): wlan0:    skip - SSID mismatch
D/wpa_supplicant( 5159): wlan0: 10: 84:c9:b2:a7:f7:38 ssid='EYUN002' wpa_ie_len=22 rsn_ie_len=20 caps=0x431 level=-90 wps
D/wpa_supplicant( 5159): wlan0:    skip - SSID mismatch
D/wpa_supplicant( 5159): wlan0: 11: 48:02:2a:45:ad:70 ssid='AP-Node-2' wpa_ie_len=0 rsn_ie_len=0 caps=0x401 level=-64
D/wpa_supplicant( 5159): wlan0:    skip - SSID mismatch
D/wpa_supplicant( 5159): wlan0: 12: 48:02:2a:45:ae:d3 ssid='AP-Node-9' wpa_ie_len=0 rsn_ie_len=0 caps=0x401 level=-64
D/wpa_supplicant( 5159): wlan0:    skip - SSID mismatch
D/wpa_supplicant( 5159): wlan0: 13: 48:02:2a:45:ab:15 ssid='AP-Node-6' wpa_ie_len=0 rsn_ie_len=0 caps=0x401 level=-65
D/wpa_supplicant( 5159): wlan0:    skip - SSID mismatch
D/wpa_supplicant( 5159): wlan0: 14: 48:02:2a:45:ad:4d ssid='AP-Node-7' wpa_ie_len=0 rsn_ie_len=0 caps=0x401 level=-68
D/wpa_supplicant( 5159): wlan0:    skip - SSID mismatch
D/wpa_supplicant( 5159): wlan0: 15: 48:02:2a:41:04:50 ssid='AP-Node-4' wpa_ie_len=0 rsn_ie_len=0 caps=0x401 level=-69
D/wpa_supplicant( 5159): wlan0:    skip - SSID mismatch
D/wpa_supplicant( 5159): wlan0: 16: 48:02:2a:45:ae:f3 ssid='AP-Node-3' wpa_ie_len=0 rsn_ie_len=0 caps=0x401 level=-72
D/wpa_supplicant( 5159): wlan0:    skip - SSID mismatch
D/wpa_supplicant( 5159): wlan0: 17: 48:02:2a:45:ad:0e ssid='AP-Node-5' wpa_ie_len=0 rsn_ie_len=0 caps=0x401 level=-73
D/wpa_supplicant( 5159): wlan0:    skip - SSID mismatch
D/wpa_supplicant( 5159): wlan0: 18: 52:1a:a9:16:32:76 ssid='CMCC' wpa_ie_len=0 rsn_ie_len=0 caps=0x601 level=-76
D/wpa_supplicant( 5159): wlan0:    skip - SSID mismatch
D/wpa_supplicant( 5159): wlan0: 19: 00:0f:11:35:06:6e ssid='AP-Node-1' wpa_ie_len=0 rsn_ie_len=0 caps=0x401 level=-84
D/wpa_supplicant( 5159): wlan0:    skip - SSID mismatch
D/wpa_supplicant( 5159): wlan0: Selecting BSS from priority group 0
D/wpa_supplicant( 5159): wlan0: 0: ec:88:8f:b9:bd:04 ssid='STS' wpa_ie_len=22 rsn_ie_len=20 caps=0x431 level=-48 wps
D/wpa_supplicant( 5159): wlan0:    skip - disabled
D/wpa_supplicant( 5159): wlan0: 1: ec:17:2f:7f:c2:30 ssid='TP-LINK_PocketAP' wpa_ie_len=22 rsn_ie_len=20 caps=0x431 level=-62
D/wpa_supplicant( 5159): wlan0:    skip - disabled
D/wpa_supplicant( 5159): wlan0: 2: 1c:bd:b9:8d:ab:4f ssid='WSN-cf' wpa_ie_len=26 rsn_ie_len=0 caps=0x431 level=-65
D/wpa_supplicant( 5159): wlan0:    skip - disabled
D/wpa_supplicant( 5159): wlan0: 3: 14:cf:92:21:31:1b ssid='Z-AP' wpa_ie_len=0 rsn_ie_len=20 caps=0x431 level=-70
D/wpa_supplicant( 5159): wlan0:    skip - disabled
D/wpa_supplicant( 5159): wlan0: 4: 00:23:cd:48:da:5c ssid='chyileon' wpa_ie_len=26 rsn_ie_len=24 caps=0x431 level=-71
D/wpa_supplicant( 5159): wlan0:    skip - disabled
D/wpa_supplicant( 5159): wlan0: 5: 00:1e:8c:7e:1e:2d ssid='' wpa_ie_len=28 rsn_ie_len=24 caps=0x431 level=-71
D/wpa_supplicant( 5159): wlan0:    skip - disabled
D/wpa_supplicant( 5159): wlan0: 6: b8:a3:86:4d:45:62 ssid='IHGroup' wpa_ie_len=26 rsn_ie_len=0 caps=0x431 level=-73
D/wpa_supplicant( 5159): wlan0:    skip - disabled
D/wpa_supplicant( 5159): wlan0: 7: 1c:fa:68:2d:cb:96 ssid='WSN-3F' wpa_ie_len=0 rsn_ie_len=20 caps=0x31 level=-81 wps
D/wpa_supplicant( 5159): wlan0:    skip - disabled
D/wpa_supplicant( 5159): wlan0: 8: ec:17:2f:69:0e:72 ssid='Diablo' wpa_ie_len=26 rsn_ie_len=24 caps=0x431 level=-82 wps
D/wpa_supplicant( 5159): wlan0:    skip - disabled
D/wpa_supplicant( 5159): wlan0: 9: 00:90:4c:60:00:2c ssid='shit' wpa_ie_len=24 rsn_ie_len=20 caps=0x411 level=-82
D/wpa_supplicant( 5159): wlan0:    skip - disabled
D/wpa_supplicant( 5159): wlan0: 10: 84:c9:b2:a7:f7:38 ssid='EYUN002' wpa_ie_len=22 rsn_ie_len=20 caps=0x431 level=-90 wps
D/wpa_supplicant( 5159): wlan0:    skip - disabled
D/wpa_supplicant( 5159): wlan0: 11: 48:02:2a:45:ad:70 ssid='AP-Node-2' wpa_ie_len=0 rsn_ie_len=0 caps=0x401 level=-64
D/wpa_supplicant( 5159): wlan0:    skip - disabled
D/wpa_supplicant( 5159): wlan0: 12: 48:02:2a:45:ae:d3 ssid='AP-Node-9' wpa_ie_len=0 rsn_ie_len=0 caps=0x401 level=-64
D/wpa_supplicant( 5159): wlan0:    skip - disabled
D/wpa_supplicant( 5159): wlan0: 13: 48:02:2a:45:ab:15 ssid='AP-Node-6' wpa_ie_len=0 rsn_ie_len=0 caps=0x401 level=-65
D/wpa_supplicant( 5159): wlan0:    skip - disabled
D/wpa_supplicant( 5159): wlan0: 14: 48:02:2a:45:ad:4d ssid='AP-Node-7' wpa_ie_len=0 rsn_ie_len=0 caps=0x401 level=-68
D/wpa_supplicant( 5159): wlan0:    skip - disabled
D/wpa_supplicant( 5159): wlan0: 15: 48:02:2a:41:04:50 ssid='AP-Node-4' wpa_ie_len=0 rsn_ie_len=0 caps=0x401 level=-69
D/wpa_supplicant( 5159): wlan0:    skip - disabled
D/wpa_supplicant( 5159): wlan0: 16: 48:02:2a:45:ae:f3 ssid='AP-Node-3' wpa_ie_len=0 rsn_ie_len=0 caps=0x401 level=-72
D/wpa_supplicant( 5159): wlan0:    skip - disabled
D/wpa_supplicant( 5159): wlan0: 17: 48:02:2a:45:ad:0e ssid='AP-Node-5' wpa_ie_len=0 rsn_ie_len=0 caps=0x401 level=-73
D/wpa_supplicant( 5159): wlan0:    skip - disabled
D/wpa_supplicant( 5159): wlan0: 18: 52:1a:a9:16:32:76 ssid='CMCC' wpa_ie_len=0 rsn_ie_len=0 caps=0x601 level=-76
D/wpa_supplicant( 5159): wlan0:    skip - disabled
D/wpa_supplicant( 5159): wlan0: 19: 00:0f:11:35:06:6e ssid='AP-Node-1' wpa_ie_len=0 rsn_ie_len=0 caps=0x401 level=-84
D/wpa_supplicant( 5159): wlan0:    skip - disabled
D/wpa_supplicant( 5159): wlan0: No suitable network found
D/wpa_supplicant( 5159): wlan0: Setting scan request: 15 sec 0 usec
D/wpa_supplicant( 5159): wlan0: Checking for other virtual interfaces sharing same radio (phy0) in event_scan_results
D/WifiCommon( 5082): [wlan0]GET "CTRL-EVENT-BSS-ADDED 108 84:c9:b2:a7:f7:38"
D/WifiCommon( 5082): [wlan0]GET "CTRL-EVENT-SCAN-RESULTS "
D/WifiCommon( 5082): [wlan0]GET "WPS-AP-AVAILABLE "
D/StateMachine( 5082): handleMessage: E msg.what=147461
D/StateMachine( 5082): processMsg: DisconnectedState
D/WifiStateMachine( 5082): DisconnectedState{ what=147461 when=0 target=Handler (com.android.internal.util.StateMachine$SmHandler) {416971f8} }
D/StateMachine( 5082): processMsg: ConnectModeState
D/WifiStateMachine( 5082): ConnectModeState{ what=147461 when=0 target=Handler (com.android.internal.util.StateMachine$SmHandler) {416971f8} }
D/WifiNative-wlan0( 5082): doBoolean: AP_SCAN 1
D/NetdConnector( 5082): RCV <- {600 Iface linkstate wlan0 down}
D/Tethering( 5082): interfaceLinkStateChanged wlan0, false
D/Tethering( 5082): interfaceStatusChanged wlan0, false
D/wpa_supplicant( 5159): RTM_NEWLINK: operstate=0 ifi_flags=0x1003 ([UP])
D/wpa_supplicant( 5159): RTM_NEWLINK, IFLA_IFNAME: Interface 'wlan0' added
D/wpa_supplicant( 5159): wlan0: Event INTERFACE_STATUS (5) received
D/wpa_supplicant( 5159): wpa_s 0x403906e8 cmd AP_SCAN 1
D/WifiCommon( 5082): [wlan0]SET "AP_SCAN 1"
D/StateMachine( 5082): processMsg: DriverStartedState
D/WifiStateMachine( 5082): DriverStartedState{ what=147461 when=-3ms target=Handler (com.android.internal.util.StateMachine$SmHandler) {416971f8} }
D/StateMachine( 5082): processMsg: SupplicantStartedState
D/WifiStateMachine( 5082): SupplicantStartedState{ what=147461 when=-3ms target=Handler (com.android.internal.util.StateMachine$SmHandler) {416971f8} }
D/WifiNative-wlan0( 5082): doString: SCAN_RESULTS
D/wpa_supplicant( 5159): wpa_s 0x403906e8 cmd SCAN_RESULTS
D/WifiCommon( 5082): [wlan0]SET "SCAN_RESULTS"
I/wifi    ( 5082): bssid / frequency / signal level / flags / ssid
I/wifi    ( 5082): ec:88:8f:b9:bd:04	2427	-48	[WPA-PSK-CCMP][WPA2-PSK-CCMP][WPS][ESS]	STS
I/wifi    ( 5082): 1c:bd:b9:8d:ab:4f	2437	-65	[WPA-PSK-TKIP+CCMP][ESS]	WSN-cf
I/wifi    ( 5082): 00:23:cd:48:da:5c	2442	-71	[WPA-PSK-TKIP+CCMP][WPA2-PSK-TKIP+CCMP-preauth][ESS]	chyileon
I/wifi    ( 5082): ec:17:2f:7f:c2:30	2412	-62	[WPA-PSK-CCMP][WPA2-PSK-CCMP][ESS]	TP-LINK_PocketAP
I/wifi    ( 5082): 00:90:4c:60:00:2c	2437	-82	[WPA-PSK-TKIP][WPA2-PSK-TKIP][ESS]	shit
I/wifi    ( 5082): 48:02:2a:45:ae:d3	2462	-64	[ESS]	AP-Node-9
I/wifi    ( 5082): 48:02:2a:41:04:50	2462	-69	[ESS]	AP-Node-4
I/wifi    ( 5082): 48:02:2a:45:ad:70	2462	-64	[ESS]	AP-Node-2
I/wifi    ( 5082): 48:02:2a:45:ae:f3	2462	-72	[ESS]	AP-Node-3
I/wifi    ( 5082): 48:02:2a:45:ad:4d	2462	-68	[ESS]	AP-Node-7
I/wifi    ( 5082): 48:02:2a:45:ab:15	2462	-65	[ESS]	AP-Node-6
I/wifi    ( 5082): 48:02:2a:45:ad:0e	2462	-73	[ESS]	AP-Node-5
I/wifi    ( 5082): 52:1a:a9:16:32:77	2437	-78	[WPA2-EAP-CCMP][ESS]	CMCC-AUTO
I/wifi    ( 5082): 52:1a:a9:16:32:76	2437	-76	[ESS]	CMCC
I/wifi    ( 5082): b8:a3:86:4d:45:62	2412	-73	[WPA-PSK-TKIP+CCMP][ESS]	IHGroup
I/wifi    ( 5082): 14:cf:92:21:31:1b	2412	-70	[WPA2-PSK-CCMP][ESS]	Z-AP
I/wifi    ( 5082): 1c:fa:68:2d:cb:96	2437	-81	[WPA2-PSK-CCMP][WPS][ESS]	WSN-3F
I/wifi    ( 5082): ec:17:2f:69:0e:72	2412	-82	[WPA-PSK-TKIP+CCMP][WPA2-PSK-TKIP+CCMP][WPS][ESS]	Diablo
I/wifi    ( 5082): 40:16:9f:7e:fc:b4	2437	-87	[WPA-PSK-CCMP][WPA2-PSK-CCMP][WPS][ESS]	FAST
I/wifi    ( 5082): 00:1e:8c:7e:1e:2d	2462	-71	[WPA-PSK-TKIP+CCMP][WPA2-PSK-TKIP+CCMP][ESS]	
I/wifi    ( 5082): 00:0f:11:35:06:6e	2462	-84	[ESS]	AP-Node-1
I/wifi    ( 5082): 84:c9:b2:a7:f7:38	2462	-90	[WPA-PSK-CCMP][WPA2-PSK-CCMP][WPS][ESS]	EYUN002
V/ActivityManager( 5082): Broadcast: Intent { act=android.net.wifi.SCAN_RESULTS flg=0x8000010 } ordered=false userid=0
D/StateMachine( 5082): handleMessage: X
D/StateMachine( 5082): handleMessage: E msg.what=131131
D/StateMachine( 5082): processMsg: DisconnectedState
D/WifiStateMachine( 5082): DisconnectedState{ what=131131 when=-1ms target=Handler (com.android.internal.util.StateMachine$SmHandler) {416971f8} }
D/StateMachine( 5082): processMsg: ConnectModeState
D/WifiStateMachine( 5082): ConnectModeState{ what=131131 when=-6ms target=Handler (com.android.internal.util.StateMachine$SmHandler) {416971f8} }
D/StateMachine( 5082): processMsg: DriverStartedState
D/WifiStateMachine( 5082): DriverStartedState{ what=131131 when=-9ms target=Handler (com.android.internal.util.StateMachine$SmHandler) {416971f8} }
D/StateMachine( 5082): processMsg: SupplicantStartedState
D/WifiStateMachine( 5082): SupplicantStartedState{ what=131131 when=-11ms target=Handler (com.android.internal.util.StateMachine$SmHandler) {416971f8} }
D/StateMachine( 5082): handleMessage: X
D/StateMachine( 5082): handleMessage: E msg.what=131241
D/StateMachine( 5082): processMsg: DisconnectedState
D/WifiStateMachine( 5082): DisconnectedState{ what=131241 when=-2ms target=Handler (com.android.internal.util.StateMachine$SmHandler) {416971f8} }
D/StateMachine( 5082): processMsg: ConnectModeState
D/WifiStateMachine( 5082): ConnectModeState{ what=131241 when=-3ms target=Handler (com.android.internal.util.StateMachine$SmHandler) {416971f8} }
D/StateMachine( 5082): processMsg: DriverStartedState
D/WifiStateMachine( 5082): DriverStartedState{ what=131241 when=-4ms target=Handler (com.android.internal.util.StateMachine$SmHandler) {416971f8} }
D/StateMachine( 5082): processMsg: SupplicantStartedState
D/WifiStateMachine( 5082): SupplicantStartedState{ what=131241 when=-5ms target=Handler (com.android.internal.util.StateMachine$SmHandler) {416971f8} }
D/WifiNative-wlan0( 5082): doString: LIST_NETWORKS
D/wpa_supplicant( 5159): wpa_s 0x403906e8 cmd LIST_NETWORKS
D/WifiCommon( 5082): [wlan0]SET "LIST_NETWORKS"
D/StateMachine( 5082): handleMessage: X
D/StateMachine( 5082): handleMessage: E msg.what=131131
D/StateMachine( 5082): processMsg: DisconnectedState
D/WifiStateMachine( 5082): DisconnectedState{ what=131131 when=-5ms target=Handler (com.android.internal.util.StateMachine$SmHandler) {416971f8} }
D/StateMachine( 5082): processMsg: ConnectModeState
D/WifiStateMachine( 5082): ConnectModeState{ what=131131 when=-6ms target=Handler (com.android.internal.util.StateMachine$SmHandler) {416971f8} }
D/StateMachine( 5082): processMsg: DriverStartedState
D/WifiStateMachine( 5082): DriverStartedState{ what=131131 when=-8ms target=Handler (com.android.internal.util.StateMachine$SmHandler) {416971f8} }
D/StateMachine( 5082): processMsg: SupplicantStartedState
D/WifiStateMachine( 5082): SupplicantStartedState{ what=131131 when=-10ms target=Handler (com.android.internal.util.StateMachine$SmHandler) {416971f8} }
I/WifiService( 5082): Open network num:9
D/WifiService( 5082): Supplicant state is SCANNING when interpret scan results, isConnecting=false
D/WifiService( 5082): Not enough time has passed to show the notification again
D/StateMachine( 5082): handleMessage: X
D/IPCThreadState( 5082): [DN #5] BR_CLEAR_DEATH_NOTIFICATION_DONE cookie 0x5863fda8
W/ADB_SERVICES(  129): create_local_service_socket() name=shell:ls -l /
D/ADB_SERVICES(  129): Calling send_ready local=2665, remote=4943
D/ADB_SERVICES(  129):  closing because is_eof=1 r=-1 s->fde.force_eof=0
W/ADB_SERVICES(  129): create_local_service_socket() name=shell:ls -l -d /emmc@android/
D/ADB_SERVICES(  129): Calling send_ready local=2666, remote=4944
D/ADB_SERVICES(  129):  closing because is_eof=1 r=1 s->fde.force_eof=0
W/ADB_SERVICES(  129): create_local_service_socket() name=shell:ls -l -d /emmc@cache/
D/ADB_SERVICES(  129): Calling send_ready local=2667, remote=4945
D/ADB_SERVICES(  129):  closing because is_eof=1 r=1 s->fde.force_eof=0
W/ADB_SERVICES(  129): create_local_service_socket() name=shell:ls -l -d /emmc@ebr1/
D/ADB_SERVICES(  129): Calling send_ready local=2668, remote=4947
D/ADB_SERVICES(  129):  closing because is_eof=1 r=1 s->fde.force_eof=0
W/ADB_SERVICES(  129): create_local_service_socket() name=shell:ls -l -d /emmc@fat/
D/ADB_SERVICES(  129): Calling send_ready local=2669, remote=4948
D/ADB_SERVICES(  129): adb fdevent_process list (49) (15) (66) 
D/ADB_SERVICES(  129): adb local_socket_ready list (49) (66) 
D/ADB_SERVICES(  129): adb socket read list (49) (66) 
D/ADB_SERVICES(  129): read_data=60709
D/ADB_SERVICES(  129): max_read_time=0.000394 max_send_time=0.000710 
D/ADB_SERVICES(  129):  closing because is_eof=1 r=1 s->fde.force_eof=0
W/ADB_SERVICES(  129): create_local_service_socket() name=shell:ls -l -d /emmc@sec_ro/
D/ADB_SERVICES(  129): Calling send_ready local=2670, remote=4949
D/ADB_SERVICES(  129):  closing because is_eof=1 r=1 s->fde.force_eof=0
W/ADB_SERVICES(  129): create_local_service_socket() name=shell:ls -l -d /emmc@usrdata/
D/ADB_SERVICES(  129): Calling send_ready local=2671, remote=4950
D/ADB_SERVICES(  129):  closing because is_eof=1 r=1 s->fde.force_eof=0
V/Provider/Setting( 5082): from settings cache , name = powerchargingval_usb value = 74,72,67,67,67,67,83,178,527,312,353,2634,193,114,165,131,141,107,225,119,71,233,251,90,64,76,86,82,105,66,198,590,107,81,83,124,115,137,199,224,217,245,270,316,239,308,328,293,174,172,379,299,278,389,234,155,168,136,142,124,105,128,103,82,109,93,115,98,145,124,238,232,202,166,204,235,230,195,310,167,325,286,384,421,492,285,258,567,825,229,227,61,60,62,59,61,61,60,61,70,3446,
I/BatteryService( 5082): sendIntent mBootCompleted=true
I/BatteryService( 5082): sendIntent mBatteryEstimationChargeTime=5937
V/ActivityManager( 5082): Broadcast sticky: Intent { act=android.intent.action.BATTERY_CHANGED flg=0x60000010 (has extras) } ordered=false userid=0
I/KeyguardUpdateMonitor( 5082): ACTION_BATTERY_CHANGED, status=2,plugged=2, level=86, health=2
D/WifiService( 5082): onReceive, action=android.intent.action.BATTERY_CHANGED
V/Provider/Setting( 5082): from settings cache , name = wifi_idle_ms value = null
V/Provider/Setting( 5082): from settings cache , name = stay_on_while_plugged_in value = 0
D/WifiService( 5082): ACTION_BATTERY_CHANGED pluggedType: 2
V/Provider/Setting( 5082): from settings cache , name = wifi_sleep_policy value = null
D/WifiService( 5082): wifiSleepPolicy:2
V/Provider/Setting( 5082): from settings cache , name = wifi_sleep_policy value = null
D/WifiService( 5082): wifiSleepPolicy:2
D/UsbDeviceManager( 5082): onReceive - ACTION_BATTERY_CHANGED - mPlugType: 2, mSettingUsbCharging: false, mConnected: true, mSettingUsbBicr: false
D/Bluetooth HS/HF( 5328): [BT][HFG] [API] mStateReceiver.onReceive(android.intent.action.BATTERY_CHANGED)
D/Bluetooth HS/HF( 5328): [BT][HFG] [API] mHandler.handleMessage(9)
D/Bluetooth HS/HF( 5328): [BT][HFG] [API] updateBatteryState
V/Provider/Setting( 5211): from settings cache , name = powerlowwarningval value = null
D/PowerUI ( 5211): action = android.intent.action.BATTERY_CHANGED
D/PowerUI ( 5211): Intent start() ret = false mHideLowBDialog= true
D/PowerUI ( 5211): oldBatteryLevel = 86mBatteryLevel = 86
D/PowerUI ( 5211): dismissLowBatteryWarning***************
W/ActivityManager( 5082): Process ProcessRecord{41fafdc0 12573:com.baidu.searchbox/u0a140} failed to attach
W/ActivityManager( 5082): Unattached app died before broadcast acknowledged, skipping
W/ActivityManager( 5082): Unattached app died before broadcast acknowledged, skipping
V/Provider/Setting( 5082): from settings cache , name = read_external_storage_enforced_default value = null
D/Zygote  ( 5033): SelectLoop : runOnce
D/Zygote  ( 5033): read arg list
D/Zygote  ( 5033): prepare new stderr
D/Zygote  ( 5033): parse args
D/Zygote  ( 5033): before fork
D/dalvikvm( 5033): threadid=2: exiting
D/dalvikvm( 5033): threadid=2: bye!
D/dalvikvm( 5033): threadid=3: exiting
D/dalvikvm( 5033): threadid=3: bye!
D/dalvikvm( 5033): threadid=4: exiting
D/dalvikvm( 5033): threadid=4: bye!
D/dalvikvm( 5033): pre gc
D/dalvikvm( 5033): Zygote::ForkAndSpecialize +
W/ADB_SERVICES(  129): terminating JDWP 12573 connection: Try again
D/ADB_SERVICES(  129): remove pid 12573 to jdwp process list
D/ADB_SERVICES(  129):  closing because is_eof=1 r=0 s->fde.force_eof=0
D/dalvikvm(12614): Zygote::ForkAndSpecialize : 0
D/dalvikvm( 5033): Zygote::ForkAndSpecialize : 12614
D/dalvikvm(12614): zygote get new systemTid : 12614
D/dalvikvm(12614): threadid=2: interp stack at 0x4f092000
D/dalvikvm(12614): threadid=3: interp stack at 0x4f19a000
D/jdwp    (12614): prepping for JDWP over ADB
D/jdwp    (12614): ADB transport startup
D/dalvikvm(12614): Elevating priority from 0 to -8
D/dalvikvm(12614): threadid=4: interp stack at 0x4f2a2000
D/jdwp    (12614): JDWP: thread running
D/jdwp    (12614): acceptConnection
D/ADB_SERVICES(  129): Adding socket 47 pid 12614 to jdwp process list
D/jdwp    (12614): trying to receive file descriptor from ADB
D/dalvikvm(12614): threadid=5: interp stack at 0x51688000
D/dalvikvm(12614): zygote get thread init done
D/dalvikvm( 5033): create interp thread : stack size=32KB
D/dalvikvm( 5033): create new thread
D/dalvikvm(12614): create interp thread : stack size=32KB
D/dalvikvm( 5033): new thread created
D/dalvikvm(12614): create new thread
D/dalvikvm(12614): new thread created
D/dalvikvm(12614): update thread list
D/dalvikvm(12614): threadid=6: interp stack at 0x51690000
D/dalvikvm( 5033): update thread list
D/dalvikvm(12614): threadid=6: created from interp
D/dalvikvm(12614): start new thread
D/dalvikvm(12614): create interp thread : stack size=32KB
D/dalvikvm(12614): create new thread
D/dalvikvm(12614): new thread created
D/dalvikvm(12614): update thread list
D/dalvikvm(12614): threadid=6: notify debugger
D/dalvikvm(12614): threadid=6 (ReferenceQueueDaemon): calling run()
D/dalvikvm(12614): threadid=7: interp stack at 0x51798000
D/dalvikvm(12614): threadid=7: created from interp
D/dalvikvm(12614): start new thread
D/dalvikvm(12614): create interp thread : stack size=32KB
D/dalvikvm(12614): create new thread
D/dalvikvm(12614): new thread created
D/dalvikvm(12614): update thread list
D/dalvikvm(12614): threadid=7: notify debugger
D/dalvikvm(12614): threadid=7 (FinalizerDaemon): calling run()
D/dalvikvm(12614): threadid=8: interp stack at 0x518a0000
D/dalvikvm(12614): threadid=8: created from interp
D/dalvikvm(12614): start new thread
D/Zygote  (12614): fork pid : 0
W/ADB_SERVICES(  129): create_local_service_socket() name=jdwp:12614
W/ADB_SERVICES(  129): looking for pid 12614 in JDWP process list return fds0(48) fds1(66)
D/ADB_SERVICES(  129): Calling send_ready local=2672, remote=4953
W/ADB_SERVICES(  129): trying to write to JDWP socket=47 pid=12614 count=1 out_fds=66
D/dalvikvm( 5033): threadid=2: interp stack at 0x4ef92000
D/jdwp    (12614): received file descriptor 35 from ADB
D/dalvikvm( 5033): threadid=2: created from interp
D/dalvikvm( 5033): start new thread
D/dalvikvm( 5033): create interp thread : stack size=32KB
D/dalvikvm( 5033): create new thread
D/dalvikvm( 5033): new thread created
D/dalvikvm( 5033): update thread list
D/dalvikvm( 5033): threadid=2: notify debugger
D/dalvikvm( 5033): threadid=2 (ReferenceQueueDaemon): calling run()
D/dalvikvm( 5033): threadid=3: interp stack at 0x4f09a000
D/dalvikvm( 5033): threadid=3: created from interp
D/dalvikvm( 5033): start new thread
D/dalvikvm( 5033): create interp thread : stack size=32KB
D/dalvikvm( 5033): create new thread
D/dalvikvm( 5033): new thread created
D/dalvikvm( 5033): update thread list
D/dalvikvm( 5033): threadid=3: notify debugger
D/dalvikvm( 5033): threadid=3 (FinalizerDaemon): calling run()
D/ADB_SERVICES(  129): Calling send_ready local=2672, remote=4953
D/jdwp    (12614): processIncoming
D/ADB_SERVICES(  129): Calling send_ready local=2672, remote=4953
D/jdwp    (12614): processIncoming
D/jdwp    (12614): handlePacket : cmd=0x1, cmdSet=0xC7, len=0x13, id=0x40000C0D, flags=0x0, dataLen=0x8
D/ADB_SERVICES(  129): Calling send_ready local=2672, remote=4953
D/jdwp    (12614): processIncoming
D/jdwp    (12614): handlePacket : cmd=0x1, cmdSet=0xC7, len=0x17, id=0x40000C0E, flags=0x0, dataLen=0xC
D/dalvikvm( 5033): threadid=4: interp stack at 0x4f1a2000
D/dalvikvm( 5033): threadid=4: created from interp
D/dalvikvm( 5033): start new thread
D/Zygote  ( 5033): fork pid : 12614
D/dalvikvm( 5033): threadid=4: notify debugger
D/dalvikvm( 5033): threadid=4 (FinalizerWatchdogDaemon): calling run()
D/jdwp    (12614): processIncoming
D/jdwp    (12614): handlePacket : cmd=0x1, cmdSet=0xC7, len=0x13, id=0x40000C0F, flags=0x0, dataLen=0x8
I/ActivityManager( 5082): Start proc com.baidu.searchbox for broadcast com.baidu.searchbox/.widget.QuickSearchWidgetProvider: pid=12614 uid=10140 gids={1006, 1013, 3003, 1015, 1028}
D/jdwp    (12614): processIncoming
D/jdwp    (12614): handlePacket : cmd=0x1, cmdSet=0xC7, len=0x13, id=0x40000C10, flags=0x0, dataLen=0x8
D/dalvikvm(12614): threadid=8: notify debugger
D/dalvikvm(12614): threadid=8 (FinalizerWatchdogDaemon): calling run()
D/dalvikvm(12614): threadid=9: interp stack at 0x51ca6000
D/jdwp    (12614): sendBufferedRequest : len=0x39
D/dalvikvm(12614): threadid=10: interp stack at 0x51dae000
W/ADB_SERVICES(  129): create_local_service_socket() name=shell:ls -l /
D/ADB_SERVICES(  129): Calling send_ready local=2673, remote=4956
D/ADB_SERVICES(  129):  closing because is_eof=1 r=-1 s->fde.force_eof=0
W/ADB_SERVICES(  129): create_local_service_socket() name=shell:ls -l -d /emmc@android/
D/ADB_SERVICES(  129): Calling send_ready local=2674, remote=4957
D/ADB_SERVICES(  129):  closing because is_eof=1 r=1 s->fde.force_eof=0
W/ADB_SERVICES(  129): create_local_service_socket() name=shell:ls -l -d /emmc@cache/
D/ADB_SERVICES(  129): Calling send_ready local=2675, remote=4958
D/ADB_SERVICES(  129):  closing because is_eof=1 r=1 s->fde.force_eof=0
W/ADB_SERVICES(  129): create_local_service_socket() name=shell:ls -l -d /emmc@ebr1/
D/ADB_SERVICES(  129): Calling send_ready local=2676, remote=4959
D/ADB_SERVICES(  129):  closing because is_eof=1 r=1 s->fde.force_eof=0
W/ADB_SERVICES(  129): create_local_service_socket() name=shell:ls -l -d /emmc@fat/
D/ADB_SERVICES(  129): Calling send_ready local=2677, remote=4960
D/ADB_SERVICES(  129):  closing because is_eof=1 r=1 s->fde.force_eof=0
D/ADB_SERVICES(  129): adb fdevent_process list (15) (66) (49) (47) (48) (11) 
W/ADB_SERVICES(  129): create_local_service_socket() name=shell:ls -l -d /emmc@sec_ro/
D/ADB_SERVICES(  129): Calling send_ready local=2678, remote=4962
D/ADB_SERVICES(  129): adb local_socket_ready list (49) (66) (48) 
D/ADB_SERVICES(  129): adb socket read list (49) (66) (48) 
D/ADB_SERVICES(  129): read_data=18923
D/ADB_SERVICES(  129): max_read_time=0.000091 max_send_time=0.000119 
D/ADB_SERVICES(  129):  closing because is_eof=1 r=-1 s->fde.force_eof=0
W/ADB_SERVICES(  129): create_local_service_socket() name=shell:ls -l -d /emmc@usrdata/
D/ADB_SERVICES(  129): Calling send_ready local=2679, remote=4963
D/dalvikvm( 5211): GC_EXPLICIT freed 326K, 41% free 8607K/14519K, paused 1ms+10ms, total 59ms
D/ADB_SERVICES(  129):  closing because is_eof=1 r=-1 s->fde.force_eof=0
W/ADB_SERVICES(  129): create_local_service_socket() name=shell:ls -l /
D/ADB_SERVICES(  129): Calling send_ready local=2680, remote=4968
D/ADB_SERVICES(  129):  closing because is_eof=1 r=1 s->fde.force_eof=0
W/ADB_SERVICES(  129): create_local_service_socket() name=shell:ls -l -d /emmc@android/
D/ADB_SERVICES(  129): Calling send_ready local=2681, remote=4969
D/ADB_SERVICES(  129):  closing because is_eof=1 r=1 s->fde.force_eof=0
W/ADB_SERVICES(  129): create_local_service_socket() name=shell:ls -l -d /emmc@cache/
D/ADB_SERVICES(  129): Calling send_ready local=2682, remote=4970
D/ADB_SERVICES(  129):  closing because is_eof=1 r=1 s->fde.force_eof=0
D/ADB_SERVICES(  129): adb fdevent_process list (49) (15) (66) 
W/ADB_SERVICES(  129): create_local_service_socket() name=shell:ls -l -d /emmc@ebr1/
D/ADB_SERVICES(  129): Calling send_ready local=2683, remote=4971
D/ADB_SERVICES(  129): adb local_socket_ready list (49) (66) 
D/ADB_SERVICES(  129): adb socket read list (49) (66) 
D/ADB_SERVICES(  129): read_data=5117
D/ADB_SERVICES(  129): max_read_time=0.000180 max_send_time=0.000218 
D/ADB_SERVICES(  129):  closing because is_eof=1 r=1 s->fde.force_eof=0
W/ADB_SERVICES(  129): create_local_service_socket() name=shell:ls -l -d /emmc@fat/
D/ADB_SERVICES(  129): Calling send_ready local=2684, remote=4972
D/ADB_SERVICES(  129):  closing because is_eof=1 r=-1 s->fde.force_eof=0
W/ADB_SERVICES(  129): create_local_service_socket() name=shell:ls -l -d /emmc@sec_ro/
D/ADB_SERVICES(  129): Calling send_ready local=2685, remote=4974
D/ADB_SERVICES(  129):  closing because is_eof=1 r=1 s->fde.force_eof=0
W/ADB_SERVICES(  129): create_local_service_socket() name=shell:ls -l -d /emmc@usrdata/
D/ADB_SERVICES(  129): Calling send_ready local=2686, remote=4975
D/ADB_SERVICES(  129):  closing because is_eof=1 r=1 s->fde.force_eof=0
D/wpa_supplicant( 5159): wlan0: Starting AP scan for wildcard SSID
D/wpa_supplicant( 5159): WPS: Building WPS IE for Probe Request
D/wpa_supplicant( 5159): WPS:  * Version (hardcoded 0x10)
D/wpa_supplicant( 5159): WPS:  * Request Type
D/wpa_supplicant( 5159): WPS:  * Config Methods (4388)
D/wpa_supplicant( 5159): WPS:  * UUID-E
D/wpa_supplicant( 5159): WPS:  * Primary Device Type
D/wpa_supplicant( 5159): WPS:  * RF Bands (3)
D/wpa_supplicant( 5159): WPS:  * Association State
D/wpa_supplicant( 5159): WPS:  * Configuration Error (0)
D/wpa_supplicant( 5159): WPS:  * Device Password ID (0)
D/wpa_supplicant( 5159): WPS:  * Manufacturer
D/wpa_supplicant( 5159): WPS:  * Model Name
D/wpa_supplicant( 5159): WPS:  * Model Number
D/wpa_supplicant( 5159): WPS:  * Device Name
D/wpa_supplicant( 5159): WPS:  * Version2 (0x20)
D/wpa_supplicant( 5159): P2P: * P2P IE header
D/wpa_supplicant( 5159): P2P: * Capability dev=27 group=00
D/wpa_supplicant( 5159): P2P: * Listen Channel: Regulatory Class 81 Channel 1
D/wpa_supplicant( 5159): Scan requested (ret=0) - scan timeout 30 seconds
D/wpa_supplicant( 5159): nl80211: Event message available
D/wpa_supplicant( 5159): nl80211: Scan trigger
E/stp_dump(  115): table == NULL || table->table == NULL
E/stp_dump(  115): table == NULL || table->table == NULL
W/ActivityManager( 5082): Process ProcessRecord{42011770 12614:com.baidu.searchbox/u0a140} failed to attach
W/ActivityManager( 5082): Unattached app died before broadcast acknowledged, skipping
W/ActivityManager( 5082): Unattached app died before broadcast acknowledged, skipping
V/Provider/Setting( 5082): from settings cache , name = read_external_storage_enforced_default value = null
D/Zygote  ( 5033): SelectLoop : runOnce
D/Zygote  ( 5033): read arg list
D/Zygote  ( 5033): prepare new stderr
D/Zygote  ( 5033): parse args
D/Zygote  ( 5033): before fork
D/dalvikvm( 5033): threadid=2: exiting
D/dalvikvm( 5033): threadid=2: bye!
D/dalvikvm( 5033): threadid=3: exiting
D/dalvikvm( 5033): threadid=3: bye!
D/dalvikvm( 5033): threadid=4: exiting
D/dalvikvm( 5033): threadid=4: bye!
D/dalvikvm( 5033): pre gc
D/dalvikvm( 5033): Zygote::ForkAndSpecialize +
D/ADB_SERVICES(  129):  closing because is_eof=1 r=0 s->fde.force_eof=0
W/ADB_SERVICES(  129): terminating JDWP 12614 connection: Try again
D/ADB_SERVICES(  129): remove pid 12614 to jdwp process list
D/dalvikvm( 5033): Zygote::ForkAndSpecialize : 12656
D/dalvikvm( 5033): create interp thread : stack size=32KB
D/dalvikvm( 5033): create new thread
D/dalvikvm( 5033): new thread created
D/dalvikvm( 5033): update thread list
D/dalvikvm( 5033): threadid=2: interp stack at 0x4ef92000
D/dalvikvm( 5033): threadid=2: created from interp
D/dalvikvm( 5033): start new thread
D/dalvikvm( 5033): create interp thread : stack size=32KB
D/dalvikvm( 5033): create new thread
D/dalvikvm( 5033): new thread created
D/dalvikvm( 5033): update thread list
D/dalvikvm( 5033): threadid=2: notify debugger
D/dalvikvm( 5033): threadid=2 (ReferenceQueueDaemon): calling run()
D/dalvikvm(12656): Zygote::ForkAndSpecialize : 0
D/dalvikvm(12656): zygote get new systemTid : 12656
D/dalvikvm(12656): threadid=2: interp stack at 0x4f092000
D/dalvikvm(12656): threadid=3: interp stack at 0x4f19a000
D/jdwp    (12656): prepping for JDWP over ADB
D/jdwp    (12656): ADB transport startup
D/dalvikvm(12656): Elevating priority from 0 to -8
D/dalvikvm(12656): threadid=4: interp stack at 0x4f2a2000
D/jdwp    (12656): JDWP: thread running
D/jdwp    (12656): acceptConnection
D/ADB_SERVICES(  129): Adding socket 47 pid 12656 to jdwp process list
D/jdwp    (12656): trying to receive file descriptor from ADB
D/dalvikvm(12656): threadid=5: interp stack at 0x51688000
D/dalvikvm(12656): zygote get thread init done
D/dalvikvm(12656): create interp thread : stack size=32KB
D/dalvikvm(12656): create new thread
D/dalvikvm(12656): new thread created
D/dalvikvm(12656): update thread list
D/dalvikvm(12656): threadid=6: interp stack at 0x51690000
D/dalvikvm(12656): threadid=6: created from interp
D/dalvikvm(12656): start new thread
D/dalvikvm(12656): create interp thread : stack size=32KB
D/dalvikvm(12656): create new thread
W/ADB_SERVICES(  129): create_local_service_socket() name=jdwp:12656
W/ADB_SERVICES(  129): looking for pid 12656 in JDWP process list return fds0(48) fds1(66)
D/ADB_SERVICES(  129): Calling send_ready local=2687, remote=4978
W/ADB_SERVICES(  129): trying to write to JDWP socket=47 pid=12656 count=1 out_fds=66
D/dalvikvm(12656): new thread created
D/dalvikvm(12656): update thread list
D/jdwp    (12656): received file descriptor 41 from ADB
D/dalvikvm(12656): threadid=6: notify debugger
D/dalvikvm(12656): threadid=6 (ReferenceQueueDaemon): calling run()
D/dalvikvm(12656): threadid=7: interp stack at 0x51798000
D/dalvikvm(12656): threadid=7: created from interp
D/dalvikvm(12656): start new thread
D/ADB_SERVICES(  129): Calling send_ready local=2687, remote=4978
D/dalvikvm(12656): create interp thread : stack size=32KB
D/dalvikvm(12656): create new thread
D/ADB_SERVICES(  129): Calling send_ready local=2687, remote=4978
D/dalvikvm(12656): new thread created
D/dalvikvm(12656): update thread list
D/jdwp    (12656): processIncoming
D/jdwp    (12656): processIncoming
D/jdwp    (12656): handlePacket : cmd=0x1, cmdSet=0xC7, len=0x13, id=0x40000C11, flags=0x0, dataLen=0x8
D/dalvikvm( 5033): threadid=3: interp stack at 0x4f09a000
D/dalvikvm( 5033): threadid=3: created from interp
D/dalvikvm( 5033): start new thread
D/dalvikvm( 5033): create interp thread : stack size=32KB
D/dalvikvm( 5033): create new thread
D/dalvikvm( 5033): new thread created
D/dalvikvm( 5033): update thread list
D/dalvikvm( 5033): threadid=3: notify debugger
D/dalvikvm( 5033): threadid=3 (FinalizerDaemon): calling run()
D/ADB_SERVICES(  129): Calling send_ready local=2687, remote=4978
D/ADB_SERVICES(  129): Calling send_ready local=2687, remote=4978
D/jdwp    (12656): processIncoming
D/jdwp    (12656): handlePacket : cmd=0x1, cmdSet=0xC7, len=0x17, id=0x40000C12, flags=0x0, dataLen=0xC
D/dalvikvm( 5033): threadid=4: interp stack at 0x4f1a2000
D/dalvikvm( 5033): threadid=4: created from interp
D/dalvikvm( 5033): start new thread
D/Zygote  ( 5033): fork pid : 12656
D/dalvikvm( 5033): threadid=4: notify debugger
D/dalvikvm( 5033): threadid=4 (FinalizerWatchdogDaemon): calling run()
I/ActivityManager( 5082): Start proc com.baidu.searchbox for broadcast com.baidu.searchbox/.widget.QuickSearchWidgetProvider: pid=12656 uid=10140 gids={1006, 1013, 3003, 1015, 1028}
D/jdwp    (12656): processIncoming
D/jdwp    (12656): handlePacket : cmd=0x1, cmdSet=0xC7, len=0x13, id=0x40000C13, flags=0x0, dataLen=0x8
D/jdwp    (12656): processIncoming
D/jdwp    (12656): handlePacket : cmd=0x1, cmdSet=0xC7, len=0x13, id=0x40000C14, flags=0x0, dataLen=0x8
D/dalvikvm(12656): threadid=7: notify debugger
D/dalvikvm(12656): threadid=7 (FinalizerDaemon): calling run()
D/dalvikvm(12656): threadid=8: interp stack at 0x518a0000
D/dalvikvm(12656): threadid=8: created from interp
D/dalvikvm(12656): start new thread
D/Zygote  (12656): fork pid : 0
D/dalvikvm(12656): threadid=8: notify debugger
D/dalvikvm(12656): threadid=8 (FinalizerWatchdogDaemon): calling run()
D/dalvikvm(12656): threadid=9: interp stack at 0x51ca6000
D/dalvikvm( 5033): GC_EXPLICIT freed 39K, 32% free 2409K/3507K, paused 2ms+5ms, total 45ms
D/jdwp    (12656): sendBufferedRequest : len=0x39
D/dalvikvm(12656): threadid=10: interp stack at 0x51dae000
D/dalvikvm( 5033): GC_EXPLICIT freed <1K, 32% free 2409K/3507K, paused 4ms+2ms, total 27ms
V/Provider/Setting( 5082): from settings cache , name = sys_free_storage_log_interval value = null
V/Provider/Setting( 5082): from settings cache , name = disk_free_change_reporting_threshold value = null
D/dalvikvm( 5033): GC_EXPLICIT freed <1K, 32% free 2409K/3507K, paused 2ms+2ms, total 22ms
D/dalvikvm( 5328): GC_EXPLICIT freed 60K, 34% free 3754K/5623K, paused 3ms+4ms, total 32ms
E/stp_dump(  115): table == NULL || table->table == NULL
E/stp_dump(  115): table == NULL || table->table == NULL
D/NetdConnector( 5082): RCV <- {600 Iface linkstate wlan0 down}
D/Tethering( 5082): interfaceLinkStateChanged wlan0, false
D/Tethering( 5082): interfaceStatusChanged wlan0, false
D/wpa_supplicant( 5159): RTM_NEWLINK: operstate=0 ifi_flags=0x1003 ([UP])
D/wpa_supplicant( 5159): RTM_NEWLINK, IFLA_IFNAME: Interface 'wlan0' added
D/wpa_supplicant( 5159): wlan0: Event INTERFACE_STATUS (5) received
D/wpa_supplicant( 5159): nl80211: Event message available
D/wpa_supplicant( 5159): nl80211: New scan results available
D/wpa_supplicant( 5159): wlan0: Event SCAN_RESULTS (3) received
D/wpa_supplicant( 5159): nl80211: Received scan results (19 BSSes)
D/wpa_supplicant( 5159): nl80211: Survey data missing
E/wpa_supplicant( 5159): Sorted scan results
E/wpa_supplicant( 5159): ec:88:8f:b9:bd:04 freq=2427 qual=0 noise=0 level=-48 flags=0xb
E/wpa_supplicant( 5159): ec:17:2f:7f:c2:30 freq=2412 qual=0 noise=0 level=-61 flags=0xb
E/wpa_supplicant( 5159): 1c:bd:b9:8d:ab:4f freq=2437 qual=0 noise=0 level=-68 flags=0xb
E/wpa_supplicant( 5159): 00:23:cd:48:da:5c freq=2442 qual=0 noise=0 level=-70 flags=0xb
E/wpa_supplicant( 5159): 00:1e:8c:7e:1e:2d freq=2462 qual=0 noise=0 level=-71 flags=0xb
E/wpa_supplicant( 5159): 14:cf:92:21:31:1b freq=2412 qual=0 noise=0 level=-71 flags=0xb
E/wpa_supplicant( 5159): b8:a3:86:4d:45:62 freq=2412 qual=0 noise=0 level=-74 flags=0xb
E/wpa_supplicant( 5159): 52:1a:a9:16:32:77 freq=2437 qual=0 noise=0 level=-79 flags=0xb
E/wpa_supplicant( 5159): 00:90:4c:60:00:2c freq=2437 qual=0 noise=0 level=-82 flags=0xb
E/wpa_supplicant( 5159): 1c:fa:68:2d:cb:96 freq=2437 qual=0 noise=0 level=-82 flags=0xb
E/wpa_supplicant( 5159): ec:17:2f:69:0e:72 freq=2412 qual=0 noise=0 level=-84 flags=0xb
E/wpa_supplicant( 5159): 48:02:2a:45:ae:d3 freq=2462 qual=0 noise=0 level=-58 flags=0xb
E/wpa_supplicant( 5159): 48:02:2a:45:ad:70 freq=2462 qual=0 noise=0 level=-65 flags=0xb
E/wpa_supplicant( 5159): 48:02:2a:45:ab:15 freq=2462 qual=0 noise=0 level=-65 flags=0xb
E/wpa_supplicant( 5159): 48:02:2a:41:04:50 freq=2462 qual=0 noise=0 level=-66 flags=0xb
E/wpa_supplicant( 5159): 48:02:2a:45:ad:4d freq=2462 qual=0 noise=0 level=-69 flags=0xb
E/wpa_supplicant( 5159): 48:02:2a:45:ae:f3 freq=2462 qual=0 noise=0 level=-69 flags=0xb
E/wpa_supplicant( 5159): 52:1a:a9:16:32:76 freq=2437 qual=0 noise=0 level=-79 flags=0xb
E/wpa_supplicant( 5159): 48:02:2a:45:ad:0e freq=2462 qual=0 noise=0 level=-79 flags=0xb
D/wpa_supplicant( 5159): wlan0: BSS: Start scan result update 115
D/wpa_supplicant( 5159): wlan0: BSS: Expire BSS 103 due to no match in scan
D/wpa_supplicant( 5159): wlan0: BSS: Remove id 103 BSSID 40:16:9f:7e:fc:b4 SSID 'FAST'
D/wpa_supplicant( 5159): CTRL_IFACE monitor send
D/wpa_supplicant( 5159): 2f646174612f6d6973632f776966692f736f636b6574732f7770615f6374726c5f353038322d3400
D/wpa_supplicant( 5159): wlan0: New scan results available
D/wpa_supplicant( 5159): CTRL_IFACE monitor send
D/wpa_supplicant( 5159): 2f646174612f6d6973632f776966692f736f636b6574732f7770615f6374726c5f353038322d3400
D/wpa_supplicant( 5159): CTRL_IFACE monitor send
D/wpa_supplicant( 5159): 2f646174612f6d6973632f776966692f736f636b6574732f7770615f6374726c5f353038322d3400
D/wpa_supplicant( 5159): wlan0: Selecting BSS from priority group 14
D/wpa_supplicant( 5159): wlan0: 0: ec:88:8f:b9:bd:04 ssid='STS' wpa_ie_len=22 rsn_ie_len=20 caps=0x431 level=-48 wps
D/wpa_supplicant( 5159): wlan0:    skip - SSID mismatch
D/wpa_supplicant( 5159): wlan0: 1: ec:17:2f:7f:c2:30 ssid='TP-LINK_PocketAP' wpa_ie_len=22 rsn_ie_len=20 caps=0x431 level=-61
D/wpa_supplicant( 5159): wlan0:    skip - SSID mismatch
D/wpa_supplicant( 5159): wlan0: 2: 1c:bd:b9:8d:ab:4f ssid='WSN-cf' wpa_ie_len=26 rsn_ie_len=0 caps=0x431 level=-68
D/wpa_supplicant( 5159): wlan0:    skip - SSID mismatch
D/wpa_supplicant( 5159): wlan0: 3: 00:23:cd:48:da:5c ssid='chyileon' wpa_ie_len=26 rsn_ie_len=24 caps=0x431 level=-70
D/wpa_supplicant( 5159): wlan0:    skip - SSID mismatch
D/wpa_supplicant( 5159): wlan0: 4: 00:1e:8c:7e:1e:2d ssid='' wpa_ie_len=28 rsn_ie_len=24 caps=0x431 level=-71
D/wpa_supplicant( 5159): wlan0:    skip - SSID mismatch
D/wpa_supplicant( 5159): wlan0: 5: 14:cf:92:21:31:1b ssid='Z-AP' wpa_ie_len=0 rsn_ie_len=20 caps=0x431 level=-71
D/wpa_supplicant( 5159): wlan0:    skip - SSID mismatch
D/wpa_supplicant( 5159): wlan0: 6: b8:a3:86:4d:45:62 ssid='IHGroup' wpa_ie_len=26 rsn_ie_len=0 caps=0x431 level=-74
D/wpa_supplicant( 5159): wlan0:    skip - SSID mismatch
D/wpa_supplicant( 5159): wlan0: 7: 52:1a:a9:16:32:77 ssid='CMCC-AUTO' wpa_ie_len=0 rsn_ie_len=20 caps=0x611 level=-79
D/wpa_supplicant( 5159): wlan0:    skip - SSID mismatch
D/wpa_supplicant( 5159): wlan0: 8: 00:90:4c:60:00:2c ssid='shit' wpa_ie_len=24 rsn_ie_len=20 caps=0x411 level=-82
D/wpa_supplicant( 5159): wlan0:    skip - SSID mismatch
D/wpa_supplicant( 5159): wlan0: 9: 1c:fa:68:2d:cb:96 ssid='WSN-3F' wpa_ie_len=0 rsn_ie_len=20 caps=0x31 level=-82 wps
D/wpa_supplicant( 5159): wlan0:    skip - SSID mismatch
D/wpa_supplicant( 5159): wlan0: 10: ec:17:2f:69:0e:72 ssid='Diablo' wpa_ie_len=26 rsn_ie_len=24 caps=0x431 level=-84 wps
D/wpa_supplicant( 5159): wlan0:    skip - SSID mismatch
D/wpa_supplicant( 5159): wlan0: 11: 48:02:2a:45:ae:d3 ssid='AP-Node-9' wpa_ie_len=0 rsn_ie_len=0 caps=0x401 level=-58
D/wpa_supplicant( 5159): wlan0:    skip - SSID mismatch
D/wpa_supplicant( 5159): wlan0: 12: 48:02:2a:45:ad:70 ssid='AP-Node-2' wpa_ie_len=0 rsn_ie_len=0 caps=0x401 level=-65
D/wpa_supplicant( 5159): wlan0:    skip - SSID mismatch
