D/ADB_SERVICES(  129):  closing because is_eof=1 r=1 s->fde.force_eof=0
W/ADB_SERVICES(  129): create_local_service_socket() name=shell:ls -l -d /emmc@fat/
D/ADB_SERVICES(  129): Calling send_ready local=7863, remote=10533
D/ADB_SERVICES(  129):  closing because is_eof=1 r=1 s->fde.force_eof=0
W/ADB_SERVICES(  129): create_local_service_socket() name=shell:ls -l -d /emmc@sec_ro/
D/ADB_SERVICES(  129): Calling send_ready local=7864, remote=10534
D/ADB_SERVICES(  129):  closing because is_eof=1 r=1 s->fde.force_eof=0
W/ADB_SERVICES(  129): create_local_service_socket() name=shell:ls -l -d /emmc@usrdata/
D/ADB_SERVICES(  129): Calling send_ready local=7865, remote=10535
D/ADB_SERVICES(  129):  closing because is_eof=1 r=1 s->fde.force_eof=0
V/Provider/Setting(  376): from settings cache , name = sys_free_storage_log_interval value = null
V/Provider/Setting(  376): from settings cache , name = disk_free_change_reporting_threshold value = null
I/ActivityManager(  376): monitor Broadcast ANR process (28587)
D/ActivityManager(  376): Timeout binder: 28587:28587->92:0 1:read 28587:28587 to 92:0 spends 2000 ms (servicemanager) dex_code 1 start_at 235589.566 2013-05-17 09:16:15.903
D/ActivityManager(  376): Timeout binder: 28546:28546->92:0 1:read 28546:28546 to 92:0 spends 2000 ms (servicemanager) dex_code 1 start_at 235579.532 2013-05-17 09:16:05.870
D/ActivityManager(  376): Timeout binder: 28508:28508->92:0 1:read 28508:28508 to 92:0 spends 2000 ms (servicemanager) dex_code 1 start_at 235572.597 2013-05-17 09:15:58.934
D/ActivityManager(  376): Timeout binder: 28487:28487->92:0 1:read 28487:28487 to 92:0 spends 2000 ms (servicemanager) dex_code 1 start_at 235569.499 2013-05-17 09:15:55.836
D/ActivityManager(  376): Timeout binder: 28446:28446->92:0 1:read 28446:28446 to 92:0 spends 2000 ms (servicemanager) dex_code 1 start_at 235559.446 2013-05-17 09:15:45.783
D/ActivityManager(  376): Timeout binder: 28405:28405->92:0 1:read 28405:28405 to 92:0 spends 2000 ms (servicemanager) dex_code 1 start_at 235549.421 2013-05-17 09:15:35.758
D/ActivityManager(  376): Timeout binder: 28362:28362->92:0 1:read 28362:28362 to 92:0 spends 2000 ms (servicemanager) dex_code 1 start_at 235539.275 2013-05-17 09:15:25.612
D/ActivityManager(  376): Timeout binder: 28321:28321->92:0 1:read 28321:28321 to 92:0 spends 2000 ms (servicemanager) dex_code 1 start_at 235529.240 2013-05-17 09:15:15.577
D/ActivityManager(  376): Timeout binder: 28280:28280->92:0 1:read 28280:28280 to 92:0 spends 2000 ms (servicemanager) dex_code 1 start_at 235519.204 2013-05-17 09:15:05.542
D/ActivityManager(  376): Timeout binder: 28238:28238->92:0 1:read 28238:28238 to 92:0 spends 2000 ms (servicemanager) dex_code 1 start_at 235509.142 2013-05-17 09:14:55.479
D/ActivityManager(  376): Timeout binder: 28197:28197->92:0 1:read 28197:28197 to 92:0 spends 2000 ms (servicemanager) dex_code 1 start_at 235499.107 2013-05-17 09:14:45.444
D/ActivityManager(  376): Timeout binder: 28154:28154->92:0 1:read 28154:28154 to 92:0 spends 2000 ms (servicemanager) dex_code 1 start_at 235488.990 2013-05-17 09:14:35.327
D/ActivityManager(  376): Timeout binder: 28112:28112->92:0 1:read 28112:28112 to 92:0 spends 2000 ms (servicemanager) dex_code 1 start_at 235478.957 2013-05-17 09:14:25.295
D/ActivityManager(  376): Timeout binder: 28069:28069->92:0 1:read 28069:28069 to 92:0 spends 2000 ms (servicemanager) dex_code 1 start_at 235468.897 2013-05-17 09:14:15.235
D/ActivityManager(  376): Timeout binder: 28025:28025->92:0 1:read 28025:28025 to 92:0 spends 2000 ms (servicemanager) dex_code 1 start_at 235458.854 2013-05-17 09:14:05.192
D/ActivityManager(  376): Timeout binder: 27993:27993->92:0 1:read 27993:27993 to 92:0 spends 2000 ms (servicemanager) dex_code 1 start_at 235450.406 2013-05-17 09:13:56.743
D/ActivityManager(  376): Timeout binder: 27961:27961->92:0 1:read 27961:27961 to 92:0 spends 2000 ms (servicemanager) dex_code 1 start_at 235448.925 2013-05-17 09:13:55.263
D/ActivityManager(  376): Timeout binder: 27917:27917->92:0 1:read 27917:27917 to 92:0 spends 2000 ms (servicemanager) dex_code 1 start_at 235438.780 2013-05-17 09:13:45.117
D/ActivityManager(  376): Timeout binder: 27874:27874->92:0 1:read 27874:27874 to 92:0 spends 2000 ms (servicemanager) dex_code 1 start_at 235428.698 2013-05-17 09:13:35.035
D/ActivityManager(  376): Timeout binder: 27833:27833->92:0 1:read 27833:27833 to 92:0 spends 2000 ms (servicemanager) dex_code 1 start_at 235418.647 2013-05-17 09:13:24.984
D/ActivityManager(  376): Timeout binder: 27791:27791->92:0 1:read 27791:27791 to 92:0 spends 2000 ms (servicemanager) dex_code 1 start_at 235408.614 2013-05-17 09:13:14.951
D/ActivityManager(  376): Timeout binder: 27750:27750->92:0 1:read 27750:27750 to 92:0 spends 2000 ms (servicemanager) dex_code 1 start_at 235398.577 2013-05-17 09:13:04.914
D/ActivityManager(  376): Timeout binder: 27707:27707->92:0 1:read 27707:27707 to 92:0 spends 2000 ms (servicemanager) dex_code 1 start_at 235388.464 2013-05-17 09:12:54.801
D/ActivityManager(  376): Timeout binder: 27666:27666->92:0 1:read 27666:27666 to 92:0 spends 2000 ms (servicemanager) dex_code 1 start_at 235378.409 2013-05-17 09:12:44.746
D/ActivityManager(  376): Timeout binder: 27625:27625->92:0 1:read 27625:27625 to 92:0 spends 2000 ms (servicemanager) dex_code 1 start_at 235368.375 2013-05-17 09:12:34.712
D/ActivityManager(  376): Timeout binder: 27584:27584->92:0 1:read 27584:27584 to 92:0 spends 2000 ms (servicemanager) dex_code 1 start_at 235358.313 2013-05-17 09:12:24.650
D/ActivityManager(  376): Timeout binder: 27540:27540->92:0 1:read 27540:27540 to 92:0 spends 2000 ms (servicemanager) dex_code 1 start_at 235348.162 2013-05-17 09:12:14.500
D/ActivityManager(  376): Timeout binder: 27498:27498->92:0 1:read 27498:27498 to 92:0 spends 2000 ms (servicemanager) dex_code 1 start_at 235338.100 2013-05-17 09:12:04.437
D/ActivityManager(  376): Timeout binder: 27469:27469->92:0 1:read 27469:27469 to 92:0 spends 2000 ms (servicemanager) dex_code 1 start_at 235329.281 2013-05-17 09:11:55.618
D/ActivityManager(  376): Timeout binder: 27446:27446->92:0 1:read 27446:27446 to 92:0 spends 2000 ms (servicemanager) dex_code 1 start_at 235328.077 2013-05-17 09:11:54.414
D/ActivityManager(  376): Timeout binder: 27405:27405->92:0 1:read 27405:27405 to 92:0 spends 2000 ms (servicemanager) dex_code 1 start_at 235318.021 2013-05-17 09:11:44.358
D/ActivityManager(  376): Timeout binder: 27364:27364->92:0 1:read 27364:27364 to 92:0 spends 2000 ms (servicemanager) dex_code 1 start_at 235307.987 2013-05-17 09:11:34.324
D/ActivityManager(  376): Timeout binder: 27323:27323->92:0 1:read 27323:27323 to 92:0 spends 2000 ms (servicemanager) dex_code 1 start_at 235297.964 2013-05-17 09:11:24.301
D/ActivityManager(  376): Timeout binder: 27278:27278->92:0 1:read 27278:27278 to 92:0 spends 2000 ms (servicemanager) dex_code 1 start_at 235287.843 2013-05-17 09:11:14.180
D/ActivityManager(  376): Timeout binder: 27235:27235->92:0 1:read 27235:27235 to 92:0 spends 2000 ms (servicemanager) dex_code 1 start_at 235277.784 2013-05-17 09:11:04.121
D/ActivityManager(  376): Timeout binder: 27192:27192->92:0 1:read 27192:27192 to 92:0 spends 2000 ms (servicemanager) dex_code 1 start_at 235267.748 2013-05-17 09:10:54.085
D/ActivityManager(  376): Timeout binder: 27151:27151->92:0 1:read 27151:27151 to 92:0 spends 2000 ms (servicemanager) dex_code 1 start_at 235257.759 2013-05-17 09:10:44.096
D/ActivityManager(  376): Timeout binder: 27109:27109->92:0 1:read 27109:27109 to 92:0 spends 2000 ms (servicemanager) dex_code 1 start_at 235247.730 2013-05-17 09:10:34.068
D/ActivityManager(  376): Timeout binder: 27065:27065->92:0 1:read 27065:27065 to 92:0 spends 2000 ms (servicemanager) dex_code 1 start_at 235237.591 2013-05-17 09:10:23.928
D/ActivityManager(  376): Timeout binder: 27024:27024->92:0 1:read 27024:27024 to 92:0 spends 2000 ms (servicemanager) dex_code 1 start_at 235227.509 2013-05-17 09:10:13.847
D/ActivityManager(  376): Timeout binder: 26982:26982->92:0 1:read 26982:26982 to 92:0 spends 2000 ms (servicemanager) dex_code 1 start_at 235217.490 2013-05-17 09:10:03.827
D/ActivityManager(  376): Timeout binder: 26948:26948->92:0 1:read 26948:26948 to 92:0 spends 2000 ms (servicemanager) dex_code 1 start_at 235209.302 2013-05-17 09:09:55.640
D/ActivityManager(  376): Timeout binder: 26925:26925->92:0 1:read 26925:26925 to 92:0 spends 2000 ms (servicemanager) dex_code 1 start_at 235207.429 2013-05-17 09:09:53.767
D/ActivityManager(  376): Timeout binder: 26882:26882->92:0 1:read 26882:26882 to 92:0 spends 2000 ms (servicemanager) dex_code 1 start_at 235197.389 2013-05-17 09:09:43.727
D/ActivityManager(  376): Timeout binder: 26839:26839->92:0 1:read 26839:26839 to 92:0 spends 2000 ms (servicemanager) dex_code 1 start_at 235187.267 2013-05-17 09:09:33.604
D/ActivityManager(  376): Timeout binder: 26798:26798->92:0 1:read 26798:26798 to 92:0 spends 2000 ms (servicemanager) dex_code 1 start_at 235177.232 2013-05-17 09:09:23.570
D/ActivityManager(  376): Timeout binder: 26757:26757->92:0 1:read 26757:26757 to 92:0 spends 2000 ms (servicemanager) dex_code 1 start_at 235167.202 2013-05-17 09:09:13.539
D/ActivityManager(  376): Timeout binder: 26716:26716->92:0 1:read 26716:26716 to 92:0 spends 2000 ms (servicemanager) dex_code 1 start_at 235157.168 2013-05-17 09:09:03.505
D/ActivityManager(  376): Timeout binder: 26674:26674->92:0 1:read 26674:26674 to 92:0 spends 2000 ms (servicemanager) dex_code 1 start_at 235147.139 2013-05-17 09:08:53.476
D/ActivityManager(  376): Timeout binder: 26632:26632->92:0 1:read 26632:26632 to 92:0 spends 2000 ms (servicemanager) dex_code 1 start_at 235137.097 2013-05-17 09:08:43.434
D/ActivityManager(  376): Timeout binder: 26591:26591->92:0 1:read 26591:26591 to 92:0 spends 2000 ms (servicemanager) dex_code 1 start_at 235127.056 2013-05-17 09:08:33.393
D/ActivityManager(  376): Timeout binder: 26550:26550->92:0 1:read 26550:26550 to 92:0 spends 2000 ms (servicemanager) dex_code 1 start_at 235117.025 2013-05-17 09:08:23.363
D/ActivityManager(  376): Timeout binder: 26509:26509->92:0 1:read 26509:26509 to 92:0 spends 2000 ms (servicemanager) dex_code 1 start_at 235107.007 2013-05-17 09:08:13.345
D/ActivityManager(  376): Timeout binder: 26468:26468->92:0 1:read 26468:26468 to 92:0 spends 2000 ms (servicemanager) dex_code 1 start_at 235096.982 2013-05-17 09:08:03.320
D/ActivityManager(  376): Timeout binder: 26414:26414->92:0 1:read 26414:26414 to 92:0 spends 2000 ms (servicemanager) dex_code 1 start_at 235087.381 2013-05-17 09:07:53.718
D/ActivityManager(  376): Timeout binder: 26415:26415->92:0 1:read 26415:26415 to 92:0 spends 2000 ms (servicemanager) dex_code 1 start_at 235086.942 2013-05-17 09:07:53.279
D/ActivityManager(  376): Timeout binder: 26365:26365->92:0 1:read 26365:26365 to 92:0 spends 2000 ms (servicemanager) dex_code 1 start_at 235076.769 2013-05-17 09:07:43.107
D/ActivityManager(  376): Timeout binder: 26324:26324->92:0 1:read 26324:26324 to 92:0 spends 2000 ms (servicemanager) dex_code 1 start_at 235066.705 2013-05-17 09:07:33.042
D/ActivityManager(  376): Timeout binder: 26283:26283->92:0 1:read 26283:26283 to 92:0 spends 2000 ms (servicemanager) dex_code 1 start_at 235056.647 2013-05-17 09:07:22.984
D/ActivityManager(  376): Timeout binder: 26242:26242->92:0 1:read 26242:26242 to 92:0 spends 2000 ms (servicemanager) dex_code 1 start_at 235046.616 2013-05-17 09:07:12.953
D/ActivityManager(  376): Timeout binder: 26199:26199->92:0 1:read 26199:26199 to 92:0 spends 2000 ms (servicemanager) dex_code 1 start_at 235036.570 2013-05-17 09:07:02.908
D/ActivityManager(  376): Timeout binder: 26158:26158->92:0 1:read 26158:26158 to 92:0 spends 2000 ms (servicemanager) dex_code 1 start_at 235026.539 2013-05-17 09:06:52.876
D/ActivityManager(  376): Timeout binder: 26117:26117->92:0 1:read 26117:26117 to 92:0 spends 2000 ms (servicemanager) dex_code 1 start_at 235016.504 2013-05-17 09:06:42.842
D/ActivityManager(  376): Timeout binder: 26076:26076->92:0 1:read 26076:26076 to 92:0 spends 2000 ms (servicemanager) dex_code 1 start_at 235006.468 2013-05-17 09:06:32.805
D/ActivityManager(  376): Timeout binder pid found: 92 1:read 28587:28587 to 92:0 spends 2000 ms (servicemanager) dex_code 1 start_at 235589.566 2013-05-17 09:16:15.903
D/ActivityManager(  376): getTimeoutBinderPidList pid added: 92 1:read 28587:28587 to 92:0 spends 2000 ms (servicemanager) dex_code 1 start_at 235589.566 2013-05-17 09:16:15.903
D/dalvikvm(  376): create interp thread : stack size=32KB
D/dalvikvm(  376): create new thread
D/dalvikvm(  376): new thread created
D/dalvikvm(  376): update thread list
D/dalvikvm(  376): threadid=114: interp stack at 0x58795000
D/dalvikvm(  376): threadid=114: created from interp
D/dalvikvm(  376): start new thread
D/dalvikvm(  376): threadid=114: notify debugger
D/dalvikvm(  376): threadid=114 (preDumpStackTraces): calling run()
D/ActivityManager(  376): preDumpStackTraces Begin tracePath:/data/anr/mtk_traces.txt
I/ActivityManager(  376): preDumpStackTraces process: 28587 parent: 104 zygote: 104
I/Process (  376): Sending signal. PID: 28587 SIG: 16
I/dalvikvm(28587): threadid=3: reacting to signal 16
D/dalvikvm(28587): Prepare stack traces for '/data/anr/mtk_traces.txt' done
I/dalvikvm(28587): Wrote stack traces to '/data/anr/mtk_traces.txt'
I/ActivityManager(  376): preDumpStackTraces process: 376 parent: 104 zygote: 104
I/Process (  376): Sending signal. PID: 376 SIG: 16
I/dalvikvm(  376): threadid=3: reacting to signal 16
D/dalvikvm(  376): Prepare stack traces for '/data/anr/mtk_traces.txt' done
I/dalvikvm(  376): Wrote stack traces to '/data/anr/mtk_traces.txt'
I/ActivityManager(  376): preDumpStackTraces process: 92 parent: 78 zygote: 104
D/AEE/AED (   97): $===AEE===AEE===AEE===$
D/AEE/AED (   97): p 0 poll events 1 revents 0
D/AEE/AED (   97): not know revents:0
D/AEE/AED (   97): p 1 poll events 1 revents 0
D/AEE/AED (   97): not know revents:0
D/AEE/AED (   97): p 2 poll events 1 revents 1
D/AEE/AED (   97): aed_main_fork_worker: generator 0xa71150, worker 0xbe956a80, recv_fd 15
D/AEE/AED (   97): p 3 poll events 1 revents 0
D/AEE/AED (   97): not know revents:0
D/AEE/AED (   97): p 4 poll events 1 revents 0
D/AEE/AED (   97): not know revents:0
I/DEBUG   (28629): handle_request(15)
I/DEBUG   (28629): BOOM: pid=92 uid=1000 gid=1000 tid=92
W/ActivityManager(  376): Process ProcessRecord{42c38d30 28587:com.baidu.searchbox/u0a140} failed to attach
W/ActivityManager(  376): Unattached app died before broadcast acknowledged, skipping
W/ActivityManager(  376): Unattached app died before broadcast acknowledged, skipping
V/Provider/Setting(  376): from settings cache , name = read_external_storage_enforced_default value = null
D/Zygote  (  104): SelectLoop : runOnce
D/Zygote  (  104): read arg list
D/Zygote  (  104): prepare new stderr
D/Zygote  (  104): parse args
D/Zygote  (  104): before fork
D/dalvikvm(  104): threadid=2: exiting
D/dalvikvm(  104): threadid=2: bye!
D/dalvikvm(  104): threadid=3: exiting
D/dalvikvm(  104): threadid=3: bye!
D/dalvikvm(  104): threadid=4: exiting
D/dalvikvm(  104): threadid=4: bye!
D/dalvikvm(  104): pre gc
D/dalvikvm(  104): Zygote::ForkAndSpecialize +
D/dalvikvm(  104): Zygote::ForkAndSpecialize : 28630
D/dalvikvm(  104): create interp thread : stack size=32KB
D/dalvikvm(  104): create new thread
D/dalvikvm(  104): new thread created
D/dalvikvm(  104): update thread list
W/ADB_SERVICES(  129): terminating JDWP 28587 connection: Try again
D/ADB_SERVICES(  129): remove pid 28587 to jdwp process list
D/dalvikvm(  104): threadid=2: interp stack at 0x4f001000
D/dalvikvm(  104): threadid=2: created from interp
D/dalvikvm(  104): start new thread
D/dalvikvm(  104): create interp thread : stack size=32KB
D/dalvikvm(  104): create new thread
D/dalvikvm(  104): new thread created
D/dalvikvm(  104): update thread list
D/dalvikvm(  104): threadid=2: notify debugger
D/dalvikvm(  104): threadid=2 (ReferenceQueueDaemon): calling run()
D/dalvikvm(28630): Zygote::ForkAndSpecialize : 0
D/dalvikvm(28630): zygote get new systemTid : 28630
D/dalvikvm(28630): threadid=2: interp stack at 0x4f101000
D/dalvikvm(28630): threadid=3: interp stack at 0x4f209000
D/jdwp    (28630): prepping for JDWP over ADB
D/jdwp    (28630): ADB transport startup
D/dalvikvm(28630): Elevating priority from 0 to -8
D/dalvikvm(28630): threadid=4: interp stack at 0x4f311000
D/jdwp    (28630): JDWP: thread running
D/jdwp    (28630): acceptConnection
D/ADB_SERVICES(  129): Adding socket 15 pid 28630 to jdwp process list
D/jdwp    (28630): trying to receive file descriptor from ADB
D/dalvikvm(28630): threadid=5: interp stack at 0x516f7000
D/dalvikvm(28630): zygote get thread init done
D/dalvikvm(28630): create interp thread : stack size=32KB
D/dalvikvm(28630): create new thread
D/dalvikvm(28630): new thread created
D/dalvikvm(28630): update thread list
D/dalvikvm(28630): threadid=6: interp stack at 0x516ff000
D/dalvikvm(28630): threadid=6: created from interp
D/dalvikvm(28630): start new thread
D/dalvikvm(28630): create interp thread : stack size=32KB
D/dalvikvm(28630): create new thread
D/dalvikvm(28630): new thread created
D/dalvikvm(28630): update thread list
D/dalvikvm(28630): threadid=6: notify debugger
D/dalvikvm(28630): threadid=6 (ReferenceQueueDaemon): calling run()
D/dalvikvm(28630): threadid=7: interp stack at 0x51807000
D/dalvikvm(28630): threadid=7: created from interp
D/dalvikvm(28630): start new thread
D/dalvikvm(28630): create interp thread : stack size=32KB
D/dalvikvm(28630): create new thread
D/dalvikvm(28630): new thread created
D/dalvikvm(28630): update thread list
D/dalvikvm(28630): threadid=7: notify debugger
D/dalvikvm(28630): threadid=7 (FinalizerDaemon): calling run()
D/dalvikvm(28630): threadid=8: interp stack at 0x5190f000
D/dalvikvm(28630): threadid=8: created from interp
D/dalvikvm(28630): start new thread
D/Zygote  (28630): fork pid : 0
D/dalvikvm(  104): threadid=3: interp stack at 0x4f109000
D/dalvikvm(  104): threadid=3: created from interp
D/dalvikvm(  104): start new thread
D/dalvikvm(  104): create interp thread : stack size=32KB
D/dalvikvm(  104): create new thread
D/dalvikvm(  104): new thread created
D/dalvikvm(  104): update thread list
D/dalvikvm(  104): threadid=3: notify debugger
I/DEBUG   (28629): stopped -- dumping to fd
D/AEE/AED (   97): $===AEE===AEE===AEE===$
D/AEE/AED (   97): p 0 poll events 1 revents 0
D/AEE/AED (   97): not know revents:0
D/AEE/AED (   97): p 1 poll events 1 revents 0
D/AEE/AED (   97): not know revents:0
D/AEE/AED (   97): p 2 poll events 1 revents 0
D/AEE/AED (   97): not know revents:0
D/AEE/AED (   97): p 3 poll events 1 revents 0
D/AEE/AED (   97): not know revents:0
D/AEE/AED (   97): p 4 poll events 1 revents 0
D/AEE/AED (   97): not know revents:0
D/dalvikvm(  104): threadid=3 (FinalizerDaemon): calling run()
D/dalvikvm(  104): threadid=4: interp stack at 0x4f211000
D/dalvikvm(  104): threadid=4: created from interp
D/dalvikvm(  104): start new thread
D/Zygote  (  104): fork pid : 28630
D/dalvikvm(  104): threadid=4: notify debugger
D/dalvikvm(  104): threadid=4 (FinalizerWatchdogDaemon): calling run()
D/ActivityManager(  376): preDumpStackTraces End
D/dalvikvm(  376): threadid=114: exiting
D/dalvikvm(  376): threadid=114: bye!
I/ActivityManager(  376): Start proc com.baidu.searchbox for broadcast com.baidu.searchbox/.widget.QuickSearchWidgetProvider: pid=28630 uid=10140 gids={1006, 1013, 3003, 1015, 1028}
D/dalvikvm(28630): threadid=8: notify debugger
D/dalvikvm(28630): threadid=8 (FinalizerWatchdogDaemon): calling run()
D/dalvikvm(28630): threadid=9: interp stack at 0x51d15000
D/dalvikvm(28630): threadid=10: interp stack at 0x51e1d000
D/ConnectivityService(  376): getActiveNetworkInfo:NetworkInfo: type: WIFI[], state: CONNECTED/CONNECTED, reason: (unspecified), extra: (none), roaming: false, failover: false, isAvailable: true, simId: 0/10102
D/ConnectivityService(  376): getActiveNetworkInfo:NetworkInfo: type: WIFI[], state: CONNECTED/CONNECTED, reason: (unspecified), extra: (none), roaming: false, failover: false, isAvailable: true, simId: 0/10102
W/ADB_SERVICES(  129): create_local_service_socket() name=shell:ls -l /
D/ADB_SERVICES(  129): Calling send_ready local=7866, remote=10541
D/ADB_SERVICES(  129): adb fdevent_process list (61) (27) (58) (15) (11) 
D/ADB_SERVICES(  129):  closing because is_eof=1 r=-1 s->fde.force_eof=0
W/ADB_SERVICES(  129): create_local_service_socket() name=shell:ls -l -d /emmc@android/
D/ADB_SERVICES(  129): Calling send_ready local=7867, remote=10542
D/ADB_SERVICES(  129):  closing because is_eof=1 r=1 s->fde.force_eof=0
W/ADB_SERVICES(  129): create_local_service_socket() name=shell:ls -l -d /emmc@cache/
D/ADB_SERVICES(  129): Calling send_ready local=7868, remote=10543
D/ADB_SERVICES(  129):  closing because is_eof=1 r=1 s->fde.force_eof=0
W/ADB_SERVICES(  129): create_local_service_socket() name=shell:ls -l -d /emmc@ebr1/
D/ADB_SERVICES(  129): Calling send_ready local=7869, remote=10544
D/ADB_SERVICES(  129): adb socket read list (58) (61) 
D/ADB_SERVICES(  129): read_data=31792
D/ADB_SERVICES(  129): max_read_time=0.000085 max_send_time=0.000121 
D/ADB_SERVICES(  129): adb local_socket_ready list (58) (61) 
D/ADB_SERVICES(  129):  closing because is_eof=1 r=-1 s->fde.force_eof=0
W/ADB_SERVICES(  129): create_local_service_socket() name=shell:ls -l -d /emmc@fat/
D/ADB_SERVICES(  129): Calling send_ready local=7870, remote=10545
D/ADB_SERVICES(  129):  closing because is_eof=1 r=1 s->fde.force_eof=0
W/ADB_SERVICES(  129): create_local_service_socket() name=shell:ls -l -d /emmc@sec_ro/
D/ADB_SERVICES(  129): Calling send_ready local=7871, remote=10546
D/ADB_SERVICES(  129):  closing because is_eof=1 r=1 s->fde.force_eof=0
W/ADB_SERVICES(  129): create_local_service_socket() name=shell:ls -l -d /emmc@usrdata/
D/ADB_SERVICES(  129): Calling send_ready local=7872, remote=10547
D/ConnectivityService(  376): getActiveNetworkInfo:NetworkInfo: type: WIFI[], state: CONNECTED/CONNECTED, reason: (unspecified), extra: (none), roaming: false, failover: false, isAvailable: true, simId: 0/10102
D/ADB_SERVICES(  129):  closing because is_eof=1 r=1 s->fde.force_eof=0
V/Provider/Setting(  376): from settings cache , name = reboot_interval value = null
D/InputReader(  376): InputReader::monitor: lock
D/InputReader(  376): InputReader::monitor: wait 
D/InputReader(  376): InputReader::monitor: unlock
D/InputReader(  376): InputReader::monitor: done
D/ConnectivityService(  376): getActiveNetworkInfo:NetworkInfo: type: WIFI[], state: CONNECTED/CONNECTED, reason: (unspecified), extra: (none), roaming: false, failover: false, isAvailable: true, simId: 0/10102
D/ConnectivityService(  376): getActiveNetworkInfo:NetworkInfo: type: WIFI[], state: CONNECTED/CONNECTED, reason: (unspecified), extra: (none), roaming: false, failover: false, isAvailable: true, simId: 0/10102
W/ADB_SERVICES(  129): create_local_service_socket() name=shell:ls -l /
D/ADB_SERVICES(  129): Calling send_ready local=7873, remote=10553
D/ADB_SERVICES(  129): adb fdevent_process list (27) (61) (58) 
D/ADB_SERVICES(  129):  closing because is_eof=1 r=-1 s->fde.force_eof=0
W/ADB_SERVICES(  129): create_local_service_socket() name=shell:ls -l -d /emmc@android/
D/ADB_SERVICES(  129): Calling send_ready local=7874, remote=10554
D/ADB_SERVICES(  129):  closing because is_eof=1 r=1 s->fde.force_eof=0
W/ADB_SERVICES(  129): create_local_service_socket() name=shell:ls -l -d /emmc@cache/
D/ADB_SERVICES(  129): Calling send_ready local=7875, remote=10555
D/ADB_SERVICES(  129):  closing because is_eof=1 r=1 s->fde.force_eof=0
W/ADB_SERVICES(  129): create_local_service_socket() name=shell:ls -l -d /emmc@ebr1/
D/ADB_SERVICES(  129): Calling send_ready local=7876, remote=10556
D/ADB_SERVICES(  129): adb socket read list (58) (61) 
D/ADB_SERVICES(  129): read_data=6851
D/ADB_SERVICES(  129): max_read_time=0.000057 max_send_time=0.000138 
D/ADB_SERVICES(  129): adb local_socket_ready list (58) (61) 
D/ADB_SERVICES(  129):  closing because is_eof=1 r=1 s->fde.force_eof=0
W/ADB_SERVICES(  129): create_local_service_socket() name=shell:ls -l -d /emmc@fat/
D/ADB_SERVICES(  129): Calling send_ready local=7877, remote=10557
D/ADB_SERVICES(  129):  closing because is_eof=1 r=1 s->fde.force_eof=0
W/ADB_SERVICES(  129): create_local_service_socket() name=shell:ls -l -d /emmc@sec_ro/
D/ADB_SERVICES(  129): Calling send_ready local=7878, remote=10558
D/ADB_SERVICES(  129):  closing because is_eof=1 r=-1 s->fde.force_eof=0
W/ADB_SERVICES(  129): create_local_service_socket() name=shell:ls -l -d /emmc@usrdata/
D/ADB_SERVICES(  129): Calling send_ready local=7879, remote=10559
D/ADB_SERVICES(  129):  closing because is_eof=1 r=1 s->fde.force_eof=0
W/ActivityManager(  376): Process ProcessRecord{421c8800 28630:com.baidu.searchbox/u0a140} failed to attach
W/ActivityManager(  376): Unattached app died before broadcast acknowledged, skipping
W/ActivityManager(  376): Unattached app died before broadcast acknowledged, skipping
V/Provider/Setting(  376): from settings cache , name = read_external_storage_enforced_default value = null
D/Zygote  (  104): SelectLoop : runOnce
D/Zygote  (  104): read arg list
D/Zygote  (  104): prepare new stderr
D/Zygote  (  104): parse args
D/Zygote  (  104): before fork
D/dalvikvm(  104): threadid=2: exiting
D/dalvikvm(  104): threadid=2: bye!
D/dalvikvm(  104): threadid=3: exiting
D/dalvikvm(  104): threadid=3: bye!
D/dalvikvm(  104): threadid=4: exiting
D/dalvikvm(  104): threadid=4: bye!
D/dalvikvm(  104): pre gc
D/dalvikvm(  104): Zygote::ForkAndSpecialize +
D/dalvikvm(  104): Zygote::ForkAndSpecialize : 28671
W/ADB_SERVICES(  129): terminating JDWP 28630 connection: Try again
D/ADB_SERVICES(  129): remove pid 28630 to jdwp process list
D/dalvikvm(  104): create interp thread : stack size=32KB
D/dalvikvm(  104): create new thread
D/dalvikvm(  104): new thread created
D/dalvikvm(  104): update thread list
D/dalvikvm(28671): Zygote::ForkAndSpecialize : 0
D/dalvikvm(28671): zygote get new systemTid : 28671
D/dalvikvm(28671): threadid=2: interp stack at 0x4f101000
D/dalvikvm(28671): threadid=3: interp stack at 0x4f209000
D/jdwp    (28671): prepping for JDWP over ADB
D/jdwp    (28671): ADB transport startup
D/dalvikvm(28671): Elevating priority from 0 to -8
D/dalvikvm(28671): threadid=4: interp stack at 0x4f311000
D/jdwp    (28671): JDWP: thread running
D/jdwp    (28671): acceptConnection
D/ADB_SERVICES(  129): Adding socket 15 pid 28671 to jdwp process list
D/jdwp    (28671): trying to receive file descriptor from ADB
D/dalvikvm(28671): threadid=5: interp stack at 0x516f7000
D/dalvikvm(28671): zygote get thread init done
D/dalvikvm(28671): create interp thread : stack size=32KB
D/dalvikvm(28671): create new thread
D/dalvikvm(28671): new thread created
D/dalvikvm(28671): update thread list
D/dalvikvm(28671): threadid=6: interp stack at 0x516ff000
D/dalvikvm(28671): threadid=6: created from interp
D/dalvikvm(28671): start new thread
D/dalvikvm(28671): create interp thread : stack size=32KB
D/dalvikvm(28671): create new thread
D/dalvikvm(28671): new thread created
D/dalvikvm(28671): update thread list
D/dalvikvm(28671): threadid=6: notify debugger
D/dalvikvm(28671): threadid=6 (ReferenceQueueDaemon): calling run()
D/dalvikvm(28671): threadid=7: interp stack at 0x51807000
D/dalvikvm(28671): threadid=7: created from interp
D/dalvikvm(28671): start new thread
D/dalvikvm(28671): create interp thread : stack size=32KB
D/dalvikvm(28671): create new thread
D/dalvikvm(28671): new thread created
D/dalvikvm(28671): update thread list
D/dalvikvm(28671): threadid=7: notify debugger
D/dalvikvm(28671): threadid=7 (FinalizerDaemon): calling run()
D/dalvikvm(28671): threadid=8: interp stack at 0x5190f000
D/dalvikvm(  104): threadid=2: interp stack at 0x4f001000
D/dalvikvm(  104): threadid=2: created from interp
D/dalvikvm(28671): threadid=8: created from interp
D/dalvikvm(  104): start new thread
D/dalvikvm(  104): create interp thread : stack size=32KB
D/dalvikvm(  104): create new thread
D/dalvikvm(  104): new thread created
D/dalvikvm(  104): update thread list
D/dalvikvm(  104): threadid=2: notify debugger
D/dalvikvm(28671): start new thread
D/dalvikvm(  104): threadid=2 (ReferenceQueueDaemon): calling run()
D/Zygote  (28671): fork pid : 0
D/dalvikvm(  104): threadid=3: interp stack at 0x4f109000
D/dalvikvm(  104): threadid=3: created from interp
D/dalvikvm(  104): start new thread
D/dalvikvm(  104): create interp thread : stack size=32KB
D/dalvikvm(  104): create new thread
D/dalvikvm(  104): new thread created
D/dalvikvm(  104): update thread list
D/dalvikvm(  104): threadid=3: notify debugger
D/dalvikvm(  104): threadid=3 (FinalizerDaemon): calling run()
D/dalvikvm(  104): threadid=4: interp stack at 0x4f211000
D/dalvikvm(  104): threadid=4: created from interp
D/dalvikvm(  104): start new thread
D/Zygote  (  104): fork pid : 28671
D/dalvikvm(  104): threadid=4: notify debugger
D/dalvikvm(  104): threadid=4 (FinalizerWatchdogDaemon): calling run()
I/ActivityManager(  376): Start proc com.baidu.searchbox for broadcast com.baidu.searchbox/.widget.QuickSearchWidgetProvider: pid=28671 uid=10140 gids={1006, 1013, 3003, 1015, 1028}
D/dalvikvm(28671): threadid=8: notify debugger
D/dalvikvm(28671): threadid=8 (FinalizerWatchdogDaemon): calling run()
D/dalvikvm(28671): threadid=9: interp stack at 0x51d15000
D/dalvikvm(28671): threadid=10: interp stack at 0x51e1d000
D/ConnectivityService(  376): getActiveNetworkInfo:NetworkInfo: type: WIFI[], state: CONNECTED/CONNECTED, reason: (unspecified), extra: (none), roaming: false, failover: false, isAvailable: true, simId: 0/10102
D/ConnectivityService(  376): getActiveNetworkInfo:NetworkInfo: type: WIFI[], state: CONNECTED/CONNECTED, reason: (unspecified), extra: (none), roaming: false, failover: false, isAvailable: true, simId: 0/10102
W/ADB_SERVICES(  129): create_local_service_socket() name=shell:ls -l /
D/ADB_SERVICES(  129): Calling send_ready local=7880, remote=10565
D/ADB_SERVICES(  129): adb fdevent_process list (27) (61) (58) (15) (11) 
D/ADB_SERVICES(  129):  closing because is_eof=1 r=-1 s->fde.force_eof=0
W/ADB_SERVICES(  129): create_local_service_socket() name=shell:ls -l -d /emmc@android/
D/ADB_SERVICES(  129): Calling send_ready local=7881, remote=10566
D/ADB_SERVICES(  129):  closing because is_eof=1 r=1 s->fde.force_eof=0
W/ADB_SERVICES(  129): create_local_service_socket() name=shell:ls -l -d /emmc@cache/
D/ADB_SERVICES(  129): Calling send_ready local=7882, remote=10567
D/ADB_SERVICES(  129):  closing because is_eof=1 r=1 s->fde.force_eof=0
W/ADB_SERVICES(  129): create_local_service_socket() name=shell:ls -l -d /emmc@ebr1/
D/ADB_SERVICES(  129): Calling send_ready local=7883, remote=10568
D/ADB_SERVICES(  129): adb socket read list (58) (61) 
D/ADB_SERVICES(  129): read_data=13841
D/ADB_SERVICES(  129): max_read_time=0.000097 max_send_time=0.000317 
D/ADB_SERVICES(  129): adb local_socket_ready list (58) (61) 
D/ADB_SERVICES(  129):  closing because is_eof=1 r=-1 s->fde.force_eof=0
W/ADB_SERVICES(  129): create_local_service_socket() name=shell:ls -l -d /emmc@fat/
D/ADB_SERVICES(  129): Calling send_ready local=7884, remote=10569
D/ADB_SERVICES(  129):  closing because is_eof=1 r=1 s->fde.force_eof=0
W/ADB_SERVICES(  129): create_local_service_socket() name=shell:ls -l -d /emmc@sec_ro/
D/ADB_SERVICES(  129): Calling send_ready local=7885, remote=10570
D/ADB_SERVICES(  129):  closing because is_eof=1 r=1 s->fde.force_eof=0
W/ADB_SERVICES(  129): create_local_service_socket() name=shell:ls -l -d /emmc@usrdata/
D/ADB_SERVICES(  129): Calling send_ready local=7886, remote=10571
D/ConnectivityService(  376): getActiveNetworkInfo:NetworkInfo: type: WIFI[], state: CONNECTED/CONNECTED, reason: (unspecified), extra: (none), roaming: false, failover: false, isAvailable: true, simId: 0/10102
D/ADB_SERVICES(  129):  closing because is_eof=1 r=-1 s->fde.force_eof=0
D/ConnectivityService(  376): getActiveNetworkInfo:NetworkInfo: type: WIFI[], state: CONNECTED/CONNECTED, reason: (unspecified), extra: (none), roaming: false, failover: false, isAvailable: true, simId: 0/10102
I/System.out( 3364): [CDS]EAGAIN or EWOULDBLOCK in Recvfrom
I/System.out( 3364): [CDS]read byte is 0
I/System.out( 3364): [CDS]rx timeout:10000
I/System.out( 3364): [CDS]rx timeout:30000
D/ConnectivityService(  376): getActiveNetworkInfo:NetworkInfo: type: WIFI[], state: CONNECTED/CONNECTED, reason: (unspecified), extra: (none), roaming: false, failover: false, isAvailable: true, simId: 0/10102
W/ADB_SERVICES(  129): create_local_service_socket() name=shell:ls -l /
D/ADB_SERVICES(  129): Calling send_ready local=7887, remote=10577
D/ADB_SERVICES(  129): adb fdevent_process list (61) (27) (58) 
D/ADB_SERVICES(  129):  closing because is_eof=1 r=-1 s->fde.force_eof=0
W/ADB_SERVICES(  129): create_local_service_socket() name=shell:ls -l -d /emmc@android/
D/ADB_SERVICES(  129): Calling send_ready local=7888, remote=10578
D/ADB_SERVICES(  129):  closing because is_eof=1 r=1 s->fde.force_eof=0
W/ADB_SERVICES(  129): create_local_service_socket() name=shell:ls -l -d /emmc@cache/
D/ADB_SERVICES(  129): Calling send_ready local=7889, remote=10579
D/ADB_SERVICES(  129):  closing because is_eof=1 r=1 s->fde.force_eof=0
W/ADB_SERVICES(  129): create_local_service_socket() name=shell:ls -l -d /emmc@ebr1/
D/ADB_SERVICES(  129): Calling send_ready local=7890, remote=10580
D/ADB_SERVICES(  129): adb socket read list (58) (61) 
D/ADB_SERVICES(  129): read_data=6724
D/ADB_SERVICES(  129): max_read_time=0.000057 max_send_time=0.000126 
D/ADB_SERVICES(  129): adb local_socket_ready list (58) (61) 
D/ADB_SERVICES(  129):  closing because is_eof=1 r=-1 s->fde.force_eof=0
W/ADB_SERVICES(  129): create_local_service_socket() name=shell:ls -l -d /emmc@fat/
D/ADB_SERVICES(  129): Calling send_ready local=7891, remote=10581
D/ADB_SERVICES(  129):  closing because is_eof=1 r=1 s->fde.force_eof=0
W/ADB_SERVICES(  129): create_local_service_socket() name=shell:ls -l -d /emmc@sec_ro/
D/ADB_SERVICES(  129): Calling send_ready local=7892, remote=10582
D/ADB_SERVICES(  129):  closing because is_eof=1 r=1 s->fde.force_eof=0
W/ADB_SERVICES(  129): create_local_service_socket() name=shell:ls -l -d /emmc@usrdata/
D/ADB_SERVICES(  129): Calling send_ready local=7893, remote=10583
D/ADB_SERVICES(  129):  closing because is_eof=1 r=1 s->fde.force_eof=0
W/ActivityManager(  376): Process ProcessRecord{42d07d78 28671:com.baidu.searchbox/u0a140} failed to attach
W/ActivityManager(  376): Unattached app died before broadcast acknowledged, skipping
W/ActivityManager(  376): Unattached app died before broadcast acknowledged, skipping
V/Provider/Setting(  376): from settings cache , name = read_external_storage_enforced_default value = null
D/Zygote  (  104): SelectLoop : runOnce
D/Zygote  (  104): read arg list
D/Zygote  (  104): prepare new stderr
D/Zygote  (  104): parse args
D/Zygote  (  104): before fork
D/dalvikvm(  104): threadid=2: exiting
D/dalvikvm(  104): threadid=2: bye!
D/dalvikvm(  104): threadid=3: exiting
D/dalvikvm(  104): threadid=3: bye!
D/dalvikvm(  104): threadid=4: exiting
D/dalvikvm(  104): threadid=4: bye!
D/dalvikvm(  104): pre gc
D/dalvikvm(  104): Zygote::ForkAndSpecialize +
D/dalvikvm(  104): Zygote::ForkAndSpecialize : 28712
D/dalvikvm(  104): create interp thread : stack size=32KB
D/dalvikvm(  104): create new thread
D/dalvikvm(  104): new thread created
D/dalvikvm(  104): update thread list
W/ADB_SERVICES(  129): terminating JDWP 28671 connection: Try again
D/ADB_SERVICES(  129): remove pid 28671 to jdwp process list
D/dalvikvm(  104): threadid=2: interp stack at 0x4f001000
D/dalvikvm(  104): threadid=2: created from interp
D/dalvikvm(  104): start new thread
D/dalvikvm(  104): create interp thread : stack size=32KB
D/dalvikvm(  104): create new thread
D/dalvikvm(  104): new thread created
D/dalvikvm(  104): update thread list
D/dalvikvm(  104): threadid=2: notify debugger
D/dalvikvm(  104): threadid=2 (ReferenceQueueDaemon): calling run()
D/dalvikvm(28712): Zygote::ForkAndSpecialize : 0
D/dalvikvm(28712): zygote get new systemTid : 28712
D/dalvikvm(28712): threadid=2: interp stack at 0x4f101000
D/dalvikvm(28712): threadid=3: interp stack at 0x4f209000
D/jdwp    (28712): prepping for JDWP over ADB
D/jdwp    (28712): ADB transport startup
D/dalvikvm(28712): Elevating priority from 0 to -8
D/dalvikvm(28712): threadid=4: interp stack at 0x4f311000
D/jdwp    (28712): JDWP: thread running
D/jdwp    (28712): acceptConnection
D/ADB_SERVICES(  129): Adding socket 15 pid 28712 to jdwp process list
D/jdwp    (28712): trying to receive file descriptor from ADB
D/dalvikvm(28712): threadid=5: interp stack at 0x516f7000
D/dalvikvm(28712): zygote get thread init done
D/dalvikvm(28712): create interp thread : stack size=32KB
D/dalvikvm(28712): create new thread
D/dalvikvm(28712): new thread created
D/dalvikvm(28712): update thread list
D/dalvikvm(28712): threadid=6: interp stack at 0x516ff000
D/dalvikvm(28712): threadid=6: created from interp
D/dalvikvm(28712): start new thread
D/dalvikvm(28712): create interp thread : stack size=32KB
D/dalvikvm(28712): create new thread
D/dalvikvm(28712): new thread created
D/dalvikvm(28712): update thread list
D/dalvikvm(28712): threadid=6: notify debugger
D/dalvikvm(28712): threadid=6 (ReferenceQueueDaemon): calling run()
D/dalvikvm(28712): threadid=7: interp stack at 0x51807000
D/dalvikvm(28712): threadid=7: created from interp
D/dalvikvm(28712): start new thread
D/dalvikvm(28712): create interp thread : stack size=32KB
D/dalvikvm(28712): create new thread
D/dalvikvm(28712): new thread created
D/dalvikvm(28712): update thread list
D/dalvikvm(  104): threadid=3: interp stack at 0x4f109000
D/dalvikvm(28712): threadid=7: notify debugger
D/dalvikvm(  104): threadid=3: created from interp
D/dalvikvm(  104): start new thread
D/dalvikvm(  104): create interp thread : stack size=32KB
D/dalvikvm(  104): create new thread
D/dalvikvm(  104): new thread created
D/dalvikvm(  104): update thread list
D/dalvikvm(28712): threadid=7 (FinalizerDaemon): calling run()
D/dalvikvm(  104): threadid=3: notify debugger
D/dalvikvm(  104): threadid=3 (FinalizerDaemon): calling run()
D/dalvikvm(28712): threadid=8: interp stack at 0x5190f000
D/dalvikvm(28712): threadid=8: created from interp
D/dalvikvm(28712): start new thread
D/Zygote  (28712): fork pid : 0
D/dalvikvm(  104): threadid=4: interp stack at 0x4f211000
D/dalvikvm(  104): threadid=4: created from interp
D/dalvikvm(  104): start new thread
D/Zygote  (  104): fork pid : 28712
D/dalvikvm(  104): threadid=4: notify debugger
D/dalvikvm(  104): threadid=4 (FinalizerWatchdogDaemon): calling run()
I/ActivityManager(  376): Start proc com.baidu.searchbox for broadcast com.baidu.searchbox/.widget.QuickSearchWidgetProvider: pid=28712 uid=10140 gids={1006, 1013, 3003, 1015, 1028}
D/dalvikvm(28712): threadid=8: notify debugger
D/dalvikvm(28712): threadid=8 (FinalizerWatchdogDaemon): calling run()
D/dalvikvm(28712): threadid=9: interp stack at 0x51d15000
D/dalvikvm(28712): threadid=10: interp stack at 0x51e1d000
D/ConnectivityService(  376): getActiveNetworkInfo:NetworkInfo: type: WIFI[], state: CONNECTED/CONNECTED, reason: (unspecified), extra: (none), roaming: false, failover: false, isAvailable: true, simId: 0/10102
D/dalvikvm(  458): GC_EXPLICIT freed 305K, 18% free 15520K/18743K, paused 2ms+7ms, total 45ms
D/ConnectivityService(  376): getActiveNetworkInfo:NetworkInfo: type: WIFI[], state: CONNECTED/CONNECTED, reason: (unspecified), extra: (none), roaming: false, failover: false, isAvailable: true, simId: 0/10102
W/ADB_SERVICES(  129): create_local_service_socket() name=shell:ls -l /
D/ADB_SERVICES(  129): Calling send_ready local=7894, remote=10589
D/ADB_SERVICES(  129): adb fdevent_process list (27) (61) (58) (15) (11) 
D/ADB_SERVICES(  129):  closing because is_eof=1 r=-1 s->fde.force_eof=0
W/ADB_SERVICES(  129): create_local_service_socket() name=shell:ls -l -d /emmc@android/
D/ADB_SERVICES(  129): Calling send_ready local=7895, remote=10590
D/ADB_SERVICES(  129):  closing because is_eof=1 r=1 s->fde.force_eof=0
W/ADB_SERVICES(  129): create_local_service_socket() name=shell:ls -l -d /emmc@cache/
D/ADB_SERVICES(  129): Calling send_ready local=7896, remote=10591
D/ADB_SERVICES(  129):  closing because is_eof=1 r=-1 s->fde.force_eof=0
W/ADB_SERVICES(  129): create_local_service_socket() name=shell:ls -l -d /emmc@ebr1/
D/ADB_SERVICES(  129): Calling send_ready local=7897, remote=10592
D/ADB_SERVICES(  129): adb socket read list (58) (61) 
D/ADB_SERVICES(  129): read_data=13957
D/ADB_SERVICES(  129): max_read_time=0.000083 max_send_time=0.000125 
D/ADB_SERVICES(  129): adb local_socket_ready list (58) (61) 
D/ADB_SERVICES(  129):  closing because is_eof=1 r=-1 s->fde.force_eof=0
W/ADB_SERVICES(  129): create_local_service_socket() name=shell:ls -l -d /emmc@fat/
D/ADB_SERVICES(  129): Calling send_ready local=7898, remote=10593
D/ADB_SERVICES(  129):  closing because is_eof=1 r=-1 s->fde.force_eof=0
W/ADB_SERVICES(  129): create_local_service_socket() name=shell:ls -l -d /emmc@sec_ro/
D/ADB_SERVICES(  129): Calling send_ready local=7899, remote=10594
D/ADB_SERVICES(  129):  closing because is_eof=1 r=-1 s->fde.force_eof=0
W/ADB_SERVICES(  129): create_local_service_socket() name=shell:ls -l -d /emmc@usrdata/
D/ADB_SERVICES(  129): Calling send_ready local=7900, remote=10595
D/ConnectivityService(  376): getActiveNetworkInfo:NetworkInfo: type: WIFI[], state: CONNECTED/CONNECTED, reason: (unspecified), extra: (none), roaming: false, failover: false, isAvailable: true, simId: 0/10102
D/ADB_SERVICES(  129):  closing because is_eof=1 r=1 s->fde.force_eof=0
D/ConnectivityService(  376): getActiveNetworkInfo:NetworkInfo: type: WIFI[], state: CONNECTED/CONNECTED, reason: (unspecified), extra: (none), roaming: false, failover: false, isAvailable: true, simId: 0/10102
V/ActivityManager(  376): getTasks: max=5, flags=0, receiver=null
V/ActivityManager(  376): com.example.neon/.HelloNeon: task=TaskRecord{42d0c778 #232 A com.example.neon U 0}
V/ActivityManager(  376): com.lewa.launcher/.Launcher: task=TaskRecord{41f7c6a8 #2 A com.lewa.launcher U 0}
V/ActivityManager(  376): com.tencent.android.qqdownloader/com.tencent.android.ui.UpdateManageActivity: task=TaskRecord{42825800 #196 A com.tencent.android.qqdownloader U 0}
V/ActivityManager(  376): com.tencent.android.qqdownloader/.QQDownloader: task=TaskRecord{42825800 #196 A com.tencent.android.qqdownloader U 0}
V/ActivityManager(  376): com.UCMobile/com.uc.browser.InnerUCMobile: task=TaskRecord{42b80438 #182 A com.UCMobile U 0}
V/ActivityManager(  376): com.chaozh.iReaderFree15/com.zhangyue.iReader.read.ui.Activity_BookBrowser_TXT: task=TaskRecord{428d2808 #106 A com.chaozh.iReaderFree15 U 0}
V/ActivityManager(  376): com.chaozh.iReaderFree15/com.zhangyue.iReader.bookshelf.ui.ActivityBookShelf: task=TaskRecord{428d2808 #106 A com.chaozh.iReaderFree15 U 0}
V/ActivityManager(  376): We have pending thumbnails: null
V/Provider/Setting(  376): from settings cache , name = powerchargingval_usb value = 74,72,67,67,67,67,83,178,527,312,353,88,237,89,101,146,234,155,194,128,85,72,87,120,78,104,108,129,220,65,187,161,263,113,104,394,306,312,279,314,350,336,225,540,374,201,286,401,323,208,402,285,241,305,144,412,223,302,277,159,95,426,89,83,102,80,110,81,114,147,163,173,173,221,214,262,456,192,135,103,260,245,773,511,683,327,305,896,446,252,218,60,60,60,60,60,60,60,60,60,3446,
I/BatteryService(  376): sendIntent mBootCompleted=true
I/BatteryService(  376): sendIntent mBatteryEstimationChargeTime=5658
V/ActivityManager(  376): Broadcast sticky: Intent { act=android.intent.action.BATTERY_CHANGED flg=0x60000010 (has extras) } ordered=false userid=0
I/KeyguardUpdateMonitor(  376): ACTION_BATTERY_CHANGED, status=2,plugged=2, level=87, health=2
D/Bluetooth HS/HF(  559): [BT][HFG] [API] mStateReceiver.onReceive(android.intent.action.BATTERY_CHANGED)
D/Bluetooth HS/HF(  559): [BT][HFG] [API] mHandler.handleMessage(9)
D/Bluetooth HS/HF(  559): [BT][HFG] [API] updateBatteryState
D/UsbDeviceManager(  376): onReceive - ACTION_BATTERY_CHANGED - mPlugType: 2, mSettingUsbCharging: false, mConnected: true, mSettingUsbBicr: false
D/WifiService(  376): onReceive, action=android.intent.action.BATTERY_CHANGED
V/Provider/Setting(  376): from settings cache , name = wifi_idle_ms value = null
V/Provider/Setting(  376): from settings cache , name = stay_on_while_plugged_in value = 0
D/WifiService(  376): ACTION_BATTERY_CHANGED pluggedType: 2
V/Provider/Setting(  376): from settings cache , name = wifi_sleep_policy value = null
D/WifiService(  376): wifiSleepPolicy:2
V/Provider/Setting(  376): from settings cache , name = wifi_sleep_policy value = null
D/WifiService(  376): wifiSleepPolicy:2
V/Provider/Setting(  458): from settings cache , name = powerlowwarningval value = null
D/PowerUI (  458): action = android.intent.action.BATTERY_CHANGED
D/PowerUI (  458): Intent start() ret = false mHideLowBDialog= true
D/PowerUI (  458): oldBatteryLevel = 87mBatteryLevel = 87
D/PowerUI (  458): dismissLowBatteryWarning***************
D/dalvikvm(  559): GC_EXPLICIT freed 7K, 28% free 11676K/16055K, paused 14ms+5ms, total 57ms
D/ConnectivityService(  376): getActiveNetworkInfo:NetworkInfo: type: WIFI[], state: CONNECTED/CONNECTED, reason: (unspecified), extra: (none), roaming: false, failover: false, isAvailable: true, simId: 0/10102
W/ADB_SERVICES(  129): create_local_service_socket() name=shell:ls -l /
D/ADB_SERVICES(  129): Calling send_ready local=7901, remote=10601
D/ADB_SERVICES(  129): adb fdevent_process list (61) (27) (58) 
D/ADB_SERVICES(  129):  closing because is_eof=1 r=-1 s->fde.force_eof=0
W/ADB_SERVICES(  129): create_local_service_socket() name=shell:ls -l -d /emmc@android/
D/ADB_SERVICES(  129): Calling send_ready local=7902, remote=10602
D/ADB_SERVICES(  129):  closing because is_eof=1 r=1 s->fde.force_eof=0
W/ADB_SERVICES(  129): create_local_service_socket() name=shell:ls -l -d /emmc@cache/
D/ADB_SERVICES(  129): Calling send_ready local=7903, remote=10603
D/ADB_SERVICES(  129):  closing because is_eof=1 r=1 s->fde.force_eof=0
W/ADB_SERVICES(  129): create_local_service_socket() name=shell:ls -l -d /emmc@ebr1/
D/ADB_SERVICES(  129): Calling send_ready local=7904, remote=10604
D/ADB_SERVICES(  129): adb socket read list (58) (61) 
D/ADB_SERVICES(  129): read_data=10730
D/ADB_SERVICES(  129): max_read_time=0.000058 max_send_time=0.000125 
D/ADB_SERVICES(  129): adb local_socket_ready list (61) (58) 
D/ADB_SERVICES(  129):  closing because is_eof=1 r=-1 s->fde.force_eof=0
W/ADB_SERVICES(  129): create_local_service_socket() name=shell:ls -l -d /emmc@fat/
D/ADB_SERVICES(  129): Calling send_ready local=7905, remote=10605
D/ADB_SERVICES(  129):  closing because is_eof=1 r=1 s->fde.force_eof=0
W/ADB_SERVICES(  129): create_local_service_socket() name=shell:ls -l -d /emmc@sec_ro/
D/ADB_SERVICES(  129): Calling send_ready local=7906, remote=10606
D/ADB_SERVICES(  129):  closing because is_eof=1 r=1 s->fde.force_eof=0
W/ADB_SERVICES(  129): create_local_service_socket() name=shell:ls -l -d /emmc@usrdata/
D/ADB_SERVICES(  129): Calling send_ready local=7907, remote=10607
D/ADB_SERVICES(  129):  closing because is_eof=1 r=1 s->fde.force_eof=0
V/Provider/Setting(  376): from settings cache , name = sys_free_storage_log_interval value = null
V/Provider/Setting(  376): from settings cache , name = disk_free_change_reporting_threshold value = null
W/ActivityManager(  376): Process ProcessRecord{42cc1128 28712:com.baidu.searchbox/u0a140} failed to attach
W/ActivityManager(  376): Unattached app died before broadcast acknowledged, skipping
W/ActivityManager(  376): Unattached app died before broadcast acknowledged, skipping
V/Provider/Setting(  376): from settings cache , name = read_external_storage_enforced_default value = null
D/Zygote  (  104): SelectLoop : runOnce
D/Zygote  (  104): read arg list
D/Zygote  (  104): prepare new stderr
D/Zygote  (  104): parse args
D/Zygote  (  104): before fork
D/dalvikvm(  104): threadid=2: exiting
D/dalvikvm(  104): threadid=2: bye!
D/dalvikvm(  104): threadid=3: exiting
D/dalvikvm(  104): threadid=3: bye!
D/dalvikvm(  104): threadid=4: exiting
D/dalvikvm(  104): threadid=4: bye!
D/dalvikvm(  104): pre gc
D/dalvikvm(  104): Zygote::ForkAndSpecialize +
D/dalvikvm(  104): Zygote::ForkAndSpecialize : 28753
D/dalvikvm(  104): create interp thread : stack size=32KB
D/dalvikvm(  104): create new thread
D/dalvikvm(  104): new thread created
D/dalvikvm(  104): update thread list
W/ADB_SERVICES(  129): terminating JDWP 28712 connection: Try again
D/ADB_SERVICES(  129): remove pid 28712 to jdwp process list
D/dalvikvm(  104): threadid=2: interp stack at 0x4f001000
D/dalvikvm(  104): threadid=2: created from interp
D/dalvikvm(  104): start new thread
D/dalvikvm(  104): create interp thread : stack size=32KB
D/dalvikvm(  104): create new thread
D/dalvikvm(  104): new thread created
D/dalvikvm(  104): update thread list
D/dalvikvm(  104): threadid=2: notify debugger
D/dalvikvm(  104): threadid=2 (ReferenceQueueDaemon): calling run()
D/dalvikvm(28753): Zygote::ForkAndSpecialize : 0
D/dalvikvm(28753): zygote get new systemTid : 28753
