D/ActivityManager(  429): BDC-Finishing receiver: android.app.LoadedApk$ReceiverDispatcher$InnerReceiver@414b42c0
D/BroadcastQueue(  429): BDC-Delivered broadcast: Intent { act=android.intent.action.TIME_TICK flg=0x40000014 (has extras) }, ordered=true, filter=BroadcastFilter{413c3548 ReceiverList{4152c5c0 429 system/1000 local:4152c3f0}}, receiver=android.app.LoadedApk$ReceiverDispatcher$InnerReceiver@4152c3f0
D/ActivityThread(  429): BDC-Calling onReceive: intent=Intent { act=android.intent.action.TIME_TICK flg=0x40000014 (has extras) }, ordered=true, receiver=com.android.internal.policy.impl.KeyguardUpdateMonitor$5@41418b68, IIntentReceiver=4152c3f0
D/ActivityThread(  429): BDC-Calling finishReceiver: IIntentReceiver=4152c3f0
D/ActivityManager(  429): BDC-Finishing receiver: android.app.LoadedApk$ReceiverDispatcher$InnerReceiver@4152c3f0
D/ActivityThread(  513): BDC-Calling onReceive: intent=Intent { act=android.intent.action.TIME_TICK flg=0x40000014 (has extras) }, ordered=true, receiver=com.android.systemui.statusbar.policy.Clock$1@4115da88, IIntentReceiver=41374268
D/Clock   (  513): action =android.intent.action.TIME_TICK
V/Provider/Setting(  513): from settings cache , name = time_12_24 value = null
D/ActivityThread(  513): BDC-Calling finishReceiver: IIntentReceiver=41374268
D/ActivityManager(  429): BDC-Finishing receiver: android.os.BinderProxy@41f47448
D/BroadcastQueue(  429): BDC-Delivered broadcast: Intent { act=android.intent.action.TIME_TICK flg=0x40000014 (has extras) }, ordered=true, filter=BroadcastFilter{4146a8c0 ReceiverList{413c2300 513 com.android.systemui/1000 remote:41f47448}}, receiver=android.os.BinderProxy@41f47448
D/BroadcastQueue(  429): BDC-Delivered broadcast: Intent { act=android.intent.action.TIME_TICK flg=0x40000014 (has extras) }, ordered=true, filter=BroadcastFilter{419f25c8 ReceiverList{418137a8 513 com.android.systemui/1000 remote:417493c0}}, receiver=android.os.BinderProxy@417493c0
D/ActivityThread(  513): BDC-Calling onReceive: intent=Intent { act=android.intent.action.TIME_TICK flg=0x40000014 (has extras) }, ordered=true, receiver=com.android.systemui.statusbar.policy.Clock$1@4117d690, IIntentReceiver=41374d58
D/Clock   (  513): action =android.intent.action.TIME_TICK
V/Provider/Setting(  513): from settings cache , name = time_12_24 value = null
D/ActivityThread(  513): BDC-Calling finishReceiver: IIntentReceiver=41374d58
D/ActivityManager(  429): BDC-Finishing receiver: android.os.BinderProxy@417493c0
D/BroadcastQueue(  429): BDC-Delivered broadcast: Intent { act=android.intent.action.TIME_TICK flg=0x40000014 (has extras) }, ordered=true, filter=BroadcastFilter{41f65ab8 ReceiverList{41f59678 513 com.android.systemui/1000 remote:41f04ed8}}, receiver=android.os.BinderProxy@41f04ed8
D/ActivityThread( 1611): BDC-RECEIVER handled : 0 / ReceiverData{intent=Intent { act=com.baidu.searchbox.action.TIME_TICK cat=[com.baidu.searchbox.category.QSearch] flg=0x14 pkg=com.baidu.searchbox cmp=com.baidu.searchbox/.widget.QuickSearchWidgetProvider (has extras) } packageName=com.baidu.searchbox resultCode=0 resultData=null resultExtras=null}
D/ActivityThread(  513): BDC-Calling onReceive: intent=Intent { act=android.intent.action.TIME_TICK flg=0x40000014 (has extras) }, ordered=true, receiver=com.android.systemui.statusbar.policy.DateView$1@4117e450, IIntentReceiver=41375560
D/ActivityThread(  513): BDC-Calling finishReceiver: IIntentReceiver=41375560
D/ActivityManager(  429): BDC-Finishing receiver: android.os.BinderProxy@41f04ed8
D/BroadcastQueue(  429): BDC-Delivered broadcast: Intent { act=android.intent.action.TIME_TICK flg=0x40000014 (has extras) }, ordered=true, filter=BroadcastFilter{4171b1e0 ReceiverList{4171b168 429 system/1000 local:41efcde8}}, receiver=android.app.LoadedApk$ReceiverDispatcher$InnerReceiver@41efcde8
D/ActivityThread(  429): BDC-Calling onReceive: intent=Intent { act=android.intent.action.TIME_TICK flg=0x40000014 (has extras) }, ordered=true, receiver=lewa.lockscreen.LockScreenRoot$InformationReceiver@416f02d8, IIntentReceiver=41efcde8
D/ActivityThread(  429): BDC-Calling finishReceiver: IIntentReceiver=41efcde8
D/ActivityManager(  429): BDC-Finishing receiver: android.app.LoadedApk$ReceiverDispatcher$InnerReceiver@41efcde8
D/BroadcastQueue(  429): BDC-Delivered broadcast: Intent { act=android.intent.action.TIME_TICK flg=0x40000014 (has extras) }, ordered=true, filter=BroadcastFilter{41a1cf00 ReceiverList{41a1ce88 513 com.android.systemui/1000 remote:41a1cb80}}, receiver=android.os.BinderProxy@41a1cb80
D/ActivityThread(  513): BDC-Calling onReceive: intent=Intent { act=android.intent.action.TIME_TICK flg=0x40000014 (has extras) }, ordered=true, receiver=android.widget.DateTimeView$1@41466a68, IIntentReceiver=4140cb60
D/ActivityThread(  513): BDC-Calling finishReceiver: IIntentReceiver=4140cb60
D/ActivityManager(  429): BDC-Finishing receiver: android.os.BinderProxy@41a1cb80
D/BroadcastQueue(  429): BDC-Delivered broadcast: Intent { act=android.intent.action.TIME_TICK flg=0x40000014 (has extras) }, ordered=true, filter=BroadcastFilter{42017de0 ReceiverList{42017d68 687 com.lewa.launcher/10038 remote:420727a0}}, receiver=android.os.BinderProxy@420727a0
D/ActivityThread(  687): BDC-Calling onReceive: intent=Intent { act=android.intent.action.TIME_TICK flg=0x40000014 (has extras) }, ordered=true, receiver=android.widget.AnalogClock$1@410f6828, IIntentReceiver=416f28e0
D/ActivityThread(  687): BDC-Calling finishReceiver: IIntentReceiver=416f28e0
D/ActivityManager(  429): BDC-Finishing receiver: android.os.BinderProxy@420727a0
D/BroadcastQueue(  429): BDC-Delivered broadcast: Intent { act=android.intent.action.TIME_TICK flg=0x40000014 (has extras) }, ordered=true, filter=BroadcastFilter{416aa2b0 ReceiverList{416e0060 687 com.lewa.launcher/10038 remote:41742258}}, receiver=android.os.BinderProxy@41742258
D/ActivityThread(  687): BDC-Calling onReceive: intent=Intent { act=android.intent.action.TIME_TICK flg=0x40000014 (has extras) }, ordered=true, receiver=android.widget.AnalogClock$1@411ec3a0, IIntentReceiver=414dcd40
D/ActivityThread(  687): BDC-Calling finishReceiver: IIntentReceiver=414dcd40
D/ActivityManager(  429): BDC-Finishing receiver: android.os.BinderProxy@41742258
D/BroadcastQueue(  429): BDC-Delivered broadcast: Intent { act=android.intent.action.TIME_TICK flg=0x40000014 (has extras) }, ordered=true, filter=BroadcastFilter{41f20038 ReceiverList{41f1ffc0 513 com.android.systemui/1000 remote:41f10b68}}, receiver=android.os.BinderProxy@41f10b68
D/ActivityThread(  513): BDC-Calling onReceive: intent=Intent { act=android.intent.action.TIME_TICK flg=0x40000014 (has extras) }, ordered=true, receiver=android.widget.DateTimeView$1@414762d0, IIntentReceiver=410f37b0
V/Provider/Setting(  513): from settings cache , name = date_format value = yyyy-MMM-d-EE
D/ActivityThread(  513): BDC-Calling finishReceiver: IIntentReceiver=410f37b0
D/ActivityManager(  429): BDC-Finishing receiver: android.os.BinderProxy@41f10b68
I/ActivityManager(  429): monitor Service ANR process (0)
D/dalvikvm(  429): create interp thread : stack size=32KB
D/dalvikvm(  429): create new thread
D/dalvikvm(  429): new thread created
D/dalvikvm(  429): update thread list
D/dalvikvm(  429): threadid=78: interp stack at 0x529cf000
D/dalvikvm(  429): threadid=78: created from interp
D/dalvikvm(  429): start new thread
D/dalvikvm(  429): threadid=78: notify debugger
D/dalvikvm(  429): threadid=78 (preDumpStackTraces): calling run()
D/ActivityManager(  429): preDumpStackTraces Begin tracePath:/data/anr/mtk_traces.txt
W/Process (  429): Unable to open /proc/0/status
I/ActivityManager(  429): preDumpStackTraces process: 0 parent: 0 zygote: 396
D/AEE/AED (   97): $===AEE===AEE===AEE===$
D/AEE/AED (   97): p 0 poll events 1 revents 0
D/AEE/AED (   97): not know revents:0
D/AEE/AED (   97): p 1 poll events 1 revents 0
D/AEE/AED (   97): not know revents:0
D/AEE/AED (   97): p 2 poll events 1 revents 1
D/AEE/AED (   97): aed_main_fork_worker: generator 0x1b8f150, worker 0xbea0ea80, recv_fd 15
D/AEE/AED (   97): p 3 poll events 1 revents 0
D/AEE/AED (   97): not know revents:0
D/AEE/AED (   97): p 4 poll events 1 revents 0
D/AEE/AED (   97): not know revents:0
I/DEBUG   ( 2160): handle_request(15)
I/DEBUG   ( 2160): tid 0 does not exist. ignoring explicit dump request
D/AEE/AED (   97): $===AEE===AEE===AEE===$
D/AEE/AED (   97): p 0 poll events 1 revents 0
D/AEE/AED (   97): not know revents:0
D/AEE/AED (   97): p 1 poll events 1 revents 0
D/AEE/AED (   97): not know revents:0
D/AEE/AED (   97): p 2 poll events 1 revents 0
D/AEE/AED (   97): not know revents:0
D/AEE/AED (   97): p 3 poll events 1 revents 0
D/AEE/AED (   97): not know revents:0
D/AEE/AED (   97): p 4 poll events 1 revents 0
D/AEE/AED (   97): not know revents:0
I/ActivityManager(  429): preDumpStackTraces process: 429 parent: 396 zygote: 396
I/Process (  429): Sending signal. PID: 429 SIG: 16
I/dalvikvm(  429): threadid=3: reacting to signal 16
D/dalvikvm(  429): Prepare stack traces for '/data/anr/mtk_traces.txt' done
I/dalvikvm(  429): Wrote stack traces to '/data/anr/mtk_traces.txt'
D/ActivityManager(  429): preDumpStackTraces End
D/dalvikvm(  429): threadid=78: exiting
D/dalvikvm(  429): threadid=78: bye!
I/ActivityManager(  429): monitor Service ANR process (0)
D/dalvikvm(  429): create interp thread : stack size=32KB
D/dalvikvm(  429): create new thread
D/dalvikvm(  429): new thread created
D/dalvikvm(  429): update thread list
D/dalvikvm(  429): threadid=78: interp stack at 0x529cf000
D/dalvikvm(  429): threadid=78: created from interp
D/dalvikvm(  429): start new thread
D/dalvikvm(  429): threadid=78: notify debugger
D/dalvikvm(  429): threadid=78 (preDumpStackTraces): calling run()
D/ActivityManager(  429): preDumpStackTraces Begin tracePath:/data/anr/mtk_traces.txt
W/Process (  429): Unable to open /proc/0/status
I/ActivityManager(  429): preDumpStackTraces process: 0 parent: 0 zygote: 396
D/AEE/AED (   97): $===AEE===AEE===AEE===$
D/AEE/AED (   97): p 0 poll events 1 revents 0
D/AEE/AED (   97): not know revents:0
D/AEE/AED (   97): p 1 poll events 1 revents 0
D/AEE/AED (   97): not know revents:0
D/AEE/AED (   97): p 2 poll events 1 revents 1
D/AEE/AED (   97): aed_main_fork_worker: generator 0x1b8f150, worker 0xbea0ea80, recv_fd 15
D/AEE/AED (   97): p 3 poll events 1 revents 0
D/AEE/AED (   97): not know revents:0
D/AEE/AED (   97): p 4 poll events 1 revents 0
D/AEE/AED (   97): not know revents:0
I/DEBUG   ( 2162): handle_request(15)
I/DEBUG   ( 2162): tid 0 does not exist. ignoring explicit dump request
D/AEE/AED (   97): $===AEE===AEE===AEE===$
D/AEE/AED (   97): p 0 poll events 1 revents 0
D/AEE/AED (   97): not know revents:0
D/AEE/AED (   97): p 1 poll events 1 revents 0
D/AEE/AED (   97): not know revents:0
D/AEE/AED (   97): p 2 poll events 1 revents 0
D/AEE/AED (   97): not know revents:0
D/AEE/AED (   97): p 3 poll events 1 revents 0
D/AEE/AED (   97): not know revents:0
D/AEE/AED (   97): p 4 poll events 1 revents 0
D/AEE/AED (   97): not know revents:0
I/ActivityManager(  429): preDumpStackTraces process: 429 parent: 396 zygote: 396
I/Process (  429): Sending signal. PID: 429 SIG: 16
I/dalvikvm(  429): threadid=3: reacting to signal 16
D/dalvikvm(  429): Prepare stack traces for '/data/anr/mtk_traces.txt' done
I/dalvikvm(  429): Wrote stack traces to '/data/anr/mtk_traces.txt'
D/ActivityManager(  429): preDumpStackTraces End
D/dalvikvm(  429): threadid=78: exiting
D/dalvikvm(  429): threadid=78: bye!
D/ADB_SERVICES(  130): adb fdevent_process list (82) (30) 
D/dalvikvm(  636): GC_EXPLICIT freed 433K, 34% free 3735K/5623K, paused 3ms+2ms, total 29ms
V/Provider/Setting(  429): from settings cache , name = reboot_interval value = null
D/InputReader(  429): InputReader::monitor: lock
D/InputReader(  429): InputReader::monitor: wait 
D/InputReader(  429): InputReader::monitor: unlock
D/InputReader(  429): InputReader::monitor: done
D/dalvikvm( 1661): create interp thread : stack size=32KB
D/dalvikvm( 1661): create new thread
D/dalvikvm( 1661): new thread created
D/dalvikvm( 1661): update thread list
D/dalvikvm( 1661): threadid=25: interp stack at 0x515a6000
D/dalvikvm( 1661): threadid=25: created from interp
D/dalvikvm( 1661): start new thread
D/dalvikvm( 1661): threadid=25: notify debugger
D/dalvikvm( 1661): threadid=25 (Thread-165): calling run()
D/scan    ( 1661): CalculateMd5Thread start
D/dalvikvm( 1661): GC_FOR_ALLOC freed 171K, 25% free 5869K/7735K, paused 26ms, total 26ms
I/dalvikvm-heap( 1661): Grow heap (frag case) to 6.206MB for 131088-byte allocation
D/dalvikvm( 1661): GC_FOR_ALLOC freed <1K, 25% free 5997K/7927K, paused 38ms, total 38ms
D/scan    ( 1661): scanning:com.keedor.app.pocketwordscollegeenglish21century
D/scan    ( 1661): scanning:com.qihoo360.mobilesafe.opti
D/scan    ( 1661): scanning:com.qihoo360.mobilesafe_mtk6573
D/scan    ( 1661): scanning:com.when.android.calendar365
D/scan    ( 1661): scanning:com.adobe.flashplayer
D/scan    ( 1661): scanning:com.adobe.reader
D/scan    ( 1661): scanning:com.rovio.angrybirdsspace.ads
V/AlarmManager(  429): Native set alarm :Alarm{417cac60 type 2 com.android.phone}
I/AlarmManager(  429): reset poweroff alarm none
V/ActivityManager(  429): Broadcast: Intent { act=com.google.android.intent.action.SEND_IDLE flg=0x14 (has extras) } ordered=true userid=0
D/BroadcastQueue(  429): BDC-Delivered broadcast: Intent { act=com.google.android.intent.action.SEND_IDLE flg=0x14 (has extras) }, ordered=true, filter=BroadcastFilter{41eface8 ReceiverList{41efc3d0 710 com.google.process.gapps/10008 remote:41f016f8}}, receiver=android.os.BinderProxy@41f016f8
D/ActivityThread(  710): BDC-Calling onReceive: intent=Intent { act=com.google.android.intent.action.SEND_IDLE flg=0x14 (has extras) }, ordered=true, receiver=com.google.android.gsf.gtalkservice.Alarm@41155338, IIntentReceiver=411f7ae0
D/IPCThreadState(  429): [DN #5] BR_CLEAR_DEATH_NOTIFICATION_DONE cookie 0x57e7f070
D/ActivityThread(  710): BDC-Calling finishReceiver: IIntentReceiver=411f7ae0
D/ActivityManager(  429): BDC-Finishing receiver: android.os.BinderProxy@41f016f8
D/dalvikvm(  710): GC_EXPLICIT freed 228K, 33% free 3143K/4663K, paused 15ms+3ms, total 432ms
I/System.out(  710): [CDS]close[0]
V/Provider/Setting(  429): from settings cache , name = sys_free_storage_log_interval value = null
V/Provider/Setting(  429): from settings cache , name = disk_free_change_reporting_threshold value = null
D/scan    ( 1661): scanning:com.mx.browser
D/scan    ( 1661): scanning:com.baidu.searchbox
D/scan    ( 1661): scanning:com.baidu.BaiduMap
D/scan    ( 1661): scanning:com.baidu.browser.apps
D/scan    ( 1661): scanning:com.baidu.input
D/scan    ( 1661): scanning:stericson.busybox
D/scan    ( 1661): scanning:de.jooce.water
D/scan    ( 1661): scanning:com.theotino.chinadaily
D/scan    ( 1661): scanning:com.socialnmobile.dictapps.notepad.color.note
D/scan    ( 1661): scanning:com.dianping.v1
I/System.out( 2041): [socket][/10.2.155.203:36619] connected
I/System.out( 2041): [CDS]rx timeout:30000
I/System.out( 2041): >doSendRequest
I/System.out( 2041): <doSendRequest
D/scan    ( 1661): scanning:com.didaenglish.reading
D/scan    ( 1661): scanning:com.dataviz.docstogo
D/dalvikvm( 2041): create interp thread : stack size=32KB
D/dalvikvm( 2041): create new thread
D/dalvikvm( 2041): new thread created
D/dalvikvm( 2041): update thread list
D/dalvikvm( 2041): threadid=13: interp stack at 0x520d5000
D/dalvikvm( 2041): threadid=13: created from interp
D/dalvikvm( 2041): start new thread
D/dalvikvm( 2041): threadid=13: notify debugger
D/dalvikvm( 2041): threadid=13 (Thread-186): calling run()
D/MobileDataStateTracker(  429): default: getNetworkInfo: updated IsAvailable=true
D/MobileDataStateTracker(  429): default: getNetworkInfo: updated IsAvailable=true
D/ConnectivityService(  429): getActiveNetworkInfo:NetworkInfo: type: mobile[HSPA], state: CONNECTED/CONNECTED, reason: psRestrictEnabled, extra: uninet, roaming: false, failover: false, isAvailable: true, simId: 1/10039
I/System.out( 2041): httpget:http://cloud6.uuserv10.com/app_update?method=update&appId=50007960&versionCode=2012042001&cmsVersion=0&webDomain=http%3A%2F%2Fapp001.lewaos.com%2F&vcode=2012042001&os=4.1.2&screen=540*960&imei=868652011852349&sim=89860112351103051747&net=uninet&brand=AMOI&model=AMOI%20N821&apkid=50007960&chanid=8&client_type=1&session_id=6WuQBmdElY
I/System.out( 2041): http://cloud6.uuserv10.com/app_update?method=update&appId=50007960&versionCode=2012042001&cmsVersion=0&webDomain=http%3A%2F%2Fapp001.lewaos.com%2F&vcode=2012042001&os=4.1.2&screen=540*960&imei=868652011852349&sim=89860112351103051747&net=uninet&brand=AMOI&model=AMOI%20N821&apkid=50007960&chanid=8&client_type=1&session_id=6WuQBmdElY
D/MobileDataStateTracker(  429): default: getNetworkInfo: updated IsAvailable=true
D/MobileDataStateTracker(  429): default: getNetworkInfo: updated IsAvailable=true
D/ConnectivityService(  429): getActiveNetworkInfo:NetworkInfo: type: mobile[HSPA], state: CONNECTED/CONNECTED, reason: psRestrictEnabled, extra: uninet, roaming: false, failover: false, isAvailable: true, simId: 1/10039
D/dalvikvm( 2041): create interp thread : stack size=32KB
D/dalvikvm( 2041): create new thread
D/dalvikvm( 2041): new thread created
D/dalvikvm( 2041): update thread list
D/dalvikvm( 2041): threadid=15: interp stack at 0x521f5000
D/dalvikvm( 2041): threadid=15: created from interp
D/dalvikvm( 2041): start new thread
D/dalvikvm( 2041): threadid=15: notify debugger
D/dalvikvm( 2041): threadid=15 (RefQueueWorker@org.apache.http.impl.conn.tsccm.ConnPoolByRoute@411fc4c0): calling run()
I/System.out( 2041): propertyValue:true
I/System.out( 2041): [socket][3] connection /211.151.167.52:80;LocalPort=56852(60000)
I/System.out( 2041): [CDS]connect[/211.151.167.52:80] tm:60
D/Posix   ( 2041): [Posix_connect Debug]Process com.uucun50000868.android.cms :80 
I/System.out( 2041): [socket][/10.2.155.203:56852] connected
I/System.out( 2041): [CDS]rx timeout:30000
I/System.out( 2041): >doSendRequest
I/System.out( 2041): <doSendRequest
D/dalvikvm( 2041): create interp thread : stack size=32KB
D/dalvikvm( 2041): create new thread
D/dalvikvm( 2041): new thread created
D/dalvikvm( 2041): update thread list
D/dalvikvm( 2041): threadid=17: interp stack at 0x52405000
D/dalvikvm( 2041): threadid=17: created from interp
D/dalvikvm( 2041): start new thread
D/dalvikvm( 2041): threadid=17: notify debugger
D/dalvikvm( 2041): threadid=17 (Thread-188): calling run()
D/scan    ( 1661): scanning:com.dabing.emoj
D/scan    ( 1661): scanning:it.evilsocket.dsploit
D/scan    ( 1661): scanning:cn.com.fetion
D/scan    ( 1661): scanning:com.feinno.felio
D/scan    ( 1661): scanning:com.gamelion.ck
D/scan    ( 1661): scanning:com.dmitry.flycargo
D/scan    ( 1661): scanning:com.gau.go.launcherex.gowidget.contactwidget
D/scan    ( 1661): scanning:com.jb.gosms
D/scan    ( 1661): scanning:com.jb.gosmspro.theme.loveletter
D/scan    ( 1661): scanning:cn.fangcun
D/ActivityThread( 2041): SVC-Destroying service: com.uucun.android.update.service.UpdateMarketService@41111be8
D/ActivityThread( 2041): SVC-STOP_SERVICE handled : 0 / android.os.BinderProxy@4110f128
D/ActivityManager(  429): SVC-Executing service done: ServiceRecord{41780ff0 com.uucun50000868.android.cms/com.uucun.android.update.service.UpdateMarketService}, type=0, startId=0, res=0
D/dalvikvm( 2041): threadid=11: exiting
D/dalvikvm( 2041): threadid=11: bye!
D/dalvikvm( 2041): GC_EXPLICIT freed 909K, 33% free 2776K/4087K, paused 2ms+2ms, total 145ms
I/System.out( 2041): [CDS]close[36619]
I/System.out( 2041): close [socket][/0.0.0.0:36619]
D/dalvikvm( 2041): threadid=14: exiting
D/dalvikvm( 2041): threadid=16: exiting
D/dalvikvm( 2041): threadid=14: bye!
D/dalvikvm( 2041): threadid=16: bye!
I/System.out( 2041): [CDS]close[49016]
I/System.out( 2041): close [socket][/0.0.0.0:49016]
D/dalvikvm( 2041): threadid=12: exiting
D/dalvikvm( 2041): threadid=12: bye!
I/System.out( 2041): [CDS]close[59917]
I/System.out( 2041): close [socket][/0.0.0.0:59917]
D/dalvikvm( 2041): threadid=15: exiting
D/dalvikvm( 2041): threadid=15: bye!
I/System.out( 2041): [CDS]close[56852]
I/System.out( 2041): close [socket][/0.0.0.0:56852]
I/System.out( 2041): propertyValue:true
D/MobileDataStateTracker(  429): default: getNetworkInfo: updated IsAvailable=true
D/MobileDataStateTracker(  429): default: getNetworkInfo: updated IsAvailable=true
D/ConnectivityService(  429): getActiveNetworkInfo:NetworkInfo: type: mobile[HSPA], state: CONNECTED/CONNECTED, reason: psRestrictEnabled, extra: uninet, roaming: false, failover: false, isAvailable: true, simId: 1/10039
D/dalvikvm( 2041): threadid=13: exiting
D/dalvikvm( 2041): threadid=13: bye!
D/MobileDataStateTracker(  429): default: getNetworkInfo: updated IsAvailable=true
D/MobileDataStateTracker(  429): default: getNetworkInfo: updated IsAvailable=true
D/ConnectivityService(  429): getActiveNetworkInfo:NetworkInfo: type: mobile[HSPA], state: CONNECTED/CONNECTED, reason: psRestrictEnabled, extra: uninet, roaming: false, failover: false, isAvailable: true, simId: 1/10039
D/dalvikvm( 2041): threadid=17: exiting
D/dalvikvm( 2041): threadid=17: bye!
D/dalvikvm(  513): GC_EXPLICIT freed 378K, 40% free 8801K/14583K, paused 2ms+19ms, total 104ms
V/Provider/Setting(  429): from settings cache , name = location_providers_allowed value = 
D/scan    ( 1661): scanning:com.wwdev.rebooter
D/scan    ( 1661): scanning:com.dolphin.browser.cn
D/scan    ( 1661): scanning:com.example.hellojni
D/scan    ( 1661): scanning:com.example.neon
D/scan    ( 1661): scanning:com.jiepang.android
D/scan    ( 1661): scanning:com.jingdong.app.mall
D/scan    ( 1661): scanning:com.sql.game.opensudoku
D/scan    ( 1661): scanning:cn.ss.opensudoku
D/scan    ( 1661): scanning:com.ljwan12.shudu
D/scan    ( 1661): scanning:fm.jihua.kecheng
D/scan    ( 1661): scanning:com.alensw.PicFolder
D/scan    ( 1661): scanning:com.kugou.android
D/scan    ( 1661): scanning:com.lbe.security
D/scan    ( 1661): scanning:com.wumii.android.SITE.app2pDu
D/scan    ( 1661): scanning:com.hy.minifetion
D/scan    ( 1661): scanning:com.mxtech.videoplayer.pro
D/scan    ( 1661): scanning:cz.romario.opensudoku
D/scan    ( 1661): scanning:com.oupeng.mini.android
D/scan    ( 1661): scanning:com.sina.weibo.newyear
D/scan    ( 1661): scanning:com.tencent.mobileqq
D/scan    ( 1661): scanning:com.tencent.minihd.qq
D/scan    ( 1661): scanning:com.tencent.hd.qq
D/scan    ( 1661): scanning:com.tencent.research.drop
D/scan    ( 1661): scanning:com.tencent.qqgame
D/scan    ( 1661): scanning:com.qzone
D/scan    ( 1661): scanning:com.qq.reader
D/scan    ( 1661): scanning:com.tencent.qqmusic
D/scan    ( 1661): scanning:com.likeapp.sukudo
D/scan    ( 1661): scanning:com.speedsoftware.rootexplorer
D/scan    ( 1661): scanning:com.renren.mobile.android
D/scan    ( 1661): scanning:com.robotinvader.fooding
D/scan    ( 1661): scanning:com.shanbay.words
D/scan    ( 1661): scanning:com.tencent.qqpimsecure
D/scan    ( 1661): scanning:com.sinovatech.unicom.ui
D/scan    ( 1661): scanning:com.tencent.benchmark
D/scan    ( 1661): scanning:ljr.Watcher
D/scan    ( 1661): scanning:com.djinnworks.StickStuntBiker2.free
D/scan    ( 1661): scanning:org.dayup.gnotes.lewa
D/scan    ( 1661): scanning:com.taobao.taobao
D/scan    ( 1661): scanning:com.taobao.munion.apk
D/scan    ( 1661): scanning:com.imangi.templerun
D/scan    ( 1661): scanning:com.qq.AppService
D/scan    ( 1661): scanning:com.ea.tetrisblitz_row
D/scan    ( 1661): scanning:com.firemaplegames.thelostcity
D/scan    ( 1661): scanning:com.sds.android.ttpod
D/scan    ( 1661): scanning:com.UCMobile
D/scan    ( 1661): scanning:viva.reader
D/scan    ( 1661): scanning:com.netease.mobimail
D/scan    ( 1661): scanning:com.tencent.mm
D/scan    ( 1661): scanning:com.sina.weibo
D/scan    ( 1661): scanning:com.android.wifiin
D/scan    ( 1661): scanning:com.mydream.wifi
D/scan    ( 1661): scanning:vStudio.Android.Camera360
D/scan    ( 1661): scanning:com.tencent.android.qqdownloader
D/scan    ( 1661): scanning:one.hh.oneclient
D/scan    ( 1661): scanning:com.lectek.android.ecp
D/scan    ( 1661): scanning:com.youdao.note
D/scan    ( 1661): scanning:com.youdao.dict
D/scan    ( 1661): scanning:com.youku.phone
D/scan    ( 1661): scanning:com.chaozh.iReaderFree15
D/scan    ( 1661): scanning:com.alipay.android.app
D/scan    ( 1661): scanning:com.eg.android.AlipayGphone
D/scan    ( 1661): scanning:com.xinmei365.font
D/scan    ( 1661): scanning:com.sankuai.meituan
D/scan    ( 1661): scanning:com.google.android.location
D/scan    ( 1661): scanning:com.lewa.systemclean
D/scan    ( 1661): scanning:com.lewa.providers.location
D/scan    ( 1661): scanning:com.android.defcontainer
D/scan    ( 1661): scanning:com.lewa.netmgr.adjust
D/scan    ( 1661): scanning:com.android.phone
D/scan    ( 1661): scanning:com.mediatek.theme.mocha
D/scan    ( 1661): scanning:com.android.providers.calendar
D/scan    ( 1661): scanning:com.mediatek.atci.service
D/scan    ( 1661): scanning:com.android.providers.downloads.ui
D/scan    ( 1661): scanning:com.mediatek.videoplayer
D/scan    ( 1661): scanning:com.android.vpndialogs
D/scan    ( 1661): scanning:com.android.providers.media
D/scan    ( 1661): scanning:com.mediatek.bluetooth
D/scan    ( 1661): scanning:com.lewa.launcher
D/scan    ( 1661): scanning:com.android.settings
D/scan    ( 1661): scanning:com.android.ActivityNetwork
D/scan    ( 1661): scanning:com.mediatek.calendarimporter
D/scan    ( 1661): scanning:com.lewa.spm
D/scan    ( 1661): scanning:com.lewa.cleanmemory
D/scan    ( 1661): scanning:com.android.providers.drm
D/scan    ( 1661): scanning:com.android.musicvis
D/scan    ( 1661): scanning:com.android.exchange
D/scan    ( 1661): scanning:com.mediatek.theme.mint
D/scan    ( 1661): scanning:com.android.providers.telephony
D/scan    ( 1661): scanning:com.mediatek.CellConnService
D/scan    ( 1661): scanning:com.svox.pico
D/scan    ( 1661): scanning:com.android.providers.settings
D/scan    ( 1661): scanning:com.android.providers.downloads
D/scan    ( 1661): scanning:lewa
D/scan    ( 1661): scanning:com.mediatek.FMRadio
D/scan    ( 1661): scanning:com.lewa.security
D/scan    ( 1661): scanning:com.lewa.filemanager
D/scan    ( 1661): scanning:com.android.phasebeam
D/scan    ( 1661): scanning:com.mediatek.vlw
D/scan    ( 1661): scanning:com.mediatek.android.location
D/scan    ( 1661): scanning:com.google.android.onetimeinitializer
D/scan    ( 1661): scanning:com.mediatek.GoogleOta
D/scan    ( 1661): scanning:com.mediatek.googleota.sysoper
D/scan    ( 1661): scanning:com.android.stk
D/scan    ( 1661): scanning:com.mediatek.videofavorites
D/scan    ( 1661): scanning:com.uucun50000868.android.cms
D/scan    ( 1661): scanning:com.lewa.providers.mmsfavorite
D/scan    ( 1661): scanning:com.lewa.pond
D/scan    ( 1661): scanning:com.mediatek
D/scan    ( 1661): scanning:android
D/scan    ( 1661): scanning:com.android.providers.contacts
D/scan    ( 1661): scanning:com.google.android.apps.uploader
D/scan    ( 1661): scanning:com.android.providers.applications
D/scan    ( 1661): scanning:com.lewa.push
D/scan    ( 1661): scanning:com.android.simmelock
D/scan    ( 1661): scanning:com.android.keychain
D/scan    ( 1661): scanning:com.dolphin.browser.tuna
D/scan    ( 1661): scanning:com.android.wallpaper
D/scan    ( 1661): scanning:com.mediatek.engineermode
D/scan    ( 1661): scanning:com.google.android.gsf
D/scan    ( 1661): scanning:com.lewa.PIM
D/scan    ( 1661): scanning:com.gexin.rom
D/scan    ( 1661): scanning:com.lewa.labi
D/scan    ( 1661): scanning:com.mediatek.StkSelection
D/scan    ( 1661): scanning:com.google.android.syncadapters.contacts
D/scan    ( 1661): scanning:com.google.android.backup
D/scan    ( 1661): scanning:com.lewa.thememanager
D/scan    ( 1661): scanning:com.mediatek.lbs.em
D/scan    ( 1661): scanning:com.android.calculator2
D/scan    ( 1661): scanning:com.android.htmlviewer
D/scan    ( 1661): scanning:com.google.android.gsf.login
D/scan    ( 1661): scanning:com.lewa.cit
D/scan    ( 1661): scanning:com.android.sharedstoragebackup
D/scan    ( 1661): scanning:com.android.provision
D/scan    ( 1661): scanning:com.lewa.flashlight
D/scan    ( 1661): scanning:com.android.certinstaller
D/scan    ( 1661): scanning:com.mediatek.connectivity
D/scan    ( 1661): scanning:com.mediatek.theme.raspberry
D/scan    ( 1661): scanning:com.gexin.rom2
D/scan    ( 1661): scanning:com.android.gallery3d
D/scan    ( 1661): scanning:com.lewa.lewaguide
D/scan    ( 1661): scanning:com.android.wallpaper.livepicker
D/scan    ( 1661): scanning:com.lewa.updater
D/scan    ( 1661): scanning:com.google.android.tts
D/scan    ( 1661): scanning:com.android.noisefield
D/scan    ( 1661): scanning:com.android.email
D/scan    ( 1661): scanning:com.android.backupconfirm
D/scan    ( 1661): scanning:com.lewa.intercept
D/scan    ( 1661): scanning:com.android.magicsmoke
D/scan    ( 1661): scanning:com.lewa.themechooser
D/scan    ( 1661): scanning:com.android.soundrecorder
D/scan    ( 1661): scanning:com.android.inputmethod.latin
D/scan    ( 1661): scanning:com.google.android.partnersetup
D/scan    ( 1661): scanning:com.mediatek.omacp
D/scan    ( 1661): scanning:com.android.livewallpaper.microbesgl
D/scan    ( 1661): scanning:com.android.wallpaper.holospiral
D/scan    ( 1661): scanning:com.google.android.feedback
D/scan    ( 1661): scanning:com.lewa.antitheft
D/scan    ( 1661): scanning:com.android.providers.userdictionary
D/scan    ( 1661): scanning:com.mediatek.apst.target
D/scan    ( 1661): scanning:com.lewa.search
D/scan    ( 1661): scanning:com.android.galaxy4
D/scan    ( 1661): scanning:com.lewa.virusdefense
D/scan    ( 1661): scanning:com.google.android.syncadapters.calendar
D/scan    ( 1661): scanning:com.android.systemui
D/scan    ( 1661): scanning:com.lewa.permmanager
D/scan    ( 1661): scanning:com.lewa.player
D/scan    ( 1661): scanning:com.noshufou.android.su
D/scan    ( 1661): scanning:com.google.android.syncadapters.bookmarks
D/scan    ( 1661): scanning:com.android.deskclock
D/scan    ( 1661): scanning:com.lewa.netmgr
D/scan    ( 1661): scanning:com.lewa.packageinstaller
D/scan    ( 1661): scanning:com.android.stk2
D/scan    ( 1661): scanning:com.mediatek.ygps
D/scan    ( 1661): CalculateMd5Thread finished,Time cost:13482
D/dalvikvm( 1661): threadid=25: exiting
D/dalvikvm( 1661): threadid=25: bye!
D/[APP_SERVICE]( 1661): check upgrade start
D/MobileDataStateTracker(  429): default: getNetworkInfo: updated IsAvailable=true
D/MobileDataStateTracker(  429): default: getNetworkInfo: updated IsAvailable=true
D/ConnectivityService(  429): getActiveNetworkInfo:NetworkInfo: type: mobile[HSPA], state: CONNECTED/CONNECTED, reason: psRestrictEnabled, extra: uninet, roaming: false, failover: false, isAvailable: true, simId: 1/10079
D/MobileDataStateTracker(  429): default: getNetworkInfo: updated IsAvailable=true
D/MobileDataStateTracker(  429): default: getNetworkInfo: updated IsAvailable=true
D/ConnectivityService(  429): getActiveNetworkInfo:NetworkInfo: type: mobile[HSPA], state: CONNECTED/CONNECTED, reason: psRestrictEnabled, extra: uninet, roaming: false, failover: false, isAvailable: true, simId: 1/10079
D/dalvikvm( 1661): Trying to load lib /data/data/com.wandoujia.phoenix2/lib/libcipher.so 0x410f01b0
D/dalvikvm( 1661): Added shared lib /data/data/com.wandoujia.phoenix2/lib/libcipher.so 0x410f01b0
D/dalvikvm( 1661): No JNI_OnLoad found in /data/data/com.wandoujia.phoenix2/lib/libcipher.so 0x410f01b0, skipping init
D/BasicHttpApi( 1661): executing HttpRequest for: http://l.wandoujia.com/p/android?vc=3969&vn=3.26.1
D/TelephonyManager( 1661): getDefaultSim is sim2
D/dalvikvm( 1661): create interp thread : stack size=32KB
D/dalvikvm( 1661): create new thread
D/dalvikvm( 1661): new thread created
D/dalvikvm( 1661): update thread list
D/dalvikvm( 1661): threadid=25: interp stack at 0x515a6000
D/dalvikvm( 1661): threadid=25: created from interp
D/dalvikvm( 1661): start new thread
D/dalvikvm( 1661): threadid=25: notify debugger
D/dalvikvm( 1661): threadid=25 (RefQueueWorker@org.apache.http.impl.conn.tsccm.ConnPoolByRoute@41505020): calling run()
D/dalvikvm( 1661): GC_CONCURRENT freed 1424K, 24% free 6077K/7927K, paused 11ms+3ms, total 77ms
D/dalvikvm( 1661): WAIT_FOR_CONCURRENT_GC blocked 14ms
D/dalvikvm( 1661): GC_FOR_ALLOC freed 140K, 23% free 6148K/7927K, paused 26ms, total 26ms
D/dalvikvm( 1661): GC_FOR_ALLOC freed 284K, 26% free 6024K/8055K, paused 27ms, total 27ms
D/dalvikvm( 1661): GC_FOR_ALLOC freed 547K, 24% free 6132K/8055K, paused 31ms, total 31ms
I/dalvikvm-heap( 1661): Grow heap (frag case) to 6.431MB for 99416-byte allocation
D/dalvikvm( 1661): GC_FOR_ALLOC freed 107K, 26% free 6121K/8183K, paused 26ms, total 26ms
D/dalvikvm( 1661): GC_FOR_ALLOC freed 211K, 26% free 6129K/8183K, paused 26ms, total 26ms
D/BasicHttpApi( 1661): executing HttpRequest for: http://portal.wandoujia.com/app/getUpdateMobile.php?f=phoenix2&v=3.26.1&vc=3969&u=4b7b5b478c2f44b79af4c058aa0776b51ca6d70b&ch=wandoujia_pc_qq_guard
I/System.out( 1661): propertyValue:true
I/System.out( 1661): [socket][0] connection /125.39.24.93:80;LocalPort=44912(10000)
I/System.out( 1661): [CDS]connect[/125.39.24.93:80] tm:10
D/Posix   ( 1661): [Posix_connect Debug]Process com.wandoujia.phoenix2 :80 
I/System.out( 1661): propertyValue:true
I/System.out( 1661): [socket][1] connection /125.39.223.218:80;LocalPort=41870(10000)
I/System.out( 1661): [CDS]connect[/125.39.223.218:80] tm:10
D/Posix   ( 1661): [Posix_connect Debug]Process com.wandoujia.phoenix2 :80 
I/System.out( 1661): [socket][/10.2.155.203:44912] connected
I/System.out( 1661): [CDS]rx timeout:20000
I/System.out( 1661): >doSendRequest
I/System.out( 1661): <doSendRequest
I/System.out( 1661): [socket][/10.2.155.203:41870] connected
I/System.out( 1661): [CDS]rx timeout:20000
I/System.out( 1661): >doSendRequest
I/System.out( 1661): <doSendRequest
D/dalvikvm( 1661): create interp thread : stack size=32KB
D/dalvikvm( 1661): create new thread
D/dalvikvm( 1661): new thread created
D/dalvikvm( 1661): update thread list
D/dalvikvm( 1661): threadid=26: interp stack at 0x531f6000
D/dalvikvm( 1661): threadid=26: created from interp
D/dalvikvm( 1661): start new thread
D/dalvikvm( 1661): threadid=26: notify debugger
D/dalvikvm( 1661): threadid=26 (pool-1-1-thread-1): calling run()
D/dalvikvm(  636): GC_EXPLICIT freed 63K, 34% free 3733K/5623K, paused 2ms+3ms, total 27ms
V/Provider/Setting(  429): from settings cache , name = reboot_interval value = null
D/InputReader(  429): InputReader::monitor: lock
D/InputReader(  429): InputReader::monitor: wait 
D/InputReader(  429): InputReader::monitor: unlock
D/InputReader(  429): InputReader::monitor: done
D/ADB_SERVICES(  130): adb fdevent_process list (30) 
W/ADB_SERVICES(  130): create_local_service_socket() name=shell:export ANDROID_LOG_TAGS="" ; exec logcat debug
D/ADB_SERVICES(  130): Calling send_ready local=16808, remote=5627
D/ADB_SERVICES(  130): adb local_socket_ready list (82) 
D/ADB_SERVICES(  130): adb socket read list (82) 
D/ADB_SERVICES(  130): read_data=124
D/ADB_SERVICES(  130): max_read_time=0.000050 max_send_time=0.000030 
D/ADB_SERVICES(  130): adb fdevent_process list (82) (30) 
W/ADB_SERVICES(  130): create_local_service_socket() name=sync:
D/ADB_SERVICES(  130): Calling send_ready local=16809, remote=5639
D/ADB_SERVICES(  130): adb local_socket_ready list (82) (88) 
D/ADB_SERVICES(  130): adb socket read list (82) 
D/ADB_SERVICES(  130): read_data=458027
D/ADB_SERVICES(  130): max_read_time=0.000047 max_send_time=0.000052 
D/ADB_SERVICES(  130): Calling send_ready local=16809, remote=5639
D/ADB_SERVICES(  130): Calling send_ready local=16809, remote=5639
D/ADB_SERVICES(  130): Calling send_ready local=16809, remote=5639
D/ADB_SERVICES(  130): Calling send_ready local=16809, remote=5639
D/ADB_SERVICES(  130): Calling send_ready local=16809, remote=5639
D/ADB_SERVICES(  130): Calling send_ready local=16809, remote=5639
W/ADB_SERVICES(  130): readx: fd=89 disconnected
W/ADB_SERVICES(  130): writex: fd=89 error 32: Broken pipe
W/ADB_SERVICES(  130): create_local_service_socket() name=sync:
D/ADB_SERVICES(  130): Calling send_ready local=16810, remote=5641
D/ADB_SERVICES(  130): Calling send_ready local=16810, remote=5641
D/ADB_SERVICES(  130): Calling send_ready local=16810, remote=5641
D/ADB_SERVICES(  130): Calling send_ready local=16810, remote=5641
D/ADB_SERVICES(  130): Calling send_ready local=16810, remote=5641
D/ADB_SERVICES(  130): Calling send_ready local=16810, remote=5641
D/ADB_SERVICES(  130): Calling send_ready local=16810, remote=5641
W/ADB_SERVICES(  130): readx: fd=89 disconnected
W/ADB_SERVICES(  130): writex: fd=89 error 32: Broken pipe
W/ADB_SERVICES(  130): create_local_service_socket() name=sync:
D/ADB_SERVICES(  130): Calling send_ready local=16811, remote=5643
D/ADB_SERVICES(  130): Calling send_ready local=16811, remote=5643
D/ADB_SERVICES(  130): Calling send_ready local=16811, remote=5643
D/ADB_SERVICES(  130): Calling send_ready local=16811, remote=5643
D/ADB_SERVICES(  130): Calling send_ready local=16811, remote=5643
D/ADB_SERVICES(  130): Calling send_ready local=16811, remote=5643
D/ADB_SERVICES(  130): Calling send_ready local=16811, remote=5643
W/ADB_SERVICES(  130): readx: fd=89 disconnected
W/ADB_SERVICES(  130): writex: fd=89 error 32: Broken pipe
W/ADB_SERVICES(  130): create_local_service_socket() name=shell:chmod 777 /dev/inject
D/ADB_SERVICES(  130): Calling send_ready local=16812, remote=5645
D/ADB_SERVICES(  130):  closing because is_eof=1 r=-1 s->fde.force_eof=0
W/ADB_SERVICES(  130): create_local_service_socket() name=shell:./dev/inject
D/ADB_SERVICES(  130): Calling send_ready local=16813, remote=5648
D/inject  ( 2180): [+] Injecting process: 400
D/inject  ( 2180): [+] get_remote_addr: local[40099000], remote[400e6000]
D/inject  ( 2180): [+] Remote mmap address: 4010a350
D/inject  ( 2180): [+] Calling mmap in target process.
D/inject  ( 2180): [+] Target process returned from mmap, return value=401a4000, pc=0 
D/inject  ( 2180): [+] get_remote_addr: local[4006b000], remote[400b8000]
D/inject  ( 2180): [+] get_remote_addr: local[4006b000], remote[400b8000]
D/inject  ( 2180): [+] get_remote_addr: local[4006b000], remote[400b8000]
D/inject  ( 2180): [+] Get imports: dlopen: 400be08d, dlsym: 400bdff9, dlclose: 400bdf39
D/inject  ( 2180): [+] Inject code start: c008, end: c084
D/inject  ( 2180): [+] _dlopen_param1_s: 401a7c9c
D/inject  ( 2180): [+] _dlsym_param2_s: 401a7d9c
D/inject  ( 2180): [+] _saved_r0_pc_s: 401a7e9c
D/inject  ( 2180): [+] _inject_function_param_s: 401a7f9c
D/inject  ( 2180): [+] Remote shellcode address: 401a7c00
D/debug   (  400): Hello ARM! I'm parameter0520! pid:400
D/debug   (  400): find it 401a7bec
D/ADB_SERVICES(  130):  closing because is_eof=1 r=-1 s->fde.force_eof=0
V/Provider/Setting(  429): from settings cache , name = sys_free_storage_log_interval value = null
V/Provider/Setting(  429): from settings cache , name = disk_free_change_reporting_threshold value = null
D/dalvikvm(  513): GC_EXPLICIT freed 265K, 40% free 8800K/14583K, paused 1ms+5ms, total 34ms
D/IPCThreadState(  429): [DN #5] BR_CLEAR_DEATH_NOTIFICATION_DONE cookie 0x4f507368
V/AlarmManager(  429): Native set alarm :Alarm{4187a3a0 type 1 com.baidu.searchbox}
I/AlarmManager(  429): reset poweroff alarm none
V/ActivityManager(  429): Broadcast: Intent { act=com.baidu.searchbox.action.TIME_TICK cat=[com.baidu.searchbox.category.QSearch] flg=0x14 pkg=com.baidu.searchbox (has extras) } ordered=true userid=0
V/AlarmManager(  429): Native set alarm :Alarm{41328b40 type 3 android}
I/AlarmManager(  429): reset poweroff alarm none
V/ActivityManager(  429): Broadcast: Intent { act=android.intent.action.TIME_TICK flg=0x40000014 (has extras) } ordered=true userid=0
D/dalvikvm(  429): open_cached_dex_file : /data/app/com.baidu.searchbox-1.apk /data/dalvik-cache/data@app@com.baidu.searchbox-1.apk@classes.dex
D/BroadcastQueue(  429): BDC-Delivered broadcast: Intent { act=com.baidu.searchbox.action.TIME_TICK cat=[com.baidu.searchbox.category.QSearch] flg=0x14 pkg=com.baidu.searchbox cmp=com.baidu.searchbox/.widget.QuickSearchWidgetProvider (has extras) }, ordered=true, app=ProcessRecord{41f3fe08 1611:com.baidu.searchbox/u0a140}, receiver=android.os.BinderProxy@41a0acd0
D/ActivityThread( 1611): BDC-Calling onReceive: intent=Intent { act=com.baidu.searchbox.action.TIME_TICK cat=[com.baidu.searchbox.category.QSearch] flg=0x14 pkg=com.baidu.searchbox cmp=com.baidu.searchbox/.widget.QuickSearchWidgetProvider (has extras) }, ordered=true, receiver=com.baidu.searchbox.widget.QuickSearchWidgetProvider@41147008
D/dalvikvm(  636): GC_EXPLICIT freed 50K, 34% free 3735K/5623K, paused 3ms+3ms, total 31ms
V/Provider/Setting(  429): from settings cache , name = reboot_interval value = null
D/InputReader(  429): InputReader::monitor: lock
D/InputReader(  429): InputReader::monitor: wait 
D/InputReader(  429): InputReader::monitor: unlock
D/InputReader(  429): InputReader::monitor: done
V/Provider/Setting(  429): from settings cache , name = sys_free_storage_log_interval value = null
V/Provider/Setting(  429): from settings cache , name = disk_free_change_reporting_threshold value = null
V/Provider/Setting(  429): from settings cache , name = location_providers_allowed value = 
D/dalvikvm(  513): GC_EXPLICIT freed 247K, 40% free 8799K/14583K, paused 2ms+4ms, total 33ms
V/Provider/Setting(  429): from settings cache , name = powerchargingval_usb value = 74,72,67,67,67,67,83,178,527,312,353,2634,193,114,165,131,141,107,225,119,71,233,251,90,64,76,86,82,105,66,198,324,83,630,91,107,87,98,209,252,238,267,275,283,189,274,294,271,192,146,354,249,249,329,247,177,194,158,156,147,112,104,111,81,104,86,117,94,132,112,219,216,206,173,207,207,220,187,255,153,198,670,160,341,366,263,226,502,741,207,202,60,60,60,59,60,60,60,60,85,3446,
I/BatteryService(  429): sendIntent mBootCompleted=true
I/BatteryService(  429): sendIntent mBatteryEstimationChargeTime=3446
V/ActivityManager(  429): Broadcast sticky: Intent { act=android.intent.action.BATTERY_CHANGED flg=0x60000010 (has extras) } ordered=false userid=0
I/KeyguardUpdateMonitor(  429): ACTION_BATTERY_CHANGED, status=5,plugged=2, level=100, health=2
D/UsbDeviceManager(  429): onReceive - ACTION_BATTERY_CHANGED - mPlugType: 2, mSettingUsbCharging: false, mConnected: true, mSettingUsbBicr: false
D/Bluetooth HS/HF(  636): [BT][HFG] [API] mStateReceiver.onReceive(android.intent.action.BATTERY_CHANGED)
D/Bluetooth HS/HF(  636): [BT][HFG] [API] mHandler.handleMessage(9)
D/Bluetooth HS/HF(  636): [BT][HFG] [API] updateBatteryState
V/Provider/Setting(  513): from settings cache , name = powerlowwarningval value = null
D/PowerUI (  513): action = android.intent.action.BATTERY_CHANGED
D/PowerUI (  513): Intent start() ret = false mHideLowBDialog= true
D/PowerUI (  513): oldBatteryLevel = 100mBatteryLevel = 100
D/PowerUI (  513): dismissLowBatteryWarning***************
D/ADB_SERVICES(  130): adb fdevent_process list (82) (30) (88) 
W/ADB_SERVICES(  130): create_local_service_socket() name=shell:cat \proc\400\maps
D/ADB_SERVICES(  130): Calling send_ready local=16814, remote=5687
D/ADB_SERVICES(  130): adb local_socket_ready list (82) (88) 
D/ADB_SERVICES(  130): adb socket read list (82) (88) 
D/ADB_SERVICES(  130): read_data=3890
D/ADB_SERVICES(  130): max_read_time=0.000050 max_send_time=0.000186 
D/ADB_SERVICES(  130):  closing because is_eof=1 r=1 s->fde.force_eof=0
I/ActivityManager(  429): monitor Broadcast ANR process (1611)
D/ActivityManager(  429): Timeout binder: 1611:1611->400:0 1:read 1611:1611 to 400:0 spends 2000 ms (servicemanager) dex_code 1 start_at 43568.661 2013-05-21 13:18:00.010
D/ActivityManager(  429): Timeout binder: 429:624->1912:1956 3:rply 429:624 to 1912:1956 spends 2000 ms () dex_code 0 start_at 43495.791 2013-05-21 13:16:47.140
D/ActivityManager(  429): Timeout binder: 429:1391->1912:1951 3:rply 429:1391 to 1912:1951 spends 2000 ms () dex_code 0 start_at 43495.791 2013-05-21 13:16:47.140
D/ActivityManager(  429): Timeout binder: 429:700->1912:1950 3:rply 429:700 to 1912:1950 spends 2000 ms () dex_code 0 start_at 43495.791 2013-05-21 13:16:47.139
D/ActivityManager(  429): Timeout binder: 429:1389->1912:1954 3:rply 429:1389 to 1912:1954 spends 2000 ms () dex_code 0 start_at 43495.790 2013-05-21 13:16:47.139
D/ActivityManager(  429): Timeout binder: 429:1124->1079:0 1:read 429:1124 to 1079:0 spends 2000 ms () dex_code 42 start_at 43453.117 2013-05-21 13:16:04.466
D/ActivityManager(  429): Timeout binder: 32624:32624->32417:32678 2:exec 32624:32624 to 32417:32678 spends 4000 ms (activity) dex_code 36 start_at 43407.844 2013-05-21 13:15:19.123
D/ActivityManager(  429): Timeout binder: 32508:32508->32417:362 2:exec 32508:32508 to 32417:362 spends 4000 ms (activity) dex_code 12 start_at 43406.771 2013-05-21 13:15:18.051
D/ActivityManager(  429): Timeout binder: 32755:341->32417:32617 2:exec 32755:341 to 32417:32617 spends 4000 ms (activity) dex_code 63 start_at 43406.673 2013-05-21 13:15:17.952
D/ActivityManager(  429): Timeout binder: 335:335->32417:32619 2:exec 335:335 to 32417:32619 spends 4000 ms (activity) dex_code 17 start_at 43406.629 2013-05-21 13:15:17.909
D/ActivityManager(  429): Timeout binder: 32679:32679->32417:32417 2:exec 32679:32679 to 32417:32417 spends 4000 ms (location) dex_code 16 start_at 43406.543 2013-05-21 13:15:17.823
D/ActivityManager(  429): Timeout binder: 32679:328->32417:32674 2:exec 32679:328 to 32417:32674 spends 4000 ms (location) dex_code 16 start_at 43406.309 2013-05-21 13:15:17.589
D/ActivityManager(  429): Timeout binder: 31082:31843->31131:31416 2:exec 31082:31843 to 31131:31416 spends 4000 ms () dex_code 1 start_at 43211.284 2013-05-21 13:12:03.136
D/ActivityManager(  429): Timeout binder: 30915:31199->31445:0 1:read 30915:31199 to 31445:0 spends 2000 ms () dex_code 10 start_at 43209.829 2013-05-21 13:12:01.681
D/ActivityManager(  429): Timeout binder: 30915:31185->31531:31601 3:rply 30915:31185 to 31531:31601 spends 2000 ms () dex_code 0 start_at 43199.627 2013-05-21 13:11:51.480
D/ActivityManager(  429): Timeout binder: 30915:30927->31531:31597 3:rply 30915:30927 to 31531:31597 spends 2000 ms () dex_code 0 start_at 43199.622 2013-05-21 13:11:51.474
D/ActivityManager(  429): Timeout binder: 30915:31201->31531:31598 3:rply 30915:31201 to 31531:31598 spends 2000 ms () dex_code 0 start_at 43199.620 2013-05-21 13:11:51.472
D/ActivityManager(  429): Timeout binder: 30915:31110->31531:31600 3:rply 30915:31110 to 31531:31600 spends 2000 ms () dex_code 0 start_at 43199.619 2013-05-21 13:11:51.472
D/ActivityManager(  429): Timeout binder: 29389:29400->30589:0 1:read 29389:29400 to 30589:0 spends 2000 ms () dex_code 10 start_at 43070.382 2013-05-21 13:09:41.740
D/ActivityManager(  429): Timeout binder: 29547:30316->29592:29622 2:exec 29547:30316 to 29592:29622 spends 4000 ms () dex_code 1 start_at 43034.211 2013-05-21 13:09:05.568
D/ActivityManager(  429): Timeout binder: 29389:29760->30030:30073 3:rply 29389:29760 to 30030:30073 spends 2000 ms () dex_code 0 start_at 43027.335 2013-05-21 13:08:58.693
D/ActivityManager(  429): Timeout binder: 29389:29760->30030:30068 3:rply 29389:29760 to 30030:30068 spends 2000 ms () dex_code 0 start_at 43027.335 2013-05-21 13:08:58.692
D/ActivityManager(  429): Timeout binder: 29389:29760->30030:30069 3:rply 29389:29760 to 30030:30069 spends 2000 ms () dex_code 0 start_at 43027.334 2013-05-21 13:08:58.691
D/ActivityManager(  429): Timeout binder: 29389:29760->30030:30072 3:rply 29389:29760 to 30030:30072 spends 2000 ms () dex_code 0 start_at 43027.333 2013-05-21 13:08:58.691
D/ActivityManager(  429): Timeout binder: 29389:29760->30030:30071 3:rply 29389:29760 to 30030:30071 spends 2000 ms () dex_code 0 start_at 43027.333 2013-05-21 13:08:58.690
D/ActivityManager(  429): Timeout binder: 28116:28116->27853:27865 2:exec 28116:28116 to 27853:27865 spends 4000 ms (location) dex_code 16 start_at 42797.927 2013-05-21 13:05:09.291
D/ActivityManager(  429): Timeout binder: 364:382->26849:0 1:read 364:382 to 26849:0 spends 2000 ms () dex_code 23 start_at 38137.003 2013-05-21 11:47:27.021
D/ActivityManager(  429): Timeout binder: 364:382->26849:0 1:read 364:382 to 26849:0 spends 2000 ms () dex_code 23 start_at 38137.002 2013-05-21 11:47:27.021
D/ActivityManager(  429): Timeout binder: 26930:26944->26849:0 1:read 26930:26944 to 26849:0 spends 2000 ms () dex_code 2 start_at 38129.847 2013-05-21 11:47:19.866
D/ActivityManager(  429): Timeout binder: 26930:26943->26849:0 1:read 26930:26943 to 26849:0 spends 2000 ms () dex_code 2 start_at 38129.422 2013-05-21 11:47:19.441
D/ActivityManager(  429): Timeout binder: 26437:26451->26359:0 1:read 26437:26451 to 26359:0 spends 2000 ms () dex_code 2 start_at 36521.422 2013-05-21 11:20:31.440
D/ActivityManager(  429): Timeout binder: 26437:26450->26359:0 1:read 26437:26450 to 26359:0 spends 2000 ms () dex_code 2 start_at 36521.160 2013-05-21 11:20:31.179
D/ActivityManager(  429): Timeout binder: 364:382->25383:0 1:read 364:382 to 25383:0 spends 2000 ms () dex_code 23 start_at 34916.362 2013-05-21 10:53:46.380
D/ActivityManager(  429): Timeout binder: 364:382->25383:0 1:read 364:382 to 25383:0 spends 2000 ms () dex_code 23 start_at 34916.361 2013-05-21 10:53:46.380
